openjdk version "21.0.11" 2026-04-21
OpenJDK Runtime Environment (build 21.0.11+10-1-26.04.2-Ubuntu)
OpenJDK 64-Bit Server VM (build 21.0.11+10-1-26.04.2-Ubuntu, mixed mode)
INFO  Using log config file: jar:file:/fastdata/lavaulta/auto-re-agent/.tools/ghidra_12.1.2_PUBLIC/Ghidra/Framework/Generic/lib/Generic.jar!/generic.log4j.xml (LoggingInitialization)  
INFO  Using log file: /home/lavaulta/.config/ghidra/ghidra_12.1.2_PUBLIC/application.log (LoggingInitialization)  
INFO  Loading user preferences: /home/lavaulta/.config/ghidra/ghidra_12.1.2_PUBLIC/preferences (Preferences)  
INFO  Searching for classes... (ClassSearcher)  
INFO  Ignoring class 'xexloaderwv.XEXLoaderWVLoader' from '/fastdata/lavaulta/auto-re-agent/.tools/ghidra_12.1.2_PUBLIC/Ghidra/Extensions/XEXLoaderWV/lib/XEXLoaderWV.jar'. Already found at '/fastdata/lavaulta/auto-re-agent/.tools/ghidra_12.1.2_PUBLIC/Ghidra/patch/XEXLoaderWV-java21.jar'. (ClassSearcher)  
INFO  Class search complete (1619 ms) (ClassSearcher)  
INFO  Initializing SSL Context (DefaultSSLContextInitializer)  
INFO  Initializing Random Number Generator... (SecureRandomFactory)  
INFO  Random Number Generator initialization complete: NativePRNGNonBlocking (SecureRandomFactory)  
INFO  Trust manager disabled, cacerts have not been set (DefaultTrustManagerFactory)  
INFO  Headless startup complete (3356 ms) (AnalyzeHeadless)  
INFO  Class searcher loaded 59 extension points (20 false positives) (ClassSearcher)  
INFO  HEADLESS Script Paths:
    /fastdata/lavaulta/auto-re-agent/.tools/ghidra_12.1.2_PUBLIC/Ghidra/Features/MicrosoftCodeAnalyzer/ghidra_scripts
    /fastdata/lavaulta/auto-re-agent/.tools/ghidra_12.1.2_PUBLIC/Ghidra/Features/PDB/ghidra_scripts
    /fastdata/lavaulta/auto-re-agent/.tools/ghidra_12.1.2_PUBLIC/Ghidra/Processors/8051/ghidra_scripts
    /fastdata/lavaulta/auto-re-agent/.tools/ghidra_12.1.2_PUBLIC/Ghidra/Features/Base/ghidra_scripts
    /fastdata/lavaulta/auto-re-agent/workspaces/ace-combat-6/scripts
    /fastdata/lavaulta/auto-re-agent/.tools/ghidra_12.1.2_PUBLIC/Ghidra/Features/FileFormats/ghidra_scripts
    /fastdata/lavaulta/auto-re-agent/.tools/ghidra_12.1.2_PUBLIC/Ghidra/Features/GnuDemangler/ghidra_scripts
    /fastdata/lavaulta/auto-re-agent/.tools/ghidra_12.1.2_PUBLIC/Ghidra/Extensions/ghidra-emotionengine-reloaded/ghidra_scripts
    /fastdata/lavaulta/auto-re-agent/.tools/ghidra_12.1.2_PUBLIC/Ghidra/Features/Decompiler/ghidra_scripts
    /fastdata/lavaulta/auto-re-agent/.tools/ghidra_12.1.2_PUBLIC/Ghidra/Features/FunctionID/ghidra_scripts
    /fastdata/lavaulta/auto-re-agent/.tools/ghidra_12.1.2_PUBLIC/Ghidra/Features/DecompilerDependent/ghidra_scripts
    /fastdata/lavaulta/auto-re-agent/.tools/ghidra_12.1.2_PUBLIC/Ghidra/Processors/DATA/ghidra_scripts
    /fastdata/lavaulta/auto-re-agent/.tools/ghidra_12.1.2_PUBLIC/Ghidra/Debug/Debugger-rmi-trace/ghidra_scripts
    /fastdata/lavaulta/auto-re-agent/.tools/ghidra_12.1.2_PUBLIC/Ghidra/Features/SwiftDemangler/ghidra_scripts
    /fastdata/lavaulta/auto-re-agent/.tools/ghidra_12.1.2_PUBLIC/Ghidra/Debug/Debugger/ghidra_scripts
    /fastdata/lavaulta/auto-re-agent/.tools/ghidra_12.1.2_PUBLIC/Ghidra/Processors/PIC/ghidra_scripts
    /fastdata/lavaulta/auto-re-agent/.tools/ghidra_12.1.2_PUBLIC/Ghidra/Extensions/XEXLoaderWV/ghidra_scripts
    /fastdata/lavaulta/auto-re-agent/.tools/ghidra_12.1.2_PUBLIC/Ghidra/Features/WildcardAssembler/ghidra_scripts
    /fastdata/lavaulta/auto-re-agent/.tools/ghidra_12.1.2_PUBLIC/Ghidra/Features/PyGhidra/ghidra_scripts
    /fastdata/lavaulta/auto-re-agent/.tools/ghidra_12.1.2_PUBLIC/Ghidra/Features/BSim/ghidra_scripts
    /fastdata/lavaulta/auto-re-agent/.tools/ghidra_12.1.2_PUBLIC/Ghidra/Features/VersionTracking/ghidra_scripts
    /fastdata/lavaulta/auto-re-agent/.tools/ghidra_12.1.2_PUBLIC/Ghidra/Features/BytePatterns/ghidra_scripts
    /fastdata/lavaulta/auto-re-agent/.tools/ghidra_12.1.2_PUBLIC/Ghidra/Processors/Atmel/ghidra_scripts
    /fastdata/lavaulta/auto-re-agent/.tools/ghidra_12.1.2_PUBLIC/Ghidra/Features/SystemEmulation/ghidra_scripts
    /fastdata/lavaulta/auto-re-agent/.tools/ghidra_12.1.2_PUBLIC/Ghidra/Processors/JVM/ghidra_scripts (HeadlessAnalyzer)  
INFO  HEADLESS: execution starts (HeadlessAnalyzer)  
INFO  Opening existing project: /fastdata/lavaulta/auto-re-agent/workspaces/ace-combat-6/ghidra-projects/ace-combat-6-corrected (HeadlessAnalyzer)  
INFO  Opening project: /fastdata/lavaulta/auto-re-agent/workspaces/ace-combat-6/ghidra-projects/ace-combat-6-corrected (HeadlessProject)  
INFO  REPORT: Processing project file: /default.xex (HeadlessAnalyzer)  
INFO  REPORT: Execute script: DumpRange.java '0x821be268' '0x821be718'  (HeadlessAnalyzer)  
INFO  SCRIPT: /fastdata/lavaulta/auto-re-agent/workspaces/ace-combat-6/scripts/DumpRange.java (HeadlessAnalyzer)  
INFO  DumpRange.java> 821be268 mfspr r12,LR (GhidraScript)  
INFO  DumpRange.java> 821be26c bl 0x823864c0 (GhidraScript)  
INFO  DumpRange.java> 821be270 stwu r1,-0xf0(r1) (GhidraScript)  
INFO  DumpRange.java> 821be274 or r31,r3,r3 (GhidraScript)  
INFO  DumpRange.java> 821be278 or r30,r5,r5 (GhidraScript)  
INFO  DumpRange.java> 821be27c bl 0x821bbbb0 (GhidraScript)  
INFO  DumpRange.java> 821be280 cmpwi cr6,r30,0x0 (GhidraScript)  
INFO  DumpRange.java> 821be284 ble cr6,0x821be710 (GhidraScript)  
INFO  DumpRange.java> 821be288 lis r10,-0x7dfb (GhidraScript)  
INFO  DumpRange.java> 821be28c stw r30,0x50(r1) (GhidraScript)  
INFO  DumpRange.java> 821be290 lis r9,0x0 (GhidraScript)  
INFO  DumpRange.java> 821be294 addi r10,r10,0x42bc (GhidraScript)  
INFO  DumpRange.java> 821be298 addi r11,r31,0x4 (GhidraScript)  
INFO  DumpRange.java> 821be29c addi r5,r31,0x10 (GhidraScript)  
INFO  DumpRange.java> 821be2a0 li r6,0x1 (GhidraScript)  
INFO  DumpRange.java> 821be2a4 li r3,0x0 (GhidraScript)  
INFO  DumpRange.java> 821be2a8 lfs f0,0x540(r10) (GhidraScript)  
INFO  DumpRange.java> 821be2ac li r30,0x12 (GhidraScript)  
INFO  DumpRange.java> 821be2b0 lfs f13,0x0(r10) (GhidraScript)  
INFO  DumpRange.java> 821be2b4 li r14,0x13 (GhidraScript)  
INFO  DumpRange.java> 821be2b8 li r15,0x14 (GhidraScript)  
INFO  DumpRange.java> 821be2bc li r16,0x15 (GhidraScript)  
INFO  DumpRange.java> 821be2c0 li r17,0x16 (GhidraScript)  
INFO  DumpRange.java> 821be2c4 li r18,0x17 (GhidraScript)  
INFO  DumpRange.java> 821be2c8 li r25,0x4000 (GhidraScript)  
INFO  DumpRange.java> 821be2cc li r19,0x10 (GhidraScript)  
INFO  DumpRange.java> 821be2d0 ori r27,r9,0x8000 (GhidraScript)  
INFO  DumpRange.java> 821be2d4 li r20,0x11 (GhidraScript)  
INFO  DumpRange.java> 821be2d8 lis r28,0x1 (GhidraScript)  
INFO  DumpRange.java> 821be2dc li r21,0xa (GhidraScript)  
INFO  DumpRange.java> 821be2e0 lis r4,0x2 (GhidraScript)  
INFO  DumpRange.java> 821be2e4 li r22,0xb (GhidraScript)  
INFO  DumpRange.java> 821be2e8 lis r29,0x4 (GhidraScript)  
INFO  DumpRange.java> 821be2ec li r23,0xc (GhidraScript)  
INFO  DumpRange.java> 821be2f0 lis r26,0x8 (GhidraScript)  
INFO  DumpRange.java> 821be2f4 li r24,0xd (GhidraScript)  
INFO  DumpRange.java> 821be2f8 stb r6,-0x8(r5) (GhidraScript)  
INFO  DumpRange.java> 821be2fc lwz r10,-0x4(r5) (GhidraScript)  
INFO  DumpRange.java> 821be300 ori r10,r10,0x20 (GhidraScript)  
INFO  DumpRange.java> 821be304 stw r10,-0x4(r5) (GhidraScript)  
INFO  DumpRange.java> 821be308 lwz r10,0x1160(r31) (GhidraScript)  
INFO  DumpRange.java> 821be30c cmpwi cr6,r10,0x0 (GhidraScript)  
INFO  DumpRange.java> 821be310 bge cr6,0x821be318 (GhidraScript)  
INFO  DumpRange.java> 821be314 stw r3,0x1160(r31) (GhidraScript)  
INFO  DumpRange.java> 821be318 stb r6,-0x8(r5) (GhidraScript)  
INFO  DumpRange.java> 821be31c lwz r10,0x0(r5) (GhidraScript)  
INFO  DumpRange.java> 821be320 ori r10,r10,0x80 (GhidraScript)  
INFO  DumpRange.java> 821be324 stw r10,0x0(r5) (GhidraScript)  
INFO  DumpRange.java> 821be328 lwz r10,0x1160(r31) (GhidraScript)  
INFO  DumpRange.java> 821be32c cmpwi cr6,r10,0x1 (GhidraScript)  
INFO  DumpRange.java> 821be330 bge cr6,0x821be338 (GhidraScript)  
INFO  DumpRange.java> 821be334 stw r6,0x1160(r31) (GhidraScript)  
INFO  DumpRange.java> 821be338 stb r6,0x4(r11) (GhidraScript)  
INFO  DumpRange.java> 821be33c lwz r10,0x10(r11) (GhidraScript)  
INFO  DumpRange.java> 821be340 ori r10,r10,0x10 (GhidraScript)  
INFO  DumpRange.java> 821be344 stw r10,0x10(r11) (GhidraScript)  
INFO  DumpRange.java> 821be348 lwz r10,0x1160(r31) (GhidraScript)  
INFO  DumpRange.java> 821be34c cmpwi cr6,r10,0x2 (GhidraScript)  
INFO  DumpRange.java> 821be350 bge cr6,0x821be35c (GhidraScript)  
INFO  DumpRange.java> 821be354 li r10,0x2 (GhidraScript)  
INFO  DumpRange.java> 821be358 stw r10,0x1160(r31) (GhidraScript)  
INFO  DumpRange.java> 821be35c stb r6,0x4(r11) (GhidraScript)  
INFO  DumpRange.java> 821be360 lwz r10,0x14(r11) (GhidraScript)  
INFO  DumpRange.java> 821be364 ori r10,r10,0x40 (GhidraScript)  
INFO  DumpRange.java> 821be368 stw r10,0x14(r11) (GhidraScript)  
INFO  DumpRange.java> 821be36c lwz r10,0x1160(r31) (GhidraScript)  
INFO  DumpRange.java> 821be370 cmpwi cr6,r10,0x3 (GhidraScript)  
INFO  DumpRange.java> 821be374 bge cr6,0x821be380 (GhidraScript)  
INFO  DumpRange.java> 821be378 li r10,0x3 (GhidraScript)  
INFO  DumpRange.java> 821be37c stw r10,0x1160(r31) (GhidraScript)  
INFO  DumpRange.java> 821be380 stb r6,-0x8(r5) (GhidraScript)  
INFO  DumpRange.java> 821be384 lwz r10,0xc(r5) (GhidraScript)  
INFO  DumpRange.java> 821be388 ori r10,r10,0x400 (GhidraScript)  
INFO  DumpRange.java> 821be38c stw r10,0xc(r5) (GhidraScript)  
INFO  DumpRange.java> 821be390 lwz r10,0x1160(r31) (GhidraScript)  
INFO  DumpRange.java> 821be394 cmpwi cr6,r10,0x4 (GhidraScript)  
INFO  DumpRange.java> 821be398 bge cr6,0x821be3a4 (GhidraScript)  
INFO  DumpRange.java> 821be39c li r10,0x4 (GhidraScript)  
INFO  DumpRange.java> 821be3a0 stw r10,0x1160(r31) (GhidraScript)  
INFO  DumpRange.java> 821be3a4 stb r6,0x4(r11) (GhidraScript)  
INFO  DumpRange.java> 821be3a8 lwz r10,0x1c(r11) (GhidraScript)  
INFO  DumpRange.java> 821be3ac ori r10,r10,0x800 (GhidraScript)  
INFO  DumpRange.java> 821be3b0 stw r10,0x1c(r11) (GhidraScript)  
INFO  DumpRange.java> 821be3b4 lwz r10,0x1160(r31) (GhidraScript)  
INFO  DumpRange.java> 821be3b8 cmpwi cr6,r10,0x5 (GhidraScript)  
INFO  DumpRange.java> 821be3bc bge cr6,0x821be3c8 (GhidraScript)  
INFO  DumpRange.java> 821be3c0 li r10,0x5 (GhidraScript)  
INFO  DumpRange.java> 821be3c4 stw r10,0x1160(r31) (GhidraScript)  
INFO  DumpRange.java> 821be3c8 stb r6,0x4(r11) (GhidraScript)  
INFO  DumpRange.java> 821be3cc lwz r10,0x20(r11) (GhidraScript)  
INFO  DumpRange.java> 821be3d0 ori r10,r10,0x1 (GhidraScript)  
INFO  DumpRange.java> 821be3d4 stw r10,0x20(r11) (GhidraScript)  
INFO  DumpRange.java> 821be3d8 lwz r10,0x1160(r31) (GhidraScript)  
INFO  DumpRange.java> 821be3dc cmpwi cr6,r10,0x6 (GhidraScript)  
INFO  DumpRange.java> 821be3e0 bge cr6,0x821be3ec (GhidraScript)  
INFO  DumpRange.java> 821be3e4 li r10,0x6 (GhidraScript)  
INFO  DumpRange.java> 821be3e8 stw r10,0x1160(r31) (GhidraScript)  
INFO  DumpRange.java> 821be3ec stb r6,0x4(r11) (GhidraScript)  
INFO  DumpRange.java> 821be3f0 lwz r10,0x24(r11) (GhidraScript)  
INFO  DumpRange.java> 821be3f4 ori r10,r10,0x2 (GhidraScript)  
INFO  DumpRange.java> 821be3f8 stw r10,0x24(r11) (GhidraScript)  
INFO  DumpRange.java> 821be3fc lwz r10,0x1160(r31) (GhidraScript)  
INFO  DumpRange.java> 821be400 cmpwi cr6,r10,0x7 (GhidraScript)  
INFO  DumpRange.java> 821be404 bge cr6,0x821be410 (GhidraScript)  
INFO  DumpRange.java> 821be408 li r10,0x7 (GhidraScript)  
INFO  DumpRange.java> 821be40c stw r10,0x1160(r31) (GhidraScript)  
INFO  DumpRange.java> 821be410 stb r6,0x4(r11) (GhidraScript)  
INFO  DumpRange.java> 821be414 lwz r10,0x28(r11) (GhidraScript)  
INFO  DumpRange.java> 821be418 ori r10,r10,0x4 (GhidraScript)  
INFO  DumpRange.java> 821be41c stw r10,0x28(r11) (GhidraScript)  
INFO  DumpRange.java> 821be420 lwz r10,0x1160(r31) (GhidraScript)  
INFO  DumpRange.java> 821be424 cmpwi cr6,r10,0x8 (GhidraScript)  
INFO  DumpRange.java> 821be428 bge cr6,0x821be434 (GhidraScript)  
INFO  DumpRange.java> 821be42c li r10,0x8 (GhidraScript)  
INFO  DumpRange.java> 821be430 stw r10,0x1160(r31) (GhidraScript)  
INFO  DumpRange.java> 821be434 stb r6,0x4(r11) (GhidraScript)  
INFO  DumpRange.java> 821be438 lwz r10,0x2c(r11) (GhidraScript)  
INFO  DumpRange.java> 821be43c ori r10,r10,0x8 (GhidraScript)  
INFO  DumpRange.java> 821be440 stw r10,0x2c(r11) (GhidraScript)  
INFO  DumpRange.java> 821be444 lwz r10,0x1160(r31) (GhidraScript)  
INFO  DumpRange.java> 821be448 cmpwi cr6,r10,0x9 (GhidraScript)  
INFO  DumpRange.java> 821be44c bge cr6,0x821be458 (GhidraScript)  
INFO  DumpRange.java> 821be450 li r10,0x9 (GhidraScript)  
INFO  DumpRange.java> 821be454 stw r10,0x1160(r31) (GhidraScript)  
INFO  DumpRange.java> 821be458 stb r6,0x4(r11) (GhidraScript)  
INFO  DumpRange.java> 821be45c lwz r10,0x40(r11) (GhidraScript)  
INFO  DumpRange.java> 821be460 ori r10,r10,0x100 (GhidraScript)  
INFO  DumpRange.java> 821be464 stw r10,0x40(r11) (GhidraScript)  
INFO  DumpRange.java> 821be468 lwz r10,0x1160(r31) (GhidraScript)  
INFO  DumpRange.java> 821be46c cmpwi cr6,r10,0xe (GhidraScript)  
INFO  DumpRange.java> 821be470 bge cr6,0x821be47c (GhidraScript)  
INFO  DumpRange.java> 821be474 li r10,0xe (GhidraScript)  
INFO  DumpRange.java> 821be478 stw r10,0x1160(r31) (GhidraScript)  
INFO  DumpRange.java> 821be47c stb r6,0x4(r11) (GhidraScript)  
INFO  DumpRange.java> 821be480 lwz r10,0x44(r11) (GhidraScript)  
INFO  DumpRange.java> 821be484 ori r10,r10,0x200 (GhidraScript)  
INFO  DumpRange.java> 821be488 stw r10,0x44(r11) (GhidraScript)  
INFO  DumpRange.java> 821be48c lwz r10,0x1160(r31) (GhidraScript)  
INFO  DumpRange.java> 821be490 cmpwi cr6,r10,0xf (GhidraScript)  
INFO  DumpRange.java> 821be494 bge cr6,0x821be4a0 (GhidraScript)  
INFO  DumpRange.java> 821be498 li r10,0xf (GhidraScript)  
INFO  DumpRange.java> 821be49c stw r10,0x1160(r31) (GhidraScript)  
INFO  DumpRange.java> 821be4a0 stb r6,0x4(r11) (GhidraScript)  
INFO  DumpRange.java> 821be4a4 lwz r10,0x50(r11) (GhidraScript)  
INFO  DumpRange.java> 821be4a8 ori r10,r10,0x1000 (GhidraScript)  
INFO  DumpRange.java> 821be4ac stw r10,0x50(r11) (GhidraScript)  
INFO  DumpRange.java> 821be4b0 lwz r10,0x1160(r31) (GhidraScript)  
INFO  DumpRange.java> 821be4b4 cmpwi cr6,r10,0x12 (GhidraScript)  
INFO  DumpRange.java> 821be4b8 bge cr6,0x821be4c0 (GhidraScript)  
INFO  DumpRange.java> 821be4bc stw r30,0x1160(r31) (GhidraScript)  
INFO  DumpRange.java> 821be4c0 stb r6,0x4(r11) (GhidraScript)  
INFO  DumpRange.java> 821be4c4 lwz r10,0x54(r11) (GhidraScript)  
INFO  DumpRange.java> 821be4c8 ori r10,r10,0x2000 (GhidraScript)  
INFO  DumpRange.java> 821be4cc stw r10,0x54(r11) (GhidraScript)  
INFO  DumpRange.java> 821be4d0 lwz r10,0x1160(r31) (GhidraScript)  
INFO  DumpRange.java> 821be4d4 cmpwi cr6,r10,0x13 (GhidraScript)  
INFO  DumpRange.java> 821be4d8 bge cr6,0x821be4e0 (GhidraScript)  
INFO  DumpRange.java> 821be4dc stw r14,0x1160(r31) (GhidraScript)  
INFO  DumpRange.java> 821be4e0 stb r6,0x4(r11) (GhidraScript)  
INFO  DumpRange.java> 821be4e4 lwz r10,0x58(r11) (GhidraScript)  
INFO  DumpRange.java> 821be4e8 ori r10,r10,0x40 (GhidraScript)  
INFO  DumpRange.java> 821be4ec stw r10,0x58(r11) (GhidraScript)  
INFO  DumpRange.java> 821be4f0 lwz r10,0x1160(r31) (GhidraScript)  
INFO  DumpRange.java> 821be4f4 cmpwi cr6,r10,0x14 (GhidraScript)  
INFO  DumpRange.java> 821be4f8 bge cr6,0x821be500 (GhidraScript)  
INFO  DumpRange.java> 821be4fc stw r15,0x1160(r31) (GhidraScript)  
INFO  DumpRange.java> 821be500 stb r6,0x4(r11) (GhidraScript)  
INFO  DumpRange.java> 821be504 lwz r10,0x5c(r11) (GhidraScript)  
INFO  DumpRange.java> 821be508 ori r10,r10,0x40 (GhidraScript)  
INFO  DumpRange.java> 821be50c stw r10,0x5c(r11) (GhidraScript)  
INFO  DumpRange.java> 821be510 lwz r10,0x1160(r31) (GhidraScript)  
INFO  DumpRange.java> 821be514 cmpwi cr6,r10,0x15 (GhidraScript)  
INFO  DumpRange.java> 821be518 bge cr6,0x821be520 (GhidraScript)  
INFO  DumpRange.java> 821be51c stw r16,0x1160(r31) (GhidraScript)  
INFO  DumpRange.java> 821be520 stb r6,0x4(r11) (GhidraScript)  
INFO  DumpRange.java> 821be524 lwz r10,0x60(r11) (GhidraScript)  
INFO  DumpRange.java> 821be528 ori r10,r10,0x10 (GhidraScript)  
INFO  DumpRange.java> 821be52c stw r10,0x60(r11) (GhidraScript)  
INFO  DumpRange.java> 821be530 lwz r10,0x1160(r31) (GhidraScript)  
INFO  DumpRange.java> 821be534 cmpwi cr6,r10,0x16 (GhidraScript)  
INFO  DumpRange.java> 821be538 bge cr6,0x821be540 (GhidraScript)  
INFO  DumpRange.java> 821be53c stw r17,0x1160(r31) (GhidraScript)  
INFO  DumpRange.java> 821be540 stb r6,0x4(r11) (GhidraScript)  
INFO  DumpRange.java> 821be544 lwz r10,0x64(r11) (GhidraScript)  
INFO  DumpRange.java> 821be548 ori r10,r10,0x20 (GhidraScript)  
INFO  DumpRange.java> 821be54c stw r10,0x64(r11) (GhidraScript)  
INFO  DumpRange.java> 821be550 lwz r10,0x1160(r31) (GhidraScript)  
INFO  DumpRange.java> 821be554 cmpwi cr6,r10,0x17 (GhidraScript)  
INFO  DumpRange.java> 821be558 bge cr6,0x821be560 (GhidraScript)  
INFO  DumpRange.java> 821be55c stw r18,0x1160(r31) (GhidraScript)  
INFO  DumpRange.java> 821be560 stb r6,0x4(r11) (GhidraScript)  
INFO  DumpRange.java> 821be564 stw r25,0x48(r11) (GhidraScript)  
INFO  DumpRange.java> 821be568 lwz r10,0x88(r11) (GhidraScript)  
INFO  DumpRange.java> 821be56c lwz r9,0x8c(r11) (GhidraScript)  
INFO  DumpRange.java> 821be570 oris r10,r10,0x1 (GhidraScript)  
INFO  DumpRange.java> 821be574 rlwinm r9,r9,0x0,0x10,0xe (GhidraScript)  
INFO  DumpRange.java> 821be578 stw r10,0x88(r11) (GhidraScript)  
INFO  DumpRange.java> 821be57c stw r9,0x8c(r11) (GhidraScript)  
INFO  DumpRange.java> 821be580 lwz r10,0x1160(r31) (GhidraScript)  
INFO  DumpRange.java> 821be584 cmpwi cr6,r10,0x10 (GhidraScript)  
INFO  DumpRange.java> 821be588 bge cr6,0x821be590 (GhidraScript)  
INFO  DumpRange.java> 821be58c stw r19,0x1160(r31) (GhidraScript)  
INFO  DumpRange.java> 821be590 stb r6,0x4(r11) (GhidraScript)  
INFO  DumpRange.java> 821be594 stw r27,0x4c(r11) (GhidraScript)  
INFO  DumpRange.java> 821be598 lwz r10,0x88(r11) (GhidraScript)  
INFO  DumpRange.java> 821be59c lwz r9,0x8c(r11) (GhidraScript)  
INFO  DumpRange.java> 821be5a0 oris r10,r10,0x2 (GhidraScript)  
INFO  DumpRange.java> 821be5a4 rlwinm r9,r9,0x0,0xf,0xd (GhidraScript)  
INFO  DumpRange.java> 821be5a8 stw r10,0x88(r11) (GhidraScript)  
INFO  DumpRange.java> 821be5ac stw r9,0x8c(r11) (GhidraScript)  
INFO  DumpRange.java> 821be5b0 lwz r10,0x1160(r31) (GhidraScript)  
INFO  DumpRange.java> 821be5b4 cmpwi cr6,r10,0x11 (GhidraScript)  
INFO  DumpRange.java> 821be5b8 bge cr6,0x821be5c0 (GhidraScript)  
INFO  DumpRange.java> 821be5bc stw r20,0x1160(r31) (GhidraScript)  
INFO  DumpRange.java> 821be5c0 stb r6,0x4(r11) (GhidraScript)  
INFO  DumpRange.java> 821be5c4 stw r28,0x30(r11) (GhidraScript)  
INFO  DumpRange.java> 821be5c8 lwz r10,0x88(r11) (GhidraScript)  
INFO  DumpRange.java> 821be5cc lwz r9,0x8c(r11) (GhidraScript)  
INFO  DumpRange.java> 821be5d0 ori r10,r10,0x400 (GhidraScript)  
INFO  DumpRange.java> 821be5d4 rlwinm r9,r9,0x0,0x16,0x14 (GhidraScript)  
INFO  DumpRange.java> 821be5d8 stw r10,0x88(r11) (GhidraScript)  
INFO  DumpRange.java> 821be5dc stw r9,0x8c(r11) (GhidraScript)  
INFO  DumpRange.java> 821be5e0 lwz r10,0x1160(r31) (GhidraScript)  
INFO  DumpRange.java> 821be5e4 cmpwi cr6,r10,0xa (GhidraScript)  
INFO  DumpRange.java> 821be5e8 bge cr6,0x821be5f0 (GhidraScript)  
INFO  DumpRange.java> 821be5ec stw r21,0x1160(r31) (GhidraScript)  
INFO  DumpRange.java> 821be5f0 stb r6,0x4(r11) (GhidraScript)  
INFO  DumpRange.java> 821be5f4 stw r4,0x34(r11) (GhidraScript)  
INFO  DumpRange.java> 821be5f8 lwz r10,0x88(r11) (GhidraScript)  
INFO  DumpRange.java> 821be5fc lwz r9,0x8c(r11) (GhidraScript)  
INFO  DumpRange.java> 821be600 ori r10,r10,0x800 (GhidraScript)  
INFO  DumpRange.java> 821be604 rlwinm r9,r9,0x0,0x15,0x13 (GhidraScript)  
INFO  DumpRange.java> 821be608 stw r10,0x88(r11) (GhidraScript)  
INFO  DumpRange.java> 821be60c stw r9,0x8c(r11) (GhidraScript)  
INFO  DumpRange.java> 821be610 lwz r10,0x1160(r31) (GhidraScript)  
INFO  DumpRange.java> 821be614 cmpwi cr6,r10,0xb (GhidraScript)  
INFO  DumpRange.java> 821be618 bge cr6,0x821be620 (GhidraScript)  
INFO  DumpRange.java> 821be61c stw r22,0x1160(r31) (GhidraScript)  
INFO  DumpRange.java> 821be620 or r9,r28,r28 (GhidraScript)  
INFO  DumpRange.java> 821be624 or r10,r3,r3 (GhidraScript)  
INFO  DumpRange.java> 821be628 rlwinm r9,r9,0x1f,0x1,0x1f (GhidraScript)  
INFO  DumpRange.java> 821be62c addi r10,r10,0x1 (GhidraScript)  
INFO  DumpRange.java> 821be630 cmplwi cr6,r9,0x1 (GhidraScript)  
INFO  DumpRange.java> 821be634 bne cr6,0x821be628 (GhidraScript)  
INFO  DumpRange.java> 821be638 rlwinm r7,r10,0x1,0x0,0x1e (GhidraScript)  
INFO  DumpRange.java> 821be63c or r8,r4,r4 (GhidraScript)  
INFO  DumpRange.java> 821be640 add r10,r10,r7 (GhidraScript)  
INFO  DumpRange.java> 821be644 or r9,r3,r3 (GhidraScript)  
INFO  DumpRange.java> 821be648 rlwinm r10,r10,0x3,0x0,0x1c (GhidraScript)  
INFO  DumpRange.java> 821be64c add r10,r10,r31 (GhidraScript)  
INFO  DumpRange.java> 821be650 lfs f12,0xa0(r10) (GhidraScript)  
INFO  DumpRange.java> 821be654 fsubs f12,f12,f0 (GhidraScript)  
INFO  DumpRange.java> 821be658 stfs f0,0xa4(r10) (GhidraScript)  
INFO  DumpRange.java> 821be65c fdivs f12,f13,f12 (GhidraScript)  
INFO  DumpRange.java> 821be660 stfs f12,0xa8(r10) (GhidraScript)  
INFO  DumpRange.java> 821be664 rlwinm r8,r8,0x1f,0x1,0x1f (GhidraScript)  
INFO  DumpRange.java> 821be668 addi r9,r9,0x1 (GhidraScript)  
INFO  DumpRange.java> 821be66c cmplwi cr6,r8,0x1 (GhidraScript)  
INFO  DumpRange.java> 821be670 bne cr6,0x821be664 (GhidraScript)  
INFO  DumpRange.java> 821be674 rlwinm r10,r9,0x1,0x0,0x1e (GhidraScript)  
INFO  DumpRange.java> 821be678 add r10,r9,r10 (GhidraScript)  
INFO  DumpRange.java> 821be67c rlwinm r10,r10,0x3,0x0,0x1c (GhidraScript)  
INFO  DumpRange.java> 821be680 add r10,r10,r31 (GhidraScript)  
INFO  DumpRange.java> 821be684 lfs f12,0xa0(r10) (GhidraScript)  
INFO  DumpRange.java> 821be688 fsubs f12,f12,f0 (GhidraScript)  
INFO  DumpRange.java> 821be68c stfs f0,0xa4(r10) (GhidraScript)  
INFO  DumpRange.java> 821be690 fdivs f12,f13,f12 (GhidraScript)  
INFO  DumpRange.java> 821be694 stfs f12,0xa8(r10) (GhidraScript)  
INFO  DumpRange.java> 821be698 stb r6,0x4(r11) (GhidraScript)  
INFO  DumpRange.java> 821be69c stw r29,0x38(r11) (GhidraScript)  
INFO  DumpRange.java> 821be6a0 lwz r10,0x88(r11) (GhidraScript)  
INFO  DumpRange.java> 821be6a4 lwz r9,0x8c(r11) (GhidraScript)  
INFO  DumpRange.java> 821be6a8 ori r10,r10,0x1000 (GhidraScript)  
INFO  DumpRange.java> 821be6ac rlwinm r9,r9,0x0,0x14,0x12 (GhidraScript)  
INFO  DumpRange.java> 821be6b0 stw r10,0x88(r11) (GhidraScript)  
INFO  DumpRange.java> 821be6b4 stw r9,0x8c(r11) (GhidraScript)  
INFO  DumpRange.java> 821be6b8 lwz r10,0x1160(r31) (GhidraScript)  
INFO  DumpRange.java> 821be6bc cmpwi cr6,r10,0xc (GhidraScript)  
INFO  DumpRange.java> 821be6c0 bge cr6,0x821be6c8 (GhidraScript)  
INFO  DumpRange.java> 821be6c4 stw r23,0x1160(r31) (GhidraScript)  
INFO  DumpRange.java> 821be6c8 stb r6,0x4(r11) (GhidraScript)  
INFO  DumpRange.java> 821be6cc stw r26,0x3c(r11) (GhidraScript)  
INFO  DumpRange.java> 821be6d0 lwz r10,0x88(r11) (GhidraScript)  
INFO  DumpRange.java> 821be6d4 lwz r9,0x8c(r11) (GhidraScript)  
INFO  DumpRange.java> 821be6d8 ori r10,r10,0x2000 (GhidraScript)  
INFO  DumpRange.java> 821be6dc rlwinm r9,r9,0x0,0x13,0x11 (GhidraScript)  
INFO  DumpRange.java> 821be6e0 stw r10,0x88(r11) (GhidraScript)  
INFO  DumpRange.java> 821be6e4 stw r9,0x8c(r11) (GhidraScript)  
INFO  DumpRange.java> 821be6e8 lwz r10,0x1160(r31) (GhidraScript)  
INFO  DumpRange.java> 821be6ec cmpwi cr6,r10,0xd (GhidraScript)  
INFO  DumpRange.java> 821be6f0 bge cr6,0x821be6f8 (GhidraScript)  
INFO  DumpRange.java> 821be6f4 stw r24,0x1160(r31) (GhidraScript)  
INFO  DumpRange.java> 821be6f8 lwz r10,0x50(r1) (GhidraScript)  
INFO  DumpRange.java> 821be6fc addi r5,r5,0x390 (GhidraScript)  
INFO  DumpRange.java> 821be700 subi r10,r10,0x1 (GhidraScript)  
INFO  DumpRange.java> 821be704 cmplwi cr6,r10,0x0 (GhidraScript)  
INFO  DumpRange.java> 821be708 stw r10,0x50(r1) (GhidraScript)  
INFO  DumpRange.java> 821be70c bne cr6,0x821be2f8 (GhidraScript)  
INFO  DumpRange.java> 821be710 addi r1,r1,0xf0 (GhidraScript)  
INFO  DumpRange.java> 821be714 b 0x82386510 (GhidraScript)  
INFO  REPORT: Execute script: DumpRange.java '0x821cdf08' '0x821ce050'  (HeadlessAnalyzer)  
INFO  SCRIPT: /fastdata/lavaulta/auto-re-agent/workspaces/ace-combat-6/scripts/DumpRange.java (HeadlessAnalyzer)  
INFO  DumpRange.java> 821cdf08 mfspr r12,LR (GhidraScript)  
INFO  DumpRange.java> 821cdf0c bl 0x823864fc (GhidraScript)  
INFO  DumpRange.java> 821cdf10 stfd f31,-0x28(r1) (GhidraScript)  
INFO  DumpRange.java> 821cdf14 stwu r1,-0x80(r1) (GhidraScript)  
INFO  DumpRange.java> 821cdf18 lis r11,-0x7d91 (GhidraScript)  
INFO  DumpRange.java> 821cdf1c or r30,r3,r3 (GhidraScript)  
INFO  DumpRange.java> 821cdf20 subi r31,r11,0x2468 (GhidraScript)  
INFO  DumpRange.java> 821cdf24 li r29,0x0 (GhidraScript)  
INFO  DumpRange.java> 821cdf28 addi r10,r31,0x8 (GhidraScript)  
INFO  DumpRange.java> 821cdf2c addi r11,r10,0x4 (GhidraScript)  
INFO  DumpRange.java> 821cdf30 or r8,r29,r29 (GhidraScript)  
INFO  DumpRange.java> 821cdf34 li r9,0x20 (GhidraScript)  
INFO  DumpRange.java> 821cdf38 mtspr CTR,r9 (GhidraScript)  
INFO  DumpRange.java> 821cdf3c stw r8,0x0(r11) (GhidraScript)  
INFO  DumpRange.java> 821cdf40 addi r11,r11,0x4 (GhidraScript)  
INFO  DumpRange.java> 821cdf44 bdnz 0x821cdf3c (GhidraScript)  
INFO  DumpRange.java> 821cdf48 stw r29,0x0(r10) (GhidraScript)  
INFO  DumpRange.java> 821cdf4c addi r11,r31,0x288 (GhidraScript)  
INFO  DumpRange.java> 821cdf50 addi r10,r10,0xa0 (GhidraScript)  
INFO  DumpRange.java> 821cdf54 cmpw cr6,r10,r11 (GhidraScript)  
INFO  DumpRange.java> 821cdf58 blt cr6,0x821cdf2c (GhidraScript)  
INFO  DumpRange.java> 821cdf5c bl 0x8233b418 (GhidraScript)  
INFO  DumpRange.java> 821cdf60 or r3,r30,r30 (GhidraScript)  
INFO  DumpRange.java> 821cdf64 bl 0x821ce050 (GhidraScript)  
INFO  DumpRange.java> 821cdf68 lbz r11,0x19(r30) (GhidraScript)  
INFO  DumpRange.java> 821cdf6c cmplwi cr6,r11,0x0 (GhidraScript)  
INFO  DumpRange.java> 821cdf70 beq cr6,0x821cdfcc (GhidraScript)  
INFO  DumpRange.java> 821cdf74 lwz r8,0x1c(r30) (GhidraScript)  
INFO  DumpRange.java> 821cdf78 or r4,r29,r29 (GhidraScript)  
INFO  DumpRange.java> 821cdf7c addi r11,r31,0x8 (GhidraScript)  
INFO  DumpRange.java> 821cdf80 or r10,r29,r29 (GhidraScript)  
INFO  DumpRange.java> 821cdf84 lwz r9,0x0(r11) (GhidraScript)  
INFO  DumpRange.java> 821cdf88 and r7,r8,r9 (GhidraScript)  
INFO  DumpRange.java> 821cdf8c cmplwi cr6,r7,0x0 (GhidraScript)  
INFO  DumpRange.java> 821cdf90 bne cr6,0x821cdfbc (GhidraScript)  
INFO  DumpRange.java> 821cdf94 cmplwi cr6,r9,0x0 (GhidraScript)  
INFO  DumpRange.java> 821cdf98 beq cr6,0x821cdfa4 (GhidraScript)  
INFO  DumpRange.java> 821cdf9c cmplwi cr6,r8,0x0 (GhidraScript)  
INFO  DumpRange.java> 821cdfa0 beq cr6,0x821cdfbc (GhidraScript)  
INFO  DumpRange.java> 821cdfa4 addi r10,r10,0xa0 (GhidraScript)  
INFO  DumpRange.java> 821cdfa8 addi r4,r4,0x1 (GhidraScript)  
INFO  DumpRange.java> 821cdfac addi r11,r11,0xa0 (GhidraScript)  
INFO  DumpRange.java> 821cdfb0 cmplwi cr6,r10,0x280 (GhidraScript)  
INFO  DumpRange.java> 821cdfb4 blt cr6,0x821cdf84 (GhidraScript)  
INFO  DumpRange.java> 821cdfb8 b 0x821cdfcc (GhidraScript)  
INFO  DumpRange.java> 821cdfbc or r3,r30,r30 (GhidraScript)  
INFO  DumpRange.java> 821cdfc0 bl 0x821cebf0 (GhidraScript)  
INFO  DumpRange.java> 821cdfc4 stb r29,0x19(r30) (GhidraScript)  
INFO  DumpRange.java> 821cdfc8 stw r29,0x1c(r30) (GhidraScript)  
INFO  DumpRange.java> 821cdfcc lis r11,-0x7dc1 (GhidraScript)  
INFO  DumpRange.java> 821cdfd0 addi r3,r11,0x6db8 (GhidraScript)  
INFO  DumpRange.java> 821cdfd4 lwz r11,0x0(r3) (GhidraScript)  
INFO  DumpRange.java> 821cdfd8 lwz r11,0x1c(r11) (GhidraScript)  
INFO  DumpRange.java> 821cdfdc mtspr CTR,r11 (GhidraScript)  
INFO  DumpRange.java> 821cdfe0 bctrl (GhidraScript)  
INFO  DumpRange.java> 821cdfe4 lis r31,-0x7d92 (GhidraScript)  
INFO  DumpRange.java> 821cdfe8 fmr f31,f1 (GhidraScript)  
INFO  DumpRange.java> 821cdfec lwz r11,0x4eb4(r31) (GhidraScript)  
INFO  DumpRange.java> 821cdff0 addis r3,r11,0x2 (GhidraScript)  
INFO  DumpRange.java> 821cdff4 addi r3,r3,0x458c (GhidraScript)  
INFO  DumpRange.java> 821cdff8 bl 0x822153f8 (GhidraScript)  
INFO  DumpRange.java> 821cdffc lwz r11,0x4eb4(r31) (GhidraScript)  
INFO  DumpRange.java> 821ce000 fmr f1,f31 (GhidraScript)  
INFO  DumpRange.java> 821ce004 addis r3,r11,0x2 (GhidraScript)  
INFO  DumpRange.java> 821ce008 addi r3,r3,0x56f0 (GhidraScript)  
INFO  DumpRange.java> 821ce00c bl 0x822153f8 (GhidraScript)  
INFO  DumpRange.java> 821ce010 lwz r11,0x4eb4(r31) (GhidraScript)  
INFO  DumpRange.java> 821ce014 fmr f1,f31 (GhidraScript)  
INFO  DumpRange.java> 821ce018 addis r3,r11,0x2 (GhidraScript)  
INFO  DumpRange.java> 821ce01c addi r3,r3,0x6854 (GhidraScript)  
INFO  DumpRange.java> 821ce020 bl 0x822153f8 (GhidraScript)  
INFO  DumpRange.java> 821ce024 lwz r11,0x4eb4(r31) (GhidraScript)  
INFO  DumpRange.java> 821ce028 fmr f1,f31 (GhidraScript)  
INFO  DumpRange.java> 821ce02c addis r3,r11,0x2 (GhidraScript)  
INFO  DumpRange.java> 821ce030 addi r3,r3,0x79b8 (GhidraScript)  
INFO  DumpRange.java> 821ce034 bl 0x822153f8 (GhidraScript)  
INFO  DumpRange.java> 821ce038 addi r3,r30,0x20 (GhidraScript)  
INFO  DumpRange.java> 821ce03c fmr f1,f31 (GhidraScript)  
INFO  DumpRange.java> 821ce040 bl 0x822153f8 (GhidraScript)  
INFO  DumpRange.java> 821ce044 addi r1,r1,0x80 (GhidraScript)  
INFO  DumpRange.java> 821ce048 lfd f31,-0x28(r1) (GhidraScript)  
INFO  DumpRange.java> 821ce04c b 0x8238654c (GhidraScript)  
INFO  REPORT: Execute script: DumpRange.java '0x821b3870' '0x821b38d0'  (HeadlessAnalyzer)  
INFO  SCRIPT: /fastdata/lavaulta/auto-re-agent/workspaces/ace-combat-6/scripts/DumpRange.java (HeadlessAnalyzer)  
INFO  DumpRange.java> 821b3870 lwz r11,0x1c(r31) (GhidraScript)  
INFO  DumpRange.java> 821b3874 addi r3,r31,0x1c (GhidraScript)  
INFO  DumpRange.java> 821b3878 lwz r11,0x20(r11) (GhidraScript)  
INFO  DumpRange.java> 821b387c mtspr CTR,r11 (GhidraScript)  
INFO  DumpRange.java> 821b3880 bctrl (GhidraScript)  
INFO  DumpRange.java> 821b3884 lis r11,0x2 (GhidraScript)  
INFO  DumpRange.java> 821b3888 ori r10,r11,0x76a0 (GhidraScript)  
INFO  DumpRange.java> 821b388c lis r11,-0x7d92 (GhidraScript)  
INFO  DumpRange.java> 821b3890 lwz r11,0x4eb4(r11) (GhidraScript)  
INFO  DumpRange.java> 821b3894 lwzx r11,r11,r10 (GhidraScript)  
INFO  DumpRange.java> 821b3898 rlwinm r11,r11,0x0,0x1b,0x1b (GhidraScript)  
INFO  DumpRange.java> 821b389c cmplwi cr6,r11,0x0 (GhidraScript)  
INFO  DumpRange.java> 821b38a0 beq cr6,0x821b396c (GhidraScript)  
INFO  DumpRange.java> 821b38a4 lwz r11,0x268(r31) (GhidraScript)  
INFO  DumpRange.java> 821b38a8 addi r3,r31,0x268 (GhidraScript)  
INFO  DumpRange.java> 821b38ac li r4,0x0 (GhidraScript)  
INFO  DumpRange.java> 821b38b0 lwz r11,0x54(r11) (GhidraScript)  
INFO  DumpRange.java> 821b38b4 mtspr CTR,r11 (GhidraScript)  
INFO  DumpRange.java> 821b38b8 bctrl (GhidraScript)  
INFO  DumpRange.java> 821b38bc addi r1,r1,0x60 (GhidraScript)  
INFO  DumpRange.java> 821b38c0 lwz r12,-0x8(r1) (GhidraScript)  
INFO  DumpRange.java> 821b38c4 mtspr LR,r12 (GhidraScript)  
INFO  DumpRange.java> 821b38c8 ld r31,-0x10(r1) (GhidraScript)  
INFO  DumpRange.java> 821b38cc blr (GhidraScript)  
INFO  REPORT: Execute script: DumpRange.java '0x821b90fc' '0x821b91c0'  (HeadlessAnalyzer)  
INFO  SCRIPT: /fastdata/lavaulta/auto-re-agent/workspaces/ace-combat-6/scripts/DumpRange.java (HeadlessAnalyzer)  
INFO  DumpRange.java> 821b90fc lis r11,0x2 (GhidraScript)  
INFO  DumpRange.java> 821b9100 ori r10,r11,0x76a0 (GhidraScript)  
INFO  DumpRange.java> 821b9104 lis r11,-0x7d92 (GhidraScript)  
INFO  DumpRange.java> 821b9108 lwz r11,0x4eb4(r11) (GhidraScript)  
INFO  DumpRange.java> 821b910c lwzx r11,r11,r10 (GhidraScript)  
INFO  DumpRange.java> 821b9110 rlwinm r10,r11,0x0,0x1f,0x1f (GhidraScript)  
INFO  DumpRange.java> 821b9114 cmplwi cr6,r10,0x0 (GhidraScript)  
INFO  DumpRange.java> 821b9118 bne cr6,0x821b9128 (GhidraScript)  
INFO  DumpRange.java> 821b911c rlwinm r11,r11,0x0,0x1b,0x1b (GhidraScript)  
INFO  DumpRange.java> 821b9120 cmplwi cr6,r11,0x0 (GhidraScript)  
INFO  DumpRange.java> 821b9124 beq cr6,0x821b913c (GhidraScript)  
INFO  DumpRange.java> 821b9128 lwz r3,0x270(r31) (GhidraScript)  
INFO  DumpRange.java> 821b912c lwz r11,0x0(r3) (GhidraScript)  
INFO  DumpRange.java> 821b9130 lwz r11,0x8(r11) (GhidraScript)  
INFO  DumpRange.java> 821b9134 mtspr CTR,r11 (GhidraScript)  
INFO  DumpRange.java> 821b9138 bctrl (GhidraScript)  
INFO  DumpRange.java> 821b913c lwz r3,0x270(r31) (GhidraScript)  
INFO  DumpRange.java> 821b9140 lwz r11,0x0(r3) (GhidraScript)  
INFO  DumpRange.java> 821b9144 lwz r11,0x18(r11) (GhidraScript)  
INFO  DumpRange.java> 821b9148 mtspr CTR,r11 (GhidraScript)  
INFO  DumpRange.java> 821b914c bctrl (GhidraScript)  
INFO  DumpRange.java> 821b9150 rlwinm r11,r3,0x0,0x18,0x1f (GhidraScript)  
INFO  DumpRange.java> 821b9154 cmplwi cr6,r11,0x0 (GhidraScript)  
INFO  DumpRange.java> 821b9158 beq cr6,0x821b91c0 (GhidraScript)  
INFO  DumpRange.java> 821b915c lwz r11,0x0(r31) (GhidraScript)  
INFO  DumpRange.java> 821b9160 li r4,0x0 (GhidraScript)  
INFO  DumpRange.java> 821b9164 or r3,r31,r31 (GhidraScript)  
INFO  DumpRange.java> 821b9168 lwz r11,0x48(r11) (GhidraScript)  
INFO  DumpRange.java> 821b916c mtspr CTR,r11 (GhidraScript)  
INFO  DumpRange.java> 821b9170 bctrl (GhidraScript)  
INFO  DumpRange.java> 821b9174 li r11,0x2 (GhidraScript)  
INFO  DumpRange.java> 821b9178 b 0x821b91bc (GhidraScript)  
INFO  DumpRange.java> 821b917c lwz r3,0x270(r31) (GhidraScript)  
INFO  DumpRange.java> 821b9180 cmplwi cr6,r3,0x0 (GhidraScript)  
INFO  DumpRange.java> 821b9184 beq cr6,0x821b915c (GhidraScript)  
INFO  DumpRange.java> 821b9188 lwz r11,0x0(r3) (GhidraScript)  
INFO  DumpRange.java> 821b918c lwz r11,0x10(r11) (GhidraScript)  
INFO  DumpRange.java> 821b9190 mtspr CTR,r11 (GhidraScript)  
INFO  DumpRange.java> 821b9194 bctrl (GhidraScript)  
INFO  DumpRange.java> 821b9198 rlwinm r11,r3,0x0,0x18,0x1f (GhidraScript)  
INFO  DumpRange.java> 821b919c cmplwi cr6,r11,0x0 (GhidraScript)  
INFO  DumpRange.java> 821b91a0 beq cr6,0x821b91c0 (GhidraScript)  
INFO  DumpRange.java> 821b91a4 lwz r3,0x270(r31) (GhidraScript)  
INFO  DumpRange.java> 821b91a8 lwz r11,0x0(r3) (GhidraScript)  
INFO  DumpRange.java> 821b91ac lwz r11,0x4(r11) (GhidraScript)  
INFO  DumpRange.java> 821b91b0 mtspr CTR,r11 (GhidraScript)  
INFO  DumpRange.java> 821b91b4 bctrl (GhidraScript)  
INFO  DumpRange.java> 821b91b8 li r11,0x1 (GhidraScript)  
INFO  DumpRange.java> 821b91bc stw r11,0xc(r31) (GhidraScript)  
INFO  REPORT: Save succeeded for processed file: /default.xex (HeadlessAnalyzer)  
