AC6 retail post-entry-9 consumer evidence, 2026-07-15

Source: default.xex in Ghidra project ace-combat-6, retail address convention.
Commands used: DumpRange.java, DecompileAt.java, ReferencesTo.java and
FindInstructionScalar.java under Ghidra 12.1.2 headless.

Loader handoff:
  820a7b00 or r4,r31,r31
  820a7b04 or r3,r30,r30
  820a7b08 bl 0x8226f050

Insertion 0x8226f050:
  rejects null and count >= 0x400
  calls object virtual slots +0x54, +0x58, +0x64, +0x40
  8226f0a8 stw r30,0x1008(r31)
  8226f0d0 stw r30,0x100c(r31)
  8226f12c stwx r30,r11,r31  ; r11=(count+2)*4
  8226f138 stw r11,0x4(r31) ; incremented count
  indexed table write from slot +0x40 targets collection +0x1010 + index*4

Frame caller:
  Function 0x8226a310
  8226a4f8 fmr f1,f31
  8226a500 lwz r11,0x4eb4(r30)
  8226a504 lwzx r3,r11,r10  ; r10=0x29fc8
  8226a508 bl 0x8226ecb0

Traversal 0x8226ecb0:
  loops collection count +0x4, entries from +0x8, stride 4
  accepts flags at object +0x118 when mask 0x22 or 0x402 is complete
  queries virtual slot +0x54
  first branch calls 0x8222ccd0, 0x8222b740, 0x82227378 with object-relative
  arguments +0x10, +0x24f8, +0x254c
  alternate branch queries virtual slots +0x5c/+0x60 and calls slot +0xcc

ReferencesTo 0x8226ecb0:
  8226a508 UNCONDITIONAL_CALL

Selected-object XYZ consumer 0x822f31e8:
  loads global collection pointer at PTR_DAT_826e4eb4 + 0x29fc8
  loads selected object at collection +0x1008
  reads object floats +0x50, +0x54, +0x58
  Function_823800D0(..., 0x8200eb54, float50, float54, float58)
  string 0x8200eb54 = "X=%g Y=%g Z=%g"

Claim boundary:
  No executable reference from this chain to string label MissionAircraft.
  XYZ is proved only for the selected global object at collection +0x1008.
  Its identity as a particular entry-9 result and any spawn write remain open.

Slot +0x54 selection predicate:
  8226f078 lwz r11,0(r30)       ; object vtable
  8226f07c or r3,r30,r30        ; object is incoming r3
  8226f080 lwz r11,0x54(r11)
  8226f088 bctrl
  8226f08c rlwinm r11,r3,0,24,31
  8226f094 cmplwi r11,0
  8226f0a8 stw r30,0x1008(r31) ; only on nonzero returned low byte

Primary selectors 1/2:
  final vtables 0x820568d4 / 0x82056934 have slot +0x54 = 0x822ddbe8
  822ddbe8 blr                  ; preserves incoming object pointer in r3
  primary allocation requests size 0x100 and alignment 0x10
  allocator 0x822257a8 advances/aligned to the requested 0x10 boundary
  therefore selection is (object_address & 0xff) != 0, but the dynamic arena
  base low byte is not statically known; the 0x100 stride preserves that
  unknown residue

Primary selectors 3-6:
  final vtables 0x82009ab0 / 0x82009440 have slot +0x54 = 0x822974c8
  when object +0x60 bit 0x100 is clear, the observed path preserves the
  incoming object pointer in r3 and has the same runtime-address blocker
  entry-9 callback 0x82297a40 can set object +0x60 bit 0x100 and install
  callback 0x82297540 through 0x822950a0
  on that known armed-record callback path, 0x822974c8 clears the bit and the
  installed callback exits with li r3,0, so +0x1008 is not selected
  this zero-return claim is limited to the proved installed-callback state

Updated claim boundary:
  Static analysis does not identify a particular entry-9 result as the object
  later read at collection +0x1008. Runtime allocation residue remains the
  exact blocker on pointer-preserving paths. The XYZ debug format proves no
  spawn operation or spawn-position write.

Executable-wide selected-pointer writer scan:
  The retail FindInstructionScalar scan covered literal operands 0x1008 and
  0x100c. Candidate stores were filtered by surrounding collection layout and
  stored-value flow.

  8226eb88 routine:
    8226eb94 stw r11,0x4(r3)       ; count = 0
    8226eb98 stw r11,0x1008(r3)    ; selected pointer 1 = 0
    8226eb9c stw r11,0x100c(r3)    ; selected pointer 2 = 0
    8226eba8..8226ebb0 zero 0x400 pointers from +0x8
    8226ebc0..8226ebc8 zero 0x10 pointers from +0x1010
    guard: none; initialization is unconditional

  8226f050 routine:
    8226f0a8 stw r30,0x1008(r31)
      guard: returned low byte from virtual slot +0x54 is nonzero
    8226f0d0 stw r30,0x100c(r31)
      guards: slot +0x54 returned low byte zero and slot +0x58 returned low
      byte nonzero
    caller 820a7b08 passes each non-null entry-9 factory result

  Rejected equal-offset direct stores:
    820902c0/82090320/82094140: unrelated allocation field at +0x100c
    82214750: unrelated integer counter at +0x1008
    range ending 82215b94: unrelated counter/compaction structure
    8221e6c0: unrelated 512 pointer/status-pair structure
    82265f00 computes param+0x1008 for its own spatial table; it reads rather
    than writes the global collection

  Complete result:
    No direct nonzero writer exists outside 0x8226f050 for the selected fields
    of this exact 1024-entry collection. The initializer and insertion are the
    complete direct-store families. No alternate retail edge proves a
    particular entry-9 result is the XYZ object, and no writer proves spawn.
