openjdk version "21.0.11" 2026-04-21
OpenJDK Runtime Environment (build 21.0.11+10-1-26.04.2-Ubuntu)
OpenJDK 64-Bit Server VM (build 21.0.11+10-1-26.04.2-Ubuntu, mixed mode)
INFO  Using log config file: jar:file:/fastdata/lavaulta/auto-re-agent/.tools/ghidra_12.1.2_PUBLIC/Ghidra/Framework/Generic/lib/Generic.jar!/generic.log4j.xml (LoggingInitialization)  
INFO  Using log file: /home/lavaulta/.config/ghidra/ghidra_12.1.2_PUBLIC/application.log (LoggingInitialization)  
INFO  Loading user preferences: /home/lavaulta/.config/ghidra/ghidra_12.1.2_PUBLIC/preferences (Preferences)  
INFO  Searching for classes... (ClassSearcher)  
INFO  Ignoring class 'xexloaderwv.XEXLoaderWVLoader' from '/fastdata/lavaulta/auto-re-agent/.tools/ghidra_12.1.2_PUBLIC/Ghidra/Extensions/XEXLoaderWV/lib/XEXLoaderWV.jar'. Already found at '/fastdata/lavaulta/auto-re-agent/.tools/ghidra_12.1.2_PUBLIC/Ghidra/patch/XEXLoaderWV-java21.jar'. (ClassSearcher)  
INFO  Class search complete (1408 ms) (ClassSearcher)  
INFO  Initializing SSL Context (DefaultSSLContextInitializer)  
INFO  Initializing Random Number Generator... (SecureRandomFactory)  
INFO  Random Number Generator initialization complete: NativePRNGNonBlocking (SecureRandomFactory)  
INFO  Trust manager disabled, cacerts have not been set (DefaultTrustManagerFactory)  
INFO  Headless startup complete (3011 ms) (AnalyzeHeadless)  
INFO  Class searcher loaded 59 extension points (20 false positives) (ClassSearcher)  
INFO  HEADLESS Script Paths:
    /fastdata/lavaulta/auto-re-agent/.tools/ghidra_12.1.2_PUBLIC/Ghidra/Features/MicrosoftCodeAnalyzer/ghidra_scripts
    /fastdata/lavaulta/auto-re-agent/.tools/ghidra_12.1.2_PUBLIC/Ghidra/Features/PDB/ghidra_scripts
    /fastdata/lavaulta/auto-re-agent/.tools/ghidra_12.1.2_PUBLIC/Ghidra/Processors/8051/ghidra_scripts
    /fastdata/lavaulta/auto-re-agent/.tools/ghidra_12.1.2_PUBLIC/Ghidra/Features/Base/ghidra_scripts
    /fastdata/lavaulta/auto-re-agent/workspaces/ace-combat-6/scripts
    /fastdata/lavaulta/auto-re-agent/.tools/ghidra_12.1.2_PUBLIC/Ghidra/Features/FileFormats/ghidra_scripts
    /fastdata/lavaulta/auto-re-agent/.tools/ghidra_12.1.2_PUBLIC/Ghidra/Features/GnuDemangler/ghidra_scripts
    /fastdata/lavaulta/auto-re-agent/.tools/ghidra_12.1.2_PUBLIC/Ghidra/Extensions/ghidra-emotionengine-reloaded/ghidra_scripts
    /fastdata/lavaulta/auto-re-agent/.tools/ghidra_12.1.2_PUBLIC/Ghidra/Features/Decompiler/ghidra_scripts
    /fastdata/lavaulta/auto-re-agent/.tools/ghidra_12.1.2_PUBLIC/Ghidra/Features/FunctionID/ghidra_scripts
    /fastdata/lavaulta/auto-re-agent/.tools/ghidra_12.1.2_PUBLIC/Ghidra/Features/DecompilerDependent/ghidra_scripts
    /fastdata/lavaulta/auto-re-agent/.tools/ghidra_12.1.2_PUBLIC/Ghidra/Processors/DATA/ghidra_scripts
    /fastdata/lavaulta/auto-re-agent/.tools/ghidra_12.1.2_PUBLIC/Ghidra/Debug/Debugger-rmi-trace/ghidra_scripts
    /fastdata/lavaulta/auto-re-agent/.tools/ghidra_12.1.2_PUBLIC/Ghidra/Features/SwiftDemangler/ghidra_scripts
    /fastdata/lavaulta/auto-re-agent/.tools/ghidra_12.1.2_PUBLIC/Ghidra/Debug/Debugger/ghidra_scripts
    /fastdata/lavaulta/auto-re-agent/.tools/ghidra_12.1.2_PUBLIC/Ghidra/Processors/PIC/ghidra_scripts
    /fastdata/lavaulta/auto-re-agent/.tools/ghidra_12.1.2_PUBLIC/Ghidra/Extensions/XEXLoaderWV/ghidra_scripts
    /fastdata/lavaulta/auto-re-agent/.tools/ghidra_12.1.2_PUBLIC/Ghidra/Features/WildcardAssembler/ghidra_scripts
    /fastdata/lavaulta/auto-re-agent/.tools/ghidra_12.1.2_PUBLIC/Ghidra/Features/PyGhidra/ghidra_scripts
    /fastdata/lavaulta/auto-re-agent/.tools/ghidra_12.1.2_PUBLIC/Ghidra/Features/BSim/ghidra_scripts
    /fastdata/lavaulta/auto-re-agent/.tools/ghidra_12.1.2_PUBLIC/Ghidra/Features/VersionTracking/ghidra_scripts
    /fastdata/lavaulta/auto-re-agent/.tools/ghidra_12.1.2_PUBLIC/Ghidra/Features/BytePatterns/ghidra_scripts
    /fastdata/lavaulta/auto-re-agent/.tools/ghidra_12.1.2_PUBLIC/Ghidra/Processors/Atmel/ghidra_scripts
    /fastdata/lavaulta/auto-re-agent/.tools/ghidra_12.1.2_PUBLIC/Ghidra/Features/SystemEmulation/ghidra_scripts
    /fastdata/lavaulta/auto-re-agent/.tools/ghidra_12.1.2_PUBLIC/Ghidra/Processors/JVM/ghidra_scripts (HeadlessAnalyzer)  
INFO  HEADLESS: execution starts (HeadlessAnalyzer)  
INFO  Opening existing project: /fastdata/lavaulta/auto-re-agent/workspaces/ace-combat-6/ghidra-projects/ace-combat-6-corrected (HeadlessAnalyzer)  
INFO  Opening project: /fastdata/lavaulta/auto-re-agent/workspaces/ace-combat-6/ghidra-projects/ace-combat-6-corrected (HeadlessProject)  
INFO  REPORT: Processing project file: /default.xex (HeadlessAnalyzer)  
INFO  REPORT: Execute script: DumpRange.java '0x820a7070' '0x820a70e0'  (HeadlessAnalyzer)  
INFO  SCRIPT: /fastdata/lavaulta/auto-re-agent/workspaces/ace-combat-6/scripts/DumpRange.java (HeadlessAnalyzer)  
INFO  DumpRange.java> 820a7070 li r11,0x109 (GhidraScript)  
INFO  DumpRange.java> 820a7074 sth r9,0x16a(r31) (GhidraScript)  
INFO  DumpRange.java> 820a7078 or r3,r31,r31 (GhidraScript)  
INFO  DumpRange.java> 820a707c sth r8,0x16c(r31) (GhidraScript)  
INFO  DumpRange.java> 820a7080 sth r7,0x16e(r31) (GhidraScript)  
INFO  DumpRange.java> 820a7084 sth r6,0x170(r31) (GhidraScript)  
INFO  DumpRange.java> 820a7088 sth r11,0x172(r31) (GhidraScript)  
INFO  DumpRange.java> 820a708c addi r1,r1,0xf0 (GhidraScript)  
INFO  DumpRange.java> 820a7090 b 0x82386510 (GhidraScript)  
INFO  DumpRange.java> 820a7094 <not-disassembled> (GhidraScript)  
INFO  DumpRange.java> 820a7098 lis r11,-0x7dfb (GhidraScript)  
INFO  DumpRange.java> 820a709c li r10,0x1 (GhidraScript)  
INFO  DumpRange.java> 820a70a0 addi r9,r11,0x6604 (GhidraScript)  
INFO  DumpRange.java> 820a70a4 lis r11,-0x7dfb (GhidraScript)  
INFO  DumpRange.java> 820a70a8 addi r7,r11,0x642c (GhidraScript)  
INFO  DumpRange.java> 820a70ac lis r11,-0x7dfb (GhidraScript)  
INFO  DumpRange.java> 820a70b0 stw r9,0x0(r3) (GhidraScript)  
INFO  DumpRange.java> 820a70b4 lis r9,-0x7dfb (GhidraScript)  
INFO  DumpRange.java> 820a70b8 addi r8,r11,0x64b4 (GhidraScript)  
INFO  DumpRange.java> 820a70bc addi r11,r3,0x84 (GhidraScript)  
INFO  DumpRange.java> 820a70c0 stw r7,0x130(r3) (GhidraScript)  
INFO  DumpRange.java> 820a70c4 stw r8,0x8c(r3) (GhidraScript)  
INFO  DumpRange.java> 820a70c8 addi r8,r9,0x6530 (GhidraScript)  
INFO  DumpRange.java> 820a70cc subi r11,r11,0x8 (GhidraScript)  
INFO  DumpRange.java> 820a70d0 subi r10,r10,0x1 (GhidraScript)  
INFO  DumpRange.java> 820a70d4 cmpwi cr6,r10,0x0 (GhidraScript)  
INFO  DumpRange.java> 820a70d8 stw r8,0x0(r11) (GhidraScript)  
INFO  DumpRange.java> 820a70dc bge cr6,0x820a70cc (GhidraScript)  
INFO  REPORT: Execute script: DumpRange.java '0x820a7608' '0x820a7c20'  (HeadlessAnalyzer)  
INFO  SCRIPT: /fastdata/lavaulta/auto-re-agent/workspaces/ace-combat-6/scripts/DumpRange.java (HeadlessAnalyzer)  
INFO  DumpRange.java> 820a7608 or r8,r5,r5 (GhidraScript)  
INFO  DumpRange.java> 820a760c cmplwi cr6,r8,0x0 (GhidraScript)  
INFO  DumpRange.java> 820a7610 beq cr6,0x820a7664 (GhidraScript)  
INFO  DumpRange.java> 820a7614 cmplwi cr6,r9,0x100 (GhidraScript)  
INFO  DumpRange.java> 820a7618 bge cr6,0x820a7654 (GhidraScript)  
INFO  DumpRange.java> 820a761c lbzx r11,r9,r29 (GhidraScript)  
INFO  DumpRange.java> 820a7620 extsb r11,r11 (GhidraScript)  
INFO  DumpRange.java> 820a7624 cmpwi cr6,r11,0x0 (GhidraScript)  
INFO  DumpRange.java> 820a7628 blt cr6,0x820a7654 (GhidraScript)  
INFO  DumpRange.java> 820a762c cmpw cr6,r11,r7 (GhidraScript)  
INFO  DumpRange.java> 820a7630 bge cr6,0x820a7654 (GhidraScript)  
INFO  DumpRange.java> 820a7634 rlwinm r11,r11,0x1,0x0,0x1e (GhidraScript)  
INFO  DumpRange.java> 820a7638 rlwinm r10,r10,0x0,0x10,0x1f (GhidraScript)  
INFO  DumpRange.java> 820a763c addi r6,r1,0x70 (GhidraScript)  
INFO  DumpRange.java> 820a7640 rlwinm r4,r10,0x1,0x0,0x1e (GhidraScript)  
INFO  DumpRange.java> 820a7644 addi r10,r10,0x1 (GhidraScript)  
INFO  DumpRange.java> 820a7648 lhzx r11,r11,r27 (GhidraScript)  
INFO  DumpRange.java> 820a764c rlwinm r10,r10,0x0,0x10,0x1f (GhidraScript)  
INFO  DumpRange.java> 820a7650 sthx r11,r4,r6 (GhidraScript)  
INFO  DumpRange.java> 820a7654 addi r11,r9,0x1 (GhidraScript)  
INFO  DumpRange.java> 820a7658 rlwinm r9,r11,0x0,0x10,0x1f (GhidraScript)  
INFO  DumpRange.java> 820a765c cmplw cr6,r9,r8 (GhidraScript)  
INFO  DumpRange.java> 820a7660 blt cr6,0x820a7614 (GhidraScript)  
INFO  DumpRange.java> 820a7664 lwz r11,0x0(r30) (GhidraScript)  
INFO  DumpRange.java> 820a7668 addi r7,r1,0x62 (GhidraScript)  
INFO  DumpRange.java> 820a766c addi r6,r1,0x60 (GhidraScript)  
INFO  DumpRange.java> 820a7670 addi r4,r1,0x70 (GhidraScript)  
INFO  DumpRange.java> 820a7674 or r3,r30,r30 (GhidraScript)  
INFO  DumpRange.java> 820a7678 lwz r11,0x34(r11) (GhidraScript)  
INFO  DumpRange.java> 820a767c mtspr CTR,r11 (GhidraScript)  
INFO  DumpRange.java> 820a7680 bctrl (GhidraScript)  
INFO  DumpRange.java> 820a7684 lwz r11,0x0(r30) (GhidraScript)  
INFO  DumpRange.java> 820a7688 lhz r8,0x62(r1) (GhidraScript)  
INFO  DumpRange.java> 820a768c or r10,r25,r25 (GhidraScript)  
INFO  DumpRange.java> 820a7690 lhz r7,0x60(r1) (GhidraScript)  
INFO  DumpRange.java> 820a7694 or r9,r26,r26 (GhidraScript)  
INFO  DumpRange.java> 820a7698 stw r23,0x5c(r1) (GhidraScript)  
INFO  DumpRange.java> 820a769c or r6,r31,r31 (GhidraScript)  
INFO  DumpRange.java> 820a76a0 stw r24,0x54(r1) (GhidraScript)  
INFO  DumpRange.java> 820a76a4 addi r5,r1,0x70 (GhidraScript)  
INFO  DumpRange.java> 820a76a8 lwz r11,0x3c(r11) (GhidraScript)  
INFO  DumpRange.java> 820a76ac or r4,r28,r28 (GhidraScript)  
INFO  DumpRange.java> 820a76b0 or r3,r30,r30 (GhidraScript)  
INFO  DumpRange.java> 820a76b4 mtspr CTR,r11 (GhidraScript)  
INFO  DumpRange.java> 820a76b8 bctrl (GhidraScript)  
INFO  DumpRange.java> 820a76bc addi r1,r1,0x2c0 (GhidraScript)  
INFO  DumpRange.java> 820a76c0 b 0x82386534 (GhidraScript)  
INFO  DumpRange.java> 820a76c4 lis r11,-0x7dfb (GhidraScript)  
INFO  DumpRange.java> 820a76c8 lfs f1,0x42b8(r11) (GhidraScript)  
INFO  DumpRange.java> 820a76cc addi r1,r1,0x2c0 (GhidraScript)  
INFO  DumpRange.java> 820a76d0 b 0x82386534 (GhidraScript)  
INFO  DumpRange.java> 820a76d4 <not-disassembled> (GhidraScript)  
INFO  DumpRange.java> 820a76d8 mfspr r12,LR (GhidraScript)  
INFO  DumpRange.java> 820a76dc bl 0x823864f8 (GhidraScript)  
INFO  DumpRange.java> 820a76e0 stwu r1,-0x80(r1) (GhidraScript)  
INFO  DumpRange.java> 820a76e4 or r11,r3,r3 (GhidraScript)  
INFO  DumpRange.java> 820a76e8 or r28,r4,r4 (GhidraScript)  
INFO  DumpRange.java> 820a76ec addi r3,r11,0x4 (GhidraScript)  
INFO  DumpRange.java> 820a76f0 or r31,r5,r5 (GhidraScript)  
INFO  DumpRange.java> 820a76f4 or r30,r6,r6 (GhidraScript)  
INFO  DumpRange.java> 820a76f8 lwz r11,0x4(r11) (GhidraScript)  
INFO  DumpRange.java> 820a76fc or r29,r7,r7 (GhidraScript)  
INFO  DumpRange.java> 820a7700 lwz r11,0x54(r11) (GhidraScript)  
INFO  DumpRange.java> 820a7704 mtspr CTR,r11 (GhidraScript)  
INFO  DumpRange.java> 820a7708 bctrl (GhidraScript)  
INFO  DumpRange.java> 820a770c lis r11,-0x7dfb (GhidraScript)  
INFO  DumpRange.java> 820a7710 li r9,0x0 (GhidraScript)  
INFO  DumpRange.java> 820a7714 addi r11,r11,0x47fc (GhidraScript)  
INFO  DumpRange.java> 820a7718 or r3,r9,r9 (GhidraScript)  
INFO  DumpRange.java> 820a771c sth r9,0x0(r30) (GhidraScript)  
INFO  DumpRange.java> 820a7720 lfs f0,-0x544(r11) (GhidraScript)  
INFO  DumpRange.java> 820a7724 sth r31,0x0(r29) (GhidraScript)  
INFO  DumpRange.java> 820a7728 fcmpu cr6,f1,f0 (GhidraScript)  
INFO  DumpRange.java> 820a772c <not-disassembled> (GhidraScript)  
INFO  DumpRange.java> 820a7730 rlwinm r6,r31,0x0,0x10,0x1f (GhidraScript)  
INFO  DumpRange.java> 820a7734 or r7,r9,r9 (GhidraScript)  
INFO  DumpRange.java> 820a7738 cmplwi cr6,r6,0x0 (GhidraScript)  
INFO  DumpRange.java> 820a773c beq cr6,0x820a77ec (GhidraScript)  
INFO  DumpRange.java> 820a7740 lis r10,0x6666 (GhidraScript)  
INFO  DumpRange.java> 820a7744 lfs f13,0x0(r11) (GhidraScript)  
INFO  DumpRange.java> 820a7748 ori r8,r10,0x6667 (GhidraScript)  
INFO  DumpRange.java> 820a774c rlwinm r11,r9,0x1,0x0,0x1e (GhidraScript)  
INFO  DumpRange.java> 820a7750 lhzx r11,r11,r28 (GhidraScript)  
INFO  DumpRange.java> 820a7754 extsh r11,r11 (GhidraScript)  
INFO  DumpRange.java> 820a7758 cmpwi cr6,r11,-0x1 (GhidraScript)  
INFO  DumpRange.java> 820a775c bge cr6,0x820a77b4 (GhidraScript)  
INFO  DumpRange.java> 820a7760 rlwinm r10,r3,0x0,0x10,0x1f (GhidraScript)  
INFO  DumpRange.java> 820a7764 mulhw r11,r11,r8 (GhidraScript)  
INFO  DumpRange.java> 820a7768 addi r10,r10,0x1 (GhidraScript)  
INFO  DumpRange.java> 820a776c srawi r11,r11,0x2 (GhidraScript)  
INFO  DumpRange.java> 820a7770 rlwinm r3,r10,0x0,0x10,0x1f (GhidraScript)  
INFO  DumpRange.java> 820a7774 rlwinm r10,r11,0x1,0x1f,0x1f (GhidraScript)  
INFO  DumpRange.java> 820a7778 add r11,r11,r10 (GhidraScript)  
INFO  DumpRange.java> 820a777c extsw r11,r11 (GhidraScript)  
INFO  DumpRange.java> 820a7780 std r11,0x50(r1) (GhidraScript)  
INFO  DumpRange.java> 820a7784 lfd f12,0x50(r1) (GhidraScript)  
INFO  DumpRange.java> 820a7788 fcfid f12,f12 (GhidraScript)  
INFO  DumpRange.java> 820a778c frsp f12,f12 (GhidraScript)  
INFO  DumpRange.java> 820a7790 fnmsubs f0,f12,f13,f0 (GhidraScript)  
INFO  DumpRange.java> 820a7794 fcmpu cr6,f1,f0 (GhidraScript)  
INFO  DumpRange.java> 820a7798 ble cr6,0x820a77d0 (GhidraScript)  
INFO  DumpRange.java> 820a779c lhz r11,0x0(r29) (GhidraScript)  
INFO  DumpRange.java> 820a77a0 subi r11,r11,0x1 (GhidraScript)  
INFO  DumpRange.java> 820a77a4 cmpw cr6,r9,r11 (GhidraScript)  
INFO  DumpRange.java> 820a77a8 bge cr6,0x820a77b4 (GhidraScript)  
INFO  DumpRange.java> 820a77ac addi r11,r9,0x1 (GhidraScript)  
INFO  DumpRange.java> 820a77b0 sth r11,0x0(r30) (GhidraScript)  
INFO  DumpRange.java> 820a77b4 addi r11,r9,0x1 (GhidraScript)  
INFO  DumpRange.java> 820a77b8 rlwinm r7,r11,0x0,0x10,0x1f (GhidraScript)  
INFO  DumpRange.java> 820a77bc or r9,r7,r7 (GhidraScript)  
INFO  DumpRange.java> 820a77c0 cmplw cr6,r9,r6 (GhidraScript)  
INFO  DumpRange.java> 820a77c4 blt cr6,0x820a774c (GhidraScript)  
INFO  DumpRange.java> 820a77c8 addi r1,r1,0x80 (GhidraScript)  
INFO  DumpRange.java> 820a77cc b 0x82386548 (GhidraScript)  
INFO  DumpRange.java> 820a77d0 lhz r11,0x0(r30) (GhidraScript)  
INFO  DumpRange.java> 820a77d4 rlwinm r10,r7,0x0,0x10,0x1f (GhidraScript)  
INFO  DumpRange.java> 820a77d8 or r9,r11,r11 (GhidraScript)  
INFO  DumpRange.java> 820a77dc cmplw cr6,r10,r9 (GhidraScript)  
INFO  DumpRange.java> 820a77e0 beq cr6,0x820a77e8 (GhidraScript)  
INFO  DumpRange.java> 820a77e4 or r11,r7,r7 (GhidraScript)  
INFO  DumpRange.java> 820a77e8 sth r11,0x0(r29) (GhidraScript)  
INFO  DumpRange.java> 820a77ec addi r1,r1,0x80 (GhidraScript)  
INFO  DumpRange.java> 820a77f0 b 0x82386548 (GhidraScript)  
INFO  DumpRange.java> 820a77f4 <not-disassembled> (GhidraScript)  
INFO  DumpRange.java> 820a77f8 mfspr r12,LR (GhidraScript)  
INFO  DumpRange.java> 820a77fc bl 0x823864f0 (GhidraScript)  
INFO  DumpRange.java> 820a7800 stfd f29,-0x50(r1) (GhidraScript)  
INFO  DumpRange.java> 820a7804 stfd f30,-0x48(r1) (GhidraScript)  
INFO  DumpRange.java> 820a7808 stfd f31,-0x40(r1) (GhidraScript)  
INFO  DumpRange.java> 820a780c stwu r1,-0xd0(r1) (GhidraScript)  
INFO  DumpRange.java> 820a7810 or r31,r3,r3 (GhidraScript)  
INFO  DumpRange.java> 820a7814 or r29,r4,r4 (GhidraScript)  
INFO  DumpRange.java> 820a7818 addi r30,r31,0x4 (GhidraScript)  
INFO  DumpRange.java> 820a781c or r3,r30,r30 (GhidraScript)  
INFO  DumpRange.java> 820a7820 lwz r11,0x4(r31) (GhidraScript)  
INFO  DumpRange.java> 820a7824 lwz r11,0x8(r11) (GhidraScript)  
INFO  DumpRange.java> 820a7828 mtspr CTR,r11 (GhidraScript)  
INFO  DumpRange.java> 820a782c bctrl (GhidraScript)  
INFO  DumpRange.java> 820a7830 or r28,r3,r3 (GhidraScript)  
INFO  DumpRange.java> 820a7834 cmplwi cr6,r28,0x0 (GhidraScript)  
INFO  DumpRange.java> 820a7838 beq cr6,0x820a79a0 (GhidraScript)  
INFO  DumpRange.java> 820a783c lwz r11,0x0(r28) (GhidraScript)  
INFO  DumpRange.java> 820a7840 or r4,r29,r29 (GhidraScript)  
INFO  DumpRange.java> 820a7844 lwz r11,0x28(r11) (GhidraScript)  
INFO  DumpRange.java> 820a7848 mtspr CTR,r11 (GhidraScript)  
INFO  DumpRange.java> 820a784c bctrl (GhidraScript)  
INFO  DumpRange.java> 820a7850 lwz r11,0x0(r28) (GhidraScript)  
INFO  DumpRange.java> 820a7854 or r27,r3,r3 (GhidraScript)  
INFO  DumpRange.java> 820a7858 or r4,r29,r29 (GhidraScript)  
INFO  DumpRange.java> 820a785c or r3,r28,r28 (GhidraScript)  
INFO  DumpRange.java> 820a7860 lwz r11,0x2c(r11) (GhidraScript)  
INFO  DumpRange.java> 820a7864 mtspr CTR,r11 (GhidraScript)  
INFO  DumpRange.java> 820a7868 bctrl (GhidraScript)  
INFO  DumpRange.java> 820a786c or r5,r3,r3 (GhidraScript)  
INFO  DumpRange.java> 820a7870 cmplwi cr6,r27,0x0 (GhidraScript)  
INFO  DumpRange.java> 820a7874 beq cr6,0x820a79a0 (GhidraScript)  
INFO  DumpRange.java> 820a7878 rlwinm r26,r5,0x0,0x10,0x1f (GhidraScript)  
INFO  DumpRange.java> 820a787c cmplwi cr6,r26,0x0 (GhidraScript)  
INFO  DumpRange.java> 820a7880 beq cr6,0x820a79a0 (GhidraScript)  
INFO  DumpRange.java> 820a7884 lwz r11,0x0(r31) (GhidraScript)  
INFO  DumpRange.java> 820a7888 addi r7,r1,0x50 (GhidraScript)  
INFO  DumpRange.java> 820a788c addi r6,r1,0x52 (GhidraScript)  
INFO  DumpRange.java> 820a7890 or r4,r27,r27 (GhidraScript)  
INFO  DumpRange.java> 820a7894 or r3,r31,r31 (GhidraScript)  
INFO  DumpRange.java> 820a7898 lwz r11,0x34(r11) (GhidraScript)  
INFO  DumpRange.java> 820a789c mtspr CTR,r11 (GhidraScript)  
INFO  DumpRange.java> 820a78a0 bctrl (GhidraScript)  
INFO  DumpRange.java> 820a78a4 lis r11,-0x7dfb (GhidraScript)  
INFO  DumpRange.java> 820a78a8 lwz r10,0x0(r30) (GhidraScript)  
INFO  DumpRange.java> 820a78ac or r5,r29,r29 (GhidraScript)  
INFO  DumpRange.java> 820a78b0 addi r4,r1,0x60 (GhidraScript)  
INFO  DumpRange.java> 820a78b4 or r3,r30,r30 (GhidraScript)  
INFO  DumpRange.java> 820a78b8 lfs f31,0x42b8(r11) (GhidraScript)  
INFO  DumpRange.java> 820a78bc li r11,0x0 (GhidraScript)  
INFO  DumpRange.java> 820a78c0 stfs f31,0x60(r1) (GhidraScript)  
INFO  DumpRange.java> 820a78c4 stfs f31,0x64(r1) (GhidraScript)  
INFO  DumpRange.java> 820a78c8 stfs f31,0x68(r1) (GhidraScript)  
INFO  DumpRange.java> 820a78cc stfs f31,0x6c(r1) (GhidraScript)  
INFO  DumpRange.java> 820a78d0 stw r11,0x78(r1) (GhidraScript)  
INFO  DumpRange.java> 820a78d4 stfs f31,0x70(r1) (GhidraScript)  
INFO  DumpRange.java> 820a78d8 stw r11,0x7c(r1) (GhidraScript)  
INFO  DumpRange.java> 820a78dc stfs f31,0x74(r1) (GhidraScript)  
INFO  DumpRange.java> 820a78e0 lwz r11,0x30(r10) (GhidraScript)  
INFO  DumpRange.java> 820a78e4 mtspr CTR,r11 (GhidraScript)  
INFO  DumpRange.java> 820a78e8 bctrl (GhidraScript)  
INFO  DumpRange.java> 820a78ec lhz r11,0x52(r1) (GhidraScript)  
INFO  DumpRange.java> 820a78f0 lhz r10,0x50(r1) (GhidraScript)  
INFO  DumpRange.java> 820a78f4 fmr f29,f31 (GhidraScript)  
INFO  DumpRange.java> 820a78f8 fmr f30,f31 (GhidraScript)  
INFO  DumpRange.java> 820a78fc cmplw cr6,r11,r10 (GhidraScript)  
INFO  DumpRange.java> 820a7900 bge cr6,0x820a7988 (GhidraScript)  
INFO  DumpRange.java> 820a7904 or r31,r11,r11 (GhidraScript)  
INFO  DumpRange.java> 820a7908 rlwinm r11,r31,0x1,0x0,0x1e (GhidraScript)  
INFO  DumpRange.java> 820a790c lhzx r4,r11,r27 (GhidraScript)  
INFO  DumpRange.java> 820a7910 extsh r11,r4 (GhidraScript)  
INFO  DumpRange.java> 820a7914 cmpwi cr6,r11,0x0 (GhidraScript)  
INFO  DumpRange.java> 820a7918 bge cr6,0x820a7930 (GhidraScript)  
INFO  DumpRange.java> 820a791c subi r11,r26,0x1 (GhidraScript)  
INFO  DumpRange.java> 820a7920 cmpw cr6,r31,r11 (GhidraScript)  
INFO  DumpRange.java> 820a7924 bge cr6,0x820a7930 (GhidraScript)  
INFO  DumpRange.java> 820a7928 fmr f30,f31 (GhidraScript)  
INFO  DumpRange.java> 820a792c b 0x820a7974 (GhidraScript)  
INFO  DumpRange.java> 820a7930 lwz r11,0x0(r28) (GhidraScript)  
INFO  DumpRange.java> 820a7934 or r3,r28,r28 (GhidraScript)  
INFO  DumpRange.java> 820a7938 lwz r11,0x60(r11) (GhidraScript)  
INFO  DumpRange.java> 820a793c mtspr CTR,r11 (GhidraScript)  
INFO  DumpRange.java> 820a7940 bctrl (GhidraScript)  
INFO  DumpRange.java> 820a7944 cmplwi cr6,r3,0x0 (GhidraScript)  
INFO  DumpRange.java> 820a7948 beq cr6,0x820a7968 (GhidraScript)  
INFO  DumpRange.java> 820a794c lwz r11,0x0(r3) (GhidraScript)  
INFO  DumpRange.java> 820a7950 lwz r11,0x48(r11) (GhidraScript)  
INFO  DumpRange.java> 820a7954 mtspr CTR,r11 (GhidraScript)  
INFO  DumpRange.java> 820a7958 bctrl (GhidraScript)  
INFO  DumpRange.java> 820a795c lfs f0,0x70(r1) (GhidraScript)  
INFO  DumpRange.java> 820a7960 fadds f0,f1,f0 (GhidraScript)  
INFO  DumpRange.java> 820a7964 fadds f30,f0,f30 (GhidraScript)  
INFO  DumpRange.java> 820a7968 fcmpu cr6,f29,f30 (GhidraScript)  
INFO  DumpRange.java> 820a796c bge cr6,0x820a7974 (GhidraScript)  
INFO  DumpRange.java> 820a7970 fmr f29,f30 (GhidraScript)  
INFO  DumpRange.java> 820a7974 addi r11,r31,0x1 (GhidraScript)  
INFO  DumpRange.java> 820a7978 lhz r10,0x50(r1) (GhidraScript)  
INFO  DumpRange.java> 820a797c rlwinm r31,r11,0x0,0x10,0x1f (GhidraScript)  
INFO  DumpRange.java> 820a7980 cmplw cr6,r31,r10 (GhidraScript)  
INFO  DumpRange.java> 820a7984 blt cr6,0x820a7908 (GhidraScript)  
INFO  DumpRange.java> 820a7988 fmr f1,f29 (GhidraScript)  
INFO  DumpRange.java> 820a798c addi r1,r1,0xd0 (GhidraScript)  
INFO  DumpRange.java> 820a7990 lfd f29,-0x50(r1) (GhidraScript)  
INFO  DumpRange.java> 820a7994 lfd f30,-0x48(r1) (GhidraScript)  
INFO  DumpRange.java> 820a7998 lfd f31,-0x40(r1) (GhidraScript)  
INFO  DumpRange.java> 820a799c b 0x82386540 (GhidraScript)  
INFO  DumpRange.java> 820a79a0 lis r11,-0x7dfb (GhidraScript)  
INFO  DumpRange.java> 820a79a4 lfs f1,0x42b8(r11) (GhidraScript)  
INFO  DumpRange.java> 820a79a8 addi r1,r1,0xd0 (GhidraScript)  
INFO  DumpRange.java> 820a79ac lfd f29,-0x50(r1) (GhidraScript)  
INFO  DumpRange.java> 820a79b0 lfd f30,-0x48(r1) (GhidraScript)  
INFO  DumpRange.java> 820a79b4 lfd f31,-0x40(r1) (GhidraScript)  
INFO  DumpRange.java> 820a79b8 b 0x82386540 (GhidraScript)  
INFO  DumpRange.java> 820a79bc <not-disassembled> (GhidraScript)  
INFO  DumpRange.java> 820a79c0 mfspr r12,LR (GhidraScript)  
INFO  DumpRange.java> 820a79c4 bl 0x823864e8 (GhidraScript)  
INFO  DumpRange.java> 820a79c8 stwu r1,-0xb0(r1) (GhidraScript)  
INFO  DumpRange.java> 820a79cc or r31,r3,r3 (GhidraScript)  
INFO  DumpRange.java> 820a79d0 or r28,r4,r4 (GhidraScript)  
INFO  DumpRange.java> 820a79d4 or r27,r5,r5 (GhidraScript)  
INFO  DumpRange.java> 820a79d8 or r26,r6,r6 (GhidraScript)  
INFO  DumpRange.java> 820a79dc or r25,r7,r7 (GhidraScript)  
INFO  DumpRange.java> 820a79e0 lwz r11,0x4(r31) (GhidraScript)  
INFO  DumpRange.java> 820a79e4 or r24,r8,r8 (GhidraScript)  
INFO  DumpRange.java> 820a79e8 addi r3,r31,0x4 (GhidraScript)  
INFO  DumpRange.java> 820a79ec lwz r11,0x8(r11) (GhidraScript)  
INFO  DumpRange.java> 820a79f0 mtspr CTR,r11 (GhidraScript)  
INFO  DumpRange.java> 820a79f4 bctrl (GhidraScript)  
INFO  DumpRange.java> 820a79f8 or r30,r3,r3 (GhidraScript)  
INFO  DumpRange.java> 820a79fc cmplwi cr6,r30,0x0 (GhidraScript)  
INFO  DumpRange.java> 820a7a00 beq cr6,0x820a7ab0 (GhidraScript)  
INFO  DumpRange.java> 820a7a04 lwz r11,0x0(r30) (GhidraScript)  
INFO  DumpRange.java> 820a7a08 or r4,r28,r28 (GhidraScript)  
INFO  DumpRange.java> 820a7a0c lwz r11,0x28(r11) (GhidraScript)  
INFO  DumpRange.java> 820a7a10 mtspr CTR,r11 (GhidraScript)  
INFO  DumpRange.java> 820a7a14 bctrl (GhidraScript)  
INFO  DumpRange.java> 820a7a18 lwz r11,0x0(r30) (GhidraScript)  
INFO  DumpRange.java> 820a7a1c or r29,r3,r3 (GhidraScript)  
INFO  DumpRange.java> 820a7a20 or r4,r28,r28 (GhidraScript)  
INFO  DumpRange.java> 820a7a24 or r3,r30,r30 (GhidraScript)  
INFO  DumpRange.java> 820a7a28 lwz r11,0x2c(r11) (GhidraScript)  
INFO  DumpRange.java> 820a7a2c mtspr CTR,r11 (GhidraScript)  
INFO  DumpRange.java> 820a7a30 bctrl (GhidraScript)  
INFO  DumpRange.java> 820a7a34 or r30,r3,r3 (GhidraScript)  
INFO  DumpRange.java> 820a7a38 cmplwi cr6,r29,0x0 (GhidraScript)  
INFO  DumpRange.java> 820a7a3c beq cr6,0x820a7ab0 (GhidraScript)  
INFO  DumpRange.java> 820a7a40 rlwinm r11,r30,0x0,0x10,0x1f (GhidraScript)  
INFO  DumpRange.java> 820a7a44 cmplwi cr6,r11,0x0 (GhidraScript)  
INFO  DumpRange.java> 820a7a48 beq cr6,0x820a7ab0 (GhidraScript)  
INFO  DumpRange.java> 820a7a4c lwz r11,0x0(r31) (GhidraScript)  
INFO  DumpRange.java> 820a7a50 addi r7,r1,0x60 (GhidraScript)  
INFO  DumpRange.java> 820a7a54 addi r6,r1,0x62 (GhidraScript)  
INFO  DumpRange.java> 820a7a58 or r5,r30,r30 (GhidraScript)  
INFO  DumpRange.java> 820a7a5c or r4,r29,r29 (GhidraScript)  
INFO  DumpRange.java> 820a7a60 or r3,r31,r31 (GhidraScript)  
INFO  DumpRange.java> 820a7a64 lwz r11,0x34(r11) (GhidraScript)  
INFO  DumpRange.java> 820a7a68 mtspr CTR,r11 (GhidraScript)  
INFO  DumpRange.java> 820a7a6c bctrl (GhidraScript)  
INFO  DumpRange.java> 820a7a70 lwz r11,0x0(r31) (GhidraScript)  
INFO  DumpRange.java> 820a7a74 lhz r8,0x60(r1) (GhidraScript)  
INFO  DumpRange.java> 820a7a78 or r10,r26,r26 (GhidraScript)  
INFO  DumpRange.java> 820a7a7c lhz r7,0x62(r1) (GhidraScript)  
INFO  DumpRange.java> 820a7a80 or r9,r27,r27 (GhidraScript)  
INFO  DumpRange.java> 820a7a84 stw r24,0x5c(r1) (GhidraScript)  
INFO  DumpRange.java> 820a7a88 or r6,r30,r30 (GhidraScript)  
INFO  DumpRange.java> 820a7a8c stw r25,0x54(r1) (GhidraScript)  
INFO  DumpRange.java> 820a7a90 or r5,r29,r29 (GhidraScript)  
INFO  DumpRange.java> 820a7a94 lwz r11,0x3c(r11) (GhidraScript)  
INFO  DumpRange.java> 820a7a98 or r4,r28,r28 (GhidraScript)  
INFO  DumpRange.java> 820a7a9c or r3,r31,r31 (GhidraScript)  
INFO  DumpRange.java> 820a7aa0 mtspr CTR,r11 (GhidraScript)  
INFO  DumpRange.java> 820a7aa4 bctrl (GhidraScript)  
INFO  DumpRange.java> 820a7aa8 addi r1,r1,0xb0 (GhidraScript)  
INFO  DumpRange.java> 820a7aac b 0x82386538 (GhidraScript)  
INFO  DumpRange.java> 820a7ab0 lis r11,-0x7dfb (GhidraScript)  
INFO  DumpRange.java> 820a7ab4 lfs f1,0x42b8(r11) (GhidraScript)  
INFO  DumpRange.java> 820a7ab8 addi r1,r1,0xb0 (GhidraScript)  
INFO  DumpRange.java> 820a7abc b 0x82386538 (GhidraScript)  
INFO  DumpRange.java> 820a7ac0 mfspr r12,LR (GhidraScript)  
INFO  DumpRange.java> 820a7ac4 bl 0x823864dc (GhidraScript)  
INFO  DumpRange.java> 820a7ac8 subi r12,r1,0x60 (GhidraScript)  
INFO  DumpRange.java> 820a7acc bl 0x82387a3c (GhidraScript)  
INFO  DumpRange.java> 820a7ad0 stwu r1,-0x120(r1) (GhidraScript)  
INFO  DumpRange.java> 820a7ad4 lwz r11,0x4(r3) (GhidraScript)  
INFO  DumpRange.java> 820a7ad8 addi r31,r3,0x4 (GhidraScript)  
INFO  DumpRange.java> 820a7adc or r30,r4,r4 (GhidraScript)  
INFO  DumpRange.java> 820a7ae0 or r24,r5,r5 (GhidraScript)  
INFO  DumpRange.java> 820a7ae4 or r23,r6,r6 (GhidraScript)  
INFO  DumpRange.java> 820a7ae8 or r28,r7,r7 (GhidraScript)  
INFO  DumpRange.java> 820a7aec lwz r11,0x8(r11) (GhidraScript)  
INFO  DumpRange.java> 820a7af0 or r27,r8,r8 (GhidraScript)  
INFO  DumpRange.java> 820a7af4 or r22,r9,r9 (GhidraScript)  
INFO  DumpRange.java> 820a7af8 or r21,r10,r10 (GhidraScript)  
INFO  DumpRange.java> 820a7afc or r3,r31,r31 (GhidraScript)  
INFO  DumpRange.java> 820a7b00 mtspr CTR,r11 (GhidraScript)  
INFO  DumpRange.java> 820a7b04 bctrl (GhidraScript)  
INFO  DumpRange.java> 820a7b08 or r26,r3,r3 (GhidraScript)  
INFO  DumpRange.java> 820a7b0c lis r11,-0x7dfb (GhidraScript)  
INFO  DumpRange.java> 820a7b10 cmplwi cr6,r26,0x0 (GhidraScript)  
INFO  DumpRange.java> 820a7b14 bne cr6,0x820a7b30 (GhidraScript)  
INFO  DumpRange.java> 820a7b18 addi r11,r11,0x47fc (GhidraScript)  
INFO  DumpRange.java> 820a7b1c lfs f1,-0x544(r11) (GhidraScript)  
INFO  DumpRange.java> 820a7b20 addi r1,r1,0x120 (GhidraScript)  
INFO  DumpRange.java> 820a7b24 subi r12,r1,0x60 (GhidraScript)  
INFO  DumpRange.java> 820a7b28 bl 0x82387a88 (GhidraScript)  
INFO  DumpRange.java> 820a7b2c b 0x8238652c (GhidraScript)  
INFO  DumpRange.java> 820a7b30 addi r25,r11,0x47fc (GhidraScript)  
INFO  DumpRange.java> 820a7b34 lwz r10,0x0(r31) (GhidraScript)  
INFO  DumpRange.java> 820a7b38 li r29,0x0 (GhidraScript)  
INFO  DumpRange.java> 820a7b3c or r5,r30,r30 (GhidraScript)  
INFO  DumpRange.java> 820a7b40 addi r4,r1,0x60 (GhidraScript)  
INFO  DumpRange.java> 820a7b44 or r3,r31,r31 (GhidraScript)  
INFO  DumpRange.java> 820a7b48 lfs f29,-0x544(r25) (GhidraScript)  
INFO  DumpRange.java> 820a7b4c lwz r11,0x30(r10) (GhidraScript)  
INFO  DumpRange.java> 820a7b50 stfs f29,0x60(r1) (GhidraScript)  
INFO  DumpRange.java> 820a7b54 fmr f31,f29 (GhidraScript)  
INFO  DumpRange.java> 820a7b58 stfs f29,0x64(r1) (GhidraScript)  
INFO  DumpRange.java> 820a7b5c stw r29,0x78(r1) (GhidraScript)  
INFO  DumpRange.java> 820a7b60 stfs f29,0x68(r1) (GhidraScript)  
INFO  DumpRange.java> 820a7b64 stw r29,0x7c(r1) (GhidraScript)  
INFO  DumpRange.java> 820a7b68 stfs f29,0x6c(r1) (GhidraScript)  
INFO  DumpRange.java> 820a7b6c stfs f29,0x70(r1) (GhidraScript)  
INFO  DumpRange.java> 820a7b70 stfs f29,0x74(r1) (GhidraScript)  
INFO  DumpRange.java> 820a7b74 mtspr CTR,r11 (GhidraScript)  
INFO  DumpRange.java> 820a7b78 bctrl (GhidraScript)  
INFO  DumpRange.java> 820a7b7c lwz r11,0x0(r26) (GhidraScript)  
INFO  DumpRange.java> 820a7b80 or r4,r30,r30 (GhidraScript)  
INFO  DumpRange.java> 820a7b84 or r3,r26,r26 (GhidraScript)  
INFO  DumpRange.java> 820a7b88 lwz r11,0x64(r11) (GhidraScript)  
INFO  DumpRange.java> 820a7b8c mtspr CTR,r11 (GhidraScript)  
INFO  DumpRange.java> 820a7b90 bctrl (GhidraScript)  
INFO  DumpRange.java> 820a7b94 cmplwi cr6,r3,0x0 (GhidraScript)  
INFO  DumpRange.java> 820a7b98 beq cr6,0x820a7bb0 (GhidraScript)  
INFO  DumpRange.java> 820a7b9c lwz r11,0x0(r3) (GhidraScript)  
INFO  DumpRange.java> 820a7ba0 lwz r11,0x10(r11) (GhidraScript)  
INFO  DumpRange.java> 820a7ba4 mtspr CTR,r11 (GhidraScript)  
INFO  DumpRange.java> 820a7ba8 bctrl (GhidraScript)  
INFO  DumpRange.java> 820a7bac fmr f31,f1 (GhidraScript)  
INFO  DumpRange.java> 820a7bb0 lis r11,-0x7df9 (GhidraScript)  
INFO  DumpRange.java> 820a7bb4 fneg f28,f31 (GhidraScript)  
INFO  DumpRange.java> 820a7bb8 rlwinm r27,r27,0x0,0x10,0x1f (GhidraScript)  
INFO  DumpRange.java> 820a7bbc fmr f26,f29 (GhidraScript)  
INFO  DumpRange.java> 820a7bc0 rlwinm r30,r28,0x0,0x10,0x1f (GhidraScript)  
INFO  DumpRange.java> 820a7bc4 fmr f25,f29 (GhidraScript)  
INFO  DumpRange.java> 820a7bc8 fmr f30,f29 (GhidraScript)  
INFO  DumpRange.java> 820a7bcc cmplw cr6,r30,r27 (GhidraScript)  
INFO  DumpRange.java> 820a7bd0 lfs f27,-0x62f4(r11) (GhidraScript)  
INFO  DumpRange.java> 820a7bd4 bge cr6,0x820a7cc4 (GhidraScript)  
INFO  DumpRange.java> 820a7bd8 rlwinm r11,r30,0x1,0x0,0x1e (GhidraScript)  
INFO  DumpRange.java> 820a7bdc lhzx r4,r11,r24 (GhidraScript)  
INFO  DumpRange.java> 820a7be0 extsh r11,r4 (GhidraScript)  
INFO  DumpRange.java> 820a7be4 cmpwi cr6,r11,0x0 (GhidraScript)  
INFO  DumpRange.java> 820a7be8 bge cr6,0x820a7c10 (GhidraScript)  
INFO  DumpRange.java> 820a7bec rlwinm r11,r23,0x0,0x10,0x1f (GhidraScript)  
INFO  DumpRange.java> 820a7bf0 subi r11,r11,0x1 (GhidraScript)  
INFO  DumpRange.java> 820a7bf4 cmpw cr6,r30,r11 (GhidraScript)  
INFO  DumpRange.java> 820a7bf8 bge cr6,0x820a7c10 (GhidraScript)  
INFO  DumpRange.java> 820a7bfc cmpwi cr6,r29,0x0 (GhidraScript)  
INFO  DumpRange.java> 820a7c00 bne cr6,0x820a7c08 (GhidraScript)  
INFO  DumpRange.java> 820a7c04 fmr f26,f30 (GhidraScript)  
INFO  DumpRange.java> 820a7c08 fmr f30,f29 (GhidraScript)  
INFO  DumpRange.java> 820a7c0c b 0x820a7cb0 (GhidraScript)  
INFO  DumpRange.java> 820a7c10 lwz r11,0x0(r26) (GhidraScript)  
INFO  DumpRange.java> 820a7c14 or r3,r26,r26 (GhidraScript)  
INFO  DumpRange.java> 820a7c18 lwz r11,0x60(r11) (GhidraScript)  
INFO  DumpRange.java> 820a7c1c mtspr CTR,r11 (GhidraScript)  
INFO  REPORT: Execute script: DumpBytes.java '0x820a77a0' '0x90'  (HeadlessAnalyzer)  
INFO  SCRIPT: /fastdata/lavaulta/auto-re-agent/workspaces/ace-combat-6/scripts/DumpBytes.java (HeadlessAnalyzer)  
INFO  DumpBytes.java> 820a77a0 39 6b ff ff 7f 09 58 00 40 98 00 0c 39 69 00 01 (GhidraScript)  
INFO  DumpBytes.java> 820a77b0 b1 7e 00 00 39 69 00 01 55 67 04 3e 7c e9 3b 78 (GhidraScript)  
INFO  DumpBytes.java> 820a77c0 7f 09 30 40 41 98 ff 88 38 21 00 80 48 2d ed 7c (GhidraScript)  
INFO  DumpBytes.java> 820a77d0 a1 7e 00 00 54 ea 04 3e 7d 69 5b 78 7f 0a 48 40 (GhidraScript)  
INFO  DumpBytes.java> 820a77e0 41 9a 00 08 7c eb 3b 78 b1 7d 00 00 38 21 00 80 (GhidraScript)  
INFO  DumpBytes.java> 820a77f0 48 2d ed 58 00 00 00 00 7d 88 02 a6 48 2d ec f5 (GhidraScript)  
INFO  DumpBytes.java> 820a7800 db a1 ff b0 db c1 ff b8 db e1 ff c0 94 21 ff 30 (GhidraScript)  
INFO  DumpBytes.java> 820a7810 7c 7f 1b 78 7c 9d 23 78 3b df 00 04 7f c3 f3 78 (GhidraScript)  
INFO  DumpBytes.java> 820a7820 81 7f 00 04 81 6b 00 08 7d 69 03 a6 4e 80 04 21 (GhidraScript)  
INFO  REPORT: Save succeeded for processed file: /default.xex (HeadlessAnalyzer)  
openjdk version "21.0.11" 2026-04-21
OpenJDK Runtime Environment (build 21.0.11+10-1-26.04.2-Ubuntu)
OpenJDK 64-Bit Server VM (build 21.0.11+10-1-26.04.2-Ubuntu, mixed mode)
INFO  Using log config file: jar:file:/fastdata/lavaulta/auto-re-agent/.tools/ghidra_12.1.2_PUBLIC/Ghidra/Framework/Generic/lib/Generic.jar!/generic.log4j.xml (LoggingInitialization)  
INFO  Using log file: /home/lavaulta/.config/ghidra/ghidra_12.1.2_PUBLIC/application.log (LoggingInitialization)  
INFO  Loading user preferences: /home/lavaulta/.config/ghidra/ghidra_12.1.2_PUBLIC/preferences (Preferences)  
INFO  Searching for classes... (ClassSearcher)  
INFO  Ignoring class 'xexloaderwv.XEXLoaderWVLoader' from '/fastdata/lavaulta/auto-re-agent/.tools/ghidra_12.1.2_PUBLIC/Ghidra/Extensions/XEXLoaderWV/lib/XEXLoaderWV.jar'. Already found at '/fastdata/lavaulta/auto-re-agent/.tools/ghidra_12.1.2_PUBLIC/Ghidra/patch/XEXLoaderWV-java21.jar'. (ClassSearcher)  
INFO  Class search complete (1635 ms) (ClassSearcher)  
INFO  Initializing SSL Context (DefaultSSLContextInitializer)  
INFO  Initializing Random Number Generator... (SecureRandomFactory)  
INFO  Random Number Generator initialization complete: NativePRNGNonBlocking (SecureRandomFactory)  
INFO  Trust manager disabled, cacerts have not been set (DefaultTrustManagerFactory)  
INFO  Headless startup complete (3253 ms) (AnalyzeHeadless)  
INFO  Class searcher loaded 59 extension points (20 false positives) (ClassSearcher)  
INFO  HEADLESS Script Paths:
    /fastdata/lavaulta/auto-re-agent/.tools/ghidra_12.1.2_PUBLIC/Ghidra/Features/MicrosoftCodeAnalyzer/ghidra_scripts
    /fastdata/lavaulta/auto-re-agent/.tools/ghidra_12.1.2_PUBLIC/Ghidra/Features/PDB/ghidra_scripts
    /fastdata/lavaulta/auto-re-agent/.tools/ghidra_12.1.2_PUBLIC/Ghidra/Processors/8051/ghidra_scripts
    /fastdata/lavaulta/auto-re-agent/.tools/ghidra_12.1.2_PUBLIC/Ghidra/Features/Base/ghidra_scripts
    /fastdata/lavaulta/auto-re-agent/workspaces/ace-combat-6/scripts
    /fastdata/lavaulta/auto-re-agent/.tools/ghidra_12.1.2_PUBLIC/Ghidra/Features/FileFormats/ghidra_scripts
    /fastdata/lavaulta/auto-re-agent/.tools/ghidra_12.1.2_PUBLIC/Ghidra/Features/GnuDemangler/ghidra_scripts
    /fastdata/lavaulta/auto-re-agent/.tools/ghidra_12.1.2_PUBLIC/Ghidra/Extensions/ghidra-emotionengine-reloaded/ghidra_scripts
    /fastdata/lavaulta/auto-re-agent/.tools/ghidra_12.1.2_PUBLIC/Ghidra/Features/Decompiler/ghidra_scripts
    /fastdata/lavaulta/auto-re-agent/.tools/ghidra_12.1.2_PUBLIC/Ghidra/Features/FunctionID/ghidra_scripts
    /fastdata/lavaulta/auto-re-agent/.tools/ghidra_12.1.2_PUBLIC/Ghidra/Features/DecompilerDependent/ghidra_scripts
    /fastdata/lavaulta/auto-re-agent/.tools/ghidra_12.1.2_PUBLIC/Ghidra/Processors/DATA/ghidra_scripts
    /fastdata/lavaulta/auto-re-agent/.tools/ghidra_12.1.2_PUBLIC/Ghidra/Debug/Debugger-rmi-trace/ghidra_scripts
    /fastdata/lavaulta/auto-re-agent/.tools/ghidra_12.1.2_PUBLIC/Ghidra/Features/SwiftDemangler/ghidra_scripts
    /fastdata/lavaulta/auto-re-agent/.tools/ghidra_12.1.2_PUBLIC/Ghidra/Debug/Debugger/ghidra_scripts
    /fastdata/lavaulta/auto-re-agent/.tools/ghidra_12.1.2_PUBLIC/Ghidra/Processors/PIC/ghidra_scripts
    /fastdata/lavaulta/auto-re-agent/.tools/ghidra_12.1.2_PUBLIC/Ghidra/Extensions/XEXLoaderWV/ghidra_scripts
    /fastdata/lavaulta/auto-re-agent/.tools/ghidra_12.1.2_PUBLIC/Ghidra/Features/WildcardAssembler/ghidra_scripts
    /fastdata/lavaulta/auto-re-agent/.tools/ghidra_12.1.2_PUBLIC/Ghidra/Features/PyGhidra/ghidra_scripts
    /fastdata/lavaulta/auto-re-agent/.tools/ghidra_12.1.2_PUBLIC/Ghidra/Features/BSim/ghidra_scripts
    /fastdata/lavaulta/auto-re-agent/.tools/ghidra_12.1.2_PUBLIC/Ghidra/Features/VersionTracking/ghidra_scripts
    /fastdata/lavaulta/auto-re-agent/.tools/ghidra_12.1.2_PUBLIC/Ghidra/Features/BytePatterns/ghidra_scripts
    /fastdata/lavaulta/auto-re-agent/.tools/ghidra_12.1.2_PUBLIC/Ghidra/Processors/Atmel/ghidra_scripts
    /fastdata/lavaulta/auto-re-agent/.tools/ghidra_12.1.2_PUBLIC/Ghidra/Features/SystemEmulation/ghidra_scripts
    /fastdata/lavaulta/auto-re-agent/.tools/ghidra_12.1.2_PUBLIC/Ghidra/Processors/JVM/ghidra_scripts (HeadlessAnalyzer)  
INFO  HEADLESS: execution starts (HeadlessAnalyzer)  
INFO  Opening existing project: /fastdata/lavaulta/auto-re-agent/workspaces/ace-combat-6/ghidra-projects/ace-combat-6-corrected (HeadlessAnalyzer)  
INFO  Opening project: /fastdata/lavaulta/auto-re-agent/workspaces/ace-combat-6/ghidra-projects/ace-combat-6-corrected (HeadlessProject)  
INFO  REPORT: Processing project file: /default.xex (HeadlessAnalyzer)  
INFO  REPORT: Execute script: DumpRange.java '0x820aac00' '0x820ab230'  (HeadlessAnalyzer)  
INFO  SCRIPT: /fastdata/lavaulta/auto-re-agent/workspaces/ace-combat-6/scripts/DumpRange.java (HeadlessAnalyzer)  
INFO  DumpRange.java> 820aac00 b 0x820aac08 (GhidraScript)  
INFO  DumpRange.java> 820aac04 or r14,r24,r24 (GhidraScript)  
INFO  DumpRange.java> 820aac08 or r16,r24,r24 (GhidraScript)  
INFO  DumpRange.java> 820aac0c cmpwi cr6,r20,0x0 (GhidraScript)  
INFO  DumpRange.java> 820aac10 beq cr6,0x820aac1c (GhidraScript)  
INFO  DumpRange.java> 820aac14 cmpwi cr6,r20,0x1 (GhidraScript)  
INFO  DumpRange.java> 820aac18 bne cr6,0x820aac54 (GhidraScript)  
INFO  DumpRange.java> 820aac1c lwz r11,0x0(r25) (GhidraScript)  
INFO  DumpRange.java> 820aac20 cntlzw r10,r20 (GhidraScript)  
INFO  DumpRange.java> 820aac24 or r4,r15,r15 (GhidraScript)  
INFO  DumpRange.java> 820aac28 rlwinm r5,r10,0x1b,0x1f,0x1f (GhidraScript)  
INFO  DumpRange.java> 820aac2c or r3,r25,r25 (GhidraScript)  
INFO  DumpRange.java> 820aac30 lwz r11,0x10(r11) (GhidraScript)  
INFO  DumpRange.java> 820aac34 mtspr CTR,r11 (GhidraScript)  
INFO  DumpRange.java> 820aac38 bctrl (GhidraScript)  
INFO  DumpRange.java> 820aac3c or r16,r3,r3 (GhidraScript)  
INFO  DumpRange.java> 820aac40 or r3,r25,r25 (GhidraScript)  
INFO  DumpRange.java> 820aac44 or r4,r16,r16 (GhidraScript)  
INFO  DumpRange.java> 820aac48 stw r21,0xd0(r16) (GhidraScript)  
INFO  DumpRange.java> 820aac4c stw r14,0xd4(r16) (GhidraScript)  
INFO  DumpRange.java> 820aac50 bl 0x822734c0 (GhidraScript)  
INFO  DumpRange.java> 820aac54 lwz r11,0x4eb4(r18) (GhidraScript)  
INFO  DumpRange.java> 820aac58 lwzx r3,r11,r19 (GhidraScript)  
INFO  DumpRange.java> 820aac5c lwz r11,0x0(r3) (GhidraScript)  
INFO  DumpRange.java> 820aac60 lwz r11,0x4(r11) (GhidraScript)  
INFO  DumpRange.java> 820aac64 mtspr CTR,r11 (GhidraScript)  
INFO  DumpRange.java> 820aac68 bctrl (GhidraScript)  
INFO  DumpRange.java> 820aac6c cmpwi cr6,r3,0x2 (GhidraScript)  
INFO  DumpRange.java> 820aac70 beq cr6,0x820aac98 (GhidraScript)  
INFO  DumpRange.java> 820aac74 lwz r11,0x4eb4(r18) (GhidraScript)  
INFO  DumpRange.java> 820aac78 lwzx r3,r11,r19 (GhidraScript)  
INFO  DumpRange.java> 820aac7c lwz r11,0x0(r3) (GhidraScript)  
INFO  DumpRange.java> 820aac80 lwz r11,0x4(r11) (GhidraScript)  
INFO  DumpRange.java> 820aac84 mtspr CTR,r11 (GhidraScript)  
INFO  DumpRange.java> 820aac88 bctrl (GhidraScript)  
INFO  DumpRange.java> 820aac8c cmpwi cr6,r3,0x3 (GhidraScript)  
INFO  DumpRange.java> 820aac90 or r11,r24,r24 (GhidraScript)  
INFO  DumpRange.java> 820aac94 bne cr6,0x820aac9c (GhidraScript)  
INFO  DumpRange.java> 820aac98 li r11,0x1 (GhidraScript)  
INFO  DumpRange.java> 820aac9c rlwinm r11,r11,0x0,0x18,0x1f (GhidraScript)  
INFO  DumpRange.java> 820aaca0 cmplwi cr6,r11,0x0 (GhidraScript)  
INFO  DumpRange.java> 820aaca4 beq cr6,0x820aacc0 (GhidraScript)  
INFO  DumpRange.java> 820aaca8 cmpwi cr6,r28,-0x1 (GhidraScript)  
INFO  DumpRange.java> 820aacac bne cr6,0x820aacc0 (GhidraScript)  
INFO  DumpRange.java> 820aacb0 cmpwi cr6,r15,0x1 (GhidraScript)  
INFO  DumpRange.java> 820aacb4 beq cr6,0x820ab430 (GhidraScript)  
INFO  DumpRange.java> 820aacb8 cmpwi cr6,r15,0x2 (GhidraScript)  
INFO  DumpRange.java> 820aacbc beq cr6,0x820ab430 (GhidraScript)  
INFO  DumpRange.java> 820aacc0 lwz r11,0x164(r1) (GhidraScript)  
INFO  DumpRange.java> 820aacc4 lwz r25,0x8(r26) (GhidraScript)  
INFO  DumpRange.java> 820aacc8 cmplwi cr6,r25,0x0 (GhidraScript)  
INFO  DumpRange.java> 820aaccc lwz r17,0x4(r11) (GhidraScript)  
INFO  DumpRange.java> 820aacd0 beq cr6,0x820ab430 (GhidraScript)  
INFO  DumpRange.java> 820aacd4 lwz r11,0x0(r25) (GhidraScript)  
INFO  DumpRange.java> 820aacd8 lbz r11,0x0(r11) (GhidraScript)  
INFO  DumpRange.java> 820aacdc cmplwi cr6,r11,0x0 (GhidraScript)  
INFO  DumpRange.java> 820aace0 beq cr6,0x820ab23c (GhidraScript)  
INFO  DumpRange.java> 820aace4 cntlzw r11,r20 (GhidraScript)  
INFO  DumpRange.java> 820aace8 subi r21,r15,0x1 (GhidraScript)  
INFO  DumpRange.java> 820aacec rlwinm r20,r11,0x1b,0x1f,0x1f (GhidraScript)  
INFO  DumpRange.java> 820aacf0 or r23,r24,r24 (GhidraScript)  
INFO  DumpRange.java> 820aacf4 or r22,r24,r24 (GhidraScript)  
INFO  DumpRange.java> 820aacf8 lwz r11,0x8(r25) (GhidraScript)  
INFO  DumpRange.java> 820aacfc li r30,0x4 (GhidraScript)  
INFO  DumpRange.java> 820aad00 lwz r3,0x154(r1) (GhidraScript)  
INFO  DumpRange.java> 820aad04 cmplwi cr6,r21,0x5 (GhidraScript)  
INFO  DumpRange.java> 820aad08 add r26,r22,r11 (GhidraScript)  
INFO  DumpRange.java> 820aad0c lwz r28,0x0(r26) (GhidraScript)  
INFO  DumpRange.java> 820aad10 bgt cr6,0x820aad74 (GhidraScript)  
INFO  DumpRange.java> 820aad14 lis r12,-0x7df6 (GhidraScript)  
INFO  DumpRange.java> 820aad18 addi r12,r12,0x772c (GhidraScript)  
INFO  DumpRange.java> 820aad1c rlwinm r0,r21,0x2,0x0,0x1d (GhidraScript)  
INFO  DumpRange.java> 820aad20 lwzx r0,r12,r0 (GhidraScript)  
INFO  DumpRange.java> 820aad24 mtspr CTR,r0 (GhidraScript)  
INFO  DumpRange.java> 820aad28 bctr (GhidraScript)  
INFO  DumpRange.java> 820aad2c lwz r16,0x7744(r10) (GhidraScript)  
INFO  DumpRange.java> 820aad30 lwz r16,0x7750(r10) (GhidraScript)  
INFO  DumpRange.java> 820aad34 lwz r16,0x775c(r10) (GhidraScript)  
INFO  DumpRange.java> 820aad38 lwz r16,0x7770(r10) (GhidraScript)  
INFO  DumpRange.java> 820aad3c lwz r16,0x7770(r10) (GhidraScript)  
INFO  DumpRange.java> 820aad40 <not-disassembled> (GhidraScript)  
INFO  DumpRange.java> 820aad44 cntlzw r11,r24 (GhidraScript)  
INFO  DumpRange.java> 820aad48 rlwinm r30,r11,0x1b,0x1f,0x1f (GhidraScript)  
INFO  DumpRange.java> 820aad4c b 0x820aad74 (GhidraScript)  
INFO  DumpRange.java> 820aad50 cntlzw r11,r24 (GhidraScript)  
INFO  DumpRange.java> 820aad54 rlwinm r30,r11,0x1c,0x1e,0x1e (GhidraScript)  
INFO  DumpRange.java> 820aad58 b 0x820aad74 (GhidraScript)  
INFO  DumpRange.java> 820aad5c subfic r11,r24,0x0 (GhidraScript)  
INFO  DumpRange.java> 820aad60 subfe r11,r11,r11 (GhidraScript)  
INFO  DumpRange.java> 820aad64 rlwinm r11,r11,0x0,0x1f,0x1d (GhidraScript)  
INFO  DumpRange.java> 820aad68 addi r30,r11,0x3 (GhidraScript)  
INFO  DumpRange.java> 820aad6c b 0x820aad74 (GhidraScript)  
INFO  DumpRange.java> 820aad70 li r30,0x4 (GhidraScript)  
INFO  DumpRange.java> 820aad74 lwz r11,0x0(r3) (GhidraScript)  
INFO  DumpRange.java> 820aad78 or r6,r20,r20 (GhidraScript)  
INFO  DumpRange.java> 820aad7c lbz r5,0x56(r28) (GhidraScript)  
INFO  DumpRange.java> 820aad80 or r4,r30,r30 (GhidraScript)  
INFO  DumpRange.java> 820aad84 lwz r11,0x14(r11) (GhidraScript)  
INFO  DumpRange.java> 820aad88 mtspr CTR,r11 (GhidraScript)  
INFO  DumpRange.java> 820aad8c bctrl (GhidraScript)  
INFO  DumpRange.java> 820aad90 or r31,r3,r3 (GhidraScript)  
INFO  DumpRange.java> 820aad94 cmplwi cr6,r31,0x0 (GhidraScript)  
INFO  DumpRange.java> 820aad98 beq cr6,0x820ab200 (GhidraScript)  
INFO  DumpRange.java> 820aad9c lwz r10,0x4(r25) (GhidraScript)  
INFO  DumpRange.java> 820aada0 addi r11,r31,0x10 (GhidraScript)  
INFO  DumpRange.java> 820aada4 lwz r5,0x70(r1) (GhidraScript)  
INFO  DumpRange.java> 820aada8 li r4,0x10 (GhidraScript)  
INFO  DumpRange.java> 820aadac addi r9,r11,0x10 (GhidraScript)  
INFO  DumpRange.java> 820aadb0 addi r7,r31,0x60 (GhidraScript)  
INFO  DumpRange.java> 820aadb4 addi r8,r11,0x10 (GhidraScript)  
INFO  DumpRange.java> 820aadb8 lwzx r27,r10,r23 (GhidraScript)  
INFO  DumpRange.java> 820aadbc stfs f31,0x40(r11) (GhidraScript)  
INFO  DumpRange.java> 820aadc0 stfs f31,0x44(r11) (GhidraScript)  
INFO  DumpRange.java> 820aadc4 addi r10,r7,0x10 (GhidraScript)  
INFO  DumpRange.java> 820aadc8 stfs f31,0x48(r11) (GhidraScript)  
INFO  DumpRange.java> 820aadcc subi r6,r30,0x1 (GhidraScript)  
INFO  DumpRange.java> 820aadd0 <not-disassembled> (GhidraScript)  
INFO  DumpRange.java> 820aadd4 lwz r5,0x74(r1) (GhidraScript)  
INFO  DumpRange.java> 820aadd8 <not-disassembled> (GhidraScript)  
INFO  DumpRange.java> 820aaddc cmplwi cr6,r6,0x3 (GhidraScript)  
INFO  DumpRange.java> 820aade0 <not-disassembled> (GhidraScript)  
INFO  DumpRange.java> 820aade4 lwz r5,0x78(r1) (GhidraScript)  
INFO  DumpRange.java> 820aade8 <not-disassembled> (GhidraScript)  
INFO  DumpRange.java> 820aadec <not-disassembled> (GhidraScript)  
INFO  DumpRange.java> 820aadf0 li r5,0x20 (GhidraScript)  
INFO  DumpRange.java> 820aadf4 <not-disassembled> (GhidraScript)  
INFO  DumpRange.java> 820aadf8 <not-disassembled> (GhidraScript)  
INFO  DumpRange.java> 820aadfc <not-disassembled> (GhidraScript)  
INFO  DumpRange.java> 820aae00 <not-disassembled> (GhidraScript)  
INFO  DumpRange.java> 820aae04 <not-disassembled> (GhidraScript)  
INFO  DumpRange.java> 820aae08 <not-disassembled> (GhidraScript)  
INFO  DumpRange.java> 820aae0c <not-disassembled> (GhidraScript)  
INFO  DumpRange.java> 820aae10 li r10,0x40 (GhidraScript)  
INFO  DumpRange.java> 820aae14 <not-disassembled> (GhidraScript)  
INFO  DumpRange.java> 820aae18 <not-disassembled> (GhidraScript)  
INFO  DumpRange.java> 820aae1c bgt cr6,0x820aae90 (GhidraScript)  
INFO  DumpRange.java> 820aae20 lis r12,-0x7df6 (GhidraScript)  
INFO  DumpRange.java> 820aae24 addi r12,r12,0x7838 (GhidraScript)  
INFO  DumpRange.java> 820aae28 rlwinm r0,r6,0x2,0x0,0x1d (GhidraScript)  
INFO  DumpRange.java> 820aae2c lwzx r0,r12,r0 (GhidraScript)  
INFO  DumpRange.java> 820aae30 mtspr CTR,r0 (GhidraScript)  
INFO  DumpRange.java> 820aae34 bctr (GhidraScript)  
INFO  DumpRange.java> 820aae38 <not-disassembled> (GhidraScript)  
INFO  DumpRange.java> 820aae3c <not-disassembled> (GhidraScript)  
INFO  DumpRange.java> 820aae40 <not-disassembled> (GhidraScript)  
INFO  DumpRange.java> 820aae44 <not-disassembled> (GhidraScript)  
INFO  DumpRange.java> 820aae48 lwz r11,0x4eb4(r18) (GhidraScript)  
INFO  DumpRange.java> 820aae4c li r4,0x0 (GhidraScript)  
INFO  DumpRange.java> 820aae50 addi r3,r11,0x70 (GhidraScript)  
INFO  DumpRange.java> 820aae54 bl 0x82093a38 (GhidraScript)  
INFO  DumpRange.java> 820aae58 b 0x820aae94 (GhidraScript)  
INFO  DumpRange.java> 820aae5c lwz r11,0x4eb4(r18) (GhidraScript)  
INFO  DumpRange.java> 820aae60 li r4,0x1 (GhidraScript)  
INFO  DumpRange.java> 820aae64 addi r3,r11,0x70 (GhidraScript)  
INFO  DumpRange.java> 820aae68 bl 0x82093a38 (GhidraScript)  
INFO  DumpRange.java> 820aae6c b 0x820aae94 (GhidraScript)  
INFO  DumpRange.java> 820aae70 lwz r11,0x50(r1) (GhidraScript)  
INFO  DumpRange.java> 820aae74 mulli r10,r11,0x3c (GhidraScript)  
INFO  DumpRange.java> 820aae78 lwz r11,0x4eb4(r18) (GhidraScript)  
INFO  DumpRange.java> 820aae7c add r11,r10,r11 (GhidraScript)  
INFO  DumpRange.java> 820aae80 lwz r3,0x108(r11) (GhidraScript)  
INFO  DumpRange.java> 820aae84 b 0x820aae94 (GhidraScript)  
INFO  DumpRange.java> 820aae88 lhz r3,0x48(r28) (GhidraScript)  
INFO  DumpRange.java> 820aae8c b 0x820aae94 (GhidraScript)  
INFO  DumpRange.java> 820aae90 li r3,-0x1 (GhidraScript)  
INFO  DumpRange.java> 820aae94 stw r3,0xb4(r31) (GhidraScript)  
INFO  DumpRange.java> 820aae98 lwz r11,0x4eb4(r18) (GhidraScript)  
INFO  DumpRange.java> 820aae9c lwzx r3,r11,r19 (GhidraScript)  
INFO  DumpRange.java> 820aaea0 lwz r11,0x0(r3) (GhidraScript)  
INFO  DumpRange.java> 820aaea4 lwz r11,0x4(r11) (GhidraScript)  
INFO  DumpRange.java> 820aaea8 mtspr CTR,r11 (GhidraScript)  
INFO  DumpRange.java> 820aaeac bctrl (GhidraScript)  
INFO  DumpRange.java> 820aaeb0 cmpwi cr6,r3,0x2 (GhidraScript)  
INFO  DumpRange.java> 820aaeb4 beq cr6,0x820aaedc (GhidraScript)  
INFO  DumpRange.java> 820aaeb8 lwz r11,0x4eb4(r18) (GhidraScript)  
INFO  DumpRange.java> 820aaebc lwzx r3,r11,r19 (GhidraScript)  
INFO  DumpRange.java> 820aaec0 lwz r11,0x0(r3) (GhidraScript)  
INFO  DumpRange.java> 820aaec4 lwz r11,0x4(r11) (GhidraScript)  
INFO  DumpRange.java> 820aaec8 mtspr CTR,r11 (GhidraScript)  
INFO  DumpRange.java> 820aaecc bctrl (GhidraScript)  
INFO  DumpRange.java> 820aaed0 cmpwi cr6,r3,0x3 (GhidraScript)  
INFO  DumpRange.java> 820aaed4 li r11,0x0 (GhidraScript)  
INFO  DumpRange.java> 820aaed8 bne cr6,0x820aaee0 (GhidraScript)  
INFO  DumpRange.java> 820aaedc li r11,0x1 (GhidraScript)  
INFO  DumpRange.java> 820aaee0 rlwinm r11,r11,0x0,0x18,0x1f (GhidraScript)  
INFO  DumpRange.java> 820aaee4 cmplwi cr6,r11,0x0 (GhidraScript)  
INFO  DumpRange.java> 820aaee8 beq cr6,0x820aaf14 (GhidraScript)  
INFO  DumpRange.java> 820aaeec cmpwi cr6,r30,0x1 (GhidraScript)  
INFO  DumpRange.java> 820aaef0 beq cr6,0x820aaefc (GhidraScript)  
INFO  DumpRange.java> 820aaef4 cmpwi cr6,r30,0x2 (GhidraScript)  
INFO  DumpRange.java> 820aaef8 bne cr6,0x820aaf14 (GhidraScript)  
INFO  DumpRange.java> 820aaefc lwz r11,0x0(r31) (GhidraScript)  
INFO  DumpRange.java> 820aaf00 or r3,r31,r31 (GhidraScript)  
INFO  DumpRange.java> 820aaf04 lwz r4,0x50(r1) (GhidraScript)  
INFO  DumpRange.java> 820aaf08 lwz r11,0x3c(r11) (GhidraScript)  
INFO  DumpRange.java> 820aaf0c mtspr CTR,r11 (GhidraScript)  
INFO  DumpRange.java> 820aaf10 bctrl (GhidraScript)  
INFO  DumpRange.java> 820aaf14 cmpwi cr6,r30,0x1 (GhidraScript)  
INFO  DumpRange.java> 820aaf18 beq cr6,0x820aafd0 (GhidraScript)  
INFO  DumpRange.java> 820aaf1c cmpwi cr6,r30,0x3 (GhidraScript)  
INFO  DumpRange.java> 820aaf20 beq cr6,0x820aafd0 (GhidraScript)  
INFO  DumpRange.java> 820aaf24 cmpwi cr6,r30,0x2 (GhidraScript)  
INFO  DumpRange.java> 820aaf28 bne cr6,0x820aaf44 (GhidraScript)  
INFO  DumpRange.java> 820aaf2c li r5,0x98 (GhidraScript)  
INFO  DumpRange.java> 820aaf30 lwz r6,0x50(r1) (GhidraScript)  
INFO  DumpRange.java> 820aaf34 or r4,r31,r31 (GhidraScript)  
INFO  DumpRange.java> 820aaf38 lwz r3,0x154(r1) (GhidraScript)  
INFO  DumpRange.java> 820aaf3c bl 0x820ac1b8 (GhidraScript)  
INFO  DumpRange.java> 820aaf40 b 0x820ab00c (GhidraScript)  
INFO  DumpRange.java> 820aaf44 lbz r11,0x61(r28) (GhidraScript)  
INFO  DumpRange.java> 820aaf48 cmplwi cr6,r11,0xff (GhidraScript)  
INFO  DumpRange.java> 820aaf4c beq cr6,0x820ab00c (GhidraScript)  
INFO  DumpRange.java> 820aaf50 li r29,0x0 (GhidraScript)  
INFO  DumpRange.java> 820aaf54 bl 0x820ab4b0 (GhidraScript)  
INFO  DumpRange.java> 820aaf58 or r30,r3,r3 (GhidraScript)  
INFO  DumpRange.java> 820aaf5c lbz r4,0x61(r28) (GhidraScript)  
INFO  DumpRange.java> 820aaf60 addi r3,r1,0x80 (GhidraScript)  
INFO  DumpRange.java> 820aaf64 bl 0x82291fb8 (GhidraScript)  
INFO  DumpRange.java> 820aaf68 lbz r4,0x62(r28) (GhidraScript)  
INFO  DumpRange.java> 820aaf6c or r28,r3,r3 (GhidraScript)  
INFO  DumpRange.java> 820aaf70 cmplwi cr6,r4,0xff (GhidraScript)  
INFO  DumpRange.java> 820aaf74 beq cr6,0x820aaf84 (GhidraScript)  
INFO  DumpRange.java> 820aaf78 addi r3,r1,0x80 (GhidraScript)  
INFO  DumpRange.java> 820aaf7c bl 0x82291fb8 (GhidraScript)  
INFO  DumpRange.java> 820aaf80 or r29,r3,r3 (GhidraScript)  
INFO  DumpRange.java> 820aaf84 lwz r10,0x58(r1) (GhidraScript)  
INFO  DumpRange.java> 820aaf88 li r9,0x1 (GhidraScript)  
INFO  DumpRange.java> 820aaf8c li r7,0x98 (GhidraScript)  
INFO  DumpRange.java> 820aaf90 or r6,r29,r29 (GhidraScript)  
INFO  DumpRange.java> 820aaf94 or r5,r28,r28 (GhidraScript)  
INFO  DumpRange.java> 820aaf98 or r4,r30,r30 (GhidraScript)  
INFO  DumpRange.java> 820aaf9c lwz r11,0x728(r10) (GhidraScript)  
INFO  DumpRange.java> 820aafa0 stb r9,0x1c(r11) (GhidraScript)  
INFO  DumpRange.java> 820aafa4 lwz r3,0x728(r10) (GhidraScript)  
INFO  DumpRange.java> 820aafa8 lwz r11,0x0(r3) (GhidraScript)  
INFO  DumpRange.java> 820aafac lwz r11,0x10(r11) (GhidraScript)  
INFO  DumpRange.java> 820aafb0 mtspr CTR,r11 (GhidraScript)  
INFO  DumpRange.java> 820aafb4 bctrl (GhidraScript)  
INFO  DumpRange.java> 820aafb8 lwz r11,0x58(r1) (GhidraScript)  
INFO  DumpRange.java> 820aafbc li r10,0x0 (GhidraScript)  
INFO  DumpRange.java> 820aafc0 lwz r11,0x728(r11) (GhidraScript)  
INFO  DumpRange.java> 820aafc4 stb r10,0x1c(r11) (GhidraScript)  
INFO  DumpRange.java> 820aafc8 stw r30,0x15c(r31) (GhidraScript)  
INFO  DumpRange.java> 820aafcc b 0x820ab00c (GhidraScript)  
INFO  DumpRange.java> 820aafd0 lwz r11,0x4eb4(r18) (GhidraScript)  
INFO  DumpRange.java> 820aafd4 lwzx r3,r11,r19 (GhidraScript)  
INFO  DumpRange.java> 820aafd8 lwz r11,0x0(r3) (GhidraScript)  
INFO  DumpRange.java> 820aafdc lwz r11,0x4(r11) (GhidraScript)  
INFO  DumpRange.java> 820aafe0 mtspr CTR,r11 (GhidraScript)  
INFO  DumpRange.java> 820aafe4 bctrl (GhidraScript)  
INFO  DumpRange.java> 820aafe8 cmpwi cr6,r3,0x4 (GhidraScript)  
INFO  DumpRange.java> 820aafec bne cr6,0x820aaffc (GhidraScript)  
INFO  DumpRange.java> 820aaff0 cmpwi cr6,r30,0x1 (GhidraScript)  
INFO  DumpRange.java> 820aaff4 li r4,0x99 (GhidraScript)  
INFO  DumpRange.java> 820aaff8 beq cr6,0x820ab000 (GhidraScript)  
INFO  DumpRange.java> 820aaffc li r4,0x98 (GhidraScript)  
INFO  DumpRange.java> 820ab000 or r5,r20,r20 (GhidraScript)  
INFO  DumpRange.java> 820ab004 or r3,r31,r31 (GhidraScript)  
INFO  DumpRange.java> 820ab008 bl 0x820abc78 (GhidraScript)  
INFO  DumpRange.java> 820ab00c lwz r10,0x54(r1) (GhidraScript)  
INFO  DumpRange.java> 820ab010 or r4,r26,r26 (GhidraScript)  
INFO  DumpRange.java> 820ab014 lwz r30,0x68(r1) (GhidraScript)  
INFO  DumpRange.java> 820ab018 or r3,r31,r31 (GhidraScript)  
INFO  DumpRange.java> 820ab01c stw r27,0x184(r31) (GhidraScript)  
INFO  DumpRange.java> 820ab020 stw r14,0xc4(r31) (GhidraScript)  
INFO  DumpRange.java> 820ab024 stw r24,0x174(r31) (GhidraScript)  
INFO  DumpRange.java> 820ab028 stw r10,0x170(r31) (GhidraScript)  
INFO  DumpRange.java> 820ab02c lwz r10,0x0(r30) (GhidraScript)  
INFO  DumpRange.java> 820ab030 lwz r11,0x0(r31) (GhidraScript)  
INFO  DumpRange.java> 820ab034 lbz r10,0xd(r10) (GhidraScript)  
INFO  DumpRange.java> 820ab038 lwz r11,0x50(r11) (GhidraScript)  
INFO  DumpRange.java> 820ab03c stw r10,0x178(r31) (GhidraScript)  
INFO  DumpRange.java> 820ab040 mtspr CTR,r11 (GhidraScript)  
INFO  DumpRange.java> 820ab044 bctrl (GhidraScript)  
INFO  DumpRange.java> 820ab048 lwz r11,0x0(r30) (GhidraScript)  
INFO  DumpRange.java> 820ab04c lbz r11,0x9(r11) (GhidraScript)  
INFO  DumpRange.java> 820ab050 cmplwi cr6,r11,0x0 (GhidraScript)  
INFO  DumpRange.java> 820ab054 lwz r11,0x118(r31) (GhidraScript)  
INFO  DumpRange.java> 820ab058 bne cr6,0x820ab064 (GhidraScript)  
INFO  DumpRange.java> 820ab05c ori r11,r11,0x10 (GhidraScript)  
INFO  DumpRange.java> 820ab060 b 0x820ab068 (GhidraScript)  
INFO  DumpRange.java> 820ab064 rlwinm r11,r11,0x0,0x1c,0x1a (GhidraScript)  
INFO  DumpRange.java> 820ab068 stw r11,0x118(r31) (GhidraScript)  
INFO  DumpRange.java> 820ab06c lwz r11,0x4eb4(r18) (GhidraScript)  
INFO  DumpRange.java> 820ab070 lwzx r3,r11,r19 (GhidraScript)  
INFO  DumpRange.java> 820ab074 lwz r11,0x0(r3) (GhidraScript)  
INFO  DumpRange.java> 820ab078 lwz r11,0x4(r11) (GhidraScript)  
INFO  DumpRange.java> 820ab07c mtspr CTR,r11 (GhidraScript)  
INFO  DumpRange.java> 820ab080 bctrl (GhidraScript)  
INFO  DumpRange.java> 820ab084 cmpwi cr6,r3,0x2 (GhidraScript)  
INFO  DumpRange.java> 820ab088 beq cr6,0x820ab0b0 (GhidraScript)  
INFO  DumpRange.java> 820ab08c lwz r11,0x4eb4(r18) (GhidraScript)  
INFO  DumpRange.java> 820ab090 lwzx r3,r11,r19 (GhidraScript)  
INFO  DumpRange.java> 820ab094 lwz r11,0x0(r3) (GhidraScript)  
INFO  DumpRange.java> 820ab098 lwz r11,0x4(r11) (GhidraScript)  
INFO  DumpRange.java> 820ab09c mtspr CTR,r11 (GhidraScript)  
INFO  DumpRange.java> 820ab0a0 bctrl (GhidraScript)  
INFO  DumpRange.java> 820ab0a4 cmpwi cr6,r3,0x3 (GhidraScript)  
INFO  DumpRange.java> 820ab0a8 li r11,0x0 (GhidraScript)  
INFO  DumpRange.java> 820ab0ac bne cr6,0x820ab0b4 (GhidraScript)  
INFO  DumpRange.java> 820ab0b0 li r11,0x1 (GhidraScript)  
INFO  DumpRange.java> 820ab0b4 rlwinm r11,r11,0x0,0x18,0x1f (GhidraScript)  
INFO  DumpRange.java> 820ab0b8 cmplwi cr6,r11,0x0 (GhidraScript)  
INFO  DumpRange.java> 820ab0bc beq cr6,0x820ab0fc (GhidraScript)  
INFO  DumpRange.java> 820ab0c0 cmpwi cr6,r15,0x5 (GhidraScript)  
INFO  DumpRange.java> 820ab0c4 bne cr6,0x820ab0d4 (GhidraScript)  
INFO  DumpRange.java> 820ab0c8 lwz r11,0x11c(r31) (GhidraScript)  
INFO  DumpRange.java> 820ab0cc ori r11,r11,0x4000 (GhidraScript)  
INFO  DumpRange.java> 820ab0d0 b 0x820ab0f8 (GhidraScript)  
INFO  DumpRange.java> 820ab0d4 cmpwi cr6,r15,0x6 (GhidraScript)  
INFO  DumpRange.java> 820ab0d8 bne cr6,0x820ab0e8 (GhidraScript)  
INFO  DumpRange.java> 820ab0dc lwz r11,0x11c(r31) (GhidraScript)  
INFO  DumpRange.java> 820ab0e0 ori r11,r11,0x8000 (GhidraScript)  
INFO  DumpRange.java> 820ab0e4 b 0x820ab0f8 (GhidraScript)  
INFO  DumpRange.java> 820ab0e8 cmpwi cr6,r15,0x4 (GhidraScript)  
INFO  DumpRange.java> 820ab0ec bne cr6,0x820ab0fc (GhidraScript)  
INFO  DumpRange.java> 820ab0f0 lwz r11,0x11c(r31) (GhidraScript)  
INFO  DumpRange.java> 820ab0f4 oris r11,r11,0x1 (GhidraScript)  
INFO  DumpRange.java> 820ab0f8 stw r11,0x11c(r31) (GhidraScript)  
INFO  DumpRange.java> 820ab0fc lwz r30,0x164(r1) (GhidraScript)  
INFO  DumpRange.java> 820ab100 or r4,r31,r31 (GhidraScript)  
INFO  DumpRange.java> 820ab104 or r3,r30,r30 (GhidraScript)  
INFO  DumpRange.java> 820ab108 bl 0x82272650 (GhidraScript)  
INFO  DumpRange.java> 820ab10c lbz r11,0x18(r27) (GhidraScript)  
INFO  DumpRange.java> 820ab110 cmplwi cr6,r11,0xff (GhidraScript)  
INFO  DumpRange.java> 820ab114 beq cr6,0x820ab130 (GhidraScript)  
INFO  DumpRange.java> 820ab118 subf r11,r24,r11 (GhidraScript)  
INFO  DumpRange.java> 820ab11c add r11,r11,r3 (GhidraScript)  
INFO  DumpRange.java> 820ab120 addi r11,r11,0x2 (GhidraScript)  
INFO  DumpRange.java> 820ab124 rlwinm r11,r11,0x2,0x0,0x1d (GhidraScript)  
INFO  DumpRange.java> 820ab128 lwzx r11,r11,r30 (GhidraScript)  
INFO  DumpRange.java> 820ab12c stw r11,0x188(r31) (GhidraScript)  
INFO  DumpRange.java> 820ab130 lwz r11,0x16c(r1) (GhidraScript)  
INFO  DumpRange.java> 820ab134 cmpwi cr6,r11,0x0 (GhidraScript)  
INFO  DumpRange.java> 820ab138 beq cr6,0x820ab144 (GhidraScript)  
INFO  DumpRange.java> 820ab13c cmpwi cr6,r11,0x1 (GhidraScript)  
INFO  DumpRange.java> 820ab140 bne cr6,0x820ab158 (GhidraScript)  
INFO  DumpRange.java> 820ab144 lwz r11,0x0(r31) (GhidraScript)  
INFO  DumpRange.java> 820ab148 or r3,r31,r31 (GhidraScript)  
INFO  DumpRange.java> 820ab14c lwz r11,0x130(r11) (GhidraScript)  
INFO  DumpRange.java> 820ab150 mtspr CTR,r11 (GhidraScript)  
INFO  DumpRange.java> 820ab154 bctrl (GhidraScript)  
INFO  DumpRange.java> 820ab158 lwz r11,0x0(r31) (GhidraScript)  
INFO  DumpRange.java> 820ab15c or r3,r31,r31 (GhidraScript)  
INFO  DumpRange.java> 820ab160 lwz r11,0xac(r11) (GhidraScript)  
INFO  DumpRange.java> 820ab164 mtspr CTR,r11 (GhidraScript)  
INFO  DumpRange.java> 820ab168 bctrl (GhidraScript)  
INFO  DumpRange.java> 820ab16c lwz r11,0x0(r31) (GhidraScript)  
INFO  DumpRange.java> 820ab170 or r3,r31,r31 (GhidraScript)  
INFO  DumpRange.java> 820ab174 lwz r11,0x54(r11) (GhidraScript)  
INFO  DumpRange.java> 820ab178 mtspr CTR,r11 (GhidraScript)  
INFO  DumpRange.java> 820ab17c bctrl (GhidraScript)  
INFO  DumpRange.java> 820ab180 rlwinm r11,r3,0x0,0x18,0x1f (GhidraScript)  
INFO  DumpRange.java> 820ab184 cmplwi cr6,r11,0x0 (GhidraScript)  
INFO  DumpRange.java> 820ab188 beq cr6,0x820ab1b8 (GhidraScript)  
INFO  DumpRange.java> 820ab18c lis r11,0x3 (GhidraScript)  
INFO  DumpRange.java> 820ab190 ori r10,r11,0x6084 (GhidraScript)  
INFO  DumpRange.java> 820ab194 lwz r11,0x4eb4(r18) (GhidraScript)  
INFO  DumpRange.java> 820ab198 lwzx r3,r11,r10 (GhidraScript)  
INFO  DumpRange.java> 820ab19c lwz r11,0x0(r3) (GhidraScript)  
INFO  DumpRange.java> 820ab1a0 lwz r11,0xdc(r11) (GhidraScript)  
INFO  DumpRange.java> 820ab1a4 mtspr CTR,r11 (GhidraScript)  
INFO  DumpRange.java> 820ab1a8 bctrl (GhidraScript)  
INFO  DumpRange.java> 820ab1ac or r4,r3,r3 (GhidraScript)  
INFO  DumpRange.java> 820ab1b0 or r3,r31,r31 (GhidraScript)  
INFO  DumpRange.java> 820ab1b4 bl 0x8222a418 (GhidraScript)  
INFO  DumpRange.java> 820ab1b8 lwz r10,0x15c(r31) (GhidraScript)  
INFO  DumpRange.java> 820ab1bc cmplwi cr6,r10,0x0 (GhidraScript)  
INFO  DumpRange.java> 820ab1c0 beq cr6,0x820ab200 (GhidraScript)  
INFO  DumpRange.java> 820ab1c4 lwz r11,0x180(r31) (GhidraScript)  
INFO  DumpRange.java> 820ab1c8 cmplwi cr6,r11,0x0 (GhidraScript)  
INFO  DumpRange.java> 820ab1cc beq cr6,0x820ab200 (GhidraScript)  
INFO  DumpRange.java> 820ab1d0 lwz r11,0x0(r11) (GhidraScript)  
INFO  DumpRange.java> 820ab1d4 lhz r11,0x48(r11) (GhidraScript)  
INFO  DumpRange.java> 820ab1d8 cmplwi cr6,r11,0x2cf2 (GhidraScript)  
INFO  DumpRange.java> 820ab1dc bne cr6,0x820ab1ec (GhidraScript)  
INFO  DumpRange.java> 820ab1e0 lfs f0,0x80(r10) (GhidraScript)  
INFO  DumpRange.java> 820ab1e4 fmuls f0,f0,f30 (GhidraScript)  
INFO  DumpRange.java> 820ab1e8 b 0x820ab1fc (GhidraScript)  
INFO  DumpRange.java> 820ab1ec cmplwi cr6,r11,0x2cf4 (GhidraScript)  
INFO  DumpRange.java> 820ab1f0 bne cr6,0x820ab200 (GhidraScript)  
INFO  DumpRange.java> 820ab1f4 lfs f0,0x80(r10) (GhidraScript)  
INFO  DumpRange.java> 820ab1f8 fmuls f0,f0,f29 (GhidraScript)  
INFO  DumpRange.java> 820ab1fc stfs f0,0x80(r10) (GhidraScript)  
INFO  DumpRange.java> 820ab200 lwz r11,0x0(r25) (GhidraScript)  
INFO  DumpRange.java> 820ab204 addi r24,r24,0x1 (GhidraScript)  
INFO  DumpRange.java> 820ab208 addi r22,r22,0x20 (GhidraScript)  
INFO  DumpRange.java> 820ab20c addi r23,r23,0x8 (GhidraScript)  
INFO  DumpRange.java> 820ab210 lbz r11,0x0(r11) (GhidraScript)  
INFO  DumpRange.java> 820ab214 cmpw cr6,r24,r11 (GhidraScript)  
INFO  DumpRange.java> 820ab218 blt cr6,0x820aacf8 (GhidraScript)  
INFO  DumpRange.java> 820ab21c lis r11,0x2 (GhidraScript)  
INFO  DumpRange.java> 820ab220 lwz r22,0x60(r1) (GhidraScript)  
INFO  DumpRange.java> 820ab224 lwz r23,0x64(r1) (GhidraScript)  
INFO  DumpRange.java> 820ab228 li r24,0x0 (GhidraScript)  
INFO  DumpRange.java> 820ab22c lwz r26,0x68(r1) (GhidraScript)  
INFO  REPORT: Execute script: DumpBytes.java '0x820aad90' '0xa0'  (HeadlessAnalyzer)  
INFO  SCRIPT: /fastdata/lavaulta/auto-re-agent/workspaces/ace-combat-6/scripts/DumpBytes.java (HeadlessAnalyzer)  
INFO  DumpBytes.java> 820aad90 7c 7f 1b 78 2b 1f 00 00 41 9a 04 68 81 59 00 04 (GhidraScript)  
INFO  DumpBytes.java> 820aada0 39 7f 00 10 80 a1 00 70 38 80 00 10 39 2b 00 10 (GhidraScript)  
INFO  DumpBytes.java> 820aadb0 38 ff 00 60 39 0b 00 10 7f 6a b8 2e d3 eb 00 40 (GhidraScript)  
INFO  DumpBytes.java> 820aadc0 d3 eb 00 44 39 47 00 10 d3 eb 00 48 38 de ff ff (GhidraScript)  
INFO  DumpBytes.java> 820aadd0 10 00 28 c3 80 a1 00 74 10 00 49 c3 2b 06 00 03 (GhidraScript)  
INFO  DumpBytes.java> 820aade0 10 00 28 c3 80 a1 00 78 10 09 21 c3 10 00 28 c3 (GhidraScript)  
INFO  DumpBytes.java> 820aadf0 38 a0 00 20 10 09 29 c3 10 00 40 c3 11 a8 20 c3 (GhidraScript)  
INFO  DumpBytes.java> 820aae00 11 88 28 c3 10 00 51 c3 11 aa 21 c3 11 8a 29 c3 (GhidraScript)  
INFO  DumpBytes.java> 820aae10 39 40 00 40 10 0b 50 c3 10 07 51 c3 41 99 00 74 (GhidraScript)  
INFO  DumpBytes.java> 820aae20 3d 80 82 0a 39 8c 78 38 54 c0 10 3a 7c 0c 00 2e (GhidraScript)  
INFO  REPORT: Save succeeded for processed file: /default.xex (HeadlessAnalyzer)  
