openjdk version "21.0.11" 2026-04-21
OpenJDK Runtime Environment (build 21.0.11+10-1-26.04.2-Ubuntu)
OpenJDK 64-Bit Server VM (build 21.0.11+10-1-26.04.2-Ubuntu, mixed mode)
INFO  Using log config file: jar:file:/fastdata/lavaulta/auto-re-agent/.tools/ghidra_12.1.2_PUBLIC/Ghidra/Framework/Generic/lib/Generic.jar!/generic.log4j.xml (LoggingInitialization)  
INFO  Using log file: /home/lavaulta/.config/ghidra/ghidra_12.1.2_PUBLIC/application.log (LoggingInitialization)  
INFO  Loading user preferences: /home/lavaulta/.config/ghidra/ghidra_12.1.2_PUBLIC/preferences (Preferences)  
INFO  Searching for classes... (ClassSearcher)  
INFO  Ignoring class 'xexloaderwv.XEXLoaderWVLoader' from '/fastdata/lavaulta/auto-re-agent/.tools/ghidra_12.1.2_PUBLIC/Ghidra/Extensions/XEXLoaderWV/lib/XEXLoaderWV.jar'. Already found at '/fastdata/lavaulta/auto-re-agent/.tools/ghidra_12.1.2_PUBLIC/Ghidra/patch/XEXLoaderWV-java21.jar'. (ClassSearcher)  
INFO  Class search complete (1554 ms) (ClassSearcher)  
INFO  Initializing SSL Context (DefaultSSLContextInitializer)  
INFO  Initializing Random Number Generator... (SecureRandomFactory)  
INFO  Random Number Generator initialization complete: NativePRNGNonBlocking (SecureRandomFactory)  
INFO  Trust manager disabled, cacerts have not been set (DefaultTrustManagerFactory)  
INFO  Headless startup complete (3140 ms) (AnalyzeHeadless)  
INFO  Class searcher loaded 59 extension points (20 false positives) (ClassSearcher)  
INFO  HEADLESS Script Paths:
    /fastdata/lavaulta/auto-re-agent/.tools/ghidra_12.1.2_PUBLIC/Ghidra/Features/MicrosoftCodeAnalyzer/ghidra_scripts
    /fastdata/lavaulta/auto-re-agent/.tools/ghidra_12.1.2_PUBLIC/Ghidra/Features/PDB/ghidra_scripts
    /fastdata/lavaulta/auto-re-agent/.tools/ghidra_12.1.2_PUBLIC/Ghidra/Processors/8051/ghidra_scripts
    /fastdata/lavaulta/auto-re-agent/.tools/ghidra_12.1.2_PUBLIC/Ghidra/Features/Base/ghidra_scripts
    /fastdata/lavaulta/auto-re-agent/workspaces/ace-combat-6/scripts
    /fastdata/lavaulta/auto-re-agent/.tools/ghidra_12.1.2_PUBLIC/Ghidra/Features/FileFormats/ghidra_scripts
    /fastdata/lavaulta/auto-re-agent/.tools/ghidra_12.1.2_PUBLIC/Ghidra/Features/GnuDemangler/ghidra_scripts
    /fastdata/lavaulta/auto-re-agent/.tools/ghidra_12.1.2_PUBLIC/Ghidra/Extensions/ghidra-emotionengine-reloaded/ghidra_scripts
    /fastdata/lavaulta/auto-re-agent/.tools/ghidra_12.1.2_PUBLIC/Ghidra/Features/Decompiler/ghidra_scripts
    /fastdata/lavaulta/auto-re-agent/.tools/ghidra_12.1.2_PUBLIC/Ghidra/Features/FunctionID/ghidra_scripts
    /fastdata/lavaulta/auto-re-agent/.tools/ghidra_12.1.2_PUBLIC/Ghidra/Features/DecompilerDependent/ghidra_scripts
    /fastdata/lavaulta/auto-re-agent/.tools/ghidra_12.1.2_PUBLIC/Ghidra/Processors/DATA/ghidra_scripts
    /fastdata/lavaulta/auto-re-agent/.tools/ghidra_12.1.2_PUBLIC/Ghidra/Debug/Debugger-rmi-trace/ghidra_scripts
    /fastdata/lavaulta/auto-re-agent/.tools/ghidra_12.1.2_PUBLIC/Ghidra/Features/SwiftDemangler/ghidra_scripts
    /fastdata/lavaulta/auto-re-agent/.tools/ghidra_12.1.2_PUBLIC/Ghidra/Debug/Debugger/ghidra_scripts
    /fastdata/lavaulta/auto-re-agent/.tools/ghidra_12.1.2_PUBLIC/Ghidra/Processors/PIC/ghidra_scripts
    /fastdata/lavaulta/auto-re-agent/.tools/ghidra_12.1.2_PUBLIC/Ghidra/Extensions/XEXLoaderWV/ghidra_scripts
    /fastdata/lavaulta/auto-re-agent/.tools/ghidra_12.1.2_PUBLIC/Ghidra/Features/WildcardAssembler/ghidra_scripts
    /fastdata/lavaulta/auto-re-agent/.tools/ghidra_12.1.2_PUBLIC/Ghidra/Features/PyGhidra/ghidra_scripts
    /fastdata/lavaulta/auto-re-agent/.tools/ghidra_12.1.2_PUBLIC/Ghidra/Features/BSim/ghidra_scripts
    /fastdata/lavaulta/auto-re-agent/.tools/ghidra_12.1.2_PUBLIC/Ghidra/Features/VersionTracking/ghidra_scripts
    /fastdata/lavaulta/auto-re-agent/.tools/ghidra_12.1.2_PUBLIC/Ghidra/Features/BytePatterns/ghidra_scripts
    /fastdata/lavaulta/auto-re-agent/.tools/ghidra_12.1.2_PUBLIC/Ghidra/Processors/Atmel/ghidra_scripts
    /fastdata/lavaulta/auto-re-agent/.tools/ghidra_12.1.2_PUBLIC/Ghidra/Features/SystemEmulation/ghidra_scripts
    /fastdata/lavaulta/auto-re-agent/.tools/ghidra_12.1.2_PUBLIC/Ghidra/Processors/JVM/ghidra_scripts (HeadlessAnalyzer)  
INFO  HEADLESS: execution starts (HeadlessAnalyzer)  
INFO  Opening existing project: /fastdata/lavaulta/auto-re-agent/workspaces/ace-combat-6/ghidra-projects/ace-combat-6-corrected (HeadlessAnalyzer)  
INFO  Opening project: /fastdata/lavaulta/auto-re-agent/workspaces/ace-combat-6/ghidra-projects/ace-combat-6-corrected (HeadlessProject)  
INFO  REPORT: Processing project file: /default.xex (HeadlessAnalyzer)  
INFO  REPORT: Execute script: DumpRange.java '0x821e2670' '0x821e2a80'  (HeadlessAnalyzer)  
INFO  SCRIPT: /fastdata/lavaulta/auto-re-agent/workspaces/ace-combat-6/scripts/DumpRange.java (HeadlessAnalyzer)  
INFO  DumpRange.java> 821e2670 std r26,0x18(r31) (GhidraScript)  
INFO  DumpRange.java> 821e2674 cmpldi cr6,r27,0x0 (GhidraScript)  
INFO  DumpRange.java> 821e2678 beq cr6,0x821e2710 (GhidraScript)  
INFO  DumpRange.java> 821e267c rldicl r11,r27,0x0,0x1a (GhidraScript)  
INFO  DumpRange.java> 821e2680 cmpldi cr6,r11,0x0 (GhidraScript)  
INFO  DumpRange.java> 821e2684 beq cr6,0x821e269c (GhidraScript)  
INFO  DumpRange.java> 821e2688 addi r6,r31,0x29b8 (GhidraScript)  
INFO  DumpRange.java> 821e268c li r5,0x2300 (GhidraScript)  
INFO  DumpRange.java> 821e2690 rldicr r4,r27,0x1a,0x25 (GhidraScript)  
INFO  DumpRange.java> 821e2694 or r3,r31,r31 (GhidraScript)  
INFO  DumpRange.java> 821e2698 bl 0x821ef698 (GhidraScript)  
INFO  DumpRange.java> 821e269c li r12,0xff (GhidraScript)  
INFO  DumpRange.java> 821e26a0 rldicr r12,r12,0x26,0x19 (GhidraScript)  
INFO  DumpRange.java> 821e26a4 and r11,r27,r12 (GhidraScript)  
INFO  DumpRange.java> 821e26a8 cmpldi cr6,r11,0x0 (GhidraScript)  
INFO  DumpRange.java> 821e26ac beq cr6,0x821e26c4 (GhidraScript)  
INFO  DumpRange.java> 821e26b0 addi r6,r31,0x2a50 (GhidraScript)  
INFO  DumpRange.java> 821e26b4 li r5,0x2380 (GhidraScript)  
INFO  DumpRange.java> 821e26b8 rldicr r4,r27,0x12,0x7 (GhidraScript)  
INFO  DumpRange.java> 821e26bc or r3,r31,r31 (GhidraScript)  
INFO  DumpRange.java> 821e26c0 bl 0x821ef698 (GhidraScript)  
INFO  DumpRange.java> 821e26c4 li r12,0x3f (GhidraScript)  
INFO  DumpRange.java> 821e26c8 rldicr r12,r12,0x31,0xe (GhidraScript)  
INFO  DumpRange.java> 821e26cc and r11,r27,r12 (GhidraScript)  
INFO  DumpRange.java> 821e26d0 cmpldi cr6,r11,0x0 (GhidraScript)  
INFO  DumpRange.java> 821e26d4 beq cr6,0x821e26e4 (GhidraScript)  
INFO  DumpRange.java> 821e26d8 rldicr r4,r27,0x9,0x5 (GhidraScript)  
INFO  DumpRange.java> 821e26dc or r3,r31,r31 (GhidraScript)  
INFO  DumpRange.java> 821e26e0 bl 0x821ef758 (GhidraScript)  
INFO  DumpRange.java> 821e26e4 li r12,0x1 (GhidraScript)  
INFO  DumpRange.java> 821e26e8 rldicr r12,r12,0x38,0x3f (GhidraScript)  
INFO  DumpRange.java> 821e26ec and r11,r27,r12 (GhidraScript)  
INFO  DumpRange.java> 821e26f0 cmpldi cr6,r11,0x0 (GhidraScript)  
INFO  DumpRange.java> 821e26f4 beq cr6,0x821e270c (GhidraScript)  
INFO  DumpRange.java> 821e26f8 addi r6,r31,0x2780 (GhidraScript)  
INFO  DumpRange.java> 821e26fc li r5,0x4900 (GhidraScript)  
INFO  DumpRange.java> 821e2700 lis r4,-0x100 (GhidraScript)  
INFO  DumpRange.java> 821e2704 or r3,r31,r31 (GhidraScript)  
INFO  DumpRange.java> 821e2708 bl 0x821ef698 (GhidraScript)  
INFO  DumpRange.java> 821e270c std r26,0x20(r31) (GhidraScript)  
INFO  DumpRange.java> 821e2710 lis r11,-0x7dfb (GhidraScript)  
INFO  DumpRange.java> 821e2714 addi r23,r31,0x2f52 (GhidraScript)  
INFO  DumpRange.java> 821e2718 subi r24,r11,0x988 (GhidraScript)  
INFO  DumpRange.java> 821e271c lis r11,-0x3fff (GhidraScript)  
INFO  DumpRange.java> 821e2720 ori r26,r11,0x2201 (GhidraScript)  
INFO  DumpRange.java> 821e2724 lis r11,-0x4000 (GhidraScript)  
INFO  DumpRange.java> 821e2728 ori r29,r11,0x6000 (GhidraScript)  
INFO  DumpRange.java> 821e272c lwz r3,0x30(r31) (GhidraScript)  
INFO  DumpRange.java> 821e2730 lwz r11,0x38(r31) (GhidraScript)  
INFO  DumpRange.java> 821e2734 cmplw cr6,r3,r11 (GhidraScript)  
INFO  DumpRange.java> 821e2738 ble cr6,0x821e2744 (GhidraScript)  
INFO  DumpRange.java> 821e273c or r3,r31,r31 (GhidraScript)  
INFO  DumpRange.java> 821e2740 bl 0x821e9668 (GhidraScript)  
INFO  DumpRange.java> 821e2744 li r11,0x2102 (GhidraScript)  
INFO  DumpRange.java> 821e2748 or r28,r22,r22 (GhidraScript)  
INFO  DumpRange.java> 821e274c cmplwi cr6,r22,0xffff (GhidraScript)  
INFO  DumpRange.java> 821e2750 stwu r11,0x4(r3) (GhidraScript)  
INFO  DumpRange.java> 821e2754 or r30,r3,r3 (GhidraScript)  
INFO  DumpRange.java> 821e2758 stwu r21,0x4(r30) (GhidraScript)  
INFO  DumpRange.java> 821e275c ble cr6,0x821e2780 (GhidraScript)  
INFO  DumpRange.java> 821e2760 rlwinm r11,r25,0x3,0x0,0x1c (GhidraScript)  
INFO  DumpRange.java> 821e2764 lis r10,0x0 (GhidraScript)  
INFO  DumpRange.java> 821e2768 ori r10,r10,0xffff (GhidraScript)  
INFO  DumpRange.java> 821e276c lwzx r11,r11,r24 (GhidraScript)  
INFO  DumpRange.java> 821e2770 divwu r10,r10,r11 (GhidraScript)  
INFO  DumpRange.java> 821e2774 twllei r11,0x0 (GhidraScript)  
INFO  DumpRange.java> 821e2778 rlwinm r10,r10,0x0,0x0,0x1e (GhidraScript)  
INFO  DumpRange.java> 821e277c mullw r28,r10,r11 (GhidraScript)  
INFO  DumpRange.java> 821e2780 lbz r10,0x2abc(r31) (GhidraScript)  
INFO  DumpRange.java> 821e2784 lbz r11,0x2f93(r31) (GhidraScript)  
INFO  DumpRange.java> 821e2788 rlwinm. r10,r10,0x0,0x1f,0x1f (GhidraScript)  
INFO  DumpRange.java> 821e278c subfic r10,r11,0x0 (GhidraScript)  
INFO  DumpRange.java> 821e2790 lbzx r11,r23,r11 (GhidraScript)  
INFO  DumpRange.java> 821e2794 subfe r10,r10,r10 (GhidraScript)  
INFO  DumpRange.java> 821e2798 rlwinm r10,r10,0x0,0x1f,0x1f (GhidraScript)  
INFO  DumpRange.java> 821e279c rlwimi r11,r10,0x8,0x17,0x17 (GhidraScript)  
INFO  DumpRange.java> 821e27a0 rlwinm r27,r11,0x0,0x17,0x1f (GhidraScript)  
INFO  DumpRange.java> 821e27a4 rlwinm r27,r27,0x0,0x1a,0x17 (GhidraScript)  
INFO  DumpRange.java> 821e27a8 bne 0x821e27d4 (GhidraScript)  
INFO  DumpRange.java> 821e27ac or r11,r26,r26 (GhidraScript)  
INFO  DumpRange.java> 821e27b0 rlwinm r10,r28,0x10,0x0,0xf (GhidraScript)  
INFO  DumpRange.java> 821e27b4 rlwinm r9,r25,0x0,0x1a,0x1f (GhidraScript)  
INFO  DumpRange.java> 821e27b8 stwu r11,0x4(r30) (GhidraScript)  
INFO  DumpRange.java> 821e27bc or r11,r10,r9 (GhidraScript)  
INFO  DumpRange.java> 821e27c0 ori r10,r11,0x80 (GhidraScript)  
INFO  DumpRange.java> 821e27c4 stwu r27,0x4(r30) (GhidraScript)  
INFO  DumpRange.java> 821e27c8 or r11,r30,r30 (GhidraScript)  
INFO  DumpRange.java> 821e27cc stwu r10,0x4(r11) (GhidraScript)  
INFO  DumpRange.java> 821e27d0 b 0x821e2890 (GhidraScript)  
INFO  DumpRange.java> 821e27d4 addi r3,r31,0x33b0 (GhidraScript)  
INFO  DumpRange.java> 821e27d8 lwz r10,0x8(r3) (GhidraScript)  
INFO  DumpRange.java> 821e27dc lwz r11,0xc(r3) (GhidraScript)  
INFO  DumpRange.java> 821e27e0 addi r9,r10,0x10 (GhidraScript)  
INFO  DumpRange.java> 821e27e4 cmplw cr6,r9,r11 (GhidraScript)  
INFO  DumpRange.java> 821e27e8 ble cr6,0x821e27f4 (GhidraScript)  
INFO  DumpRange.java> 821e27ec bl 0x821e85f8 (GhidraScript)  
INFO  DumpRange.java> 821e27f0 or r10,r3,r3 (GhidraScript)  
INFO  DumpRange.java> 821e27f4 addi r11,r10,0x10 (GhidraScript)  
INFO  DumpRange.java> 821e27f8 stw r30,0x0(r10) (GhidraScript)  
INFO  DumpRange.java> 821e27fc or r9,r30,r30 (GhidraScript)  
INFO  DumpRange.java> 821e2800 or r8,r29,r29 (GhidraScript)  
INFO  DumpRange.java> 821e2804 li r7,-0x1 (GhidraScript)  
INFO  DumpRange.java> 821e2808 or r6,r26,r26 (GhidraScript)  
INFO  DumpRange.java> 821e280c stw r11,0x33b8(r31) (GhidraScript)  
INFO  DumpRange.java> 821e2810 rlwinm r5,r25,0x0,0x1a,0x1f (GhidraScript)  
INFO  DumpRange.java> 821e2814 or r4,r29,r29 (GhidraScript)  
INFO  DumpRange.java> 821e2818 stwu r8,0x4(r9) (GhidraScript)  
INFO  DumpRange.java> 821e281c rlwinm r8,r28,0x10,0x0,0xf (GhidraScript)  
INFO  DumpRange.java> 821e2820 lis r3,-0x8000 (GhidraScript)  
INFO  DumpRange.java> 821e2824 or r11,r9,r9 (GhidraScript)  
INFO  DumpRange.java> 821e2828 or r9,r8,r5 (GhidraScript)  
INFO  DumpRange.java> 821e282c lis r8,-0x3fff (GhidraScript)  
INFO  DumpRange.java> 821e2830 ori r5,r9,0x80 (GhidraScript)  
INFO  DumpRange.java> 821e2834 addi r10,r10,0x4 (GhidraScript)  
INFO  DumpRange.java> 821e2838 stwu r7,0x4(r11) (GhidraScript)  
INFO  DumpRange.java> 821e283c lis r9,-0x4000 (GhidraScript)  
INFO  DumpRange.java> 821e2840 ori r30,r8,0x5a01 (GhidraScript)  
INFO  DumpRange.java> 821e2844 rlwinm r8,r10,0xc,0x14,0x1f (GhidraScript)  
INFO  DumpRange.java> 821e2848 ori r18,r9,0x4601 (GhidraScript)  
INFO  DumpRange.java> 821e284c rlwinm r9,r10,0x0,0x3,0x1e (GhidraScript)  
INFO  DumpRange.java> 821e2850 stwu r6,0x4(r11) (GhidraScript)  
INFO  DumpRange.java> 821e2854 addi r10,r8,0x200 (GhidraScript)  
INFO  DumpRange.java> 821e2858 li r20,0x1a (GhidraScript)  
INFO  DumpRange.java> 821e285c rlwinm r10,r10,0x0,0x13,0x13 (GhidraScript)  
INFO  DumpRange.java> 821e2860 li r19,0x19 (GhidraScript)  
INFO  DumpRange.java> 821e2864 add r10,r10,r9 (GhidraScript)  
INFO  DumpRange.java> 821e2868 stwu r27,0x4(r11) (GhidraScript)  
INFO  DumpRange.java> 821e286c ori r10,r10,0x1 (GhidraScript)  
INFO  DumpRange.java> 821e2870 stwu r5,0x4(r11) (GhidraScript)  
INFO  DumpRange.java> 821e2874 stwu r4,0x4(r11) (GhidraScript)  
INFO  DumpRange.java> 821e2878 stwu r3,0x4(r11) (GhidraScript)  
INFO  DumpRange.java> 821e287c stwu r30,0x4(r11) (GhidraScript)  
INFO  DumpRange.java> 821e2880 stwu r20,0x4(r11) (GhidraScript)  
INFO  DumpRange.java> 821e2884 stwu r10,0x4(r11) (GhidraScript)  
INFO  DumpRange.java> 821e2888 stwu r18,0x4(r11) (GhidraScript)  
INFO  DumpRange.java> 821e288c stwu r19,0x4(r11) (GhidraScript)  
INFO  DumpRange.java> 821e2890 subf. r10,r28,r22 (GhidraScript)  
INFO  DumpRange.java> 821e2894 stw r11,0x30(r31) (GhidraScript)  
INFO  DumpRange.java> 821e2898 beq 0x821e28b8 (GhidraScript)  
INFO  DumpRange.java> 821e289c addi r9,r24,0x4 (GhidraScript)  
INFO  DumpRange.java> 821e28a0 rlwinm r11,r25,0x3,0x0,0x1c (GhidraScript)  
INFO  DumpRange.java> 821e28a4 lwzx r11,r11,r9 (GhidraScript)  
INFO  DumpRange.java> 821e28a8 subf r9,r11,r28 (GhidraScript)  
INFO  DumpRange.java> 821e28ac add r22,r11,r10 (GhidraScript)  
INFO  DumpRange.java> 821e28b0 add r21,r9,r21 (GhidraScript)  
INFO  DumpRange.java> 821e28b4 b 0x821e272c (GhidraScript)  
INFO  DumpRange.java> 821e28b8 addi r1,r1,0xd0 (GhidraScript)  
INFO  DumpRange.java> 821e28bc b 0x82386520 (GhidraScript)  
INFO  DumpRange.java> 821e28c0 mfspr r12,LR (GhidraScript)  
INFO  DumpRange.java> 821e28c4 bl 0x823864c0 (GhidraScript)  
INFO  DumpRange.java> 821e28c8 stwu r1,-0xf0(r1) (GhidraScript)  
INFO  DumpRange.java> 821e28cc or r31,r3,r3 (GhidraScript)  
INFO  DumpRange.java> 821e28d0 or r16,r4,r4 (GhidraScript)  
INFO  DumpRange.java> 821e28d4 or r15,r5,r5 (GhidraScript)  
INFO  DumpRange.java> 821e28d8 or r19,r6,r6 (GhidraScript)  
INFO  DumpRange.java> 821e28dc or r17,r7,r7 (GhidraScript)  
INFO  DumpRange.java> 821e28e0 ld r4,0x0(r31) (GhidraScript)  
INFO  DumpRange.java> 821e28e4 li r26,0x0 (GhidraScript)  
INFO  DumpRange.java> 821e28e8 ld r27,0x20(r31) (GhidraScript)  
INFO  DumpRange.java> 821e28ec ld r28,0x18(r31) (GhidraScript)  
INFO  DumpRange.java> 821e28f0 cmpldi cr6,r4,0x0 (GhidraScript)  
INFO  DumpRange.java> 821e28f4 ld r30,0x10(r31) (GhidraScript)  
INFO  DumpRange.java> 821e28f8 ld r29,0x8(r31) (GhidraScript)  
INFO  DumpRange.java> 821e28fc beq cr6,0x821e2910 (GhidraScript)  
INFO  DumpRange.java> 821e2900 addi r6,r31,0x780 (GhidraScript)  
INFO  DumpRange.java> 821e2904 li r5,0x4000 (GhidraScript)  
INFO  DumpRange.java> 821e2908 bl 0x821efa38 (GhidraScript)  
INFO  DumpRange.java> 821e290c std r26,0x0(r31) (GhidraScript)  
INFO  DumpRange.java> 821e2910 cmpldi cr6,r29,0x0 (GhidraScript)  
INFO  DumpRange.java> 821e2914 beq cr6,0x821e2930 (GhidraScript)  
INFO  DumpRange.java> 821e2918 addi r6,r31,0x1780 (GhidraScript)  
INFO  DumpRange.java> 821e291c li r5,0x4400 (GhidraScript)  
INFO  DumpRange.java> 821e2920 or r4,r29,r29 (GhidraScript)  
INFO  DumpRange.java> 821e2924 or r3,r31,r31 (GhidraScript)  
INFO  DumpRange.java> 821e2928 bl 0x821efa38 (GhidraScript)  
INFO  DumpRange.java> 821e292c std r26,0x8(r31) (GhidraScript)  
INFO  DumpRange.java> 821e2930 cmpldi cr6,r30,0x0 (GhidraScript)  
INFO  DumpRange.java> 821e2934 beq cr6,0x821e2a10 (GhidraScript)  
INFO  DumpRange.java> 821e2938 rlwinm r11,r30,0x0,0xb,0xe (GhidraScript)  
INFO  DumpRange.java> 821e293c cmpldi cr6,r11,0x0 (GhidraScript)  
INFO  DumpRange.java> 821e2940 beq cr6,0x821e2954 (GhidraScript)  
INFO  DumpRange.java> 821e2944 or r4,r30,r30 (GhidraScript)  
INFO  DumpRange.java> 821e2948 or r3,r31,r31 (GhidraScript)  
INFO  DumpRange.java> 821e294c bl 0x821f07d0 (GhidraScript)  
INFO  DumpRange.java> 821e2950 or r30,r3,r3 (GhidraScript)  
INFO  DumpRange.java> 821e2954 ld r11,0x28(r31) (GhidraScript)  
INFO  DumpRange.java> 821e2958 and r11,r11,r30 (GhidraScript)  
INFO  DumpRange.java> 821e295c cmpldi cr6,r11,0x0 (GhidraScript)  
INFO  DumpRange.java> 821e2960 beq cr6,0x821e2978 (GhidraScript)  
INFO  DumpRange.java> 821e2964 or r4,r30,r30 (GhidraScript)  
INFO  DumpRange.java> 821e2968 lwz r5,0x2940(r31) (GhidraScript)  
INFO  DumpRange.java> 821e296c or r3,r31,r31 (GhidraScript)  
INFO  DumpRange.java> 821e2970 bl 0x821ef300 (GhidraScript)  
INFO  DumpRange.java> 821e2974 or r30,r3,r3 (GhidraScript)  
INFO  DumpRange.java> 821e2978 rldicl r11,r30,0x0,0x34 (GhidraScript)  
INFO  DumpRange.java> 821e297c cmpldi cr6,r11,0x0 (GhidraScript)  
INFO  DumpRange.java> 821e2980 beq cr6,0x821e2998 (GhidraScript)  
INFO  DumpRange.java> 821e2984 addi r6,r31,0x2934 (GhidraScript)  
INFO  DumpRange.java> 821e2988 li r5,0x2200 (GhidraScript)  
INFO  DumpRange.java> 821e298c rldicr r4,r30,0x34,0xb (GhidraScript)  
INFO  DumpRange.java> 821e2990 or r3,r31,r31 (GhidraScript)  
INFO  DumpRange.java> 821e2994 bl 0x821ef698 (GhidraScript)  
INFO  DumpRange.java> 821e2998 rlwinm r11,r30,0x0,0xf,0x13 (GhidraScript)  
INFO  DumpRange.java> 821e299c cmpldi cr6,r11,0x0 (GhidraScript)  
INFO  DumpRange.java> 821e29a0 beq cr6,0x821e29b8 (GhidraScript)  
INFO  DumpRange.java> 821e29a4 addi r6,r31,0x2920 (GhidraScript)  
INFO  DumpRange.java> 821e29a8 li r5,0x2180 (GhidraScript)  
INFO  DumpRange.java> 821e29ac rldicr r4,r30,0x2f,0x4 (GhidraScript)  
INFO  DumpRange.java> 821e29b0 or r3,r31,r31 (GhidraScript)  
INFO  DumpRange.java> 821e29b4 bl 0x821ef698 (GhidraScript)  
INFO  DumpRange.java> 821e29b8 lis r12,0x0 (GhidraScript)  
INFO  DumpRange.java> 821e29bc ori r12,r12,0xffff (GhidraScript)  
INFO  DumpRange.java> 821e29c0 rldicr r12,r12,0x2a,0x15 (GhidraScript)  
INFO  DumpRange.java> 821e29c4 and r11,r30,r12 (GhidraScript)  
INFO  DumpRange.java> 821e29c8 cmpldi cr6,r11,0x0 (GhidraScript)  
INFO  DumpRange.java> 821e29cc beq cr6,0x821e29e4 (GhidraScript)  
INFO  DumpRange.java> 821e29d0 addi r6,r31,0x2880 (GhidraScript)  
INFO  DumpRange.java> 821e29d4 li r5,0x2000 (GhidraScript)  
INFO  DumpRange.java> 821e29d8 rldicr r4,r30,0x6,0xf (GhidraScript)  
INFO  DumpRange.java> 821e29dc or r3,r31,r31 (GhidraScript)  
INFO  DumpRange.java> 821e29e0 bl 0x821ef698 (GhidraScript)  
INFO  DumpRange.java> 821e29e4 lis r12,-0x20 (GhidraScript)  
INFO  DumpRange.java> 821e29e8 rldicl r12,r12,0x0,0x16 (GhidraScript)  
INFO  DumpRange.java> 821e29ec and r11,r30,r12 (GhidraScript)  
INFO  DumpRange.java> 821e29f0 cmpldi cr6,r11,0x0 (GhidraScript)  
INFO  DumpRange.java> 821e29f4 beq cr6,0x821e2a0c (GhidraScript)  
INFO  DumpRange.java> 821e29f8 addi r6,r31,0x28cc (GhidraScript)  
INFO  DumpRange.java> 821e29fc li r5,0x2100 (GhidraScript)  
INFO  DumpRange.java> 821e2a00 rldicr r4,r30,0x16,0x14 (GhidraScript)  
INFO  DumpRange.java> 821e2a04 or r3,r31,r31 (GhidraScript)  
INFO  DumpRange.java> 821e2a08 bl 0x821ef698 (GhidraScript)  
INFO  DumpRange.java> 821e2a0c std r26,0x10(r31) (GhidraScript)  
INFO  DumpRange.java> 821e2a10 cmpldi cr6,r28,0x0 (GhidraScript)  
INFO  DumpRange.java> 821e2a14 beq cr6,0x821e2a60 (GhidraScript)  
INFO  DumpRange.java> 821e2a18 rldicl r11,r28,0x0,0x20 (GhidraScript)  
INFO  DumpRange.java> 821e2a1c cmpldi cr6,r11,0x0 (GhidraScript)  
INFO  DumpRange.java> 821e2a20 beq cr6,0x821e2a30 (GhidraScript)  
INFO  DumpRange.java> 821e2a24 rldicr r4,r28,0x20,0x1f (GhidraScript)  
INFO  DumpRange.java> 821e2a28 or r3,r31,r31 (GhidraScript)  
INFO  DumpRange.java> 821e2a2c bl 0x821ef8d8 (GhidraScript)  
INFO  DumpRange.java> 821e2a30 lis r12,0x1f (GhidraScript)  
INFO  DumpRange.java> 821e2a34 ori r12,r12,0xffff (GhidraScript)  
INFO  DumpRange.java> 821e2a38 rldicr r12,r12,0x22,0x1d (GhidraScript)  
INFO  DumpRange.java> 821e2a3c and r11,r28,r12 (GhidraScript)  
INFO  DumpRange.java> 821e2a40 cmpldi cr6,r11,0x0 (GhidraScript)  
INFO  DumpRange.java> 821e2a44 beq cr6,0x821e2a5c (GhidraScript)  
INFO  DumpRange.java> 821e2a48 addi r6,r31,0x2964 (GhidraScript)  
INFO  DumpRange.java> 821e2a4c li r5,0x2280 (GhidraScript)  
INFO  DumpRange.java> 821e2a50 rldicr r4,r28,0x9,0x14 (GhidraScript)  
INFO  DumpRange.java> 821e2a54 or r3,r31,r31 (GhidraScript)  
INFO  DumpRange.java> 821e2a58 bl 0x821ef698 (GhidraScript)  
INFO  DumpRange.java> 821e2a5c std r26,0x18(r31) (GhidraScript)  
INFO  DumpRange.java> 821e2a60 cmpldi cr6,r27,0x0 (GhidraScript)  
INFO  DumpRange.java> 821e2a64 beq cr6,0x821e2afc (GhidraScript)  
INFO  DumpRange.java> 821e2a68 rldicl r11,r27,0x0,0x1a (GhidraScript)  
INFO  DumpRange.java> 821e2a6c cmpldi cr6,r11,0x0 (GhidraScript)  
INFO  DumpRange.java> 821e2a70 beq cr6,0x821e2a88 (GhidraScript)  
INFO  DumpRange.java> 821e2a74 addi r6,r31,0x29b8 (GhidraScript)  
INFO  DumpRange.java> 821e2a78 li r5,0x2300 (GhidraScript)  
INFO  DumpRange.java> 821e2a7c rldicr r4,r27,0x1a,0x25 (GhidraScript)  
INFO  REPORT: Save succeeded for processed file: /default.xex (HeadlessAnalyzer)  
