openjdk version "21.0.11" 2026-04-21
OpenJDK Runtime Environment (build 21.0.11+10-1-26.04.2-Ubuntu)
OpenJDK 64-Bit Server VM (build 21.0.11+10-1-26.04.2-Ubuntu, mixed mode)
INFO  Using log config file: jar:file:/fastdata/lavaulta/auto-re-agent/.tools/ghidra_12.1.2_PUBLIC/Ghidra/Framework/Generic/lib/Generic.jar!/generic.log4j.xml (LoggingInitialization)  
INFO  Using log file: /home/lavaulta/.config/ghidra/ghidra_12.1.2_PUBLIC/application.log (LoggingInitialization)  
INFO  Loading user preferences: /home/lavaulta/.config/ghidra/ghidra_12.1.2_PUBLIC/preferences (Preferences)  
INFO  Searching for classes... (ClassSearcher)  
INFO  Ignoring class 'xexloaderwv.XEXLoaderWVLoader' from '/fastdata/lavaulta/auto-re-agent/.tools/ghidra_12.1.2_PUBLIC/Ghidra/Extensions/XEXLoaderWV/lib/XEXLoaderWV.jar'. Already found at '/fastdata/lavaulta/auto-re-agent/.tools/ghidra_12.1.2_PUBLIC/Ghidra/patch/XEXLoaderWV-java21.jar'. (ClassSearcher)  
INFO  Class search complete (1427 ms) (ClassSearcher)  
INFO  Initializing SSL Context (DefaultSSLContextInitializer)  
INFO  Initializing Random Number Generator... (SecureRandomFactory)  
INFO  Random Number Generator initialization complete: NativePRNGNonBlocking (SecureRandomFactory)  
INFO  Trust manager disabled, cacerts have not been set (DefaultTrustManagerFactory)  
INFO  Headless startup complete (3023 ms) (AnalyzeHeadless)  
INFO  Class searcher loaded 59 extension points (20 false positives) (ClassSearcher)  
INFO  HEADLESS Script Paths:
    /fastdata/lavaulta/auto-re-agent/.tools/ghidra_12.1.2_PUBLIC/Ghidra/Features/MicrosoftCodeAnalyzer/ghidra_scripts
    /fastdata/lavaulta/auto-re-agent/.tools/ghidra_12.1.2_PUBLIC/Ghidra/Features/PDB/ghidra_scripts
    /fastdata/lavaulta/auto-re-agent/.tools/ghidra_12.1.2_PUBLIC/Ghidra/Processors/8051/ghidra_scripts
    /fastdata/lavaulta/auto-re-agent/.tools/ghidra_12.1.2_PUBLIC/Ghidra/Features/Base/ghidra_scripts
    /fastdata/lavaulta/auto-re-agent/workspaces/ace-combat-6/scripts
    /fastdata/lavaulta/auto-re-agent/.tools/ghidra_12.1.2_PUBLIC/Ghidra/Features/FileFormats/ghidra_scripts
    /fastdata/lavaulta/auto-re-agent/.tools/ghidra_12.1.2_PUBLIC/Ghidra/Features/GnuDemangler/ghidra_scripts
    /fastdata/lavaulta/auto-re-agent/.tools/ghidra_12.1.2_PUBLIC/Ghidra/Extensions/ghidra-emotionengine-reloaded/ghidra_scripts
    /fastdata/lavaulta/auto-re-agent/.tools/ghidra_12.1.2_PUBLIC/Ghidra/Features/Decompiler/ghidra_scripts
    /fastdata/lavaulta/auto-re-agent/.tools/ghidra_12.1.2_PUBLIC/Ghidra/Features/FunctionID/ghidra_scripts
    /fastdata/lavaulta/auto-re-agent/.tools/ghidra_12.1.2_PUBLIC/Ghidra/Features/DecompilerDependent/ghidra_scripts
    /fastdata/lavaulta/auto-re-agent/.tools/ghidra_12.1.2_PUBLIC/Ghidra/Processors/DATA/ghidra_scripts
    /fastdata/lavaulta/auto-re-agent/.tools/ghidra_12.1.2_PUBLIC/Ghidra/Debug/Debugger-rmi-trace/ghidra_scripts
    /fastdata/lavaulta/auto-re-agent/.tools/ghidra_12.1.2_PUBLIC/Ghidra/Features/SwiftDemangler/ghidra_scripts
    /fastdata/lavaulta/auto-re-agent/.tools/ghidra_12.1.2_PUBLIC/Ghidra/Debug/Debugger/ghidra_scripts
    /fastdata/lavaulta/auto-re-agent/.tools/ghidra_12.1.2_PUBLIC/Ghidra/Processors/PIC/ghidra_scripts
    /fastdata/lavaulta/auto-re-agent/.tools/ghidra_12.1.2_PUBLIC/Ghidra/Extensions/XEXLoaderWV/ghidra_scripts
    /fastdata/lavaulta/auto-re-agent/.tools/ghidra_12.1.2_PUBLIC/Ghidra/Features/WildcardAssembler/ghidra_scripts
    /fastdata/lavaulta/auto-re-agent/.tools/ghidra_12.1.2_PUBLIC/Ghidra/Features/PyGhidra/ghidra_scripts
    /fastdata/lavaulta/auto-re-agent/.tools/ghidra_12.1.2_PUBLIC/Ghidra/Features/BSim/ghidra_scripts
    /fastdata/lavaulta/auto-re-agent/.tools/ghidra_12.1.2_PUBLIC/Ghidra/Features/VersionTracking/ghidra_scripts
    /fastdata/lavaulta/auto-re-agent/.tools/ghidra_12.1.2_PUBLIC/Ghidra/Features/BytePatterns/ghidra_scripts
    /fastdata/lavaulta/auto-re-agent/.tools/ghidra_12.1.2_PUBLIC/Ghidra/Processors/Atmel/ghidra_scripts
    /fastdata/lavaulta/auto-re-agent/.tools/ghidra_12.1.2_PUBLIC/Ghidra/Features/SystemEmulation/ghidra_scripts
    /fastdata/lavaulta/auto-re-agent/.tools/ghidra_12.1.2_PUBLIC/Ghidra/Processors/JVM/ghidra_scripts (HeadlessAnalyzer)  
INFO  HEADLESS: execution starts (HeadlessAnalyzer)  
INFO  Opening existing project: /fastdata/lavaulta/auto-re-agent/workspaces/ace-combat-6/ghidra-projects/ace-combat-6-corrected (HeadlessAnalyzer)  
INFO  Opening project: /fastdata/lavaulta/auto-re-agent/workspaces/ace-combat-6/ghidra-projects/ace-combat-6-corrected (HeadlessProject)  
INFO  REPORT: Processing project file: /default.xex (HeadlessAnalyzer)  
INFO  REPORT: Execute script: DumpRange.java '0x821b8ef0' '0x821b9480'  (HeadlessAnalyzer)  
INFO  SCRIPT: /fastdata/lavaulta/auto-re-agent/workspaces/ace-combat-6/scripts/DumpRange.java (HeadlessAnalyzer)  
INFO  DumpRange.java> 821b8ef0 mfspr r12,LR (GhidraScript)  
INFO  DumpRange.java> 821b8ef4 stw r12,-0x8(r1) (GhidraScript)  
INFO  DumpRange.java> 821b8ef8 std r31,-0x10(r1) (GhidraScript)  
INFO  DumpRange.java> 821b8efc stwu r1,-0x60(r1) (GhidraScript)  
INFO  DumpRange.java> 821b8f00 or r31,r3,r3 (GhidraScript)  
INFO  DumpRange.java> 821b8f04 bl 0x82190738 (GhidraScript)  
INFO  DumpRange.java> 821b8f08 lis r11,-0x7dfa (GhidraScript)  
INFO  DumpRange.java> 821b8f0c lis r10,-0x7dfa (GhidraScript)  
INFO  DumpRange.java> 821b8f10 subi r11,r11,0x5e34 (GhidraScript)  
INFO  DumpRange.java> 821b8f14 lis r9,-0x7dfa (GhidraScript)  
INFO  DumpRange.java> 821b8f18 li r8,0x1 (GhidraScript)  
INFO  DumpRange.java> 821b8f1c addi r10,r10,0x5634 (GhidraScript)  
INFO  DumpRange.java> 821b8f20 addi r9,r9,0x5684 (GhidraScript)  
INFO  DumpRange.java> 821b8f24 stw r11,0x268(r31) (GhidraScript)  
INFO  DumpRange.java> 821b8f28 li r7,0x3 (GhidraScript)  
INFO  DumpRange.java> 821b8f2c li r11,0x0 (GhidraScript)  
INFO  DumpRange.java> 821b8f30 stb r8,0x4d(r31) (GhidraScript)  
INFO  DumpRange.java> 821b8f34 or r3,r31,r31 (GhidraScript)  
INFO  DumpRange.java> 821b8f38 stw r10,0x0(r31) (GhidraScript)  
INFO  DumpRange.java> 821b8f3c stw r9,0x268(r31) (GhidraScript)  
INFO  DumpRange.java> 821b8f40 stb r8,0x4e(r31) (GhidraScript)  
INFO  DumpRange.java> 821b8f44 stw r7,0x10(r31) (GhidraScript)  
INFO  DumpRange.java> 821b8f48 stw r11,0x270(r31) (GhidraScript)  
INFO  DumpRange.java> 821b8f4c addi r1,r1,0x60 (GhidraScript)  
INFO  DumpRange.java> 821b8f50 lwz r12,-0x8(r1) (GhidraScript)  
INFO  DumpRange.java> 821b8f54 mtspr LR,r12 (GhidraScript)  
INFO  DumpRange.java> 821b8f58 ld r31,-0x10(r1) (GhidraScript)  
INFO  DumpRange.java> 821b8f5c blr (GhidraScript)  
INFO  DumpRange.java> 821b8f60 mfspr r12,LR (GhidraScript)  
INFO  DumpRange.java> 821b8f64 stw r12,-0x8(r1) (GhidraScript)  
INFO  DumpRange.java> 821b8f68 stwu r1,-0x60(r1) (GhidraScript)  
INFO  DumpRange.java> 821b8f6c lis r11,0x3 (GhidraScript)  
INFO  DumpRange.java> 821b8f70 li r4,0x1e (GhidraScript)  
INFO  DumpRange.java> 821b8f74 ori r10,r11,0x702c (GhidraScript)  
INFO  DumpRange.java> 821b8f78 lis r11,-0x7d92 (GhidraScript)  
INFO  DumpRange.java> 821b8f7c lwz r11,0x4eb4(r11) (GhidraScript)  
INFO  DumpRange.java> 821b8f80 lwzx r3,r11,r10 (GhidraScript)  
INFO  DumpRange.java> 821b8f84 lwz r11,0x0(r3) (GhidraScript)  
INFO  DumpRange.java> 821b8f88 lwz r11,0x4(r11) (GhidraScript)  
INFO  DumpRange.java> 821b8f8c mtspr CTR,r11 (GhidraScript)  
INFO  DumpRange.java> 821b8f90 bctrl (GhidraScript)  
INFO  DumpRange.java> 821b8f94 lis r11,-0x7dc0 (GhidraScript)  
INFO  DumpRange.java> 821b8f98 li r4,0x1 (GhidraScript)  
INFO  DumpRange.java> 821b8f9c lwz r3,-0x64d8(r11) (GhidraScript)  
INFO  DumpRange.java> 821b8fa0 lwz r11,0x0(r3) (GhidraScript)  
INFO  DumpRange.java> 821b8fa4 lwz r11,0x1d4(r11) (GhidraScript)  
INFO  DumpRange.java> 821b8fa8 mtspr CTR,r11 (GhidraScript)  
INFO  DumpRange.java> 821b8fac bctrl (GhidraScript)  
INFO  DumpRange.java> 821b8fb0 addi r1,r1,0x60 (GhidraScript)  
INFO  DumpRange.java> 821b8fb4 lwz r12,-0x8(r1) (GhidraScript)  
INFO  DumpRange.java> 821b8fb8 mtspr LR,r12 (GhidraScript)  
INFO  DumpRange.java> 821b8fbc blr (GhidraScript)  
INFO  DumpRange.java> 821b8fc0 mfspr r12,LR (GhidraScript)  
INFO  DumpRange.java> 821b8fc4 stw r12,-0x8(r1) (GhidraScript)  
INFO  DumpRange.java> 821b8fc8 std r31,-0x10(r1) (GhidraScript)  
INFO  DumpRange.java> 821b8fcc stwu r1,-0x60(r1) (GhidraScript)  
INFO  DumpRange.java> 821b8fd0 or r31,r3,r3 (GhidraScript)  
INFO  DumpRange.java> 821b8fd4 li r4,0x0 (GhidraScript)  
INFO  DumpRange.java> 821b8fd8 lwz r11,0x0(r31) (GhidraScript)  
INFO  DumpRange.java> 821b8fdc lwz r11,0x48(r11) (GhidraScript)  
INFO  DumpRange.java> 821b8fe0 mtspr CTR,r11 (GhidraScript)  
INFO  DumpRange.java> 821b8fe4 bctrl (GhidraScript)  
INFO  DumpRange.java> 821b8fe8 lwz r11,0x0(r31) (GhidraScript)  
INFO  DumpRange.java> 821b8fec or r3,r31,r31 (GhidraScript)  
INFO  DumpRange.java> 821b8ff0 lwz r11,0x34(r11) (GhidraScript)  
INFO  DumpRange.java> 821b8ff4 mtspr CTR,r11 (GhidraScript)  
INFO  DumpRange.java> 821b8ff8 bctrl (GhidraScript)  
INFO  DumpRange.java> 821b8ffc lis r11,-0x7d99 (GhidraScript)  
INFO  DumpRange.java> 821b9000 li r6,0x0 (GhidraScript)  
INFO  DumpRange.java> 821b9004 li r5,0x0 (GhidraScript)  
INFO  DumpRange.java> 821b9008 li r4,0x2 (GhidraScript)  
INFO  DumpRange.java> 821b900c lwz r3,0x1308(r11) (GhidraScript)  
INFO  DumpRange.java> 821b9010 lwz r11,0x0(r3) (GhidraScript)  
INFO  DumpRange.java> 821b9014 lwz r11,0x14(r11) (GhidraScript)  
INFO  DumpRange.java> 821b9018 mtspr CTR,r11 (GhidraScript)  
INFO  DumpRange.java> 821b901c bctrl (GhidraScript)  
INFO  DumpRange.java> 821b9020 li r11,0x0 (GhidraScript)  
INFO  DumpRange.java> 821b9024 li r10,0x3 (GhidraScript)  
INFO  DumpRange.java> 821b9028 stw r3,0x270(r31) (GhidraScript)  
INFO  DumpRange.java> 821b902c stw r11,0xc(r31) (GhidraScript)  
INFO  DumpRange.java> 821b9030 stw r10,0x48(r31) (GhidraScript)  
INFO  DumpRange.java> 821b9034 addi r1,r1,0x60 (GhidraScript)  
INFO  DumpRange.java> 821b9038 lwz r12,-0x8(r1) (GhidraScript)  
INFO  DumpRange.java> 821b903c mtspr LR,r12 (GhidraScript)  
INFO  DumpRange.java> 821b9040 ld r31,-0x10(r1) (GhidraScript)  
INFO  DumpRange.java> 821b9044 blr (GhidraScript)  
INFO  DumpRange.java> 821b9048 mfspr r12,LR (GhidraScript)  
INFO  DumpRange.java> 821b904c stw r12,-0x8(r1) (GhidraScript)  
INFO  DumpRange.java> 821b9050 std r31,-0x10(r1) (GhidraScript)  
INFO  DumpRange.java> 821b9054 stwu r1,-0x60(r1) (GhidraScript)  
INFO  DumpRange.java> 821b9058 or r31,r3,r3 (GhidraScript)  
INFO  DumpRange.java> 821b905c lwz r11,0xc(r31) (GhidraScript)  
INFO  DumpRange.java> 821b9060 cmplwi cr6,r11,0x1 (GhidraScript)  
INFO  DumpRange.java> 821b9064 blt cr6,0x821b917c (GhidraScript)  
INFO  DumpRange.java> 821b9068 beq cr6,0x821b90fc (GhidraScript)  
INFO  DumpRange.java> 821b906c cmplwi cr6,r11,0x3 (GhidraScript)  
INFO  DumpRange.java> 821b9070 bge cr6,0x821b91c0 (GhidraScript)  
INFO  DumpRange.java> 821b9074 lwz r11,0x48(r31) (GhidraScript)  
INFO  DumpRange.java> 821b9078 subic. r11,r11,0x1 (GhidraScript)  
INFO  DumpRange.java> 821b907c stw r11,0x48(r31) (GhidraScript)  
INFO  DumpRange.java> 821b9080 bgt 0x821b91c0 (GhidraScript)  
INFO  DumpRange.java> 821b9084 lwz r4,0x270(r31) (GhidraScript)  
INFO  DumpRange.java> 821b9088 cmplwi cr6,r4,0x0 (GhidraScript)  
INFO  DumpRange.java> 821b908c beq cr6,0x821b90b0 (GhidraScript)  
INFO  DumpRange.java> 821b9090 lis r11,-0x7d99 (GhidraScript)  
INFO  DumpRange.java> 821b9094 lwz r3,0x1308(r11) (GhidraScript)  
INFO  DumpRange.java> 821b9098 lwz r11,0x0(r3) (GhidraScript)  
INFO  DumpRange.java> 821b909c lwz r11,0x18(r11) (GhidraScript)  
INFO  DumpRange.java> 821b90a0 mtspr CTR,r11 (GhidraScript)  
INFO  DumpRange.java> 821b90a4 bctrl (GhidraScript)  
INFO  DumpRange.java> 821b90a8 li r11,0x0 (GhidraScript)  
INFO  DumpRange.java> 821b90ac stw r11,0x270(r31) (GhidraScript)  
INFO  DumpRange.java> 821b90b0 lis r11,-0x7d6c (GhidraScript)  
INFO  DumpRange.java> 821b90b4 li r10,0x1 (GhidraScript)  
INFO  DumpRange.java> 821b90b8 li r9,0x3 (GhidraScript)  
INFO  DumpRange.java> 821b90bc lwz r11,-0x45f0(r11) (GhidraScript)  
INFO  DumpRange.java> 821b90c0 lwz r3,0x8(r11) (GhidraScript)  
INFO  DumpRange.java> 821b90c4 stw r10,0x18(r11) (GhidraScript)  
INFO  DumpRange.java> 821b90c8 stw r9,0x1c(r11) (GhidraScript)  
INFO  DumpRange.java> 821b90cc cmpwi cr6,r3,0x0 (GhidraScript)  
INFO  DumpRange.java> 821b90d0 beq cr6,0x821b91c0 (GhidraScript)  
INFO  DumpRange.java> 821b90d4 lwz r11,0x0(r3) (GhidraScript)  
INFO  DumpRange.java> 821b90d8 li r4,0x3 (GhidraScript)  
INFO  DumpRange.java> 821b90dc lwz r11,0x20(r11) (GhidraScript)  
INFO  DumpRange.java> 821b90e0 mtspr CTR,r11 (GhidraScript)  
INFO  DumpRange.java> 821b90e4 bctrl (GhidraScript)  
INFO  DumpRange.java> 821b90e8 addi r1,r1,0x60 (GhidraScript)  
INFO  DumpRange.java> 821b90ec lwz r12,-0x8(r1) (GhidraScript)  
INFO  DumpRange.java> 821b90f0 mtspr LR,r12 (GhidraScript)  
INFO  DumpRange.java> 821b90f4 ld r31,-0x10(r1) (GhidraScript)  
INFO  DumpRange.java> 821b90f8 blr (GhidraScript)  
INFO  DumpRange.java> 821b90fc lis r11,0x2 (GhidraScript)  
INFO  DumpRange.java> 821b9100 ori r10,r11,0x76a0 (GhidraScript)  
INFO  DumpRange.java> 821b9104 lis r11,-0x7d92 (GhidraScript)  
INFO  DumpRange.java> 821b9108 lwz r11,0x4eb4(r11) (GhidraScript)  
INFO  DumpRange.java> 821b910c lwzx r11,r11,r10 (GhidraScript)  
INFO  DumpRange.java> 821b9110 rlwinm r10,r11,0x0,0x1f,0x1f (GhidraScript)  
INFO  DumpRange.java> 821b9114 cmplwi cr6,r10,0x0 (GhidraScript)  
INFO  DumpRange.java> 821b9118 bne cr6,0x821b9128 (GhidraScript)  
INFO  DumpRange.java> 821b911c rlwinm r11,r11,0x0,0x1b,0x1b (GhidraScript)  
INFO  DumpRange.java> 821b9120 cmplwi cr6,r11,0x0 (GhidraScript)  
INFO  DumpRange.java> 821b9124 beq cr6,0x821b913c (GhidraScript)  
INFO  DumpRange.java> 821b9128 lwz r3,0x270(r31) (GhidraScript)  
INFO  DumpRange.java> 821b912c lwz r11,0x0(r3) (GhidraScript)  
INFO  DumpRange.java> 821b9130 lwz r11,0x8(r11) (GhidraScript)  
INFO  DumpRange.java> 821b9134 mtspr CTR,r11 (GhidraScript)  
INFO  DumpRange.java> 821b9138 bctrl (GhidraScript)  
INFO  DumpRange.java> 821b913c lwz r3,0x270(r31) (GhidraScript)  
INFO  DumpRange.java> 821b9140 lwz r11,0x0(r3) (GhidraScript)  
INFO  DumpRange.java> 821b9144 lwz r11,0x18(r11) (GhidraScript)  
INFO  DumpRange.java> 821b9148 mtspr CTR,r11 (GhidraScript)  
INFO  DumpRange.java> 821b914c bctrl (GhidraScript)  
INFO  DumpRange.java> 821b9150 rlwinm r11,r3,0x0,0x18,0x1f (GhidraScript)  
INFO  DumpRange.java> 821b9154 cmplwi cr6,r11,0x0 (GhidraScript)  
INFO  DumpRange.java> 821b9158 beq cr6,0x821b91c0 (GhidraScript)  
INFO  DumpRange.java> 821b915c lwz r11,0x0(r31) (GhidraScript)  
INFO  DumpRange.java> 821b9160 li r4,0x0 (GhidraScript)  
INFO  DumpRange.java> 821b9164 or r3,r31,r31 (GhidraScript)  
INFO  DumpRange.java> 821b9168 lwz r11,0x48(r11) (GhidraScript)  
INFO  DumpRange.java> 821b916c mtspr CTR,r11 (GhidraScript)  
INFO  DumpRange.java> 821b9170 bctrl (GhidraScript)  
INFO  DumpRange.java> 821b9174 li r11,0x2 (GhidraScript)  
INFO  DumpRange.java> 821b9178 b 0x821b91bc (GhidraScript)  
INFO  DumpRange.java> 821b917c lwz r3,0x270(r31) (GhidraScript)  
INFO  DumpRange.java> 821b9180 cmplwi cr6,r3,0x0 (GhidraScript)  
INFO  DumpRange.java> 821b9184 beq cr6,0x821b915c (GhidraScript)  
INFO  DumpRange.java> 821b9188 lwz r11,0x0(r3) (GhidraScript)  
INFO  DumpRange.java> 821b918c lwz r11,0x10(r11) (GhidraScript)  
INFO  DumpRange.java> 821b9190 mtspr CTR,r11 (GhidraScript)  
INFO  DumpRange.java> 821b9194 bctrl (GhidraScript)  
INFO  DumpRange.java> 821b9198 rlwinm r11,r3,0x0,0x18,0x1f (GhidraScript)  
INFO  DumpRange.java> 821b919c cmplwi cr6,r11,0x0 (GhidraScript)  
INFO  DumpRange.java> 821b91a0 beq cr6,0x821b91c0 (GhidraScript)  
INFO  DumpRange.java> 821b91a4 lwz r3,0x270(r31) (GhidraScript)  
INFO  DumpRange.java> 821b91a8 lwz r11,0x0(r3) (GhidraScript)  
INFO  DumpRange.java> 821b91ac lwz r11,0x4(r11) (GhidraScript)  
INFO  DumpRange.java> 821b91b0 mtspr CTR,r11 (GhidraScript)  
INFO  DumpRange.java> 821b91b4 bctrl (GhidraScript)  
INFO  DumpRange.java> 821b91b8 li r11,0x1 (GhidraScript)  
INFO  DumpRange.java> 821b91bc stw r11,0xc(r31) (GhidraScript)  
INFO  DumpRange.java> 821b91c0 addi r1,r1,0x60 (GhidraScript)  
INFO  DumpRange.java> 821b91c4 lwz r12,-0x8(r1) (GhidraScript)  
INFO  DumpRange.java> 821b91c8 mtspr LR,r12 (GhidraScript)  
INFO  DumpRange.java> 821b91cc ld r31,-0x10(r1) (GhidraScript)  
INFO  DumpRange.java> 821b91d0 blr (GhidraScript)  
INFO  DumpRange.java> 821b91d4 <not-disassembled> (GhidraScript)  
INFO  DumpRange.java> 821b91d8 lwz r11,0x270(r3) (GhidraScript)  
INFO  DumpRange.java> 821b91dc cmplwi cr6,r11,0x0 (GhidraScript)  
INFO  DumpRange.java> 821b91e0 beqlr cr6 (GhidraScript)  
INFO  DumpRange.java> 821b91e4 rlwinm r3,r11,0x0,0x0,0x1f (GhidraScript)  
INFO  DumpRange.java> 821b91e8 lwz r11,0x0(r3) (GhidraScript)  
INFO  DumpRange.java> 821b91ec lwz r11,0x1c(r11) (GhidraScript)  
INFO  DumpRange.java> 821b91f0 mtspr CTR,r11 (GhidraScript)  
INFO  DumpRange.java> 821b91f4 bctr (GhidraScript)  
INFO  DumpRange.java> 821b91f8 blr (GhidraScript)  
INFO  DumpRange.java> 821b91fc <not-disassembled> (GhidraScript)  
INFO  DumpRange.java> 821b9200 mfspr r12,LR (GhidraScript)  
INFO  DumpRange.java> 821b9204 stw r12,-0x8(r1) (GhidraScript)  
INFO  DumpRange.java> 821b9208 std r30,-0x18(r1) (GhidraScript)  
INFO  DumpRange.java> 821b920c std r31,-0x10(r1) (GhidraScript)  
INFO  DumpRange.java> 821b9210 stwu r1,-0x70(r1) (GhidraScript)  
INFO  DumpRange.java> 821b9214 lis r11,0x3 (GhidraScript)  
INFO  DumpRange.java> 821b9218 li r4,0x3c (GhidraScript)  
INFO  DumpRange.java> 821b921c ori r10,r11,0x702c (GhidraScript)  
INFO  DumpRange.java> 821b9220 lis r11,-0x7d92 (GhidraScript)  
INFO  DumpRange.java> 821b9224 lwz r11,0x4eb4(r11) (GhidraScript)  
INFO  DumpRange.java> 821b9228 lwzx r3,r11,r10 (GhidraScript)  
INFO  DumpRange.java> 821b922c lwz r11,0x0(r3) (GhidraScript)  
INFO  DumpRange.java> 821b9230 lwz r11,0x4(r11) (GhidraScript)  
INFO  DumpRange.java> 821b9234 mtspr CTR,r11 (GhidraScript)  
INFO  DumpRange.java> 821b9238 bctrl (GhidraScript)  
INFO  DumpRange.java> 821b923c lis r11,-0x7dc0 (GhidraScript)  
INFO  DumpRange.java> 821b9240 li r4,0x0 (GhidraScript)  
INFO  DumpRange.java> 821b9244 lwz r3,-0x64d8(r11) (GhidraScript)  
INFO  DumpRange.java> 821b9248 lwz r11,0x0(r3) (GhidraScript)  
INFO  DumpRange.java> 821b924c lwz r11,0x1d4(r11) (GhidraScript)  
INFO  DumpRange.java> 821b9250 mtspr CTR,r11 (GhidraScript)  
INFO  DumpRange.java> 821b9254 bctrl (GhidraScript)  
INFO  DumpRange.java> 821b9258 lis r30,-0x7d6c (GhidraScript)  
INFO  DumpRange.java> 821b925c lis r10,-0x7d62 (GhidraScript)  
INFO  DumpRange.java> 821b9260 addi r31,r10,0x6218 (GhidraScript)  
INFO  DumpRange.java> 821b9264 lwz r11,-0x45f0(r30) (GhidraScript)  
INFO  DumpRange.java> 821b9268 or r3,r31,r31 (GhidraScript)  
INFO  DumpRange.java> 821b926c lwz r9,0x50(r11) (GhidraScript)  
INFO  DumpRange.java> 821b9270 cntlzw r10,r9 (GhidraScript)  
INFO  DumpRange.java> 821b9274 rlwinm r10,r10,0x1b,0x1f,0x1f (GhidraScript)  
INFO  DumpRange.java> 821b9278 xori r10,r10,0x1 (GhidraScript)  
INFO  DumpRange.java> 821b927c addi r10,r10,0x12 (GhidraScript)  
INFO  DumpRange.java> 821b9280 rlwinm r10,r10,0x2,0x0,0x1d (GhidraScript)  
INFO  DumpRange.java> 821b9284 lwzx r4,r10,r11 (GhidraScript)  
INFO  DumpRange.java> 821b9288 bl 0x821d65c0 (GhidraScript)  
INFO  DumpRange.java> 821b928c bl 0x821d6388 (GhidraScript)  
INFO  DumpRange.java> 821b9290 lwz r11,-0x45f0(r30) (GhidraScript)  
INFO  DumpRange.java> 821b9294 or r3,r31,r31 (GhidraScript)  
INFO  DumpRange.java> 821b9298 lwz r10,0x50(r11) (GhidraScript)  
INFO  DumpRange.java> 821b929c cntlzw r10,r10 (GhidraScript)  
INFO  DumpRange.java> 821b92a0 rlwinm r10,r10,0x1b,0x1f,0x1f (GhidraScript)  
INFO  DumpRange.java> 821b92a4 xori r10,r10,0x1 (GhidraScript)  
INFO  DumpRange.java> 821b92a8 addi r10,r10,0x12 (GhidraScript)  
INFO  DumpRange.java> 821b92ac rlwinm r10,r10,0x2,0x0,0x1d (GhidraScript)  
INFO  DumpRange.java> 821b92b0 lwzx r4,r10,r11 (GhidraScript)  
INFO  DumpRange.java> 821b92b4 bl 0x821d65c0 (GhidraScript)  
INFO  DumpRange.java> 821b92b8 bl 0x821d6480 (GhidraScript)  
INFO  DumpRange.java> 821b92bc addi r1,r1,0x70 (GhidraScript)  
INFO  DumpRange.java> 821b92c0 lwz r12,-0x8(r1) (GhidraScript)  
INFO  DumpRange.java> 821b92c4 mtspr LR,r12 (GhidraScript)  
INFO  DumpRange.java> 821b92c8 ld r30,-0x18(r1) (GhidraScript)  
INFO  DumpRange.java> 821b92cc ld r31,-0x10(r1) (GhidraScript)  
INFO  DumpRange.java> 821b92d0 blr (GhidraScript)  
INFO  DumpRange.java> 821b92d4 <not-disassembled> (GhidraScript)  
INFO  DumpRange.java> 821b92d8 lis r11,-0x7d97 (GhidraScript)  
INFO  DumpRange.java> 821b92dc lis r10,-0x7d6c (GhidraScript)  
INFO  DumpRange.java> 821b92e0 lwz r11,0x1ae4(r11) (GhidraScript)  
INFO  DumpRange.java> 821b92e4 lwz r10,-0x45f0(r10) (GhidraScript)  
INFO  DumpRange.java> 821b92e8 stw r11,0x10(r10) (GhidraScript)  
INFO  DumpRange.java> 821b92ec blr (GhidraScript)  
INFO  DumpRange.java> 821b92f0 mfspr r12,LR (GhidraScript)  
INFO  DumpRange.java> 821b92f4 stw r12,-0x8(r1) (GhidraScript)  
INFO  DumpRange.java> 821b92f8 std r31,-0x10(r1) (GhidraScript)  
INFO  DumpRange.java> 821b92fc stwu r1,-0x60(r1) (GhidraScript)  
INFO  DumpRange.java> 821b9300 or r31,r3,r3 (GhidraScript)  
INFO  DumpRange.java> 821b9304 lwz r3,0x270(r31) (GhidraScript)  
INFO  DumpRange.java> 821b9308 cmplwi cr6,r3,0x0 (GhidraScript)  
INFO  DumpRange.java> 821b930c beq cr6,0x821b9320 (GhidraScript)  
INFO  DumpRange.java> 821b9310 lwz r11,0x0(r3) (GhidraScript)  
INFO  DumpRange.java> 821b9314 lwz r11,0x8(r11) (GhidraScript)  
INFO  DumpRange.java> 821b9318 mtspr CTR,r11 (GhidraScript)  
INFO  DumpRange.java> 821b931c bctrl (GhidraScript)  
INFO  DumpRange.java> 821b9320 li r11,0x1 (GhidraScript)  
INFO  DumpRange.java> 821b9324 li r3,0x1 (GhidraScript)  
INFO  DumpRange.java> 821b9328 stb r11,0x4f(r31) (GhidraScript)  
INFO  DumpRange.java> 821b932c addi r1,r1,0x60 (GhidraScript)  
INFO  DumpRange.java> 821b9330 lwz r12,-0x8(r1) (GhidraScript)  
INFO  DumpRange.java> 821b9334 mtspr LR,r12 (GhidraScript)  
INFO  DumpRange.java> 821b9338 ld r31,-0x10(r1) (GhidraScript)  
INFO  DumpRange.java> 821b933c blr (GhidraScript)  
INFO  DumpRange.java> 821b9340 mfspr r12,LR (GhidraScript)  
INFO  DumpRange.java> 821b9344 stw r12,-0x8(r1) (GhidraScript)  
INFO  DumpRange.java> 821b9348 std r30,-0x18(r1) (GhidraScript)  
INFO  DumpRange.java> 821b934c std r31,-0x10(r1) (GhidraScript)  
INFO  DumpRange.java> 821b9350 stwu r1,-0x70(r1) (GhidraScript)  
INFO  DumpRange.java> 821b9354 or r31,r3,r3 (GhidraScript)  
INFO  DumpRange.java> 821b9358 li r30,0x0 (GhidraScript)  
INFO  DumpRange.java> 821b935c lwz r3,0x270(r31) (GhidraScript)  
INFO  DumpRange.java> 821b9360 cmplwi cr6,r3,0x0 (GhidraScript)  
INFO  DumpRange.java> 821b9364 beq cr6,0x821b93a4 (GhidraScript)  
INFO  DumpRange.java> 821b9368 lwz r11,0x0(r3) (GhidraScript)  
INFO  DumpRange.java> 821b936c lwz r11,0x18(r11) (GhidraScript)  
INFO  DumpRange.java> 821b9370 mtspr CTR,r11 (GhidraScript)  
INFO  DumpRange.java> 821b9374 bctrl (GhidraScript)  
INFO  DumpRange.java> 821b9378 rlwinm r11,r3,0x0,0x18,0x1f (GhidraScript)  
INFO  DumpRange.java> 821b937c cmplwi cr6,r11,0x0 (GhidraScript)  
INFO  DumpRange.java> 821b9380 beq cr6,0x821b93a4 (GhidraScript)  
INFO  DumpRange.java> 821b9384 lis r11,-0x7d99 (GhidraScript)  
INFO  DumpRange.java> 821b9388 lwz r4,0x270(r31) (GhidraScript)  
INFO  DumpRange.java> 821b938c lwz r3,0x1308(r11) (GhidraScript)  
INFO  DumpRange.java> 821b9390 lwz r11,0x0(r3) (GhidraScript)  
INFO  DumpRange.java> 821b9394 lwz r11,0x18(r11) (GhidraScript)  
INFO  DumpRange.java> 821b9398 mtspr CTR,r11 (GhidraScript)  
INFO  DumpRange.java> 821b939c bctrl (GhidraScript)  
INFO  DumpRange.java> 821b93a0 stw r30,0x270(r31) (GhidraScript)  
INFO  DumpRange.java> 821b93a4 lwz r11,0x270(r31) (GhidraScript)  
INFO  DumpRange.java> 821b93a8 cmplwi cr6,r11,0x0 (GhidraScript)  
INFO  DumpRange.java> 821b93ac bne cr6,0x821b93b4 (GhidraScript)  
INFO  DumpRange.java> 821b93b0 stb r30,0x4f(r31) (GhidraScript)  
INFO  DumpRange.java> 821b93b4 lbz r11,0x4f(r31) (GhidraScript)  
INFO  DumpRange.java> 821b93b8 cntlzw r11,r11 (GhidraScript)  
INFO  DumpRange.java> 821b93bc rlwinm r3,r11,0x1b,0x1f,0x1f (GhidraScript)  
INFO  DumpRange.java> 821b93c0 addi r1,r1,0x70 (GhidraScript)  
INFO  DumpRange.java> 821b93c4 lwz r12,-0x8(r1) (GhidraScript)  
INFO  DumpRange.java> 821b93c8 mtspr LR,r12 (GhidraScript)  
INFO  DumpRange.java> 821b93cc ld r30,-0x18(r1) (GhidraScript)  
INFO  DumpRange.java> 821b93d0 ld r31,-0x10(r1) (GhidraScript)  
INFO  DumpRange.java> 821b93d4 blr (GhidraScript)  
INFO  DumpRange.java> 821b93d8 subi r3,r3,0x268 (GhidraScript)  
INFO  DumpRange.java> 821b93dc b 0x821c03a8 (GhidraScript)  
INFO  DumpRange.java> 821b93e0 mfspr r12,LR (GhidraScript)  
INFO  DumpRange.java> 821b93e4 stw r12,-0x8(r1) (GhidraScript)  
INFO  DumpRange.java> 821b93e8 std r31,-0x10(r1) (GhidraScript)  
INFO  DumpRange.java> 821b93ec stwu r1,-0x60(r1) (GhidraScript)  
INFO  DumpRange.java> 821b93f0 or r31,r3,r3 (GhidraScript)  
INFO  DumpRange.java> 821b93f4 bl 0x82190738 (GhidraScript)  
INFO  DumpRange.java> 821b93f8 lis r11,-0x7dfa (GhidraScript)  
INFO  DumpRange.java> 821b93fc lis r10,-0x7dfa (GhidraScript)  
INFO  DumpRange.java> 821b9400 lis r9,-0x7dfa (GhidraScript)  
INFO  DumpRange.java> 821b9404 subi r11,r11,0x5e34 (GhidraScript)  
INFO  DumpRange.java> 821b9408 addi r10,r10,0x56e4 (GhidraScript)  
INFO  DumpRange.java> 821b940c addi r9,r9,0x5734 (GhidraScript)  
INFO  DumpRange.java> 821b9410 li r8,0x21 (GhidraScript)  
INFO  DumpRange.java> 821b9414 or r3,r31,r31 (GhidraScript)  
INFO  DumpRange.java> 821b9418 stw r11,0x268(r31) (GhidraScript)  
INFO  DumpRange.java> 821b941c stw r10,0x0(r31) (GhidraScript)  
INFO  DumpRange.java> 821b9420 stw r9,0x268(r31) (GhidraScript)  
INFO  DumpRange.java> 821b9424 stw r8,0x270(r31) (GhidraScript)  
INFO  DumpRange.java> 821b9428 addi r1,r1,0x60 (GhidraScript)  
INFO  DumpRange.java> 821b942c lwz r12,-0x8(r1) (GhidraScript)  
INFO  DumpRange.java> 821b9430 mtspr LR,r12 (GhidraScript)  
INFO  DumpRange.java> 821b9434 ld r31,-0x10(r1) (GhidraScript)  
INFO  DumpRange.java> 821b9438 blr (GhidraScript)  
INFO  DumpRange.java> 821b943c <not-disassembled> (GhidraScript)  
INFO  DumpRange.java> 821b9440 lis r11,-0x7d92 (GhidraScript)  
INFO  DumpRange.java> 821b9444 li r10,0x3 (GhidraScript)  
INFO  DumpRange.java> 821b9448 lwz r11,0x4eb4(r11) (GhidraScript)  
INFO  DumpRange.java> 821b944c stw r10,0x78(r11) (GhidraScript)  
INFO  DumpRange.java> 821b9450 blr (GhidraScript)  
INFO  DumpRange.java> 821b9454 <not-disassembled> (GhidraScript)  
INFO  DumpRange.java> 821b9458 mfspr r12,LR (GhidraScript)  
INFO  DumpRange.java> 821b945c stw r12,-0x8(r1) (GhidraScript)  
INFO  DumpRange.java> 821b9460 std r30,-0x18(r1) (GhidraScript)  
INFO  DumpRange.java> 821b9464 std r31,-0x10(r1) (GhidraScript)  
INFO  DumpRange.java> 821b9468 stwu r1,-0x70(r1) (GhidraScript)  
INFO  DumpRange.java> 821b946c lis r11,-0x7d97 (GhidraScript)  
INFO  DumpRange.java> 821b9470 lis r31,-0x7d6c (GhidraScript)  
INFO  DumpRange.java> 821b9474 or r30,r3,r3 (GhidraScript)  
INFO  DumpRange.java> 821b9478 lwz r11,0x1c54(r11) (GhidraScript)  
INFO  DumpRange.java> 821b947c lwz r10,-0x45f0(r31) (GhidraScript)  
INFO  REPORT: Execute script: DumpRange.java '0x821a7af0' '0x821a7c80'  (HeadlessAnalyzer)  
INFO  SCRIPT: /fastdata/lavaulta/auto-re-agent/workspaces/ace-combat-6/scripts/DumpRange.java (HeadlessAnalyzer)  
INFO  DumpRange.java> 821a7af0 fmr f4,f31 (GhidraScript)  
INFO  DumpRange.java> 821a7af4 fmr f2,f5 (GhidraScript)  
INFO  DumpRange.java> 821a7af8 fmr f1,f5 (GhidraScript)  
INFO  DumpRange.java> 821a7afc lfs f30,-0x5ef4(r11) (GhidraScript)  
INFO  DumpRange.java> 821a7b00 fmr f3,f30 (GhidraScript)  
INFO  DumpRange.java> 821a7b04 bl 0x82274e78 (GhidraScript)  
INFO  DumpRange.java> 821a7b08 lfs f1,-0x544(r29) (GhidraScript)  
INFO  DumpRange.java> 821a7b0c bl 0x82335820 (GhidraScript)  
INFO  DumpRange.java> 821a7b10 bl 0x823358d0 (GhidraScript)  
INFO  DumpRange.java> 821a7b14 li r3,0x6 (GhidraScript)  
INFO  DumpRange.java> 821a7b18 bl 0x82335878 (GhidraScript)  
INFO  DumpRange.java> 821a7b1c lfs f4,0xe0(r31) (GhidraScript)  
INFO  DumpRange.java> 821a7b20 lfs f3,0xdc(r31) (GhidraScript)  
INFO  DumpRange.java> 821a7b24 lfs f2,0xd8(r31) (GhidraScript)  
INFO  DumpRange.java> 821a7b28 lfs f1,0xd4(r31) (GhidraScript)  
INFO  DumpRange.java> 821a7b2c bl 0x82274e28 (GhidraScript)  
INFO  DumpRange.java> 821a7b30 addi r11,r31,0x100 (GhidraScript)  
INFO  DumpRange.java> 821a7b34 li r10,0x30 (GhidraScript)  
INFO  DumpRange.java> 821a7b38 li r22,0x10 (GhidraScript)  
INFO  DumpRange.java> 821a7b3c li r23,0x20 (GhidraScript)  
INFO  DumpRange.java> 821a7b40 addi r3,r1,0x1b0 (GhidraScript)  
INFO  DumpRange.java> 821a7b44 <not-disassembled> (GhidraScript)  
INFO  DumpRange.java> 821a7b48 <not-disassembled> (GhidraScript)  
INFO  DumpRange.java> 821a7b4c <not-disassembled> (GhidraScript)  
INFO  DumpRange.java> 821a7b50 <not-disassembled> (GhidraScript)  
INFO  DumpRange.java> 821a7b54 addi r11,r1,0x70 (GhidraScript)  
INFO  DumpRange.java> 821a7b58 <not-disassembled> (GhidraScript)  
INFO  DumpRange.java> 821a7b5c addi r11,r1,0x80 (GhidraScript)  
INFO  DumpRange.java> 821a7b60 <not-disassembled> (GhidraScript)  
INFO  DumpRange.java> 821a7b64 addi r11,r1,0x90 (GhidraScript)  
INFO  DumpRange.java> 821a7b68 <not-disassembled> (GhidraScript)  
INFO  DumpRange.java> 821a7b6c addi r11,r1,0xa0 (GhidraScript)  
INFO  DumpRange.java> 821a7b70 <not-disassembled> (GhidraScript)  
INFO  DumpRange.java> 821a7b74 bl 0x82284738 (GhidraScript)  
INFO  DumpRange.java> 821a7b78 lis r11,-0x7dfb (GhidraScript)  
INFO  DumpRange.java> 821a7b7c addi r3,r1,0x1c0 (GhidraScript)  
INFO  DumpRange.java> 821a7b80 addi r24,r11,0x57fc (GhidraScript)  
INFO  DumpRange.java> 821a7b84 stw r24,0x1b0(r1) (GhidraScript)  
INFO  DumpRange.java> 821a7b88 bl 0x82096eb8 (GhidraScript)  
INFO  DumpRange.java> 821a7b8c lis r11,0x3 (GhidraScript)  
INFO  DumpRange.java> 821a7b90 lfs f1,0xd4(r31) (GhidraScript)  
INFO  DumpRange.java> 821a7b94 addi r26,r31,0xf0 (GhidraScript)  
INFO  DumpRange.java> 821a7b98 ori r27,r11,0x70a0 (GhidraScript)  
INFO  DumpRange.java> 821a7b9c lwz r11,0x4eb4(r30) (GhidraScript)  
INFO  DumpRange.java> 821a7ba0 li r4,0x2 (GhidraScript)  
INFO  DumpRange.java> 821a7ba4 addi r3,r1,0x1b0 (GhidraScript)  
INFO  DumpRange.java> 821a7ba8 or r5,r26,r26 (GhidraScript)  
INFO  DumpRange.java> 821a7bac lwzx r11,r11,r27 (GhidraScript)  
INFO  DumpRange.java> 821a7bb0 addi r7,r11,0x10 (GhidraScript)  
INFO  DumpRange.java> 821a7bb4 bl 0x820a4be0 (GhidraScript)  
INFO  DumpRange.java> 821a7bb8 lis r11,0x2 (GhidraScript)  
INFO  DumpRange.java> 821a7bbc addi r5,r1,0x1b0 (GhidraScript)  
INFO  DumpRange.java> 821a7bc0 ori r28,r11,0x9fc8 (GhidraScript)  
INFO  DumpRange.java> 821a7bc4 lis r11,-0x7d8a (GhidraScript)  
INFO  DumpRange.java> 821a7bc8 li r4,0x1 (GhidraScript)  
INFO  DumpRange.java> 821a7bcc subi r25,r11,0x5b6c (GhidraScript)  
INFO  DumpRange.java> 821a7bd0 lwz r11,0x4eb4(r30) (GhidraScript)  
INFO  DumpRange.java> 821a7bd4 or r3,r25,r25 (GhidraScript)  
INFO  DumpRange.java> 821a7bd8 lwzx r6,r11,r28 (GhidraScript)  
INFO  DumpRange.java> 821a7bdc bl 0x821d8028 (GhidraScript)  
INFO  DumpRange.java> 821a7be0 or r18,r3,r3 (GhidraScript)  
INFO  DumpRange.java> 821a7be4 addi r3,r1,0xf0 (GhidraScript)  
INFO  DumpRange.java> 821a7be8 bl 0x82284738 (GhidraScript)  
INFO  DumpRange.java> 821a7bec addi r3,r1,0x100 (GhidraScript)  
INFO  DumpRange.java> 821a7bf0 stw r24,0xf0(r1) (GhidraScript)  
INFO  DumpRange.java> 821a7bf4 bl 0x82096eb8 (GhidraScript)  
INFO  DumpRange.java> 821a7bf8 lwz r11,0x4eb4(r30) (GhidraScript)  
INFO  DumpRange.java> 821a7bfc or r5,r26,r26 (GhidraScript)  
INFO  DumpRange.java> 821a7c00 lfs f1,0xd4(r31) (GhidraScript)  
INFO  DumpRange.java> 821a7c04 li r4,0x1 (GhidraScript)  
INFO  DumpRange.java> 821a7c08 addi r3,r1,0xf0 (GhidraScript)  
INFO  DumpRange.java> 821a7c0c lwzx r11,r11,r27 (GhidraScript)  
INFO  DumpRange.java> 821a7c10 addi r7,r11,0x10 (GhidraScript)  
INFO  DumpRange.java> 821a7c14 bl 0x820a4be0 (GhidraScript)  
INFO  DumpRange.java> 821a7c18 lwz r11,0x4eb4(r30) (GhidraScript)  
INFO  DumpRange.java> 821a7c1c addi r5,r1,0xf0 (GhidraScript)  
INFO  DumpRange.java> 821a7c20 li r4,0x2 (GhidraScript)  
INFO  DumpRange.java> 821a7c24 or r3,r25,r25 (GhidraScript)  
INFO  DumpRange.java> 821a7c28 lwzx r6,r11,r28 (GhidraScript)  
INFO  DumpRange.java> 821a7c2c bl 0x821d8028 (GhidraScript)  
INFO  DumpRange.java> 821a7c30 lis r11,0x3 (GhidraScript)  
INFO  DumpRange.java> 821a7c34 or r17,r3,r3 (GhidraScript)  
INFO  DumpRange.java> 821a7c38 ori r26,r11,0x6084 (GhidraScript)  
INFO  DumpRange.java> 821a7c3c lwz r11,0x4eb4(r30) (GhidraScript)  
INFO  DumpRange.java> 821a7c40 li r4,0x1 (GhidraScript)  
INFO  DumpRange.java> 821a7c44 lwzx r3,r11,r26 (GhidraScript)  
INFO  DumpRange.java> 821a7c48 lwz r11,0x0(r3) (GhidraScript)  
INFO  DumpRange.java> 821a7c4c lwz r11,0x100(r11) (GhidraScript)  
INFO  DumpRange.java> 821a7c50 mtspr CTR,r11 (GhidraScript)  
INFO  DumpRange.java> 821a7c54 bctrl (GhidraScript)  
INFO  DumpRange.java> 821a7c58 lis r11,0x3 (GhidraScript)  
INFO  DumpRange.java> 821a7c5c lis r9,0x3 (GhidraScript)  
INFO  DumpRange.java> 821a7c60 ori r27,r11,0x6010 (GhidraScript)  
INFO  DumpRange.java> 821a7c64 lwz r11,0x4eb4(r30) (GhidraScript)  
INFO  DumpRange.java> 821a7c68 ori r15,r9,0x1080 (GhidraScript)  
INFO  DumpRange.java> 821a7c6c lwzx r10,r11,r27 (GhidraScript)  
INFO  DumpRange.java> 821a7c70 cmpwi cr6,r10,0xb (GhidraScript)  
INFO  DumpRange.java> 821a7c74 bne cr6,0x821a7e68 (GhidraScript)  
INFO  DumpRange.java> 821a7c78 add r10,r11,r15 (GhidraScript)  
INFO  DumpRange.java> 821a7c7c lwz r9,0x2820(r10) (GhidraScript)  
INFO  REPORT: Save succeeded for processed file: /default.xex (HeadlessAnalyzer)  
openjdk version "21.0.11" 2026-04-21
OpenJDK Runtime Environment (build 21.0.11+10-1-26.04.2-Ubuntu)
OpenJDK 64-Bit Server VM (build 21.0.11+10-1-26.04.2-Ubuntu, mixed mode)
INFO  Using log config file: jar:file:/fastdata/lavaulta/auto-re-agent/.tools/ghidra_12.1.2_PUBLIC/Ghidra/Framework/Generic/lib/Generic.jar!/generic.log4j.xml (LoggingInitialization)  
INFO  Using log file: /home/lavaulta/.config/ghidra/ghidra_12.1.2_PUBLIC/application.log (LoggingInitialization)  
INFO  Loading user preferences: /home/lavaulta/.config/ghidra/ghidra_12.1.2_PUBLIC/preferences (Preferences)  
INFO  Searching for classes... (ClassSearcher)  
INFO  Ignoring class 'xexloaderwv.XEXLoaderWVLoader' from '/fastdata/lavaulta/auto-re-agent/.tools/ghidra_12.1.2_PUBLIC/Ghidra/Extensions/XEXLoaderWV/lib/XEXLoaderWV.jar'. Already found at '/fastdata/lavaulta/auto-re-agent/.tools/ghidra_12.1.2_PUBLIC/Ghidra/patch/XEXLoaderWV-java21.jar'. (ClassSearcher)  
INFO  Class search complete (1615 ms) (ClassSearcher)  
INFO  Initializing SSL Context (DefaultSSLContextInitializer)  
INFO  Initializing Random Number Generator... (SecureRandomFactory)  
INFO  Random Number Generator initialization complete: NativePRNGNonBlocking (SecureRandomFactory)  
INFO  Trust manager disabled, cacerts have not been set (DefaultTrustManagerFactory)  
INFO  Headless startup complete (3164 ms) (AnalyzeHeadless)  
INFO  Class searcher loaded 59 extension points (20 false positives) (ClassSearcher)  
INFO  HEADLESS Script Paths:
    /fastdata/lavaulta/auto-re-agent/.tools/ghidra_12.1.2_PUBLIC/Ghidra/Features/MicrosoftCodeAnalyzer/ghidra_scripts
    /fastdata/lavaulta/auto-re-agent/.tools/ghidra_12.1.2_PUBLIC/Ghidra/Features/PDB/ghidra_scripts
    /fastdata/lavaulta/auto-re-agent/.tools/ghidra_12.1.2_PUBLIC/Ghidra/Processors/8051/ghidra_scripts
    /fastdata/lavaulta/auto-re-agent/.tools/ghidra_12.1.2_PUBLIC/Ghidra/Features/Base/ghidra_scripts
    /fastdata/lavaulta/auto-re-agent/workspaces/ace-combat-6/scripts
    /fastdata/lavaulta/auto-re-agent/.tools/ghidra_12.1.2_PUBLIC/Ghidra/Features/FileFormats/ghidra_scripts
    /fastdata/lavaulta/auto-re-agent/.tools/ghidra_12.1.2_PUBLIC/Ghidra/Features/GnuDemangler/ghidra_scripts
    /fastdata/lavaulta/auto-re-agent/.tools/ghidra_12.1.2_PUBLIC/Ghidra/Extensions/ghidra-emotionengine-reloaded/ghidra_scripts
    /fastdata/lavaulta/auto-re-agent/.tools/ghidra_12.1.2_PUBLIC/Ghidra/Features/Decompiler/ghidra_scripts
    /fastdata/lavaulta/auto-re-agent/.tools/ghidra_12.1.2_PUBLIC/Ghidra/Features/FunctionID/ghidra_scripts
    /fastdata/lavaulta/auto-re-agent/.tools/ghidra_12.1.2_PUBLIC/Ghidra/Features/DecompilerDependent/ghidra_scripts
    /fastdata/lavaulta/auto-re-agent/.tools/ghidra_12.1.2_PUBLIC/Ghidra/Processors/DATA/ghidra_scripts
    /fastdata/lavaulta/auto-re-agent/.tools/ghidra_12.1.2_PUBLIC/Ghidra/Debug/Debugger-rmi-trace/ghidra_scripts
    /fastdata/lavaulta/auto-re-agent/.tools/ghidra_12.1.2_PUBLIC/Ghidra/Features/SwiftDemangler/ghidra_scripts
    /fastdata/lavaulta/auto-re-agent/.tools/ghidra_12.1.2_PUBLIC/Ghidra/Debug/Debugger/ghidra_scripts
    /fastdata/lavaulta/auto-re-agent/.tools/ghidra_12.1.2_PUBLIC/Ghidra/Processors/PIC/ghidra_scripts
    /fastdata/lavaulta/auto-re-agent/.tools/ghidra_12.1.2_PUBLIC/Ghidra/Extensions/XEXLoaderWV/ghidra_scripts
    /fastdata/lavaulta/auto-re-agent/.tools/ghidra_12.1.2_PUBLIC/Ghidra/Features/WildcardAssembler/ghidra_scripts
    /fastdata/lavaulta/auto-re-agent/.tools/ghidra_12.1.2_PUBLIC/Ghidra/Features/PyGhidra/ghidra_scripts
    /fastdata/lavaulta/auto-re-agent/.tools/ghidra_12.1.2_PUBLIC/Ghidra/Features/BSim/ghidra_scripts
    /fastdata/lavaulta/auto-re-agent/.tools/ghidra_12.1.2_PUBLIC/Ghidra/Features/VersionTracking/ghidra_scripts
    /fastdata/lavaulta/auto-re-agent/.tools/ghidra_12.1.2_PUBLIC/Ghidra/Features/BytePatterns/ghidra_scripts
    /fastdata/lavaulta/auto-re-agent/.tools/ghidra_12.1.2_PUBLIC/Ghidra/Processors/Atmel/ghidra_scripts
    /fastdata/lavaulta/auto-re-agent/.tools/ghidra_12.1.2_PUBLIC/Ghidra/Features/SystemEmulation/ghidra_scripts
    /fastdata/lavaulta/auto-re-agent/.tools/ghidra_12.1.2_PUBLIC/Ghidra/Processors/JVM/ghidra_scripts (HeadlessAnalyzer)  
INFO  HEADLESS: execution starts (HeadlessAnalyzer)  
INFO  Opening existing project: /fastdata/lavaulta/auto-re-agent/workspaces/ace-combat-6/ghidra-projects/ace-combat-6-corrected (HeadlessAnalyzer)  
INFO  Opening project: /fastdata/lavaulta/auto-re-agent/workspaces/ace-combat-6/ghidra-projects/ace-combat-6-corrected (HeadlessProject)  
INFO  REPORT: Processing project file: /default.xex (HeadlessAnalyzer)  
INFO  REPORT: Execute script: DumpU32Range.java '0x82065600' '0x820656c0'  (HeadlessAnalyzer)  
INFO  SCRIPT: /fastdata/lavaulta/auto-re-agent/workspaces/ace-combat-6/scripts/DumpU32Range.java (HeadlessAnalyzer)  
INFO  DumpU32Range.java> 82065600 0x822ddbe8 (GhidraScript)  
INFO  DumpU32Range.java> 82065604 0x822ddbe8 (GhidraScript)  
INFO  DumpU32Range.java> 82065608 0x822ddbe8 (GhidraScript)  
INFO  DumpU32Range.java> 8206560c 0x822ddbe8 (GhidraScript)  
INFO  DumpU32Range.java> 82065610 0x822ddbe8 (GhidraScript)  
INFO  DumpU32Range.java> 82065614 0x822ddbe8 (GhidraScript)  
INFO  DumpU32Range.java> 82065618 0x822ddbe8 (GhidraScript)  
INFO  DumpU32Range.java> 8206561c 0x822ddbe8 (GhidraScript)  
INFO  DumpU32Range.java> 82065620 0x822ddbe8 (GhidraScript)  
INFO  DumpU32Range.java> 82065624 0x822ddbe8 (GhidraScript)  
INFO  DumpU32Range.java> 82065628 0x821a5360 (GhidraScript)  
INFO  DumpU32Range.java> 8206562c 0x00000000 (GhidraScript)  
INFO  DumpU32Range.java> 82065630 0x82077720 (GhidraScript)  
INFO  DumpU32Range.java> 82065634 0x821bcda8 (GhidraScript)  
INFO  DumpU32Range.java> 82065638 0x821d10c0 (GhidraScript)  
INFO  DumpU32Range.java> 8206563c 0x821d10c8 (GhidraScript)  
INFO  DumpU32Range.java> 82065640 0x821b5960 (GhidraScript)  
INFO  DumpU32Range.java> 82065644 0x821b5a48 (GhidraScript)  
INFO  DumpU32Range.java> 82065648 0x821b5bd8 (GhidraScript)  
INFO  DumpU32Range.java> 8206564c 0x821b7948 (GhidraScript)  
INFO  DumpU32Range.java> 82065650 0x821b7958 (GhidraScript)  
INFO  DumpU32Range.java> 82065654 0x8218d2a0 (GhidraScript)  
INFO  DumpU32Range.java> 82065658 0x8218d2c8 (GhidraScript)  
INFO  DumpU32Range.java> 8206565c 0x8218d2f0 (GhidraScript)  
INFO  DumpU32Range.java> 82065660 0x821b59c0 (GhidraScript)  
INFO  DumpU32Range.java> 82065664 0x821b5c00 (GhidraScript)  
INFO  DumpU32Range.java> 82065668 0x8218d348 (GhidraScript)  
INFO  DumpU32Range.java> 8206566c 0x8218d360 (GhidraScript)  
INFO  DumpU32Range.java> 82065670 0x8218d480 (GhidraScript)  
INFO  DumpU32Range.java> 82065674 0x821b5cf0 (GhidraScript)  
INFO  DumpU32Range.java> 82065678 0x821b5d40 (GhidraScript)  
INFO  DumpU32Range.java> 8206567c 0x821b5cd8 (GhidraScript)  
INFO  DumpU32Range.java> 82065680 0x8207770c (GhidraScript)  
INFO  DumpU32Range.java> 82065684 0x821b5dd8 (GhidraScript)  
INFO  DumpU32Range.java> 82065688 0x822ddbe8 (GhidraScript)  
INFO  DumpU32Range.java> 8206568c 0x822ddbe8 (GhidraScript)  
INFO  DumpU32Range.java> 82065690 0x822ddbe8 (GhidraScript)  
INFO  DumpU32Range.java> 82065694 0x822ddbe8 (GhidraScript)  
INFO  DumpU32Range.java> 82065698 0x822ddbe8 (GhidraScript)  
INFO  DumpU32Range.java> 8206569c 0x822ddbe8 (GhidraScript)  
INFO  DumpU32Range.java> 820656a0 0x822ddbe8 (GhidraScript)  
INFO  DumpU32Range.java> 820656a4 0x822ddbe8 (GhidraScript)  
INFO  DumpU32Range.java> 820656a8 0x822ddbe8 (GhidraScript)  
INFO  DumpU32Range.java> 820656ac 0x822ddbe8 (GhidraScript)  
INFO  DumpU32Range.java> 820656b0 0x822ddbe8 (GhidraScript)  
INFO  DumpU32Range.java> 820656b4 0x822ddbe8 (GhidraScript)  
INFO  DumpU32Range.java> 820656b8 0x822ddbe8 (GhidraScript)  
INFO  DumpU32Range.java> 820656bc 0x822ddbe8 (GhidraScript)  
INFO  REPORT: Execute script: DumpRange.java '0x821bc5d0' '0x821bc730'  (HeadlessAnalyzer)  
INFO  SCRIPT: /fastdata/lavaulta/auto-re-agent/workspaces/ace-combat-6/scripts/DumpRange.java (HeadlessAnalyzer)  
INFO  DumpRange.java> 821bc5d0 lwz r12,-0x8(r1) (GhidraScript)  
INFO  DumpRange.java> 821bc5d4 mtspr LR,r12 (GhidraScript)  
INFO  DumpRange.java> 821bc5d8 ld r31,-0x10(r1) (GhidraScript)  
INFO  DumpRange.java> 821bc5dc blr (GhidraScript)  
INFO  DumpRange.java> 821bc5e0 mfspr r12,LR (GhidraScript)  
INFO  DumpRange.java> 821bc5e4 stw r12,-0x8(r1) (GhidraScript)  
INFO  DumpRange.java> 821bc5e8 std r31,-0x10(r1) (GhidraScript)  
INFO  DumpRange.java> 821bc5ec stwu r1,-0x60(r1) (GhidraScript)  
INFO  DumpRange.java> 821bc5f0 or r31,r3,r3 (GhidraScript)  
INFO  DumpRange.java> 821bc5f4 bl 0x8219d1d8 (GhidraScript)  
INFO  DumpRange.java> 821bc5f8 lis r11,-0x7dfa (GhidraScript)  
INFO  DumpRange.java> 821bc5fc lis r10,-0x7dfa (GhidraScript)  
INFO  DumpRange.java> 821bc600 addi r11,r11,0x47dc (GhidraScript)  
INFO  DumpRange.java> 821bc604 addi r10,r10,0x4834 (GhidraScript)  
INFO  DumpRange.java> 821bc608 lis r9,-0x7dfa (GhidraScript)  
INFO  DumpRange.java> 821bc60c lis r8,-0x7dfa (GhidraScript)  
INFO  DumpRange.java> 821bc610 li r7,0x3 (GhidraScript)  
INFO  DumpRange.java> 821bc614 stw r11,0x0(r31) (GhidraScript)  
INFO  DumpRange.java> 821bc618 lis r11,-0x7d92 (GhidraScript)  
INFO  DumpRange.java> 821bc61c stw r10,0x268(r31) (GhidraScript)  
INFO  DumpRange.java> 821bc620 addi r9,r9,0x6d14 (GhidraScript)  
INFO  DumpRange.java> 821bc624 addi r8,r8,0x6d6c (GhidraScript)  
INFO  DumpRange.java> 821bc628 or r3,r31,r31 (GhidraScript)  
INFO  DumpRange.java> 821bc62c lwz r11,0x4eb4(r11) (GhidraScript)  
INFO  DumpRange.java> 821bc630 stw r7,0x78(r11) (GhidraScript)  
INFO  DumpRange.java> 821bc634 stw r9,0x0(r31) (GhidraScript)  
INFO  DumpRange.java> 821bc638 stw r8,0x268(r31) (GhidraScript)  
INFO  DumpRange.java> 821bc63c addi r1,r1,0x60 (GhidraScript)  
INFO  DumpRange.java> 821bc640 lwz r12,-0x8(r1) (GhidraScript)  
INFO  DumpRange.java> 821bc644 mtspr LR,r12 (GhidraScript)  
INFO  DumpRange.java> 821bc648 ld r31,-0x10(r1) (GhidraScript)  
INFO  DumpRange.java> 821bc64c blr (GhidraScript)  
INFO  DumpRange.java> 821bc650 mfspr r12,LR (GhidraScript)  
INFO  DumpRange.java> 821bc654 stw r12,-0x8(r1) (GhidraScript)  
INFO  DumpRange.java> 821bc658 std r31,-0x10(r1) (GhidraScript)  
INFO  DumpRange.java> 821bc65c stwu r1,-0x60(r1) (GhidraScript)  
INFO  DumpRange.java> 821bc660 or r31,r3,r3 (GhidraScript)  
INFO  DumpRange.java> 821bc664 bl 0x82190738 (GhidraScript)  
INFO  DumpRange.java> 821bc668 lis r11,-0x7dfa (GhidraScript)  
INFO  DumpRange.java> 821bc66c lis r10,-0x7dfa (GhidraScript)  
INFO  DumpRange.java> 821bc670 lis r9,-0x7dfa (GhidraScript)  
INFO  DumpRange.java> 821bc674 subi r11,r11,0x5e34 (GhidraScript)  
INFO  DumpRange.java> 821bc678 addi r10,r10,0x6d74 (GhidraScript)  
INFO  DumpRange.java> 821bc67c addi r9,r9,0x6dc4 (GhidraScript)  
INFO  DumpRange.java> 821bc680 li r8,0x1 (GhidraScript)  
INFO  DumpRange.java> 821bc684 or r3,r31,r31 (GhidraScript)  
INFO  DumpRange.java> 821bc688 stw r11,0x268(r31) (GhidraScript)  
INFO  DumpRange.java> 821bc68c stw r10,0x0(r31) (GhidraScript)  
INFO  DumpRange.java> 821bc690 stw r9,0x268(r31) (GhidraScript)  
INFO  DumpRange.java> 821bc694 stw r8,0x288(r31) (GhidraScript)  
INFO  DumpRange.java> 821bc698 addi r1,r1,0x60 (GhidraScript)  
INFO  DumpRange.java> 821bc69c lwz r12,-0x8(r1) (GhidraScript)  
INFO  DumpRange.java> 821bc6a0 mtspr LR,r12 (GhidraScript)  
INFO  DumpRange.java> 821bc6a4 ld r31,-0x10(r1) (GhidraScript)  
INFO  DumpRange.java> 821bc6a8 blr (GhidraScript)  
INFO  DumpRange.java> 821bc6ac <not-disassembled> (GhidraScript)  
INFO  DumpRange.java> 821bc6b0 mfspr r12,LR (GhidraScript)  
INFO  DumpRange.java> 821bc6b4 stw r12,-0x8(r1) (GhidraScript)  
INFO  DumpRange.java> 821bc6b8 std r31,-0x10(r1) (GhidraScript)  
INFO  DumpRange.java> 821bc6bc stwu r1,-0x60(r1) (GhidraScript)  
INFO  DumpRange.java> 821bc6c0 or r31,r3,r3 (GhidraScript)  
INFO  DumpRange.java> 821bc6c4 bl 0x82190738 (GhidraScript)  
INFO  DumpRange.java> 821bc6c8 lis r11,-0x7dfa (GhidraScript)  
INFO  DumpRange.java> 821bc6cc lis r10,-0x7dfa (GhidraScript)  
INFO  DumpRange.java> 821bc6d0 lis r9,-0x7dfa (GhidraScript)  
INFO  DumpRange.java> 821bc6d4 subi r11,r11,0x5e34 (GhidraScript)  
INFO  DumpRange.java> 821bc6d8 addi r10,r10,0x6e24 (GhidraScript)  
INFO  DumpRange.java> 821bc6dc addi r9,r9,0x6e74 (GhidraScript)  
INFO  DumpRange.java> 821bc6e0 li r8,0x2 (GhidraScript)  
INFO  DumpRange.java> 821bc6e4 or r3,r31,r31 (GhidraScript)  
INFO  DumpRange.java> 821bc6e8 stw r11,0x268(r31) (GhidraScript)  
INFO  DumpRange.java> 821bc6ec stw r10,0x0(r31) (GhidraScript)  
INFO  DumpRange.java> 821bc6f0 stw r9,0x268(r31) (GhidraScript)  
INFO  DumpRange.java> 821bc6f4 stw r8,0x288(r31) (GhidraScript)  
INFO  DumpRange.java> 821bc6f8 addi r1,r1,0x60 (GhidraScript)  
INFO  DumpRange.java> 821bc6fc lwz r12,-0x8(r1) (GhidraScript)  
INFO  DumpRange.java> 821bc700 mtspr LR,r12 (GhidraScript)  
INFO  DumpRange.java> 821bc704 ld r31,-0x10(r1) (GhidraScript)  
INFO  DumpRange.java> 821bc708 blr (GhidraScript)  
INFO  DumpRange.java> 821bc70c <not-disassembled> (GhidraScript)  
INFO  DumpRange.java> 821bc710 mfspr r12,LR (GhidraScript)  
INFO  DumpRange.java> 821bc714 stw r12,-0x8(r1) (GhidraScript)  
INFO  DumpRange.java> 821bc718 std r31,-0x10(r1) (GhidraScript)  
INFO  DumpRange.java> 821bc71c stwu r1,-0x60(r1) (GhidraScript)  
INFO  DumpRange.java> 821bc720 or r31,r3,r3 (GhidraScript)  
INFO  DumpRange.java> 821bc724 bl 0x82190738 (GhidraScript)  
INFO  DumpRange.java> 821bc728 lis r11,-0x7dfa (GhidraScript)  
INFO  DumpRange.java> 821bc72c lis r10,-0x7dfa (GhidraScript)  
INFO  REPORT: Execute script: DumpRange.java '0x821b78f0' '0x821b7a30'  (HeadlessAnalyzer)  
INFO  SCRIPT: /fastdata/lavaulta/auto-re-agent/workspaces/ace-combat-6/scripts/DumpRange.java (HeadlessAnalyzer)  
INFO  DumpRange.java> 821b78f0 addi r1,r1,0x70 (GhidraScript)  
INFO  DumpRange.java> 821b78f4 b 0x8238654c (GhidraScript)  
INFO  DumpRange.java> 821b78f8 mfspr r12,LR (GhidraScript)  
INFO  DumpRange.java> 821b78fc stw r12,-0x8(r1) (GhidraScript)  
INFO  DumpRange.java> 821b7900 std r31,-0x10(r1) (GhidraScript)  
INFO  DumpRange.java> 821b7904 stwu r1,-0x60(r1) (GhidraScript)  
INFO  DumpRange.java> 821b7908 or r31,r3,r3 (GhidraScript)  
INFO  DumpRange.java> 821b790c cmplwi cr6,r4,0x2 (GhidraScript)  
INFO  DumpRange.java> 821b7910 bgt cr6,0x821b7930 (GhidraScript)  
INFO  DumpRange.java> 821b7914 lwz r11,-0x268(r31) (GhidraScript)  
INFO  DumpRange.java> 821b7918 subi r3,r31,0x268 (GhidraScript)  
INFO  DumpRange.java> 821b791c lwz r11,0x48(r11) (GhidraScript)  
INFO  DumpRange.java> 821b7920 mtspr CTR,r11 (GhidraScript)  
INFO  DumpRange.java> 821b7924 bctrl (GhidraScript)  
INFO  DumpRange.java> 821b7928 li r11,0x1 (GhidraScript)  
INFO  DumpRange.java> 821b792c stw r11,0xc(r31) (GhidraScript)  
INFO  DumpRange.java> 821b7930 addi r1,r1,0x60 (GhidraScript)  
INFO  DumpRange.java> 821b7934 lwz r12,-0x8(r1) (GhidraScript)  
INFO  DumpRange.java> 821b7938 mtspr LR,r12 (GhidraScript)  
INFO  DumpRange.java> 821b793c ld r31,-0x10(r1) (GhidraScript)  
INFO  DumpRange.java> 821b7940 blr (GhidraScript)  
INFO  DumpRange.java> 821b7944 <not-disassembled> (GhidraScript)  
INFO  DumpRange.java> 821b7948 mfspr r12,LR (GhidraScript)  
INFO  DumpRange.java> 821b794c stw r12,-0x8(r1) (GhidraScript)  
INFO  DumpRange.java> 821b7950 std r31,-0x10(r1) (GhidraScript)  
INFO  DumpRange.java> 821b7954 stwu r1,-0x60(r1) (GhidraScript)  
INFO  DumpRange.java> 821b7958 li r10,0x0 (GhidraScript)  
INFO  DumpRange.java> 821b795c addi r9,r3,0x2a0 (GhidraScript)  
INFO  DumpRange.java> 821b7960 lwz r11,0x2ac(r3) (GhidraScript)  
INFO  DumpRange.java> 821b7964 lwzx r11,r11,r10 (GhidraScript)  
INFO  DumpRange.java> 821b7968 cmplwi cr6,r11,0x1 (GhidraScript)  
INFO  DumpRange.java> 821b796c blt cr6,0x821b7984 (GhidraScript)  
INFO  DumpRange.java> 821b7970 bne cr6,0x821b7990 (GhidraScript)  
INFO  DumpRange.java> 821b7974 lwz r11,0x27c(r3) (GhidraScript)  
INFO  DumpRange.java> 821b7978 lwz r8,0x0(r9) (GhidraScript)  
INFO  DumpRange.java> 821b797c stw r8,0xdc(r11) (GhidraScript)  
INFO  DumpRange.java> 821b7980 b 0x821b7990 (GhidraScript)  
INFO  DumpRange.java> 821b7984 lwz r11,0x27c(r3) (GhidraScript)  
INFO  DumpRange.java> 821b7988 lwz r8,0x0(r9) (GhidraScript)  
INFO  DumpRange.java> 821b798c stw r8,0xd8(r11) (GhidraScript)  
INFO  DumpRange.java> 821b7990 addi r10,r10,0x8 (GhidraScript)  
INFO  DumpRange.java> 821b7994 addi r9,r9,0x4 (GhidraScript)  
INFO  DumpRange.java> 821b7998 cmpwi cr6,r10,0x10 (GhidraScript)  
INFO  DumpRange.java> 821b799c blt cr6,0x821b7960 (GhidraScript)  
INFO  DumpRange.java> 821b79a0 lis r11,-0x7dc1 (GhidraScript)  
INFO  DumpRange.java> 821b79a4 lwz r31,0x27c(r3) (GhidraScript)  
INFO  DumpRange.java> 821b79a8 li r10,0x1 (GhidraScript)  
INFO  DumpRange.java> 821b79ac addi r3,r11,0x6db8 (GhidraScript)  
INFO  DumpRange.java> 821b79b0 li r11,0x0 (GhidraScript)  
INFO  DumpRange.java> 821b79b4 stw r11,0x8(r31) (GhidraScript)  
INFO  DumpRange.java> 821b79b8 stw r10,0x55c8(r31) (GhidraScript)  
INFO  DumpRange.java> 821b79bc lwz r11,0x0(r3) (GhidraScript)  
INFO  DumpRange.java> 821b79c0 lwz r11,0x14(r11) (GhidraScript)  
INFO  DumpRange.java> 821b79c4 mtspr CTR,r11 (GhidraScript)  
INFO  DumpRange.java> 821b79c8 bctrl (GhidraScript)  
INFO  DumpRange.java> 821b79cc or r3,r31,r31 (GhidraScript)  
INFO  DumpRange.java> 821b79d0 stfs f1,0x55cc(r31) (GhidraScript)  
INFO  DumpRange.java> 821b79d4 bl 0x82166c80 (GhidraScript)  
INFO  DumpRange.java> 821b79d8 addi r1,r1,0x60 (GhidraScript)  
INFO  DumpRange.java> 821b79dc lwz r12,-0x8(r1) (GhidraScript)  
INFO  DumpRange.java> 821b79e0 mtspr LR,r12 (GhidraScript)  
INFO  DumpRange.java> 821b79e4 ld r31,-0x10(r1) (GhidraScript)  
INFO  DumpRange.java> 821b79e8 blr (GhidraScript)  
INFO  DumpRange.java> 821b79ec <not-disassembled> (GhidraScript)  
INFO  DumpRange.java> 821b79f0 mfspr r12,LR (GhidraScript)  
INFO  DumpRange.java> 821b79f4 stw r12,-0x8(r1) (GhidraScript)  
INFO  DumpRange.java> 821b79f8 std r30,-0x18(r1) (GhidraScript)  
INFO  DumpRange.java> 821b79fc std r31,-0x10(r1) (GhidraScript)  
INFO  DumpRange.java> 821b7a00 stwu r1,-0x70(r1) (GhidraScript)  
INFO  DumpRange.java> 821b7a04 lwz r31,0x27c(r3) (GhidraScript)  
INFO  DumpRange.java> 821b7a08 addi r30,r31,0xe8 (GhidraScript)  
INFO  DumpRange.java> 821b7a0c lwz r11,0xe8(r31) (GhidraScript)  
INFO  DumpRange.java> 821b7a10 cmplwi cr6,r11,0x3e5 (GhidraScript)  
INFO  DumpRange.java> 821b7a14 beq cr6,0x821b7a40 (GhidraScript)  
INFO  DumpRange.java> 821b7a18 or r3,r30,r30 (GhidraScript)  
INFO  DumpRange.java> 821b7a1c bl 0x821f7d40 (GhidraScript)  
INFO  DumpRange.java> 821b7a20 cmpwi cr6,r3,0x0 (GhidraScript)  
INFO  DumpRange.java> 821b7a24 bne cr6,0x821b7a30 (GhidraScript)  
INFO  DumpRange.java> 821b7a28 li r3,0x1 (GhidraScript)  
INFO  DumpRange.java> 821b7a2c b 0x821b7a8c (GhidraScript)  
INFO  REPORT: Execute script: ReferencesTo.java '0x821b8ef0'  (HeadlessAnalyzer)  
INFO  SCRIPT: /fastdata/lavaulta/auto-re-agent/workspaces/ace-combat-6/scripts/ReferencesTo.java (HeadlessAnalyzer)  
INFO  REPORT: Execute script: ReferencesTo.java '0x82065634'  (HeadlessAnalyzer)  
INFO  SCRIPT: /fastdata/lavaulta/auto-re-agent/workspaces/ace-combat-6/scripts/ReferencesTo.java (HeadlessAnalyzer)  
INFO  REPORT: Save succeeded for processed file: /default.xex (HeadlessAnalyzer)  
openjdk version "21.0.11" 2026-04-21
OpenJDK Runtime Environment (build 21.0.11+10-1-26.04.2-Ubuntu)
OpenJDK 64-Bit Server VM (build 21.0.11+10-1-26.04.2-Ubuntu, mixed mode)
INFO  Using log config file: jar:file:/fastdata/lavaulta/auto-re-agent/.tools/ghidra_12.1.2_PUBLIC/Ghidra/Framework/Generic/lib/Generic.jar!/generic.log4j.xml (LoggingInitialization)  
INFO  Using log file: /home/lavaulta/.config/ghidra/ghidra_12.1.2_PUBLIC/application.log (LoggingInitialization)  
INFO  Loading user preferences: /home/lavaulta/.config/ghidra/ghidra_12.1.2_PUBLIC/preferences (Preferences)  
INFO  Searching for classes... (ClassSearcher)  
INFO  Ignoring class 'xexloaderwv.XEXLoaderWVLoader' from '/fastdata/lavaulta/auto-re-agent/.tools/ghidra_12.1.2_PUBLIC/Ghidra/Extensions/XEXLoaderWV/lib/XEXLoaderWV.jar'. Already found at '/fastdata/lavaulta/auto-re-agent/.tools/ghidra_12.1.2_PUBLIC/Ghidra/patch/XEXLoaderWV-java21.jar'. (ClassSearcher)  
INFO  Class search complete (1599 ms) (ClassSearcher)  
INFO  Initializing SSL Context (DefaultSSLContextInitializer)  
INFO  Initializing Random Number Generator... (SecureRandomFactory)  
INFO  Random Number Generator initialization complete: NativePRNGNonBlocking (SecureRandomFactory)  
INFO  Trust manager disabled, cacerts have not been set (DefaultTrustManagerFactory)  
INFO  Headless startup complete (3164 ms) (AnalyzeHeadless)  
INFO  Class searcher loaded 59 extension points (20 false positives) (ClassSearcher)  
INFO  HEADLESS Script Paths:
    /fastdata/lavaulta/auto-re-agent/.tools/ghidra_12.1.2_PUBLIC/Ghidra/Features/MicrosoftCodeAnalyzer/ghidra_scripts
    /fastdata/lavaulta/auto-re-agent/.tools/ghidra_12.1.2_PUBLIC/Ghidra/Features/PDB/ghidra_scripts
    /fastdata/lavaulta/auto-re-agent/.tools/ghidra_12.1.2_PUBLIC/Ghidra/Processors/8051/ghidra_scripts
    /fastdata/lavaulta/auto-re-agent/.tools/ghidra_12.1.2_PUBLIC/Ghidra/Features/Base/ghidra_scripts
    /fastdata/lavaulta/auto-re-agent/workspaces/ace-combat-6/scripts
    /fastdata/lavaulta/auto-re-agent/.tools/ghidra_12.1.2_PUBLIC/Ghidra/Features/FileFormats/ghidra_scripts
    /fastdata/lavaulta/auto-re-agent/.tools/ghidra_12.1.2_PUBLIC/Ghidra/Features/GnuDemangler/ghidra_scripts
    /fastdata/lavaulta/auto-re-agent/.tools/ghidra_12.1.2_PUBLIC/Ghidra/Extensions/ghidra-emotionengine-reloaded/ghidra_scripts
    /fastdata/lavaulta/auto-re-agent/.tools/ghidra_12.1.2_PUBLIC/Ghidra/Features/Decompiler/ghidra_scripts
    /fastdata/lavaulta/auto-re-agent/.tools/ghidra_12.1.2_PUBLIC/Ghidra/Features/FunctionID/ghidra_scripts
    /fastdata/lavaulta/auto-re-agent/.tools/ghidra_12.1.2_PUBLIC/Ghidra/Features/DecompilerDependent/ghidra_scripts
    /fastdata/lavaulta/auto-re-agent/.tools/ghidra_12.1.2_PUBLIC/Ghidra/Processors/DATA/ghidra_scripts
    /fastdata/lavaulta/auto-re-agent/.tools/ghidra_12.1.2_PUBLIC/Ghidra/Debug/Debugger-rmi-trace/ghidra_scripts
    /fastdata/lavaulta/auto-re-agent/.tools/ghidra_12.1.2_PUBLIC/Ghidra/Features/SwiftDemangler/ghidra_scripts
    /fastdata/lavaulta/auto-re-agent/.tools/ghidra_12.1.2_PUBLIC/Ghidra/Debug/Debugger/ghidra_scripts
    /fastdata/lavaulta/auto-re-agent/.tools/ghidra_12.1.2_PUBLIC/Ghidra/Processors/PIC/ghidra_scripts
    /fastdata/lavaulta/auto-re-agent/.tools/ghidra_12.1.2_PUBLIC/Ghidra/Extensions/XEXLoaderWV/ghidra_scripts
    /fastdata/lavaulta/auto-re-agent/.tools/ghidra_12.1.2_PUBLIC/Ghidra/Features/WildcardAssembler/ghidra_scripts
    /fastdata/lavaulta/auto-re-agent/.tools/ghidra_12.1.2_PUBLIC/Ghidra/Features/PyGhidra/ghidra_scripts
    /fastdata/lavaulta/auto-re-agent/.tools/ghidra_12.1.2_PUBLIC/Ghidra/Features/BSim/ghidra_scripts
    /fastdata/lavaulta/auto-re-agent/.tools/ghidra_12.1.2_PUBLIC/Ghidra/Features/VersionTracking/ghidra_scripts
    /fastdata/lavaulta/auto-re-agent/.tools/ghidra_12.1.2_PUBLIC/Ghidra/Features/BytePatterns/ghidra_scripts
    /fastdata/lavaulta/auto-re-agent/.tools/ghidra_12.1.2_PUBLIC/Ghidra/Processors/Atmel/ghidra_scripts
    /fastdata/lavaulta/auto-re-agent/.tools/ghidra_12.1.2_PUBLIC/Ghidra/Features/SystemEmulation/ghidra_scripts
    /fastdata/lavaulta/auto-re-agent/.tools/ghidra_12.1.2_PUBLIC/Ghidra/Processors/JVM/ghidra_scripts (HeadlessAnalyzer)  
INFO  HEADLESS: execution starts (HeadlessAnalyzer)  
INFO  Opening existing project: /fastdata/lavaulta/auto-re-agent/workspaces/ace-combat-6/ghidra-projects/ace-combat-6-corrected (HeadlessAnalyzer)  
INFO  Opening project: /fastdata/lavaulta/auto-re-agent/workspaces/ace-combat-6/ghidra-projects/ace-combat-6-corrected (HeadlessProject)  
INFO  REPORT: Processing project file: /default.xex (HeadlessAnalyzer)  
INFO  REPORT: Execute script: DecompileAt.java '0x821b5960'  (HeadlessAnalyzer)  
INFO  SCRIPT: /fastdata/lavaulta/auto-re-agent/workspaces/ace-combat-6/scripts/DecompileAt.java (HeadlessAnalyzer)  
INFO  DecompileAt.java> FUNCTION 821b5960 Function_821B5960 (GhidraScript)  
INFO  DecompileAt.java> 
undefined8 Function_821B5960(void)

{
  int in_r7;
  undefined4 in_r8;
  int in_r9;
  undefined8 in_r10;
  int in_r11;
  
  *(undefined4 *)(in_r11 + in_r9) = in_r8;
  *(int *)(in_r11 + in_r7) = (int)in_r10;
  return in_r10;
}

 (GhidraScript)  
INFO  REPORT: Execute script: DecompileAt.java '0x821b5a48'  (HeadlessAnalyzer)  
INFO  SCRIPT: /fastdata/lavaulta/auto-re-agent/workspaces/ace-combat-6/scripts/DecompileAt.java (HeadlessAnalyzer)  
INFO  DecompileAt.java> FUNCTION 821b5a48 Function_821B5A48 (GhidraScript)  
INFO  DecompileAt.java> 
undefined8 Function_821B5A48(undefined4 *param_1)

{
  undefined4 *unaff_r25;
  undefined8 unaff_r26;
  undefined4 unaff_r29;
  
  *unaff_r25 = unaff_r29;
  *param_1 = 4;
  return unaff_r26;
}

 (GhidraScript)  
INFO  REPORT: Execute script: DecompileAt.java '0x821b5bd8'  (HeadlessAnalyzer)  
INFO  SCRIPT: /fastdata/lavaulta/auto-re-agent/workspaces/ace-combat-6/scripts/DecompileAt.java (HeadlessAnalyzer)  
INFO  DecompileAt.java> FUNCTION 821b5c00 Function_821B5C00 (GhidraScript)  
INFO  DecompileAt.java> 
longlong Function_821B5C00(undefined4 *param_1)

{
  int iVar1;
  int in_r8;
  int in_r9;
  int in_r10;
  int *in_r11;
  int *unaff_r25;
  longlong unaff_r26;
  int *unaff_r27;
  int unaff_r28;
  int unaff_r29;
  longlong unaff_r30;
  int unaff_r31;
  undefined4 in_stack_00000050;
  
  *in_r11 = in_r10;
  if (in_r10 < in_r8) {
    *unaff_r25 = unaff_r29;
    *param_1 = 8;
  }
  else if (in_r8 == in_r9) {
    *in_r11 = unaff_r29;
    *(int *)(unaff_r31 + 0x208c4) = *(int *)(unaff_r31 + 0x208c4) + in_r9;
    FUN_821b5740(unaff_r31,&stack0x00000050,&stack0x00000058,&stack0x00000054);
    iVar1 = *unaff_r27;
    *(undefined4 *)(unaff_r31 + unaff_r28) = in_stack_00000050;
    unaff_r26 = (-(ulonglong)(unaff_r30 != 0) & 0xfffffffe) + 8;
    *(undefined4 *)(iVar1 + 0xc0) = in_stack_00000050;
    *unaff_r25 = unaff_r29;
  }
  else {
    *unaff_r25 = unaff_r29;
    *param_1 = 8;
    *in_r11 = in_r8 + -1;
  }
  return unaff_r26;
}

 (GhidraScript)  
INFO  REPORT: Execute script: DecompileAt.java '0x821b5c00'  (HeadlessAnalyzer)  
INFO  SCRIPT: /fastdata/lavaulta/auto-re-agent/workspaces/ace-combat-6/scripts/DecompileAt.java (HeadlessAnalyzer)  
INFO  DecompileAt.java> FUNCTION 821b5c00 Function_821B5C00 (GhidraScript)  
INFO  DecompileAt.java> 
longlong Function_821B5C00(undefined4 *param_1)

{
  int iVar1;
  int in_r8;
  int in_r9;
  int in_r10;
  int *in_r11;
  int *unaff_r25;
  longlong unaff_r26;
  int *unaff_r27;
  int unaff_r28;
  int unaff_r29;
  longlong unaff_r30;
  int unaff_r31;
  undefined4 in_stack_00000050;
  
  *in_r11 = in_r10;
  if (in_r10 < in_r8) {
    *unaff_r25 = unaff_r29;
    *param_1 = 8;
  }
  else if (in_r8 == in_r9) {
    *in_r11 = unaff_r29;
    *(int *)(unaff_r31 + 0x208c4) = *(int *)(unaff_r31 + 0x208c4) + in_r9;
    FUN_821b5740(unaff_r31,&stack0x00000050,&stack0x00000058,&stack0x00000054);
    iVar1 = *unaff_r27;
    *(undefined4 *)(unaff_r31 + unaff_r28) = in_stack_00000050;
    unaff_r26 = (-(ulonglong)(unaff_r30 != 0) & 0xfffffffe) + 8;
    *(undefined4 *)(iVar1 + 0xc0) = in_stack_00000050;
    *unaff_r25 = unaff_r29;
  }
  else {
    *unaff_r25 = unaff_r29;
    *param_1 = 8;
    *in_r11 = in_r8 + -1;
  }
  return unaff_r26;
}

 (GhidraScript)  
INFO  REPORT: Execute script: DecompileAt.java '0x821b5cf0'  (HeadlessAnalyzer)  
INFO  SCRIPT: /fastdata/lavaulta/auto-re-agent/workspaces/ace-combat-6/scripts/DecompileAt.java (HeadlessAnalyzer)  
INFO  DecompileAt.java> FUNCTION 821b5cf0 Function_821B5CF0 (GhidraScript)  
INFO  DecompileAt.java> 
longlong Function_821B5CF0(void)

{
  int iVar1;
  char cVar2;
  undefined4 *unaff_r25;
  longlong unaff_r26;
  int *unaff_r27;
  int unaff_r28;
  undefined4 unaff_r29;
  int unaff_r31;
  undefined4 in_stack_00000050;
  
  cVar2 = FUN_821b5828(unaff_r31);
  if (cVar2 != '\0') {
    FUN_821b5740(unaff_r31,&stack0x00000050,&stack0x00000058,&stack0x00000054);
    iVar1 = *unaff_r27;
    *(undefined4 *)(unaff_r31 + unaff_r28) = in_stack_00000050;
    unaff_r26 = (-(ulonglong)(cVar2 != '\0') & 0xfffffffe) + 8;
    *(undefined4 *)(iVar1 + 0xc0) = in_stack_00000050;
  }
  *unaff_r25 = unaff_r29;
  return unaff_r26;
}

 (GhidraScript)  
INFO  REPORT: Execute script: DecompileAt.java '0x821b5d40'  (HeadlessAnalyzer)  
INFO  SCRIPT: /fastdata/lavaulta/auto-re-agent/workspaces/ace-combat-6/scripts/DecompileAt.java (HeadlessAnalyzer)  
INFO  DecompileAt.java> FUNCTION 821b5d40 Function_821B5D40 (GhidraScript)  
INFO  DecompileAt.java> 
void Function_821B5D40(void)

{
  int in_r6;
  uint in_r8;
  int in_r9;
  int in_r10;
  int *unaff_r27;
  undefined4 unaff_r29;
  int unaff_r31;
  
  *(undefined4 *)(unaff_r31 + in_r10) = unaff_r29;
  *(undefined4 *)(unaff_r31 + in_r9) = unaff_r29;
  *(undefined4 *)(unaff_r31 + (in_r8 | 0x8c8)) = unaff_r29;
  *(undefined4 *)(unaff_r31 + 0x208c4) = 1;
  *(undefined8 *)(in_r6 + 0x17d0) = *(undefined8 *)(in_r6 + 0x17c0);
  *(undefined8 *)(in_r6 + 0x17d8) = *(undefined8 *)(in_r6 + 0x17c8);
  *(undefined4 *)(*unaff_r27 + 0x17b8) = 1;
  *(undefined4 *)(*unaff_r27 + 0x17e4) = 1;
  FUN_821b5e40();
  return;
}

 (GhidraScript)  
INFO  REPORT: Execute script: DecompileAt.java '0x821b5cd8'  (HeadlessAnalyzer)  
INFO  SCRIPT: /fastdata/lavaulta/auto-re-agent/workspaces/ace-combat-6/scripts/DecompileAt.java (HeadlessAnalyzer)  
WARN  Decompiling 821b59c0: Unable to read bytes at ram:7c8a582e (DecompileCallback)  
WARN  Decompiling 821b59c0, pcode error at 554a103a: Could not follow disassembly flow into non-existing memory at 554a103a (DecompileCallback)  
WARN  Decompiling 821b59c0: Unable to read bytes at ram:7c8a582e (DecompileCallback)  
WARN  Decompiling 821b59c0, pcode error at 554a103a: Could not follow disassembly flow into non-existing memory at 554a103a (DecompileCallback)  
WARN  Decompiling 821b59c0: Unable to read bytes at ram:7c8a582e (DecompileCallback)  
INFO  DecompileAt.java> FUNCTION 821b59c0 Function_821B59C0 (GhidraScript)  
INFO  DecompileAt.java> 
/* WARNING: Control flow encountered bad instruction data */
/* WARNING: Exceeded maximum restarts with more pending */

undefined8 Function_821B59C0(undefined4 *param_1)

{
  undefined8 uVar1;
  ulonglong uVar2;
  ulonglong uVar3;
  int in_r11;
  uint *puVar4;
  undefined8 unaff_r26;
  ulonglong unaff_r29;
  undefined4 uVar5;
  int unaff_r31;
  
  uVar5 = (undefined4)unaff_r29;
  if (in_r11 == 4) {
    *param_1 = uVar5;
    unaff_r26 = 0xd;
    *(undefined4 *)(unaff_r31 + 0x20798) = *(undefined4 *)(unaff_r31 + 0x2079c);
  }
                    /* WARNING (jumptable): Sanity check requires truncation of jumptable */
  switch(*(undefined4 *)(unaff_r31 + 0x207a4)) {
  case 1:
                    /* WARNING: Bad instruction - Truncating control flow here */
    halt_baddata();
  default:
    puVar4 = &DAT_82054580;
    uVar2 = unaff_r29;
    uVar3 = unaff_r29;
  }
  while ((*(uint *)(unaff_r31 + 0x208bc) < puVar4[-1] || (*puVar4 < *(uint *)(unaff_r31 + 0x208bc)))
        ) {
    uVar2 = uVar2 + 0xc;
    uVar3 = uVar3 + 1;
    puVar4 = puVar4 + 3;
    if (0x47 < (uVar2 & 0xffffffff)) {
LAB_821b5cd0:
                    /* WARNING: Could not recover jumptable at 0x821b5ce4. Too many branches */
                    /* WARNING: Treating indirect jump as call */
      uVar1 = (**(code **)(&LAB_821b26e8 + (int)((unaff_r29 & 0xffffffff) << 2)))();
      return uVar1;
    }
  }
  unaff_r29 = (ulonglong)
              *(uint *)(&DAT_82054578 + (int)((uVar3 + (uVar3 & 0x7fffffff) * 2 & 0xffffffff) << 2))
  ;
  if (5 < unaff_r29) {
    *(undefined4 *)(unaff_r31 + 0x207a4) = uVar5;
    return unaff_r26;
  }
  goto LAB_821b5cd0;
}

 (GhidraScript)  
INFO  REPORT: Execute script: DumpRange.java '0x821b5c80' '0x821b5e20'  (HeadlessAnalyzer)  
INFO  SCRIPT: /fastdata/lavaulta/auto-re-agent/workspaces/ace-combat-6/scripts/DumpRange.java (HeadlessAnalyzer)  
INFO  DumpRange.java> 821b5c80 addi r11,r7,0x8 (GhidraScript)  
INFO  DumpRange.java> 821b5c84 or r9,r29,r29 (GhidraScript)  
INFO  DumpRange.java> 821b5c88 lwz r30,-0x4(r11) (GhidraScript)  
INFO  DumpRange.java> 821b5c8c cmplw cr6,r8,r30 (GhidraScript)  
INFO  DumpRange.java> 821b5c90 blt cr6,0x821b5ca0 (GhidraScript)  
INFO  DumpRange.java> 821b5c94 lwz r30,0x0(r11) (GhidraScript)  
INFO  DumpRange.java> 821b5c98 cmplw cr6,r8,r30 (GhidraScript)  
INFO  DumpRange.java> 821b5c9c ble cr6,0x821b5cb8 (GhidraScript)  
INFO  DumpRange.java> 821b5ca0 addi r9,r9,0xc (GhidraScript)  
INFO  DumpRange.java> 821b5ca4 addi r10,r10,0x1 (GhidraScript)  
INFO  DumpRange.java> 821b5ca8 addi r11,r11,0xc (GhidraScript)  
INFO  DumpRange.java> 821b5cac cmplwi cr6,r9,0x48 (GhidraScript)  
INFO  DumpRange.java> 821b5cb0 blt cr6,0x821b5c88 (GhidraScript)  
INFO  DumpRange.java> 821b5cb4 b 0x821b5cd0 (GhidraScript)  
INFO  DumpRange.java> 821b5cb8 rlwinm r11,r10,0x1,0x0,0x1e (GhidraScript)  
INFO  DumpRange.java> 821b5cbc add r11,r10,r11 (GhidraScript)  
INFO  DumpRange.java> 821b5cc0 rlwinm r11,r11,0x2,0x0,0x1d (GhidraScript)  
INFO  DumpRange.java> 821b5cc4 lwzx r5,r11,r7 (GhidraScript)  
INFO  DumpRange.java> 821b5cc8 cmplwi cr6,r5,0x5 (GhidraScript)  
INFO  DumpRange.java> 821b5ccc bgt cr6,0x821b5e80 (GhidraScript)  
INFO  DumpRange.java> 821b5cd0 lis r12,-0x7de5 (GhidraScript)  
INFO  DumpRange.java> 821b5cd4 addi r12,r12,0x26e8 (GhidraScript)  
INFO  DumpRange.java> 821b5cd8 rlwinm r0,r5,0x2,0x0,0x1d (GhidraScript)  
INFO  DumpRange.java> 821b5cdc lwzx r0,r12,r0 (GhidraScript)  
INFO  DumpRange.java> 821b5ce0 mtspr CTR,r0 (GhidraScript)  
INFO  DumpRange.java> 821b5ce4 bctr (GhidraScript)  
INFO  DumpRange.java> 821b5ce8 lwz r16,0x2700(r27) (GhidraScript)  
INFO  DumpRange.java> 821b5cec lwz r16,0x2710(r27) (GhidraScript)  
INFO  DumpRange.java> 821b5cf0 lwz r16,0x278c(r27) (GhidraScript)  
INFO  DumpRange.java> 821b5cf4 lwz r16,0x2824(r27) (GhidraScript)  
INFO  DumpRange.java> 821b5cf8 lwz r16,0x2890(r27) (GhidraScript)  
INFO  DumpRange.java> 821b5cfc lwz r16,0x25d8(r27) (GhidraScript)  
INFO  DumpRange.java> 821b5d00 or r3,r31,r31 (GhidraScript)  
INFO  DumpRange.java> 821b5d04 bl 0x821b5828 (GhidraScript)  
INFO  DumpRange.java> 821b5d08 rlwinm r30,r3,0x0,0x18,0x1f (GhidraScript)  
INFO  DumpRange.java> 821b5d0c b 0x821b5e44 (GhidraScript)  
INFO  DumpRange.java> 821b5d10 subi r10,r4,0xb (GhidraScript)  
INFO  DumpRange.java> 821b5d14 or r11,r29,r29 (GhidraScript)  
INFO  DumpRange.java> 821b5d18 cmplwi cr6,r10,0x1 (GhidraScript)  
INFO  DumpRange.java> 821b5d1c bgt cr6,0x821b5e38 (GhidraScript)  
INFO  DumpRange.java> 821b5d20 lis r11,0x2 (GhidraScript)  
INFO  DumpRange.java> 821b5d24 lis r10,0x2 (GhidraScript)  
INFO  DumpRange.java> 821b5d28 ori r11,r11,0x8b0 (GhidraScript)  
INFO  DumpRange.java> 821b5d2c ori r10,r10,0x8b4 (GhidraScript)  
INFO  DumpRange.java> 821b5d30 lis r9,0x2 (GhidraScript)  
INFO  DumpRange.java> 821b5d34 lis r8,0x2 (GhidraScript)  
INFO  DumpRange.java> 821b5d38 ori r9,r9,0x8c0 (GhidraScript)  
INFO  DumpRange.java> 821b5d3c stwx r29,r31,r11 (GhidraScript)  
INFO  DumpRange.java> 821b5d40 lis r11,0x2 (GhidraScript)  
INFO  DumpRange.java> 821b5d44 stwx r29,r31,r10 (GhidraScript)  
INFO  DumpRange.java> 821b5d48 ori r8,r8,0x8c8 (GhidraScript)  
INFO  DumpRange.java> 821b5d4c ori r7,r11,0x8c4 (GhidraScript)  
INFO  DumpRange.java> 821b5d50 li r11,0x1 (GhidraScript)  
INFO  DumpRange.java> 821b5d54 addi r10,r6,0x17c0 (GhidraScript)  
INFO  DumpRange.java> 821b5d58 stwx r29,r31,r9 (GhidraScript)  
INFO  DumpRange.java> 821b5d5c addi r9,r6,0x17d0 (GhidraScript)  
INFO  DumpRange.java> 821b5d60 stwx r29,r31,r8 (GhidraScript)  
INFO  DumpRange.java> 821b5d64 stwx r11,r31,r7 (GhidraScript)  
INFO  DumpRange.java> 821b5d68 ld r8,0x0(r10) (GhidraScript)  
INFO  DumpRange.java> 821b5d6c ld r10,0x8(r10) (GhidraScript)  
INFO  DumpRange.java> 821b5d70 std r8,0x0(r9) (GhidraScript)  
INFO  DumpRange.java> 821b5d74 std r10,0x8(r9) (GhidraScript)  
INFO  DumpRange.java> 821b5d78 lwz r10,0x0(r27) (GhidraScript)  
INFO  DumpRange.java> 821b5d7c stw r11,0x17b8(r10) (GhidraScript)  
INFO  DumpRange.java> 821b5d80 lwz r10,0x0(r27) (GhidraScript)  
INFO  DumpRange.java> 821b5d84 stw r11,0x17e4(r10) (GhidraScript)  
INFO  DumpRange.java> 821b5d88 b 0x821b5e40 (GhidraScript)  
INFO  DumpRange.java> 821b5d8c or r11,r29,r29 (GhidraScript)  
INFO  DumpRange.java> 821b5d90 cmpwi cr6,r4,0x7 (GhidraScript)  
INFO  DumpRange.java> 821b5d94 beq cr6,0x821b5de0 (GhidraScript)  
INFO  DumpRange.java> 821b5d98 cmpwi cr6,r4,0x8 (GhidraScript)  
INFO  DumpRange.java> 821b5d9c bne cr6,0x821b5e38 (GhidraScript)  
INFO  DumpRange.java> 821b5da0 addis r10,r31,0x2 (GhidraScript)  
INFO  DumpRange.java> 821b5da4 addi r10,r10,0x8c0 (GhidraScript)  
INFO  DumpRange.java> 821b5da8 lwz r11,0x0(r10) (GhidraScript)  
INFO  DumpRange.java> 821b5dac addi r11,r11,0x1 (GhidraScript)  
INFO  DumpRange.java> 821b5db0 cmpwi cr6,r11,0x5 (GhidraScript)  
INFO  DumpRange.java> 821b5db4 stw r11,0x0(r10) (GhidraScript)  
INFO  DumpRange.java> 821b5db8 li r11,0x1 (GhidraScript)  
INFO  DumpRange.java> 821b5dbc ble cr6,0x821b5dc4 (GhidraScript)  
INFO  DumpRange.java> 821b5dc0 stw r11,0x0(r10) (GhidraScript)  
INFO  DumpRange.java> 821b5dc4 lis r10,0x2 (GhidraScript)  
INFO  DumpRange.java> 821b5dc8 lis r9,0x2 (GhidraScript)  
INFO  DumpRange.java> 821b5dcc ori r10,r10,0x8c8 (GhidraScript)  
INFO  DumpRange.java> 821b5dd0 ori r9,r9,0x8c4 (GhidraScript)  
INFO  DumpRange.java> 821b5dd4 stwx r29,r31,r10 (GhidraScript)  
INFO  DumpRange.java> 821b5dd8 stwx r11,r31,r9 (GhidraScript)  
INFO  DumpRange.java> 821b5ddc b 0x821b5e40 (GhidraScript)  
INFO  DumpRange.java> 821b5de0 addis r11,r31,0x2 (GhidraScript)  
INFO  DumpRange.java> 821b5de4 addi r11,r11,0x8c0 (GhidraScript)  
INFO  DumpRange.java> 821b5de8 lwz r10,0x0(r11) (GhidraScript)  
INFO  DumpRange.java> 821b5dec subi r10,r10,0x1 (GhidraScript)  
INFO  DumpRange.java> 821b5df0 cmpwi cr6,r10,0x1 (GhidraScript)  
INFO  DumpRange.java> 821b5df4 stw r10,0x0(r11) (GhidraScript)  
INFO  DumpRange.java> 821b5df8 bge cr6,0x821b5e04 (GhidraScript)  
INFO  DumpRange.java> 821b5dfc li r10,0x5 (GhidraScript)  
INFO  DumpRange.java> 821b5e00 stw r10,0x0(r11) (GhidraScript)  
INFO  DumpRange.java> 821b5e04 lis r11,0x2 (GhidraScript)  
INFO  DumpRange.java> 821b5e08 ori r10,r11,0x8c8 (GhidraScript)  
INFO  DumpRange.java> 821b5e0c lis r11,0x2 (GhidraScript)  
INFO  DumpRange.java> 821b5e10 ori r9,r11,0x8c4 (GhidraScript)  
INFO  DumpRange.java> 821b5e14 li r11,0x1 (GhidraScript)  
INFO  DumpRange.java> 821b5e18 stwx r29,r31,r10 (GhidraScript)  
INFO  DumpRange.java> 821b5e1c stwx r11,r31,r9 (GhidraScript)  
INFO  REPORT: Execute script: DumpU32Range.java '0x82077700' '0x82077780'  (HeadlessAnalyzer)  
INFO  SCRIPT: /fastdata/lavaulta/auto-re-agent/workspaces/ace-combat-6/scripts/DumpU32Range.java (HeadlessAnalyzer)  
INFO  DumpU32Range.java> 82077700 0x00000000 (GhidraScript)  
INFO  DumpU32Range.java> 82077704 0x00000040 (GhidraScript)  
INFO  DumpU32Range.java> 82077708 0x820776c8 (GhidraScript)  
INFO  DumpU32Range.java> 8207770c 0x00000000 (GhidraScript)  
INFO  DumpU32Range.java> 82077710 0x00000268 (GhidraScript)  
INFO  DumpU32Range.java> 82077714 0x00000000 (GhidraScript)  
INFO  DumpU32Range.java> 82077718 0x826ea89c (GhidraScript)  
INFO  DumpU32Range.java> 8207771c 0x82077734 (GhidraScript)  
INFO  DumpU32Range.java> 82077720 0x00000000 (GhidraScript)  
INFO  DumpU32Range.java> 82077724 0x00000000 (GhidraScript)  
INFO  DumpU32Range.java> 82077728 0x00000000 (GhidraScript)  
INFO  DumpU32Range.java> 8207772c 0x826ea89c (GhidraScript)  
INFO  DumpU32Range.java> 82077730 0x82077734 (GhidraScript)  
INFO  DumpU32Range.java> 82077734 0x00000000 (GhidraScript)  
INFO  DumpU32Range.java> 82077738 0x00000001 (GhidraScript)  
INFO  DumpU32Range.java> 8207773c 0x00000005 (GhidraScript)  
INFO  DumpU32Range.java> 82077740 0x82077744 (GhidraScript)  
INFO  DumpU32Range.java> 82077744 0x8207775c (GhidraScript)  
INFO  DumpU32Range.java> 82077748 0x8207603c (GhidraScript)  
INFO  DumpU32Range.java> 8207774c 0x82076004 (GhidraScript)  
INFO  DumpU32Range.java> 82077750 0x8206e48c (GhidraScript)  
INFO  DumpU32Range.java> 82077754 0x82075fe8 (GhidraScript)  
INFO  DumpU32Range.java> 82077758 0x00000000 (GhidraScript)  
INFO  DumpU32Range.java> 8207775c 0x826ea89c (GhidraScript)  
INFO  DumpU32Range.java> 82077760 0x00000004 (GhidraScript)  
INFO  DumpU32Range.java> 82077764 0x00000000 (GhidraScript)  
INFO  DumpU32Range.java> 82077768 0xffffffff (GhidraScript)  
INFO  DumpU32Range.java> 8207776c 0x00000000 (GhidraScript)  
INFO  DumpU32Range.java> 82077770 0x00000040 (GhidraScript)  
INFO  DumpU32Range.java> 82077774 0x82077734 (GhidraScript)  
INFO  DumpU32Range.java> 82077778 0x00000000 (GhidraScript)  
INFO  DumpU32Range.java> 8207777c 0x00000268 (GhidraScript)  
INFO  REPORT: Save succeeded for processed file: /default.xex (HeadlessAnalyzer)  
openjdk version "21.0.11" 2026-04-21
OpenJDK Runtime Environment (build 21.0.11+10-1-26.04.2-Ubuntu)
OpenJDK 64-Bit Server VM (build 21.0.11+10-1-26.04.2-Ubuntu, mixed mode)
INFO  Using log config file: jar:file:/fastdata/lavaulta/auto-re-agent/.tools/ghidra_12.1.2_PUBLIC/Ghidra/Framework/Generic/lib/Generic.jar!/generic.log4j.xml (LoggingInitialization)  
INFO  Using log file: /home/lavaulta/.config/ghidra/ghidra_12.1.2_PUBLIC/application.log (LoggingInitialization)  
INFO  Loading user preferences: /home/lavaulta/.config/ghidra/ghidra_12.1.2_PUBLIC/preferences (Preferences)  
INFO  Searching for classes... (ClassSearcher)  
INFO  Ignoring class 'xexloaderwv.XEXLoaderWVLoader' from '/fastdata/lavaulta/auto-re-agent/.tools/ghidra_12.1.2_PUBLIC/Ghidra/Extensions/XEXLoaderWV/lib/XEXLoaderWV.jar'. Already found at '/fastdata/lavaulta/auto-re-agent/.tools/ghidra_12.1.2_PUBLIC/Ghidra/patch/XEXLoaderWV-java21.jar'. (ClassSearcher)  
INFO  Class search complete (1569 ms) (ClassSearcher)  
INFO  Initializing SSL Context (DefaultSSLContextInitializer)  
INFO  Initializing Random Number Generator... (SecureRandomFactory)  
INFO  Random Number Generator initialization complete: NativePRNGNonBlocking (SecureRandomFactory)  
INFO  Trust manager disabled, cacerts have not been set (DefaultTrustManagerFactory)  
INFO  Headless startup complete (3190 ms) (AnalyzeHeadless)  
INFO  Class searcher loaded 59 extension points (20 false positives) (ClassSearcher)  
INFO  HEADLESS Script Paths:
    /fastdata/lavaulta/auto-re-agent/.tools/ghidra_12.1.2_PUBLIC/Ghidra/Features/MicrosoftCodeAnalyzer/ghidra_scripts
    /fastdata/lavaulta/auto-re-agent/.tools/ghidra_12.1.2_PUBLIC/Ghidra/Features/PDB/ghidra_scripts
    /fastdata/lavaulta/auto-re-agent/.tools/ghidra_12.1.2_PUBLIC/Ghidra/Processors/8051/ghidra_scripts
    /fastdata/lavaulta/auto-re-agent/.tools/ghidra_12.1.2_PUBLIC/Ghidra/Features/Base/ghidra_scripts
    /fastdata/lavaulta/auto-re-agent/workspaces/ace-combat-6/scripts
    /fastdata/lavaulta/auto-re-agent/.tools/ghidra_12.1.2_PUBLIC/Ghidra/Features/FileFormats/ghidra_scripts
    /fastdata/lavaulta/auto-re-agent/.tools/ghidra_12.1.2_PUBLIC/Ghidra/Features/GnuDemangler/ghidra_scripts
    /fastdata/lavaulta/auto-re-agent/.tools/ghidra_12.1.2_PUBLIC/Ghidra/Extensions/ghidra-emotionengine-reloaded/ghidra_scripts
    /fastdata/lavaulta/auto-re-agent/.tools/ghidra_12.1.2_PUBLIC/Ghidra/Features/Decompiler/ghidra_scripts
    /fastdata/lavaulta/auto-re-agent/.tools/ghidra_12.1.2_PUBLIC/Ghidra/Features/FunctionID/ghidra_scripts
    /fastdata/lavaulta/auto-re-agent/.tools/ghidra_12.1.2_PUBLIC/Ghidra/Features/DecompilerDependent/ghidra_scripts
    /fastdata/lavaulta/auto-re-agent/.tools/ghidra_12.1.2_PUBLIC/Ghidra/Processors/DATA/ghidra_scripts
    /fastdata/lavaulta/auto-re-agent/.tools/ghidra_12.1.2_PUBLIC/Ghidra/Debug/Debugger-rmi-trace/ghidra_scripts
    /fastdata/lavaulta/auto-re-agent/.tools/ghidra_12.1.2_PUBLIC/Ghidra/Features/SwiftDemangler/ghidra_scripts
    /fastdata/lavaulta/auto-re-agent/.tools/ghidra_12.1.2_PUBLIC/Ghidra/Debug/Debugger/ghidra_scripts
    /fastdata/lavaulta/auto-re-agent/.tools/ghidra_12.1.2_PUBLIC/Ghidra/Processors/PIC/ghidra_scripts
    /fastdata/lavaulta/auto-re-agent/.tools/ghidra_12.1.2_PUBLIC/Ghidra/Extensions/XEXLoaderWV/ghidra_scripts
    /fastdata/lavaulta/auto-re-agent/.tools/ghidra_12.1.2_PUBLIC/Ghidra/Features/WildcardAssembler/ghidra_scripts
    /fastdata/lavaulta/auto-re-agent/.tools/ghidra_12.1.2_PUBLIC/Ghidra/Features/PyGhidra/ghidra_scripts
    /fastdata/lavaulta/auto-re-agent/.tools/ghidra_12.1.2_PUBLIC/Ghidra/Features/BSim/ghidra_scripts
    /fastdata/lavaulta/auto-re-agent/.tools/ghidra_12.1.2_PUBLIC/Ghidra/Features/VersionTracking/ghidra_scripts
    /fastdata/lavaulta/auto-re-agent/.tools/ghidra_12.1.2_PUBLIC/Ghidra/Features/BytePatterns/ghidra_scripts
    /fastdata/lavaulta/auto-re-agent/.tools/ghidra_12.1.2_PUBLIC/Ghidra/Processors/Atmel/ghidra_scripts
    /fastdata/lavaulta/auto-re-agent/.tools/ghidra_12.1.2_PUBLIC/Ghidra/Features/SystemEmulation/ghidra_scripts
    /fastdata/lavaulta/auto-re-agent/.tools/ghidra_12.1.2_PUBLIC/Ghidra/Processors/JVM/ghidra_scripts (HeadlessAnalyzer)  
INFO  HEADLESS: execution starts (HeadlessAnalyzer)  
INFO  Opening existing project: /fastdata/lavaulta/auto-re-agent/workspaces/ace-combat-6/ghidra-projects/ace-combat-6-corrected (HeadlessAnalyzer)  
INFO  Opening project: /fastdata/lavaulta/auto-re-agent/workspaces/ace-combat-6/ghidra-projects/ace-combat-6-corrected (HeadlessProject)  
INFO  REPORT: Processing project file: /default.xex (HeadlessAnalyzer)  
INFO  REPORT: Execute script: FindInstructionScalar.java '0x821b8ef0'  (HeadlessAnalyzer)  
INFO  SCRIPT: /fastdata/lavaulta/auto-re-agent/workspaces/ace-combat-6/scripts/FindInstructionScalar.java (HeadlessAnalyzer)  
INFO  REPORT: Execute script: FindInstructionScalar.java '0x821b8fc0'  (HeadlessAnalyzer)  
INFO  SCRIPT: /fastdata/lavaulta/auto-re-agent/workspaces/ace-combat-6/scripts/FindInstructionScalar.java (HeadlessAnalyzer)  
INFO  REPORT: Execute script: FindInstructionScalar.java '0x821b9048'  (HeadlessAnalyzer)  
INFO  SCRIPT: /fastdata/lavaulta/auto-re-agent/workspaces/ace-combat-6/scripts/FindInstructionScalar.java (HeadlessAnalyzer)  
INFO  REPORT: Execute script: FindU32Any.java '0x821b8ef0'  (HeadlessAnalyzer)  
INFO  SCRIPT: /fastdata/lavaulta/auto-re-agent/workspaces/ace-combat-6/scripts/FindU32Any.java (HeadlessAnalyzer)  
INFO  REPORT: Execute script: FindU32Any.java '0x821b9048'  (HeadlessAnalyzer)  
INFO  SCRIPT: /fastdata/lavaulta/auto-re-agent/workspaces/ace-combat-6/scripts/FindU32Any.java (HeadlessAnalyzer)  
INFO  REPORT: Execute script: FindU32Any.java '0x82065634'  (HeadlessAnalyzer)  
INFO  SCRIPT: /fastdata/lavaulta/auto-re-agent/workspaces/ace-combat-6/scripts/FindU32Any.java (HeadlessAnalyzer)  
INFO  REPORT: Save succeeded for processed file: /default.xex (HeadlessAnalyzer)  
