INFO  Using log config file: jar:file:/fastdata/lavaulta/auto-re-agent/.tools/ghidra_12.1.2_PUBLIC/Ghidra/Framework/Generic/lib/Generic.jar!/generic.log4j.xml (LoggingInitialization)  
INFO  Using log file: /home/lavaulta/.config/ghidra/ghidra_12.1.2_PUBLIC/application.log (LoggingInitialization)  
INFO  Loading user preferences: /home/lavaulta/.config/ghidra/ghidra_12.1.2_PUBLIC/preferences (Preferences)  
INFO  Searching for classes... (ClassSearcher)  
INFO  Ignoring class 'xexloaderwv.XEXLoaderWVLoader' from '/fastdata/lavaulta/auto-re-agent/.tools/ghidra_12.1.2_PUBLIC/Ghidra/Extensions/XEXLoaderWV/lib/XEXLoaderWV.jar'. Already found at '/fastdata/lavaulta/auto-re-agent/.tools/ghidra_12.1.2_PUBLIC/Ghidra/patch/XEXLoaderWV-java21.jar'. (ClassSearcher)  
INFO  Class search complete (1821 ms) (ClassSearcher)  
INFO  Initializing SSL Context (DefaultSSLContextInitializer)  
INFO  Initializing Random Number Generator... (SecureRandomFactory)  
INFO  Random Number Generator initialization complete: NativePRNGNonBlocking (SecureRandomFactory)  
INFO  Trust manager disabled, cacerts have not been set (DefaultTrustManagerFactory)  
INFO  Headless startup complete (3641 ms) (AnalyzeHeadless)  
INFO  Class searcher loaded 59 extension points (20 false positives) (ClassSearcher)  
INFO  HEADLESS Script Paths:
    /fastdata/lavaulta/auto-re-agent/.tools/ghidra_12.1.2_PUBLIC/Ghidra/Features/MicrosoftCodeAnalyzer/ghidra_scripts
    /fastdata/lavaulta/auto-re-agent/.tools/ghidra_12.1.2_PUBLIC/Ghidra/Features/PDB/ghidra_scripts
    /fastdata/lavaulta/auto-re-agent/.tools/ghidra_12.1.2_PUBLIC/Ghidra/Processors/8051/ghidra_scripts
    /fastdata/lavaulta/auto-re-agent/.tools/ghidra_12.1.2_PUBLIC/Ghidra/Features/Base/ghidra_scripts
    /fastdata/lavaulta/auto-re-agent/workspaces/ace-combat-6/scripts
    /fastdata/lavaulta/auto-re-agent/.tools/ghidra_12.1.2_PUBLIC/Ghidra/Features/FileFormats/ghidra_scripts
    /fastdata/lavaulta/auto-re-agent/.tools/ghidra_12.1.2_PUBLIC/Ghidra/Features/GnuDemangler/ghidra_scripts
    /fastdata/lavaulta/auto-re-agent/.tools/ghidra_12.1.2_PUBLIC/Ghidra/Extensions/ghidra-emotionengine-reloaded/ghidra_scripts
    /fastdata/lavaulta/auto-re-agent/.tools/ghidra_12.1.2_PUBLIC/Ghidra/Features/Decompiler/ghidra_scripts
    /fastdata/lavaulta/auto-re-agent/.tools/ghidra_12.1.2_PUBLIC/Ghidra/Features/FunctionID/ghidra_scripts
    /fastdata/lavaulta/auto-re-agent/.tools/ghidra_12.1.2_PUBLIC/Ghidra/Features/DecompilerDependent/ghidra_scripts
    /fastdata/lavaulta/auto-re-agent/.tools/ghidra_12.1.2_PUBLIC/Ghidra/Processors/DATA/ghidra_scripts
    /fastdata/lavaulta/auto-re-agent/.tools/ghidra_12.1.2_PUBLIC/Ghidra/Debug/Debugger-rmi-trace/ghidra_scripts
    /fastdata/lavaulta/auto-re-agent/.tools/ghidra_12.1.2_PUBLIC/Ghidra/Features/SwiftDemangler/ghidra_scripts
    /fastdata/lavaulta/auto-re-agent/.tools/ghidra_12.1.2_PUBLIC/Ghidra/Debug/Debugger/ghidra_scripts
    /fastdata/lavaulta/auto-re-agent/.tools/ghidra_12.1.2_PUBLIC/Ghidra/Processors/PIC/ghidra_scripts
    /fastdata/lavaulta/auto-re-agent/.tools/ghidra_12.1.2_PUBLIC/Ghidra/Extensions/XEXLoaderWV/ghidra_scripts
    /fastdata/lavaulta/auto-re-agent/.tools/ghidra_12.1.2_PUBLIC/Ghidra/Features/WildcardAssembler/ghidra_scripts
    /fastdata/lavaulta/auto-re-agent/.tools/ghidra_12.1.2_PUBLIC/Ghidra/Features/PyGhidra/ghidra_scripts
    /fastdata/lavaulta/auto-re-agent/.tools/ghidra_12.1.2_PUBLIC/Ghidra/Features/BSim/ghidra_scripts
    /fastdata/lavaulta/auto-re-agent/.tools/ghidra_12.1.2_PUBLIC/Ghidra/Features/VersionTracking/ghidra_scripts
    /fastdata/lavaulta/auto-re-agent/.tools/ghidra_12.1.2_PUBLIC/Ghidra/Features/BytePatterns/ghidra_scripts
    /fastdata/lavaulta/auto-re-agent/.tools/ghidra_12.1.2_PUBLIC/Ghidra/Processors/Atmel/ghidra_scripts
    /fastdata/lavaulta/auto-re-agent/.tools/ghidra_12.1.2_PUBLIC/Ghidra/Features/SystemEmulation/ghidra_scripts
    /fastdata/lavaulta/auto-re-agent/.tools/ghidra_12.1.2_PUBLIC/Ghidra/Processors/JVM/ghidra_scripts (HeadlessAnalyzer)  
INFO  HEADLESS: execution starts (HeadlessAnalyzer)  
INFO  Opening existing project: /fastdata/lavaulta/auto-re-agent/workspaces/ace-combat-6/ghidra-projects/ace-combat-6-corrected (HeadlessAnalyzer)  
INFO  Opening project: /fastdata/lavaulta/auto-re-agent/workspaces/ace-combat-6/ghidra-projects/ace-combat-6-corrected (HeadlessProject)  
INFO  REPORT: Processing project file: /default.xex (HeadlessAnalyzer)  
INFO  REPORT: Execute script: DumpU32Range.java '0x82066ea0' '0x82067180'  (HeadlessAnalyzer)  
INFO  SCRIPT: /fastdata/lavaulta/auto-re-agent/workspaces/ace-combat-6/scripts/DumpU32Range.java (HeadlessAnalyzer)  
INFO  DumpU32Range.java> 82066ea0 0x822ddbe8 (GhidraScript)  
INFO  DumpU32Range.java> 82066ea4 0x822ddbe8 (GhidraScript)  
INFO  DumpU32Range.java> 82066ea8 0x822ddbe8 (GhidraScript)  
INFO  DumpU32Range.java> 82066eac 0x822ddbe8 (GhidraScript)  
INFO  DumpU32Range.java> 82066eb0 0x822ddbe8 (GhidraScript)  
INFO  DumpU32Range.java> 82066eb4 0x822ddbe8 (GhidraScript)  
INFO  DumpU32Range.java> 82066eb8 0x822ddbe8 (GhidraScript)  
INFO  DumpU32Range.java> 82066ebc 0x822ddbe8 (GhidraScript)  
INFO  DumpU32Range.java> 82066ec0 0x822ddbe8 (GhidraScript)  
INFO  DumpU32Range.java> 82066ec4 0x822ddbe8 (GhidraScript)  
INFO  DumpU32Range.java> 82066ec8 0x821a7c30 (GhidraScript)  
INFO  DumpU32Range.java> 82066ecc 0x00000000 (GhidraScript)  
INFO  DumpU32Range.java> 82066ed0 0x82077bc0 (GhidraScript)  
INFO  DumpU32Range.java> 82066ed4 0x821bf4d0 (GhidraScript)  
INFO  DumpU32Range.java> 82066ed8 0x821d10c0 (GhidraScript)  
INFO  DumpU32Range.java> 82066edc 0x821d10c8 (GhidraScript)  
INFO  DumpU32Range.java> 82066ee0 0x822ddbe8 (GhidraScript)  
INFO  DumpU32Range.java> 82066ee4 0x821a75d0 (GhidraScript)  
INFO  DumpU32Range.java> 82066ee8 0x821adfb0 (GhidraScript)  
INFO  DumpU32Range.java> 82066eec 0x821b7948 (GhidraScript)  
INFO  DumpU32Range.java> 82066ef0 0x821b7958 (GhidraScript)  
INFO  DumpU32Range.java> 82066ef4 0x8218d2a0 (GhidraScript)  
INFO  DumpU32Range.java> 82066ef8 0x8218d2c8 (GhidraScript)  
INFO  DumpU32Range.java> 82066efc 0x8218d2f0 (GhidraScript)  
INFO  DumpU32Range.java> 82066f00 0x821a72c0 (GhidraScript)  
INFO  DumpU32Range.java> 82066f04 0x821a7968 (GhidraScript)  
INFO  DumpU32Range.java> 82066f08 0x8218d348 (GhidraScript)  
INFO  DumpU32Range.java> 82066f0c 0x8218d360 (GhidraScript)  
INFO  DumpU32Range.java> 82066f10 0x8218d480 (GhidraScript)  
INFO  DumpU32Range.java> 82066f14 0x821af2c0 (GhidraScript)  
INFO  DumpU32Range.java> 82066f18 0x8218d598 (GhidraScript)  
INFO  DumpU32Range.java> 82066f1c 0x821a7b30 (GhidraScript)  
INFO  DumpU32Range.java> 82066f20 0x82077bac (GhidraScript)  
INFO  DumpU32Range.java> 82066f24 0x821bf800 (GhidraScript)  
INFO  DumpU32Range.java> 82066f28 0x822ddbe8 (GhidraScript)  
INFO  DumpU32Range.java> 82066f2c 0x821a7c40 (GhidraScript)  
INFO  DumpU32Range.java> 82066f30 0x822ddbe8 (GhidraScript)  
INFO  DumpU32Range.java> 82066f34 0x822ddbe8 (GhidraScript)  
INFO  DumpU32Range.java> 82066f38 0x822ddbe8 (GhidraScript)  
INFO  DumpU32Range.java> 82066f3c 0x822ddbe8 (GhidraScript)  
INFO  DumpU32Range.java> 82066f40 0x822ddbe8 (GhidraScript)  
INFO  DumpU32Range.java> 82066f44 0x821a7c60 (GhidraScript)  
INFO  DumpU32Range.java> 82066f48 0x822ddbe8 (GhidraScript)  
INFO  DumpU32Range.java> 82066f4c 0x822ddbe8 (GhidraScript)  
INFO  DumpU32Range.java> 82066f50 0x822ddbe8 (GhidraScript)  
INFO  DumpU32Range.java> 82066f54 0x822ddbe8 (GhidraScript)  
INFO  DumpU32Range.java> 82066f58 0x822ddbe8 (GhidraScript)  
INFO  DumpU32Range.java> 82066f5c 0x822ddbe8 (GhidraScript)  
INFO  DumpU32Range.java> 82066f60 0x822ddbe8 (GhidraScript)  
INFO  DumpU32Range.java> 82066f64 0x822ddbe8 (GhidraScript)  
INFO  DumpU32Range.java> 82066f68 0x822ddbe8 (GhidraScript)  
INFO  DumpU32Range.java> 82066f6c 0x822ddbe8 (GhidraScript)  
INFO  DumpU32Range.java> 82066f70 0x822ddbe8 (GhidraScript)  
INFO  DumpU32Range.java> 82066f74 0x822ddbe8 (GhidraScript)  
INFO  DumpU32Range.java> 82066f78 0x821a7c30 (GhidraScript)  
INFO  DumpU32Range.java> 82066f7c 0x00000000 (GhidraScript)  
INFO  DumpU32Range.java> 82066f80 0x82077b50 (GhidraScript)  
INFO  DumpU32Range.java> 82066f84 0x821bf4d0 (GhidraScript)  
INFO  DumpU32Range.java> 82066f88 0x821d10c0 (GhidraScript)  
INFO  DumpU32Range.java> 82066f8c 0x821d10c8 (GhidraScript)  
INFO  DumpU32Range.java> 82066f90 0x822ddbe8 (GhidraScript)  
INFO  DumpU32Range.java> 82066f94 0x821a75d0 (GhidraScript)  
INFO  DumpU32Range.java> 82066f98 0x821adfb0 (GhidraScript)  
INFO  DumpU32Range.java> 82066f9c 0x821b7948 (GhidraScript)  
INFO  DumpU32Range.java> 82066fa0 0x821b7958 (GhidraScript)  
INFO  DumpU32Range.java> 82066fa4 0x8218d2a0 (GhidraScript)  
INFO  DumpU32Range.java> 82066fa8 0x8218d2c8 (GhidraScript)  
INFO  DumpU32Range.java> 82066fac 0x8218d2f0 (GhidraScript)  
INFO  DumpU32Range.java> 82066fb0 0x821a72c0 (GhidraScript)  
INFO  DumpU32Range.java> 82066fb4 0x821a7968 (GhidraScript)  
INFO  DumpU32Range.java> 82066fb8 0x8218d348 (GhidraScript)  
INFO  DumpU32Range.java> 82066fbc 0x8218d360 (GhidraScript)  
INFO  DumpU32Range.java> 82066fc0 0x8218d480 (GhidraScript)  
INFO  DumpU32Range.java> 82066fc4 0x821af2c0 (GhidraScript)  
INFO  DumpU32Range.java> 82066fc8 0x8218d598 (GhidraScript)  
INFO  DumpU32Range.java> 82066fcc 0x821a7b70 (GhidraScript)  
INFO  DumpU32Range.java> 82066fd0 0x82077b3c (GhidraScript)  
INFO  DumpU32Range.java> 82066fd4 0x821bf800 (GhidraScript)  
INFO  DumpU32Range.java> 82066fd8 0x822ddbe8 (GhidraScript)  
INFO  DumpU32Range.java> 82066fdc 0x821a7c40 (GhidraScript)  
INFO  DumpU32Range.java> 82066fe0 0x822ddbe8 (GhidraScript)  
INFO  DumpU32Range.java> 82066fe4 0x822ddbe8 (GhidraScript)  
INFO  DumpU32Range.java> 82066fe8 0x822ddbe8 (GhidraScript)  
INFO  DumpU32Range.java> 82066fec 0x822ddbe8 (GhidraScript)  
INFO  DumpU32Range.java> 82066ff0 0x822ddbe8 (GhidraScript)  
INFO  DumpU32Range.java> 82066ff4 0x821a7c60 (GhidraScript)  
INFO  DumpU32Range.java> 82066ff8 0x822ddbe8 (GhidraScript)  
INFO  DumpU32Range.java> 82066ffc 0x822ddbe8 (GhidraScript)  
INFO  DumpU32Range.java> 82067000 0x822ddbe8 (GhidraScript)  
INFO  DumpU32Range.java> 82067004 0x822ddbe8 (GhidraScript)  
INFO  DumpU32Range.java> 82067008 0x822ddbe8 (GhidraScript)  
INFO  DumpU32Range.java> 8206700c 0x822ddbe8 (GhidraScript)  
INFO  DumpU32Range.java> 82067010 0x822ddbe8 (GhidraScript)  
INFO  DumpU32Range.java> 82067014 0x822ddbe8 (GhidraScript)  
INFO  DumpU32Range.java> 82067018 0x822ddbe8 (GhidraScript)  
INFO  DumpU32Range.java> 8206701c 0x822ddbe8 (GhidraScript)  
INFO  DumpU32Range.java> 82067020 0x822ddbe8 (GhidraScript)  
INFO  DumpU32Range.java> 82067024 0x822ddbe8 (GhidraScript)  
INFO  DumpU32Range.java> 82067028 0x821a7c30 (GhidraScript)  
INFO  DumpU32Range.java> 8206702c 0x00000000 (GhidraScript)  
INFO  DumpU32Range.java> 82067030 0x82077ae0 (GhidraScript)  
INFO  DumpU32Range.java> 82067034 0x821bf4d0 (GhidraScript)  
INFO  DumpU32Range.java> 82067038 0x821d10c0 (GhidraScript)  
INFO  DumpU32Range.java> 8206703c 0x821d10c8 (GhidraScript)  
INFO  DumpU32Range.java> 82067040 0x822ddbe8 (GhidraScript)  
INFO  DumpU32Range.java> 82067044 0x821a75d0 (GhidraScript)  
INFO  DumpU32Range.java> 82067048 0x821adfb0 (GhidraScript)  
INFO  DumpU32Range.java> 8206704c 0x821b7948 (GhidraScript)  
INFO  DumpU32Range.java> 82067050 0x821b7958 (GhidraScript)  
INFO  DumpU32Range.java> 82067054 0x8218d2a0 (GhidraScript)  
INFO  DumpU32Range.java> 82067058 0x8218d2c8 (GhidraScript)  
INFO  DumpU32Range.java> 8206705c 0x8218d2f0 (GhidraScript)  
INFO  DumpU32Range.java> 82067060 0x821a72c0 (GhidraScript)  
INFO  DumpU32Range.java> 82067064 0x821a7968 (GhidraScript)  
INFO  DumpU32Range.java> 82067068 0x8218d348 (GhidraScript)  
INFO  DumpU32Range.java> 8206706c 0x8218d360 (GhidraScript)  
INFO  DumpU32Range.java> 82067070 0x8218d480 (GhidraScript)  
INFO  DumpU32Range.java> 82067074 0x821af2c0 (GhidraScript)  
INFO  DumpU32Range.java> 82067078 0x8218d598 (GhidraScript)  
INFO  DumpU32Range.java> 8206707c 0x821a7bb0 (GhidraScript)  
INFO  DumpU32Range.java> 82067080 0x82077acc (GhidraScript)  
INFO  DumpU32Range.java> 82067084 0x821bf800 (GhidraScript)  
INFO  DumpU32Range.java> 82067088 0x822ddbe8 (GhidraScript)  
INFO  DumpU32Range.java> 8206708c 0x821a7c40 (GhidraScript)  
INFO  DumpU32Range.java> 82067090 0x822ddbe8 (GhidraScript)  
INFO  DumpU32Range.java> 82067094 0x822ddbe8 (GhidraScript)  
INFO  DumpU32Range.java> 82067098 0x822ddbe8 (GhidraScript)  
INFO  DumpU32Range.java> 8206709c 0x822ddbe8 (GhidraScript)  
INFO  DumpU32Range.java> 820670a0 0x822ddbe8 (GhidraScript)  
INFO  DumpU32Range.java> 820670a4 0x821a7c60 (GhidraScript)  
INFO  DumpU32Range.java> 820670a8 0x822ddbe8 (GhidraScript)  
INFO  DumpU32Range.java> 820670ac 0x822ddbe8 (GhidraScript)  
INFO  DumpU32Range.java> 820670b0 0x822ddbe8 (GhidraScript)  
INFO  DumpU32Range.java> 820670b4 0x822ddbe8 (GhidraScript)  
INFO  DumpU32Range.java> 820670b8 0x822ddbe8 (GhidraScript)  
INFO  DumpU32Range.java> 820670bc 0x822ddbe8 (GhidraScript)  
INFO  DumpU32Range.java> 820670c0 0x822ddbe8 (GhidraScript)  
INFO  DumpU32Range.java> 820670c4 0x822ddbe8 (GhidraScript)  
INFO  DumpU32Range.java> 820670c8 0x822ddbe8 (GhidraScript)  
INFO  DumpU32Range.java> 820670cc 0x822ddbe8 (GhidraScript)  
INFO  DumpU32Range.java> 820670d0 0x822ddbe8 (GhidraScript)  
INFO  DumpU32Range.java> 820670d4 0x822ddbe8 (GhidraScript)  
INFO  DumpU32Range.java> 820670d8 0x821a7c30 (GhidraScript)  
INFO  DumpU32Range.java> 820670dc 0x00000000 (GhidraScript)  
INFO  DumpU32Range.java> 820670e0 0x82077a70 (GhidraScript)  
INFO  DumpU32Range.java> 820670e4 0x821bf4d0 (GhidraScript)  
INFO  DumpU32Range.java> 820670e8 0x821d10c0 (GhidraScript)  
INFO  DumpU32Range.java> 820670ec 0x821d10c8 (GhidraScript)  
INFO  DumpU32Range.java> 820670f0 0x822ddbe8 (GhidraScript)  
INFO  DumpU32Range.java> 820670f4 0x821a75d0 (GhidraScript)  
INFO  DumpU32Range.java> 820670f8 0x821adfb0 (GhidraScript)  
INFO  DumpU32Range.java> 820670fc 0x821b7948 (GhidraScript)  
INFO  DumpU32Range.java> 82067100 0x821b7958 (GhidraScript)  
INFO  DumpU32Range.java> 82067104 0x8218d2a0 (GhidraScript)  
INFO  DumpU32Range.java> 82067108 0x8218d2c8 (GhidraScript)  
INFO  DumpU32Range.java> 8206710c 0x8218d2f0 (GhidraScript)  
INFO  DumpU32Range.java> 82067110 0x821a72c0 (GhidraScript)  
INFO  DumpU32Range.java> 82067114 0x821a7968 (GhidraScript)  
INFO  DumpU32Range.java> 82067118 0x8218d348 (GhidraScript)  
INFO  DumpU32Range.java> 8206711c 0x8218d360 (GhidraScript)  
INFO  DumpU32Range.java> 82067120 0x8218d480 (GhidraScript)  
INFO  DumpU32Range.java> 82067124 0x821af2c0 (GhidraScript)  
INFO  DumpU32Range.java> 82067128 0x8218d598 (GhidraScript)  
INFO  DumpU32Range.java> 8206712c 0x821a7bf0 (GhidraScript)  
INFO  DumpU32Range.java> 82067130 0x82077a5c (GhidraScript)  
INFO  DumpU32Range.java> 82067134 0x821bf800 (GhidraScript)  
INFO  DumpU32Range.java> 82067138 0x822ddbe8 (GhidraScript)  
INFO  DumpU32Range.java> 8206713c 0x821a7c40 (GhidraScript)  
INFO  DumpU32Range.java> 82067140 0x822ddbe8 (GhidraScript)  
INFO  DumpU32Range.java> 82067144 0x822ddbe8 (GhidraScript)  
INFO  DumpU32Range.java> 82067148 0x822ddbe8 (GhidraScript)  
INFO  DumpU32Range.java> 8206714c 0x822ddbe8 (GhidraScript)  
INFO  DumpU32Range.java> 82067150 0x822ddbe8 (GhidraScript)  
INFO  DumpU32Range.java> 82067154 0x821a7c60 (GhidraScript)  
INFO  DumpU32Range.java> 82067158 0x822ddbe8 (GhidraScript)  
INFO  DumpU32Range.java> 8206715c 0x822ddbe8 (GhidraScript)  
INFO  DumpU32Range.java> 82067160 0x822ddbe8 (GhidraScript)  
INFO  DumpU32Range.java> 82067164 0x822ddbe8 (GhidraScript)  
INFO  DumpU32Range.java> 82067168 0x822ddbe8 (GhidraScript)  
INFO  DumpU32Range.java> 8206716c 0x822ddbe8 (GhidraScript)  
INFO  DumpU32Range.java> 82067170 0x822ddbe8 (GhidraScript)  
INFO  DumpU32Range.java> 82067174 0x822ddbe8 (GhidraScript)  
INFO  DumpU32Range.java> 82067178 0x822ddbe8 (GhidraScript)  
INFO  DumpU32Range.java> 8206717c 0x822ddbe8 (GhidraScript)  
INFO  REPORT: Execute script: ReferencesTo.java '0x82066ed4'  (HeadlessAnalyzer)  
INFO  SCRIPT: /fastdata/lavaulta/auto-re-agent/workspaces/ace-combat-6/scripts/ReferencesTo.java (HeadlessAnalyzer)  
INFO  REPORT: Execute script: ReferencesTo.java '0x82066f24'  (HeadlessAnalyzer)  
INFO  SCRIPT: /fastdata/lavaulta/auto-re-agent/workspaces/ace-combat-6/scripts/ReferencesTo.java (HeadlessAnalyzer)  
INFO  REPORT: Execute script: FindSymbolReferences.java '821BF4D0'  (HeadlessAnalyzer)  
INFO  SCRIPT: /fastdata/lavaulta/auto-re-agent/workspaces/ace-combat-6/scripts/FindSymbolReferences.java (HeadlessAnalyzer)  
INFO  FindSymbolReferences.java> PTR_Function_821BF4D0_82066e24 82066e24 Label (GhidraScript)  
INFO  FindSymbolReferences.java> REF 821bc6ec DATA (GhidraScript)  
INFO  FindSymbolReferences.java> Function_821BF4D0 821bf4d0 Function (GhidraScript)  
INFO  FindSymbolReferences.java> REF 82066e24 DATA (GhidraScript)  
INFO  REPORT: Execute script: FindSymbolReferences.java 'CSelect'  (HeadlessAnalyzer)  
INFO  SCRIPT: /fastdata/lavaulta/auto-re-agent/workspaces/ace-combat-6/scripts/FindSymbolReferences.java (HeadlessAnalyzer)  
INFO  FindSymbolReferences.java> NOT_FOUND CSelect (GhidraScript)  
INFO  REPORT: Execute script: FindSymbolReferences.java 'Mission'  (HeadlessAnalyzer)  
INFO  SCRIPT: /fastdata/lavaulta/auto-re-agent/workspaces/ace-combat-6/scripts/FindSymbolReferences.java (HeadlessAnalyzer)  
INFO  FindSymbolReferences.java> s_Lobby_CancelMissionStart_82064b48 82064b48 Label (GhidraScript)  
INFO  FindSymbolReferences.java> REF 821af5b4 PARAM (GhidraScript)  
INFO  FindSymbolReferences.java> s_Lobby_PastMissionPrepTime_82064b64 82064b64 Label (GhidraScript)  
INFO  FindSymbolReferences.java> REF 821af604 PARAM (GhidraScript)  
INFO  FindSymbolReferences.java> s_MissionResource_82065a90 82065a90 Label (GhidraScript)  
INFO  FindSymbolReferences.java> REF 821bcc24 PARAM (GhidraScript)  
INFO  REPORT: Save succeeded for processed file: /default.xex (HeadlessAnalyzer)  
INFO  Using log config file: jar:file:/fastdata/lavaulta/auto-re-agent/.tools/ghidra_12.1.2_PUBLIC/Ghidra/Framework/Generic/lib/Generic.jar!/generic.log4j.xml (LoggingInitialization)  
INFO  Using log file: /home/lavaulta/.config/ghidra/ghidra_12.1.2_PUBLIC/application.log (LoggingInitialization)  
INFO  Loading user preferences: /home/lavaulta/.config/ghidra/ghidra_12.1.2_PUBLIC/preferences (Preferences)  
INFO  Searching for classes... (ClassSearcher)  
INFO  Ignoring class 'xexloaderwv.XEXLoaderWVLoader' from '/fastdata/lavaulta/auto-re-agent/.tools/ghidra_12.1.2_PUBLIC/Ghidra/Extensions/XEXLoaderWV/lib/XEXLoaderWV.jar'. Already found at '/fastdata/lavaulta/auto-re-agent/.tools/ghidra_12.1.2_PUBLIC/Ghidra/patch/XEXLoaderWV-java21.jar'. (ClassSearcher)  
INFO  Class search complete (1475 ms) (ClassSearcher)  
INFO  Initializing SSL Context (DefaultSSLContextInitializer)  
INFO  Initializing Random Number Generator... (SecureRandomFactory)  
INFO  Random Number Generator initialization complete: NativePRNGNonBlocking (SecureRandomFactory)  
INFO  Trust manager disabled, cacerts have not been set (DefaultTrustManagerFactory)  
INFO  Headless startup complete (2991 ms) (AnalyzeHeadless)  
INFO  Class searcher loaded 59 extension points (20 false positives) (ClassSearcher)  
INFO  HEADLESS Script Paths:
    /fastdata/lavaulta/auto-re-agent/.tools/ghidra_12.1.2_PUBLIC/Ghidra/Features/MicrosoftCodeAnalyzer/ghidra_scripts
    /fastdata/lavaulta/auto-re-agent/.tools/ghidra_12.1.2_PUBLIC/Ghidra/Features/PDB/ghidra_scripts
    /fastdata/lavaulta/auto-re-agent/.tools/ghidra_12.1.2_PUBLIC/Ghidra/Processors/8051/ghidra_scripts
    /fastdata/lavaulta/auto-re-agent/.tools/ghidra_12.1.2_PUBLIC/Ghidra/Features/Base/ghidra_scripts
    /fastdata/lavaulta/auto-re-agent/workspaces/ace-combat-6/scripts
    /fastdata/lavaulta/auto-re-agent/.tools/ghidra_12.1.2_PUBLIC/Ghidra/Features/FileFormats/ghidra_scripts
    /fastdata/lavaulta/auto-re-agent/.tools/ghidra_12.1.2_PUBLIC/Ghidra/Features/GnuDemangler/ghidra_scripts
    /fastdata/lavaulta/auto-re-agent/.tools/ghidra_12.1.2_PUBLIC/Ghidra/Extensions/ghidra-emotionengine-reloaded/ghidra_scripts
    /fastdata/lavaulta/auto-re-agent/.tools/ghidra_12.1.2_PUBLIC/Ghidra/Features/Decompiler/ghidra_scripts
    /fastdata/lavaulta/auto-re-agent/.tools/ghidra_12.1.2_PUBLIC/Ghidra/Features/FunctionID/ghidra_scripts
    /fastdata/lavaulta/auto-re-agent/.tools/ghidra_12.1.2_PUBLIC/Ghidra/Features/DecompilerDependent/ghidra_scripts
    /fastdata/lavaulta/auto-re-agent/.tools/ghidra_12.1.2_PUBLIC/Ghidra/Processors/DATA/ghidra_scripts
    /fastdata/lavaulta/auto-re-agent/.tools/ghidra_12.1.2_PUBLIC/Ghidra/Debug/Debugger-rmi-trace/ghidra_scripts
    /fastdata/lavaulta/auto-re-agent/.tools/ghidra_12.1.2_PUBLIC/Ghidra/Features/SwiftDemangler/ghidra_scripts
    /fastdata/lavaulta/auto-re-agent/.tools/ghidra_12.1.2_PUBLIC/Ghidra/Debug/Debugger/ghidra_scripts
    /fastdata/lavaulta/auto-re-agent/.tools/ghidra_12.1.2_PUBLIC/Ghidra/Processors/PIC/ghidra_scripts
    /fastdata/lavaulta/auto-re-agent/.tools/ghidra_12.1.2_PUBLIC/Ghidra/Extensions/XEXLoaderWV/ghidra_scripts
    /fastdata/lavaulta/auto-re-agent/.tools/ghidra_12.1.2_PUBLIC/Ghidra/Features/WildcardAssembler/ghidra_scripts
    /fastdata/lavaulta/auto-re-agent/.tools/ghidra_12.1.2_PUBLIC/Ghidra/Features/PyGhidra/ghidra_scripts
    /fastdata/lavaulta/auto-re-agent/.tools/ghidra_12.1.2_PUBLIC/Ghidra/Features/BSim/ghidra_scripts
    /fastdata/lavaulta/auto-re-agent/.tools/ghidra_12.1.2_PUBLIC/Ghidra/Features/VersionTracking/ghidra_scripts
    /fastdata/lavaulta/auto-re-agent/.tools/ghidra_12.1.2_PUBLIC/Ghidra/Features/BytePatterns/ghidra_scripts
    /fastdata/lavaulta/auto-re-agent/.tools/ghidra_12.1.2_PUBLIC/Ghidra/Processors/Atmel/ghidra_scripts
    /fastdata/lavaulta/auto-re-agent/.tools/ghidra_12.1.2_PUBLIC/Ghidra/Features/SystemEmulation/ghidra_scripts
    /fastdata/lavaulta/auto-re-agent/.tools/ghidra_12.1.2_PUBLIC/Ghidra/Processors/JVM/ghidra_scripts (HeadlessAnalyzer)  
INFO  HEADLESS: execution starts (HeadlessAnalyzer)  
INFO  Opening existing project: /fastdata/lavaulta/auto-re-agent/workspaces/ace-combat-6/ghidra-projects/ace-combat-6-corrected (HeadlessAnalyzer)  
INFO  Opening project: /fastdata/lavaulta/auto-re-agent/workspaces/ace-combat-6/ghidra-projects/ace-combat-6-corrected (HeadlessProject)  
INFO  REPORT: Processing project file: /default.xex (HeadlessAnalyzer)  
INFO  REPORT: Execute script: DumpU32Range.java '0x82077b90' '0x82077bd8'  (HeadlessAnalyzer)  
INFO  SCRIPT: /fastdata/lavaulta/auto-re-agent/workspaces/ace-combat-6/scripts/DumpU32Range.java (HeadlessAnalyzer)  
INFO  DumpU32Range.java> 82077b90 0x826eaa38 (GhidraScript)  
INFO  DumpU32Range.java> 82077b94 0x00000005 (GhidraScript)  
INFO  DumpU32Range.java> 82077b98 0x00000000 (GhidraScript)  
INFO  DumpU32Range.java> 82077b9c 0xffffffff (GhidraScript)  
INFO  DumpU32Range.java> 82077ba0 0x00000000 (GhidraScript)  
INFO  DumpU32Range.java> 82077ba4 0x00000040 (GhidraScript)  
INFO  DumpU32Range.java> 82077ba8 0x82077b64 (GhidraScript)  
INFO  DumpU32Range.java> 82077bac 0x00000000 (GhidraScript)  
INFO  DumpU32Range.java> 82077bb0 0x00000268 (GhidraScript)  
INFO  DumpU32Range.java> 82077bb4 0x00000000 (GhidraScript)  
INFO  DumpU32Range.java> 82077bb8 0x826eaa74 (GhidraScript)  
INFO  DumpU32Range.java> 82077bbc 0x82077bd4 (GhidraScript)  
INFO  DumpU32Range.java> 82077bc0 0x00000000 (GhidraScript)  
INFO  DumpU32Range.java> 82077bc4 0x00000000 (GhidraScript)  
INFO  DumpU32Range.java> 82077bc8 0x00000000 (GhidraScript)  
INFO  DumpU32Range.java> 82077bcc 0x826eaa74 (GhidraScript)  
INFO  DumpU32Range.java> 82077bd0 0x82077bd4 (GhidraScript)  
INFO  DumpU32Range.java> 82077bd4 0x00000000 (GhidraScript)  
INFO  REPORT: Execute script: FindU32Any.java '0x821bc628'  (HeadlessAnalyzer)  
INFO  SCRIPT: /fastdata/lavaulta/auto-re-agent/workspaces/ace-combat-6/scripts/FindU32Any.java (HeadlessAnalyzer)  
INFO  FindU32Any.java> 8207efd0 (GhidraScript)  
INFO  FindU32Any.java> 8269d260 (GhidraScript)  
INFO  REPORT: Execute script: FindU32Any.java '0x821bc5d8'  (HeadlessAnalyzer)  
INFO  SCRIPT: /fastdata/lavaulta/auto-re-agent/workspaces/ace-combat-6/scripts/FindU32Any.java (HeadlessAnalyzer)  
INFO  FindU32Any.java> 8207efc8 (GhidraScript)  
INFO  FindU32Any.java> 8269d258 (GhidraScript)  
INFO  REPORT: Execute script: FindU32Any.java '0x821bc678'  (HeadlessAnalyzer)  
INFO  SCRIPT: /fastdata/lavaulta/auto-re-agent/workspaces/ace-combat-6/scripts/FindU32Any.java (HeadlessAnalyzer)  
INFO  FindU32Any.java> 8207efd8 (GhidraScript)  
INFO  FindU32Any.java> 8269d268 (GhidraScript)  
INFO  REPORT: Execute script: ReferencesTo.java '0x821bc628'  (HeadlessAnalyzer)  
INFO  SCRIPT: /fastdata/lavaulta/auto-re-agent/workspaces/ace-combat-6/scripts/ReferencesTo.java (HeadlessAnalyzer)  
INFO  REPORT: Execute script: DecompileAt.java '0x821bf4d0'  (HeadlessAnalyzer)  
INFO  SCRIPT: /fastdata/lavaulta/auto-re-agent/workspaces/ace-combat-6/scripts/DecompileAt.java (HeadlessAnalyzer)  
INFO  DecompileAt.java> FUNCTION 821bf4d0 Function_821BF4D0 (GhidraScript)  
INFO  DecompileAt.java> 
void Function_821BF4D0(void)

{
  byte in_cr6;
  
  if ((bool)(in_cr6 >> 1 & 1)) {
    return;
  }
  FUN_821bc4b8();
  return;
}

 (GhidraScript)  
INFO  REPORT: Execute script: DecompileAt.java '0x821bf800'  (HeadlessAnalyzer)  
INFO  SCRIPT: /fastdata/lavaulta/auto-re-agent/workspaces/ace-combat-6/scripts/DecompileAt.java (HeadlessAnalyzer)  
ERROR DecompileAt.java> no function contains 821bf800 (GhidraScript)  
INFO  REPORT: Execute script: DecompileAt.java '0x821a7b30'  (HeadlessAnalyzer)  
INFO  SCRIPT: /fastdata/lavaulta/auto-re-agent/workspaces/ace-combat-6/scripts/DecompileAt.java (HeadlessAnalyzer)  
ERROR DecompileAt.java> no function contains 821a7b30 (GhidraScript)  
INFO  REPORT: Execute script: DecompileAt.java '0x821a7b70'  (HeadlessAnalyzer)  
INFO  SCRIPT: /fastdata/lavaulta/auto-re-agent/workspaces/ace-combat-6/scripts/DecompileAt.java (HeadlessAnalyzer)  
ERROR DecompileAt.java> no function contains 821a7b70 (GhidraScript)  
INFO  REPORT: Save succeeded for processed file: /default.xex (HeadlessAnalyzer)  
INFO  Using log config file: jar:file:/fastdata/lavaulta/auto-re-agent/.tools/ghidra_12.1.2_PUBLIC/Ghidra/Framework/Generic/lib/Generic.jar!/generic.log4j.xml (LoggingInitialization)  
INFO  Using log file: /home/lavaulta/.config/ghidra/ghidra_12.1.2_PUBLIC/application.log (LoggingInitialization)  
INFO  Loading user preferences: /home/lavaulta/.config/ghidra/ghidra_12.1.2_PUBLIC/preferences (Preferences)  
INFO  Searching for classes... (ClassSearcher)  
INFO  Ignoring class 'xexloaderwv.XEXLoaderWVLoader' from '/fastdata/lavaulta/auto-re-agent/.tools/ghidra_12.1.2_PUBLIC/Ghidra/Extensions/XEXLoaderWV/lib/XEXLoaderWV.jar'. Already found at '/fastdata/lavaulta/auto-re-agent/.tools/ghidra_12.1.2_PUBLIC/Ghidra/patch/XEXLoaderWV-java21.jar'. (ClassSearcher)  
INFO  Class search complete (1666 ms) (ClassSearcher)  
INFO  Initializing SSL Context (DefaultSSLContextInitializer)  
INFO  Initializing Random Number Generator... (SecureRandomFactory)  
INFO  Random Number Generator initialization complete: NativePRNGNonBlocking (SecureRandomFactory)  
INFO  Trust manager disabled, cacerts have not been set (DefaultTrustManagerFactory)  
INFO  Headless startup complete (3279 ms) (AnalyzeHeadless)  
INFO  Class searcher loaded 59 extension points (20 false positives) (ClassSearcher)  
INFO  HEADLESS Script Paths:
    /fastdata/lavaulta/auto-re-agent/.tools/ghidra_12.1.2_PUBLIC/Ghidra/Features/MicrosoftCodeAnalyzer/ghidra_scripts
    /fastdata/lavaulta/auto-re-agent/.tools/ghidra_12.1.2_PUBLIC/Ghidra/Features/PDB/ghidra_scripts
    /fastdata/lavaulta/auto-re-agent/.tools/ghidra_12.1.2_PUBLIC/Ghidra/Processors/8051/ghidra_scripts
    /fastdata/lavaulta/auto-re-agent/.tools/ghidra_12.1.2_PUBLIC/Ghidra/Features/Base/ghidra_scripts
    /fastdata/lavaulta/auto-re-agent/workspaces/ace-combat-6/scripts
    /fastdata/lavaulta/auto-re-agent/.tools/ghidra_12.1.2_PUBLIC/Ghidra/Features/FileFormats/ghidra_scripts
    /fastdata/lavaulta/auto-re-agent/.tools/ghidra_12.1.2_PUBLIC/Ghidra/Features/GnuDemangler/ghidra_scripts
    /fastdata/lavaulta/auto-re-agent/.tools/ghidra_12.1.2_PUBLIC/Ghidra/Extensions/ghidra-emotionengine-reloaded/ghidra_scripts
    /fastdata/lavaulta/auto-re-agent/.tools/ghidra_12.1.2_PUBLIC/Ghidra/Features/Decompiler/ghidra_scripts
    /fastdata/lavaulta/auto-re-agent/.tools/ghidra_12.1.2_PUBLIC/Ghidra/Features/FunctionID/ghidra_scripts
    /fastdata/lavaulta/auto-re-agent/.tools/ghidra_12.1.2_PUBLIC/Ghidra/Features/DecompilerDependent/ghidra_scripts
    /fastdata/lavaulta/auto-re-agent/.tools/ghidra_12.1.2_PUBLIC/Ghidra/Processors/DATA/ghidra_scripts
    /fastdata/lavaulta/auto-re-agent/.tools/ghidra_12.1.2_PUBLIC/Ghidra/Debug/Debugger-rmi-trace/ghidra_scripts
    /fastdata/lavaulta/auto-re-agent/.tools/ghidra_12.1.2_PUBLIC/Ghidra/Features/SwiftDemangler/ghidra_scripts
    /fastdata/lavaulta/auto-re-agent/.tools/ghidra_12.1.2_PUBLIC/Ghidra/Debug/Debugger/ghidra_scripts
    /fastdata/lavaulta/auto-re-agent/.tools/ghidra_12.1.2_PUBLIC/Ghidra/Processors/PIC/ghidra_scripts
    /fastdata/lavaulta/auto-re-agent/.tools/ghidra_12.1.2_PUBLIC/Ghidra/Extensions/XEXLoaderWV/ghidra_scripts
    /fastdata/lavaulta/auto-re-agent/.tools/ghidra_12.1.2_PUBLIC/Ghidra/Features/WildcardAssembler/ghidra_scripts
    /fastdata/lavaulta/auto-re-agent/.tools/ghidra_12.1.2_PUBLIC/Ghidra/Features/PyGhidra/ghidra_scripts
    /fastdata/lavaulta/auto-re-agent/.tools/ghidra_12.1.2_PUBLIC/Ghidra/Features/BSim/ghidra_scripts
    /fastdata/lavaulta/auto-re-agent/.tools/ghidra_12.1.2_PUBLIC/Ghidra/Features/VersionTracking/ghidra_scripts
    /fastdata/lavaulta/auto-re-agent/.tools/ghidra_12.1.2_PUBLIC/Ghidra/Features/BytePatterns/ghidra_scripts
    /fastdata/lavaulta/auto-re-agent/.tools/ghidra_12.1.2_PUBLIC/Ghidra/Processors/Atmel/ghidra_scripts
    /fastdata/lavaulta/auto-re-agent/.tools/ghidra_12.1.2_PUBLIC/Ghidra/Features/SystemEmulation/ghidra_scripts
    /fastdata/lavaulta/auto-re-agent/.tools/ghidra_12.1.2_PUBLIC/Ghidra/Processors/JVM/ghidra_scripts (HeadlessAnalyzer)  
INFO  HEADLESS: execution starts (HeadlessAnalyzer)  
INFO  Opening existing project: /fastdata/lavaulta/auto-re-agent/workspaces/ace-combat-6/ghidra-projects/ace-combat-6-corrected (HeadlessAnalyzer)  
INFO  Opening project: /fastdata/lavaulta/auto-re-agent/workspaces/ace-combat-6/ghidra-projects/ace-combat-6-corrected (HeadlessProject)  
INFO  REPORT: Processing project file: /default.xex (HeadlessAnalyzer)  
INFO  REPORT: Execute script: DumpBytes.java '0x826eaa70' '128'  (HeadlessAnalyzer)  
INFO  SCRIPT: /fastdata/lavaulta/auto-re-agent/workspaces/ace-combat-6/scripts/DumpBytes.java (HeadlessAnalyzer)  
INFO  DumpBytes.java> 826eaa70 00 00 00 00 00 00 00 00 00 00 00 00 00 00 00 00 (GhidraScript)  
INFO  DumpBytes.java> 826eaa80 00 00 00 00 00 00 00 00 00 00 00 00 00 00 00 00 (GhidraScript)  
INFO  DumpBytes.java> 826eaa90 00 00 00 00 00 00 00 00 00 00 00 00 00 00 00 00 (GhidraScript)  
INFO  DumpBytes.java> 826eaaa0 00 00 00 00 00 00 00 00 00 00 00 00 00 00 00 00 (GhidraScript)  
INFO  DumpBytes.java> 826eaab0 00 00 00 00 00 00 00 00 00 00 00 00 00 00 00 00 (GhidraScript)  
INFO  DumpBytes.java> 826eaac0 00 00 00 00 00 00 00 00 00 00 00 00 00 00 00 00 (GhidraScript)  
INFO  DumpBytes.java> 826eaad0 00 00 00 00 00 00 00 00 00 00 00 00 00 00 00 00 (GhidraScript)  
INFO  DumpBytes.java> 826eaae0 00 00 00 00 00 00 00 00 00 00 00 00 00 00 00 00 (GhidraScript)  
INFO  REPORT: Execute script: FindSymbolReferences.java '826EAA74'  (HeadlessAnalyzer)  
INFO  SCRIPT: /fastdata/lavaulta/auto-re-agent/workspaces/ace-combat-6/scripts/FindSymbolReferences.java (HeadlessAnalyzer)  
INFO  FindSymbolReferences.java> NOT_FOUND 826EAA74 (GhidraScript)  
INFO  REPORT: Execute script: DumpU32Range.java '0x8269d220' '0x8269d2a0'  (HeadlessAnalyzer)  
INFO  SCRIPT: /fastdata/lavaulta/auto-re-agent/workspaces/ace-combat-6/scripts/DumpU32Range.java (HeadlessAnalyzer)  
INFO  DumpU32Range.java> 8269d220 0x821bbe08 (GhidraScript)  
INFO  DumpU32Range.java> 8269d224 0x821bc4e8 (GhidraScript)  
INFO  DumpU32Range.java> 8269d228 0x821bbe08 (GhidraScript)  
INFO  DumpU32Range.java> 8269d22c 0x821bc3a8 (GhidraScript)  
INFO  DumpU32Range.java> 8269d230 0x821bc538 (GhidraScript)  
INFO  DumpU32Range.java> 8269d234 0x821bc358 (GhidraScript)  
INFO  DumpU32Range.java> 8269d238 0x821bc358 (GhidraScript)  
INFO  DumpU32Range.java> 8269d23c 0x821bc358 (GhidraScript)  
INFO  DumpU32Range.java> 8269d240 0x821bc358 (GhidraScript)  
INFO  DumpU32Range.java> 8269d244 0x821bb758 (GhidraScript)  
INFO  DumpU32Range.java> 8269d248 0x821bb898 (GhidraScript)  
INFO  DumpU32Range.java> 8269d24c 0x821bc588 (GhidraScript)  
INFO  DumpU32Range.java> 8269d250 0x821bb8e8 (GhidraScript)  
INFO  DumpU32Range.java> 8269d254 0x821bb758 (GhidraScript)  
INFO  DumpU32Range.java> 8269d258 0x821bc5d8 (GhidraScript)  
INFO  DumpU32Range.java> 8269d25c 0x821bbc68 (GhidraScript)  
INFO  DumpU32Range.java> 8269d260 0x821bc628 (GhidraScript)  
INFO  DumpU32Range.java> 8269d264 0x821bc088 (GhidraScript)  
INFO  DumpU32Range.java> 8269d268 0x821bc678 (GhidraScript)  
INFO  DumpU32Range.java> 8269d26c 0x821bc6c8 (GhidraScript)  
INFO  DumpU32Range.java> 8269d270 0x821bb938 (GhidraScript)  
INFO  DumpU32Range.java> 8269d274 0x821bc718 (GhidraScript)  
INFO  DumpU32Range.java> 8269d278 0x821bbdb8 (GhidraScript)  
INFO  DumpU32Range.java> 8269d27c 0x821bc768 (GhidraScript)  
INFO  DumpU32Range.java> 8269d280 0x821bbcb8 (GhidraScript)  
INFO  DumpU32Range.java> 8269d284 0x821bb938 (GhidraScript)  
INFO  DumpU32Range.java> 8269d288 0x821bb938 (GhidraScript)  
INFO  DumpU32Range.java> 8269d28c 0x821bb938 (GhidraScript)  
INFO  DumpU32Range.java> 8269d290 0x821bbdb8 (GhidraScript)  
INFO  DumpU32Range.java> 8269d294 0x821bbdb8 (GhidraScript)  
INFO  DumpU32Range.java> 8269d298 0x821bbdb8 (GhidraScript)  
INFO  DumpU32Range.java> 8269d29c 0x821bbcb8 (GhidraScript)  
INFO  REPORT: Execute script: DumpU32Range.java '0x8207efa0' '0x8207f000'  (HeadlessAnalyzer)  
INFO  SCRIPT: /fastdata/lavaulta/auto-re-agent/workspaces/ace-combat-6/scripts/DumpU32Range.java (HeadlessAnalyzer)  
INFO  DumpU32Range.java> 8207efa0 0x821bc448 (GhidraScript)  
INFO  DumpU32Range.java> 8207efa4 0x40001403 (GhidraScript)  
INFO  DumpU32Range.java> 8207efa8 0x821bc498 (GhidraScript)  
INFO  DumpU32Range.java> 8207efac 0x40001403 (GhidraScript)  
INFO  DumpU32Range.java> 8207efb0 0x821bc4e8 (GhidraScript)  
INFO  DumpU32Range.java> 8207efb4 0x40001403 (GhidraScript)  
INFO  DumpU32Range.java> 8207efb8 0x821bc538 (GhidraScript)  
INFO  DumpU32Range.java> 8207efbc 0x40001403 (GhidraScript)  
INFO  DumpU32Range.java> 8207efc0 0x821bc588 (GhidraScript)  
INFO  DumpU32Range.java> 8207efc4 0x40001403 (GhidraScript)  
INFO  DumpU32Range.java> 8207efc8 0x821bc5d8 (GhidraScript)  
INFO  DumpU32Range.java> 8207efcc 0x40001403 (GhidraScript)  
INFO  DumpU32Range.java> 8207efd0 0x821bc628 (GhidraScript)  
INFO  DumpU32Range.java> 8207efd4 0x40001403 (GhidraScript)  
INFO  DumpU32Range.java> 8207efd8 0x821bc678 (GhidraScript)  
INFO  DumpU32Range.java> 8207efdc 0x40001403 (GhidraScript)  
INFO  DumpU32Range.java> 8207efe0 0x821bc6c8 (GhidraScript)  
INFO  DumpU32Range.java> 8207efe4 0x40001403 (GhidraScript)  
INFO  DumpU32Range.java> 8207efe8 0x821bc718 (GhidraScript)  
INFO  DumpU32Range.java> 8207efec 0x40001403 (GhidraScript)  
INFO  DumpU32Range.java> 8207eff0 0x821bc768 (GhidraScript)  
INFO  DumpU32Range.java> 8207eff4 0x40001403 (GhidraScript)  
INFO  DumpU32Range.java> 8207eff8 0x821bc7b8 (GhidraScript)  
INFO  DumpU32Range.java> 8207effc 0x40001403 (GhidraScript)  
INFO  REPORT: Save succeeded for processed file: /default.xex (HeadlessAnalyzer)  
INFO  Using log config file: jar:file:/fastdata/lavaulta/auto-re-agent/.tools/ghidra_12.1.2_PUBLIC/Ghidra/Framework/Generic/lib/Generic.jar!/generic.log4j.xml (LoggingInitialization)  
INFO  Using log file: /home/lavaulta/.config/ghidra/ghidra_12.1.2_PUBLIC/application.log (LoggingInitialization)  
INFO  Loading user preferences: /home/lavaulta/.config/ghidra/ghidra_12.1.2_PUBLIC/preferences (Preferences)  
INFO  Searching for classes... (ClassSearcher)  
INFO  Ignoring class 'xexloaderwv.XEXLoaderWVLoader' from '/fastdata/lavaulta/auto-re-agent/.tools/ghidra_12.1.2_PUBLIC/Ghidra/Extensions/XEXLoaderWV/lib/XEXLoaderWV.jar'. Already found at '/fastdata/lavaulta/auto-re-agent/.tools/ghidra_12.1.2_PUBLIC/Ghidra/patch/XEXLoaderWV-java21.jar'. (ClassSearcher)  
INFO  Class search complete (1531 ms) (ClassSearcher)  
INFO  Initializing SSL Context (DefaultSSLContextInitializer)  
INFO  Initializing Random Number Generator... (SecureRandomFactory)  
INFO  Random Number Generator initialization complete: NativePRNGNonBlocking (SecureRandomFactory)  
INFO  Trust manager disabled, cacerts have not been set (DefaultTrustManagerFactory)  
INFO  Headless startup complete (3087 ms) (AnalyzeHeadless)  
INFO  Class searcher loaded 59 extension points (20 false positives) (ClassSearcher)  
INFO  HEADLESS Script Paths:
    /fastdata/lavaulta/auto-re-agent/.tools/ghidra_12.1.2_PUBLIC/Ghidra/Features/MicrosoftCodeAnalyzer/ghidra_scripts
    /fastdata/lavaulta/auto-re-agent/.tools/ghidra_12.1.2_PUBLIC/Ghidra/Features/PDB/ghidra_scripts
    /fastdata/lavaulta/auto-re-agent/.tools/ghidra_12.1.2_PUBLIC/Ghidra/Processors/8051/ghidra_scripts
    /fastdata/lavaulta/auto-re-agent/.tools/ghidra_12.1.2_PUBLIC/Ghidra/Features/Base/ghidra_scripts
    /fastdata/lavaulta/auto-re-agent/workspaces/ace-combat-6/scripts
    /fastdata/lavaulta/auto-re-agent/.tools/ghidra_12.1.2_PUBLIC/Ghidra/Features/FileFormats/ghidra_scripts
    /fastdata/lavaulta/auto-re-agent/.tools/ghidra_12.1.2_PUBLIC/Ghidra/Features/GnuDemangler/ghidra_scripts
    /fastdata/lavaulta/auto-re-agent/.tools/ghidra_12.1.2_PUBLIC/Ghidra/Extensions/ghidra-emotionengine-reloaded/ghidra_scripts
    /fastdata/lavaulta/auto-re-agent/.tools/ghidra_12.1.2_PUBLIC/Ghidra/Features/Decompiler/ghidra_scripts
    /fastdata/lavaulta/auto-re-agent/.tools/ghidra_12.1.2_PUBLIC/Ghidra/Features/FunctionID/ghidra_scripts
    /fastdata/lavaulta/auto-re-agent/.tools/ghidra_12.1.2_PUBLIC/Ghidra/Features/DecompilerDependent/ghidra_scripts
    /fastdata/lavaulta/auto-re-agent/.tools/ghidra_12.1.2_PUBLIC/Ghidra/Processors/DATA/ghidra_scripts
    /fastdata/lavaulta/auto-re-agent/.tools/ghidra_12.1.2_PUBLIC/Ghidra/Debug/Debugger-rmi-trace/ghidra_scripts
    /fastdata/lavaulta/auto-re-agent/.tools/ghidra_12.1.2_PUBLIC/Ghidra/Features/SwiftDemangler/ghidra_scripts
    /fastdata/lavaulta/auto-re-agent/.tools/ghidra_12.1.2_PUBLIC/Ghidra/Debug/Debugger/ghidra_scripts
    /fastdata/lavaulta/auto-re-agent/.tools/ghidra_12.1.2_PUBLIC/Ghidra/Processors/PIC/ghidra_scripts
    /fastdata/lavaulta/auto-re-agent/.tools/ghidra_12.1.2_PUBLIC/Ghidra/Extensions/XEXLoaderWV/ghidra_scripts
    /fastdata/lavaulta/auto-re-agent/.tools/ghidra_12.1.2_PUBLIC/Ghidra/Features/WildcardAssembler/ghidra_scripts
    /fastdata/lavaulta/auto-re-agent/.tools/ghidra_12.1.2_PUBLIC/Ghidra/Features/PyGhidra/ghidra_scripts
    /fastdata/lavaulta/auto-re-agent/.tools/ghidra_12.1.2_PUBLIC/Ghidra/Features/BSim/ghidra_scripts
    /fastdata/lavaulta/auto-re-agent/.tools/ghidra_12.1.2_PUBLIC/Ghidra/Features/VersionTracking/ghidra_scripts
    /fastdata/lavaulta/auto-re-agent/.tools/ghidra_12.1.2_PUBLIC/Ghidra/Features/BytePatterns/ghidra_scripts
    /fastdata/lavaulta/auto-re-agent/.tools/ghidra_12.1.2_PUBLIC/Ghidra/Processors/Atmel/ghidra_scripts
    /fastdata/lavaulta/auto-re-agent/.tools/ghidra_12.1.2_PUBLIC/Ghidra/Features/SystemEmulation/ghidra_scripts
    /fastdata/lavaulta/auto-re-agent/.tools/ghidra_12.1.2_PUBLIC/Ghidra/Processors/JVM/ghidra_scripts (HeadlessAnalyzer)  
INFO  HEADLESS: execution starts (HeadlessAnalyzer)  
INFO  Opening existing project: /fastdata/lavaulta/auto-re-agent/workspaces/ace-combat-6/ghidra-projects/ace-combat-6-corrected (HeadlessAnalyzer)  
INFO  Opening project: /fastdata/lavaulta/auto-re-agent/workspaces/ace-combat-6/ghidra-projects/ace-combat-6-corrected (HeadlessProject)  
INFO  REPORT: Processing project file: /default.xex (HeadlessAnalyzer)  
INFO  REPORT: Execute script: DumpRange.java '0x821b8d00' '0x821b9050'  (HeadlessAnalyzer)  
INFO  SCRIPT: /fastdata/lavaulta/auto-re-agent/workspaces/ace-combat-6/scripts/DumpRange.java (HeadlessAnalyzer)  
INFO  DumpRange.java> 821b8d00 bctrl (GhidraScript)  
INFO  DumpRange.java> 821b8d04 addi r1,r1,0x60 (GhidraScript)  
INFO  DumpRange.java> 821b8d08 lwz r12,-0x8(r1) (GhidraScript)  
INFO  DumpRange.java> 821b8d0c mtspr LR,r12 (GhidraScript)  
INFO  DumpRange.java> 821b8d10 ld r31,-0x10(r1) (GhidraScript)  
INFO  DumpRange.java> 821b8d14 blr (GhidraScript)  
INFO  DumpRange.java> 821b8d18 lwz r11,0x1c(r31) (GhidraScript)  
INFO  DumpRange.java> 821b8d1c addi r3,r31,0x1c (GhidraScript)  
INFO  DumpRange.java> 821b8d20 lwz r11,0x20(r11) (GhidraScript)  
INFO  DumpRange.java> 821b8d24 mtspr CTR,r11 (GhidraScript)  
INFO  DumpRange.java> 821b8d28 bctrl (GhidraScript)  
INFO  DumpRange.java> 821b8d2c addi r1,r1,0x60 (GhidraScript)  
INFO  DumpRange.java> 821b8d30 lwz r12,-0x8(r1) (GhidraScript)  
INFO  DumpRange.java> 821b8d34 mtspr LR,r12 (GhidraScript)  
INFO  DumpRange.java> 821b8d38 ld r31,-0x10(r1) (GhidraScript)  
INFO  DumpRange.java> 821b8d3c blr (GhidraScript)  
INFO  DumpRange.java> 821b8d40 lis r11,-0x7d6c (GhidraScript)  
INFO  DumpRange.java> 821b8d44 lis r10,-0x7d62 (GhidraScript)  
INFO  DumpRange.java> 821b8d48 addi r3,r10,0x6218 (GhidraScript)  
INFO  DumpRange.java> 821b8d4c lwz r11,-0x45f0(r11) (GhidraScript)  
INFO  DumpRange.java> 821b8d50 lwz r9,0x50(r11) (GhidraScript)  
INFO  DumpRange.java> 821b8d54 cntlzw r10,r9 (GhidraScript)  
INFO  DumpRange.java> 821b8d58 rlwinm r10,r10,0x1b,0x1f,0x1f (GhidraScript)  
INFO  DumpRange.java> 821b8d5c xori r10,r10,0x1 (GhidraScript)  
INFO  DumpRange.java> 821b8d60 addi r10,r10,0x12 (GhidraScript)  
INFO  DumpRange.java> 821b8d64 rlwinm r10,r10,0x2,0x0,0x1d (GhidraScript)  
INFO  DumpRange.java> 821b8d68 lwzx r4,r10,r11 (GhidraScript)  
INFO  DumpRange.java> 821b8d6c bl 0x821d65c0 (GhidraScript)  
INFO  DumpRange.java> 821b8d70 bl 0x821d5e60 (GhidraScript)  
INFO  DumpRange.java> 821b8d74 cmpwi cr6,r3,0x0 (GhidraScript)  
INFO  DumpRange.java> 821b8d78 ble cr6,0x821b8df0 (GhidraScript)  
INFO  DumpRange.java> 821b8d7c lwz r11,0x0(r31) (GhidraScript)  
INFO  DumpRange.java> 821b8d80 li r4,0x0 (GhidraScript)  
INFO  DumpRange.java> 821b8d84 or r3,r31,r31 (GhidraScript)  
INFO  DumpRange.java> 821b8d88 lwz r11,0x3c(r11) (GhidraScript)  
INFO  DumpRange.java> 821b8d8c mtspr CTR,r11 (GhidraScript)  
INFO  DumpRange.java> 821b8d90 bctrl (GhidraScript)  
INFO  DumpRange.java> 821b8d94 lis r11,-0x7d6c (GhidraScript)  
INFO  DumpRange.java> 821b8d98 addi r8,r31,0x268 (GhidraScript)  
INFO  DumpRange.java> 821b8d9c subi r9,r11,0x4800 (GhidraScript)  
INFO  DumpRange.java> 821b8da0 li r10,0x0 (GhidraScript)  
INFO  DumpRange.java> 821b8da4 or r11,r9,r9 (GhidraScript)  
INFO  DumpRange.java> 821b8da8 lwz r7,0x0(r11) (GhidraScript)  
INFO  DumpRange.java> 821b8dac cmplwi cr6,r7,0x0 (GhidraScript)  
INFO  DumpRange.java> 821b8db0 beq cr6,0x821b8dcc (GhidraScript)  
INFO  DumpRange.java> 821b8db4 addi r11,r11,0x4 (GhidraScript)  
INFO  DumpRange.java> 821b8db8 addi r7,r9,0x40 (GhidraScript)  
INFO  DumpRange.java> 821b8dbc addi r10,r10,0x1 (GhidraScript)  
INFO  DumpRange.java> 821b8dc0 cmpw cr6,r11,r7 (GhidraScript)  
INFO  DumpRange.java> 821b8dc4 blt cr6,0x821b8da8 (GhidraScript)  
INFO  DumpRange.java> 821b8dc8 b 0x821b8dd4 (GhidraScript)  
INFO  DumpRange.java> 821b8dcc rlwinm r11,r10,0x2,0x0,0x1d (GhidraScript)  
INFO  DumpRange.java> 821b8dd0 stwx r8,r11,r9 (GhidraScript)  
INFO  DumpRange.java> 821b8dd4 lis r11,-0x7d96 (GhidraScript)  
INFO  DumpRange.java> 821b8dd8 li r10,0x1 (GhidraScript)  
INFO  DumpRange.java> 821b8ddc addi r11,r11,0x7b4 (GhidraScript)  
INFO  DumpRange.java> 821b8de0 stw r10,0xc(r31) (GhidraScript)  
INFO  DumpRange.java> 821b8de4 stb r10,0x19(r11) (GhidraScript)  
INFO  DumpRange.java> 821b8de8 li r10,0x420 (GhidraScript)  
INFO  DumpRange.java> 821b8dec stw r10,0x1c(r11) (GhidraScript)  
INFO  DumpRange.java> 821b8df0 addi r1,r1,0x60 (GhidraScript)  
INFO  DumpRange.java> 821b8df4 lwz r12,-0x8(r1) (GhidraScript)  
INFO  DumpRange.java> 821b8df8 mtspr LR,r12 (GhidraScript)  
INFO  DumpRange.java> 821b8dfc ld r31,-0x10(r1) (GhidraScript)  
INFO  DumpRange.java> 821b8e00 blr (GhidraScript)  
INFO  DumpRange.java> 821b8e04 <not-disassembled> (GhidraScript)  
INFO  DumpRange.java> 821b8e08 mfspr r12,LR (GhidraScript)  
INFO  DumpRange.java> 821b8e0c stw r12,-0x8(r1) (GhidraScript)  
INFO  DumpRange.java> 821b8e10 std r30,-0x18(r1) (GhidraScript)  
INFO  DumpRange.java> 821b8e14 std r31,-0x10(r1) (GhidraScript)  
INFO  DumpRange.java> 821b8e18 stwu r1,-0x70(r1) (GhidraScript)  
INFO  DumpRange.java> 821b8e1c or r30,r4,r4 (GhidraScript)  
INFO  DumpRange.java> 821b8e20 lis r31,-0x7d6c (GhidraScript)  
INFO  DumpRange.java> 821b8e24 cmpwi cr6,r30,0x1 (GhidraScript)  
INFO  DumpRange.java> 821b8e28 bne cr6,0x821b8e70 (GhidraScript)  
INFO  DumpRange.java> 821b8e2c lis r11,-0x7d96 (GhidraScript)  
INFO  DumpRange.java> 821b8e30 li r10,0x0 (GhidraScript)  
INFO  DumpRange.java> 821b8e34 addi r11,r11,0x7b4 (GhidraScript)  
INFO  DumpRange.java> 821b8e38 stb r10,0x19(r11) (GhidraScript)  
INFO  DumpRange.java> 821b8e3c stw r10,0x1c(r11) (GhidraScript)  
INFO  DumpRange.java> 821b8e40 lwz r11,-0x45f0(r31) (GhidraScript)  
INFO  DumpRange.java> 821b8e44 lis r10,-0x7d97 (GhidraScript)  
INFO  DumpRange.java> 821b8e48 rlwinm r9,r30,0x2,0x0,0x1d (GhidraScript)  
INFO  DumpRange.java> 821b8e4c addi r10,r10,0x1adc (GhidraScript)  
INFO  DumpRange.java> 821b8e50 lwzx r10,r9,r10 (GhidraScript)  
INFO  DumpRange.java> 821b8e54 stw r10,0x10(r11) (GhidraScript)  
INFO  DumpRange.java> 821b8e58 addi r1,r1,0x70 (GhidraScript)  
INFO  DumpRange.java> 821b8e5c lwz r12,-0x8(r1) (GhidraScript)  
INFO  DumpRange.java> 821b8e60 mtspr LR,r12 (GhidraScript)  
INFO  DumpRange.java> 821b8e64 ld r30,-0x18(r1) (GhidraScript)  
INFO  DumpRange.java> 821b8e68 ld r31,-0x10(r1) (GhidraScript)  
INFO  DumpRange.java> 821b8e6c blr (GhidraScript)  
INFO  DumpRange.java> 821b8e70 lis r8,-0x7d92 (GhidraScript)  
INFO  DumpRange.java> 821b8e74 lwz r11,-0x45f0(r31) (GhidraScript)  
INFO  DumpRange.java> 821b8e78 lwz r10,0x4eb4(r8) (GhidraScript)  
INFO  DumpRange.java> 821b8e7c lwz r9,0xa4(r10) (GhidraScript)  
INFO  DumpRange.java> 821b8e80 cmplwi cr6,r9,0x0 (GhidraScript)  
INFO  DumpRange.java> 821b8e84 beq cr6,0x821b8e94 (GhidraScript)  
INFO  DumpRange.java> 821b8e88 lwz r10,0x84(r11) (GhidraScript)  
INFO  DumpRange.java> 821b8e8c stw r10,0xc8(r9) (GhidraScript)  
INFO  DumpRange.java> 821b8e90 lwz r10,0x4eb4(r8) (GhidraScript)  
INFO  DumpRange.java> 821b8e94 lwz r3,0xe8(r10) (GhidraScript)  
INFO  DumpRange.java> 821b8e98 cmplwi cr6,r3,0x0 (GhidraScript)  
INFO  DumpRange.java> 821b8e9c beq cr6,0x821b8ed8 (GhidraScript)  
INFO  DumpRange.java> 821b8ea0 lwz r10,0x84(r11) (GhidraScript)  
INFO  DumpRange.java> 821b8ea4 li r11,0x1 (GhidraScript)  
INFO  DumpRange.java> 821b8ea8 li r9,0x2 (GhidraScript)  
INFO  DumpRange.java> 821b8eac stw r10,0x4(r3) (GhidraScript)  
INFO  DumpRange.java> 821b8eb0 stw r11,0x8(r3) (GhidraScript)  
INFO  DumpRange.java> 821b8eb4 stw r11,0xc(r3) (GhidraScript)  
INFO  DumpRange.java> 821b8eb8 stw r11,0x10(r3) (GhidraScript)  
INFO  DumpRange.java> 821b8ebc stw r11,0x14(r3) (GhidraScript)  
INFO  DumpRange.java> 821b8ec0 lwz r11,0x4(r3) (GhidraScript)  
INFO  DumpRange.java> 821b8ec4 addi r11,r11,0x2 (GhidraScript)  
INFO  DumpRange.java> 821b8ec8 rlwinm r11,r11,0x2,0x0,0x1d (GhidraScript)  
INFO  DumpRange.java> 821b8ecc stwx r9,r11,r3 (GhidraScript)  
INFO  DumpRange.java> 821b8ed0 bl 0x82169638 (GhidraScript)  
INFO  DumpRange.java> 821b8ed4 lwz r11,-0x45f0(r31) (GhidraScript)  
INFO  DumpRange.java> 821b8ed8 cmpwi cr6,r30,0x2 (GhidraScript)  
INFO  DumpRange.java> 821b8edc blt cr6,0x821b8e44 (GhidraScript)  
INFO  DumpRange.java> 821b8ee0 li r10,0x0 (GhidraScript)  
INFO  DumpRange.java> 821b8ee4 b 0x821b8e54 (GhidraScript)  
INFO  DumpRange.java> 821b8ee8 subi r3,r3,0x268 (GhidraScript)  
INFO  DumpRange.java> 821b8eec b 0x821c04a8 (GhidraScript)  
INFO  DumpRange.java> 821b8ef0 mfspr r12,LR (GhidraScript)  
INFO  DumpRange.java> 821b8ef4 stw r12,-0x8(r1) (GhidraScript)  
INFO  DumpRange.java> 821b8ef8 std r31,-0x10(r1) (GhidraScript)  
INFO  DumpRange.java> 821b8efc stwu r1,-0x60(r1) (GhidraScript)  
INFO  DumpRange.java> 821b8f00 or r31,r3,r3 (GhidraScript)  
INFO  DumpRange.java> 821b8f04 bl 0x82190738 (GhidraScript)  
INFO  DumpRange.java> 821b8f08 lis r11,-0x7dfa (GhidraScript)  
INFO  DumpRange.java> 821b8f0c lis r10,-0x7dfa (GhidraScript)  
INFO  DumpRange.java> 821b8f10 subi r11,r11,0x5e34 (GhidraScript)  
INFO  DumpRange.java> 821b8f14 lis r9,-0x7dfa (GhidraScript)  
INFO  DumpRange.java> 821b8f18 li r8,0x1 (GhidraScript)  
INFO  DumpRange.java> 821b8f1c addi r10,r10,0x5634 (GhidraScript)  
INFO  DumpRange.java> 821b8f20 addi r9,r9,0x5684 (GhidraScript)  
INFO  DumpRange.java> 821b8f24 stw r11,0x268(r31) (GhidraScript)  
INFO  DumpRange.java> 821b8f28 li r7,0x3 (GhidraScript)  
INFO  DumpRange.java> 821b8f2c li r11,0x0 (GhidraScript)  
INFO  DumpRange.java> 821b8f30 stb r8,0x4d(r31) (GhidraScript)  
INFO  DumpRange.java> 821b8f34 or r3,r31,r31 (GhidraScript)  
INFO  DumpRange.java> 821b8f38 stw r10,0x0(r31) (GhidraScript)  
INFO  DumpRange.java> 821b8f3c stw r9,0x268(r31) (GhidraScript)  
INFO  DumpRange.java> 821b8f40 stb r8,0x4e(r31) (GhidraScript)  
INFO  DumpRange.java> 821b8f44 stw r7,0x10(r31) (GhidraScript)  
INFO  DumpRange.java> 821b8f48 stw r11,0x270(r31) (GhidraScript)  
INFO  DumpRange.java> 821b8f4c addi r1,r1,0x60 (GhidraScript)  
INFO  DumpRange.java> 821b8f50 lwz r12,-0x8(r1) (GhidraScript)  
INFO  DumpRange.java> 821b8f54 mtspr LR,r12 (GhidraScript)  
INFO  DumpRange.java> 821b8f58 ld r31,-0x10(r1) (GhidraScript)  
INFO  DumpRange.java> 821b8f5c blr (GhidraScript)  
INFO  DumpRange.java> 821b8f60 mfspr r12,LR (GhidraScript)  
INFO  DumpRange.java> 821b8f64 stw r12,-0x8(r1) (GhidraScript)  
INFO  DumpRange.java> 821b8f68 stwu r1,-0x60(r1) (GhidraScript)  
INFO  DumpRange.java> 821b8f6c lis r11,0x3 (GhidraScript)  
INFO  DumpRange.java> 821b8f70 li r4,0x1e (GhidraScript)  
INFO  DumpRange.java> 821b8f74 ori r10,r11,0x702c (GhidraScript)  
INFO  DumpRange.java> 821b8f78 lis r11,-0x7d92 (GhidraScript)  
INFO  DumpRange.java> 821b8f7c lwz r11,0x4eb4(r11) (GhidraScript)  
INFO  DumpRange.java> 821b8f80 lwzx r3,r11,r10 (GhidraScript)  
INFO  DumpRange.java> 821b8f84 lwz r11,0x0(r3) (GhidraScript)  
INFO  DumpRange.java> 821b8f88 lwz r11,0x4(r11) (GhidraScript)  
INFO  DumpRange.java> 821b8f8c mtspr CTR,r11 (GhidraScript)  
INFO  DumpRange.java> 821b8f90 bctrl (GhidraScript)  
INFO  DumpRange.java> 821b8f94 lis r11,-0x7dc0 (GhidraScript)  
INFO  DumpRange.java> 821b8f98 li r4,0x1 (GhidraScript)  
INFO  DumpRange.java> 821b8f9c lwz r3,-0x64d8(r11) (GhidraScript)  
INFO  DumpRange.java> 821b8fa0 lwz r11,0x0(r3) (GhidraScript)  
INFO  DumpRange.java> 821b8fa4 lwz r11,0x1d4(r11) (GhidraScript)  
INFO  DumpRange.java> 821b8fa8 mtspr CTR,r11 (GhidraScript)  
INFO  DumpRange.java> 821b8fac bctrl (GhidraScript)  
INFO  DumpRange.java> 821b8fb0 addi r1,r1,0x60 (GhidraScript)  
INFO  DumpRange.java> 821b8fb4 lwz r12,-0x8(r1) (GhidraScript)  
INFO  DumpRange.java> 821b8fb8 mtspr LR,r12 (GhidraScript)  
INFO  DumpRange.java> 821b8fbc blr (GhidraScript)  
INFO  DumpRange.java> 821b8fc0 mfspr r12,LR (GhidraScript)  
INFO  DumpRange.java> 821b8fc4 stw r12,-0x8(r1) (GhidraScript)  
INFO  DumpRange.java> 821b8fc8 std r31,-0x10(r1) (GhidraScript)  
INFO  DumpRange.java> 821b8fcc stwu r1,-0x60(r1) (GhidraScript)  
INFO  DumpRange.java> 821b8fd0 or r31,r3,r3 (GhidraScript)  
INFO  DumpRange.java> 821b8fd4 li r4,0x0 (GhidraScript)  
INFO  DumpRange.java> 821b8fd8 lwz r11,0x0(r31) (GhidraScript)  
INFO  DumpRange.java> 821b8fdc lwz r11,0x48(r11) (GhidraScript)  
INFO  DumpRange.java> 821b8fe0 mtspr CTR,r11 (GhidraScript)  
INFO  DumpRange.java> 821b8fe4 bctrl (GhidraScript)  
INFO  DumpRange.java> 821b8fe8 lwz r11,0x0(r31) (GhidraScript)  
INFO  DumpRange.java> 821b8fec or r3,r31,r31 (GhidraScript)  
INFO  DumpRange.java> 821b8ff0 lwz r11,0x34(r11) (GhidraScript)  
INFO  DumpRange.java> 821b8ff4 mtspr CTR,r11 (GhidraScript)  
INFO  DumpRange.java> 821b8ff8 bctrl (GhidraScript)  
INFO  DumpRange.java> 821b8ffc lis r11,-0x7d99 (GhidraScript)  
INFO  DumpRange.java> 821b9000 li r6,0x0 (GhidraScript)  
INFO  DumpRange.java> 821b9004 li r5,0x0 (GhidraScript)  
INFO  DumpRange.java> 821b9008 li r4,0x2 (GhidraScript)  
INFO  DumpRange.java> 821b900c lwz r3,0x1308(r11) (GhidraScript)  
INFO  DumpRange.java> 821b9010 lwz r11,0x0(r3) (GhidraScript)  
INFO  DumpRange.java> 821b9014 lwz r11,0x14(r11) (GhidraScript)  
INFO  DumpRange.java> 821b9018 mtspr CTR,r11 (GhidraScript)  
INFO  DumpRange.java> 821b901c bctrl (GhidraScript)  
INFO  DumpRange.java> 821b9020 li r11,0x0 (GhidraScript)  
INFO  DumpRange.java> 821b9024 li r10,0x3 (GhidraScript)  
INFO  DumpRange.java> 821b9028 stw r3,0x270(r31) (GhidraScript)  
INFO  DumpRange.java> 821b902c stw r11,0xc(r31) (GhidraScript)  
INFO  DumpRange.java> 821b9030 stw r10,0x48(r31) (GhidraScript)  
INFO  DumpRange.java> 821b9034 addi r1,r1,0x60 (GhidraScript)  
INFO  DumpRange.java> 821b9038 lwz r12,-0x8(r1) (GhidraScript)  
INFO  DumpRange.java> 821b903c mtspr LR,r12 (GhidraScript)  
INFO  DumpRange.java> 821b9040 ld r31,-0x10(r1) (GhidraScript)  
INFO  DumpRange.java> 821b9044 blr (GhidraScript)  
INFO  DumpRange.java> 821b9048 mfspr r12,LR (GhidraScript)  
INFO  DumpRange.java> 821b904c stw r12,-0x8(r1) (GhidraScript)  
INFO  REPORT: Execute script: ReferencesTo.java '0x8269d260'  (HeadlessAnalyzer)  
INFO  SCRIPT: /fastdata/lavaulta/auto-re-agent/workspaces/ace-combat-6/scripts/ReferencesTo.java (HeadlessAnalyzer)  
INFO  REPORT: Execute script: ReferencesTo.java '0x8269d200'  (HeadlessAnalyzer)  
INFO  SCRIPT: /fastdata/lavaulta/auto-re-agent/workspaces/ace-combat-6/scripts/ReferencesTo.java (HeadlessAnalyzer)  
INFO  REPORT: Execute script: FindInstructionScalar.java '0x270'  (HeadlessAnalyzer)  
INFO  SCRIPT: /fastdata/lavaulta/auto-re-agent/workspaces/ace-combat-6/scripts/FindInstructionScalar.java (HeadlessAnalyzer)  
INFO  FindInstructionScalar.java> 82094a64 lwz r8,0x270(r11) (GhidraScript)  
INFO  FindInstructionScalar.java> 820ac268 addi r3,r1,0x270 (GhidraScript)  
INFO  FindInstructionScalar.java> 820ac270 addi r11,r1,0x270 (GhidraScript)  
INFO  FindInstructionScalar.java> 820ac28c addi r3,r1,0x270 (GhidraScript)  
INFO  FindInstructionScalar.java> 820b50a8 addi r11,r11,0x270 (GhidraScript)  
INFO  FindInstructionScalar.java> 820ce500 addi r4,r4,0x270 (GhidraScript)  
INFO  FindInstructionScalar.java> 820ce80c addi r4,r4,0x270 (GhidraScript)  
INFO  FindInstructionScalar.java> 820ce94c addi r4,r4,0x270 (GhidraScript)  
INFO  FindInstructionScalar.java> 820ceb6c addi r4,r4,0x270 (GhidraScript)  
INFO  FindInstructionScalar.java> 820ced68 addi r4,r4,0x270 (GhidraScript)  
INFO  FindInstructionScalar.java> 820cedf8 addi r4,r4,0x270 (GhidraScript)  
INFO  FindInstructionScalar.java> 820cf08c addi r4,r4,0x270 (GhidraScript)  
INFO  FindInstructionScalar.java> 820cf394 addi r4,r4,0x270 (GhidraScript)  
INFO  FindInstructionScalar.java> 820cf3fc addi r4,r4,0x270 (GhidraScript)  
INFO  FindInstructionScalar.java> 820cf534 addi r4,r4,0x270 (GhidraScript)  
INFO  FindInstructionScalar.java> 820cf824 addi r4,r4,0x270 (GhidraScript)  
INFO  FindInstructionScalar.java> 82106294 addi r1,r1,0x270 (GhidraScript)  
INFO  FindInstructionScalar.java> 82106448 addi r1,r1,0x270 (GhidraScript)  
INFO  FindInstructionScalar.java> 8210645c addi r1,r1,0x270 (GhidraScript)  
INFO  FindInstructionScalar.java> 82106d9c stw r11,0x270(r1) (GhidraScript)  
INFO  FindInstructionScalar.java> 821541b4 li r10,0x270 (GhidraScript)  
INFO  FindInstructionScalar.java> 82161b4c lfs f0,0x270(r30) (GhidraScript)  
INFO  FindInstructionScalar.java> 8217ccbc subi r4,r11,0x270 (GhidraScript)  
INFO  FindInstructionScalar.java> 82186b44 stfs f0,0x270(r31) (GhidraScript)  
INFO  FindInstructionScalar.java> 8218c760 lwz r10,0x270(r4) (GhidraScript)  
INFO  FindInstructionScalar.java> 8218f4a0 addi r3,r31,0x270 (GhidraScript)  
INFO  FindInstructionScalar.java> 8218fa48 addi r10,r30,0x270 (GhidraScript)  
INFO  FindInstructionScalar.java> 8218fa54 lwz r11,0x270(r30) (GhidraScript)  
INFO  FindInstructionScalar.java> 8218fa58 addi r28,r30,0x270 (GhidraScript)  
INFO  FindInstructionScalar.java> 8218fa6c lwz r11,0x270(r30) (GhidraScript)  
INFO  FindInstructionScalar.java> 8218fc38 addi r31,r30,0x270 (GhidraScript)  
INFO  FindInstructionScalar.java> 8218fc4c lwz r11,0x270(r30) (GhidraScript)  
INFO  FindInstructionScalar.java> 821902d4 lwz r11,0x270(r31) (GhidraScript)  
INFO  FindInstructionScalar.java> 821902d8 addi r30,r31,0x270 (GhidraScript)  
INFO  FindInstructionScalar.java> 82190410 addi r8,r31,0x270 (GhidraScript)  
INFO  FindInstructionScalar.java> 82190e94 lbz r11,0x270(r31) (GhidraScript)  
INFO  FindInstructionScalar.java> 82192eb0 addi r3,r31,0x270 (GhidraScript)  
INFO  FindInstructionScalar.java> 821932ac addi r30,r31,0x270 (GhidraScript)  
INFO  FindInstructionScalar.java> 821936e4 addi r3,r3,0x270 (GhidraScript)  
INFO  FindInstructionScalar.java> 82195efc stw r11,0x270(r31) (GhidraScript)  
INFO  FindInstructionScalar.java> 8219640c stw r11,0x270(r31) (GhidraScript)  
INFO  FindInstructionScalar.java> 82196a98 stw r11,0x270(r31) (GhidraScript)  
INFO  FindInstructionScalar.java> 82196e08 addi r3,r31,0x270 (GhidraScript)  
INFO  FindInstructionScalar.java> 82197070 addi r3,r31,0x270 (GhidraScript)  
INFO  FindInstructionScalar.java> 82197074 lwz r11,0x270(r31) (GhidraScript)  
INFO  FindInstructionScalar.java> 8219721c lwz r11,0x270(r29) (GhidraScript)  
INFO  FindInstructionScalar.java> 82197244 lwz r11,0x270(r29) (GhidraScript)  
INFO  FindInstructionScalar.java> 82199530 addi r11,r31,0x270 (GhidraScript)  
INFO  FindInstructionScalar.java> 8219bc1c stw r11,0x270(r31) (GhidraScript)  
INFO  FindInstructionScalar.java> 8219bc2c lwz r5,0x270(r31) (GhidraScript)  
INFO  FindInstructionScalar.java> 821a5468 addi r11,r1,0x270 (GhidraScript)  
INFO  FindInstructionScalar.java> 821a8118 addi r11,r31,0x270 (GhidraScript)  
INFO  FindInstructionScalar.java> 821a81d4 addi r30,r31,0x270 (GhidraScript)  
INFO  FindInstructionScalar.java> 821a846c addi r3,r26,0x270 (GhidraScript)  
INFO  FindInstructionScalar.java> 821a8654 addi r3,r31,0x270 (GhidraScript)  
INFO  FindInstructionScalar.java> 821a8d94 stw r11,0x270(r31) (GhidraScript)  
INFO  FindInstructionScalar.java> 821a95ec addi r30,r31,0x270 (GhidraScript)  
INFO  FindInstructionScalar.java> 821a97e0 addi r3,r26,0x270 (GhidraScript)  
INFO  FindInstructionScalar.java> 821a9984 addi r11,r31,0x270 (GhidraScript)  
INFO  FindInstructionScalar.java> 821aa34c stw r11,0x270(r31) (GhidraScript)  
INFO  FindInstructionScalar.java> 821aa584 stw r11,0x270(r31) (GhidraScript)  
INFO  FindInstructionScalar.java> 821aae38 stw r30,0x270(r31) (GhidraScript)  
INFO  FindInstructionScalar.java> 821ab668 stw r29,0x270(r31) (GhidraScript)  
INFO  FindInstructionScalar.java> 821ab6f8 stw r11,0x270(r31) (GhidraScript)  
INFO  FindInstructionScalar.java> 821ab728 stw r11,0x270(r31) (GhidraScript)  
INFO  FindInstructionScalar.java> 821ab820 stw r11,0x270(r31) (GhidraScript)  
INFO  FindInstructionScalar.java> 821ab978 stw r11,0x270(r31) (GhidraScript)  
INFO  FindInstructionScalar.java> 821aba10 stw r11,0x270(r31) (GhidraScript)  
INFO  FindInstructionScalar.java> 821abc70 stw r27,0x270(r31) (GhidraScript)  
INFO  FindInstructionScalar.java> 821abe98 stw r9,0x270(r31) (GhidraScript)  
INFO  FindInstructionScalar.java> 821abf54 stw r11,0x270(r31) (GhidraScript)  
INFO  FindInstructionScalar.java> 821abf80 stw r11,0x270(r31) (GhidraScript)  
INFO  FindInstructionScalar.java> 821ac06c stw r11,0x270(r31) (GhidraScript)  
INFO  FindInstructionScalar.java> 821ac1f0 stw r29,0x270(r31) (GhidraScript)  
INFO  FindInstructionScalar.java> 821ac448 lwz r10,0x270(r31) (GhidraScript)  
INFO  FindInstructionScalar.java> 821ac460 lwz r10,0x270(r31) (GhidraScript)  
INFO  FindInstructionScalar.java> 821ac47c lwz r10,0x270(r31) (GhidraScript)  
INFO  FindInstructionScalar.java> 821ac878 lwz r10,0x270(r11) (GhidraScript)  
INFO  FindInstructionScalar.java> 821ac97c lwz r31,0x270(r30) (GhidraScript)  
INFO  FindInstructionScalar.java> 821ac9bc lwz r11,0x270(r30) (GhidraScript)  
INFO  FindInstructionScalar.java> 821ac9f8 lwz r30,0x270(r31) (GhidraScript)  
INFO  FindInstructionScalar.java> 821aca18 lwz r11,0x270(r31) (GhidraScript)  
INFO  FindInstructionScalar.java> 821acb10 lwz r11,0x270(r31) (GhidraScript)  
INFO  FindInstructionScalar.java> 821acb80 lwz r11,0x270(r31) (GhidraScript)  
INFO  FindInstructionScalar.java> 821acb90 lwz r11,0x270(r31) (GhidraScript)  
INFO  FindInstructionScalar.java> 821acbdc lwz r11,0x270(r31) (GhidraScript)  
INFO  FindInstructionScalar.java> 821acc4c lwz r3,0x270(r31) (GhidraScript)  
INFO  FindInstructionScalar.java> 821adc50 lwz r8,0x270(r31) (GhidraScript)  
INFO  FindInstructionScalar.java> 821adc88 lwz r11,0x270(r31) (GhidraScript)  
INFO  FindInstructionScalar.java> 821adfc4 stw r10,0x270(r31) (GhidraScript)  
INFO  FindInstructionScalar.java> 821adfcc lwz r3,0x270(r31) (GhidraScript)  
INFO  FindInstructionScalar.java> 821adfe8 lwz r11,0x270(r31) (GhidraScript)  
INFO  FindInstructionScalar.java> 821adffc lwz r10,0x270(r31) (GhidraScript)  
INFO  FindInstructionScalar.java> 821ae014 lwz r11,0x270(r31) (GhidraScript)  
INFO  FindInstructionScalar.java> 821ae01c lwz r11,0x270(r31) (GhidraScript)  
INFO  FindInstructionScalar.java> 821ae024 lwz r11,0x270(r31) (GhidraScript)  
INFO  FindInstructionScalar.java> 821ae038 lwz r11,0x270(r31) (GhidraScript)  
INFO  FindInstructionScalar.java> 821ae054 lwz r11,0x270(r31) (GhidraScript)  
INFO  FindInstructionScalar.java> 821ae074 lwz r3,0x270(r31) (GhidraScript)  
INFO  FindInstructionScalar.java> 821ae07c lwz r11,0x270(r31) (GhidraScript)  
INFO  FindInstructionScalar.java> 821ae0b8 lwz r3,0x270(r31) (GhidraScript)  
INFO  FindInstructionScalar.java> 821ae2b0 lwz r3,0x270(r31) (GhidraScript)  
INFO  FindInstructionScalar.java> 821ae2c4 lwz r11,0x270(r31) (GhidraScript)  
INFO  FindInstructionScalar.java> 821ae50c lwz r11,0x270(r31) (GhidraScript)  
INFO  FindInstructionScalar.java> 821ae558 lwz r11,0x270(r31) (GhidraScript)  
INFO  FindInstructionScalar.java> 821ae560 lwz r11,0x270(r31) (GhidraScript)  
INFO  FindInstructionScalar.java> 821ae578 lwz r11,0x270(r31) (GhidraScript)  
INFO  FindInstructionScalar.java> 821ae5f0 lwz r11,0x270(r31) (GhidraScript)  
INFO  FindInstructionScalar.java> 821ae614 lwz r11,0x270(r31) (GhidraScript)  
INFO  FindInstructionScalar.java> 821ae73c lwz r3,0x270(r31) (GhidraScript)  
INFO  FindInstructionScalar.java> 821ae744 lwz r11,0x270(r31) (GhidraScript)  
INFO  FindInstructionScalar.java> 821ae780 lwz r3,0x270(r31) (GhidraScript)  
INFO  FindInstructionScalar.java> 821ae818 lwz r10,0x270(r31) (GhidraScript)  
INFO  FindInstructionScalar.java> 821ae8fc lwz r11,0x270(r31) (GhidraScript)  
INFO  FindInstructionScalar.java> 821ae91c lwz r11,0x270(r31) (GhidraScript)  
INFO  FindInstructionScalar.java> 821ae94c lwz r11,0x270(r31) (GhidraScript)  
INFO  FindInstructionScalar.java> 821ae958 lwz r11,0x270(r31) (GhidraScript)  
INFO  FindInstructionScalar.java> 821ae9cc lwz r11,0x270(r31) (GhidraScript)  
INFO  FindInstructionScalar.java> 821ae9d4 lwz r11,0x270(r31) (GhidraScript)  
INFO  FindInstructionScalar.java> 821ae9f0 lwz r11,0x270(r31) (GhidraScript)  
INFO  FindInstructionScalar.java> 821aea8c lwz r11,0x270(r31) (GhidraScript)  
INFO  FindInstructionScalar.java> 821aea9c lwz r11,0x270(r31) (GhidraScript)  
INFO  FindInstructionScalar.java> 821aeb38 lwz r11,0x270(r31) (GhidraScript)  
INFO  FindInstructionScalar.java> 821aebc8 lwz r10,0x270(r31) (GhidraScript)  
INFO  FindInstructionScalar.java> 821aed28 lwz r3,0x270(r31) (GhidraScript)  
INFO  FindInstructionScalar.java> 821aed34 lwz r11,0x270(r31) (GhidraScript)  
INFO  FindInstructionScalar.java> 821aef34 lwz r10,0x270(r31) (GhidraScript)  
INFO  FindInstructionScalar.java> 821aef90 lwz r11,0x270(r31) (GhidraScript)  
INFO  FindInstructionScalar.java> 821aefc8 lwz r10,0x270(r31) (GhidraScript)  
INFO  FindInstructionScalar.java> 821af00c lwz r11,0x270(r31) (GhidraScript)  
INFO  FindInstructionScalar.java> 821af020 lwz r11,0x270(r31) (GhidraScript)  
INFO  FindInstructionScalar.java> 821af028 lwz r11,0x270(r31) (GhidraScript)  
INFO  FindInstructionScalar.java> 821af040 lwz r3,0x270(r31) (GhidraScript)  
INFO  FindInstructionScalar.java> 821af048 lwz r11,0x270(r31) (GhidraScript)  
INFO  FindInstructionScalar.java> 821af054 lwz r3,0x270(r31) (GhidraScript)  
INFO  FindInstructionScalar.java> 821af080 lwz r11,0x270(r31) (GhidraScript)  
INFO  FindInstructionScalar.java> 821af0cc lwz r11,0x270(r31) (GhidraScript)  
INFO  FindInstructionScalar.java> 821af0e0 lwz r30,0x270(r31) (GhidraScript)  
INFO  FindInstructionScalar.java> 821af150 lwz r10,0x270(r31) (GhidraScript)  
INFO  FindInstructionScalar.java> 821af1b4 lwz r11,0x270(r31) (GhidraScript)  
INFO  FindInstructionScalar.java> 821af1d0 lwz r11,0x270(r31) (GhidraScript)  
INFO  FindInstructionScalar.java> 821af228 lwz r11,0x270(r31) (GhidraScript)  
INFO  FindInstructionScalar.java> 821af3b4 lwz r11,0x270(r31) (GhidraScript)  
INFO  FindInstructionScalar.java> 821af574 lwz r11,0x270(r31) (GhidraScript)  
INFO  FindInstructionScalar.java> 821af5bc lwz r11,0x270(r31) (GhidraScript)  
INFO  FindInstructionScalar.java> 821af5f8 lwz r11,0x270(r31) (GhidraScript)  
INFO  FindInstructionScalar.java> 821af654 lwz r11,0x270(r31) (GhidraScript)  
INFO  FindInstructionScalar.java> 821af670 lwz r11,0x270(r31) (GhidraScript)  
INFO  FindInstructionScalar.java> 821af69c lwz r11,0x270(r31) (GhidraScript)  
INFO  FindInstructionScalar.java> 821af6a4 lwz r11,0x270(r31) (GhidraScript)  
INFO  FindInstructionScalar.java> 821af6ac lwz r11,0x270(r31) (GhidraScript)  
INFO  FindInstructionScalar.java> 821af6f4 lwz r11,0x270(r31) (GhidraScript)  
INFO  FindInstructionScalar.java> 821af6fc lwz r11,0x270(r31) (GhidraScript)  
INFO  FindInstructionScalar.java> 821af704 lwz r11,0x270(r31) (GhidraScript)  
INFO  FindInstructionScalar.java> 821af724 lwz r11,0x270(r31) (GhidraScript)  
INFO  FindInstructionScalar.java> 821af768 lwz r11,0x270(r9) (GhidraScript)  
INFO  FindInstructionScalar.java> 821af78c lwz r11,0x270(r9) (GhidraScript)  
INFO  FindInstructionScalar.java> 821af7bc lwz r11,0x270(r9) (GhidraScript)  
INFO  FindInstructionScalar.java> 821afcb0 lwz r3,0x270(r31) (GhidraScript)  
INFO  FindInstructionScalar.java> 821afcf8 lwz r3,0x270(r31) (GhidraScript)  
INFO  FindInstructionScalar.java> 821afd00 lwz r29,0x270(r31) (GhidraScript)  
INFO  FindInstructionScalar.java> 821afd38 lwz r11,0x270(r31) (GhidraScript)  
INFO  FindInstructionScalar.java> 821afd4c lwz r11,0x270(r31) (GhidraScript)  
INFO  FindInstructionScalar.java> 821afd54 lwz r3,0x270(r31) (GhidraScript)  
INFO  FindInstructionScalar.java> 821aff9c lwz r3,0x270(r31) (GhidraScript)  
INFO  FindInstructionScalar.java> 821affe0 lwz r11,0x270(r31) (GhidraScript)  
INFO  FindInstructionScalar.java> 821affe8 lwz r10,0x270(r31) (GhidraScript)  
INFO  FindInstructionScalar.java> 821b005c lwz r11,0x270(r31) (GhidraScript)  
INFO  FindInstructionScalar.java> 821b0074 lwz r10,0x270(r31) (GhidraScript)  
INFO  FindInstructionScalar.java> 821b0090 lwz r10,0x270(r31) (GhidraScript)  
INFO  FindInstructionScalar.java> 821b00ac lwz r10,0x270(r31) (GhidraScript)  
INFO  FindInstructionScalar.java> 821b00c8 lwz r10,0x270(r31) (GhidraScript)  
INFO  FindInstructionScalar.java> 821b00f0 lwz r3,0x270(r31) (GhidraScript)  
INFO  FindInstructionScalar.java> 821b0164 lwz r3,0x270(r31) (GhidraScript)  
INFO  FindInstructionScalar.java> 821b020c lwz r11,0x270(r31) (GhidraScript)  
INFO  FindInstructionScalar.java> 821b03dc lwz r3,0x270(r31) (GhidraScript)  
INFO  FindInstructionScalar.java> 821b03e4 lwz r30,0x270(r31) (GhidraScript)  
INFO  FindInstructionScalar.java> 821b04d0 lwz r11,0x270(r31) (GhidraScript)  
INFO  FindInstructionScalar.java> 821b04e0 lwz r3,0x270(r31) (GhidraScript)  
INFO  FindInstructionScalar.java> 821b04f8 lwz r3,0x270(r31) (GhidraScript)  
INFO  FindInstructionScalar.java> 821b0738 lwz r9,0x270(r31) (GhidraScript)  
INFO  FindInstructionScalar.java> 821b0748 lwz r3,0x270(r31) (GhidraScript)  
INFO  FindInstructionScalar.java> 821b087c lwz r11,0x270(r31) (GhidraScript)  
INFO  FindInstructionScalar.java> 821b08fc lwz r9,0x270(r31) (GhidraScript)  
INFO  FindInstructionScalar.java> 821b0924 lwz r29,0x270(r31) (GhidraScript)  
INFO  FindInstructionScalar.java> 821b0968 lwz r10,0x270(r31) (GhidraScript)  
INFO  FindInstructionScalar.java> 821b0aa8 lwz r3,0x270(r31) (GhidraScript)  
INFO  FindInstructionScalar.java> 821b0af4 lwz r11,0x270(r31) (GhidraScript)  
INFO  FindInstructionScalar.java> 821b0afc lwz r11,0x270(r31) (GhidraScript)  
INFO  FindInstructionScalar.java> 821b0b04 lwz r29,0x270(r31) (GhidraScript)  
INFO  FindInstructionScalar.java> 821b0bf8 lwz r3,0x270(r31) (GhidraScript)  
INFO  FindInstructionScalar.java> 821b0c04 lwz r11,0x270(r31) (GhidraScript)  
INFO  FindInstructionScalar.java> 821b0c44 lwz r31,0x270(r31) (GhidraScript)  
INFO  FindInstructionScalar.java> 821b0cc0 lwz r11,0x270(r31) (GhidraScript)  
INFO  FindInstructionScalar.java> 821b0cd4 lwz r11,0x270(r31) (GhidraScript)  
INFO  FindInstructionScalar.java> 821b0ce0 lwz r3,0x270(r31) (GhidraScript)  
INFO  FindInstructionScalar.java> 821b0ce8 lwz r11,0x270(r31) (GhidraScript)  
INFO  FindInstructionScalar.java> 821b0d0c lwz r3,0x270(r31) (GhidraScript)  
INFO  FindInstructionScalar.java> 821b0d18 lwz r3,0x270(r31) (GhidraScript)  
INFO  FindInstructionScalar.java> 821b0d28 lwz r11,0x270(r31) (GhidraScript)  
INFO  FindInstructionScalar.java> 821b0d4c lwz r11,0x270(r31) (GhidraScript)  
INFO  FindInstructionScalar.java> 821b0d54 lwz r11,0x270(r31) (GhidraScript)  
INFO  FindInstructionScalar.java> 821b0db4 lwz r11,0x270(r31) (GhidraScript)  
INFO  FindInstructionScalar.java> 821b0dd4 lwz r29,0x270(r31) (GhidraScript)  
INFO  FindInstructionScalar.java> 821b0e24 lwz r11,0x270(r31) (GhidraScript)  
INFO  FindInstructionScalar.java> 821b0e78 lwz r11,0x270(r31) (GhidraScript)  
INFO  FindInstructionScalar.java> 821b0e84 lwz r3,0x270(r31) (GhidraScript)  
INFO  FindInstructionScalar.java> 821b0e8c lwz r11,0x270(r31) (GhidraScript)  
INFO  FindInstructionScalar.java> 821b0f70 lwz r11,0x270(r31) (GhidraScript)  
INFO  FindInstructionScalar.java> 821b0f98 lwz r3,0x270(r31) (GhidraScript)  
INFO  FindInstructionScalar.java> 821b13f0 stw r10,0x270(r31) (GhidraScript)  
INFO  FindInstructionScalar.java> 821b21d8 stw r11,0x270(r31) (GhidraScript)  
INFO  FindInstructionScalar.java> 821b3154 lwz r3,0x270(r30) (GhidraScript)  
INFO  FindInstructionScalar.java> 821b48d4 stw r11,0x270(r31) (GhidraScript)  
INFO  FindInstructionScalar.java> 821b4bd0 stw r11,0x270(r31) (GhidraScript)  
INFO  FindInstructionScalar.java> 821b7dfc stw r11,0x270(r30) (GhidraScript)  
INFO  FindInstructionScalar.java> 821b8300 stw r11,0x270(r29) (GhidraScript)  
INFO  FindInstructionScalar.java> 821b8368 stw r3,0x270(r29) (GhidraScript)  
INFO  FindInstructionScalar.java> 821b8444 stw r11,0x270(r26) (GhidraScript)  
INFO  FindInstructionScalar.java> 821b8f48 stw r11,0x270(r31) (GhidraScript)  
INFO  FindInstructionScalar.java> 821b9028 stw r3,0x270(r31) (GhidraScript)  
INFO  FindInstructionScalar.java> 821b9084 lwz r4,0x270(r31) (GhidraScript)  
INFO  FindInstructionScalar.java> 821b90ac stw r11,0x270(r31) (GhidraScript)  
INFO  FindInstructionScalar.java> 821b9128 lwz r3,0x270(r31) (GhidraScript)  
INFO  FindInstructionScalar.java> 821b913c lwz r3,0x270(r31) (GhidraScript)  
INFO  FindInstructionScalar.java> 821b917c lwz r3,0x270(r31) (GhidraScript)  
INFO  FindInstructionScalar.java> 821b91a4 lwz r3,0x270(r31) (GhidraScript)  
INFO  FindInstructionScalar.java> 821b9304 lwz r3,0x270(r31) (GhidraScript)  
INFO  FindInstructionScalar.java> 821b935c lwz r3,0x270(r31) (GhidraScript)  
INFO  FindInstructionScalar.java> 821b9388 lwz r4,0x270(r31) (GhidraScript)  
INFO  FindInstructionScalar.java> 821b93a0 stw r30,0x270(r31) (GhidraScript)  
INFO  FindInstructionScalar.java> 821b93a4 lwz r11,0x270(r31) (GhidraScript)  
INFO  FindInstructionScalar.java> 821b9424 stw r8,0x270(r31) (GhidraScript)  
INFO  FindInstructionScalar.java> 821bbcbc stb r8,0x270(r31) (GhidraScript)  
INFO  FindInstructionScalar.java> 821bbd2c stb r7,0x270(r31) (GhidraScript)  
INFO  FindInstructionScalar.java> 821bc49c stw r8,0x270(r31) (GhidraScript)  
INFO  FindInstructionScalar.java> 821bc9ec stb r8,0x270(r31) (GhidraScript)  
INFO  FindInstructionScalar.java> 821bec80 li r4,0x270 (GhidraScript)  
INFO  FindInstructionScalar.java> 821beeb0 li r4,0x270 (GhidraScript)  
INFO  FindInstructionScalar.java> 821bef00 li r4,0x270 (GhidraScript)  
INFO  FindInstructionScalar.java> 821befa0 li r4,0x270 (GhidraScript)  
INFO  FindInstructionScalar.java> 821bf470 li r4,0x270 (GhidraScript)  
INFO  FindInstructionScalar.java> 821bf830 li r4,0x270 (GhidraScript)  
INFO  FindInstructionScalar.java> 821bf8d0 li r4,0x270 (GhidraScript)  
INFO  FindInstructionScalar.java> 821bf920 li r4,0x270 (GhidraScript)  
INFO  FindInstructionScalar.java> 821bffb0 li r4,0x270 (GhidraScript)  
INFO  FindInstructionScalar.java> 821c0050 li r4,0x270 (GhidraScript)  
INFO  FindInstructionScalar.java> 821c00a0 li r4,0x270 (GhidraScript)  
INFO  FindInstructionScalar.java> 821c0370 li r4,0x270 (GhidraScript)  
INFO  FindInstructionScalar.java> 821c0d74 stw r23,0x270(r31) (GhidraScript)  
INFO  FindInstructionScalar.java> 821c107c stw r22,0x270(r31) (GhidraScript)  
INFO  FindInstructionScalar.java> 821c1280 addi r3,r31,0x270 (GhidraScript)  
INFO  FindInstructionScalar.java> 821c1570 addi r11,r31,0x270 (GhidraScript)  
INFO  FindInstructionScalar.java> 821c157c stw r21,0x270(r31) (GhidraScript)  
INFO  FindInstructionScalar.java> 821c1720 mulli r10,r11,0x270 (GhidraScript)  
INFO  FindInstructionScalar.java> 821c1764 subi r31,r31,0x270 (GhidraScript)  
INFO  FindInstructionScalar.java> 821c1b74 stw r23,0x270(r31) (GhidraScript)  
INFO  FindInstructionScalar.java> 821c26e0 mulli r10,r11,0x270 (GhidraScript)  
INFO  FindInstructionScalar.java> 821c2724 subi r31,r31,0x270 (GhidraScript)  
INFO  FindInstructionScalar.java> 821ce9c4 stfs f28,0x270(r23) (GhidraScript)  
INFO  FindInstructionScalar.java> 821ceb70 lfs f30,0x270(r23) (GhidraScript)  
INFO  FindInstructionScalar.java> 821d61d0 addi r1,r1,0x270 (GhidraScript)  
INFO  FindInstructionScalar.java> 82212f6c addi r1,r1,0x270 (GhidraScript)  
INFO  FindInstructionScalar.java> 8223dbec stw r10,0x270(r1) (GhidraScript)  
INFO  FindInstructionScalar.java> 822438a8 addi r25,r1,0x270 (GhidraScript)  
INFO  FindInstructionScalar.java> 822438b4 std r11,0x270(r1) (GhidraScript)  
INFO  FindInstructionScalar.java> 822598a0 stfs f0,0x270(r11) (GhidraScript)  
INFO  FindInstructionScalar.java> 8227e490 addi r10,r1,0x270 (GhidraScript)  
INFO  FindInstructionScalar.java> 8227e494 lfs f27,0x270(r1) (GhidraScript)  
INFO  FindInstructionScalar.java> 82284ac8 lfs f13,0x270(r3) (GhidraScript)  
INFO  FindInstructionScalar.java> 822adecc stfs f0,0x270(r11) (GhidraScript)  
INFO  FindInstructionScalar.java> 822adee4 stfs f2,0x270(r11) (GhidraScript)  
INFO  FindInstructionScalar.java> 822b9934 addi r11,r1,0x270 (GhidraScript)  
INFO  FindInstructionScalar.java> 822d7e4c addi r7,r1,0x270 (GhidraScript)  
INFO  FindInstructionScalar.java> 822d7e50 stfs f31,0x270(r1) (GhidraScript)  
INFO  FindInstructionScalar.java> 822d7fa8 addi r11,r1,0x270 (GhidraScript)  
INFO  FindInstructionScalar.java> 822d7fb0 lfs f0,0x270(r1) (GhidraScript)  
INFO  FindInstructionScalar.java> 822ddfdc addi r1,r1,0x270 (GhidraScript)  
INFO  FindInstructionScalar.java> 822e0ae8 addi r29,r1,0x270 (GhidraScript)  
INFO  FindInstructionScalar.java> 822e8350 lwz r4,0x270(r31) (GhidraScript)  
INFO  FindInstructionScalar.java> 8234cfc8 li r3,0x270 (GhidraScript)  
INFO  FindInstructionScalar.java> 8234d028 lwz r4,0x270(r31) (GhidraScript)  
INFO  FindInstructionScalar.java> 8234d034 lwz r4,0x270(r31) (GhidraScript)  
INFO  FindInstructionScalar.java> 8234d158 stw r6,0x270(r31) (GhidraScript)  
INFO  FindInstructionScalar.java> 82377848 stw r11,0x270(r31) (GhidraScript)  
INFO  FindInstructionScalar.java> 82377a5c lwz r11,0x270(r31) (GhidraScript)  
INFO  FindInstructionScalar.java> 823dcfa0 stw r11,0x270(r31) (GhidraScript)  
INFO  FindInstructionScalar.java> 823dd0c0 lwz r8,0x270(r20) (GhidraScript)  
INFO  FindInstructionScalar.java> 823dd1ac addi r10,r20,0x270 (GhidraScript)  
INFO  FindInstructionScalar.java> 823dd748 lwz r7,0x270(r31) (GhidraScript)  
INFO  FindInstructionScalar.java> 823e1eec addi r5,r1,0x270 (GhidraScript)  
INFO  REPORT: Execute script: FindInstructionScalar.java '0x290'  (HeadlessAnalyzer)  
INFO  SCRIPT: /fastdata/lavaulta/auto-re-agent/workspaces/ace-combat-6/scripts/FindInstructionScalar.java (HeadlessAnalyzer)  
INFO  FindInstructionScalar.java> 820869e8 lwz r17,0x290(r22) (GhidraScript)  
INFO  FindInstructionScalar.java> 82093cc8 addi r1,r1,0x290 (GhidraScript)  
INFO  FindInstructionScalar.java> 82093cd8 addi r1,r1,0x290 (GhidraScript)  
INFO  FindInstructionScalar.java> 82094b64 lwz r8,0x290(r11) (GhidraScript)  
INFO  FindInstructionScalar.java> 8209cfc4 addi r5,r1,0x290 (GhidraScript)  
INFO  FindInstructionScalar.java> 820b15e4 addi r4,r30,0x290 (GhidraScript)  
INFO  FindInstructionScalar.java> 820b69fc lfs f11,0x290(r11) (GhidraScript)  
INFO  FindInstructionScalar.java> 82104948 lfs f12,0x290(r30) (GhidraScript)  
INFO  FindInstructionScalar.java> 82106f18 stw r11,0x290(r1) (GhidraScript)  
INFO  FindInstructionScalar.java> 82135670 lfs f0,0x290(r26) (GhidraScript)  
INFO  FindInstructionScalar.java> 8214ad70 lwz r10,0x290(r3) (GhidraScript)  
INFO  FindInstructionScalar.java> 821541c4 li r8,0x290 (GhidraScript)  
INFO  FindInstructionScalar.java> 8215deb8 stw r10,0x290(r11) (GhidraScript)  
INFO  FindInstructionScalar.java> 82186b54 stfs f0,0x290(r31) (GhidraScript)  
INFO  FindInstructionScalar.java> 8218c7a0 lwz r10,0x290(r4) (GhidraScript)  
INFO  FindInstructionScalar.java> 8218e054 stw r10,0x290(r31) (GhidraScript)  
INFO  FindInstructionScalar.java> 8218e20c lwz r11,0x290(r31) (GhidraScript)  
INFO  FindInstructionScalar.java> 8218f238 stw r3,0x290(r31) (GhidraScript)  
INFO  FindInstructionScalar.java> 8218f244 stw r11,0x290(r31) (GhidraScript)  
INFO  FindInstructionScalar.java> 82193bb0 stw r11,0x290(r31) (GhidraScript)  
INFO  FindInstructionScalar.java> 82195db0 lwz r11,0x290(r31) (GhidraScript)  
INFO  FindInstructionScalar.java> 821960f4 stw r11,0x290(r31) (GhidraScript)  
INFO  FindInstructionScalar.java> 82198f98 stw r28,0x290(r31) (GhidraScript)  
INFO  FindInstructionScalar.java> 821a5344 addi r5,r1,0x290 (GhidraScript)  
INFO  FindInstructionScalar.java> 821a9e44 lwz r11,0x290(r31) (GhidraScript)  
INFO  FindInstructionScalar.java> 821aa780 stw r11,0x290(r31) (GhidraScript)  
INFO  FindInstructionScalar.java> 821ae4a4 stw r22,0x290(r31) (GhidraScript)  
INFO  FindInstructionScalar.java> 821ae624 stw r22,0x290(r31) (GhidraScript)  
INFO  FindInstructionScalar.java> 821ae83c stw r22,0x290(r31) (GhidraScript)  
INFO  FindInstructionScalar.java> 821ae85c stw r22,0x290(r31) (GhidraScript)  
INFO  FindInstructionScalar.java> 821ae868 stw r22,0x290(r31) (GhidraScript)  
INFO  FindInstructionScalar.java> 821ae960 stw r22,0x290(r31) (GhidraScript)  
INFO  FindInstructionScalar.java> 821aed7c stw r22,0x290(r31) (GhidraScript)  
INFO  FindInstructionScalar.java> 821af52c lwz r11,0x290(r31) (GhidraScript)  
INFO  FindInstructionScalar.java> 821afcec stw r10,0x290(r31) (GhidraScript)  
INFO  FindInstructionScalar.java> 821afd88 stw r10,0x290(r31) (GhidraScript)  
INFO  FindInstructionScalar.java> 821afe4c stw r10,0x290(r31) (GhidraScript)  
INFO  FindInstructionScalar.java> 821b0048 stw r11,0x290(r31) (GhidraScript)  
INFO  FindInstructionScalar.java> 821b08e4 lwz r11,0x290(r31) (GhidraScript)  
INFO  FindInstructionScalar.java> 821b098c lwz r11,0x290(r31) (GhidraScript)  
INFO  FindInstructionScalar.java> 821b09a4 lwz r11,0x290(r31) (GhidraScript)  
INFO  FindInstructionScalar.java> 821bb810 addi r1,r1,0x290 (GhidraScript)  
INFO  FindInstructionScalar.java> 821bb910 addi r1,r1,0x290 (GhidraScript)  
INFO  FindInstructionScalar.java> 821bdae4 lfs f0,0x290(r30) (GhidraScript)  
INFO  FindInstructionScalar.java> 821bf510 li r4,0x290 (GhidraScript)  
INFO  FindInstructionScalar.java> 821bf5b0 li r4,0x290 (GhidraScript)  
INFO  FindInstructionScalar.java> 821bfa60 li r4,0x290 (GhidraScript)  
INFO  FindInstructionScalar.java> 821bfb50 li r4,0x290 (GhidraScript)  
INFO  FindInstructionScalar.java> 821bfbf0 li r4,0x290 (GhidraScript)  
INFO  FindInstructionScalar.java> 821bfc40 li r4,0x290 (GhidraScript)  
INFO  FindInstructionScalar.java> 821bfc90 li r4,0x290 (GhidraScript)  
INFO  FindInstructionScalar.java> 821bfce0 li r4,0x290 (GhidraScript)  
INFO  FindInstructionScalar.java> 821bfd30 li r4,0x290 (GhidraScript)  
INFO  FindInstructionScalar.java> 821bfd80 li r4,0x290 (GhidraScript)  
INFO  FindInstructionScalar.java> 821bfec0 li r4,0x290 (GhidraScript)  
INFO  FindInstructionScalar.java> 821bff10 li r4,0x290 (GhidraScript)  
INFO  FindInstructionScalar.java> 821c01e0 li r4,0x290 (GhidraScript)  
INFO  FindInstructionScalar.java> 821c2158 mulli r10,r11,0x290 (GhidraScript)  
INFO  FindInstructionScalar.java> 821c219c subi r31,r31,0x290 (GhidraScript)  
INFO  FindInstructionScalar.java> 821c2af8 mulli r10,r11,0x290 (GhidraScript)  
INFO  FindInstructionScalar.java> 821c2b3c subi r31,r31,0x290 (GhidraScript)  
INFO  FindInstructionScalar.java> 821d54b0 addi r1,r1,0x290 (GhidraScript)  
INFO  FindInstructionScalar.java> 821d55d0 addi r1,r1,0x290 (GhidraScript)  
INFO  FindInstructionScalar.java> 821d5acc addi r1,r1,0x290 (GhidraScript)  
INFO  FindInstructionScalar.java> 821d5cac addi r1,r1,0x290 (GhidraScript)  
INFO  FindInstructionScalar.java> 8220f5e8 addi r1,r1,0x290 (GhidraScript)  
INFO  FindInstructionScalar.java> 82219fdc lwz r4,0x290(r31) (GhidraScript)  
INFO  FindInstructionScalar.java> 8221a00c stw r11,0x290(r31) (GhidraScript)  
INFO  FindInstructionScalar.java> 8221a610 stw r3,0x290(r31) (GhidraScript)  
INFO  FindInstructionScalar.java> 8221a61c stw r11,0x290(r31) (GhidraScript)  
INFO  FindInstructionScalar.java> 8221b3c8 stw r9,0x290(r31) (GhidraScript)  
INFO  FindInstructionScalar.java> 8221dc24 lwz r11,0x290(r31) (GhidraScript)  
INFO  FindInstructionScalar.java> 8223dbfc stw r10,0x290(r1) (GhidraScript)  
INFO  FindInstructionScalar.java> 822432c0 addi r27,r1,0x290 (GhidraScript)  
INFO  FindInstructionScalar.java> 822432e4 std r10,0x290(r1) (GhidraScript)  
INFO  FindInstructionScalar.java> 8224a114 lfs f9,0x290(r10) (GhidraScript)  
INFO  FindInstructionScalar.java> 8224be44 lfs f11,0x290(r10) (GhidraScript)  
INFO  FindInstructionScalar.java> 822505f4 lfs f0,0x290(r11) (GhidraScript)  
INFO  FindInstructionScalar.java> 8226c180 stfs f0,0x290(r3) (GhidraScript)  
INFO  FindInstructionScalar.java> 8226c1e8 lfs f13,0x290(r3) (GhidraScript)  
INFO  FindInstructionScalar.java> 82271a50 lfs f13,0x290(r31) (GhidraScript)  
INFO  FindInstructionScalar.java> 82284af0 lfs f13,0x290(r3) (GhidraScript)  
INFO  FindInstructionScalar.java> 82297e20 lfs f8,0x290(r11) (GhidraScript)  
INFO  FindInstructionScalar.java> 822d7dd0 stw r25,0x290(r1) (GhidraScript)  
INFO  FindInstructionScalar.java> 822d8084 stw r11,0x290(r1) (GhidraScript)  
INFO  FindInstructionScalar.java> 822e070c addi r11,r1,0x290 (GhidraScript)  
INFO  FindInstructionScalar.java> 82317378 addi r30,r25,0x290 (GhidraScript)  
INFO  FindInstructionScalar.java> 823518a8 addi r1,r1,0x290 (GhidraScript)  
INFO  FindInstructionScalar.java> 823771b0 addi r10,r31,0x290 (GhidraScript)  
INFO  FindInstructionScalar.java> 8238b694 addi r3,r1,0x290 (GhidraScript)  
INFO  FindInstructionScalar.java> 8238b6b0 addi r3,r1,0x290 (GhidraScript)  
INFO  FindInstructionScalar.java> 823dcc80 lwz r10,0x290(r31) (GhidraScript)  
INFO  FindInstructionScalar.java> 823dcc94 stw r11,0x290(r31) (GhidraScript)  
INFO  FindInstructionScalar.java> 823dcd98 lwz r10,0x290(r31) (GhidraScript)  
INFO  FindInstructionScalar.java> 823dcdbc stw r11,0x290(r31) (GhidraScript)  
INFO  FindInstructionScalar.java> 823dd208 lwz r10,0x290(r31) (GhidraScript)  
INFO  FindInstructionScalar.java> 823dd220 stw r11,0x290(r31) (GhidraScript)  
INFO  FindInstructionScalar.java> 823e2308 addi r27,r1,0x290 (GhidraScript)  
INFO  FindInstructionScalar.java> 823e2330 addi r27,r1,0x290 (GhidraScript)  
INFO  FindInstructionScalar.java> 823e236c addi r8,r1,0x290 (GhidraScript)  
INFO  FindInstructionScalar.java> 823e34a8 addi r8,r1,0x290 (GhidraScript)  
INFO  FindInstructionScalar.java> 823e34dc lfd f9,0x290(r1) (GhidraScript)  
INFO  REPORT: Save succeeded for processed file: /default.xex (HeadlessAnalyzer)  
