INFO  Using log config file: jar:file:/fastdata/lavaulta/auto-re-agent/.tools/ghidra_12.1.2_PUBLIC/Ghidra/Framework/Generic/lib/Generic.jar!/generic.log4j.xml (LoggingInitialization)  
INFO  Using log file: /home/lavaulta/.config/ghidra/ghidra_12.1.2_PUBLIC/application.log (LoggingInitialization)  
INFO  Loading user preferences: /home/lavaulta/.config/ghidra/ghidra_12.1.2_PUBLIC/preferences (Preferences)  
INFO  Searching for classes... (ClassSearcher)  
INFO  Ignoring class 'xexloaderwv.XEXLoaderWVLoader' from '/fastdata/lavaulta/auto-re-agent/.tools/ghidra_12.1.2_PUBLIC/Ghidra/Extensions/XEXLoaderWV/lib/XEXLoaderWV.jar'. Already found at '/fastdata/lavaulta/auto-re-agent/.tools/ghidra_12.1.2_PUBLIC/Ghidra/patch/XEXLoaderWV-java21.jar'. (ClassSearcher)  
INFO  Class search complete (1561 ms) (ClassSearcher)  
INFO  Initializing SSL Context (DefaultSSLContextInitializer)  
INFO  Initializing Random Number Generator... (SecureRandomFactory)  
INFO  Random Number Generator initialization complete: NativePRNGNonBlocking (SecureRandomFactory)  
INFO  Trust manager disabled, cacerts have not been set (DefaultTrustManagerFactory)  
INFO  Headless startup complete (3219 ms) (AnalyzeHeadless)  
INFO  Class searcher loaded 59 extension points (20 false positives) (ClassSearcher)  
INFO  HEADLESS Script Paths:
    /fastdata/lavaulta/auto-re-agent/.tools/ghidra_12.1.2_PUBLIC/Ghidra/Features/MicrosoftCodeAnalyzer/ghidra_scripts
    /fastdata/lavaulta/auto-re-agent/.tools/ghidra_12.1.2_PUBLIC/Ghidra/Features/PDB/ghidra_scripts
    /fastdata/lavaulta/auto-re-agent/.tools/ghidra_12.1.2_PUBLIC/Ghidra/Processors/8051/ghidra_scripts
    /fastdata/lavaulta/auto-re-agent/.tools/ghidra_12.1.2_PUBLIC/Ghidra/Features/Base/ghidra_scripts
    /fastdata/lavaulta/auto-re-agent/workspaces/ace-combat-6/scripts
    /fastdata/lavaulta/auto-re-agent/.tools/ghidra_12.1.2_PUBLIC/Ghidra/Features/FileFormats/ghidra_scripts
    /fastdata/lavaulta/auto-re-agent/.tools/ghidra_12.1.2_PUBLIC/Ghidra/Features/GnuDemangler/ghidra_scripts
    /fastdata/lavaulta/auto-re-agent/.tools/ghidra_12.1.2_PUBLIC/Ghidra/Extensions/ghidra-emotionengine-reloaded/ghidra_scripts
    /fastdata/lavaulta/auto-re-agent/.tools/ghidra_12.1.2_PUBLIC/Ghidra/Features/Decompiler/ghidra_scripts
    /fastdata/lavaulta/auto-re-agent/.tools/ghidra_12.1.2_PUBLIC/Ghidra/Features/FunctionID/ghidra_scripts
    /fastdata/lavaulta/auto-re-agent/.tools/ghidra_12.1.2_PUBLIC/Ghidra/Features/DecompilerDependent/ghidra_scripts
    /fastdata/lavaulta/auto-re-agent/.tools/ghidra_12.1.2_PUBLIC/Ghidra/Processors/DATA/ghidra_scripts
    /fastdata/lavaulta/auto-re-agent/.tools/ghidra_12.1.2_PUBLIC/Ghidra/Debug/Debugger-rmi-trace/ghidra_scripts
    /fastdata/lavaulta/auto-re-agent/.tools/ghidra_12.1.2_PUBLIC/Ghidra/Features/SwiftDemangler/ghidra_scripts
    /fastdata/lavaulta/auto-re-agent/.tools/ghidra_12.1.2_PUBLIC/Ghidra/Debug/Debugger/ghidra_scripts
    /fastdata/lavaulta/auto-re-agent/.tools/ghidra_12.1.2_PUBLIC/Ghidra/Processors/PIC/ghidra_scripts
    /fastdata/lavaulta/auto-re-agent/.tools/ghidra_12.1.2_PUBLIC/Ghidra/Extensions/XEXLoaderWV/ghidra_scripts
    /fastdata/lavaulta/auto-re-agent/.tools/ghidra_12.1.2_PUBLIC/Ghidra/Features/WildcardAssembler/ghidra_scripts
    /fastdata/lavaulta/auto-re-agent/.tools/ghidra_12.1.2_PUBLIC/Ghidra/Features/PyGhidra/ghidra_scripts
    /fastdata/lavaulta/auto-re-agent/.tools/ghidra_12.1.2_PUBLIC/Ghidra/Features/BSim/ghidra_scripts
    /fastdata/lavaulta/auto-re-agent/.tools/ghidra_12.1.2_PUBLIC/Ghidra/Features/VersionTracking/ghidra_scripts
    /fastdata/lavaulta/auto-re-agent/.tools/ghidra_12.1.2_PUBLIC/Ghidra/Features/BytePatterns/ghidra_scripts
    /fastdata/lavaulta/auto-re-agent/.tools/ghidra_12.1.2_PUBLIC/Ghidra/Processors/Atmel/ghidra_scripts
    /fastdata/lavaulta/auto-re-agent/.tools/ghidra_12.1.2_PUBLIC/Ghidra/Features/SystemEmulation/ghidra_scripts
    /fastdata/lavaulta/auto-re-agent/.tools/ghidra_12.1.2_PUBLIC/Ghidra/Processors/JVM/ghidra_scripts (HeadlessAnalyzer)  
INFO  HEADLESS: execution starts (HeadlessAnalyzer)  
INFO  Opening existing project: /fastdata/lavaulta/auto-re-agent/workspaces/ace-combat-6/ghidra-projects/ace-combat-6-corrected (HeadlessAnalyzer)  
INFO  Opening project: /fastdata/lavaulta/auto-re-agent/workspaces/ace-combat-6/ghidra-projects/ace-combat-6-corrected (HeadlessProject)  
INFO  REPORT: Processing project file: /default.xex (HeadlessAnalyzer)  
INFO  REPORT: Execute script: DumpRange.java '0x820d99a0' '0x820d9b40'  (HeadlessAnalyzer)  
INFO  SCRIPT: /fastdata/lavaulta/auto-re-agent/workspaces/ace-combat-6/scripts/DumpRange.java (HeadlessAnalyzer)  
INFO  DumpRange.java> 820d99a0 ld r11,0x10(r31) (GhidraScript)  
INFO  DumpRange.java> 820d99a4 ori r11,r11,0x400 (GhidraScript)  
INFO  DumpRange.java> 820d99a8 std r11,0x10(r31) (GhidraScript)  
INFO  DumpRange.java> 820d99ac oris r11,r11,0x2 (GhidraScript)  
INFO  DumpRange.java> 820d99b0 std r11,0x10(r31) (GhidraScript)  
INFO  DumpRange.java> 820d99b4 addi r1,r1,0x70 (GhidraScript)  
INFO  DumpRange.java> 820d99b8 b 0x8238654c (GhidraScript)  
INFO  DumpRange.java> 820d99bc <not-disassembled> (GhidraScript)  
INFO  DumpRange.java> 820d99c0 mfspr r12,LR (GhidraScript)  
INFO  DumpRange.java> 820d99c4 stw r12,-0x8(r1) (GhidraScript)  
INFO  DumpRange.java> 820d99c8 std r30,-0x18(r1) (GhidraScript)  
INFO  DumpRange.java> 820d99cc std r31,-0x10(r1) (GhidraScript)  
INFO  DumpRange.java> 820d99d0 stwu r1,-0x70(r1) (GhidraScript)  
INFO  DumpRange.java> 820d99d4 or r30,r4,r4 (GhidraScript)  
INFO  DumpRange.java> 820d99d8 or r31,r3,r3 (GhidraScript)  
INFO  DumpRange.java> 820d99dc lwz r11,0x78(r30) (GhidraScript)  
INFO  DumpRange.java> 820d99e0 cmpwi cr6,r11,0x0 (GhidraScript)  
INFO  DumpRange.java> 820d99e4 ble cr6,0x820d9b24 (GhidraScript)  
INFO  DumpRange.java> 820d99e8 lis r10,0x10 (GhidraScript)  
INFO  DumpRange.java> 820d99ec cmpw cr6,r11,r10 (GhidraScript)  
INFO  DumpRange.java> 820d99f0 bge cr6,0x820d9b24 (GhidraScript)  
INFO  DumpRange.java> 820d99f4 lis r4,0xe00 (GhidraScript)  
INFO  DumpRange.java> 820d99f8 ori r4,r4,0x69 (GhidraScript)  
INFO  DumpRange.java> 820d99fc bl 0x82336cc0 (GhidraScript)  
INFO  DumpRange.java> 820d9a00 lis r11,-0x7d6f (GhidraScript)  
INFO  DumpRange.java> 820d9a04 li r5,0x0 (GhidraScript)  
INFO  DumpRange.java> 820d9a08 addi r11,r11,0x74e8 (GhidraScript)  
INFO  DumpRange.java> 820d9a0c li r4,0xd (GhidraScript)  
INFO  DumpRange.java> 820d9a10 or r3,r31,r31 (GhidraScript)  
INFO  DumpRange.java> 820d9a14 lwz r10,0x10(r11) (GhidraScript)  
INFO  DumpRange.java> 820d9a18 li r11,0x1 (GhidraScript)  
INFO  DumpRange.java> 820d9a1c rldicr r11,r11,0x33,0x3f (GhidraScript)  
INFO  DumpRange.java> 820d9a20 or r9,r11,r11 (GhidraScript)  
INFO  DumpRange.java> 820d9a24 stw r10,0x2e24(r31) (GhidraScript)  
INFO  DumpRange.java> 820d9a28 or r10,r11,r11 (GhidraScript)  
INFO  DumpRange.java> 820d9a2c ld r8,0x10(r31) (GhidraScript)  
INFO  DumpRange.java> 820d9a30 li r11,0x1 (GhidraScript)  
INFO  DumpRange.java> 820d9a34 oris r8,r8,0x8 (GhidraScript)  
INFO  DumpRange.java> 820d9a38 rldicr r11,r11,0x32,0x3f (GhidraScript)  
INFO  DumpRange.java> 820d9a3c std r8,0x10(r31) (GhidraScript)  
INFO  DumpRange.java> 820d9a40 lfs f0,0x0(r30) (GhidraScript)  
INFO  DumpRange.java> 820d9a44 stfs f0,0xaa0(r31) (GhidraScript)  
INFO  DumpRange.java> 820d9a48 lfs f0,0x4(r30) (GhidraScript)  
INFO  DumpRange.java> 820d9a4c stfs f0,0xaa4(r31) (GhidraScript)  
INFO  DumpRange.java> 820d9a50 lfs f0,0x8(r30) (GhidraScript)  
INFO  DumpRange.java> 820d9a54 stfs f0,0xaa8(r31) (GhidraScript)  
INFO  DumpRange.java> 820d9a58 lfs f0,0xc(r30) (GhidraScript)  
INFO  DumpRange.java> 820d9a5c stfs f0,0xaac(r31) (GhidraScript)  
INFO  DumpRange.java> 820d9a60 ld r8,0x0(r31) (GhidraScript)  
INFO  DumpRange.java> 820d9a64 or r9,r8,r9 (GhidraScript)  
INFO  DumpRange.java> 820d9a68 std r9,0x0(r31) (GhidraScript)  
INFO  DumpRange.java> 820d9a6c lfs f0,0x10(r30) (GhidraScript)  
INFO  DumpRange.java> 820d9a70 stfs f0,0xab0(r31) (GhidraScript)  
INFO  DumpRange.java> 820d9a74 lfs f0,0x14(r30) (GhidraScript)  
INFO  DumpRange.java> 820d9a78 stfs f0,0xab4(r31) (GhidraScript)  
INFO  DumpRange.java> 820d9a7c lfs f0,0x18(r30) (GhidraScript)  
INFO  DumpRange.java> 820d9a80 stfs f0,0xab8(r31) (GhidraScript)  
INFO  DumpRange.java> 820d9a84 lfs f0,0x1c(r30) (GhidraScript)  
INFO  DumpRange.java> 820d9a88 stfs f0,0xabc(r31) (GhidraScript)  
INFO  DumpRange.java> 820d9a8c ld r9,0x0(r31) (GhidraScript)  
INFO  DumpRange.java> 820d9a90 or r10,r9,r10 (GhidraScript)  
INFO  DumpRange.java> 820d9a94 std r10,0x0(r31) (GhidraScript)  
INFO  DumpRange.java> 820d9a98 lfs f0,0x20(r30) (GhidraScript)  
INFO  DumpRange.java> 820d9a9c stfs f0,0xac0(r31) (GhidraScript)  
INFO  DumpRange.java> 820d9aa0 lfs f0,0x24(r30) (GhidraScript)  
INFO  DumpRange.java> 820d9aa4 stfs f0,0xac4(r31) (GhidraScript)  
INFO  DumpRange.java> 820d9aa8 lfs f0,0x28(r30) (GhidraScript)  
INFO  DumpRange.java> 820d9aac stfs f0,0xac8(r31) (GhidraScript)  
INFO  DumpRange.java> 820d9ab0 lfs f0,0x2c(r30) (GhidraScript)  
INFO  DumpRange.java> 820d9ab4 stfs f0,0xacc(r31) (GhidraScript)  
INFO  DumpRange.java> 820d9ab8 ld r10,0x0(r31) (GhidraScript)  
INFO  DumpRange.java> 820d9abc or r10,r10,r11 (GhidraScript)  
INFO  DumpRange.java> 820d9ac0 std r10,0x0(r31) (GhidraScript)  
INFO  DumpRange.java> 820d9ac4 lfs f0,0x30(r30) (GhidraScript)  
INFO  DumpRange.java> 820d9ac8 stfs f0,0xad0(r31) (GhidraScript)  
INFO  DumpRange.java> 820d9acc lfs f0,0x34(r30) (GhidraScript)  
INFO  DumpRange.java> 820d9ad0 stfs f0,0xad4(r31) (GhidraScript)  
INFO  DumpRange.java> 820d9ad4 lfs f0,0x38(r30) (GhidraScript)  
INFO  DumpRange.java> 820d9ad8 stfs f0,0xad8(r31) (GhidraScript)  
INFO  DumpRange.java> 820d9adc lfs f0,0x3c(r30) (GhidraScript)  
INFO  DumpRange.java> 820d9ae0 stfs f0,0xadc(r31) (GhidraScript)  
INFO  DumpRange.java> 820d9ae4 ld r10,0x0(r31) (GhidraScript)  
INFO  DumpRange.java> 820d9ae8 or r10,r10,r11 (GhidraScript)  
INFO  DumpRange.java> 820d9aec std r10,0x0(r31) (GhidraScript)  
INFO  DumpRange.java> 820d9af0 lfs f0,0x40(r30) (GhidraScript)  
INFO  DumpRange.java> 820d9af4 stfs f0,0xae0(r31) (GhidraScript)  
INFO  DumpRange.java> 820d9af8 lfs f0,0x44(r30) (GhidraScript)  
INFO  DumpRange.java> 820d9afc stfs f0,0xae4(r31) (GhidraScript)  
INFO  DumpRange.java> 820d9b00 lfs f0,0x48(r30) (GhidraScript)  
INFO  DumpRange.java> 820d9b04 stfs f0,0xae8(r31) (GhidraScript)  
INFO  DumpRange.java> 820d9b08 lfs f0,0x4c(r30) (GhidraScript)  
INFO  DumpRange.java> 820d9b0c stfs f0,0xaec(r31) (GhidraScript)  
INFO  DumpRange.java> 820d9b10 ld r10,0x0(r31) (GhidraScript)  
INFO  DumpRange.java> 820d9b14 or r11,r10,r11 (GhidraScript)  
INFO  DumpRange.java> 820d9b18 std r11,0x0(r31) (GhidraScript)  
INFO  DumpRange.java> 820d9b1c lwz r6,0x78(r30) (GhidraScript)  
INFO  DumpRange.java> 820d9b20 bl 0x821e24d8 (GhidraScript)  
INFO  DumpRange.java> 820d9b24 addi r1,r1,0x70 (GhidraScript)  
INFO  DumpRange.java> 820d9b28 lwz r12,-0x8(r1) (GhidraScript)  
INFO  DumpRange.java> 820d9b2c mtspr LR,r12 (GhidraScript)  
INFO  DumpRange.java> 820d9b30 ld r30,-0x18(r1) (GhidraScript)  
INFO  DumpRange.java> 820d9b34 ld r31,-0x10(r1) (GhidraScript)  
INFO  DumpRange.java> 820d9b38 blr (GhidraScript)  
INFO  DumpRange.java> 820d9b3c <not-disassembled> (GhidraScript)  
INFO  REPORT: Execute script: DecompileAt.java '0x820d99c8'  (HeadlessAnalyzer)  
INFO  SCRIPT: /fastdata/lavaulta/auto-re-agent/workspaces/ace-combat-6/scripts/DecompileAt.java (HeadlessAnalyzer)  
ERROR DecompileAt.java> no function contains 820d99c8 (GhidraScript)  
INFO  REPORT: Execute script: ReferencesTo.java '0x820d99c8'  (HeadlessAnalyzer)  
INFO  SCRIPT: /fastdata/lavaulta/auto-re-agent/workspaces/ace-combat-6/scripts/ReferencesTo.java (HeadlessAnalyzer)  
INFO  REPORT: Execute script: FindU32Any.java '0x820d99c8'  (HeadlessAnalyzer)  
INFO  SCRIPT: /fastdata/lavaulta/auto-re-agent/workspaces/ace-combat-6/scripts/FindU32Any.java (HeadlessAnalyzer)  
INFO  REPORT: Execute script: ReferencesTo.java '0x820d9a28'  (HeadlessAnalyzer)  
INFO  SCRIPT: /fastdata/lavaulta/auto-re-agent/workspaces/ace-combat-6/scripts/ReferencesTo.java (HeadlessAnalyzer)  
INFO  REPORT: Execute script: FindU32Any.java '0x820d9a28'  (HeadlessAnalyzer)  
INFO  SCRIPT: /fastdata/lavaulta/auto-re-agent/workspaces/ace-combat-6/scripts/FindU32Any.java (HeadlessAnalyzer)  
INFO  FindU32Any.java> 8205a918 (GhidraScript)  
INFO  REPORT: Save succeeded for processed file: /default.xex (HeadlessAnalyzer)  
INFO  Using log config file: jar:file:/fastdata/lavaulta/auto-re-agent/.tools/ghidra_12.1.2_PUBLIC/Ghidra/Framework/Generic/lib/Generic.jar!/generic.log4j.xml (LoggingInitialization)  
INFO  Using log file: /home/lavaulta/.config/ghidra/ghidra_12.1.2_PUBLIC/application.log (LoggingInitialization)  
INFO  Loading user preferences: /home/lavaulta/.config/ghidra/ghidra_12.1.2_PUBLIC/preferences (Preferences)  
INFO  Searching for classes... (ClassSearcher)  
INFO  Ignoring class 'xexloaderwv.XEXLoaderWVLoader' from '/fastdata/lavaulta/auto-re-agent/.tools/ghidra_12.1.2_PUBLIC/Ghidra/Extensions/XEXLoaderWV/lib/XEXLoaderWV.jar'. Already found at '/fastdata/lavaulta/auto-re-agent/.tools/ghidra_12.1.2_PUBLIC/Ghidra/patch/XEXLoaderWV-java21.jar'. (ClassSearcher)  
INFO  Class search complete (1535 ms) (ClassSearcher)  
INFO  Initializing SSL Context (DefaultSSLContextInitializer)  
INFO  Initializing Random Number Generator... (SecureRandomFactory)  
INFO  Random Number Generator initialization complete: NativePRNGNonBlocking (SecureRandomFactory)  
INFO  Trust manager disabled, cacerts have not been set (DefaultTrustManagerFactory)  
INFO  Headless startup complete (3133 ms) (AnalyzeHeadless)  
INFO  Class searcher loaded 59 extension points (20 false positives) (ClassSearcher)  
INFO  HEADLESS Script Paths:
    /fastdata/lavaulta/auto-re-agent/.tools/ghidra_12.1.2_PUBLIC/Ghidra/Features/MicrosoftCodeAnalyzer/ghidra_scripts
    /fastdata/lavaulta/auto-re-agent/.tools/ghidra_12.1.2_PUBLIC/Ghidra/Features/PDB/ghidra_scripts
    /fastdata/lavaulta/auto-re-agent/.tools/ghidra_12.1.2_PUBLIC/Ghidra/Processors/8051/ghidra_scripts
    /fastdata/lavaulta/auto-re-agent/.tools/ghidra_12.1.2_PUBLIC/Ghidra/Features/Base/ghidra_scripts
    /fastdata/lavaulta/auto-re-agent/workspaces/ace-combat-6/scripts
    /fastdata/lavaulta/auto-re-agent/.tools/ghidra_12.1.2_PUBLIC/Ghidra/Features/FileFormats/ghidra_scripts
    /fastdata/lavaulta/auto-re-agent/.tools/ghidra_12.1.2_PUBLIC/Ghidra/Features/GnuDemangler/ghidra_scripts
    /fastdata/lavaulta/auto-re-agent/.tools/ghidra_12.1.2_PUBLIC/Ghidra/Extensions/ghidra-emotionengine-reloaded/ghidra_scripts
    /fastdata/lavaulta/auto-re-agent/.tools/ghidra_12.1.2_PUBLIC/Ghidra/Features/Decompiler/ghidra_scripts
    /fastdata/lavaulta/auto-re-agent/.tools/ghidra_12.1.2_PUBLIC/Ghidra/Features/FunctionID/ghidra_scripts
    /fastdata/lavaulta/auto-re-agent/.tools/ghidra_12.1.2_PUBLIC/Ghidra/Features/DecompilerDependent/ghidra_scripts
    /fastdata/lavaulta/auto-re-agent/.tools/ghidra_12.1.2_PUBLIC/Ghidra/Processors/DATA/ghidra_scripts
    /fastdata/lavaulta/auto-re-agent/.tools/ghidra_12.1.2_PUBLIC/Ghidra/Debug/Debugger-rmi-trace/ghidra_scripts
    /fastdata/lavaulta/auto-re-agent/.tools/ghidra_12.1.2_PUBLIC/Ghidra/Features/SwiftDemangler/ghidra_scripts
    /fastdata/lavaulta/auto-re-agent/.tools/ghidra_12.1.2_PUBLIC/Ghidra/Debug/Debugger/ghidra_scripts
    /fastdata/lavaulta/auto-re-agent/.tools/ghidra_12.1.2_PUBLIC/Ghidra/Processors/PIC/ghidra_scripts
    /fastdata/lavaulta/auto-re-agent/.tools/ghidra_12.1.2_PUBLIC/Ghidra/Extensions/XEXLoaderWV/ghidra_scripts
    /fastdata/lavaulta/auto-re-agent/.tools/ghidra_12.1.2_PUBLIC/Ghidra/Features/WildcardAssembler/ghidra_scripts
    /fastdata/lavaulta/auto-re-agent/.tools/ghidra_12.1.2_PUBLIC/Ghidra/Features/PyGhidra/ghidra_scripts
    /fastdata/lavaulta/auto-re-agent/.tools/ghidra_12.1.2_PUBLIC/Ghidra/Features/BSim/ghidra_scripts
    /fastdata/lavaulta/auto-re-agent/.tools/ghidra_12.1.2_PUBLIC/Ghidra/Features/VersionTracking/ghidra_scripts
    /fastdata/lavaulta/auto-re-agent/.tools/ghidra_12.1.2_PUBLIC/Ghidra/Features/BytePatterns/ghidra_scripts
    /fastdata/lavaulta/auto-re-agent/.tools/ghidra_12.1.2_PUBLIC/Ghidra/Processors/Atmel/ghidra_scripts
    /fastdata/lavaulta/auto-re-agent/.tools/ghidra_12.1.2_PUBLIC/Ghidra/Features/SystemEmulation/ghidra_scripts
    /fastdata/lavaulta/auto-re-agent/.tools/ghidra_12.1.2_PUBLIC/Ghidra/Processors/JVM/ghidra_scripts (HeadlessAnalyzer)  
INFO  HEADLESS: execution starts (HeadlessAnalyzer)  
INFO  Opening existing project: /fastdata/lavaulta/auto-re-agent/workspaces/ace-combat-6/ghidra-projects/ace-combat-6-corrected (HeadlessAnalyzer)  
INFO  Opening project: /fastdata/lavaulta/auto-re-agent/workspaces/ace-combat-6/ghidra-projects/ace-combat-6-corrected (HeadlessProject)  
INFO  REPORT: Processing project file: /default.xex (HeadlessAnalyzer)  
INFO  REPORT: Execute script: ReferencesTo.java '0x820d99c0'  (HeadlessAnalyzer)  
INFO  SCRIPT: /fastdata/lavaulta/auto-re-agent/workspaces/ace-combat-6/scripts/ReferencesTo.java (HeadlessAnalyzer)  
INFO  REPORT: Execute script: FindU32Any.java '0x820d99c0'  (HeadlessAnalyzer)  
INFO  SCRIPT: /fastdata/lavaulta/auto-re-agent/workspaces/ace-combat-6/scripts/FindU32Any.java (HeadlessAnalyzer)  
INFO  REPORT: Execute script: ListFunctionsRange.java '0x820d9900' '0x820d9b80'  (HeadlessAnalyzer)  
INFO  SCRIPT: /fastdata/lavaulta/auto-re-agent/workspaces/ace-combat-6/scripts/ListFunctionsRange.java (HeadlessAnalyzer)  
INFO  ListFunctionsRange.java> 820d9940 Function_820D9940 [[820d9940, 820d997f]] (GhidraScript)  
INFO  ListFunctionsRange.java> 820d9980 Function_820D9980 [[820d9980, 820d9997]] (GhidraScript)  
INFO  ListFunctionsRange.java> 820d99f8 Function_820D99F8 [[820d99f8, 820d99ff]] (GhidraScript)  
INFO  ListFunctionsRange.java> 820d9a30 Function_820D9A30 [[820d9a30, 820d9b0f]] (GhidraScript)  
INFO  ListFunctionsRange.java> 820d9b10 Function_820D9B10 [[820d9b10, 820d9b23]] (GhidraScript)  
INFO  REPORT: Execute script: ReferencesTo.java '0x821e24d8'  (HeadlessAnalyzer)  
INFO  SCRIPT: /fastdata/lavaulta/auto-re-agent/workspaces/ace-combat-6/scripts/ReferencesTo.java (HeadlessAnalyzer)  
INFO  ReferencesTo.java> 820b27ec UNCONDITIONAL_CALL (GhidraScript)  
INFO  ReferencesTo.java> 820b2f5c UNCONDITIONAL_CALL (GhidraScript)  
INFO  ReferencesTo.java> 820cfd6c UNCONDITIONAL_CALL (GhidraScript)  
INFO  ReferencesTo.java> 820d02bc UNCONDITIONAL_CALL (GhidraScript)  
INFO  ReferencesTo.java> 820d0620 UNCONDITIONAL_CALL (GhidraScript)  
INFO  ReferencesTo.java> 820d0d48 UNCONDITIONAL_CALL (GhidraScript)  
INFO  ReferencesTo.java> 820d1aa4 UNCONDITIONAL_CALL (GhidraScript)  
INFO  ReferencesTo.java> 820d1ec4 UNCONDITIONAL_CALL (GhidraScript)  
INFO  ReferencesTo.java> 820d2d30 UNCONDITIONAL_CALL (GhidraScript)  
INFO  ReferencesTo.java> 820d2d9c UNCONDITIONAL_CALL (GhidraScript)  
INFO  ReferencesTo.java> 820d35f4 UNCONDITIONAL_CALL (GhidraScript)  
INFO  ReferencesTo.java> 820d38b0 UNCONDITIONAL_CALL (GhidraScript)  
INFO  ReferencesTo.java> 820d3b68 UNCONDITIONAL_CALL (GhidraScript)  
INFO  ReferencesTo.java> 820d4108 UNCONDITIONAL_CALL (GhidraScript)  
INFO  ReferencesTo.java> 820d42b8 UNCONDITIONAL_CALL (GhidraScript)  
INFO  ReferencesTo.java> 820d46c0 UNCONDITIONAL_CALL (GhidraScript)  
INFO  ReferencesTo.java> 820d470c UNCONDITIONAL_CALL (GhidraScript)  
INFO  ReferencesTo.java> 820d48a8 UNCONDITIONAL_CALL (GhidraScript)  
INFO  ReferencesTo.java> 820d4ac0 UNCONDITIONAL_CALL (GhidraScript)  
INFO  ReferencesTo.java> 820d4d18 UNCONDITIONAL_CALL (GhidraScript)  
INFO  ReferencesTo.java> 820d5bdc UNCONDITIONAL_CALL (GhidraScript)  
INFO  ReferencesTo.java> 820d5d98 UNCONDITIONAL_CALL (GhidraScript)  
INFO  ReferencesTo.java> 820d61f0 UNCONDITIONAL_CALL (GhidraScript)  
INFO  ReferencesTo.java> 820d6598 UNCONDITIONAL_CALL (GhidraScript)  
INFO  ReferencesTo.java> 820d6c74 UNCONDITIONAL_CALL (GhidraScript)  
INFO  ReferencesTo.java> 820d6fdc UNCONDITIONAL_CALL (GhidraScript)  
INFO  ReferencesTo.java> 820d71bc UNCONDITIONAL_CALL (GhidraScript)  
INFO  ReferencesTo.java> 820d727c UNCONDITIONAL_CALL (GhidraScript)  
INFO  ReferencesTo.java> 820d7470 UNCONDITIONAL_CALL (GhidraScript)  
INFO  ReferencesTo.java> 820d7658 UNCONDITIONAL_CALL (GhidraScript)  
INFO  ReferencesTo.java> 820d7784 UNCONDITIONAL_CALL (GhidraScript)  
INFO  ReferencesTo.java> 820d7af8 UNCONDITIONAL_CALL (GhidraScript)  
INFO  ReferencesTo.java> 820d7dd4 UNCONDITIONAL_CALL (GhidraScript)  
INFO  ReferencesTo.java> 820d8060 UNCONDITIONAL_CALL (GhidraScript)  
INFO  ReferencesTo.java> 820d81f4 UNCONDITIONAL_CALL (GhidraScript)  
INFO  ReferencesTo.java> 820d82f0 UNCONDITIONAL_CALL (GhidraScript)  
INFO  ReferencesTo.java> 820d84ac UNCONDITIONAL_CALL (GhidraScript)  
INFO  ReferencesTo.java> 820d8654 UNCONDITIONAL_CALL (GhidraScript)  
INFO  ReferencesTo.java> 820d8828 UNCONDITIONAL_CALL (GhidraScript)  
INFO  ReferencesTo.java> 820d8e70 UNCONDITIONAL_CALL (GhidraScript)  
INFO  ReferencesTo.java> 820d904c UNCONDITIONAL_CALL (GhidraScript)  
INFO  ReferencesTo.java> 820d9290 UNCONDITIONAL_CALL (GhidraScript)  
INFO  ReferencesTo.java> 820d9410 UNCONDITIONAL_CALL (GhidraScript)  
INFO  ReferencesTo.java> 820d95b8 UNCONDITIONAL_CALL (GhidraScript)  
INFO  ReferencesTo.java> 820d97c0 UNCONDITIONAL_CALL (GhidraScript)  
INFO  ReferencesTo.java> 820d9994 UNCONDITIONAL_CALL (GhidraScript)  
INFO  ReferencesTo.java> 820d9b20 UNCONDITIONAL_CALL (GhidraScript)  
INFO  ReferencesTo.java> 820da4a4 UNCONDITIONAL_CALL (GhidraScript)  
INFO  ReferencesTo.java> 8211bf94 UNCONDITIONAL_CALL (GhidraScript)  
INFO  ReferencesTo.java> 821210a8 UNCONDITIONAL_CALL (GhidraScript)  
INFO  ReferencesTo.java> 82123fd4 UNCONDITIONAL_CALL (GhidraScript)  
INFO  ReferencesTo.java> 8214804c UNCONDITIONAL_CALL (GhidraScript)  
INFO  ReferencesTo.java> 8215b5f4 UNCONDITIONAL_CALL (GhidraScript)  
INFO  ReferencesTo.java> 82339494 UNCONDITIONAL_CALL (GhidraScript)  
INFO  ReferencesTo.java> 8234fdd8 UNCONDITIONAL_CALL (GhidraScript)  
INFO  ReferencesTo.java> 821175c0 UNCONDITIONAL_CALL (GhidraScript)  
INFO  ReferencesTo.java> 82115c9c UNCONDITIONAL_CALL (GhidraScript)  
INFO  ReferencesTo.java> 8212419c UNCONDITIONAL_CALL (GhidraScript)  
INFO  ReferencesTo.java> 820d78fc UNCONDITIONAL_CALL (GhidraScript)  
INFO  ReferencesTo.java> 82123908 UNCONDITIONAL_CALL (GhidraScript)  
INFO  ReferencesTo.java> 8214e4b8 UNCONDITIONAL_CALL (GhidraScript)  
INFO  REPORT: Execute script: DecompileAt.java '0x821e24d8'  (HeadlessAnalyzer)  
INFO  SCRIPT: /fastdata/lavaulta/auto-re-agent/workspaces/ace-combat-6/scripts/DecompileAt.java (HeadlessAnalyzer)  
INFO  DecompileAt.java> FUNCTION 821e24d8 FUN_821e24d8 (GhidraScript)  
INFO  DecompileAt.java> 
void FUN_821e24d8(void)

{
                    /* WARNING: Subroutine does not return */
  FUN_823864d0();
}

 (GhidraScript)  
INFO  REPORT: Save succeeded for processed file: /default.xex (HeadlessAnalyzer)  
INFO  Using log config file: jar:file:/fastdata/lavaulta/auto-re-agent/.tools/ghidra_12.1.2_PUBLIC/Ghidra/Framework/Generic/lib/Generic.jar!/generic.log4j.xml (LoggingInitialization)  
INFO  Using log file: /home/lavaulta/.config/ghidra/ghidra_12.1.2_PUBLIC/application.log (LoggingInitialization)  
INFO  Loading user preferences: /home/lavaulta/.config/ghidra/ghidra_12.1.2_PUBLIC/preferences (Preferences)  
INFO  Searching for classes... (ClassSearcher)  
INFO  Ignoring class 'xexloaderwv.XEXLoaderWVLoader' from '/fastdata/lavaulta/auto-re-agent/.tools/ghidra_12.1.2_PUBLIC/Ghidra/Extensions/XEXLoaderWV/lib/XEXLoaderWV.jar'. Already found at '/fastdata/lavaulta/auto-re-agent/.tools/ghidra_12.1.2_PUBLIC/Ghidra/patch/XEXLoaderWV-java21.jar'. (ClassSearcher)  
INFO  Class search complete (1590 ms) (ClassSearcher)  
INFO  Initializing SSL Context (DefaultSSLContextInitializer)  
INFO  Initializing Random Number Generator... (SecureRandomFactory)  
INFO  Random Number Generator initialization complete: NativePRNGNonBlocking (SecureRandomFactory)  
INFO  Trust manager disabled, cacerts have not been set (DefaultTrustManagerFactory)  
INFO  Headless startup complete (3103 ms) (AnalyzeHeadless)  
INFO  Class searcher loaded 59 extension points (20 false positives) (ClassSearcher)  
INFO  HEADLESS Script Paths:
    /fastdata/lavaulta/auto-re-agent/.tools/ghidra_12.1.2_PUBLIC/Ghidra/Features/MicrosoftCodeAnalyzer/ghidra_scripts
    /fastdata/lavaulta/auto-re-agent/.tools/ghidra_12.1.2_PUBLIC/Ghidra/Features/PDB/ghidra_scripts
    /fastdata/lavaulta/auto-re-agent/.tools/ghidra_12.1.2_PUBLIC/Ghidra/Processors/8051/ghidra_scripts
    /fastdata/lavaulta/auto-re-agent/.tools/ghidra_12.1.2_PUBLIC/Ghidra/Features/Base/ghidra_scripts
    /fastdata/lavaulta/auto-re-agent/workspaces/ace-combat-6/scripts
    /fastdata/lavaulta/auto-re-agent/.tools/ghidra_12.1.2_PUBLIC/Ghidra/Features/FileFormats/ghidra_scripts
    /fastdata/lavaulta/auto-re-agent/.tools/ghidra_12.1.2_PUBLIC/Ghidra/Features/GnuDemangler/ghidra_scripts
    /fastdata/lavaulta/auto-re-agent/.tools/ghidra_12.1.2_PUBLIC/Ghidra/Extensions/ghidra-emotionengine-reloaded/ghidra_scripts
    /fastdata/lavaulta/auto-re-agent/.tools/ghidra_12.1.2_PUBLIC/Ghidra/Features/Decompiler/ghidra_scripts
    /fastdata/lavaulta/auto-re-agent/.tools/ghidra_12.1.2_PUBLIC/Ghidra/Features/FunctionID/ghidra_scripts
    /fastdata/lavaulta/auto-re-agent/.tools/ghidra_12.1.2_PUBLIC/Ghidra/Features/DecompilerDependent/ghidra_scripts
    /fastdata/lavaulta/auto-re-agent/.tools/ghidra_12.1.2_PUBLIC/Ghidra/Processors/DATA/ghidra_scripts
    /fastdata/lavaulta/auto-re-agent/.tools/ghidra_12.1.2_PUBLIC/Ghidra/Debug/Debugger-rmi-trace/ghidra_scripts
    /fastdata/lavaulta/auto-re-agent/.tools/ghidra_12.1.2_PUBLIC/Ghidra/Features/SwiftDemangler/ghidra_scripts
    /fastdata/lavaulta/auto-re-agent/.tools/ghidra_12.1.2_PUBLIC/Ghidra/Debug/Debugger/ghidra_scripts
    /fastdata/lavaulta/auto-re-agent/.tools/ghidra_12.1.2_PUBLIC/Ghidra/Processors/PIC/ghidra_scripts
    /fastdata/lavaulta/auto-re-agent/.tools/ghidra_12.1.2_PUBLIC/Ghidra/Extensions/XEXLoaderWV/ghidra_scripts
    /fastdata/lavaulta/auto-re-agent/.tools/ghidra_12.1.2_PUBLIC/Ghidra/Features/WildcardAssembler/ghidra_scripts
    /fastdata/lavaulta/auto-re-agent/.tools/ghidra_12.1.2_PUBLIC/Ghidra/Features/PyGhidra/ghidra_scripts
    /fastdata/lavaulta/auto-re-agent/.tools/ghidra_12.1.2_PUBLIC/Ghidra/Features/BSim/ghidra_scripts
    /fastdata/lavaulta/auto-re-agent/.tools/ghidra_12.1.2_PUBLIC/Ghidra/Features/VersionTracking/ghidra_scripts
    /fastdata/lavaulta/auto-re-agent/.tools/ghidra_12.1.2_PUBLIC/Ghidra/Features/BytePatterns/ghidra_scripts
    /fastdata/lavaulta/auto-re-agent/.tools/ghidra_12.1.2_PUBLIC/Ghidra/Processors/Atmel/ghidra_scripts
    /fastdata/lavaulta/auto-re-agent/.tools/ghidra_12.1.2_PUBLIC/Ghidra/Features/SystemEmulation/ghidra_scripts
    /fastdata/lavaulta/auto-re-agent/.tools/ghidra_12.1.2_PUBLIC/Ghidra/Processors/JVM/ghidra_scripts (HeadlessAnalyzer)  
INFO  HEADLESS: execution starts (HeadlessAnalyzer)  
INFO  Opening existing project: /fastdata/lavaulta/auto-re-agent/workspaces/ace-combat-6/ghidra-projects/ace-combat-6-corrected (HeadlessAnalyzer)  
INFO  Opening project: /fastdata/lavaulta/auto-re-agent/workspaces/ace-combat-6/ghidra-projects/ace-combat-6-corrected (HeadlessProject)  
INFO  REPORT: Processing project file: /default.xex (HeadlessAnalyzer)  
INFO  REPORT: Execute script: DumpU32Range.java '0x820721f0' '0x82072208'  (HeadlessAnalyzer)  
INFO  SCRIPT: /fastdata/lavaulta/auto-re-agent/workspaces/ace-combat-6/scripts/DumpU32Range.java (HeadlessAnalyzer)  
INFO  DumpU32Range.java> 820721f0 0x00000000 (GhidraScript)  
INFO  DumpU32Range.java> 820721f4 0x00000000 (GhidraScript)  
INFO  DumpU32Range.java> 820721f8 0x00000000 (GhidraScript)  
INFO  DumpU32Range.java> 820721fc 0x826e7904 (GhidraScript)  
INFO  DumpU32Range.java> 82072200 0x82072204 (GhidraScript)  
INFO  DumpU32Range.java> 82072204 0x00000000 (GhidraScript)  
INFO  REPORT: Execute script: DumpU32Range.java '0x8205a8e8' '0x8205a920'  (HeadlessAnalyzer)  
INFO  SCRIPT: /fastdata/lavaulta/auto-re-agent/workspaces/ace-combat-6/scripts/DumpU32Range.java (HeadlessAnalyzer)  
INFO  DumpU32Range.java> 8205a8e8 0x820721f0 (GhidraScript)  
INFO  DumpU32Range.java> 8205a8ec 0x820d8b40 (GhidraScript)  
INFO  DumpU32Range.java> 8205a8f0 0x820d94b8 (GhidraScript)  
INFO  DumpU32Range.java> 8205a8f4 0x820d94f0 (GhidraScript)  
INFO  DumpU32Range.java> 8205a8f8 0x820d94f8 (GhidraScript)  
INFO  DumpU32Range.java> 8205a8fc 0x820d96d8 (GhidraScript)  
INFO  DumpU32Range.java> 8205a900 0x820d97c8 (GhidraScript)  
INFO  DumpU32Range.java> 8205a904 0x820d9870 (GhidraScript)  
INFO  DumpU32Range.java> 8205a908 0x820d98f8 (GhidraScript)  
INFO  DumpU32Range.java> 8205a90c 0x820d9940 (GhidraScript)  
INFO  DumpU32Range.java> 8205a910 0x820d9980 (GhidraScript)  
INFO  DumpU32Range.java> 8205a914 0x820d99f8 (GhidraScript)  
INFO  DumpU32Range.java> 8205a918 0x820d9a28 (GhidraScript)  
INFO  DumpU32Range.java> 8205a91c 0x00000000 (GhidraScript)  
INFO  REPORT: Execute script: ReferencesTo.java '0x8205a8ec'  (HeadlessAnalyzer)  
INFO  SCRIPT: /fastdata/lavaulta/auto-re-agent/workspaces/ace-combat-6/scripts/ReferencesTo.java (HeadlessAnalyzer)  
INFO  REPORT: Execute script: FindU32Any.java '0x8205a8ec'  (HeadlessAnalyzer)  
INFO  SCRIPT: /fastdata/lavaulta/auto-re-agent/workspaces/ace-combat-6/scripts/FindU32Any.java (HeadlessAnalyzer)  
INFO  REPORT: Execute script: DecompileAt.java '0x820d94b8'  (HeadlessAnalyzer)  
INFO  SCRIPT: /fastdata/lavaulta/auto-re-agent/workspaces/ace-combat-6/scripts/DecompileAt.java (HeadlessAnalyzer)  
INFO  DecompileAt.java> FUNCTION 820d94b8 Function_820D94B8 (GhidraScript)  
INFO  DecompileAt.java> 
void Function_820D94B8(undefined8 param_1,undefined8 param_2,undefined8 param_3)

{
  ulonglong in_r9;
  ulonglong in_r10;
  ulonglong in_r11;
  ulonglong uVar1;
  undefined4 *unaff_r30;
  ulonglong *unaff_r31;
  double in_f0;
  
  *(float *)((int)unaff_r31 + 0xaa4) = (float)in_f0;
  *(undefined4 *)(unaff_r31 + 0x155) = unaff_r30[6];
  *(undefined4 *)((int)unaff_r31 + 0xaac) = unaff_r30[7];
  *unaff_r31 = *unaff_r31 | in_r9;
  *(undefined4 *)(unaff_r31 + 0x156) = *unaff_r30;
  *(undefined4 *)((int)unaff_r31 + 0xab4) = unaff_r30[1];
  *(undefined4 *)(unaff_r31 + 0x157) = unaff_r30[2];
  *(undefined4 *)((int)unaff_r31 + 0xabc) = unaff_r30[3];
  *unaff_r31 = *unaff_r31 | in_r10;
  *(undefined4 *)(unaff_r31 + 0x158) = unaff_r30[8];
  *(undefined4 *)((int)unaff_r31 + 0xac4) = unaff_r30[9];
  *(undefined4 *)(unaff_r31 + 0x159) = unaff_r30[10];
  *(undefined4 *)((int)unaff_r31 + 0xacc) = unaff_r30[0xb];
  *unaff_r31 = *unaff_r31 | in_r11;
  *(undefined4 *)(unaff_r31 + 0x15a) = unaff_r30[0xc];
  *(undefined4 *)((int)unaff_r31 + 0xad4) = unaff_r30[0xd];
  *(undefined4 *)(unaff_r31 + 0x15b) = unaff_r30[0xe];
  *(undefined4 *)((int)unaff_r31 + 0xadc) = unaff_r30[0xf];
  *unaff_r31 = *unaff_r31 | in_r11;
  *(undefined4 *)(unaff_r31 + 0x15c) = unaff_r30[0x10];
  *(undefined4 *)((int)unaff_r31 + 0xae4) = unaff_r30[0x11];
  *(undefined4 *)(unaff_r31 + 0x15d) = unaff_r30[0x12];
  *(undefined4 *)((int)unaff_r31 + 0xaec) = unaff_r30[0x13];
  *unaff_r31 = *unaff_r31 | in_r11;
  *(undefined4 *)(unaff_r31 + 0x527) = DAT_826975c4;
  uVar1 = unaff_r31[2];
  unaff_r31[2] = uVar1 | 0x400;
  unaff_r31[2] = uVar1 | 0x20400;
                    /* WARNING: Subroutine does not return */
  FUN_821e24d8(unaff_r31,param_2,param_3,unaff_r30[0x1e] << 2);
}

 (GhidraScript)  
INFO  REPORT: Execute script: DecompileAt.java '0x820d8b40'  (HeadlessAnalyzer)  
INFO  SCRIPT: /fastdata/lavaulta/auto-re-agent/workspaces/ace-combat-6/scripts/DecompileAt.java (HeadlessAnalyzer)  
INFO  DecompileAt.java> FUNCTION 820d8b40 Function_820D8B40 (GhidraScript)  
INFO  DecompileAt.java> 
void Function_820D8B40(undefined8 param_1,undefined8 param_2,longlong param_3,longlong param_4,
                      undefined8 param_5,longlong param_6,longlong param_7,longlong param_8)

{
  float fVar1;
  int in_r11;
  undefined4 *unaff_r30;
  ulonglong *unaff_r31;
  longlong in_stack_00000050;
  longlong in_stack_00000058;
  longlong in_stack_00000060;
  longlong in_stack_00000068;
  longlong lStack00000070;
  longlong lStack00000078;
  longlong lStack00000080;
  longlong lStack00000088;
  longlong lStack00000090;
  
  fVar1 = DAT_82069bd8;
  lStack00000090 = (longlong)*(short *)(in_r11 + 0x1a2);
  lStack00000088 = (longlong)*(short *)(in_r11 + 0x1a4);
  lStack00000080 = (longlong)*(short *)(in_r11 + 0x1a6);
  *(float *)(unaff_r31 + 0x154) = (float)in_stack_00000050 * DAT_82069bd8;
  *(float *)((int)unaff_r31 + 0xaa4) = (float)in_stack_00000058 * fVar1;
  *(float *)(unaff_r31 + 0x155) = (float)in_stack_00000060 * fVar1;
  *(float *)((int)unaff_r31 + 0xaac) = (float)in_stack_00000068 * fVar1;
  *unaff_r31 = *unaff_r31 | 0x8000000000000;
  *(undefined4 *)(unaff_r31 + 0x156) = *unaff_r30;
  *(undefined4 *)((int)unaff_r31 + 0xab4) = unaff_r30[1];
  *(undefined4 *)(unaff_r31 + 0x157) = unaff_r30[2];
  *(undefined4 *)((int)unaff_r31 + 0xabc) = unaff_r30[3];
  *unaff_r31 = *unaff_r31 | 0x8000000000000;
  *(undefined4 *)(unaff_r31 + 0x158) = unaff_r30[4];
  *(undefined4 *)((int)unaff_r31 + 0xac4) = unaff_r30[5];
  *(undefined4 *)(unaff_r31 + 0x159) = unaff_r30[6];
  *(undefined4 *)((int)unaff_r31 + 0xacc) = unaff_r30[7];
  *unaff_r31 = *unaff_r31 | 0x4000000000000;
  *(float *)(unaff_r31 + 0x15a) = (float)param_4 * fVar1;
  *(float *)((int)unaff_r31 + 0xad4) = (float)param_3 * fVar1;
  *(float *)(unaff_r31 + 0x15b) = (float)param_8 * fVar1;
  *(float *)((int)unaff_r31 + 0xadc) = (float)param_7 * fVar1;
  *unaff_r31 = *unaff_r31 | 0x4000000000000;
  *(float *)(unaff_r31 + 0x15c) = (float)param_6 * fVar1;
  *(float *)((int)unaff_r31 + 0xae4) = (float)lStack00000090 * fVar1;
  *(float *)(unaff_r31 + 0x15d) = (float)lStack00000088 * fVar1;
  *(float *)((int)unaff_r31 + 0xaec) = (float)lStack00000080 * fVar1;
  *unaff_r31 = *unaff_r31 | 0x4000000000000;
  *(undefined4 *)(unaff_r31 + 0x15e) = unaff_r30[8];
  *(undefined4 *)((int)unaff_r31 + 0xaf4) = unaff_r30[9];
  *(undefined4 *)(unaff_r31 + 0x15f) = unaff_r30[10];
  *(undefined4 *)((int)unaff_r31 + 0xafc) = unaff_r30[0xb];
  *unaff_r31 = *unaff_r31 | 0x4000000000000;
  *(undefined4 *)(unaff_r31 + 0x160) = unaff_r30[0xc];
  *(undefined4 *)((int)unaff_r31 + 0xb04) = unaff_r30[0xd];
  *(undefined4 *)(unaff_r31 + 0x161) = unaff_r30[0xe];
  *(undefined4 *)((int)unaff_r31 + 0xb0c) = unaff_r30[0xf];
  *unaff_r31 = *unaff_r31 | 0x2000000000000;
  *(undefined4 *)(unaff_r31 + 0x162) = unaff_r30[0x10];
  *(undefined4 *)((int)unaff_r31 + 0xb14) = unaff_r30[0x11];
  *(undefined4 *)(unaff_r31 + 0x163) = unaff_r30[0x12];
  *(undefined4 *)((int)unaff_r31 + 0xb1c) = unaff_r30[0x13];
  *unaff_r31 = *unaff_r31 | 0x2000000000000;
  *(undefined4 *)(unaff_r31 + 0x354) = unaff_r30[0x14];
  *(undefined4 *)((int)unaff_r31 + 0x1aa4) = unaff_r30[0x15];
  *(undefined4 *)(unaff_r31 + 0x355) = unaff_r30[0x16];
  *(undefined4 *)((int)unaff_r31 + 0x1aac) = unaff_r30[0x17];
  unaff_r31[1] = unaff_r31[1] | 0x8000000000000;
  *(undefined4 *)(unaff_r31 + 0x356) = unaff_r30[0x18];
  *(undefined4 *)((int)unaff_r31 + 0x1ab4) = unaff_r30[0x19];
  *(undefined4 *)(unaff_r31 + 0x357) = unaff_r30[0x1a];
  *(undefined4 *)((int)unaff_r31 + 0x1abc) = unaff_r30[0x1b];
  unaff_r31[1] = unaff_r31[1] | 0x8000000000000;
  *(undefined4 *)(unaff_r31 + 0x358) = unaff_r30[0x1c];
  *(undefined4 *)((int)unaff_r31 + 0x1ac4) = unaff_r30[0x1d];
  *(undefined4 *)(unaff_r31 + 0x359) = unaff_r30[0x1e];
  *(undefined4 *)((int)unaff_r31 + 0x1acc) = unaff_r30[0x1f];
  unaff_r31[1] = unaff_r31[1] | 0x4000000000000;
  lStack00000070 = param_4;
  lStack00000078 = param_3;
                    /* WARNING: Subroutine does not return */
  FUN_82336cc0(unaff_r31,0xe000096);
}

 (GhidraScript)  
INFO  REPORT: Save succeeded for processed file: /default.xex (HeadlessAnalyzer)  
INFO  Using log config file: jar:file:/fastdata/lavaulta/auto-re-agent/.tools/ghidra_12.1.2_PUBLIC/Ghidra/Framework/Generic/lib/Generic.jar!/generic.log4j.xml (LoggingInitialization)  
INFO  Using log file: /home/lavaulta/.config/ghidra/ghidra_12.1.2_PUBLIC/application.log (LoggingInitialization)  
INFO  Loading user preferences: /home/lavaulta/.config/ghidra/ghidra_12.1.2_PUBLIC/preferences (Preferences)  
INFO  Searching for classes... (ClassSearcher)  
INFO  Ignoring class 'xexloaderwv.XEXLoaderWVLoader' from '/fastdata/lavaulta/auto-re-agent/.tools/ghidra_12.1.2_PUBLIC/Ghidra/Extensions/XEXLoaderWV/lib/XEXLoaderWV.jar'. Already found at '/fastdata/lavaulta/auto-re-agent/.tools/ghidra_12.1.2_PUBLIC/Ghidra/patch/XEXLoaderWV-java21.jar'. (ClassSearcher)  
INFO  Class search complete (1639 ms) (ClassSearcher)  
INFO  Initializing SSL Context (DefaultSSLContextInitializer)  
INFO  Initializing Random Number Generator... (SecureRandomFactory)  
INFO  Random Number Generator initialization complete: NativePRNGNonBlocking (SecureRandomFactory)  
INFO  Trust manager disabled, cacerts have not been set (DefaultTrustManagerFactory)  
INFO  Headless startup complete (3226 ms) (AnalyzeHeadless)  
INFO  Class searcher loaded 59 extension points (20 false positives) (ClassSearcher)  
INFO  HEADLESS Script Paths:
    /fastdata/lavaulta/auto-re-agent/.tools/ghidra_12.1.2_PUBLIC/Ghidra/Features/MicrosoftCodeAnalyzer/ghidra_scripts
    /fastdata/lavaulta/auto-re-agent/.tools/ghidra_12.1.2_PUBLIC/Ghidra/Features/PDB/ghidra_scripts
    /fastdata/lavaulta/auto-re-agent/.tools/ghidra_12.1.2_PUBLIC/Ghidra/Processors/8051/ghidra_scripts
    /fastdata/lavaulta/auto-re-agent/.tools/ghidra_12.1.2_PUBLIC/Ghidra/Features/Base/ghidra_scripts
    /fastdata/lavaulta/auto-re-agent/workspaces/ace-combat-6/scripts
    /fastdata/lavaulta/auto-re-agent/.tools/ghidra_12.1.2_PUBLIC/Ghidra/Features/FileFormats/ghidra_scripts
    /fastdata/lavaulta/auto-re-agent/.tools/ghidra_12.1.2_PUBLIC/Ghidra/Features/GnuDemangler/ghidra_scripts
    /fastdata/lavaulta/auto-re-agent/.tools/ghidra_12.1.2_PUBLIC/Ghidra/Extensions/ghidra-emotionengine-reloaded/ghidra_scripts
    /fastdata/lavaulta/auto-re-agent/.tools/ghidra_12.1.2_PUBLIC/Ghidra/Features/Decompiler/ghidra_scripts
    /fastdata/lavaulta/auto-re-agent/.tools/ghidra_12.1.2_PUBLIC/Ghidra/Features/FunctionID/ghidra_scripts
    /fastdata/lavaulta/auto-re-agent/.tools/ghidra_12.1.2_PUBLIC/Ghidra/Features/DecompilerDependent/ghidra_scripts
    /fastdata/lavaulta/auto-re-agent/.tools/ghidra_12.1.2_PUBLIC/Ghidra/Processors/DATA/ghidra_scripts
    /fastdata/lavaulta/auto-re-agent/.tools/ghidra_12.1.2_PUBLIC/Ghidra/Debug/Debugger-rmi-trace/ghidra_scripts
    /fastdata/lavaulta/auto-re-agent/.tools/ghidra_12.1.2_PUBLIC/Ghidra/Features/SwiftDemangler/ghidra_scripts
    /fastdata/lavaulta/auto-re-agent/.tools/ghidra_12.1.2_PUBLIC/Ghidra/Debug/Debugger/ghidra_scripts
    /fastdata/lavaulta/auto-re-agent/.tools/ghidra_12.1.2_PUBLIC/Ghidra/Processors/PIC/ghidra_scripts
    /fastdata/lavaulta/auto-re-agent/.tools/ghidra_12.1.2_PUBLIC/Ghidra/Extensions/XEXLoaderWV/ghidra_scripts
    /fastdata/lavaulta/auto-re-agent/.tools/ghidra_12.1.2_PUBLIC/Ghidra/Features/WildcardAssembler/ghidra_scripts
    /fastdata/lavaulta/auto-re-agent/.tools/ghidra_12.1.2_PUBLIC/Ghidra/Features/PyGhidra/ghidra_scripts
    /fastdata/lavaulta/auto-re-agent/.tools/ghidra_12.1.2_PUBLIC/Ghidra/Features/BSim/ghidra_scripts
    /fastdata/lavaulta/auto-re-agent/.tools/ghidra_12.1.2_PUBLIC/Ghidra/Features/VersionTracking/ghidra_scripts
    /fastdata/lavaulta/auto-re-agent/.tools/ghidra_12.1.2_PUBLIC/Ghidra/Features/BytePatterns/ghidra_scripts
    /fastdata/lavaulta/auto-re-agent/.tools/ghidra_12.1.2_PUBLIC/Ghidra/Processors/Atmel/ghidra_scripts
    /fastdata/lavaulta/auto-re-agent/.tools/ghidra_12.1.2_PUBLIC/Ghidra/Features/SystemEmulation/ghidra_scripts
    /fastdata/lavaulta/auto-re-agent/.tools/ghidra_12.1.2_PUBLIC/Ghidra/Processors/JVM/ghidra_scripts (HeadlessAnalyzer)  
INFO  HEADLESS: execution starts (HeadlessAnalyzer)  
INFO  Opening existing project: /fastdata/lavaulta/auto-re-agent/workspaces/ace-combat-6/ghidra-projects/ace-combat-6-corrected (HeadlessAnalyzer)  
INFO  Opening project: /fastdata/lavaulta/auto-re-agent/workspaces/ace-combat-6/ghidra-projects/ace-combat-6-corrected (HeadlessProject)  
INFO  REPORT: Processing project file: /default.xex (HeadlessAnalyzer)  
INFO  REPORT: Execute script: DumpRange.java '0x820d9480' '0x820d96f0'  (HeadlessAnalyzer)  
INFO  SCRIPT: /fastdata/lavaulta/auto-re-agent/workspaces/ace-combat-6/scripts/DumpRange.java (HeadlessAnalyzer)  
INFO  DumpRange.java> 820d9480 lwz r10,0x10(r11) (GhidraScript)  
INFO  DumpRange.java> 820d9484 li r11,0x1 (GhidraScript)  
INFO  DumpRange.java> 820d9488 rldicr r11,r11,0x33,0x3f (GhidraScript)  
INFO  DumpRange.java> 820d948c or r9,r11,r11 (GhidraScript)  
INFO  DumpRange.java> 820d9490 stw r10,0x2e24(r31) (GhidraScript)  
INFO  DumpRange.java> 820d9494 or r10,r11,r11 (GhidraScript)  
INFO  DumpRange.java> 820d9498 ld r8,0x10(r31) (GhidraScript)  
INFO  DumpRange.java> 820d949c li r11,0x1 (GhidraScript)  
INFO  DumpRange.java> 820d94a0 oris r8,r8,0x8 (GhidraScript)  
INFO  DumpRange.java> 820d94a4 rldicr r11,r11,0x32,0x3f (GhidraScript)  
INFO  DumpRange.java> 820d94a8 std r8,0x10(r31) (GhidraScript)  
INFO  DumpRange.java> 820d94ac lfs f0,0x10(r30) (GhidraScript)  
INFO  DumpRange.java> 820d94b0 stfs f0,0xaa0(r31) (GhidraScript)  
INFO  DumpRange.java> 820d94b4 lfs f0,0x14(r30) (GhidraScript)  
INFO  DumpRange.java> 820d94b8 stfs f0,0xaa4(r31) (GhidraScript)  
INFO  DumpRange.java> 820d94bc lfs f0,0x18(r30) (GhidraScript)  
INFO  DumpRange.java> 820d94c0 stfs f0,0xaa8(r31) (GhidraScript)  
INFO  DumpRange.java> 820d94c4 lfs f0,0x1c(r30) (GhidraScript)  
INFO  DumpRange.java> 820d94c8 stfs f0,0xaac(r31) (GhidraScript)  
INFO  DumpRange.java> 820d94cc ld r8,0x0(r31) (GhidraScript)  
INFO  DumpRange.java> 820d94d0 or r9,r8,r9 (GhidraScript)  
INFO  DumpRange.java> 820d94d4 std r9,0x0(r31) (GhidraScript)  
INFO  DumpRange.java> 820d94d8 lfs f0,0x0(r30) (GhidraScript)  
INFO  DumpRange.java> 820d94dc stfs f0,0xab0(r31) (GhidraScript)  
INFO  DumpRange.java> 820d94e0 lfs f0,0x4(r30) (GhidraScript)  
INFO  DumpRange.java> 820d94e4 stfs f0,0xab4(r31) (GhidraScript)  
INFO  DumpRange.java> 820d94e8 lfs f0,0x8(r30) (GhidraScript)  
INFO  DumpRange.java> 820d94ec stfs f0,0xab8(r31) (GhidraScript)  
INFO  DumpRange.java> 820d94f0 lfs f0,0xc(r30) (GhidraScript)  
INFO  DumpRange.java> 820d94f4 stfs f0,0xabc(r31) (GhidraScript)  
INFO  DumpRange.java> 820d94f8 ld r9,0x0(r31) (GhidraScript)  
INFO  DumpRange.java> 820d94fc or r10,r9,r10 (GhidraScript)  
INFO  DumpRange.java> 820d9500 std r10,0x0(r31) (GhidraScript)  
INFO  DumpRange.java> 820d9504 lfs f0,0x20(r30) (GhidraScript)  
INFO  DumpRange.java> 820d9508 stfs f0,0xac0(r31) (GhidraScript)  
INFO  DumpRange.java> 820d950c lfs f0,0x24(r30) (GhidraScript)  
INFO  DumpRange.java> 820d9510 stfs f0,0xac4(r31) (GhidraScript)  
INFO  DumpRange.java> 820d9514 lfs f0,0x28(r30) (GhidraScript)  
INFO  DumpRange.java> 820d9518 stfs f0,0xac8(r31) (GhidraScript)  
INFO  DumpRange.java> 820d951c lfs f0,0x2c(r30) (GhidraScript)  
INFO  DumpRange.java> 820d9520 stfs f0,0xacc(r31) (GhidraScript)  
INFO  DumpRange.java> 820d9524 ld r10,0x0(r31) (GhidraScript)  
INFO  DumpRange.java> 820d9528 or r10,r10,r11 (GhidraScript)  
INFO  DumpRange.java> 820d952c std r10,0x0(r31) (GhidraScript)  
INFO  DumpRange.java> 820d9530 lfs f0,0x30(r30) (GhidraScript)  
INFO  DumpRange.java> 820d9534 stfs f0,0xad0(r31) (GhidraScript)  
INFO  DumpRange.java> 820d9538 lfs f0,0x34(r30) (GhidraScript)  
INFO  DumpRange.java> 820d953c stfs f0,0xad4(r31) (GhidraScript)  
INFO  DumpRange.java> 820d9540 lfs f0,0x38(r30) (GhidraScript)  
INFO  DumpRange.java> 820d9544 stfs f0,0xad8(r31) (GhidraScript)  
INFO  DumpRange.java> 820d9548 lfs f0,0x3c(r30) (GhidraScript)  
INFO  DumpRange.java> 820d954c stfs f0,0xadc(r31) (GhidraScript)  
INFO  DumpRange.java> 820d9550 ld r10,0x0(r31) (GhidraScript)  
INFO  DumpRange.java> 820d9554 or r10,r10,r11 (GhidraScript)  
INFO  DumpRange.java> 820d9558 std r10,0x0(r31) (GhidraScript)  
INFO  DumpRange.java> 820d955c lfs f0,0x40(r30) (GhidraScript)  
INFO  DumpRange.java> 820d9560 stfs f0,0xae0(r31) (GhidraScript)  
INFO  DumpRange.java> 820d9564 lfs f0,0x44(r30) (GhidraScript)  
INFO  DumpRange.java> 820d9568 stfs f0,0xae4(r31) (GhidraScript)  
INFO  DumpRange.java> 820d956c lfs f0,0x48(r30) (GhidraScript)  
INFO  DumpRange.java> 820d9570 stfs f0,0xae8(r31) (GhidraScript)  
INFO  DumpRange.java> 820d9574 lfs f0,0x4c(r30) (GhidraScript)  
INFO  DumpRange.java> 820d9578 stfs f0,0xaec(r31) (GhidraScript)  
INFO  DumpRange.java> 820d957c ld r10,0x0(r31) (GhidraScript)  
INFO  DumpRange.java> 820d9580 or r11,r10,r11 (GhidraScript)  
INFO  DumpRange.java> 820d9584 std r11,0x0(r31) (GhidraScript)  
INFO  DumpRange.java> 820d9588 lis r11,-0x7d97 (GhidraScript)  
INFO  DumpRange.java> 820d958c addi r29,r11,0x6c80 (GhidraScript)  
INFO  DumpRange.java> 820d9590 lwz r11,0x944(r29) (GhidraScript)  
INFO  DumpRange.java> 820d9594 stw r11,0x2938(r31) (GhidraScript)  
INFO  DumpRange.java> 820d9598 ld r11,0x10(r31) (GhidraScript)  
INFO  DumpRange.java> 820d959c ori r11,r11,0x400 (GhidraScript)  
INFO  DumpRange.java> 820d95a0 std r11,0x10(r31) (GhidraScript)  
INFO  DumpRange.java> 820d95a4 oris r11,r11,0x2 (GhidraScript)  
INFO  DumpRange.java> 820d95a8 std r11,0x10(r31) (GhidraScript)  
INFO  DumpRange.java> 820d95ac or r3,r31,r31 (GhidraScript)  
INFO  DumpRange.java> 820d95b0 lwz r11,0x78(r30) (GhidraScript)  
INFO  DumpRange.java> 820d95b4 rlwinm r6,r11,0x2,0x0,0x1d (GhidraScript)  
INFO  DumpRange.java> 820d95b8 bl 0x821e24d8 (GhidraScript)  
INFO  DumpRange.java> 820d95bc lwz r11,0x948(r29) (GhidraScript)  
INFO  DumpRange.java> 820d95c0 stw r11,0x2938(r31) (GhidraScript)  
INFO  DumpRange.java> 820d95c4 ld r11,0x10(r31) (GhidraScript)  
INFO  DumpRange.java> 820d95c8 ori r11,r11,0x400 (GhidraScript)  
INFO  DumpRange.java> 820d95cc std r11,0x10(r31) (GhidraScript)  
INFO  DumpRange.java> 820d95d0 oris r11,r11,0x2 (GhidraScript)  
INFO  DumpRange.java> 820d95d4 std r11,0x10(r31) (GhidraScript)  
INFO  DumpRange.java> 820d95d8 addi r1,r1,0x70 (GhidraScript)  
INFO  DumpRange.java> 820d95dc b 0x8238654c (GhidraScript)  
INFO  DumpRange.java> 820d95e0 mfspr r12,LR (GhidraScript)  
INFO  DumpRange.java> 820d95e4 bl 0x823864fc (GhidraScript)  
INFO  DumpRange.java> 820d95e8 stwu r1,-0x70(r1) (GhidraScript)  
INFO  DumpRange.java> 820d95ec or r30,r4,r4 (GhidraScript)  
INFO  DumpRange.java> 820d95f0 or r31,r3,r3 (GhidraScript)  
INFO  DumpRange.java> 820d95f4 lwz r11,0x78(r30) (GhidraScript)  
INFO  DumpRange.java> 820d95f8 cmpwi cr6,r11,0x0 (GhidraScript)  
INFO  DumpRange.java> 820d95fc ble cr6,0x820d97e0 (GhidraScript)  
INFO  DumpRange.java> 820d9600 lis r10,0x10 (GhidraScript)  
INFO  DumpRange.java> 820d9604 cmpw cr6,r11,r10 (GhidraScript)  
INFO  DumpRange.java> 820d9608 bge cr6,0x820d97e0 (GhidraScript)  
INFO  DumpRange.java> 820d960c lis r4,0xe00 (GhidraScript)  
INFO  DumpRange.java> 820d9610 ori r4,r4,0xc9 (GhidraScript)  
INFO  DumpRange.java> 820d9614 bl 0x82336cc0 (GhidraScript)  
INFO  DumpRange.java> 820d9618 lis r11,-0x7d6f (GhidraScript)  
INFO  DumpRange.java> 820d961c addi r11,r11,0x74e8 (GhidraScript)  
INFO  DumpRange.java> 820d9620 lwz r10,0x10(r11) (GhidraScript)  
INFO  DumpRange.java> 820d9624 li r11,0x1 (GhidraScript)  
INFO  DumpRange.java> 820d9628 rldicr r11,r11,0x33,0x3f (GhidraScript)  
INFO  DumpRange.java> 820d962c or r9,r11,r11 (GhidraScript)  
INFO  DumpRange.java> 820d9630 stw r10,0x2e24(r31) (GhidraScript)  
INFO  DumpRange.java> 820d9634 or r10,r11,r11 (GhidraScript)  
INFO  DumpRange.java> 820d9638 ld r8,0x10(r31) (GhidraScript)  
INFO  DumpRange.java> 820d963c li r11,0x1 (GhidraScript)  
INFO  DumpRange.java> 820d9640 oris r8,r8,0x8 (GhidraScript)  
INFO  DumpRange.java> 820d9644 rldicr r11,r11,0x32,0x3f (GhidraScript)  
INFO  DumpRange.java> 820d9648 std r8,0x10(r31) (GhidraScript)  
INFO  DumpRange.java> 820d964c lfs f0,0x10(r30) (GhidraScript)  
INFO  DumpRange.java> 820d9650 stfs f0,0xaa0(r31) (GhidraScript)  
INFO  DumpRange.java> 820d9654 lfs f0,0x14(r30) (GhidraScript)  
INFO  DumpRange.java> 820d9658 stfs f0,0xaa4(r31) (GhidraScript)  
INFO  DumpRange.java> 820d965c lfs f0,0x18(r30) (GhidraScript)  
INFO  DumpRange.java> 820d9660 stfs f0,0xaa8(r31) (GhidraScript)  
INFO  DumpRange.java> 820d9664 lfs f0,0x1c(r30) (GhidraScript)  
INFO  DumpRange.java> 820d9668 stfs f0,0xaac(r31) (GhidraScript)  
INFO  DumpRange.java> 820d966c ld r8,0x0(r31) (GhidraScript)  
INFO  DumpRange.java> 820d9670 or r9,r8,r9 (GhidraScript)  
INFO  DumpRange.java> 820d9674 std r9,0x0(r31) (GhidraScript)  
INFO  DumpRange.java> 820d9678 lfs f0,0x0(r30) (GhidraScript)  
INFO  DumpRange.java> 820d967c stfs f0,0xab0(r31) (GhidraScript)  
INFO  DumpRange.java> 820d9680 lfs f0,0x4(r30) (GhidraScript)  
INFO  DumpRange.java> 820d9684 stfs f0,0xab4(r31) (GhidraScript)  
INFO  DumpRange.java> 820d9688 lfs f0,0x8(r30) (GhidraScript)  
INFO  DumpRange.java> 820d968c stfs f0,0xab8(r31) (GhidraScript)  
INFO  DumpRange.java> 820d9690 lfs f0,0xc(r30) (GhidraScript)  
INFO  DumpRange.java> 820d9694 stfs f0,0xabc(r31) (GhidraScript)  
INFO  DumpRange.java> 820d9698 ld r9,0x0(r31) (GhidraScript)  
INFO  DumpRange.java> 820d969c or r10,r9,r10 (GhidraScript)  
INFO  DumpRange.java> 820d96a0 std r10,0x0(r31) (GhidraScript)  
INFO  DumpRange.java> 820d96a4 lfs f0,0x20(r30) (GhidraScript)  
INFO  DumpRange.java> 820d96a8 stfs f0,0xac0(r31) (GhidraScript)  
INFO  DumpRange.java> 820d96ac lfs f0,0x24(r30) (GhidraScript)  
INFO  DumpRange.java> 820d96b0 stfs f0,0xac4(r31) (GhidraScript)  
INFO  DumpRange.java> 820d96b4 lfs f0,0x28(r30) (GhidraScript)  
INFO  DumpRange.java> 820d96b8 stfs f0,0xac8(r31) (GhidraScript)  
INFO  DumpRange.java> 820d96bc lfs f0,0x2c(r30) (GhidraScript)  
INFO  DumpRange.java> 820d96c0 stfs f0,0xacc(r31) (GhidraScript)  
INFO  DumpRange.java> 820d96c4 ld r10,0x0(r31) (GhidraScript)  
INFO  DumpRange.java> 820d96c8 or r10,r10,r11 (GhidraScript)  
INFO  DumpRange.java> 820d96cc std r10,0x0(r31) (GhidraScript)  
INFO  DumpRange.java> 820d96d0 lfs f0,0x30(r30) (GhidraScript)  
INFO  DumpRange.java> 820d96d4 stfs f0,0xad0(r31) (GhidraScript)  
INFO  DumpRange.java> 820d96d8 lfs f0,0x34(r30) (GhidraScript)  
INFO  DumpRange.java> 820d96dc stfs f0,0xad4(r31) (GhidraScript)  
INFO  DumpRange.java> 820d96e0 lfs f0,0x38(r30) (GhidraScript)  
INFO  DumpRange.java> 820d96e4 stfs f0,0xad8(r31) (GhidraScript)  
INFO  DumpRange.java> 820d96e8 lfs f0,0x3c(r30) (GhidraScript)  
INFO  DumpRange.java> 820d96ec stfs f0,0xadc(r31) (GhidraScript)  
INFO  REPORT: Execute script: DumpRange.java '0x820d8b20' '0x820d8c20'  (HeadlessAnalyzer)  
INFO  SCRIPT: /fastdata/lavaulta/auto-re-agent/workspaces/ace-combat-6/scripts/DumpRange.java (HeadlessAnalyzer)  
INFO  DumpRange.java> 820d8b20 lhz r29,0x1a0(r11) (GhidraScript)  
INFO  DumpRange.java> 820d8b24 std r10,0x50(r1) (GhidraScript)  
INFO  DumpRange.java> 820d8b28 extsh r10,r4 (GhidraScript)  
INFO  DumpRange.java> 820d8b2c std r9,0x58(r1) (GhidraScript)  
INFO  DumpRange.java> 820d8b30 extsh r9,r3 (GhidraScript)  
INFO  DumpRange.java> 820d8b34 std r8,0x60(r1) (GhidraScript)  
INFO  DumpRange.java> 820d8b38 extsh r8,r29 (GhidraScript)  
INFO  DumpRange.java> 820d8b3c std r7,0x68(r1) (GhidraScript)  
INFO  DumpRange.java> 820d8b40 std r6,0x70(r1) (GhidraScript)  
INFO  DumpRange.java> 820d8b44 std r10,0x80(r1) (GhidraScript)  
INFO  DumpRange.java> 820d8b48 lis r10,-0x7df9 (GhidraScript)  
INFO  DumpRange.java> 820d8b4c std r9,0x88(r1) (GhidraScript)  
INFO  DumpRange.java> 820d8b50 std r8,0x90(r1) (GhidraScript)  
INFO  DumpRange.java> 820d8b54 std r5,0x78(r1) (GhidraScript)  
INFO  DumpRange.java> 820d8b58 lhz r28,0x1a2(r11) (GhidraScript)  
INFO  DumpRange.java> 820d8b5c extsh r9,r28 (GhidraScript)  
INFO  DumpRange.java> 820d8b60 lfd f0,0x50(r1) (GhidraScript)  
INFO  DumpRange.java> 820d8b64 lfd f13,0x58(r1) (GhidraScript)  
INFO  DumpRange.java> 820d8b68 fcfid f0,f0 (GhidraScript)  
INFO  DumpRange.java> 820d8b6c lfd f12,0x60(r1) (GhidraScript)  
INFO  DumpRange.java> 820d8b70 fcfid f13,f13 (GhidraScript)  
INFO  DumpRange.java> 820d8b74 lfd f11,0x68(r1) (GhidraScript)  
INFO  DumpRange.java> 820d8b78 fcfid f12,f12 (GhidraScript)  
INFO  DumpRange.java> 820d8b7c lfd f10,0x70(r1) (GhidraScript)  
INFO  DumpRange.java> 820d8b80 fcfid f11,f11 (GhidraScript)  
INFO  DumpRange.java> 820d8b84 lfd f8,0x80(r1) (GhidraScript)  
INFO  DumpRange.java> 820d8b88 fcfid f10,f10 (GhidraScript)  
INFO  DumpRange.java> 820d8b8c lfd f7,0x88(r1) (GhidraScript)  
INFO  DumpRange.java> 820d8b90 fcfid f8,f8 (GhidraScript)  
INFO  DumpRange.java> 820d8b94 lfd f6,0x90(r1) (GhidraScript)  
INFO  DumpRange.java> 820d8b98 fcfid f7,f7 (GhidraScript)  
INFO  DumpRange.java> 820d8b9c lfd f9,0x78(r1) (GhidraScript)  
INFO  DumpRange.java> 820d8ba0 fcfid f6,f6 (GhidraScript)  
INFO  DumpRange.java> 820d8ba4 fcfid f9,f9 (GhidraScript)  
INFO  DumpRange.java> 820d8ba8 frsp f5,f0 (GhidraScript)  
INFO  DumpRange.java> 820d8bac lfs f0,-0x6428(r10) (GhidraScript)  
INFO  DumpRange.java> 820d8bb0 frsp f4,f13 (GhidraScript)  
INFO  DumpRange.java> 820d8bb4 lhz r10,0x1a4(r11) (GhidraScript)  
INFO  DumpRange.java> 820d8bb8 frsp f3,f12 (GhidraScript)  
INFO  DumpRange.java> 820d8bbc lhz r11,0x1a6(r11) (GhidraScript)  
INFO  DumpRange.java> 820d8bc0 frsp f2,f11 (GhidraScript)  
INFO  DumpRange.java> 820d8bc4 extsh r8,r10 (GhidraScript)  
INFO  DumpRange.java> 820d8bc8 frsp f1,f10 (GhidraScript)  
INFO  DumpRange.java> 820d8bcc extsh r7,r11 (GhidraScript)  
INFO  DumpRange.java> 820d8bd0 frsp f30,f8 (GhidraScript)  
INFO  DumpRange.java> 820d8bd4 frsp f29,f7 (GhidraScript)  
INFO  DumpRange.java> 820d8bd8 frsp f28,f6 (GhidraScript)  
INFO  DumpRange.java> 820d8bdc frsp f31,f9 (GhidraScript)  
INFO  DumpRange.java> 820d8be0 fmuls f13,f5,f0 (GhidraScript)  
INFO  DumpRange.java> 820d8be4 stfs f13,0xaa0(r31) (GhidraScript)  
INFO  DumpRange.java> 820d8be8 fmuls f12,f4,f0 (GhidraScript)  
INFO  DumpRange.java> 820d8bec stfs f12,0xaa4(r31) (GhidraScript)  
INFO  DumpRange.java> 820d8bf0 fmuls f11,f3,f0 (GhidraScript)  
INFO  DumpRange.java> 820d8bf4 fmuls f10,f2,f0 (GhidraScript)  
INFO  DumpRange.java> 820d8bf8 fmuls f9,f1,f0 (GhidraScript)  
INFO  DumpRange.java> 820d8bfc fmuls f7,f30,f0 (GhidraScript)  
INFO  DumpRange.java> 820d8c00 fmuls f6,f29,f0 (GhidraScript)  
INFO  DumpRange.java> 820d8c04 fmuls f5,f28,f0 (GhidraScript)  
INFO  DumpRange.java> 820d8c08 fmuls f8,f31,f0 (GhidraScript)  
INFO  DumpRange.java> 820d8c0c std r9,0x90(r1) (GhidraScript)  
INFO  DumpRange.java> 820d8c10 li r11,0x1 (GhidraScript)  
INFO  DumpRange.java> 820d8c14 std r8,0x88(r1) (GhidraScript)  
INFO  DumpRange.java> 820d8c18 stfs f11,0xaa8(r31) (GhidraScript)  
INFO  DumpRange.java> 820d8c1c std r7,0x80(r1) (GhidraScript)  
INFO  REPORT: Execute script: ReferencesTo.java '0x820d94b8'  (HeadlessAnalyzer)  
INFO  SCRIPT: /fastdata/lavaulta/auto-re-agent/workspaces/ace-combat-6/scripts/ReferencesTo.java (HeadlessAnalyzer)  
INFO  ReferencesTo.java> 8205a8f0 DATA (GhidraScript)  
INFO  REPORT: Execute script: FindU32Any.java '0x820d94b8'  (HeadlessAnalyzer)  
INFO  SCRIPT: /fastdata/lavaulta/auto-re-agent/workspaces/ace-combat-6/scripts/FindU32Any.java (HeadlessAnalyzer)  
INFO  FindU32Any.java> 8205a8f0 (GhidraScript)  
INFO  FindU32Any.java> 8207b238 (GhidraScript)  
INFO  REPORT: Save succeeded for processed file: /default.xex (HeadlessAnalyzer)  
INFO  Using log config file: jar:file:/fastdata/lavaulta/auto-re-agent/.tools/ghidra_12.1.2_PUBLIC/Ghidra/Framework/Generic/lib/Generic.jar!/generic.log4j.xml (LoggingInitialization)  
INFO  Using log file: /home/lavaulta/.config/ghidra/ghidra_12.1.2_PUBLIC/application.log (LoggingInitialization)  
INFO  Loading user preferences: /home/lavaulta/.config/ghidra/ghidra_12.1.2_PUBLIC/preferences (Preferences)  
INFO  Searching for classes... (ClassSearcher)  
INFO  Ignoring class 'xexloaderwv.XEXLoaderWVLoader' from '/fastdata/lavaulta/auto-re-agent/.tools/ghidra_12.1.2_PUBLIC/Ghidra/Extensions/XEXLoaderWV/lib/XEXLoaderWV.jar'. Already found at '/fastdata/lavaulta/auto-re-agent/.tools/ghidra_12.1.2_PUBLIC/Ghidra/patch/XEXLoaderWV-java21.jar'. (ClassSearcher)  
INFO  Class search complete (1514 ms) (ClassSearcher)  
INFO  Initializing SSL Context (DefaultSSLContextInitializer)  
INFO  Initializing Random Number Generator... (SecureRandomFactory)  
INFO  Random Number Generator initialization complete: NativePRNGNonBlocking (SecureRandomFactory)  
INFO  Trust manager disabled, cacerts have not been set (DefaultTrustManagerFactory)  
INFO  Headless startup complete (3039 ms) (AnalyzeHeadless)  
INFO  Class searcher loaded 59 extension points (20 false positives) (ClassSearcher)  
INFO  HEADLESS Script Paths:
    /fastdata/lavaulta/auto-re-agent/.tools/ghidra_12.1.2_PUBLIC/Ghidra/Features/MicrosoftCodeAnalyzer/ghidra_scripts
    /fastdata/lavaulta/auto-re-agent/.tools/ghidra_12.1.2_PUBLIC/Ghidra/Features/PDB/ghidra_scripts
    /fastdata/lavaulta/auto-re-agent/.tools/ghidra_12.1.2_PUBLIC/Ghidra/Processors/8051/ghidra_scripts
    /fastdata/lavaulta/auto-re-agent/.tools/ghidra_12.1.2_PUBLIC/Ghidra/Features/Base/ghidra_scripts
    /fastdata/lavaulta/auto-re-agent/workspaces/ace-combat-6/scripts
    /fastdata/lavaulta/auto-re-agent/.tools/ghidra_12.1.2_PUBLIC/Ghidra/Features/FileFormats/ghidra_scripts
    /fastdata/lavaulta/auto-re-agent/.tools/ghidra_12.1.2_PUBLIC/Ghidra/Features/GnuDemangler/ghidra_scripts
    /fastdata/lavaulta/auto-re-agent/.tools/ghidra_12.1.2_PUBLIC/Ghidra/Extensions/ghidra-emotionengine-reloaded/ghidra_scripts
    /fastdata/lavaulta/auto-re-agent/.tools/ghidra_12.1.2_PUBLIC/Ghidra/Features/Decompiler/ghidra_scripts
    /fastdata/lavaulta/auto-re-agent/.tools/ghidra_12.1.2_PUBLIC/Ghidra/Features/FunctionID/ghidra_scripts
    /fastdata/lavaulta/auto-re-agent/.tools/ghidra_12.1.2_PUBLIC/Ghidra/Features/DecompilerDependent/ghidra_scripts
    /fastdata/lavaulta/auto-re-agent/.tools/ghidra_12.1.2_PUBLIC/Ghidra/Processors/DATA/ghidra_scripts
    /fastdata/lavaulta/auto-re-agent/.tools/ghidra_12.1.2_PUBLIC/Ghidra/Debug/Debugger-rmi-trace/ghidra_scripts
    /fastdata/lavaulta/auto-re-agent/.tools/ghidra_12.1.2_PUBLIC/Ghidra/Features/SwiftDemangler/ghidra_scripts
    /fastdata/lavaulta/auto-re-agent/.tools/ghidra_12.1.2_PUBLIC/Ghidra/Debug/Debugger/ghidra_scripts
    /fastdata/lavaulta/auto-re-agent/.tools/ghidra_12.1.2_PUBLIC/Ghidra/Processors/PIC/ghidra_scripts
    /fastdata/lavaulta/auto-re-agent/.tools/ghidra_12.1.2_PUBLIC/Ghidra/Extensions/XEXLoaderWV/ghidra_scripts
    /fastdata/lavaulta/auto-re-agent/.tools/ghidra_12.1.2_PUBLIC/Ghidra/Features/WildcardAssembler/ghidra_scripts
    /fastdata/lavaulta/auto-re-agent/.tools/ghidra_12.1.2_PUBLIC/Ghidra/Features/PyGhidra/ghidra_scripts
    /fastdata/lavaulta/auto-re-agent/.tools/ghidra_12.1.2_PUBLIC/Ghidra/Features/BSim/ghidra_scripts
    /fastdata/lavaulta/auto-re-agent/.tools/ghidra_12.1.2_PUBLIC/Ghidra/Features/VersionTracking/ghidra_scripts
    /fastdata/lavaulta/auto-re-agent/.tools/ghidra_12.1.2_PUBLIC/Ghidra/Features/BytePatterns/ghidra_scripts
    /fastdata/lavaulta/auto-re-agent/.tools/ghidra_12.1.2_PUBLIC/Ghidra/Processors/Atmel/ghidra_scripts
    /fastdata/lavaulta/auto-re-agent/.tools/ghidra_12.1.2_PUBLIC/Ghidra/Features/SystemEmulation/ghidra_scripts
    /fastdata/lavaulta/auto-re-agent/.tools/ghidra_12.1.2_PUBLIC/Ghidra/Processors/JVM/ghidra_scripts (HeadlessAnalyzer)  
INFO  HEADLESS: execution starts (HeadlessAnalyzer)  
INFO  Opening existing project: /fastdata/lavaulta/auto-re-agent/workspaces/ace-combat-6/ghidra-projects/ace-combat-6-corrected (HeadlessAnalyzer)  
INFO  Opening project: /fastdata/lavaulta/auto-re-agent/workspaces/ace-combat-6/ghidra-projects/ace-combat-6-corrected (HeadlessProject)  
INFO  REPORT: Processing project file: /default.xex (HeadlessAnalyzer)  
INFO  REPORT: Execute script: DumpRange.java '0x821e24a0' '0x821e2680'  (HeadlessAnalyzer)  
INFO  SCRIPT: /fastdata/lavaulta/auto-re-agent/workspaces/ace-combat-6/scripts/DumpRange.java (HeadlessAnalyzer)  
INFO  DumpRange.java> 821e24a0 li r6,0x14 (GhidraScript)  
INFO  DumpRange.java> 821e24a4 li r4,0xd (GhidraScript)  
INFO  DumpRange.java> 821e24a8 or r31,r3,r3 (GhidraScript)  
INFO  DumpRange.java> 821e24ac or r30,r5,r5 (GhidraScript)  
INFO  DumpRange.java> 821e24b0 bl 0x821e2008 (GhidraScript)  
INFO  DumpRange.java> 821e24b4 cmplwi r3,0x0 (GhidraScript)  
INFO  DumpRange.java> 821e24b8 beq 0x821e24d0 (GhidraScript)  
INFO  DumpRange.java> 821e24bc mulli r5,r30,0x14 (GhidraScript)  
INFO  DumpRange.java> 821e24c0 or r4,r29,r29 (GhidraScript)  
INFO  DumpRange.java> 821e24c4 bl 0x82386570 (GhidraScript)  
INFO  DumpRange.java> 821e24c8 lwz r11,0x3474(r31) (GhidraScript)  
INFO  DumpRange.java> 821e24cc stw r11,0x30(r31) (GhidraScript)  
INFO  DumpRange.java> 821e24d0 addi r1,r1,0x70 (GhidraScript)  
INFO  DumpRange.java> 821e24d4 b 0x8238654c (GhidraScript)  
INFO  DumpRange.java> 821e24d8 mfspr r12,LR (GhidraScript)  
INFO  DumpRange.java> 821e24dc bl 0x823864d0 (GhidraScript)  
INFO  DumpRange.java> 821e24e0 stwu r1,-0xd0(r1) (GhidraScript)  
INFO  DumpRange.java> 821e24e4 or r31,r3,r3 (GhidraScript)  
INFO  DumpRange.java> 821e24e8 or r25,r4,r4 (GhidraScript)  
INFO  DumpRange.java> 821e24ec or r21,r5,r5 (GhidraScript)  
INFO  DumpRange.java> 821e24f0 or r22,r6,r6 (GhidraScript)  
INFO  DumpRange.java> 821e24f4 li r26,0x0 (GhidraScript)  
INFO  DumpRange.java> 821e24f8 ld r4,0x0(r31) (GhidraScript)  
INFO  DumpRange.java> 821e24fc ld r27,0x20(r31) (GhidraScript)  
INFO  DumpRange.java> 821e2500 ld r28,0x18(r31) (GhidraScript)  
INFO  DumpRange.java> 821e2504 cmpldi cr6,r4,0x0 (GhidraScript)  
INFO  DumpRange.java> 821e2508 ld r30,0x10(r31) (GhidraScript)  
INFO  DumpRange.java> 821e250c ld r29,0x8(r31) (GhidraScript)  
INFO  DumpRange.java> 821e2510 beq cr6,0x821e2524 (GhidraScript)  
INFO  DumpRange.java> 821e2514 addi r6,r31,0x780 (GhidraScript)  
INFO  DumpRange.java> 821e2518 li r5,0x4000 (GhidraScript)  
INFO  DumpRange.java> 821e251c bl 0x821efa38 (GhidraScript)  
INFO  DumpRange.java> 821e2520 std r26,0x0(r31) (GhidraScript)  
INFO  DumpRange.java> 821e2524 cmpldi cr6,r29,0x0 (GhidraScript)  
INFO  DumpRange.java> 821e2528 beq cr6,0x821e2544 (GhidraScript)  
INFO  DumpRange.java> 821e252c addi r6,r31,0x1780 (GhidraScript)  
INFO  DumpRange.java> 821e2530 li r5,0x4400 (GhidraScript)  
INFO  DumpRange.java> 821e2534 or r4,r29,r29 (GhidraScript)  
INFO  DumpRange.java> 821e2538 or r3,r31,r31 (GhidraScript)  
INFO  DumpRange.java> 821e253c bl 0x821efa38 (GhidraScript)  
INFO  DumpRange.java> 821e2540 std r26,0x8(r31) (GhidraScript)  
INFO  DumpRange.java> 821e2544 cmpldi cr6,r30,0x0 (GhidraScript)  
INFO  DumpRange.java> 821e2548 beq cr6,0x821e2624 (GhidraScript)  
INFO  DumpRange.java> 821e254c rlwinm r11,r30,0x0,0xb,0xe (GhidraScript)  
INFO  DumpRange.java> 821e2550 cmpldi cr6,r11,0x0 (GhidraScript)  
INFO  DumpRange.java> 821e2554 beq cr6,0x821e2568 (GhidraScript)  
INFO  DumpRange.java> 821e2558 or r4,r30,r30 (GhidraScript)  
INFO  DumpRange.java> 821e255c or r3,r31,r31 (GhidraScript)  
INFO  DumpRange.java> 821e2560 bl 0x821f07d0 (GhidraScript)  
INFO  DumpRange.java> 821e2564 or r30,r3,r3 (GhidraScript)  
INFO  DumpRange.java> 821e2568 ld r11,0x28(r31) (GhidraScript)  
INFO  DumpRange.java> 821e256c and r11,r11,r30 (GhidraScript)  
INFO  DumpRange.java> 821e2570 cmpldi cr6,r11,0x0 (GhidraScript)  
INFO  DumpRange.java> 821e2574 beq cr6,0x821e258c (GhidraScript)  
INFO  DumpRange.java> 821e2578 or r4,r30,r30 (GhidraScript)  
INFO  DumpRange.java> 821e257c lwz r5,0x2940(r31) (GhidraScript)  
INFO  DumpRange.java> 821e2580 or r3,r31,r31 (GhidraScript)  
INFO  DumpRange.java> 821e2584 bl 0x821ef300 (GhidraScript)  
INFO  DumpRange.java> 821e2588 or r30,r3,r3 (GhidraScript)  
INFO  DumpRange.java> 821e258c rldicl r11,r30,0x0,0x34 (GhidraScript)  
INFO  DumpRange.java> 821e2590 cmpldi cr6,r11,0x0 (GhidraScript)  
INFO  DumpRange.java> 821e2594 beq cr6,0x821e25ac (GhidraScript)  
INFO  DumpRange.java> 821e2598 addi r6,r31,0x2934 (GhidraScript)  
INFO  DumpRange.java> 821e259c li r5,0x2200 (GhidraScript)  
INFO  DumpRange.java> 821e25a0 rldicr r4,r30,0x34,0xb (GhidraScript)  
INFO  DumpRange.java> 821e25a4 or r3,r31,r31 (GhidraScript)  
INFO  DumpRange.java> 821e25a8 bl 0x821ef698 (GhidraScript)  
INFO  DumpRange.java> 821e25ac rlwinm r11,r30,0x0,0xf,0x13 (GhidraScript)  
INFO  DumpRange.java> 821e25b0 cmpldi cr6,r11,0x0 (GhidraScript)  
INFO  DumpRange.java> 821e25b4 beq cr6,0x821e25cc (GhidraScript)  
INFO  DumpRange.java> 821e25b8 addi r6,r31,0x2920 (GhidraScript)  
INFO  DumpRange.java> 821e25bc li r5,0x2180 (GhidraScript)  
INFO  DumpRange.java> 821e25c0 rldicr r4,r30,0x2f,0x4 (GhidraScript)  
INFO  DumpRange.java> 821e25c4 or r3,r31,r31 (GhidraScript)  
INFO  DumpRange.java> 821e25c8 bl 0x821ef698 (GhidraScript)  
INFO  DumpRange.java> 821e25cc lis r12,0x0 (GhidraScript)  
INFO  DumpRange.java> 821e25d0 ori r12,r12,0xffff (GhidraScript)  
INFO  DumpRange.java> 821e25d4 rldicr r12,r12,0x2a,0x15 (GhidraScript)  
INFO  DumpRange.java> 821e25d8 and r11,r30,r12 (GhidraScript)  
INFO  DumpRange.java> 821e25dc cmpldi cr6,r11,0x0 (GhidraScript)  
INFO  DumpRange.java> 821e25e0 beq cr6,0x821e25f8 (GhidraScript)  
INFO  DumpRange.java> 821e25e4 addi r6,r31,0x2880 (GhidraScript)  
INFO  DumpRange.java> 821e25e8 li r5,0x2000 (GhidraScript)  
INFO  DumpRange.java> 821e25ec rldicr r4,r30,0x6,0xf (GhidraScript)  
INFO  DumpRange.java> 821e25f0 or r3,r31,r31 (GhidraScript)  
INFO  DumpRange.java> 821e25f4 bl 0x821ef698 (GhidraScript)  
INFO  DumpRange.java> 821e25f8 lis r12,-0x20 (GhidraScript)  
INFO  DumpRange.java> 821e25fc rldicl r12,r12,0x0,0x16 (GhidraScript)  
INFO  DumpRange.java> 821e2600 and r11,r30,r12 (GhidraScript)  
INFO  DumpRange.java> 821e2604 cmpldi cr6,r11,0x0 (GhidraScript)  
INFO  DumpRange.java> 821e2608 beq cr6,0x821e2620 (GhidraScript)  
INFO  DumpRange.java> 821e260c addi r6,r31,0x28cc (GhidraScript)  
INFO  DumpRange.java> 821e2610 li r5,0x2100 (GhidraScript)  
INFO  DumpRange.java> 821e2614 rldicr r4,r30,0x16,0x14 (GhidraScript)  
INFO  DumpRange.java> 821e2618 or r3,r31,r31 (GhidraScript)  
INFO  DumpRange.java> 821e261c bl 0x821ef698 (GhidraScript)  
INFO  DumpRange.java> 821e2620 std r26,0x10(r31) (GhidraScript)  
INFO  DumpRange.java> 821e2624 cmpldi cr6,r28,0x0 (GhidraScript)  
INFO  DumpRange.java> 821e2628 beq cr6,0x821e2674 (GhidraScript)  
INFO  DumpRange.java> 821e262c rldicl r11,r28,0x0,0x20 (GhidraScript)  
INFO  DumpRange.java> 821e2630 cmpldi cr6,r11,0x0 (GhidraScript)  
INFO  DumpRange.java> 821e2634 beq cr6,0x821e2644 (GhidraScript)  
INFO  DumpRange.java> 821e2638 rldicr r4,r28,0x20,0x1f (GhidraScript)  
INFO  DumpRange.java> 821e263c or r3,r31,r31 (GhidraScript)  
INFO  DumpRange.java> 821e2640 bl 0x821ef8d8 (GhidraScript)  
INFO  DumpRange.java> 821e2644 lis r12,0x1f (GhidraScript)  
INFO  DumpRange.java> 821e2648 ori r12,r12,0xffff (GhidraScript)  
INFO  DumpRange.java> 821e264c rldicr r12,r12,0x22,0x1d (GhidraScript)  
INFO  DumpRange.java> 821e2650 and r11,r28,r12 (GhidraScript)  
INFO  DumpRange.java> 821e2654 cmpldi cr6,r11,0x0 (GhidraScript)  
INFO  DumpRange.java> 821e2658 beq cr6,0x821e2670 (GhidraScript)  
INFO  DumpRange.java> 821e265c addi r6,r31,0x2964 (GhidraScript)  
INFO  DumpRange.java> 821e2660 li r5,0x2280 (GhidraScript)  
INFO  DumpRange.java> 821e2664 rldicr r4,r28,0x9,0x14 (GhidraScript)  
INFO  DumpRange.java> 821e2668 or r3,r31,r31 (GhidraScript)  
INFO  DumpRange.java> 821e266c bl 0x821ef698 (GhidraScript)  
INFO  DumpRange.java> 821e2670 std r26,0x18(r31) (GhidraScript)  
INFO  DumpRange.java> 821e2674 cmpldi cr6,r27,0x0 (GhidraScript)  
INFO  DumpRange.java> 821e2678 beq cr6,0x821e2710 (GhidraScript)  
INFO  DumpRange.java> 821e267c rldicl r11,r27,0x0,0x1a (GhidraScript)  
INFO  REPORT: Execute script: DecompileAt.java '0x821e24d0'  (HeadlessAnalyzer)  
INFO  SCRIPT: /fastdata/lavaulta/auto-re-agent/workspaces/ace-combat-6/scripts/DecompileAt.java (HeadlessAnalyzer)  
ERROR DecompileAt.java> no function contains 821e24d0 (GhidraScript)  
INFO  REPORT: Execute script: DecompileAt.java '0x82336cc0'  (HeadlessAnalyzer)  
INFO  SCRIPT: /fastdata/lavaulta/auto-re-agent/workspaces/ace-combat-6/scripts/DecompileAt.java (HeadlessAnalyzer)  
INFO  DecompileAt.java> FUNCTION 82336cc0 FUN_82336cc0 (GhidraScript)  
INFO  DecompileAt.java> 
void FUN_82336cc0(undefined8 param_1,undefined8 param_2)

{
  int *local_10 [4];
  
  FUN_823428b0(0xffffffff828ccb80,param_2,local_10);
  (**(code **)(*local_10[0] + 0x40))();
  return;
}

 (GhidraScript)  
INFO  REPORT: Execute script: ReferencesTo.java '0x829174f8'  (HeadlessAnalyzer)  
INFO  SCRIPT: /fastdata/lavaulta/auto-re-agent/workspaces/ace-combat-6/scripts/ReferencesTo.java (HeadlessAnalyzer)  
INFO  ReferencesTo.java> 820d2d5c READ (GhidraScript)  
INFO  REPORT: Execute script: FindInstructionScalar.java '0x2e24'  (HeadlessAnalyzer)  
INFO  SCRIPT: /fastdata/lavaulta/auto-re-agent/workspaces/ace-combat-6/scripts/FindInstructionScalar.java (HeadlessAnalyzer)  
INFO  FindInstructionScalar.java> 820b1ea8 stw r11,0x2e24(r31) (GhidraScript)  
INFO  FindInstructionScalar.java> 820b2a3c stw r11,0x2e24(r31) (GhidraScript)  
INFO  FindInstructionScalar.java> 820d2d60 stw r11,0x2e24(r31) (GhidraScript)  
INFO  FindInstructionScalar.java> 820d6ee0 stw r10,0x2e24(r31) (GhidraScript)  
INFO  FindInstructionScalar.java> 820d7584 stw r10,0x2e24(r31) (GhidraScript)  
INFO  FindInstructionScalar.java> 820d827c stw r11,0x2e24(r31) (GhidraScript)  
INFO  FindInstructionScalar.java> 820d8564 stw r11,0x2e24(r31) (GhidraScript)  
INFO  FindInstructionScalar.java> 820d91d0 stw r10,0x2e24(r31) (GhidraScript)  
INFO  FindInstructionScalar.java> 820d9314 stw r11,0x2e24(r31) (GhidraScript)  
INFO  FindInstructionScalar.java> 820d9490 stw r10,0x2e24(r31) (GhidraScript)  
INFO  FindInstructionScalar.java> 820d9630 stw r10,0x2e24(r31) (GhidraScript)  
INFO  FindInstructionScalar.java> 820d9a24 stw r10,0x2e24(r31) (GhidraScript)  
INFO  FindInstructionScalar.java> 8210073c stw r31,0x2e24(r30) (GhidraScript)  
INFO  FindInstructionScalar.java> 8211bf6c stw r11,0x2e24(r31) (GhidraScript)  
INFO  FindInstructionScalar.java> 82124390 stw r11,0x2e24(r3) (GhidraScript)  
INFO  FindInstructionScalar.java> 82124430 stw r11,0x2e24(r31) (GhidraScript)  
INFO  FindInstructionScalar.java> 8214e258 stw r11,0x2e24(r31) (GhidraScript)  
INFO  FindInstructionScalar.java> 82176018 stw r11,0x2e24(r31) (GhidraScript)  
INFO  FindInstructionScalar.java> 821785d4 stw r11,0x2e24(r31) (GhidraScript)  
INFO  FindInstructionScalar.java> 821e1d90 stw r4,0x2e24(r3) (GhidraScript)  
INFO  FindInstructionScalar.java> 821ea450 stw r11,0x2e24(r31) (GhidraScript)  
INFO  FindInstructionScalar.java> 821f422c stw r29,0x2e24(r31) (GhidraScript)  
INFO  REPORT: Save succeeded for processed file: /default.xex (HeadlessAnalyzer)  
