openjdk version "21.0.11" 2026-04-21
OpenJDK Runtime Environment (build 21.0.11+10-1-26.04.2-Ubuntu)
OpenJDK 64-Bit Server VM (build 21.0.11+10-1-26.04.2-Ubuntu, mixed mode)
INFO  Using log config file: jar:file:/fastdata/lavaulta/auto-re-agent/.tools/ghidra_12.1.2_PUBLIC/Ghidra/Framework/Generic/lib/Generic.jar!/generic.log4j.xml (LoggingInitialization)  
INFO  Using log file: /home/lavaulta/.config/ghidra/ghidra_12.1.2_PUBLIC/application.log (LoggingInitialization)  
INFO  Loading user preferences: /home/lavaulta/.config/ghidra/ghidra_12.1.2_PUBLIC/preferences (Preferences)  
INFO  Searching for classes... (ClassSearcher)  
INFO  Ignoring class 'xexloaderwv.XEXLoaderWVLoader' from '/fastdata/lavaulta/auto-re-agent/.tools/ghidra_12.1.2_PUBLIC/Ghidra/Extensions/XEXLoaderWV/lib/XEXLoaderWV.jar'. Already found at '/fastdata/lavaulta/auto-re-agent/.tools/ghidra_12.1.2_PUBLIC/Ghidra/patch/XEXLoaderWV-java21.jar'. (ClassSearcher)  
INFO  Class search complete (1624 ms) (ClassSearcher)  
INFO  Initializing SSL Context (DefaultSSLContextInitializer)  
INFO  Initializing Random Number Generator... (SecureRandomFactory)  
INFO  Random Number Generator initialization complete: NativePRNGNonBlocking (SecureRandomFactory)  
INFO  Trust manager disabled, cacerts have not been set (DefaultTrustManagerFactory)  
INFO  Headless startup complete (3258 ms) (AnalyzeHeadless)  
INFO  Class searcher loaded 59 extension points (20 false positives) (ClassSearcher)  
INFO  HEADLESS Script Paths:
    /fastdata/lavaulta/auto-re-agent/.tools/ghidra_12.1.2_PUBLIC/Ghidra/Features/MicrosoftCodeAnalyzer/ghidra_scripts
    /fastdata/lavaulta/auto-re-agent/.tools/ghidra_12.1.2_PUBLIC/Ghidra/Features/PDB/ghidra_scripts
    /fastdata/lavaulta/auto-re-agent/.tools/ghidra_12.1.2_PUBLIC/Ghidra/Processors/8051/ghidra_scripts
    /fastdata/lavaulta/auto-re-agent/.tools/ghidra_12.1.2_PUBLIC/Ghidra/Features/Base/ghidra_scripts
    /fastdata/lavaulta/auto-re-agent/workspaces/ace-combat-6/scripts
    /fastdata/lavaulta/auto-re-agent/.tools/ghidra_12.1.2_PUBLIC/Ghidra/Features/FileFormats/ghidra_scripts
    /fastdata/lavaulta/auto-re-agent/.tools/ghidra_12.1.2_PUBLIC/Ghidra/Features/GnuDemangler/ghidra_scripts
    /fastdata/lavaulta/auto-re-agent/.tools/ghidra_12.1.2_PUBLIC/Ghidra/Extensions/ghidra-emotionengine-reloaded/ghidra_scripts
    /fastdata/lavaulta/auto-re-agent/.tools/ghidra_12.1.2_PUBLIC/Ghidra/Features/Decompiler/ghidra_scripts
    /fastdata/lavaulta/auto-re-agent/.tools/ghidra_12.1.2_PUBLIC/Ghidra/Features/FunctionID/ghidra_scripts
    /fastdata/lavaulta/auto-re-agent/.tools/ghidra_12.1.2_PUBLIC/Ghidra/Features/DecompilerDependent/ghidra_scripts
    /fastdata/lavaulta/auto-re-agent/.tools/ghidra_12.1.2_PUBLIC/Ghidra/Processors/DATA/ghidra_scripts
    /fastdata/lavaulta/auto-re-agent/.tools/ghidra_12.1.2_PUBLIC/Ghidra/Debug/Debugger-rmi-trace/ghidra_scripts
    /fastdata/lavaulta/auto-re-agent/.tools/ghidra_12.1.2_PUBLIC/Ghidra/Features/SwiftDemangler/ghidra_scripts
    /fastdata/lavaulta/auto-re-agent/.tools/ghidra_12.1.2_PUBLIC/Ghidra/Debug/Debugger/ghidra_scripts
    /fastdata/lavaulta/auto-re-agent/.tools/ghidra_12.1.2_PUBLIC/Ghidra/Processors/PIC/ghidra_scripts
    /fastdata/lavaulta/auto-re-agent/.tools/ghidra_12.1.2_PUBLIC/Ghidra/Extensions/XEXLoaderWV/ghidra_scripts
    /fastdata/lavaulta/auto-re-agent/.tools/ghidra_12.1.2_PUBLIC/Ghidra/Features/WildcardAssembler/ghidra_scripts
    /fastdata/lavaulta/auto-re-agent/.tools/ghidra_12.1.2_PUBLIC/Ghidra/Features/PyGhidra/ghidra_scripts
    /fastdata/lavaulta/auto-re-agent/.tools/ghidra_12.1.2_PUBLIC/Ghidra/Features/BSim/ghidra_scripts
    /fastdata/lavaulta/auto-re-agent/.tools/ghidra_12.1.2_PUBLIC/Ghidra/Features/VersionTracking/ghidra_scripts
    /fastdata/lavaulta/auto-re-agent/.tools/ghidra_12.1.2_PUBLIC/Ghidra/Features/BytePatterns/ghidra_scripts
    /fastdata/lavaulta/auto-re-agent/.tools/ghidra_12.1.2_PUBLIC/Ghidra/Processors/Atmel/ghidra_scripts
    /fastdata/lavaulta/auto-re-agent/.tools/ghidra_12.1.2_PUBLIC/Ghidra/Features/SystemEmulation/ghidra_scripts
    /fastdata/lavaulta/auto-re-agent/.tools/ghidra_12.1.2_PUBLIC/Ghidra/Processors/JVM/ghidra_scripts (HeadlessAnalyzer)  
INFO  HEADLESS: execution starts (HeadlessAnalyzer)  
INFO  Opening existing project: /fastdata/lavaulta/auto-re-agent/workspaces/ace-combat-6/ghidra-projects/ace-combat-6-corrected (HeadlessAnalyzer)  
INFO  Opening project: /fastdata/lavaulta/auto-re-agent/workspaces/ace-combat-6/ghidra-projects/ace-combat-6-corrected (HeadlessProject)  
INFO  REPORT: Processing project file: /default.xex (HeadlessAnalyzer)  
INFO  REPORT: Execute script: DumpRange.java '0x820db980' '0x820dbf40'  (HeadlessAnalyzer)  
INFO  SCRIPT: /fastdata/lavaulta/auto-re-agent/workspaces/ace-combat-6/scripts/DumpRange.java (HeadlessAnalyzer)  
INFO  DumpRange.java> 820db980 std r31,-0x10(r1) (GhidraScript)  
INFO  DumpRange.java> 820db984 stwu r1,-0x60(r1) (GhidraScript)  
INFO  DumpRange.java> 820db988 lis r11,-0x7dfa (GhidraScript)  
INFO  DumpRange.java> 820db98c or r31,r3,r3 (GhidraScript)  
INFO  DumpRange.java> 820db990 subi r11,r11,0x58b4 (GhidraScript)  
INFO  DumpRange.java> 820db994 rlwinm r10,r4,0x0,0x1f,0x1f (GhidraScript)  
INFO  DumpRange.java> 820db998 cmplwi cr6,r10,0x0 (GhidraScript)  
INFO  DumpRange.java> 820db99c stw r11,0x0(r31) (GhidraScript)  
INFO  DumpRange.java> 820db9a0 beq cr6,0x820db9ac (GhidraScript)  
INFO  DumpRange.java> 820db9a4 bl 0x82383670 (GhidraScript)  
INFO  DumpRange.java> 820db9a8 or r3,r31,r31 (GhidraScript)  
INFO  DumpRange.java> 820db9ac addi r1,r1,0x60 (GhidraScript)  
INFO  DumpRange.java> 820db9b0 lwz r12,-0x8(r1) (GhidraScript)  
INFO  DumpRange.java> 820db9b4 mtspr LR,r12 (GhidraScript)  
INFO  DumpRange.java> 820db9b8 ld r31,-0x10(r1) (GhidraScript)  
INFO  DumpRange.java> 820db9bc blr (GhidraScript)  
INFO  DumpRange.java> 820db9c0 mfspr r12,LR (GhidraScript)  
INFO  DumpRange.java> 820db9c4 stw r12,-0x8(r1) (GhidraScript)  
INFO  DumpRange.java> 820db9c8 std r31,-0x10(r1) (GhidraScript)  
INFO  DumpRange.java> 820db9cc stwu r1,-0x60(r1) (GhidraScript)  
INFO  DumpRange.java> 820db9d0 lis r11,-0x7dfa (GhidraScript)  
INFO  DumpRange.java> 820db9d4 or r31,r3,r3 (GhidraScript)  
INFO  DumpRange.java> 820db9d8 subi r11,r11,0x5894 (GhidraScript)  
INFO  DumpRange.java> 820db9dc rlwinm r10,r4,0x0,0x1f,0x1f (GhidraScript)  
INFO  DumpRange.java> 820db9e0 cmplwi cr6,r10,0x0 (GhidraScript)  
INFO  DumpRange.java> 820db9e4 stw r11,0x0(r31) (GhidraScript)  
INFO  DumpRange.java> 820db9e8 beq cr6,0x820db9f4 (GhidraScript)  
INFO  DumpRange.java> 820db9ec bl 0x82383670 (GhidraScript)  
INFO  DumpRange.java> 820db9f0 or r3,r31,r31 (GhidraScript)  
INFO  DumpRange.java> 820db9f4 addi r1,r1,0x60 (GhidraScript)  
INFO  DumpRange.java> 820db9f8 lwz r12,-0x8(r1) (GhidraScript)  
INFO  DumpRange.java> 820db9fc mtspr LR,r12 (GhidraScript)  
INFO  DumpRange.java> 820dba00 ld r31,-0x10(r1) (GhidraScript)  
INFO  DumpRange.java> 820dba04 blr (GhidraScript)  
INFO  DumpRange.java> 820dba08 mfspr r12,LR (GhidraScript)  
INFO  DumpRange.java> 820dba0c stw r12,-0x8(r1) (GhidraScript)  
INFO  DumpRange.java> 820dba10 std r31,-0x10(r1) (GhidraScript)  
INFO  DumpRange.java> 820dba14 stwu r1,-0x60(r1) (GhidraScript)  
INFO  DumpRange.java> 820dba18 lis r11,-0x7dfa (GhidraScript)  
INFO  DumpRange.java> 820dba1c lis r10,-0x7dff (GhidraScript)  
INFO  DumpRange.java> 820dba20 or r31,r3,r3 (GhidraScript)  
INFO  DumpRange.java> 820dba24 subi r11,r11,0x5ca0 (GhidraScript)  
INFO  DumpRange.java> 820dba28 addi r10,r10,0xca0 (GhidraScript)  
INFO  DumpRange.java> 820dba2c addi r3,r31,0x8 (GhidraScript)  
INFO  DumpRange.java> 820dba30 li r9,0x0 (GhidraScript)  
INFO  DumpRange.java> 820dba34 li r8,0xf (GhidraScript)  
INFO  DumpRange.java> 820dba38 stw r11,0x4(r31) (GhidraScript)  
INFO  DumpRange.java> 820dba3c li r6,-0x1 (GhidraScript)  
INFO  DumpRange.java> 820dba40 stw r10,0x0(r31) (GhidraScript)  
INFO  DumpRange.java> 820dba44 li r5,0x0 (GhidraScript)  
INFO  DumpRange.java> 820dba48 stw r9,0x14(r3) (GhidraScript)  
INFO  DumpRange.java> 820dba4c stw r8,0x18(r3) (GhidraScript)  
INFO  DumpRange.java> 820dba50 stb r9,0x4(r3) (GhidraScript)  
INFO  DumpRange.java> 820dba54 bl 0x820e3be0 (GhidraScript)  
INFO  DumpRange.java> 820dba58 or r3,r31,r31 (GhidraScript)  
INFO  DumpRange.java> 820dba5c addi r1,r1,0x60 (GhidraScript)  
INFO  DumpRange.java> 820dba60 lwz r12,-0x8(r1) (GhidraScript)  
INFO  DumpRange.java> 820dba64 mtspr LR,r12 (GhidraScript)  
INFO  DumpRange.java> 820dba68 ld r31,-0x10(r1) (GhidraScript)  
INFO  DumpRange.java> 820dba6c blr (GhidraScript)  
INFO  DumpRange.java> 820dba70 mfspr r12,LR (GhidraScript)  
INFO  DumpRange.java> 820dba74 stw r12,-0x8(r1) (GhidraScript)  
INFO  DumpRange.java> 820dba78 std r30,-0x18(r1) (GhidraScript)  
INFO  DumpRange.java> 820dba7c std r31,-0x10(r1) (GhidraScript)  
INFO  DumpRange.java> 820dba80 stwu r1,-0x70(r1) (GhidraScript)  
INFO  DumpRange.java> 820dba84 lis r11,-0x7dff (GhidraScript)  
INFO  DumpRange.java> 820dba88 or r30,r3,r3 (GhidraScript)  
INFO  DumpRange.java> 820dba8c addi r11,r11,0xca0 (GhidraScript)  
INFO  DumpRange.java> 820dba90 addi r31,r30,0x8 (GhidraScript)  
INFO  DumpRange.java> 820dba94 stw r11,0x0(r30) (GhidraScript)  
INFO  DumpRange.java> 820dba98 lwz r11,0x18(r31) (GhidraScript)  
INFO  DumpRange.java> 820dba9c cmplwi cr6,r11,0x10 (GhidraScript)  
INFO  DumpRange.java> 820dbaa0 blt cr6,0x820dbaac (GhidraScript)  
INFO  DumpRange.java> 820dbaa4 lwz r3,0x4(r31) (GhidraScript)  
INFO  DumpRange.java> 820dbaa8 bl 0x82383670 (GhidraScript)  
INFO  DumpRange.java> 820dbaac lis r11,-0x7dff (GhidraScript)  
INFO  DumpRange.java> 820dbab0 li r10,0x0 (GhidraScript)  
INFO  DumpRange.java> 820dbab4 li r9,0xf (GhidraScript)  
INFO  DumpRange.java> 820dbab8 addi r11,r11,0xc44 (GhidraScript)  
INFO  DumpRange.java> 820dbabc stw r10,0x14(r31) (GhidraScript)  
INFO  DumpRange.java> 820dbac0 stw r9,0x18(r31) (GhidraScript)  
INFO  DumpRange.java> 820dbac4 stb r10,0x4(r31) (GhidraScript)  
INFO  DumpRange.java> 820dbac8 stw r11,0x0(r30) (GhidraScript)  
INFO  DumpRange.java> 820dbacc addi r1,r1,0x70 (GhidraScript)  
INFO  DumpRange.java> 820dbad0 lwz r12,-0x8(r1) (GhidraScript)  
INFO  DumpRange.java> 820dbad4 mtspr LR,r12 (GhidraScript)  
INFO  DumpRange.java> 820dbad8 ld r30,-0x18(r1) (GhidraScript)  
INFO  DumpRange.java> 820dbadc ld r31,-0x10(r1) (GhidraScript)  
INFO  DumpRange.java> 820dbae0 blr (GhidraScript)  
INFO  DumpRange.java> 820dbae4 <not-disassembled> (GhidraScript)  
INFO  DumpRange.java> 820dbae8 addi r11,r3,0x8 (GhidraScript)  
INFO  DumpRange.java> 820dbaec lwz r10,0x18(r11) (GhidraScript)  
INFO  DumpRange.java> 820dbaf0 cmplwi cr6,r10,0x10 (GhidraScript)  
INFO  DumpRange.java> 820dbaf4 blt cr6,0x820dbb00 (GhidraScript)  
INFO  DumpRange.java> 820dbaf8 lwz r3,0x4(r11) (GhidraScript)  
INFO  DumpRange.java> 820dbafc blr (GhidraScript)  
INFO  DumpRange.java> 820dbb00 addi r3,r11,0x4 (GhidraScript)  
INFO  DumpRange.java> 820dbb04 blr (GhidraScript)  
INFO  DumpRange.java> 820dbb08 mfspr r12,LR (GhidraScript)  
INFO  DumpRange.java> 820dbb0c stw r12,-0x8(r1) (GhidraScript)  
INFO  DumpRange.java> 820dbb10 std r30,-0x18(r1) (GhidraScript)  
INFO  DumpRange.java> 820dbb14 std r31,-0x10(r1) (GhidraScript)  
INFO  DumpRange.java> 820dbb18 stwu r1,-0x70(r1) (GhidraScript)  
INFO  DumpRange.java> 820dbb1c or r31,r3,r3 (GhidraScript)  
INFO  DumpRange.java> 820dbb20 or r30,r4,r4 (GhidraScript)  
INFO  DumpRange.java> 820dbb24 bl 0x820dba70 (GhidraScript)  
INFO  DumpRange.java> 820dbb28 rlwinm r11,r30,0x0,0x1f,0x1f (GhidraScript)  
INFO  DumpRange.java> 820dbb2c or r3,r31,r31 (GhidraScript)  
INFO  DumpRange.java> 820dbb30 cmplwi cr6,r11,0x0 (GhidraScript)  
INFO  DumpRange.java> 820dbb34 beq cr6,0x820dbb40 (GhidraScript)  
INFO  DumpRange.java> 820dbb38 bl 0x82383670 (GhidraScript)  
INFO  DumpRange.java> 820dbb3c or r3,r31,r31 (GhidraScript)  
INFO  DumpRange.java> 820dbb40 addi r1,r1,0x70 (GhidraScript)  
INFO  DumpRange.java> 820dbb44 lwz r12,-0x8(r1) (GhidraScript)  
INFO  DumpRange.java> 820dbb48 mtspr LR,r12 (GhidraScript)  
INFO  DumpRange.java> 820dbb4c ld r30,-0x18(r1) (GhidraScript)  
INFO  DumpRange.java> 820dbb50 ld r31,-0x10(r1) (GhidraScript)  
INFO  DumpRange.java> 820dbb54 blr (GhidraScript)  
INFO  DumpRange.java> 820dbb58 mfspr r12,LR (GhidraScript)  
INFO  DumpRange.java> 820dbb5c stw r12,-0x8(r1) (GhidraScript)  
INFO  DumpRange.java> 820dbb60 std r31,-0x10(r1) (GhidraScript)  
INFO  DumpRange.java> 820dbb64 stwu r1,-0x60(r1) (GhidraScript)  
INFO  DumpRange.java> 820dbb68 lis r11,-0x7dfa (GhidraScript)  
INFO  DumpRange.java> 820dbb6c lis r10,-0x7dff (GhidraScript)  
INFO  DumpRange.java> 820dbb70 or r31,r3,r3 (GhidraScript)  
INFO  DumpRange.java> 820dbb74 subi r11,r11,0x5ca0 (GhidraScript)  
INFO  DumpRange.java> 820dbb78 addi r10,r10,0xca0 (GhidraScript)  
INFO  DumpRange.java> 820dbb7c addi r3,r31,0x8 (GhidraScript)  
INFO  DumpRange.java> 820dbb80 li r9,0x0 (GhidraScript)  
INFO  DumpRange.java> 820dbb84 li r8,0xf (GhidraScript)  
INFO  DumpRange.java> 820dbb88 stw r11,0x4(r31) (GhidraScript)  
INFO  DumpRange.java> 820dbb8c li r6,-0x1 (GhidraScript)  
INFO  DumpRange.java> 820dbb90 stw r10,0x0(r31) (GhidraScript)  
INFO  DumpRange.java> 820dbb94 li r5,0x0 (GhidraScript)  
INFO  DumpRange.java> 820dbb98 stw r9,0x14(r3) (GhidraScript)  
INFO  DumpRange.java> 820dbb9c stw r8,0x18(r3) (GhidraScript)  
INFO  DumpRange.java> 820dbba0 stb r9,0x4(r3) (GhidraScript)  
INFO  DumpRange.java> 820dbba4 bl 0x820e3be0 (GhidraScript)  
INFO  DumpRange.java> 820dbba8 lis r11,-0x7dff (GhidraScript)  
INFO  DumpRange.java> 820dbbac or r3,r31,r31 (GhidraScript)  
INFO  DumpRange.java> 820dbbb0 addi r11,r11,0x2070 (GhidraScript)  
INFO  DumpRange.java> 820dbbb4 stw r11,0x0(r31) (GhidraScript)  
INFO  DumpRange.java> 820dbbb8 addi r1,r1,0x60 (GhidraScript)  
INFO  DumpRange.java> 820dbbbc lwz r12,-0x8(r1) (GhidraScript)  
INFO  DumpRange.java> 820dbbc0 mtspr LR,r12 (GhidraScript)  
INFO  DumpRange.java> 820dbbc4 ld r31,-0x10(r1) (GhidraScript)  
INFO  DumpRange.java> 820dbbc8 blr (GhidraScript)  
INFO  DumpRange.java> 820dbbcc <not-disassembled> (GhidraScript)  
INFO  DumpRange.java> 820dbbd0 lis r11,-0x7dff (GhidraScript)  
INFO  DumpRange.java> 820dbbd4 addi r11,r11,0x2070 (GhidraScript)  
INFO  DumpRange.java> 820dbbd8 stw r11,0x0(r3) (GhidraScript)  
INFO  DumpRange.java> 820dbbdc b 0x820dba70 (GhidraScript)  
INFO  DumpRange.java> 820dbbe0 b 0x82203468 (GhidraScript)  
INFO  DumpRange.java> 820dbbe4 <not-disassembled> (GhidraScript)  
INFO  DumpRange.java> 820dbbe8 mfspr r12,LR (GhidraScript)  
INFO  DumpRange.java> 820dbbec stw r12,-0x8(r1) (GhidraScript)  
INFO  DumpRange.java> 820dbbf0 std r30,-0x18(r1) (GhidraScript)  
INFO  DumpRange.java> 820dbbf4 std r31,-0x10(r1) (GhidraScript)  
INFO  DumpRange.java> 820dbbf8 stwu r1,-0x70(r1) (GhidraScript)  
INFO  DumpRange.java> 820dbbfc lis r11,-0x7dff (GhidraScript)  
INFO  DumpRange.java> 820dbc00 or r31,r3,r3 (GhidraScript)  
INFO  DumpRange.java> 820dbc04 addi r11,r11,0x2070 (GhidraScript)  
INFO  DumpRange.java> 820dbc08 or r30,r4,r4 (GhidraScript)  
INFO  DumpRange.java> 820dbc0c stw r11,0x0(r31) (GhidraScript)  
INFO  DumpRange.java> 820dbc10 bl 0x820dba70 (GhidraScript)  
INFO  DumpRange.java> 820dbc14 rlwinm r11,r30,0x0,0x1f,0x1f (GhidraScript)  
INFO  DumpRange.java> 820dbc18 or r3,r31,r31 (GhidraScript)  
INFO  DumpRange.java> 820dbc1c cmplwi cr6,r11,0x0 (GhidraScript)  
INFO  DumpRange.java> 820dbc20 beq cr6,0x820dbc2c (GhidraScript)  
INFO  DumpRange.java> 820dbc24 bl 0x82383670 (GhidraScript)  
INFO  DumpRange.java> 820dbc28 or r3,r31,r31 (GhidraScript)  
INFO  DumpRange.java> 820dbc2c addi r1,r1,0x70 (GhidraScript)  
INFO  DumpRange.java> 820dbc30 lwz r12,-0x8(r1) (GhidraScript)  
INFO  DumpRange.java> 820dbc34 mtspr LR,r12 (GhidraScript)  
INFO  DumpRange.java> 820dbc38 ld r30,-0x18(r1) (GhidraScript)  
INFO  DumpRange.java> 820dbc3c ld r31,-0x10(r1) (GhidraScript)  
INFO  DumpRange.java> 820dbc40 blr (GhidraScript)  
INFO  DumpRange.java> 820dbc44 <not-disassembled> (GhidraScript)  
INFO  DumpRange.java> 820dbc48 mfspr r12,LR (GhidraScript)  
INFO  DumpRange.java> 820dbc4c stw r12,-0x8(r1) (GhidraScript)  
INFO  DumpRange.java> 820dbc50 std r31,-0x10(r1) (GhidraScript)  
INFO  DumpRange.java> 820dbc54 stwu r1,-0x60(r1) (GhidraScript)  
INFO  DumpRange.java> 820dbc58 lis r11,-0x7dfa (GhidraScript)  
INFO  DumpRange.java> 820dbc5c lis r10,-0x7dff (GhidraScript)  
INFO  DumpRange.java> 820dbc60 or r31,r3,r3 (GhidraScript)  
INFO  DumpRange.java> 820dbc64 subi r11,r11,0x5ca0 (GhidraScript)  
INFO  DumpRange.java> 820dbc68 addi r10,r10,0xca0 (GhidraScript)  
INFO  DumpRange.java> 820dbc6c addi r3,r31,0x8 (GhidraScript)  
INFO  DumpRange.java> 820dbc70 li r9,0x0 (GhidraScript)  
INFO  DumpRange.java> 820dbc74 li r8,0xf (GhidraScript)  
INFO  DumpRange.java> 820dbc78 stw r11,0x4(r31) (GhidraScript)  
INFO  DumpRange.java> 820dbc7c li r6,-0x1 (GhidraScript)  
INFO  DumpRange.java> 820dbc80 stw r10,0x0(r31) (GhidraScript)  
INFO  DumpRange.java> 820dbc84 li r5,0x0 (GhidraScript)  
INFO  DumpRange.java> 820dbc88 stw r9,0x14(r3) (GhidraScript)  
INFO  DumpRange.java> 820dbc8c stw r8,0x18(r3) (GhidraScript)  
INFO  DumpRange.java> 820dbc90 stb r9,0x4(r3) (GhidraScript)  
INFO  DumpRange.java> 820dbc94 bl 0x820e3be0 (GhidraScript)  
INFO  DumpRange.java> 820dbc98 lis r11,-0x7dff (GhidraScript)  
INFO  DumpRange.java> 820dbc9c or r3,r31,r31 (GhidraScript)  
INFO  DumpRange.java> 820dbca0 addi r11,r11,0xcb0 (GhidraScript)  
INFO  DumpRange.java> 820dbca4 stw r11,0x0(r31) (GhidraScript)  
INFO  DumpRange.java> 820dbca8 addi r1,r1,0x60 (GhidraScript)  
INFO  DumpRange.java> 820dbcac lwz r12,-0x8(r1) (GhidraScript)  
INFO  DumpRange.java> 820dbcb0 mtspr LR,r12 (GhidraScript)  
INFO  DumpRange.java> 820dbcb4 ld r31,-0x10(r1) (GhidraScript)  
INFO  DumpRange.java> 820dbcb8 blr (GhidraScript)  
INFO  DumpRange.java> 820dbcbc <not-disassembled> (GhidraScript)  
INFO  DumpRange.java> 820dbcc0 lis r11,-0x7dff (GhidraScript)  
INFO  DumpRange.java> 820dbcc4 addi r11,r11,0xcb0 (GhidraScript)  
INFO  DumpRange.java> 820dbcc8 stw r11,0x0(r3) (GhidraScript)  
INFO  DumpRange.java> 820dbccc b 0x820dba70 (GhidraScript)  
INFO  DumpRange.java> 820dbcd0 mfspr r12,LR (GhidraScript)  
INFO  DumpRange.java> 820dbcd4 stw r12,-0x8(r1) (GhidraScript)  
INFO  DumpRange.java> 820dbcd8 std r30,-0x18(r1) (GhidraScript)  
INFO  DumpRange.java> 820dbcdc std r31,-0x10(r1) (GhidraScript)  
INFO  DumpRange.java> 820dbce0 stwu r1,-0x70(r1) (GhidraScript)  
INFO  DumpRange.java> 820dbce4 lis r11,-0x7dff (GhidraScript)  
INFO  DumpRange.java> 820dbce8 or r31,r3,r3 (GhidraScript)  
INFO  DumpRange.java> 820dbcec addi r11,r11,0xcb0 (GhidraScript)  
INFO  DumpRange.java> 820dbcf0 or r30,r4,r4 (GhidraScript)  
INFO  DumpRange.java> 820dbcf4 stw r11,0x0(r31) (GhidraScript)  
INFO  DumpRange.java> 820dbcf8 bl 0x820dba70 (GhidraScript)  
INFO  DumpRange.java> 820dbcfc rlwinm r11,r30,0x0,0x1f,0x1f (GhidraScript)  
INFO  DumpRange.java> 820dbd00 or r3,r31,r31 (GhidraScript)  
INFO  DumpRange.java> 820dbd04 cmplwi cr6,r11,0x0 (GhidraScript)  
INFO  DumpRange.java> 820dbd08 beq cr6,0x820dbd14 (GhidraScript)  
INFO  DumpRange.java> 820dbd0c bl 0x82383670 (GhidraScript)  
INFO  DumpRange.java> 820dbd10 or r3,r31,r31 (GhidraScript)  
INFO  DumpRange.java> 820dbd14 addi r1,r1,0x70 (GhidraScript)  
INFO  DumpRange.java> 820dbd18 lwz r12,-0x8(r1) (GhidraScript)  
INFO  DumpRange.java> 820dbd1c mtspr LR,r12 (GhidraScript)  
INFO  DumpRange.java> 820dbd20 ld r30,-0x18(r1) (GhidraScript)  
INFO  DumpRange.java> 820dbd24 ld r31,-0x10(r1) (GhidraScript)  
INFO  DumpRange.java> 820dbd28 blr (GhidraScript)  
INFO  DumpRange.java> 820dbd2c <not-disassembled> (GhidraScript)  
INFO  DumpRange.java> 820dbd30 mfspr r12,LR (GhidraScript)  
INFO  DumpRange.java> 820dbd34 stw r12,-0x8(r1) (GhidraScript)  
INFO  DumpRange.java> 820dbd38 std r30,-0x18(r1) (GhidraScript)  
INFO  DumpRange.java> 820dbd3c std r31,-0x10(r1) (GhidraScript)  
INFO  DumpRange.java> 820dbd40 stwu r1,-0x70(r1) (GhidraScript)  
INFO  DumpRange.java> 820dbd44 lis r11,-0x7dfa (GhidraScript)  
INFO  DumpRange.java> 820dbd48 or r31,r3,r3 (GhidraScript)  
INFO  DumpRange.java> 820dbd4c subi r11,r11,0x5748 (GhidraScript)  
INFO  DumpRange.java> 820dbd50 or r30,r4,r4 (GhidraScript)  
INFO  DumpRange.java> 820dbd54 stw r11,0x0(r31) (GhidraScript)  
INFO  DumpRange.java> 820dbd58 bl 0x820dc3a0 (GhidraScript)  
INFO  DumpRange.java> 820dbd5c rlwinm r11,r30,0x0,0x1f,0x1f (GhidraScript)  
INFO  DumpRange.java> 820dbd60 or r3,r31,r31 (GhidraScript)  
INFO  DumpRange.java> 820dbd64 cmplwi cr6,r11,0x0 (GhidraScript)  
INFO  DumpRange.java> 820dbd68 beq cr6,0x820dbd74 (GhidraScript)  
INFO  DumpRange.java> 820dbd6c bl 0x82383670 (GhidraScript)  
INFO  DumpRange.java> 820dbd70 or r3,r31,r31 (GhidraScript)  
INFO  DumpRange.java> 820dbd74 addi r1,r1,0x70 (GhidraScript)  
INFO  DumpRange.java> 820dbd78 lwz r12,-0x8(r1) (GhidraScript)  
INFO  DumpRange.java> 820dbd7c mtspr LR,r12 (GhidraScript)  
INFO  DumpRange.java> 820dbd80 ld r30,-0x18(r1) (GhidraScript)  
INFO  DumpRange.java> 820dbd84 ld r31,-0x10(r1) (GhidraScript)  
INFO  DumpRange.java> 820dbd88 blr (GhidraScript)  
INFO  DumpRange.java> 820dbd8c <not-disassembled> (GhidraScript)  
INFO  DumpRange.java> 820dbd90 mfspr r12,LR (GhidraScript)  
INFO  DumpRange.java> 820dbd94 bl 0x823864e8 (GhidraScript)  
INFO  DumpRange.java> 820dbd98 stwu r1,-0xd0(r1) (GhidraScript)  
INFO  DumpRange.java> 820dbd9c or r28,r3,r3 (GhidraScript)  
INFO  DumpRange.java> 820dbda0 or r25,r5,r5 (GhidraScript)  
INFO  DumpRange.java> 820dbda4 or r24,r6,r6 (GhidraScript)  
INFO  DumpRange.java> 820dbda8 cmplwi cr6,r4,0x0 (GhidraScript)  
INFO  DumpRange.java> 820dbdac bne cr6,0x820dbdbc (GhidraScript)  
INFO  DumpRange.java> 820dbdb0 li r3,0x0 (GhidraScript)  
INFO  DumpRange.java> 820dbdb4 addi r1,r1,0xd0 (GhidraScript)  
INFO  DumpRange.java> 820dbdb8 b 0x82386538 (GhidraScript)  
INFO  DumpRange.java> 820dbdbc lis r11,-0x7d6c (GhidraScript)  
INFO  DumpRange.java> 820dbdc0 lwz r11,-0x4804(r11) (GhidraScript)  
INFO  DumpRange.java> 820dbdc4 cmplwi cr6,r11,0x0 (GhidraScript)  
INFO  DumpRange.java> 820dbdc8 beq cr6,0x820dbdb0 (GhidraScript)  
INFO  DumpRange.java> 820dbdcc lwz r11,0x4(r28) (GhidraScript)  
INFO  DumpRange.java> 820dbdd0 cmplwi cr6,r11,0x0 (GhidraScript)  
INFO  DumpRange.java> 820dbdd4 bne cr6,0x820dbdb0 (GhidraScript)  
INFO  DumpRange.java> 820dbdd8 li r31,0x0 (GhidraScript)  
INFO  DumpRange.java> 820dbddc li r27,0x1 (GhidraScript)  
INFO  DumpRange.java> 820dbde0 addi r3,r1,0x60 (GhidraScript)  
INFO  DumpRange.java> 820dbde4 stw r31,0x60(r1) (GhidraScript)  
INFO  DumpRange.java> 820dbde8 stw r31,0x64(r1) (GhidraScript)  
INFO  DumpRange.java> 820dbdec sth r31,0x68(r1) (GhidraScript)  
INFO  DumpRange.java> 820dbdf0 stb r27,0x6a(r1) (GhidraScript)  
INFO  DumpRange.java> 820dbdf4 stb r31,0x6b(r1) (GhidraScript)  
INFO  DumpRange.java> 820dbdf8 stw r31,0x6c(r1) (GhidraScript)  
INFO  DumpRange.java> 820dbdfc stw r31,0x70(r1) (GhidraScript)  
INFO  DumpRange.java> 820dbe00 stw r31,0x74(r1) (GhidraScript)  
INFO  DumpRange.java> 820dbe04 stw r31,0x78(r1) (GhidraScript)  
INFO  DumpRange.java> 820dbe08 stw r31,0x7c(r1) (GhidraScript)  
INFO  DumpRange.java> 820dbe0c stw r31,0x80(r1) (GhidraScript)  
INFO  DumpRange.java> 820dbe10 bl 0x82238218 (GhidraScript)  
INFO  DumpRange.java> 820dbe14 li r4,0x0 (GhidraScript)  
INFO  DumpRange.java> 820dbe18 addi r3,r1,0x60 (GhidraScript)  
INFO  DumpRange.java> 820dbe1c bl 0x822383d0 (GhidraScript)  
INFO  DumpRange.java> 820dbe20 or r26,r3,r3 (GhidraScript)  
INFO  DumpRange.java> 820dbe24 li r3,0x54 (GhidraScript)  
INFO  DumpRange.java> 820dbe28 bl 0x820ed668 (GhidraScript)  
INFO  DumpRange.java> 820dbe2c or r30,r3,r3 (GhidraScript)  
INFO  DumpRange.java> 820dbe30 cmplwi cr6,r30,0x0 (GhidraScript)  
INFO  DumpRange.java> 820dbe34 beq cr6,0x820dbe90 (GhidraScript)  
INFO  DumpRange.java> 820dbe38 lis r11,-0x7dfa (GhidraScript)  
INFO  DumpRange.java> 820dbe3c li r3,0xc (GhidraScript)  
INFO  DumpRange.java> 820dbe40 subi r11,r11,0x5714 (GhidraScript)  
INFO  DumpRange.java> 820dbe44 stw r11,0x0(r30) (GhidraScript)  
INFO  DumpRange.java> 820dbe48 stw r31,0x10(r30) (GhidraScript)  
INFO  DumpRange.java> 820dbe4c stw r31,0x14(r30) (GhidraScript)  
INFO  DumpRange.java> 820dbe50 stw r31,0x18(r30) (GhidraScript)  
INFO  DumpRange.java> 820dbe54 stw r31,0x20(r30) (GhidraScript)  
INFO  DumpRange.java> 820dbe58 stw r31,0x24(r30) (GhidraScript)  
INFO  DumpRange.java> 820dbe5c stw r31,0x28(r30) (GhidraScript)  
INFO  DumpRange.java> 820dbe60 bl 0x820ed668 (GhidraScript)  
INFO  DumpRange.java> 820dbe64 cmplwi cr6,r3,0x0 (GhidraScript)  
INFO  DumpRange.java> 820dbe68 beq cr6,0x820dbe70 (GhidraScript)  
INFO  DumpRange.java> 820dbe6c stw r3,0x0(r3) (GhidraScript)  
INFO  DumpRange.java> 820dbe70 addi r11,r3,0x4 (GhidraScript)  
INFO  DumpRange.java> 820dbe74 cmplwi cr6,r11,0x0 (GhidraScript)  
INFO  DumpRange.java> 820dbe78 beq cr6,0x820dbe80 (GhidraScript)  
INFO  DumpRange.java> 820dbe7c stw r3,0x0(r11) (GhidraScript)  
INFO  DumpRange.java> 820dbe80 or r29,r30,r30 (GhidraScript)  
INFO  DumpRange.java> 820dbe84 stw r3,0x30(r30) (GhidraScript)  
INFO  DumpRange.java> 820dbe88 stw r31,0x34(r30) (GhidraScript)  
INFO  DumpRange.java> 820dbe8c b 0x820dbe94 (GhidraScript)  
INFO  DumpRange.java> 820dbe90 or r29,r31,r31 (GhidraScript)  
INFO  DumpRange.java> 820dbe94 lwz r11,0x0(r29) (GhidraScript)  
INFO  DumpRange.java> 820dbe98 li r4,0x3838 (GhidraScript)  
INFO  DumpRange.java> 820dbe9c or r3,r29,r29 (GhidraScript)  
INFO  DumpRange.java> 820dbea0 lwz r11,0x4(r11) (GhidraScript)  
INFO  DumpRange.java> 820dbea4 mtspr CTR,r11 (GhidraScript)  
INFO  DumpRange.java> 820dbea8 bctrl (GhidraScript)  
INFO  DumpRange.java> 820dbeac cmplwi cr6,r3,0x0 (GhidraScript)  
INFO  DumpRange.java> 820dbeb0 beq cr6,0x820dbeec (GhidraScript)  
INFO  DumpRange.java> 820dbeb4 lis r11,-0x7dfa (GhidraScript)  
INFO  DumpRange.java> 820dbeb8 stw r31,0xc(r3) (GhidraScript)  
INFO  DumpRange.java> 820dbebc li r10,-0x1 (GhidraScript)  
INFO  DumpRange.java> 820dbec0 stb r31,0x1010(r3) (GhidraScript)  
INFO  DumpRange.java> 820dbec4 subi r11,r11,0x4324 (GhidraScript)  
INFO  DumpRange.java> 820dbec8 stb r31,0x1011(r3) (GhidraScript)  
INFO  DumpRange.java> 820dbecc li r9,0x3 (GhidraScript)  
INFO  DumpRange.java> 820dbed0 stw r31,0x1018(r3) (GhidraScript)  
INFO  DumpRange.java> 820dbed4 stw r31,0x101c(r3) (GhidraScript)  
INFO  DumpRange.java> 820dbed8 stw r10,0x8(r3) (GhidraScript)  
INFO  DumpRange.java> 820dbedc stw r11,0x0(r3) (GhidraScript)  
INFO  DumpRange.java> 820dbee0 or r11,r3,r3 (GhidraScript)  
INFO  DumpRange.java> 820dbee4 stw r9,0x1014(r3) (GhidraScript)  
INFO  DumpRange.java> 820dbee8 b 0x820dbef0 (GhidraScript)  
INFO  DumpRange.java> 820dbeec or r11,r31,r31 (GhidraScript)  
INFO  DumpRange.java> 820dbef0 stw r11,0x28(r28) (GhidraScript)  
INFO  DumpRange.java> 820dbef4 li r4,0xc (GhidraScript)  
INFO  DumpRange.java> 820dbef8 lwz r11,0x0(r29) (GhidraScript)  
INFO  DumpRange.java> 820dbefc or r3,r29,r29 (GhidraScript)  
INFO  DumpRange.java> 820dbf00 lwz r11,0x4(r11) (GhidraScript)  
INFO  DumpRange.java> 820dbf04 mtspr CTR,r11 (GhidraScript)  
INFO  DumpRange.java> 820dbf08 bctrl (GhidraScript)  
INFO  DumpRange.java> 820dbf0c cmplwi cr6,r3,0x0 (GhidraScript)  
INFO  DumpRange.java> 820dbf10 beq cr6,0x820dbf30 (GhidraScript)  
INFO  DumpRange.java> 820dbf14 lis r11,-0x7dfa (GhidraScript)  
INFO  DumpRange.java> 820dbf18 stb r27,0x8(r3) (GhidraScript)  
INFO  DumpRange.java> 820dbf1c stb r31,0x9(r3) (GhidraScript)  
INFO  DumpRange.java> 820dbf20 subi r10,r11,0x5e74 (GhidraScript)  
INFO  DumpRange.java> 820dbf24 or r11,r3,r3 (GhidraScript)  
INFO  DumpRange.java> 820dbf28 stw r10,0x0(r3) (GhidraScript)  
INFO  DumpRange.java> 820dbf2c b 0x820dbf34 (GhidraScript)  
INFO  DumpRange.java> 820dbf30 or r11,r31,r31 (GhidraScript)  
INFO  DumpRange.java> 820dbf34 stw r11,0x24(r28) (GhidraScript)  
INFO  DumpRange.java> 820dbf38 li r4,0x150 (GhidraScript)  
INFO  DumpRange.java> 820dbf3c lwz r11,0x0(r29) (GhidraScript)  
INFO  REPORT: Save succeeded for processed file: /default.xex (HeadlessAnalyzer)  
