openjdk version "21.0.11" 2026-04-21
OpenJDK Runtime Environment (build 21.0.11+10-1-26.04.2-Ubuntu)
OpenJDK 64-Bit Server VM (build 21.0.11+10-1-26.04.2-Ubuntu, mixed mode)
INFO  Using log config file: jar:file:/fastdata/lavaulta/auto-re-agent/.tools/ghidra_12.1.2_PUBLIC/Ghidra/Framework/Generic/lib/Generic.jar!/generic.log4j.xml (LoggingInitialization)  
INFO  Using log file: /home/lavaulta/.config/ghidra/ghidra_12.1.2_PUBLIC/application.log (LoggingInitialization)  
INFO  Loading user preferences: /home/lavaulta/.config/ghidra/ghidra_12.1.2_PUBLIC/preferences (Preferences)  
INFO  Searching for classes... (ClassSearcher)  
INFO  Ignoring class 'xexloaderwv.XEXLoaderWVLoader' from '/fastdata/lavaulta/auto-re-agent/.tools/ghidra_12.1.2_PUBLIC/Ghidra/Extensions/XEXLoaderWV/lib/XEXLoaderWV.jar'. Already found at '/fastdata/lavaulta/auto-re-agent/.tools/ghidra_12.1.2_PUBLIC/Ghidra/patch/XEXLoaderWV-java21.jar'. (ClassSearcher)  
INFO  Class search complete (1563 ms) (ClassSearcher)  
INFO  Initializing SSL Context (DefaultSSLContextInitializer)  
INFO  Initializing Random Number Generator... (SecureRandomFactory)  
INFO  Random Number Generator initialization complete: NativePRNGNonBlocking (SecureRandomFactory)  
INFO  Trust manager disabled, cacerts have not been set (DefaultTrustManagerFactory)  
INFO  Headless startup complete (3153 ms) (AnalyzeHeadless)  
INFO  Class searcher loaded 59 extension points (20 false positives) (ClassSearcher)  
INFO  HEADLESS Script Paths:
    /fastdata/lavaulta/auto-re-agent/.tools/ghidra_12.1.2_PUBLIC/Ghidra/Features/MicrosoftCodeAnalyzer/ghidra_scripts
    /fastdata/lavaulta/auto-re-agent/.tools/ghidra_12.1.2_PUBLIC/Ghidra/Features/PDB/ghidra_scripts
    /fastdata/lavaulta/auto-re-agent/.tools/ghidra_12.1.2_PUBLIC/Ghidra/Processors/8051/ghidra_scripts
    /fastdata/lavaulta/auto-re-agent/.tools/ghidra_12.1.2_PUBLIC/Ghidra/Features/Base/ghidra_scripts
    /fastdata/lavaulta/auto-re-agent/workspaces/ace-combat-6/scripts
    /fastdata/lavaulta/auto-re-agent/.tools/ghidra_12.1.2_PUBLIC/Ghidra/Features/FileFormats/ghidra_scripts
    /fastdata/lavaulta/auto-re-agent/.tools/ghidra_12.1.2_PUBLIC/Ghidra/Features/GnuDemangler/ghidra_scripts
    /fastdata/lavaulta/auto-re-agent/.tools/ghidra_12.1.2_PUBLIC/Ghidra/Extensions/ghidra-emotionengine-reloaded/ghidra_scripts
    /fastdata/lavaulta/auto-re-agent/.tools/ghidra_12.1.2_PUBLIC/Ghidra/Features/Decompiler/ghidra_scripts
    /fastdata/lavaulta/auto-re-agent/.tools/ghidra_12.1.2_PUBLIC/Ghidra/Features/FunctionID/ghidra_scripts
    /fastdata/lavaulta/auto-re-agent/.tools/ghidra_12.1.2_PUBLIC/Ghidra/Features/DecompilerDependent/ghidra_scripts
    /fastdata/lavaulta/auto-re-agent/.tools/ghidra_12.1.2_PUBLIC/Ghidra/Processors/DATA/ghidra_scripts
    /fastdata/lavaulta/auto-re-agent/.tools/ghidra_12.1.2_PUBLIC/Ghidra/Debug/Debugger-rmi-trace/ghidra_scripts
    /fastdata/lavaulta/auto-re-agent/.tools/ghidra_12.1.2_PUBLIC/Ghidra/Features/SwiftDemangler/ghidra_scripts
    /fastdata/lavaulta/auto-re-agent/.tools/ghidra_12.1.2_PUBLIC/Ghidra/Debug/Debugger/ghidra_scripts
    /fastdata/lavaulta/auto-re-agent/.tools/ghidra_12.1.2_PUBLIC/Ghidra/Processors/PIC/ghidra_scripts
    /fastdata/lavaulta/auto-re-agent/.tools/ghidra_12.1.2_PUBLIC/Ghidra/Extensions/XEXLoaderWV/ghidra_scripts
    /fastdata/lavaulta/auto-re-agent/.tools/ghidra_12.1.2_PUBLIC/Ghidra/Features/WildcardAssembler/ghidra_scripts
    /fastdata/lavaulta/auto-re-agent/.tools/ghidra_12.1.2_PUBLIC/Ghidra/Features/PyGhidra/ghidra_scripts
    /fastdata/lavaulta/auto-re-agent/.tools/ghidra_12.1.2_PUBLIC/Ghidra/Features/BSim/ghidra_scripts
    /fastdata/lavaulta/auto-re-agent/.tools/ghidra_12.1.2_PUBLIC/Ghidra/Features/VersionTracking/ghidra_scripts
    /fastdata/lavaulta/auto-re-agent/.tools/ghidra_12.1.2_PUBLIC/Ghidra/Features/BytePatterns/ghidra_scripts
    /fastdata/lavaulta/auto-re-agent/.tools/ghidra_12.1.2_PUBLIC/Ghidra/Processors/Atmel/ghidra_scripts
    /fastdata/lavaulta/auto-re-agent/.tools/ghidra_12.1.2_PUBLIC/Ghidra/Features/SystemEmulation/ghidra_scripts
    /fastdata/lavaulta/auto-re-agent/.tools/ghidra_12.1.2_PUBLIC/Ghidra/Processors/JVM/ghidra_scripts (HeadlessAnalyzer)  
INFO  HEADLESS: execution starts (HeadlessAnalyzer)  
INFO  Opening existing project: /fastdata/lavaulta/auto-re-agent/workspaces/ace-combat-6/ghidra-projects/ace-combat-6-corrected (HeadlessAnalyzer)  
INFO  Opening project: /fastdata/lavaulta/auto-re-agent/workspaces/ace-combat-6/ghidra-projects/ace-combat-6-corrected (HeadlessProject)  
INFO  REPORT: Processing project file: /default.xex (HeadlessAnalyzer)  
INFO  REPORT: Execute script: DumpRange.java '0x821ce088' '0x821ce260'  (HeadlessAnalyzer)  
INFO  SCRIPT: /fastdata/lavaulta/auto-re-agent/workspaces/ace-combat-6/scripts/DumpRange.java (HeadlessAnalyzer)  
INFO  DumpRange.java> 821ce088 li r20,0x0 (GhidraScript)  
INFO  DumpRange.java> 821ce08c addi r30,r1,0x140 (GhidraScript)  
INFO  DumpRange.java> 821ce090 or r31,r20,r20 (GhidraScript)  
INFO  DumpRange.java> 821ce094 or r4,r31,r31 (GhidraScript)  
INFO  DumpRange.java> 821ce098 li r3,0x1 (GhidraScript)  
INFO  DumpRange.java> 821ce09c bl 0x8233b470 (GhidraScript)  
INFO  DumpRange.java> 821ce0a0 or r4,r30,r30 (GhidraScript)  
INFO  DumpRange.java> 821ce0a4 bl 0x8233b428 (GhidraScript)  
INFO  DumpRange.java> 821ce0a8 addi r31,r31,0x1 (GhidraScript)  
INFO  DumpRange.java> 821ce0ac addi r30,r30,0x40 (GhidraScript)  
INFO  DumpRange.java> 821ce0b0 cmplwi cr6,r31,0x4 (GhidraScript)  
INFO  DumpRange.java> 821ce0b4 blt cr6,0x821ce094 (GhidraScript)  
INFO  DumpRange.java> 821ce0b8 lis r11,-0x7dfb (GhidraScript)  
INFO  DumpRange.java> 821ce0bc stb r20,0x18(r18) (GhidraScript)  
INFO  DumpRange.java> 821ce0c0 lis r9,-0x7df9 (GhidraScript)  
INFO  DumpRange.java> 821ce0c4 addi r19,r11,0x42b8 (GhidraScript)  
INFO  DumpRange.java> 821ce0c8 lis r11,-0x7d91 (GhidraScript)  
INFO  DumpRange.java> 821ce0cc lis r10,-0x7df9 (GhidraScript)  
INFO  DumpRange.java> 821ce0d0 subi r23,r11,0x2468 (GhidraScript)  
INFO  DumpRange.java> 821ce0d4 lis r11,0x0 (GhidraScript)  
INFO  DumpRange.java> 821ce0d8 lfs f30,-0x6210(r9) (GhidraScript)  
INFO  DumpRange.java> 821ce0dc lfs f29,0x4(r19) (GhidraScript)  
INFO  DumpRange.java> 821ce0e0 or r22,r20,r20 (GhidraScript)  
INFO  DumpRange.java> 821ce0e4 li r17,0x1 (GhidraScript)  
INFO  DumpRange.java> 821ce0e8 lfs f31,-0x6404(r10) (GhidraScript)  
INFO  DumpRange.java> 821ce0ec ori r21,r11,0x8000 (GhidraScript)  
INFO  DumpRange.java> 821ce0f0 or r10,r20,r20 (GhidraScript)  
INFO  DumpRange.java> 821ce0f4 addi r11,r1,0x140 (GhidraScript)  
INFO  DumpRange.java> 821ce0f8 lwz r9,0x4(r11) (GhidraScript)  
INFO  DumpRange.java> 821ce0fc cmpwi cr6,r9,-0x1 (GhidraScript)  
INFO  DumpRange.java> 821ce100 beq cr6,0x821ce11c (GhidraScript)  
INFO  DumpRange.java> 821ce104 addi r9,r22,0x2 (GhidraScript)  
INFO  DumpRange.java> 821ce108 lwz r8,0x0(r11) (GhidraScript)  
INFO  DumpRange.java> 821ce10c rlwinm r9,r9,0x2,0x0,0x1d (GhidraScript)  
INFO  DumpRange.java> 821ce110 lwzx r9,r9,r18 (GhidraScript)  
INFO  DumpRange.java> 821ce114 cmplw cr6,r8,r9 (GhidraScript)  
INFO  DumpRange.java> 821ce118 beq cr6,0x821ce130 (GhidraScript)  
INFO  DumpRange.java> 821ce11c addi r10,r10,0x1 (GhidraScript)  
INFO  DumpRange.java> 821ce120 addi r11,r11,0x40 (GhidraScript)  
INFO  DumpRange.java> 821ce124 cmplwi cr6,r10,0x4 (GhidraScript)  
INFO  DumpRange.java> 821ce128 blt cr6,0x821ce0f8 (GhidraScript)  
INFO  DumpRange.java> 821ce12c b 0x821ce8e4 (GhidraScript)  
INFO  DumpRange.java> 821ce130 addi r11,r22,0x2 (GhidraScript)  
INFO  DumpRange.java> 821ce134 lwz r9,0x4(r18) (GhidraScript)  
INFO  DumpRange.java> 821ce138 rlwinm r11,r11,0x2,0x0,0x1d (GhidraScript)  
INFO  DumpRange.java> 821ce13c lwzx r11,r11,r18 (GhidraScript)  
INFO  DumpRange.java> 821ce140 cmplw cr6,r11,r9 (GhidraScript)  
INFO  DumpRange.java> 821ce144 bne cr6,0x821ce14c (GhidraScript)  
INFO  DumpRange.java> 821ce148 stb r17,0x18(r18) (GhidraScript)  
INFO  DumpRange.java> 821ce14c rlwinm r11,r10,0x6,0x0,0x19 (GhidraScript)  
INFO  DumpRange.java> 821ce150 addi r10,r1,0x140 (GhidraScript)  
INFO  DumpRange.java> 821ce154 li r5,0x40 (GhidraScript)  
INFO  DumpRange.java> 821ce158 add r4,r11,r10 (GhidraScript)  
INFO  DumpRange.java> 821ce15c addi r3,r1,0x60 (GhidraScript)  
INFO  DumpRange.java> 821ce160 bl 0x821f6dd0 (GhidraScript)  
INFO  DumpRange.java> 821ce164 lwz r11,0x6c(r1) (GhidraScript)  
INFO  DumpRange.java> 821ce168 cmpwi cr6,r11,0x3 (GhidraScript)  
INFO  DumpRange.java> 821ce16c rlwinm r11,r22,0x2,0x0,0x1d (GhidraScript)  
INFO  DumpRange.java> 821ce170 add r11,r22,r11 (GhidraScript)  
INFO  DumpRange.java> 821ce174 rlwinm r11,r11,0x5,0x0,0x1a (GhidraScript)  
INFO  DumpRange.java> 821ce178 add r11,r11,r23 (GhidraScript)  
INFO  DumpRange.java> 821ce17c lwz r10,0x4(r11) (GhidraScript)  
INFO  DumpRange.java> 821ce180 beq cr6,0x821ce51c (GhidraScript)  
INFO  DumpRange.java> 821ce184 cmplwi cr6,r10,0x0 (GhidraScript)  
INFO  DumpRange.java> 821ce188 beq cr6,0x821ce190 (GhidraScript)  
INFO  DumpRange.java> 821ce18c stw r20,0x4(r11) (GhidraScript)  
INFO  DumpRange.java> 821ce190 lwz r10,0x78(r1) (GhidraScript)  
INFO  DumpRange.java> 821ce194 lwz r16,0x8(r11) (GhidraScript)  
INFO  DumpRange.java> 821ce198 rlwinm r9,r10,0x0,0x1f,0x1f (GhidraScript)  
INFO  DumpRange.java> 821ce19c rlwinm r8,r10,0x0,0x1e,0x1e (GhidraScript)  
INFO  DumpRange.java> 821ce1a0 rlwinm r6,r10,0x0,0x1c,0x1c (GhidraScript)  
INFO  DumpRange.java> 821ce1a4 rlwinm r4,r10,0x19,0x1a,0x1a (GhidraScript)  
INFO  DumpRange.java> 821ce1a8 rlwinm r31,r10,0x1a,0x18,0x18 (GhidraScript)  
INFO  DumpRange.java> 821ce1ac rlwinm r29,r10,0x0,0x16,0x16 (GhidraScript)  
INFO  DumpRange.java> 821ce1b0 rlwinm r27,r10,0x6,0x14,0x14 (GhidraScript)  
INFO  DumpRange.java> 821ce1b4 rlwinm r25,r10,0x6,0x12,0x12 (GhidraScript)  
INFO  DumpRange.java> 821ce1b8 rlwinm r7,r10,0x0,0x1d,0x1d (GhidraScript)  
INFO  DumpRange.java> 821ce1bc rlwinm r5,r10,0x15,0x1b,0x1b (GhidraScript)  
INFO  DumpRange.java> 821ce1c0 rlwinm r3,r10,0x18,0x19,0x19 (GhidraScript)  
INFO  DumpRange.java> 821ce1c4 rlwinm r30,r10,0x0,0x17,0x17 (GhidraScript)  
INFO  DumpRange.java> 821ce1c8 rlwinm r28,r10,0x6,0x15,0x15 (GhidraScript)  
INFO  DumpRange.java> 821ce1cc rlwinm r26,r10,0x6,0x13,0x13 (GhidraScript)  
INFO  DumpRange.java> 821ce1d0 lhz r10,0x94(r1) (GhidraScript)  
INFO  DumpRange.java> 821ce1d4 extsh r24,r10 (GhidraScript)  
INFO  DumpRange.java> 821ce1d8 or r10,r16,r9 (GhidraScript)  
INFO  DumpRange.java> 821ce1dc cmpwi cr6,r24,0x1e (GhidraScript)  
INFO  DumpRange.java> 821ce1e0 or r9,r10,r8 (GhidraScript)  
INFO  DumpRange.java> 821ce1e4 stw r10,0x8(r11) (GhidraScript)  
INFO  DumpRange.java> 821ce1e8 or r10,r9,r7 (GhidraScript)  
INFO  DumpRange.java> 821ce1ec stw r9,0x8(r11) (GhidraScript)  
INFO  DumpRange.java> 821ce1f0 or r9,r10,r6 (GhidraScript)  
INFO  DumpRange.java> 821ce1f4 stw r10,0x8(r11) (GhidraScript)  
INFO  DumpRange.java> 821ce1f8 or r10,r9,r5 (GhidraScript)  
INFO  DumpRange.java> 821ce1fc stw r9,0x8(r11) (GhidraScript)  
INFO  DumpRange.java> 821ce200 or r9,r10,r4 (GhidraScript)  
INFO  DumpRange.java> 821ce204 stw r10,0x8(r11) (GhidraScript)  
INFO  DumpRange.java> 821ce208 or r10,r9,r3 (GhidraScript)  
INFO  DumpRange.java> 821ce20c stw r9,0x8(r11) (GhidraScript)  
INFO  DumpRange.java> 821ce210 or r9,r10,r31 (GhidraScript)  
INFO  DumpRange.java> 821ce214 stw r10,0x8(r11) (GhidraScript)  
INFO  DumpRange.java> 821ce218 or r10,r9,r30 (GhidraScript)  
INFO  DumpRange.java> 821ce21c stw r9,0x8(r11) (GhidraScript)  
INFO  DumpRange.java> 821ce220 or r9,r10,r29 (GhidraScript)  
INFO  DumpRange.java> 821ce224 stw r10,0x8(r11) (GhidraScript)  
INFO  DumpRange.java> 821ce228 or r10,r9,r28 (GhidraScript)  
INFO  DumpRange.java> 821ce22c stw r9,0x8(r11) (GhidraScript)  
INFO  DumpRange.java> 821ce230 or r9,r10,r27 (GhidraScript)  
INFO  DumpRange.java> 821ce234 stw r10,0x8(r11) (GhidraScript)  
INFO  DumpRange.java> 821ce238 or r10,r9,r26 (GhidraScript)  
INFO  DumpRange.java> 821ce23c stw r9,0x8(r11) (GhidraScript)  
INFO  DumpRange.java> 821ce240 or r9,r10,r25 (GhidraScript)  
INFO  DumpRange.java> 821ce244 stw r10,0x8(r11) (GhidraScript)  
INFO  DumpRange.java> 821ce248 li r10,0x4000 (GhidraScript)  
INFO  DumpRange.java> 821ce24c stw r9,0x8(r11) (GhidraScript)  
INFO  DumpRange.java> 821ce250 bgt cr6,0x821ce258 (GhidraScript)  
INFO  DumpRange.java> 821ce254 or r10,r20,r20 (GhidraScript)  
INFO  DumpRange.java> 821ce258 or r9,r9,r10 (GhidraScript)  
INFO  DumpRange.java> 821ce25c lhz r10,0x96(r1) (GhidraScript)  
INFO  REPORT: Execute script: DumpRange.java '0x82214f88' '0x82215020'  (HeadlessAnalyzer)  
INFO  SCRIPT: /fastdata/lavaulta/auto-re-agent/workspaces/ace-combat-6/scripts/DumpRange.java (HeadlessAnalyzer)  
INFO  DumpRange.java> 82214f88 lwz r9,0xe44(r3) (GhidraScript)  
INFO  DumpRange.java> 82214f8c li r7,0x2 (GhidraScript)  
INFO  DumpRange.java> 82214f90 lwz r10,0xe48(r3) (GhidraScript)  
INFO  DumpRange.java> 82214f94 addi r11,r3,0x106c (GhidraScript)  
INFO  DumpRange.java> 82214f98 andc r8,r9,r10 (GhidraScript)  
INFO  DumpRange.java> 82214f9c andc r10,r10,r9 (GhidraScript)  
INFO  DumpRange.java> 82214fa0 li r9,0x1 (GhidraScript)  
INFO  DumpRange.java> 82214fa4 stw r8,0xe4c(r3) (GhidraScript)  
INFO  DumpRange.java> 82214fa8 stw r10,0xe50(r3) (GhidraScript)  
INFO  DumpRange.java> 82214fac lis r10,-0x7e00 (GhidraScript)  
INFO  DumpRange.java> 82214fb0 stw r8,0xe54(r3) (GhidraScript)  
INFO  DumpRange.java> 82214fb4 lfs f0,0x82c(r10) (GhidraScript)  
INFO  DumpRange.java> 82214fb8 subi r10,r7,0x2 (GhidraScript)  
INFO  DumpRange.java> 82214fbc lwz r8,0xe44(r3) (GhidraScript)  
INFO  DumpRange.java> 82214fc0 slw r10,r9,r10 (GhidraScript)  
INFO  DumpRange.java> 82214fc4 and r8,r10,r8 (GhidraScript)  
INFO  DumpRange.java> 82214fc8 cmplwi cr6,r8,0x0 (GhidraScript)  
INFO  DumpRange.java> 82214fcc beq cr6,0x82215008 (GhidraScript)  
INFO  DumpRange.java> 82214fd0 lfs f13,-0xc(r11) (GhidraScript)  
INFO  DumpRange.java> 82214fd4 lfs f12,-0x8(r11) (GhidraScript)  
INFO  DumpRange.java> 82214fd8 fcmpu cr6,f13,f12 (GhidraScript)  
INFO  DumpRange.java> 82214fdc blt cr6,0x82214ff8 (GhidraScript)  
INFO  DumpRange.java> 82214fe0 lwz r8,0xe54(r3) (GhidraScript)  
INFO  DumpRange.java> 82214fe4 lfs f13,0x105c(r3) (GhidraScript)  
INFO  DumpRange.java> 82214fe8 or r10,r8,r10 (GhidraScript)  
INFO  DumpRange.java> 82214fec stw r10,0xe54(r3) (GhidraScript)  
INFO  DumpRange.java> 82214ff0 stfs f13,-0x8(r11) (GhidraScript)  
INFO  DumpRange.java> 82214ff4 stfs f0,-0xc(r11) (GhidraScript)  
INFO  DumpRange.java> 82214ff8 lfs f13,-0xc(r11) (GhidraScript)  
INFO  DumpRange.java> 82214ffc fadds f13,f1,f13 (GhidraScript)  
INFO  DumpRange.java> 82215000 stfs f13,-0xc(r11) (GhidraScript)  
INFO  DumpRange.java> 82215004 b 0x82215014 (GhidraScript)  
INFO  DumpRange.java> 82215008 stfs f0,-0xc(r11) (GhidraScript)  
INFO  DumpRange.java> 8221500c lfs f13,0x1058(r3) (GhidraScript)  
INFO  DumpRange.java> 82215010 stfs f13,-0x8(r11) (GhidraScript)  
INFO  DumpRange.java> 82215014 subi r10,r7,0x1 (GhidraScript)  
INFO  DumpRange.java> 82215018 lwz r8,0xe44(r3) (GhidraScript)  
INFO  DumpRange.java> 8221501c slw r10,r9,r10 (GhidraScript)  
INFO  REPORT: Execute script: DumpRange.java '0x82215140' '0x82215210'  (HeadlessAnalyzer)  
INFO  SCRIPT: /fastdata/lavaulta/auto-re-agent/workspaces/ace-combat-6/scripts/DumpRange.java (HeadlessAnalyzer)  
INFO  DumpRange.java> 82215140 lwz r11,0x8(r4) (GhidraScript)  
INFO  DumpRange.java> 82215144 cmplwi cr6,r11,0x0 (GhidraScript)  
INFO  DumpRange.java> 82215148 beqlr cr6 (GhidraScript)  
INFO  DumpRange.java> 8221514c li r11,0x2 (GhidraScript)  
INFO  DumpRange.java> 82215150 addi r9,r3,0xc (GhidraScript)  
INFO  DumpRange.java> 82215154 li r10,0x1 (GhidraScript)  
INFO  DumpRange.java> 82215158 lwz r8,-0x4(r9) (GhidraScript)  
INFO  DumpRange.java> 8221515c lwz r7,0x8(r4) (GhidraScript)  
INFO  DumpRange.java> 82215160 and r8,r8,r7 (GhidraScript)  
INFO  DumpRange.java> 82215164 cmplwi cr6,r8,0x0 (GhidraScript)  
INFO  DumpRange.java> 82215168 beq cr6,0x82215180 (GhidraScript)  
INFO  DumpRange.java> 8221516c subi r8,r11,0x2 (GhidraScript)  
INFO  DumpRange.java> 82215170 lwz r7,0x0(r5) (GhidraScript)  
INFO  DumpRange.java> 82215174 slw r8,r10,r8 (GhidraScript)  
INFO  DumpRange.java> 82215178 or r8,r8,r7 (GhidraScript)  
INFO  DumpRange.java> 8221517c stw r8,0x0(r5) (GhidraScript)  
INFO  DumpRange.java> 82215180 lwz r8,0x0(r9) (GhidraScript)  
INFO  DumpRange.java> 82215184 lwz r7,0x8(r4) (GhidraScript)  
INFO  DumpRange.java> 82215188 and r8,r8,r7 (GhidraScript)  
INFO  DumpRange.java> 8221518c cmplwi cr6,r8,0x0 (GhidraScript)  
INFO  DumpRange.java> 82215190 beq cr6,0x822151a8 (GhidraScript)  
INFO  DumpRange.java> 82215194 subi r8,r11,0x1 (GhidraScript)  
INFO  DumpRange.java> 82215198 lwz r7,0x0(r5) (GhidraScript)  
INFO  DumpRange.java> 8221519c slw r8,r10,r8 (GhidraScript)  
INFO  DumpRange.java> 822151a0 or r8,r8,r7 (GhidraScript)  
INFO  DumpRange.java> 822151a4 stw r8,0x0(r5) (GhidraScript)  
INFO  DumpRange.java> 822151a8 lwz r8,0x4(r9) (GhidraScript)  
INFO  DumpRange.java> 822151ac lwz r7,0x8(r4) (GhidraScript)  
INFO  DumpRange.java> 822151b0 and r8,r8,r7 (GhidraScript)  
INFO  DumpRange.java> 822151b4 cmplwi cr6,r8,0x0 (GhidraScript)  
INFO  DumpRange.java> 822151b8 beq cr6,0x822151cc (GhidraScript)  
INFO  DumpRange.java> 822151bc lwz r8,0x0(r5) (GhidraScript)  
INFO  DumpRange.java> 822151c0 slw r7,r10,r11 (GhidraScript)  
INFO  DumpRange.java> 822151c4 or r8,r7,r8 (GhidraScript)  
INFO  DumpRange.java> 822151c8 stw r8,0x0(r5) (GhidraScript)  
INFO  DumpRange.java> 822151cc lwz r8,0x8(r9) (GhidraScript)  
INFO  DumpRange.java> 822151d0 lwz r7,0x8(r4) (GhidraScript)  
INFO  DumpRange.java> 822151d4 and r8,r8,r7 (GhidraScript)  
INFO  DumpRange.java> 822151d8 cmplwi cr6,r8,0x0 (GhidraScript)  
INFO  DumpRange.java> 822151dc beq cr6,0x822151f4 (GhidraScript)  
INFO  DumpRange.java> 822151e0 addi r8,r11,0x1 (GhidraScript)  
INFO  DumpRange.java> 822151e4 lwz r7,0x0(r5) (GhidraScript)  
INFO  DumpRange.java> 822151e8 slw r8,r10,r8 (GhidraScript)  
INFO  DumpRange.java> 822151ec or r8,r8,r7 (GhidraScript)  
INFO  DumpRange.java> 822151f0 stw r8,0x0(r5) (GhidraScript)  
INFO  DumpRange.java> 822151f4 addi r11,r11,0x4 (GhidraScript)  
INFO  DumpRange.java> 822151f8 addi r9,r9,0x10 (GhidraScript)  
INFO  DumpRange.java> 822151fc subi r8,r11,0x2 (GhidraScript)  
INFO  DumpRange.java> 82215200 cmpwi cr6,r8,0x20 (GhidraScript)  
INFO  DumpRange.java> 82215204 blt cr6,0x82215158 (GhidraScript)  
INFO  DumpRange.java> 82215208 blr (GhidraScript)  
INFO  DumpRange.java> 8221520c <not-disassembled> (GhidraScript)  
INFO  REPORT: Execute script: DumpRange.java '0x82215400' '0x822154ac'  (HeadlessAnalyzer)  
INFO  SCRIPT: /fastdata/lavaulta/auto-re-agent/workspaces/ace-combat-6/scripts/DumpRange.java (HeadlessAnalyzer)  
INFO  DumpRange.java> 82215400 stwu r1,-0x70(r1) (GhidraScript)  
INFO  DumpRange.java> 82215404 or r31,r3,r3 (GhidraScript)  
INFO  DumpRange.java> 82215408 lis r9,-0x7e00 (GhidraScript)  
INFO  DumpRange.java> 8221540c addi r29,r31,0xed8 (GhidraScript)  
INFO  DumpRange.java> 82215410 li r10,0x20 (GhidraScript)  
INFO  DumpRange.java> 82215414 or r11,r29,r29 (GhidraScript)  
INFO  DumpRange.java> 82215418 lfs f0,0x82c(r9) (GhidraScript)  
INFO  DumpRange.java> 8221541c subi r10,r10,0x1 (GhidraScript)  
INFO  DumpRange.java> 82215420 stfs f0,-0x80(r11) (GhidraScript)  
INFO  DumpRange.java> 82215424 stfs f0,0x0(r11) (GhidraScript)  
INFO  DumpRange.java> 82215428 addi r11,r11,0x4 (GhidraScript)  
INFO  DumpRange.java> 8221542c cmplwi cr6,r10,0x0 (GhidraScript)  
INFO  DumpRange.java> 82215430 bne cr6,0x8221541c (GhidraScript)  
INFO  DumpRange.java> 82215434 lwz r9,0xe44(r31) (GhidraScript)  
INFO  DumpRange.java> 82215438 li r11,0x0 (GhidraScript)  
INFO  DumpRange.java> 8221543c lis r10,-0x7d91 (GhidraScript)  
INFO  DumpRange.java> 82215440 addi r5,r31,0xe44 (GhidraScript)  
INFO  DumpRange.java> 82215444 subi r30,r10,0x2468 (GhidraScript)  
INFO  DumpRange.java> 82215448 addi r3,r31,0x4 (GhidraScript)  
INFO  DumpRange.java> 8221544c stw r9,0xe48(r31) (GhidraScript)  
INFO  DumpRange.java> 82215450 or r4,r30,r30 (GhidraScript)  
INFO  DumpRange.java> 82215454 stw r11,0xe44(r31) (GhidraScript)  
INFO  DumpRange.java> 82215458 stw r11,0xe4c(r31) (GhidraScript)  
INFO  DumpRange.java> 8221545c stw r11,0xe50(r31) (GhidraScript)  
INFO  DumpRange.java> 82215460 stw r11,0xe54(r31) (GhidraScript)  
INFO  DumpRange.java> 82215464 lbz r11,0x4(r3) (GhidraScript)  
INFO  DumpRange.java> 82215468 cmplwi cr6,r11,0x0 (GhidraScript)  
INFO  DumpRange.java> 8221546c beq cr6,0x82215488 (GhidraScript)  
INFO  DumpRange.java> 82215470 bl 0x82215140 (GhidraScript)  
INFO  DumpRange.java> 82215474 addi r9,r31,0xfd8 (GhidraScript)  
INFO  DumpRange.java> 82215478 addi r8,r31,0xf58 (GhidraScript)  
INFO  DumpRange.java> 8221547c or r7,r29,r29 (GhidraScript)  
INFO  DumpRange.java> 82215480 addi r6,r31,0xe58 (GhidraScript)  
INFO  DumpRange.java> 82215484 bl 0x82215210 (GhidraScript)  
INFO  DumpRange.java> 82215488 addi r4,r4,0xa0 (GhidraScript)  
INFO  DumpRange.java> 8221548c addi r11,r30,0x280 (GhidraScript)  
INFO  DumpRange.java> 82215490 addi r3,r3,0x390 (GhidraScript)  
INFO  DumpRange.java> 82215494 cmpw cr6,r4,r11 (GhidraScript)  
INFO  DumpRange.java> 82215498 blt cr6,0x82215464 (GhidraScript)  
INFO  DumpRange.java> 8221549c or r3,r31,r31 (GhidraScript)  
INFO  DumpRange.java> 822154a0 bl 0x82214f88 (GhidraScript)  
INFO  DumpRange.java> 822154a4 addi r1,r1,0x70 (GhidraScript)  
INFO  DumpRange.java> 822154a8 b 0x8238654c (GhidraScript)  
INFO  REPORT: Save succeeded for processed file: /default.xex (HeadlessAnalyzer)  
