[ac6-net] interposer active: log=1 bt=0 nonblock=0 port_offset=40000
[ac6-net] interposer active: log=1 bt=0 nonblock=0 port_offset=40000
[ac6-net] socket(domain=2 type=2 proto=17) = 99
[ac6-net] bind(fd=99 guest_port=999) remapped to host_port=40999 = 0
[ac6-net] ioctl(fd=99, WINSOCK FIONBIO, arg=16777216) -- Linux would reject this
[ac6-net]   -> translated to O_NONBLOCK=16777216 on fd 99
[ac6-net] recvfrom(fd=99 len=1281 flags=0) entering
[ac6-net] recvfrom(fd=99) = -1 EAGAIN
[ac6-net] recvfrom(fd=99 len=1281 flags=0) entering
[ac6-net] recvfrom(fd=99) = -1 EAGAIN
[ac6-net] recvfrom(fd=99 len=1281 flags=0) entering
[ac6-net] recvfrom(fd=99) = -1 EAGAIN
[ac6-net] recvfrom(fd=99 len=1281 flags=0) entering
[ac6-net] recvfrom(fd=99) = -1 EAGAIN
[ac6-net] recvfrom(fd=99 len=1281 flags=0) entering
[ac6-net] recvfrom(fd=99) = -1 EAGAIN
[ac6-net] recvfrom(fd=99 len=1281 flags=0) entering
[ac6-net] recvfrom(fd=99) = -1 EAGAIN
[ac6-net] recvfrom(fd=99 len=1281 flags=0) entering
[ac6-net] recvfrom(fd=99) = -1 EAGAIN
[ac6-net] interposer active: log=1 bt=0 nonblock=0 port_offset=40000
[ac6-net] interposer active: log=1 bt=0 nonblock=0 port_offset=40000
[ac6-net] interposer active: log=1 bt=0 nonblock=0 port_offset=40000
