i> 00000128 Build: canary_experimental@16e1eb8e2 on Jul 17 2026
i> 00000128 Storage root: Z:\fastdata\lavaulta\auto-re-agent\.tools\xenia-canary-windows\16e1eb8\app
i> 00000128 ----------- CONFIG DUMP -----------

[APU]
apu = "any"                                       	
enable_xmp = true                                 	
ffmpeg_verbose = false                            	
mute = false                                      	
use_dedicated_xma_thread = true                   	
xma_decoder = "new"                               	

[CPU]
break_condition_gpr = -1                          	
break_condition_op = "eq"                         	
break_condition_truncate = true                   	
break_condition_value = 0                         	
break_on_debugbreak = true                        	
break_on_instruction = 0                          	
break_on_start = false                            	
break_on_unimplemented_instructions = true        	
clock_no_scaling = false                          	
clock_source_raw = false                          	
cpu = "any"                                       	
debug_symbol_loader = false                       	
debugprint_trap_log = false                       	
disable_context_promotion = false                 	
disable_instruction_infocache = false             	
disable_prefetch_and_cachecontrol = true          	
disassemble_functions = false                     	
dump_translated_hir_functions = false             	
elide_e0_check = false                            	
emit_inline_mmio_checks = false                   	
emit_mmio_aware_stores_for_recorded_exception_addresses = true	
emit_source_annotations = false                   	
enable_early_precompilation = false               	
full_optimization_even_with_debug = false         	
ignore_trap_instructions = true                   	
ignore_undefined_externs = true                   	
inline_loadclock = false                          	
inline_mmio_access = true                         	
load_module_map = ""                              	
no_reserved_ops = false                           	
no_round_to_single = false                        	
permit_float_constant_evaluation = false          	
pvr = 7407360                                     	
record_mmio_access_exceptions = true              	
store_all_context_values = false                  	
trace_function_coverage = false                   	
trace_function_data = false                       	
trace_function_data_path = ""                     	
trace_function_references = false                 	
trace_functions = false                           	
use_fast_dot_product = false                      	
validate_hir = false                              	
writable_code_segments = false                    	

[Config]
defaults_date = 2026040912                        	

[Content]
license_mask = 0                                  	

[D3D12]
d3d12_adapter = -1                                	
d3d12_allow_variable_refresh_rate_and_tearing = true	
d3d12_bindless = true                             	
d3d12_break_on_error = false                      	
d3d12_break_on_warning = false                    	
d3d12_debug = false                               	
d3d12_dxbc_disasm = false                         	
d3d12_dxbc_disasm_dxilconv = false                	
d3d12_pipeline_creation_threads = -1              	
d3d12_queue_priority = 1                          	
d3d12_submit_on_primary_buffer_end = true         	
d3d12_tessellation_wireframe = false              	

[Display]
fullscreen = false                                	
host_present_from_non_ui_thread = true            	
postprocess_antialiasing = ""                     	
postprocess_dither = true                         	
postprocess_ffx_cas_additional_sharpness = 0      	
postprocess_ffx_fsr_max_upsampling_passes = 4     	
postprocess_ffx_fsr_sharpness_reduction = 0.20000000298023224	
postprocess_scaling_and_sharpening = ""           	
present_letterbox = true                          	
present_render_pass_clear = true                  	
present_safe_area_x = 100                         	
present_safe_area_y = 100                         	

[GPU]
anisotropic_override = -1                         	
async_shader_compilation = true                   	
clear_memory_page_state = false                   	
depth_float24_convert_in_pixel_shader = false     	
depth_float24_round = false                       	
depth_transfer_not_equal_test = true              	
disassemble_pm4 = false                           	
draw_resolution_scale_x = 1                       	
draw_resolution_scale_y = 1                       	
draw_resolution_scaled_texture_offsets = true     	
dump_shaders = ""                                 	
dxbc_source_map = false                           	
dxbc_switch = true                                	
execute_unclipped_draw_vs_on_cpu = true           	
execute_unclipped_draw_vs_on_cpu_for_psi_render_backend = true	
execute_unclipped_draw_vs_on_cpu_with_scissor = false	
force_convert_line_loops_to_strips = false        	
force_convert_quad_lists_to_triangle_lists = false	
force_convert_triangle_fans_to_lists = false      	
framerate_limit = 0                               	
gamma_decode_pwl_resolve = true                   	
gamma_render_target_as_unorm16 = true             	
gpu = "vulkan"                                    	
gpu_3d_to_2d_texture = true                       	
gpu_allow_invalid_fetch_constants = true          	
gpu_allow_invalid_upload_range = false            	
half_pixel_offset = true                          	
ignore_32bit_vertex_index_support = false         	
log_guest_driven_gpu_register_written_values = false	
log_ringbuffer_kickoff_initiator_bts = false      	
mrt_edram_used_range_clamp_to_min = true          	
native_2x_msaa = true                             	
native_stencil_value_output = true                	
native_stencil_value_output_d3d12_intel = false   	
no_discard_stencil_in_transfer_pipelines = false  	
non_seamless_cube_map = true                      	
occlusion_query = "fast"                          	
occlusion_query_fake_lower_threshold = 80         	
occlusion_query_fake_upper_threshold = 100        	
occlusion_query_querybatch_range = 0              	
occlusion_query_saturation = 1                    	
primitive_processor_cache_min_indices = 4096      	
readback_memexport = false                        	
readback_resolve = "none"                         	
render_target_path_d3d12 = ""                     	
render_target_path_vulkan = ""                    	
resolve_check_number_format = false               	
resolve_resolution_scale_fill_half_pixel_offset = true	
snorm16_render_target_full_range = true           	
store_shaders = true                              	
target_trace_file = ""                            	
texture_cache_memory_limit_hard = 768             	
texture_cache_memory_limit_render_to_texture = 24 	
texture_cache_memory_limit_soft = 384             	
texture_cache_memory_limit_soft_lifetime = 30     	
tiled_shared_memory = true                        	
trace_dump_path = ""                              	
trace_gpu_prefix = "scratch/gpu/"                 	
trace_gpu_stream = false                          	
use_fuzzy_alpha_epsilon = false                   	
vsync = true                                      	

[General]
allow_game_relative_writes = false                	
allow_plugins = false                             	
apply_patches = true                              	
controller_hotkeys = false                        	
debug = false                                     	
disable_doubleclick_fullscreen = false            	
discord = true                                    	
launch_module = ""                                	
notification_sound_path = ""                      	
priority_class = 0                                	
recent_titles_entry_amount = 10                   	
time_scalar = 1                                   	

[HACKS]
ac6_ground_fix = true                             	

[HID]
guide_button = true                               	
hid = "winkey"                                    	
keyboard_mode = 1                                 	
keyboard_user_index = 0                           	
left_stick_deadzone_percentage = 0                	
right_stick_deadzone_percentage = 0               	
vibration = true                                  	

[HID.WinKey]
keybind_a = "K"                                   	
keybind_b = "I"                                   	
keybind_back = "0x08"                             	
keybind_dpad_down = "0x62"                        	
keybind_dpad_left = "0x64"                        	
keybind_dpad_right = "0x66"                       	
keybind_dpad_up = "0x68"                          	
keybind_guide = "G"                               	
keybind_left_shoulder = "R"                       	
keybind_left_thumb = "F"                          	
keybind_left_thumb_down = "_S"                    	
keybind_left_thumb_left = "_Q"                    	
keybind_left_thumb_right = "_D"                   	
keybind_left_thumb_up = "_Z"                      	
keybind_left_trigger = "A"                        	
keybind_right_shoulder = "T"                      	
keybind_right_thumb = "H"                         	
keybind_right_thumb_down = "0x28"                 	
keybind_right_thumb_left = "0x25"                 	
keybind_right_thumb_right = "0x27"                	
keybind_right_thumb_up = "0x26"                   	
keybind_right_trigger = "E"                       	
keybind_start = "0x0D"                            	
keybind_x = "J"                                   	
keybind_y = "U"                                   	

[Kernel]
allow_avatar_initialization = false               	
allow_incompatible_title_update = true            	
apply_title_update = true                         	
cl = ""                                           	
console_type = 0                                  	
default_achievements_backend = "GPD"              	
ignore_thread_affinities = true                   	
ignore_thread_priorities = false                  	
kernel_build_version = 1888                       	
kernel_cert_monitor = false                       	
kernel_debug_monitor = false                      	
kernel_display_gamma_power = 2.22222233           	
kernel_display_gamma_type = 2                     	
kernel_pix = false                                	
staging_mode = false                              	

[Logging]
enable_console = false                            	
flush_log = true                                  	
log_file = ""                                     	
log_high_frequency_kernel_calls = false           	
log_level = 2                                     	
log_mask = 0                                      	
log_string_format_kernel_calls = false            	
log_to_debugprint = false                         	
log_to_stdout = true                              	

[Memory]
ignore_offset_for_ranged_allocations = false      	
protect_on_release = false                        	
protect_zero = true                               	
scribble_heap = false                             	
scribble_heap_value = 0                           	
writable_executable_memory = true                 	

[Profiles]
logged_profile_slot_0_xuid = "E030000042B27D70"   	
logged_profile_slot_1_xuid = ""                   	
logged_profile_slot_2_xuid = ""                   	
logged_profile_slot_3_xuid = ""                   	

[SDL]
mappings_file = "gamecontrollerdb.txt"            	

[Storage]
cache_root = ""                                   	
content_root = ""                                 	
force_mount_devkit = false                        	
mount_cache = true                                	
mount_memory_unit = false                         	
mount_scratch = false                             	
storage_root = ""                                 	

[UI]
custom_font_path = ""                             	
font_size = 14                                    	
headless = false                                  	
imgui_debug = false                               	
profiler_dpi_scaling = false                      	
show_achievement_notification = false             	
show_profiler = false                             	
storage_selection_dialog = false                  	
window_size_x = 1280                              	
window_size_y = 720                               	

[Video]
avpack = 8                                        	
custom_internal_display_resolution_x = 0          	
custom_internal_display_resolution_y = 0          	
enable_3d_mode = false                            	
interlaced = false                                	

[Vulkan]
vulkan_allow_present_mode_fifo_relaxed = true     	
vulkan_allow_present_mode_immediate = true        	
vulkan_allow_present_mode_mailbox = true          	
vulkan_device = -1                                	
vulkan_log_debug_messages = true                  	
vulkan_pipeline_creation_threads = -1             	
vulkan_semaphore_reuse_workaround = false         	
vulkan_sparse_shared_memory = true                	
vulkan_validation = false                         	

[Win32]
win32_high_resolution_timer = true                	
win32_mmcss = true                                	

[x64]
align_all_basic_blocks = 0                        	
delay_via_maybeyield = false                      	
enable_host_guest_stack_synchronization = true    	
enable_incorrect_roundingmode_behavior = false    	
enable_rmw_context_merging = false                	
instrument_call_times = false                     	
max_stackpoints = 65536                           	
x64_extension_mask = -1                           	
xop_arithmetic_right_shifts = false               	
xop_compares = true                               	
xop_left_shifts = false                           	
xop_right_shifts = false                          	
xop_rotates = false                               	
----------- END OF CONFIG DUMP ----
i> 00000128 Loaded config: Z:\fastdata\lavaulta\auto-re-agent\.tools\xenia-canary-windows\16e1eb8\app\xenia-canary.config.toml
i> 00000128 Content root: Z:\fastdata\lavaulta\auto-re-agent\.tools\xenia-canary-windows\16e1eb8\app\content
i> 00000128 Host cache root: Z:\fastdata\lavaulta\auto-re-agent\.tools\xenia-canary-windows\16e1eb8\app\cache_host
w> 00000128 Unable to load Japanese font; JP characters will be boxes
w> 00000128 Unable to load Japanese font; JP characters will be boxes
!> 00000128 CreateWindowExW failed
!> 00000128 Failed to open the platform window
!> 00000128 Failed to create the main emulator window
i> 00000128 Cheap-skate exit!
