openjdk version "21.0.11" 2026-04-21
OpenJDK Runtime Environment (build 21.0.11+10-1-26.04.2-Ubuntu)
OpenJDK 64-Bit Server VM (build 21.0.11+10-1-26.04.2-Ubuntu, mixed mode)
INFO  Using log config file: jar:file:/fastdata/lavaulta/auto-re-agent/.tools/ghidra_12.1.2_PUBLIC/Ghidra/Framework/Generic/lib/Generic.jar!/generic.log4j.xml (LoggingInitialization)  
INFO  Using log file: /home/lavaulta/.config/ghidra/ghidra_12.1.2_PUBLIC/application.log (LoggingInitialization)  
INFO  Loading user preferences: /home/lavaulta/.config/ghidra/ghidra_12.1.2_PUBLIC/preferences (Preferences)  
INFO  Searching for classes... (ClassSearcher)  
INFO  Ignoring class 'xexloaderwv.XEXLoaderWVLoader' from '/fastdata/lavaulta/auto-re-agent/.tools/ghidra_12.1.2_PUBLIC/Ghidra/Extensions/XEXLoaderWV/lib/XEXLoaderWV.jar'. Already found at '/fastdata/lavaulta/auto-re-agent/.tools/ghidra_12.1.2_PUBLIC/Ghidra/patch/XEXLoaderWV-java21.jar'. (ClassSearcher)  
INFO  Class search complete (1597 ms) (ClassSearcher)  
INFO  Initializing SSL Context (DefaultSSLContextInitializer)  
INFO  Initializing Random Number Generator... (SecureRandomFactory)  
INFO  Random Number Generator initialization complete: NativePRNGNonBlocking (SecureRandomFactory)  
INFO  Trust manager disabled, cacerts have not been set (DefaultTrustManagerFactory)  
INFO  Headless startup complete (3227 ms) (AnalyzeHeadless)  
INFO  Class searcher loaded 59 extension points (20 false positives) (ClassSearcher)  
INFO  HEADLESS Script Paths:
    /fastdata/lavaulta/auto-re-agent/.tools/ghidra_12.1.2_PUBLIC/Ghidra/Features/MicrosoftCodeAnalyzer/ghidra_scripts
    /fastdata/lavaulta/auto-re-agent/.tools/ghidra_12.1.2_PUBLIC/Ghidra/Features/PDB/ghidra_scripts
    /fastdata/lavaulta/auto-re-agent/.tools/ghidra_12.1.2_PUBLIC/Ghidra/Processors/8051/ghidra_scripts
    /fastdata/lavaulta/auto-re-agent/.tools/ghidra_12.1.2_PUBLIC/Ghidra/Features/Base/ghidra_scripts
    /fastdata/lavaulta/auto-re-agent/workspaces/ace-combat-6/scripts
    /fastdata/lavaulta/auto-re-agent/.tools/ghidra_12.1.2_PUBLIC/Ghidra/Features/FileFormats/ghidra_scripts
    /fastdata/lavaulta/auto-re-agent/.tools/ghidra_12.1.2_PUBLIC/Ghidra/Features/GnuDemangler/ghidra_scripts
    /fastdata/lavaulta/auto-re-agent/.tools/ghidra_12.1.2_PUBLIC/Ghidra/Extensions/ghidra-emotionengine-reloaded/ghidra_scripts
    /fastdata/lavaulta/auto-re-agent/.tools/ghidra_12.1.2_PUBLIC/Ghidra/Features/Decompiler/ghidra_scripts
    /fastdata/lavaulta/auto-re-agent/.tools/ghidra_12.1.2_PUBLIC/Ghidra/Features/FunctionID/ghidra_scripts
    /fastdata/lavaulta/auto-re-agent/.tools/ghidra_12.1.2_PUBLIC/Ghidra/Features/DecompilerDependent/ghidra_scripts
    /fastdata/lavaulta/auto-re-agent/.tools/ghidra_12.1.2_PUBLIC/Ghidra/Processors/DATA/ghidra_scripts
    /fastdata/lavaulta/auto-re-agent/.tools/ghidra_12.1.2_PUBLIC/Ghidra/Debug/Debugger-rmi-trace/ghidra_scripts
    /fastdata/lavaulta/auto-re-agent/.tools/ghidra_12.1.2_PUBLIC/Ghidra/Features/SwiftDemangler/ghidra_scripts
    /fastdata/lavaulta/auto-re-agent/.tools/ghidra_12.1.2_PUBLIC/Ghidra/Debug/Debugger/ghidra_scripts
    /fastdata/lavaulta/auto-re-agent/.tools/ghidra_12.1.2_PUBLIC/Ghidra/Processors/PIC/ghidra_scripts
    /fastdata/lavaulta/auto-re-agent/.tools/ghidra_12.1.2_PUBLIC/Ghidra/Extensions/XEXLoaderWV/ghidra_scripts
    /fastdata/lavaulta/auto-re-agent/.tools/ghidra_12.1.2_PUBLIC/Ghidra/Features/WildcardAssembler/ghidra_scripts
    /fastdata/lavaulta/auto-re-agent/.tools/ghidra_12.1.2_PUBLIC/Ghidra/Features/PyGhidra/ghidra_scripts
    /fastdata/lavaulta/auto-re-agent/.tools/ghidra_12.1.2_PUBLIC/Ghidra/Features/BSim/ghidra_scripts
    /fastdata/lavaulta/auto-re-agent/.tools/ghidra_12.1.2_PUBLIC/Ghidra/Features/VersionTracking/ghidra_scripts
    /fastdata/lavaulta/auto-re-agent/.tools/ghidra_12.1.2_PUBLIC/Ghidra/Features/BytePatterns/ghidra_scripts
    /fastdata/lavaulta/auto-re-agent/.tools/ghidra_12.1.2_PUBLIC/Ghidra/Processors/Atmel/ghidra_scripts
    /fastdata/lavaulta/auto-re-agent/.tools/ghidra_12.1.2_PUBLIC/Ghidra/Features/SystemEmulation/ghidra_scripts
    /fastdata/lavaulta/auto-re-agent/.tools/ghidra_12.1.2_PUBLIC/Ghidra/Processors/JVM/ghidra_scripts (HeadlessAnalyzer)  
INFO  HEADLESS: execution starts (HeadlessAnalyzer)  
INFO  Opening existing project: /fastdata/lavaulta/auto-re-agent/workspaces/ace-combat-6/ghidra-projects/ace-combat-6-corrected (HeadlessAnalyzer)  
INFO  Opening project: /fastdata/lavaulta/auto-re-agent/workspaces/ace-combat-6/ghidra-projects/ace-combat-6-corrected (HeadlessProject)  
INFO  REPORT: Processing project file: /default.xex (HeadlessAnalyzer)  
INFO  REPORT: Execute script: DumpRange.java '0x82093c80' '0x82093e40'  (HeadlessAnalyzer)  
INFO  SCRIPT: /fastdata/lavaulta/auto-re-agent/workspaces/ace-combat-6/scripts/DumpRange.java (HeadlessAnalyzer)  
INFO  DumpRange.java> 82093c80 stw r10,0x50(r27) (GhidraScript)  
INFO  DumpRange.java> 82093c84 add r3,r11,r31 (GhidraScript)  
INFO  DumpRange.java> 82093c88 bl 0x822383d0 (GhidraScript)  
INFO  DumpRange.java> 82093c8c cmplwi cr6,r3,0x0 (GhidraScript)  
INFO  DumpRange.java> 82093c90 bne cr6,0x82093c9c (GhidraScript)  
INFO  DumpRange.java> 82093c94 li r10,0x0 (GhidraScript)  
INFO  DumpRange.java> 82093c98 b 0x82093ca4 (GhidraScript)  
INFO  DumpRange.java> 82093c9c bl 0x82093d38 (GhidraScript)  
INFO  DumpRange.java> 82093ca0 or r10,r3,r3 (GhidraScript)  
INFO  DumpRange.java> 82093ca4 lwz r11,-0x45f0(r26) (GhidraScript)  
INFO  DumpRange.java> 82093ca8 li r4,0x10 (GhidraScript)  
INFO  DumpRange.java> 82093cac stw r10,0x54(r27) (GhidraScript)  
INFO  DumpRange.java> 82093cb0 add r3,r11,r31 (GhidraScript)  
INFO  DumpRange.java> 82093cb4 bl 0x822383d0 (GhidraScript)  
INFO  DumpRange.java> 82093cb8 cmplwi cr6,r3,0x0 (GhidraScript)  
INFO  DumpRange.java> 82093cbc bne cr6,0x82093cd0 (GhidraScript)  
INFO  DumpRange.java> 82093cc0 li r11,0x0 (GhidraScript)  
INFO  DumpRange.java> 82093cc4 stw r11,0x58(r27) (GhidraScript)  
INFO  DumpRange.java> 82093cc8 addi r1,r1,0x290 (GhidraScript)  
INFO  DumpRange.java> 82093ccc b 0x8238653c (GhidraScript)  
INFO  DumpRange.java> 82093cd0 bl 0x82093d38 (GhidraScript)  
INFO  DumpRange.java> 82093cd4 stw r3,0x58(r27) (GhidraScript)  
INFO  DumpRange.java> 82093cd8 addi r1,r1,0x290 (GhidraScript)  
INFO  DumpRange.java> 82093cdc b 0x8238653c (GhidraScript)  
INFO  DumpRange.java> 82093ce0 mfspr r12,LR (GhidraScript)  
INFO  DumpRange.java> 82093ce4 bl 0x823864f8 (GhidraScript)  
INFO  DumpRange.java> 82093ce8 stwu r1,-0x80(r1) (GhidraScript)  
INFO  DumpRange.java> 82093cec addi r31,r3,0x4 (GhidraScript)  
INFO  DumpRange.java> 82093cf0 li r28,0x16 (GhidraScript)  
INFO  DumpRange.java> 82093cf4 lis r30,-0x7d8a (GhidraScript)  
INFO  DumpRange.java> 82093cf8 li r29,0x0 (GhidraScript)  
INFO  DumpRange.java> 82093cfc lwz r3,0x0(r31) (GhidraScript)  
INFO  DumpRange.java> 82093d00 cmplwi cr6,r3,0x0 (GhidraScript)  
INFO  DumpRange.java> 82093d04 beq cr6,0x82093d1c (GhidraScript)  
INFO  DumpRange.java> 82093d08 bl 0x82227be8 (GhidraScript)  
INFO  DumpRange.java> 82093d0c lwz r3,-0x70d0(r30) (GhidraScript)  
INFO  DumpRange.java> 82093d10 lwz r4,0x0(r31) (GhidraScript)  
INFO  DumpRange.java> 82093d14 bl 0x82226520 (GhidraScript)  
INFO  DumpRange.java> 82093d18 stw r29,0x0(r31) (GhidraScript)  
INFO  DumpRange.java> 82093d1c subi r28,r28,0x1 (GhidraScript)  
INFO  DumpRange.java> 82093d20 addi r31,r31,0x4 (GhidraScript)  
INFO  DumpRange.java> 82093d24 cmplwi cr6,r28,0x0 (GhidraScript)  
INFO  DumpRange.java> 82093d28 bne cr6,0x82093cfc (GhidraScript)  
INFO  DumpRange.java> 82093d2c addi r1,r1,0x80 (GhidraScript)  
INFO  DumpRange.java> 82093d30 b 0x82386548 (GhidraScript)  
INFO  DumpRange.java> 82093d34 <not-disassembled> (GhidraScript)  
INFO  DumpRange.java> 82093d38 mfspr r12,LR (GhidraScript)  
INFO  DumpRange.java> 82093d3c bl 0x823864f8 (GhidraScript)  
INFO  DumpRange.java> 82093d40 stwu r1,-0x80(r1) (GhidraScript)  
INFO  DumpRange.java> 82093d44 lis r31,-0x7d96 (GhidraScript)  
INFO  DumpRange.java> 82093d48 or r29,r3,r3 (GhidraScript)  
INFO  DumpRange.java> 82093d4c li r5,0x0 (GhidraScript)  
INFO  DumpRange.java> 82093d50 or r4,r29,r29 (GhidraScript)  
INFO  DumpRange.java> 82093d54 lwz r3,0x728(r31) (GhidraScript)  
INFO  DumpRange.java> 82093d58 lwz r11,0x0(r3) (GhidraScript)  
INFO  DumpRange.java> 82093d5c lwz r11,0x24(r11) (GhidraScript)  
INFO  DumpRange.java> 82093d60 mtspr CTR,r11 (GhidraScript)  
INFO  DumpRange.java> 82093d64 bctrl (GhidraScript)  
INFO  DumpRange.java> 82093d68 lis r11,-0x7d8a (GhidraScript)  
INFO  DumpRange.java> 82093d6c or r4,r3,r3 (GhidraScript)  
INFO  DumpRange.java> 82093d70 li r6,0x0 (GhidraScript)  
INFO  DumpRange.java> 82093d74 li r5,0x10 (GhidraScript)  
INFO  DumpRange.java> 82093d78 lwz r3,-0x70d0(r11) (GhidraScript)  
INFO  DumpRange.java> 82093d7c bl 0x82226498 (GhidraScript)  
INFO  DumpRange.java> 82093d80 lwz r11,0x728(r31) (GhidraScript)  
INFO  DumpRange.java> 82093d84 addi r10,r1,0x50 (GhidraScript)  
INFO  DumpRange.java> 82093d88 li r28,0x0 (GhidraScript)  
INFO  DumpRange.java> 82093d8c stw r3,0x50(r1) (GhidraScript)  
INFO  DumpRange.java> 82093d90 stw r10,0x4(r11) (GhidraScript)  
INFO  DumpRange.java> 82093d94 stw r28,0x8(r11) (GhidraScript)  
INFO  DumpRange.java> 82093d98 lwz r11,0x728(r31) (GhidraScript)  
INFO  DumpRange.java> 82093d9c lwz r10,0x4(r11) (GhidraScript)  
INFO  DumpRange.java> 82093da0 cmplwi cr6,r10,0x0 (GhidraScript)  
INFO  DumpRange.java> 82093da4 beq cr6,0x82093dc8 (GhidraScript)  
INFO  DumpRange.java> 82093da8 rlwinm r10,r10,0x0,0x0,0x1f (GhidraScript)  
INFO  DumpRange.java> 82093dac lwz r3,0x0(r10) (GhidraScript)  
INFO  DumpRange.java> 82093db0 cmplwi cr6,r3,0x0 (GhidraScript)  
INFO  DumpRange.java> 82093db4 beq cr6,0x82093dc8 (GhidraScript)  
INFO  DumpRange.java> 82093db8 bl 0x822283e8 (GhidraScript)  
INFO  DumpRange.java> 82093dbc lwz r11,0x728(r31) (GhidraScript)  
INFO  DumpRange.java> 82093dc0 or r30,r3,r3 (GhidraScript)  
INFO  DumpRange.java> 82093dc4 b 0x82093dcc (GhidraScript)  
INFO  DumpRange.java> 82093dc8 or r30,r28,r28 (GhidraScript)  
INFO  DumpRange.java> 82093dcc li r5,0x10 (GhidraScript)  
INFO  DumpRange.java> 82093dd0 li r4,0x120 (GhidraScript)  
INFO  DumpRange.java> 82093dd4 or r3,r11,r11 (GhidraScript)  
INFO  DumpRange.java> 82093dd8 bl 0x82228da8 (GhidraScript)  
INFO  DumpRange.java> 82093ddc lwz r3,0x728(r31) (GhidraScript)  
INFO  DumpRange.java> 82093de0 li r7,0x9a (GhidraScript)  
INFO  DumpRange.java> 82093de4 li r6,0x0 (GhidraScript)  
INFO  DumpRange.java> 82093de8 or r5,r29,r29 (GhidraScript)  
INFO  DumpRange.java> 82093dec or r4,r30,r30 (GhidraScript)  
INFO  DumpRange.java> 82093df0 lwz r11,0x0(r3) (GhidraScript)  
INFO  DumpRange.java> 82093df4 lwz r11,0x10(r11) (GhidraScript)  
INFO  DumpRange.java> 82093df8 mtspr CTR,r11 (GhidraScript)  
INFO  DumpRange.java> 82093dfc bctrl (GhidraScript)  
INFO  DumpRange.java> 82093e00 lwz r11,0x728(r31) (GhidraScript)  
INFO  DumpRange.java> 82093e04 or r3,r30,r30 (GhidraScript)  
INFO  DumpRange.java> 82093e08 stw r28,0x4(r11) (GhidraScript)  
INFO  DumpRange.java> 82093e0c stw r28,0x8(r11) (GhidraScript)  
INFO  DumpRange.java> 82093e10 addi r1,r1,0x80 (GhidraScript)  
INFO  DumpRange.java> 82093e14 b 0x82386548 (GhidraScript)  
INFO  DumpRange.java> 82093e18 mfspr r12,LR (GhidraScript)  
INFO  DumpRange.java> 82093e1c stw r12,-0x8(r1) (GhidraScript)  
INFO  DumpRange.java> 82093e20 std r31,-0x10(r1) (GhidraScript)  
INFO  DumpRange.java> 82093e24 stwu r1,-0x80(r1) (GhidraScript)  
INFO  DumpRange.java> 82093e28 lis r31,-0x7d8a (GhidraScript)  
INFO  DumpRange.java> 82093e2c lwz r3,-0x70d0(r31) (GhidraScript)  
INFO  DumpRange.java> 82093e30 bl 0x82225830 (GhidraScript)  
INFO  DumpRange.java> 82093e34 lis r11,-0x7d6c (GhidraScript)  
INFO  DumpRange.java> 82093e38 li r4,0x22 (GhidraScript)  
INFO  DumpRange.java> 82093e3c lwz r11,-0x45f0(r11) (GhidraScript)  
INFO  REPORT: Save succeeded for processed file: /default.xex (HeadlessAnalyzer)  
