openjdk version "21.0.11" 2026-04-21
OpenJDK Runtime Environment (build 21.0.11+10-1-26.04.2-Ubuntu)
OpenJDK 64-Bit Server VM (build 21.0.11+10-1-26.04.2-Ubuntu, mixed mode)
INFO  Using log config file: jar:file:/fastdata/lavaulta/auto-re-agent/.tools/ghidra_12.1.2_PUBLIC/Ghidra/Framework/Generic/lib/Generic.jar!/generic.log4j.xml (LoggingInitialization)  
INFO  Using log file: /home/lavaulta/.config/ghidra/ghidra_12.1.2_PUBLIC/application.log (LoggingInitialization)  
INFO  Loading user preferences: /home/lavaulta/.config/ghidra/ghidra_12.1.2_PUBLIC/preferences (Preferences)  
INFO  Searching for classes... (ClassSearcher)  
INFO  Ignoring class 'xexloaderwv.XEXLoaderWVLoader' from '/fastdata/lavaulta/auto-re-agent/.tools/ghidra_12.1.2_PUBLIC/Ghidra/Extensions/XEXLoaderWV/lib/XEXLoaderWV.jar'. Already found at '/fastdata/lavaulta/auto-re-agent/.tools/ghidra_12.1.2_PUBLIC/Ghidra/patch/XEXLoaderWV-java21.jar'. (ClassSearcher)  
INFO  Class search complete (1680 ms) (ClassSearcher)  
INFO  Initializing SSL Context (DefaultSSLContextInitializer)  
INFO  Initializing Random Number Generator... (SecureRandomFactory)  
INFO  Random Number Generator initialization complete: NativePRNGNonBlocking (SecureRandomFactory)  
INFO  Trust manager disabled, cacerts have not been set (DefaultTrustManagerFactory)  
INFO  Headless startup complete (3250 ms) (AnalyzeHeadless)  
INFO  Class searcher loaded 59 extension points (20 false positives) (ClassSearcher)  
INFO  HEADLESS Script Paths:
    /fastdata/lavaulta/auto-re-agent/.tools/ghidra_12.1.2_PUBLIC/Ghidra/Features/MicrosoftCodeAnalyzer/ghidra_scripts
    /fastdata/lavaulta/auto-re-agent/.tools/ghidra_12.1.2_PUBLIC/Ghidra/Features/PDB/ghidra_scripts
    /fastdata/lavaulta/auto-re-agent/.tools/ghidra_12.1.2_PUBLIC/Ghidra/Processors/8051/ghidra_scripts
    /fastdata/lavaulta/auto-re-agent/.tools/ghidra_12.1.2_PUBLIC/Ghidra/Features/Base/ghidra_scripts
    /fastdata/lavaulta/auto-re-agent/workspaces/ace-combat-6/scripts
    /fastdata/lavaulta/auto-re-agent/.tools/ghidra_12.1.2_PUBLIC/Ghidra/Features/FileFormats/ghidra_scripts
    /fastdata/lavaulta/auto-re-agent/.tools/ghidra_12.1.2_PUBLIC/Ghidra/Features/GnuDemangler/ghidra_scripts
    /fastdata/lavaulta/auto-re-agent/.tools/ghidra_12.1.2_PUBLIC/Ghidra/Extensions/ghidra-emotionengine-reloaded/ghidra_scripts
    /fastdata/lavaulta/auto-re-agent/.tools/ghidra_12.1.2_PUBLIC/Ghidra/Features/Decompiler/ghidra_scripts
    /fastdata/lavaulta/auto-re-agent/.tools/ghidra_12.1.2_PUBLIC/Ghidra/Features/FunctionID/ghidra_scripts
    /fastdata/lavaulta/auto-re-agent/.tools/ghidra_12.1.2_PUBLIC/Ghidra/Features/DecompilerDependent/ghidra_scripts
    /fastdata/lavaulta/auto-re-agent/.tools/ghidra_12.1.2_PUBLIC/Ghidra/Processors/DATA/ghidra_scripts
    /fastdata/lavaulta/auto-re-agent/.tools/ghidra_12.1.2_PUBLIC/Ghidra/Debug/Debugger-rmi-trace/ghidra_scripts
    /fastdata/lavaulta/auto-re-agent/.tools/ghidra_12.1.2_PUBLIC/Ghidra/Features/SwiftDemangler/ghidra_scripts
    /fastdata/lavaulta/auto-re-agent/.tools/ghidra_12.1.2_PUBLIC/Ghidra/Debug/Debugger/ghidra_scripts
    /fastdata/lavaulta/auto-re-agent/.tools/ghidra_12.1.2_PUBLIC/Ghidra/Processors/PIC/ghidra_scripts
    /fastdata/lavaulta/auto-re-agent/.tools/ghidra_12.1.2_PUBLIC/Ghidra/Extensions/XEXLoaderWV/ghidra_scripts
    /fastdata/lavaulta/auto-re-agent/.tools/ghidra_12.1.2_PUBLIC/Ghidra/Features/WildcardAssembler/ghidra_scripts
    /fastdata/lavaulta/auto-re-agent/.tools/ghidra_12.1.2_PUBLIC/Ghidra/Features/PyGhidra/ghidra_scripts
    /fastdata/lavaulta/auto-re-agent/.tools/ghidra_12.1.2_PUBLIC/Ghidra/Features/BSim/ghidra_scripts
    /fastdata/lavaulta/auto-re-agent/.tools/ghidra_12.1.2_PUBLIC/Ghidra/Features/VersionTracking/ghidra_scripts
    /fastdata/lavaulta/auto-re-agent/.tools/ghidra_12.1.2_PUBLIC/Ghidra/Features/BytePatterns/ghidra_scripts
    /fastdata/lavaulta/auto-re-agent/.tools/ghidra_12.1.2_PUBLIC/Ghidra/Processors/Atmel/ghidra_scripts
    /fastdata/lavaulta/auto-re-agent/.tools/ghidra_12.1.2_PUBLIC/Ghidra/Features/SystemEmulation/ghidra_scripts
    /fastdata/lavaulta/auto-re-agent/.tools/ghidra_12.1.2_PUBLIC/Ghidra/Processors/JVM/ghidra_scripts (HeadlessAnalyzer)  
INFO  HEADLESS: execution starts (HeadlessAnalyzer)  
INFO  Opening existing project: /fastdata/lavaulta/auto-re-agent/workspaces/ace-combat-6/ghidra-projects/ace-combat-6-corrected (HeadlessAnalyzer)  
INFO  Opening project: /fastdata/lavaulta/auto-re-agent/workspaces/ace-combat-6/ghidra-projects/ace-combat-6-corrected (HeadlessProject)  
INFO  REPORT: Processing project file: /default.xex (HeadlessAnalyzer)  
INFO  REPORT: Execute script: DumpRange.java '0x8209b6b0' '0x8209b790'  (HeadlessAnalyzer)  
INFO  SCRIPT: /fastdata/lavaulta/auto-re-agent/workspaces/ace-combat-6/scripts/DumpRange.java (HeadlessAnalyzer)  
INFO  DumpRange.java> 8209b6b0 or r3,r29,r29 (GhidraScript)  
INFO  DumpRange.java> 8209b6b4 bl 0x820979b0 (GhidraScript)  
INFO  DumpRange.java> 8209b6b8 cmpwi cr6,r3,0xf (GhidraScript)  
INFO  DumpRange.java> 8209b6bc bne cr6,0x8209b6e0 (GhidraScript)  
INFO  DumpRange.java> 8209b6c0 lwz r11,0x0(r30) (GhidraScript)  
INFO  DumpRange.java> 8209b6c4 or r5,r26,r26 (GhidraScript)  
INFO  DumpRange.java> 8209b6c8 li r4,0x578 (GhidraScript)  
INFO  DumpRange.java> 8209b6cc or r3,r30,r30 (GhidraScript)  
INFO  DumpRange.java> 8209b6d0 lwz r11,0x1a8(r11) (GhidraScript)  
INFO  DumpRange.java> 8209b6d4 li r6,0x0 (GhidraScript)  
INFO  DumpRange.java> 8209b6d8 mtspr CTR,r11 (GhidraScript)  
INFO  DumpRange.java> 8209b6dc bctrl (GhidraScript)  
INFO  DumpRange.java> 8209b6e0 lwz r11,0x0(r25) (GhidraScript)  
INFO  DumpRange.java> 8209b6e4 addi r24,r24,0x1 (GhidraScript)  
INFO  DumpRange.java> 8209b6e8 addi r23,r23,0x4 (GhidraScript)  
INFO  DumpRange.java> 8209b6ec cmpw cr6,r24,r11 (GhidraScript)  
INFO  DumpRange.java> 8209b6f0 blt cr6,0x8209b600 (GhidraScript)  
INFO  DumpRange.java> 8209b6f4 lis r11,-0x7dfb (GhidraScript)  
INFO  DumpRange.java> 8209b6f8 li r4,0x0 (GhidraScript)  
INFO  DumpRange.java> 8209b6fc addi r3,r11,0x4c2c (GhidraScript)  
INFO  DumpRange.java> 8209b700 bl 0x82099508 (GhidraScript)  
INFO  DumpRange.java> 8209b704 addis r5,r28,0x12 (GhidraScript)  
INFO  DumpRange.java> 8209b708 lwz r11,0x1e0(r28) (GhidraScript)  
INFO  DumpRange.java> 8209b70c addi r5,r5,0x4030 (GhidraScript)  
INFO  DumpRange.java> 8209b710 rlwinm r11,r11,0x0,0x13,0x13 (GhidraScript)  
INFO  DumpRange.java> 8209b714 cmplwi cr6,r11,0x0 (GhidraScript)  
INFO  DumpRange.java> 8209b718 stw r5,0x2e8(r28) (GhidraScript)  
INFO  DumpRange.java> 8209b71c beq cr6,0x8209b738 (GhidraScript)  
INFO  DumpRange.java> 8209b720 lis r11,0x125 (GhidraScript)  
INFO  DumpRange.java> 8209b724 li r6,0x2 (GhidraScript)  
INFO  DumpRange.java> 8209b728 ori r11,r11,0x44f0 (GhidraScript)  
INFO  DumpRange.java> 8209b72c or r3,r22,r22 (GhidraScript)  
INFO  DumpRange.java> 8209b730 lwzx r4,r28,r11 (GhidraScript)  
INFO  DumpRange.java> 8209b734 bl 0x820aa670 (GhidraScript)  
INFO  DumpRange.java> 8209b738 lis r11,-0x7dfb (GhidraScript)  
INFO  DumpRange.java> 8209b73c li r4,0x0 (GhidraScript)  
INFO  DumpRange.java> 8209b740 addi r3,r11,0x4c38 (GhidraScript)  
INFO  DumpRange.java> 8209b744 bl 0x82099508 (GhidraScript)  
INFO  DumpRange.java> 8209b748 lwz r11,0x0(r28) (GhidraScript)  
INFO  DumpRange.java> 8209b74c or r3,r28,r28 (GhidraScript)  
INFO  DumpRange.java> 8209b750 lwz r11,0xfc(r11) (GhidraScript)  
INFO  DumpRange.java> 8209b754 mtspr CTR,r11 (GhidraScript)  
INFO  DumpRange.java> 8209b758 bctrl (GhidraScript)  
INFO  DumpRange.java> 8209b75c lwz r11,0x4eb4(r21) (GhidraScript)  
INFO  DumpRange.java> 8209b760 addi r4,r1,0x790 (GhidraScript)  
INFO  DumpRange.java> 8209b764 lwz r10,0x78(r11) (GhidraScript)  
INFO  DumpRange.java> 8209b768 lis r11,-0x7dfb (GhidraScript)  
INFO  DumpRange.java> 8209b76c stw r31,0x838(r1) (GhidraScript)  
INFO  DumpRange.java> 8209b770 addi r30,r11,0x6334 (GhidraScript)  
INFO  DumpRange.java> 8209b774 stw r31,0x83c(r1) (GhidraScript)  
INFO  DumpRange.java> 8209b778 lis r11,-0x7d96 (GhidraScript)  
INFO  DumpRange.java> 8209b77c stw r31,0x9c4(r1) (GhidraScript)  
INFO  DumpRange.java> 8209b780 stw r31,0x9c8(r1) (GhidraScript)  
INFO  DumpRange.java> 8209b784 addi r3,r11,0x210 (GhidraScript)  
INFO  DumpRange.java> 8209b788 stw r31,0xb50(r1) (GhidraScript)  
INFO  DumpRange.java> 8209b78c stw r31,0xb54(r1) (GhidraScript)  
INFO  REPORT: Save succeeded for processed file: /default.xex (HeadlessAnalyzer)  
