openjdk version "21.0.11" 2026-04-21
OpenJDK Runtime Environment (build 21.0.11+10-1-26.04.2-Ubuntu)
OpenJDK 64-Bit Server VM (build 21.0.11+10-1-26.04.2-Ubuntu, mixed mode)
INFO  Using log config file: jar:file:/fastdata/lavaulta/auto-re-agent/.tools/ghidra_12.1.2_PUBLIC/Ghidra/Framework/Generic/lib/Generic.jar!/generic.log4j.xml (LoggingInitialization)  
INFO  Using log file: /home/lavaulta/.config/ghidra/ghidra_12.1.2_PUBLIC/application.log (LoggingInitialization)  
INFO  Loading user preferences: /home/lavaulta/.config/ghidra/ghidra_12.1.2_PUBLIC/preferences (Preferences)  
INFO  Searching for classes... (ClassSearcher)  
INFO  Ignoring class 'xexloaderwv.XEXLoaderWVLoader' from '/fastdata/lavaulta/auto-re-agent/.tools/ghidra_12.1.2_PUBLIC/Ghidra/Extensions/XEXLoaderWV/lib/XEXLoaderWV.jar'. Already found at '/fastdata/lavaulta/auto-re-agent/.tools/ghidra_12.1.2_PUBLIC/Ghidra/patch/XEXLoaderWV-java21.jar'. (ClassSearcher)  
INFO  Class search complete (1614 ms) (ClassSearcher)  
INFO  Initializing SSL Context (DefaultSSLContextInitializer)  
INFO  Initializing Random Number Generator... (SecureRandomFactory)  
INFO  Random Number Generator initialization complete: NativePRNGNonBlocking (SecureRandomFactory)  
INFO  Trust manager disabled, cacerts have not been set (DefaultTrustManagerFactory)  
INFO  Headless startup complete (3242 ms) (AnalyzeHeadless)  
INFO  Class searcher loaded 59 extension points (20 false positives) (ClassSearcher)  
INFO  HEADLESS Script Paths:
    /fastdata/lavaulta/auto-re-agent/.tools/ghidra_12.1.2_PUBLIC/Ghidra/Features/MicrosoftCodeAnalyzer/ghidra_scripts
    /fastdata/lavaulta/auto-re-agent/.tools/ghidra_12.1.2_PUBLIC/Ghidra/Features/PDB/ghidra_scripts
    /fastdata/lavaulta/auto-re-agent/.tools/ghidra_12.1.2_PUBLIC/Ghidra/Processors/8051/ghidra_scripts
    /fastdata/lavaulta/auto-re-agent/.tools/ghidra_12.1.2_PUBLIC/Ghidra/Features/Base/ghidra_scripts
    /fastdata/lavaulta/auto-re-agent/workspaces/ace-combat-6/scripts
    /fastdata/lavaulta/auto-re-agent/.tools/ghidra_12.1.2_PUBLIC/Ghidra/Features/FileFormats/ghidra_scripts
    /fastdata/lavaulta/auto-re-agent/.tools/ghidra_12.1.2_PUBLIC/Ghidra/Features/GnuDemangler/ghidra_scripts
    /fastdata/lavaulta/auto-re-agent/.tools/ghidra_12.1.2_PUBLIC/Ghidra/Extensions/ghidra-emotionengine-reloaded/ghidra_scripts
    /fastdata/lavaulta/auto-re-agent/.tools/ghidra_12.1.2_PUBLIC/Ghidra/Features/Decompiler/ghidra_scripts
    /fastdata/lavaulta/auto-re-agent/.tools/ghidra_12.1.2_PUBLIC/Ghidra/Features/FunctionID/ghidra_scripts
    /fastdata/lavaulta/auto-re-agent/.tools/ghidra_12.1.2_PUBLIC/Ghidra/Features/DecompilerDependent/ghidra_scripts
    /fastdata/lavaulta/auto-re-agent/.tools/ghidra_12.1.2_PUBLIC/Ghidra/Processors/DATA/ghidra_scripts
    /fastdata/lavaulta/auto-re-agent/.tools/ghidra_12.1.2_PUBLIC/Ghidra/Debug/Debugger-rmi-trace/ghidra_scripts
    /fastdata/lavaulta/auto-re-agent/.tools/ghidra_12.1.2_PUBLIC/Ghidra/Features/SwiftDemangler/ghidra_scripts
    /fastdata/lavaulta/auto-re-agent/.tools/ghidra_12.1.2_PUBLIC/Ghidra/Debug/Debugger/ghidra_scripts
    /fastdata/lavaulta/auto-re-agent/.tools/ghidra_12.1.2_PUBLIC/Ghidra/Processors/PIC/ghidra_scripts
    /fastdata/lavaulta/auto-re-agent/.tools/ghidra_12.1.2_PUBLIC/Ghidra/Extensions/XEXLoaderWV/ghidra_scripts
    /fastdata/lavaulta/auto-re-agent/.tools/ghidra_12.1.2_PUBLIC/Ghidra/Features/WildcardAssembler/ghidra_scripts
    /fastdata/lavaulta/auto-re-agent/.tools/ghidra_12.1.2_PUBLIC/Ghidra/Features/PyGhidra/ghidra_scripts
    /fastdata/lavaulta/auto-re-agent/.tools/ghidra_12.1.2_PUBLIC/Ghidra/Features/BSim/ghidra_scripts
    /fastdata/lavaulta/auto-re-agent/.tools/ghidra_12.1.2_PUBLIC/Ghidra/Features/VersionTracking/ghidra_scripts
    /fastdata/lavaulta/auto-re-agent/.tools/ghidra_12.1.2_PUBLIC/Ghidra/Features/BytePatterns/ghidra_scripts
    /fastdata/lavaulta/auto-re-agent/.tools/ghidra_12.1.2_PUBLIC/Ghidra/Processors/Atmel/ghidra_scripts
    /fastdata/lavaulta/auto-re-agent/.tools/ghidra_12.1.2_PUBLIC/Ghidra/Features/SystemEmulation/ghidra_scripts
    /fastdata/lavaulta/auto-re-agent/.tools/ghidra_12.1.2_PUBLIC/Ghidra/Processors/JVM/ghidra_scripts (HeadlessAnalyzer)  
INFO  HEADLESS: execution starts (HeadlessAnalyzer)  
INFO  Opening existing project: /fastdata/lavaulta/auto-re-agent/workspaces/ace-combat-6/ghidra-projects/ace-combat-6-corrected (HeadlessAnalyzer)  
INFO  Opening project: /fastdata/lavaulta/auto-re-agent/workspaces/ace-combat-6/ghidra-projects/ace-combat-6-corrected (HeadlessProject)  
INFO  REPORT: Processing project file: /default.xex (HeadlessAnalyzer)  
INFO  REPORT: Execute script: DumpRange.java '0x820abd80' '0x820abf20'  (HeadlessAnalyzer)  
INFO  SCRIPT: /fastdata/lavaulta/auto-re-agent/workspaces/ace-combat-6/scripts/DumpRange.java (HeadlessAnalyzer)  
INFO  DumpRange.java> 820abd80 or r3,r30,r30 (GhidraScript)  
INFO  DumpRange.java> 820abd84 bl 0x821d65c0 (GhidraScript)  
INFO  DumpRange.java> 820abd88 addi r21,r29,0x20 (GhidraScript)  
INFO  DumpRange.java> 820abd8c or r27,r3,r3 (GhidraScript)  
INFO  DumpRange.java> 820abd90 li r4,0x0 (GhidraScript)  
INFO  DumpRange.java> 820abd94 or r3,r21,r21 (GhidraScript)  
INFO  DumpRange.java> 820abd98 bl 0x822383d0 (GhidraScript)  
INFO  DumpRange.java> 820abd9c addi r29,r27,0x20 (GhidraScript)  
INFO  DumpRange.java> 820abda0 or r26,r3,r3 (GhidraScript)  
INFO  DumpRange.java> 820abda4 li r4,0x0 (GhidraScript)  
INFO  DumpRange.java> 820abda8 or r3,r29,r29 (GhidraScript)  
INFO  DumpRange.java> 820abdac bl 0x822383d0 (GhidraScript)  
INFO  DumpRange.java> 820abdb0 or r31,r3,r3 (GhidraScript)  
INFO  DumpRange.java> 820abdb4 cmplwi cr6,r24,0x0 (GhidraScript)  
INFO  DumpRange.java> 820abdb8 bne cr6,0x820abe14 (GhidraScript)  
INFO  DumpRange.java> 820abdbc cmplwi cr6,r27,0x0 (GhidraScript)  
INFO  DumpRange.java> 820abdc0 beq cr6,0x820abe14 (GhidraScript)  
INFO  DumpRange.java> 820abdc4 lwz r11,0x0(r27) (GhidraScript)  
INFO  DumpRange.java> 820abdc8 or r3,r27,r27 (GhidraScript)  
INFO  DumpRange.java> 820abdcc lwz r11,0x18(r11) (GhidraScript)  
INFO  DumpRange.java> 820abdd0 mtspr CTR,r11 (GhidraScript)  
INFO  DumpRange.java> 820abdd4 bctrl (GhidraScript)  
INFO  DumpRange.java> 820abdd8 rlwinm r11,r3,0x0,0x18,0x1f (GhidraScript)  
INFO  DumpRange.java> 820abddc cmplwi cr6,r11,0x0 (GhidraScript)  
INFO  DumpRange.java> 820abde0 bne cr6,0x820abe14 (GhidraScript)  
INFO  DumpRange.java> 820abde4 or r3,r28,r28 (GhidraScript)  
INFO  DumpRange.java> 820abde8 bl 0x821ba708 (GhidraScript)  
INFO  DumpRange.java> 820abdec li r4,0x0 (GhidraScript)  
INFO  DumpRange.java> 820abdf0 bl 0x821d4660 (GhidraScript)  
INFO  DumpRange.java> 820abdf4 or r4,r3,r3 (GhidraScript)  
INFO  DumpRange.java> 820abdf8 or r3,r30,r30 (GhidraScript)  
INFO  DumpRange.java> 820abdfc bl 0x821d65c0 (GhidraScript)  
INFO  DumpRange.java> 820abe00 addi r29,r3,0x20 (GhidraScript)  
INFO  DumpRange.java> 820abe04 li r4,0x0 (GhidraScript)  
INFO  DumpRange.java> 820abe08 or r3,r29,r29 (GhidraScript)  
INFO  DumpRange.java> 820abe0c bl 0x822383d0 (GhidraScript)  
INFO  DumpRange.java> 820abe10 or r31,r3,r3 (GhidraScript)  
INFO  DumpRange.java> 820abe14 bl 0x820ab4b0 (GhidraScript)  
INFO  DumpRange.java> 820abe18 rlwinm r22,r22,0x0,0x18,0x1f (GhidraScript)  
INFO  DumpRange.java> 820abe1c lis r11,-0x7d96 (GhidraScript)  
INFO  DumpRange.java> 820abe20 stw r3,0x15c(r23) (GhidraScript)  
INFO  DumpRange.java> 820abe24 cmplwi cr6,r22,0x0 (GhidraScript)  
INFO  DumpRange.java> 820abe28 addi r30,r11,0x728 (GhidraScript)  
INFO  DumpRange.java> 820abe2c beq cr6,0x820abea4 (GhidraScript)  
INFO  DumpRange.java> 820abe30 lwz r3,0x0(r30) (GhidraScript)  
INFO  DumpRange.java> 820abe34 or r5,r25,r25 (GhidraScript)  
INFO  DumpRange.java> 820abe38 or r4,r26,r26 (GhidraScript)  
INFO  DumpRange.java> 820abe3c lwz r11,0x0(r3) (GhidraScript)  
INFO  DumpRange.java> 820abe40 lwz r11,0x18(r11) (GhidraScript)  
INFO  DumpRange.java> 820abe44 mtspr CTR,r11 (GhidraScript)  
INFO  DumpRange.java> 820abe48 bctrl (GhidraScript)  
INFO  DumpRange.java> 820abe4c lwz r3,0x0(r30) (GhidraScript)  
INFO  DumpRange.java> 820abe50 or r5,r25,r25 (GhidraScript)  
INFO  DumpRange.java> 820abe54 or r4,r31,r31 (GhidraScript)  
INFO  DumpRange.java> 820abe58 lwz r11,0x0(r3) (GhidraScript)  
INFO  DumpRange.java> 820abe5c lwz r11,0x18(r11) (GhidraScript)  
INFO  DumpRange.java> 820abe60 mtspr CTR,r11 (GhidraScript)  
INFO  DumpRange.java> 820abe64 bctrl (GhidraScript)  
INFO  DumpRange.java> 820abe68 lwz r3,0x0(r30) (GhidraScript)  
INFO  DumpRange.java> 820abe6c or r5,r25,r25 (GhidraScript)  
INFO  DumpRange.java> 820abe70 or r4,r26,r26 (GhidraScript)  
INFO  DumpRange.java> 820abe74 lwz r11,0x0(r3) (GhidraScript)  
INFO  DumpRange.java> 820abe78 lwz r11,0x1c(r11) (GhidraScript)  
INFO  DumpRange.java> 820abe7c mtspr CTR,r11 (GhidraScript)  
INFO  DumpRange.java> 820abe80 bctrl (GhidraScript)  
INFO  DumpRange.java> 820abe84 lwz r3,0x0(r30) (GhidraScript)  
INFO  DumpRange.java> 820abe88 or r5,r25,r25 (GhidraScript)  
INFO  DumpRange.java> 820abe8c or r4,r31,r31 (GhidraScript)  
INFO  DumpRange.java> 820abe90 lwz r11,0x0(r3) (GhidraScript)  
INFO  DumpRange.java> 820abe94 lwz r11,0x1c(r11) (GhidraScript)  
INFO  DumpRange.java> 820abe98 mtspr CTR,r11 (GhidraScript)  
INFO  DumpRange.java> 820abe9c bctrl (GhidraScript)  
INFO  DumpRange.java> 820abea0 b 0x820abeb0 (GhidraScript)  
INFO  DumpRange.java> 820abea4 lwz r11,0x0(r30) (GhidraScript)  
INFO  DumpRange.java> 820abea8 li r10,0x1 (GhidraScript)  
INFO  DumpRange.java> 820abeac stb r10,0x1c(r11) (GhidraScript)  
INFO  DumpRange.java> 820abeb0 lwz r3,0x0(r30) (GhidraScript)  
INFO  DumpRange.java> 820abeb4 or r7,r25,r25 (GhidraScript)  
INFO  DumpRange.java> 820abeb8 lwz r4,0x15c(r23) (GhidraScript)  
INFO  DumpRange.java> 820abebc or r6,r31,r31 (GhidraScript)  
INFO  DumpRange.java> 820abec0 or r5,r26,r26 (GhidraScript)  
INFO  DumpRange.java> 820abec4 lwz r11,0x0(r3) (GhidraScript)  
INFO  DumpRange.java> 820abec8 lwz r11,0x10(r11) (GhidraScript)  
INFO  DumpRange.java> 820abecc mtspr CTR,r11 (GhidraScript)  
INFO  DumpRange.java> 820abed0 bctrl (GhidraScript)  
INFO  DumpRange.java> 820abed4 cmplwi cr6,r24,0x0 (GhidraScript)  
INFO  DumpRange.java> 820abed8 beq cr6,0x820ac110 (GhidraScript)  
INFO  DumpRange.java> 820abedc li r4,0x3 (GhidraScript)  
INFO  DumpRange.java> 820abee0 or r3,r29,r29 (GhidraScript)  
INFO  DumpRange.java> 820abee4 bl 0x822383d0 (GhidraScript)  
INFO  DumpRange.java> 820abee8 or r31,r3,r3 (GhidraScript)  
INFO  DumpRange.java> 820abeec li r4,0x3 (GhidraScript)  
INFO  DumpRange.java> 820abef0 or r3,r29,r29 (GhidraScript)  
INFO  DumpRange.java> 820abef4 bl 0x82238408 (GhidraScript)  
INFO  DumpRange.java> 820abef8 cmplwi cr6,r31,0x0 (GhidraScript)  
INFO  DumpRange.java> 820abefc beq cr6,0x820abf2c (GhidraScript)  
INFO  DumpRange.java> 820abf00 cmpwi cr6,r3,0x0 (GhidraScript)  
INFO  DumpRange.java> 820abf04 ble cr6,0x820abf2c (GhidraScript)  
INFO  DumpRange.java> 820abf08 addi r3,r31,0x274 (GhidraScript)  
INFO  DumpRange.java> 820abf0c bl 0x821bab90 (GhidraScript)  
INFO  DumpRange.java> 820abf10 or r4,r31,r31 (GhidraScript)  
INFO  DumpRange.java> 820abf14 lwz r3,0x1330(r23) (GhidraScript)  
INFO  DumpRange.java> 820abf18 bl 0x82286210 (GhidraScript)  
INFO  DumpRange.java> 820abf1c lwz r11,0x1330(r23) (GhidraScript)  
INFO  REPORT: Save succeeded for processed file: /default.xex (HeadlessAnalyzer)  
