openjdk version "21.0.11" 2026-04-21
OpenJDK Runtime Environment (build 21.0.11+10-1-26.04.2-Ubuntu)
OpenJDK 64-Bit Server VM (build 21.0.11+10-1-26.04.2-Ubuntu, mixed mode)
INFO  Using log config file: jar:file:/fastdata/lavaulta/auto-re-agent/.tools/ghidra_12.1.2_PUBLIC/Ghidra/Framework/Generic/lib/Generic.jar!/generic.log4j.xml (LoggingInitialization)  
INFO  Using log file: /home/lavaulta/.config/ghidra/ghidra_12.1.2_PUBLIC/application.log (LoggingInitialization)  
INFO  Loading user preferences: /home/lavaulta/.config/ghidra/ghidra_12.1.2_PUBLIC/preferences (Preferences)  
INFO  Searching for classes... (ClassSearcher)  
INFO  Ignoring class 'xexloaderwv.XEXLoaderWVLoader' from '/fastdata/lavaulta/auto-re-agent/.tools/ghidra_12.1.2_PUBLIC/Ghidra/Extensions/XEXLoaderWV/lib/XEXLoaderWV.jar'. Already found at '/fastdata/lavaulta/auto-re-agent/.tools/ghidra_12.1.2_PUBLIC/Ghidra/patch/XEXLoaderWV-java21.jar'. (ClassSearcher)  
INFO  Class search complete (1527 ms) (ClassSearcher)  
INFO  Initializing SSL Context (DefaultSSLContextInitializer)  
INFO  Initializing Random Number Generator... (SecureRandomFactory)  
INFO  Random Number Generator initialization complete: NativePRNGNonBlocking (SecureRandomFactory)  
INFO  Trust manager disabled, cacerts have not been set (DefaultTrustManagerFactory)  
INFO  Headless startup complete (3012 ms) (AnalyzeHeadless)  
INFO  Class searcher loaded 59 extension points (20 false positives) (ClassSearcher)  
INFO  HEADLESS Script Paths:
    /fastdata/lavaulta/auto-re-agent/.tools/ghidra_12.1.2_PUBLIC/Ghidra/Features/MicrosoftCodeAnalyzer/ghidra_scripts
    /fastdata/lavaulta/auto-re-agent/.tools/ghidra_12.1.2_PUBLIC/Ghidra/Features/PDB/ghidra_scripts
    /fastdata/lavaulta/auto-re-agent/.tools/ghidra_12.1.2_PUBLIC/Ghidra/Processors/8051/ghidra_scripts
    /fastdata/lavaulta/auto-re-agent/.tools/ghidra_12.1.2_PUBLIC/Ghidra/Features/Base/ghidra_scripts
    /fastdata/lavaulta/auto-re-agent/workspaces/ace-combat-6/scripts
    /fastdata/lavaulta/auto-re-agent/.tools/ghidra_12.1.2_PUBLIC/Ghidra/Features/FileFormats/ghidra_scripts
    /fastdata/lavaulta/auto-re-agent/.tools/ghidra_12.1.2_PUBLIC/Ghidra/Features/GnuDemangler/ghidra_scripts
    /fastdata/lavaulta/auto-re-agent/.tools/ghidra_12.1.2_PUBLIC/Ghidra/Extensions/ghidra-emotionengine-reloaded/ghidra_scripts
    /fastdata/lavaulta/auto-re-agent/.tools/ghidra_12.1.2_PUBLIC/Ghidra/Features/Decompiler/ghidra_scripts
    /fastdata/lavaulta/auto-re-agent/.tools/ghidra_12.1.2_PUBLIC/Ghidra/Features/FunctionID/ghidra_scripts
    /fastdata/lavaulta/auto-re-agent/.tools/ghidra_12.1.2_PUBLIC/Ghidra/Features/DecompilerDependent/ghidra_scripts
    /fastdata/lavaulta/auto-re-agent/.tools/ghidra_12.1.2_PUBLIC/Ghidra/Processors/DATA/ghidra_scripts
    /fastdata/lavaulta/auto-re-agent/.tools/ghidra_12.1.2_PUBLIC/Ghidra/Debug/Debugger-rmi-trace/ghidra_scripts
    /fastdata/lavaulta/auto-re-agent/.tools/ghidra_12.1.2_PUBLIC/Ghidra/Features/SwiftDemangler/ghidra_scripts
    /fastdata/lavaulta/auto-re-agent/.tools/ghidra_12.1.2_PUBLIC/Ghidra/Debug/Debugger/ghidra_scripts
    /fastdata/lavaulta/auto-re-agent/.tools/ghidra_12.1.2_PUBLIC/Ghidra/Processors/PIC/ghidra_scripts
    /fastdata/lavaulta/auto-re-agent/.tools/ghidra_12.1.2_PUBLIC/Ghidra/Extensions/XEXLoaderWV/ghidra_scripts
    /fastdata/lavaulta/auto-re-agent/.tools/ghidra_12.1.2_PUBLIC/Ghidra/Features/WildcardAssembler/ghidra_scripts
    /fastdata/lavaulta/auto-re-agent/.tools/ghidra_12.1.2_PUBLIC/Ghidra/Features/PyGhidra/ghidra_scripts
    /fastdata/lavaulta/auto-re-agent/.tools/ghidra_12.1.2_PUBLIC/Ghidra/Features/BSim/ghidra_scripts
    /fastdata/lavaulta/auto-re-agent/.tools/ghidra_12.1.2_PUBLIC/Ghidra/Features/VersionTracking/ghidra_scripts
    /fastdata/lavaulta/auto-re-agent/.tools/ghidra_12.1.2_PUBLIC/Ghidra/Features/BytePatterns/ghidra_scripts
    /fastdata/lavaulta/auto-re-agent/.tools/ghidra_12.1.2_PUBLIC/Ghidra/Processors/Atmel/ghidra_scripts
    /fastdata/lavaulta/auto-re-agent/.tools/ghidra_12.1.2_PUBLIC/Ghidra/Features/SystemEmulation/ghidra_scripts
    /fastdata/lavaulta/auto-re-agent/.tools/ghidra_12.1.2_PUBLIC/Ghidra/Processors/JVM/ghidra_scripts (HeadlessAnalyzer)  
INFO  HEADLESS: execution starts (HeadlessAnalyzer)  
INFO  Opening existing project: /fastdata/lavaulta/auto-re-agent/workspaces/ace-combat-6/ghidra-projects/ace-combat-6-corrected (HeadlessAnalyzer)  
INFO  Opening project: /fastdata/lavaulta/auto-re-agent/workspaces/ace-combat-6/ghidra-projects/ace-combat-6-corrected (HeadlessProject)  
INFO  REPORT: Processing project file: /default.xex (HeadlessAnalyzer)  
INFO  REPORT: Execute script: DumpRange.java '0x820a7f40' '0x820a8210'  (HeadlessAnalyzer)  
INFO  SCRIPT: /fastdata/lavaulta/auto-re-agent/workspaces/ace-combat-6/scripts/DumpRange.java (HeadlessAnalyzer)  
INFO  DumpRange.java> 820a7f40 stw r11,0x0(r31) (GhidraScript)  
INFO  DumpRange.java> 820a7f44 beq cr6,0x820a7f50 (GhidraScript)  
INFO  DumpRange.java> 820a7f48 bl 0x82383670 (GhidraScript)  
INFO  DumpRange.java> 820a7f4c or r3,r31,r31 (GhidraScript)  
INFO  DumpRange.java> 820a7f50 addi r1,r1,0x70 (GhidraScript)  
INFO  DumpRange.java> 820a7f54 lwz r12,-0x8(r1) (GhidraScript)  
INFO  DumpRange.java> 820a7f58 mtspr LR,r12 (GhidraScript)  
INFO  DumpRange.java> 820a7f5c ld r30,-0x18(r1) (GhidraScript)  
INFO  DumpRange.java> 820a7f60 ld r31,-0x10(r1) (GhidraScript)  
INFO  DumpRange.java> 820a7f64 blr (GhidraScript)  
INFO  DumpRange.java> 820a7f68 mfspr r12,LR (GhidraScript)  
INFO  DumpRange.java> 820a7f6c bl 0x823864f8 (GhidraScript)  
INFO  DumpRange.java> 820a7f70 stwu r1,-0x80(r1) (GhidraScript)  
INFO  DumpRange.java> 820a7f74 lis r11,-0x7dfb (GhidraScript)  
INFO  DumpRange.java> 820a7f78 lis r10,-0x7dfb (GhidraScript)  
INFO  DumpRange.java> 820a7f7c or r31,r3,r3 (GhidraScript)  
INFO  DumpRange.java> 820a7f80 addi r11,r11,0x66e4 (GhidraScript)  
INFO  DumpRange.java> 820a7f84 addi r10,r10,0x647c (GhidraScript)  
INFO  DumpRange.java> 820a7f88 addi r30,r31,0x3f8 (GhidraScript)  
INFO  DumpRange.java> 820a7f8c addi r3,r30,0x4 (GhidraScript)  
INFO  DumpRange.java> 820a7f90 stw r11,0x0(r31) (GhidraScript)  
INFO  DumpRange.java> 820a7f94 stw r10,0x480(r31) (GhidraScript)  
INFO  DumpRange.java> 820a7f98 bl 0x8228f8d8 (GhidraScript)  
INFO  DumpRange.java> 820a7f9c lis r11,-0x7dfb (GhidraScript)  
INFO  DumpRange.java> 820a7fa0 addi r29,r31,0x370 (GhidraScript)  
INFO  DumpRange.java> 820a7fa4 addi r28,r11,0x6444 (GhidraScript)  
INFO  DumpRange.java> 820a7fa8 addi r3,r29,0x4 (GhidraScript)  
INFO  DumpRange.java> 820a7fac stw r28,0x0(r30) (GhidraScript)  
INFO  DumpRange.java> 820a7fb0 bl 0x8228f8d8 (GhidraScript)  
INFO  DumpRange.java> 820a7fb4 or r3,r31,r31 (GhidraScript)  
INFO  DumpRange.java> 820a7fb8 stw r28,0x0(r29) (GhidraScript)  
INFO  DumpRange.java> 820a7fbc bl 0x8228c680 (GhidraScript)  
INFO  DumpRange.java> 820a7fc0 addi r1,r1,0x80 (GhidraScript)  
INFO  DumpRange.java> 820a7fc4 b 0x82386548 (GhidraScript)  
INFO  DumpRange.java> 820a7fc8 mfspr r12,LR (GhidraScript)  
INFO  DumpRange.java> 820a7fcc bl 0x823864f0 (GhidraScript)  
INFO  DumpRange.java> 820a7fd0 stwu r1,-0x90(r1) (GhidraScript)  
INFO  DumpRange.java> 820a7fd4 or r31,r3,r3 (GhidraScript)  
INFO  DumpRange.java> 820a7fd8 or r28,r4,r4 (GhidraScript)  
INFO  DumpRange.java> 820a7fdc bl 0x8228b678 (GhidraScript)  
INFO  DumpRange.java> 820a7fe0 addi r11,r31,0x480 (GhidraScript)  
INFO  DumpRange.java> 820a7fe4 lwz r27,0x370(r31) (GhidraScript)  
INFO  DumpRange.java> 820a7fe8 addi r30,r31,0x370 (GhidraScript)  
INFO  DumpRange.java> 820a7fec addi r29,r31,0x3f8 (GhidraScript)  
INFO  DumpRange.java> 820a7ff0 or r26,r3,r3 (GhidraScript)  
INFO  DumpRange.java> 820a7ff4 stw r11,0x364(r31) (GhidraScript)  
INFO  DumpRange.java> 820a7ff8 stw r30,0x358(r31) (GhidraScript)  
INFO  DumpRange.java> 820a7ffc stw r29,0x35c(r31) (GhidraScript)  
INFO  DumpRange.java> 820a8000 lwz r11,0x10(r28) (GhidraScript)  
INFO  DumpRange.java> 820a8004 lwz r28,0x50(r11) (GhidraScript)  
INFO  DumpRange.java> 820a8008 or r3,r28,r28 (GhidraScript)  
INFO  DumpRange.java> 820a800c lwz r11,0x0(r28) (GhidraScript)  
INFO  DumpRange.java> 820a8010 lwz r11,0x8(r11) (GhidraScript)  
INFO  DumpRange.java> 820a8014 mtspr CTR,r11 (GhidraScript)  
INFO  DumpRange.java> 820a8018 bctrl (GhidraScript)  
INFO  DumpRange.java> 820a801c or r4,r3,r3 (GhidraScript)  
INFO  DumpRange.java> 820a8020 lwz r11,0x8(r27) (GhidraScript)  
INFO  DumpRange.java> 820a8024 or r3,r30,r30 (GhidraScript)  
INFO  DumpRange.java> 820a8028 mtspr CTR,r11 (GhidraScript)  
INFO  DumpRange.java> 820a802c bctrl (GhidraScript)  
INFO  DumpRange.java> 820a8030 lwz r11,0x0(r28) (GhidraScript)  
INFO  DumpRange.java> 820a8034 or r3,r28,r28 (GhidraScript)  
INFO  DumpRange.java> 820a8038 lwz r28,0x3f8(r31) (GhidraScript)  
INFO  DumpRange.java> 820a803c lwz r11,0x8(r11) (GhidraScript)  
INFO  DumpRange.java> 820a8040 mtspr CTR,r11 (GhidraScript)  
INFO  DumpRange.java> 820a8044 bctrl (GhidraScript)  
INFO  DumpRange.java> 820a8048 or r4,r3,r3 (GhidraScript)  
INFO  DumpRange.java> 820a804c lwz r11,0x8(r28) (GhidraScript)  
INFO  DumpRange.java> 820a8050 or r3,r29,r29 (GhidraScript)  
INFO  DumpRange.java> 820a8054 mtspr CTR,r11 (GhidraScript)  
INFO  DumpRange.java> 820a8058 bctrl (GhidraScript)  
INFO  DumpRange.java> 820a805c lwz r11,0x370(r31) (GhidraScript)  
INFO  DumpRange.java> 820a8060 or r3,r30,r30 (GhidraScript)  
INFO  DumpRange.java> 820a8064 lwz r11,0x28(r11) (GhidraScript)  
INFO  DumpRange.java> 820a8068 mtspr CTR,r11 (GhidraScript)  
INFO  DumpRange.java> 820a806c bctrl (GhidraScript)  
INFO  DumpRange.java> 820a8070 lwz r11,0x3f8(r31) (GhidraScript)  
INFO  DumpRange.java> 820a8074 or r3,r29,r29 (GhidraScript)  
INFO  DumpRange.java> 820a8078 lwz r11,0x28(r11) (GhidraScript)  
INFO  DumpRange.java> 820a807c mtspr CTR,r11 (GhidraScript)  
INFO  DumpRange.java> 820a8080 bctrl (GhidraScript)  
INFO  DumpRange.java> 820a8084 lwz r11,0x370(r31) (GhidraScript)  
INFO  DumpRange.java> 820a8088 li r28,-0x1 (GhidraScript)  
INFO  DumpRange.java> 820a808c or r3,r30,r30 (GhidraScript)  
INFO  DumpRange.java> 820a8090 or r4,r28,r28 (GhidraScript)  
INFO  DumpRange.java> 820a8094 lwz r11,0x4(r11) (GhidraScript)  
INFO  DumpRange.java> 820a8098 mtspr CTR,r11 (GhidraScript)  
INFO  DumpRange.java> 820a809c bctrl (GhidraScript)  
INFO  DumpRange.java> 820a80a0 lwz r11,0x3f8(r31) (GhidraScript)  
INFO  DumpRange.java> 820a80a4 or r4,r28,r28 (GhidraScript)  
INFO  DumpRange.java> 820a80a8 or r3,r29,r29 (GhidraScript)  
INFO  DumpRange.java> 820a80ac lwz r11,0x4(r11) (GhidraScript)  
INFO  DumpRange.java> 820a80b0 mtspr CTR,r11 (GhidraScript)  
INFO  DumpRange.java> 820a80b4 bctrl (GhidraScript)  
INFO  DumpRange.java> 820a80b8 or r3,r26,r26 (GhidraScript)  
INFO  DumpRange.java> 820a80bc addi r1,r1,0x90 (GhidraScript)  
INFO  DumpRange.java> 820a80c0 b 0x82386540 (GhidraScript)  
INFO  DumpRange.java> 820a80c4 <not-disassembled> (GhidraScript)  
INFO  DumpRange.java> 820a80c8 mfspr r12,LR (GhidraScript)  
INFO  DumpRange.java> 820a80cc bl 0x823864f4 (GhidraScript)  
INFO  DumpRange.java> 820a80d0 subi r12,r1,0x30 (GhidraScript)  
INFO  DumpRange.java> 820a80d4 bl 0x82387a44 (GhidraScript)  
INFO  DumpRange.java> 820a80d8 stwu r1,-0xc0(r1) (GhidraScript)  
INFO  DumpRange.java> 820a80dc or r30,r4,r4 (GhidraScript)  
INFO  DumpRange.java> 820a80e0 or r31,r3,r3 (GhidraScript)  
INFO  DumpRange.java> 820a80e4 lwz r11,0x4(r30) (GhidraScript)  
INFO  DumpRange.java> 820a80e8 lbz r10,0x2a(r11) (GhidraScript)  
INFO  DumpRange.java> 820a80ec lbz r27,0x29(r11) (GhidraScript)  
INFO  DumpRange.java> 820a80f0 rlwinm r11,r10,0x1e,0x2,0x1f (GhidraScript)  
INFO  DumpRange.java> 820a80f4 lis r10,-0x7df9 (GhidraScript)  
INFO  DumpRange.java> 820a80f8 nor r11,r11,r11 (GhidraScript)  
INFO  DumpRange.java> 820a80fc rlwinm r11,r11,0x0,0x1f,0x1f (GhidraScript)  
INFO  DumpRange.java> 820a8100 cmplwi cr6,r11,0x0 (GhidraScript)  
INFO  DumpRange.java> 820a8104 lfs f27,-0x64d8(r10) (GhidraScript)  
INFO  DumpRange.java> 820a8108 lis r11,-0x7dfb (GhidraScript)  
INFO  DumpRange.java> 820a810c addi r28,r11,0x42fc (GhidraScript)  
INFO  DumpRange.java> 820a8110 lfs f30,0x500(r28) (GhidraScript)  
INFO  DumpRange.java> 820a8114 beq cr6,0x820a8220 (GhidraScript)  
INFO  DumpRange.java> 820a8118 lwz r3,0x358(r31) (GhidraScript)  
INFO  DumpRange.java> 820a811c fmr f1,f27 (GhidraScript)  
INFO  DumpRange.java> 820a8120 lwz r11,0x4(r30) (GhidraScript)  
INFO  DumpRange.java> 820a8124 lwz r10,0x0(r3) (GhidraScript)  
INFO  DumpRange.java> 820a8128 lhz r11,0xc(r11) (GhidraScript)  
INFO  DumpRange.java> 820a812c extsh r4,r11 (GhidraScript)  
INFO  DumpRange.java> 820a8130 lwz r10,0x30(r10) (GhidraScript)  
INFO  DumpRange.java> 820a8134 mtspr CTR,r10 (GhidraScript)  
INFO  DumpRange.java> 820a8138 bctrl (GhidraScript)  
INFO  DumpRange.java> 820a813c lwz r11,0x364(r31) (GhidraScript)  
INFO  DumpRange.java> 820a8140 or r29,r3,r3 (GhidraScript)  
INFO  DumpRange.java> 820a8144 cmplwi cr6,r11,0x0 (GhidraScript)  
INFO  DumpRange.java> 820a8148 beq cr6,0x820a8220 (GhidraScript)  
INFO  DumpRange.java> 820a814c rlwinm r11,r27,0x0,0x1e,0x1e (GhidraScript)  
INFO  DumpRange.java> 820a8150 cmplwi cr6,r11,0x0 (GhidraScript)  
INFO  DumpRange.java> 820a8154 beq cr6,0x820a8220 (GhidraScript)  
INFO  DumpRange.java> 820a8158 lwz r3,0x358(r31) (GhidraScript)  
INFO  DumpRange.java> 820a815c addi r8,r1,0x50 (GhidraScript)  
INFO  DumpRange.java> 820a8160 lwz r11,0x4(r30) (GhidraScript)  
INFO  DumpRange.java> 820a8164 addi r7,r1,0x5c (GhidraScript)  
INFO  DumpRange.java> 820a8168 addi r6,r1,0x54 (GhidraScript)  
INFO  DumpRange.java> 820a816c addi r5,r1,0x58 (GhidraScript)  
INFO  DumpRange.java> 820a8170 lwz r10,0x0(r3) (GhidraScript)  
INFO  DumpRange.java> 820a8174 lhz r11,0xc(r11) (GhidraScript)  
INFO  DumpRange.java> 820a8178 extsh r4,r11 (GhidraScript)  
INFO  DumpRange.java> 820a817c lwz r10,0xc(r10) (GhidraScript)  
INFO  DumpRange.java> 820a8180 mtspr CTR,r10 (GhidraScript)  
INFO  DumpRange.java> 820a8184 bctrl (GhidraScript)  
INFO  DumpRange.java> 820a8188 lwz r3,0x358(r31) (GhidraScript)  
INFO  DumpRange.java> 820a818c lwz r11,0x4(r30) (GhidraScript)  
INFO  DumpRange.java> 820a8190 fmr f29,f1 (GhidraScript)  
INFO  DumpRange.java> 820a8194 lwz r10,0x0(r3) (GhidraScript)  
INFO  DumpRange.java> 820a8198 lhz r11,0xc(r11) (GhidraScript)  
INFO  DumpRange.java> 820a819c extsh r4,r11 (GhidraScript)  
INFO  DumpRange.java> 820a81a0 lwz r10,0x20(r10) (GhidraScript)  
INFO  DumpRange.java> 820a81a4 mtspr CTR,r10 (GhidraScript)  
INFO  DumpRange.java> 820a81a8 bctrl (GhidraScript)  
INFO  DumpRange.java> 820a81ac lwz r3,0x364(r31) (GhidraScript)  
INFO  DumpRange.java> 820a81b0 fmr f31,f1 (GhidraScript)  
INFO  DumpRange.java> 820a81b4 lfs f0,0x58(r1) (GhidraScript)  
INFO  DumpRange.java> 820a81b8 fmuls f28,f29,f30 (GhidraScript)  
INFO  DumpRange.java> 820a81bc li r4,0x200 (GhidraScript)  
INFO  DumpRange.java> 820a81c0 fsubs f1,f0,f29 (GhidraScript)  
INFO  DumpRange.java> 820a81c4 lfs f0,0x54(r1) (GhidraScript)  
INFO  DumpRange.java> 820a81c8 lwz r11,0x0(r3) (GhidraScript)  
INFO  DumpRange.java> 820a81cc lwz r11,0x20(r11) (GhidraScript)  
INFO  DumpRange.java> 820a81d0 fmr f4,f31 (GhidraScript)  
INFO  DumpRange.java> 820a81d4 fmr f3,f31 (GhidraScript)  
INFO  DumpRange.java> 820a81d8 fadds f2,f28,f0 (GhidraScript)  
INFO  DumpRange.java> 820a81dc mtspr CTR,r11 (GhidraScript)  
INFO  DumpRange.java> 820a81e0 bctrl (GhidraScript)  
INFO  DumpRange.java> 820a81e4 rlwinm r11,r29,0x0,0x18,0x1f (GhidraScript)  
INFO  DumpRange.java> 820a81e8 cmplwi cr6,r11,0x0 (GhidraScript)  
INFO  DumpRange.java> 820a81ec beq cr6,0x820a8220 (GhidraScript)  
INFO  DumpRange.java> 820a81f0 lwz r3,0x364(r31) (GhidraScript)  
INFO  DumpRange.java> 820a81f4 lfs f0,0x50(r1) (GhidraScript)  
INFO  DumpRange.java> 820a81f8 fsubs f2,f0,f28 (GhidraScript)  
INFO  DumpRange.java> 820a81fc lfs f0,0x5c(r1) (GhidraScript)  
INFO  DumpRange.java> 820a8200 fmr f4,f31 (GhidraScript)  
INFO  DumpRange.java> 820a8204 li r4,0x100 (GhidraScript)  
INFO  DumpRange.java> 820a8208 fmr f3,f31 (GhidraScript)  
INFO  DumpRange.java> 820a820c fadds f1,f0,f29 (GhidraScript)  
INFO  REPORT: Save succeeded for processed file: /default.xex (HeadlessAnalyzer)  
