openjdk version "21.0.11" 2026-04-21
OpenJDK Runtime Environment (build 21.0.11+10-1-26.04.2-Ubuntu)
OpenJDK 64-Bit Server VM (build 21.0.11+10-1-26.04.2-Ubuntu, mixed mode)
INFO  Using log config file: jar:file:/fastdata/lavaulta/auto-re-agent/.tools/ghidra_12.1.2_PUBLIC/Ghidra/Framework/Generic/lib/Generic.jar!/generic.log4j.xml (LoggingInitialization)  
INFO  Using log file: /home/lavaulta/.config/ghidra/ghidra_12.1.2_PUBLIC/application.log (LoggingInitialization)  
INFO  Loading user preferences: /home/lavaulta/.config/ghidra/ghidra_12.1.2_PUBLIC/preferences (Preferences)  
INFO  Searching for classes... (ClassSearcher)  
INFO  Ignoring class 'xexloaderwv.XEXLoaderWVLoader' from '/fastdata/lavaulta/auto-re-agent/.tools/ghidra_12.1.2_PUBLIC/Ghidra/Extensions/XEXLoaderWV/lib/XEXLoaderWV.jar'. Already found at '/fastdata/lavaulta/auto-re-agent/.tools/ghidra_12.1.2_PUBLIC/Ghidra/patch/XEXLoaderWV-java21.jar'. (ClassSearcher)  
INFO  Class search complete (1488 ms) (ClassSearcher)  
INFO  Initializing SSL Context (DefaultSSLContextInitializer)  
INFO  Initializing Random Number Generator... (SecureRandomFactory)  
INFO  Random Number Generator initialization complete: NativePRNGNonBlocking (SecureRandomFactory)  
INFO  Trust manager disabled, cacerts have not been set (DefaultTrustManagerFactory)  
INFO  Headless startup complete (3025 ms) (AnalyzeHeadless)  
INFO  Class searcher loaded 59 extension points (20 false positives) (ClassSearcher)  
INFO  HEADLESS Script Paths:
    /fastdata/lavaulta/auto-re-agent/.tools/ghidra_12.1.2_PUBLIC/Ghidra/Features/MicrosoftCodeAnalyzer/ghidra_scripts
    /fastdata/lavaulta/auto-re-agent/.tools/ghidra_12.1.2_PUBLIC/Ghidra/Features/PDB/ghidra_scripts
    /fastdata/lavaulta/auto-re-agent/.tools/ghidra_12.1.2_PUBLIC/Ghidra/Processors/8051/ghidra_scripts
    /fastdata/lavaulta/auto-re-agent/.tools/ghidra_12.1.2_PUBLIC/Ghidra/Features/Base/ghidra_scripts
    /fastdata/lavaulta/auto-re-agent/workspaces/ace-combat-6/scripts
    /fastdata/lavaulta/auto-re-agent/.tools/ghidra_12.1.2_PUBLIC/Ghidra/Features/FileFormats/ghidra_scripts
    /fastdata/lavaulta/auto-re-agent/.tools/ghidra_12.1.2_PUBLIC/Ghidra/Features/GnuDemangler/ghidra_scripts
    /fastdata/lavaulta/auto-re-agent/.tools/ghidra_12.1.2_PUBLIC/Ghidra/Extensions/ghidra-emotionengine-reloaded/ghidra_scripts
    /fastdata/lavaulta/auto-re-agent/.tools/ghidra_12.1.2_PUBLIC/Ghidra/Features/Decompiler/ghidra_scripts
    /fastdata/lavaulta/auto-re-agent/.tools/ghidra_12.1.2_PUBLIC/Ghidra/Features/FunctionID/ghidra_scripts
    /fastdata/lavaulta/auto-re-agent/.tools/ghidra_12.1.2_PUBLIC/Ghidra/Features/DecompilerDependent/ghidra_scripts
    /fastdata/lavaulta/auto-re-agent/.tools/ghidra_12.1.2_PUBLIC/Ghidra/Processors/DATA/ghidra_scripts
    /fastdata/lavaulta/auto-re-agent/.tools/ghidra_12.1.2_PUBLIC/Ghidra/Debug/Debugger-rmi-trace/ghidra_scripts
    /fastdata/lavaulta/auto-re-agent/.tools/ghidra_12.1.2_PUBLIC/Ghidra/Features/SwiftDemangler/ghidra_scripts
    /fastdata/lavaulta/auto-re-agent/.tools/ghidra_12.1.2_PUBLIC/Ghidra/Debug/Debugger/ghidra_scripts
    /fastdata/lavaulta/auto-re-agent/.tools/ghidra_12.1.2_PUBLIC/Ghidra/Processors/PIC/ghidra_scripts
    /fastdata/lavaulta/auto-re-agent/.tools/ghidra_12.1.2_PUBLIC/Ghidra/Extensions/XEXLoaderWV/ghidra_scripts
    /fastdata/lavaulta/auto-re-agent/.tools/ghidra_12.1.2_PUBLIC/Ghidra/Features/WildcardAssembler/ghidra_scripts
    /fastdata/lavaulta/auto-re-agent/.tools/ghidra_12.1.2_PUBLIC/Ghidra/Features/PyGhidra/ghidra_scripts
    /fastdata/lavaulta/auto-re-agent/.tools/ghidra_12.1.2_PUBLIC/Ghidra/Features/BSim/ghidra_scripts
    /fastdata/lavaulta/auto-re-agent/.tools/ghidra_12.1.2_PUBLIC/Ghidra/Features/VersionTracking/ghidra_scripts
    /fastdata/lavaulta/auto-re-agent/.tools/ghidra_12.1.2_PUBLIC/Ghidra/Features/BytePatterns/ghidra_scripts
    /fastdata/lavaulta/auto-re-agent/.tools/ghidra_12.1.2_PUBLIC/Ghidra/Processors/Atmel/ghidra_scripts
    /fastdata/lavaulta/auto-re-agent/.tools/ghidra_12.1.2_PUBLIC/Ghidra/Features/SystemEmulation/ghidra_scripts
    /fastdata/lavaulta/auto-re-agent/.tools/ghidra_12.1.2_PUBLIC/Ghidra/Processors/JVM/ghidra_scripts (HeadlessAnalyzer)  
INFO  HEADLESS: execution starts (HeadlessAnalyzer)  
INFO  Opening existing project: /fastdata/lavaulta/auto-re-agent/workspaces/ace-combat-6/ghidra-projects/ace-combat-6-corrected (HeadlessAnalyzer)  
INFO  Opening project: /fastdata/lavaulta/auto-re-agent/workspaces/ace-combat-6/ghidra-projects/ace-combat-6-corrected (HeadlessProject)  
INFO  REPORT: Processing project file: /default.xex (HeadlessAnalyzer)  
INFO  REPORT: Execute script: DumpRange.java '0x820aa760' '0x820ab030'  (HeadlessAnalyzer)  
INFO  SCRIPT: /fastdata/lavaulta/auto-re-agent/workspaces/ace-combat-6/scripts/DumpRange.java (HeadlessAnalyzer)  
INFO  DumpRange.java> 820aa760 stw r30,0x58(r1) (GhidraScript)  
INFO  DumpRange.java> 820aa764 stw r29,0x4(r11) (GhidraScript)  
INFO  DumpRange.java> 820aa768 stw r24,0x8(r11) (GhidraScript)  
INFO  DumpRange.java> 820aa76c bne cr6,0x820aa818 (GhidraScript)  
INFO  DumpRange.java> 820aa770 addi r3,r1,0x80 (GhidraScript)  
INFO  DumpRange.java> 820aa774 or r31,r24,r24 (GhidraScript)  
INFO  DumpRange.java> 820aa778 bl 0x82291fa8 (GhidraScript)  
INFO  DumpRange.java> 820aa77c cmplwi cr6,r3,0x0 (GhidraScript)  
INFO  DumpRange.java> 820aa780 beq cr6,0x820aa7c4 (GhidraScript)  
INFO  DumpRange.java> 820aa784 or r4,r31,r31 (GhidraScript)  
INFO  DumpRange.java> 820aa788 addi r3,r1,0x80 (GhidraScript)  
INFO  DumpRange.java> 820aa78c bl 0x82291fb8 (GhidraScript)  
INFO  DumpRange.java> 820aa790 lwz r11,0x728(r30) (GhidraScript)  
INFO  DumpRange.java> 820aa794 or r4,r3,r3 (GhidraScript)  
INFO  DumpRange.java> 820aa798 or r3,r11,r11 (GhidraScript)  
INFO  DumpRange.java> 820aa79c li r5,0x98 (GhidraScript)  
INFO  DumpRange.java> 820aa7a0 lwz r10,0x0(r11) (GhidraScript)  
INFO  DumpRange.java> 820aa7a4 lwz r11,0x18(r10) (GhidraScript)  
INFO  DumpRange.java> 820aa7a8 mtspr CTR,r11 (GhidraScript)  
INFO  DumpRange.java> 820aa7ac bctrl (GhidraScript)  
INFO  DumpRange.java> 820aa7b0 addi r3,r1,0x80 (GhidraScript)  
INFO  DumpRange.java> 820aa7b4 addi r31,r31,0x1 (GhidraScript)  
INFO  DumpRange.java> 820aa7b8 bl 0x82291fa8 (GhidraScript)  
INFO  DumpRange.java> 820aa7bc cmplw cr6,r31,r3 (GhidraScript)  
INFO  DumpRange.java> 820aa7c0 blt cr6,0x820aa784 (GhidraScript)  
INFO  DumpRange.java> 820aa7c4 addi r3,r1,0x80 (GhidraScript)  
INFO  DumpRange.java> 820aa7c8 or r31,r24,r24 (GhidraScript)  
INFO  DumpRange.java> 820aa7cc bl 0x82291fa8 (GhidraScript)  
INFO  DumpRange.java> 820aa7d0 cmplwi cr6,r3,0x0 (GhidraScript)  
INFO  DumpRange.java> 820aa7d4 beq cr6,0x820aa818 (GhidraScript)  
INFO  DumpRange.java> 820aa7d8 or r4,r31,r31 (GhidraScript)  
INFO  DumpRange.java> 820aa7dc addi r3,r1,0x80 (GhidraScript)  
INFO  DumpRange.java> 820aa7e0 bl 0x82291fb8 (GhidraScript)  
INFO  DumpRange.java> 820aa7e4 lwz r11,0x728(r30) (GhidraScript)  
INFO  DumpRange.java> 820aa7e8 or r4,r3,r3 (GhidraScript)  
INFO  DumpRange.java> 820aa7ec or r3,r11,r11 (GhidraScript)  
INFO  DumpRange.java> 820aa7f0 li r5,0x98 (GhidraScript)  
INFO  DumpRange.java> 820aa7f4 lwz r10,0x0(r11) (GhidraScript)  
INFO  DumpRange.java> 820aa7f8 lwz r11,0x1c(r10) (GhidraScript)  
INFO  DumpRange.java> 820aa7fc mtspr CTR,r11 (GhidraScript)  
INFO  DumpRange.java> 820aa800 bctrl (GhidraScript)  
INFO  DumpRange.java> 820aa804 addi r3,r1,0x80 (GhidraScript)  
INFO  DumpRange.java> 820aa808 addi r31,r31,0x1 (GhidraScript)  
INFO  DumpRange.java> 820aa80c bl 0x82291fa8 (GhidraScript)  
INFO  DumpRange.java> 820aa810 cmplw cr6,r31,r3 (GhidraScript)  
INFO  DumpRange.java> 820aa814 blt cr6,0x820aa7d8 (GhidraScript)  
INFO  DumpRange.java> 820aa818 lwz r11,0x0(r28) (GhidraScript)  
INFO  DumpRange.java> 820aa81c or r22,r24,r24 (GhidraScript)  
INFO  DumpRange.java> 820aa820 or r23,r24,r24 (GhidraScript)  
INFO  DumpRange.java> 820aa824 stw r24,0x5c(r1) (GhidraScript)  
INFO  DumpRange.java> 820aa828 or r21,r24,r24 (GhidraScript)  
INFO  DumpRange.java> 820aa82c lbz r11,0x0(r11) (GhidraScript)  
INFO  DumpRange.java> 820aa830 stw r22,0x60(r1) (GhidraScript)  
INFO  DumpRange.java> 820aa834 stw r23,0x64(r1) (GhidraScript)  
INFO  DumpRange.java> 820aa838 cmplwi cr6,r11,0x0 (GhidraScript)  
INFO  DumpRange.java> 820aa83c stw r21,0x54(r1) (GhidraScript)  
INFO  DumpRange.java> 820aa840 beq cr6,0x820ab458 (GhidraScript)  
INFO  DumpRange.java> 820aa844 lis r11,-0x7dfb (GhidraScript)  
INFO  DumpRange.java> 820aa848 lis r8,-0x7dfb (GhidraScript)  
INFO  DumpRange.java> 820aa84c subi r11,r11,0x7f0 (GhidraScript)  
INFO  DumpRange.java> 820aa850 lis r9,-0x7dfb (GhidraScript)  
INFO  DumpRange.java> 820aa854 lis r10,-0x7df9 (GhidraScript)  
INFO  DumpRange.java> 820aa858 lfs f31,0x42b8(r8) (GhidraScript)  
INFO  DumpRange.java> 820aa85c stw r11,0x78(r1) (GhidraScript)  
INFO  DumpRange.java> 820aa860 lis r11,-0x7dfb (GhidraScript)  
INFO  DumpRange.java> 820aa864 lfs f29,0x4904(r9) (GhidraScript)  
INFO  DumpRange.java> 820aa868 subi r11,r11,0x800 (GhidraScript)  
INFO  DumpRange.java> 820aa86c lfs f30,-0x63b4(r10) (GhidraScript)  
INFO  DumpRange.java> 820aa870 stw r11,0x74(r1) (GhidraScript)  
INFO  DumpRange.java> 820aa874 lis r11,-0x7dfb (GhidraScript)  
INFO  DumpRange.java> 820aa878 subi r11,r11,0x810 (GhidraScript)  
INFO  DumpRange.java> 820aa87c stw r11,0x70(r1) (GhidraScript)  
INFO  DumpRange.java> 820aa880 lis r11,0x2 (GhidraScript)  
INFO  DumpRange.java> 820aa884 ori r27,r11,0x9fc8 (GhidraScript)  
INFO  DumpRange.java> 820aa888 rlwinm r11,r21,0x1,0x0,0x1e (GhidraScript)  
INFO  DumpRange.java> 820aa88c lwz r10,0x4(r28) (GhidraScript)  
INFO  DumpRange.java> 820aa890 li r28,-0x1 (GhidraScript)  
INFO  DumpRange.java> 820aa894 lwz r9,0x5c(r1) (GhidraScript)  
INFO  DumpRange.java> 820aa898 add r11,r21,r11 (GhidraScript)  
INFO  DumpRange.java> 820aa89c rlwinm r11,r11,0x2,0x0,0x1d (GhidraScript)  
INFO  DumpRange.java> 820aa8a0 add r26,r11,r10 (GhidraScript)  
INFO  DumpRange.java> 820aa8a4 stw r28,0x50(r1) (GhidraScript)  
INFO  DumpRange.java> 820aa8a8 lwz r11,0x0(r26) (GhidraScript)  
INFO  DumpRange.java> 820aa8ac stw r26,0x68(r1) (GhidraScript)  
INFO  DumpRange.java> 820aa8b0 lbz r10,0xd(r11) (GhidraScript)  
INFO  DumpRange.java> 820aa8b4 cmpw cr6,r9,r10 (GhidraScript)  
INFO  DumpRange.java> 820aa8b8 beq cr6,0x820aa8c0 (GhidraScript)  
INFO  DumpRange.java> 820aa8bc stw r10,0x5c(r1) (GhidraScript)  
INFO  DumpRange.java> 820aa8c0 lbz r11,0x8(r11) (GhidraScript)  
INFO  DumpRange.java> 820aa8c4 or r15,r24,r24 (GhidraScript)  
INFO  DumpRange.java> 820aa8c8 or r14,r24,r24 (GhidraScript)  
INFO  DumpRange.java> 820aa8cc cmplwi cr6,r11,0x4 (GhidraScript)  
INFO  DumpRange.java> 820aa8d0 bgt cr6,0x820aa930 (GhidraScript)  
INFO  DumpRange.java> 820aa8d4 lis r12,-0x7df6 (GhidraScript)  
INFO  DumpRange.java> 820aa8d8 addi r12,r12,0x72ec (GhidraScript)  
INFO  DumpRange.java> 820aa8dc rlwinm r0,r11,0x2,0x0,0x1d (GhidraScript)  
INFO  DumpRange.java> 820aa8e0 lwzx r0,r12,r0 (GhidraScript)  
INFO  DumpRange.java> 820aa8e4 mtspr CTR,r0 (GhidraScript)  
INFO  DumpRange.java> 820aa8e8 bctr (GhidraScript)  
INFO  DumpRange.java> 820aa8ec <not-disassembled> (GhidraScript)  
INFO  DumpRange.java> 820aa8f0 <not-disassembled> (GhidraScript)  
INFO  DumpRange.java> 820aa8f4 <not-disassembled> (GhidraScript)  
INFO  DumpRange.java> 820aa8f8 <not-disassembled> (GhidraScript)  
INFO  DumpRange.java> 820aa8fc <not-disassembled> (GhidraScript)  
INFO  DumpRange.java> 820aa900 li r15,0x1 (GhidraScript)  
INFO  DumpRange.java> 820aa904 b 0x820aa92c (GhidraScript)  
INFO  DumpRange.java> 820aa908 li r15,0x4 (GhidraScript)  
INFO  DumpRange.java> 820aa90c b 0x820aa92c (GhidraScript)  
INFO  DumpRange.java> 820aa910 li r14,0x2 (GhidraScript)  
INFO  DumpRange.java> 820aa914 li r15,0x4 (GhidraScript)  
INFO  DumpRange.java> 820aa918 b 0x820aa930 (GhidraScript)  
INFO  DumpRange.java> 820aa91c lis r14,-0x8000 (GhidraScript)  
INFO  DumpRange.java> 820aa920 li r15,0x4 (GhidraScript)  
INFO  DumpRange.java> 820aa924 b 0x820aa930 (GhidraScript)  
INFO  DumpRange.java> 820aa928 li r15,0x3 (GhidraScript)  
INFO  DumpRange.java> 820aa92c li r14,0x1 (GhidraScript)  
INFO  DumpRange.java> 820aa930 lwz r11,0x4eb4(r18) (GhidraScript)  
INFO  DumpRange.java> 820aa934 lwzx r3,r11,r19 (GhidraScript)  
INFO  DumpRange.java> 820aa938 lwz r11,0x0(r3) (GhidraScript)  
INFO  DumpRange.java> 820aa93c lwz r11,0x4(r11) (GhidraScript)  
INFO  DumpRange.java> 820aa940 mtspr CTR,r11 (GhidraScript)  
INFO  DumpRange.java> 820aa944 bctrl (GhidraScript)  
INFO  DumpRange.java> 820aa948 cmpwi cr6,r3,0x2 (GhidraScript)  
INFO  DumpRange.java> 820aa94c beq cr6,0x820aa974 (GhidraScript)  
INFO  DumpRange.java> 820aa950 lwz r11,0x4eb4(r18) (GhidraScript)  
INFO  DumpRange.java> 820aa954 lwzx r3,r11,r19 (GhidraScript)  
INFO  DumpRange.java> 820aa958 lwz r11,0x0(r3) (GhidraScript)  
INFO  DumpRange.java> 820aa95c lwz r11,0x4(r11) (GhidraScript)  
INFO  DumpRange.java> 820aa960 mtspr CTR,r11 (GhidraScript)  
INFO  DumpRange.java> 820aa964 bctrl (GhidraScript)  
INFO  DumpRange.java> 820aa968 cmpwi cr6,r3,0x3 (GhidraScript)  
INFO  DumpRange.java> 820aa96c or r11,r24,r24 (GhidraScript)  
INFO  DumpRange.java> 820aa970 bne cr6,0x820aa978 (GhidraScript)  
INFO  DumpRange.java> 820aa974 li r11,0x1 (GhidraScript)  
INFO  DumpRange.java> 820aa978 rlwinm r11,r11,0x0,0x18,0x1f (GhidraScript)  
INFO  DumpRange.java> 820aa97c cmplwi cr6,r11,0x0 (GhidraScript)  
INFO  DumpRange.java> 820aa980 beq cr6,0x820aac08 (GhidraScript)  
INFO  DumpRange.java> 820aa984 lwz r11,0x6c(r1) (GhidraScript)  
INFO  DumpRange.java> 820aa988 lwz r10,0x18(r11) (GhidraScript)  
INFO  DumpRange.java> 820aa98c cmplwi cr6,r10,0x0 (GhidraScript)  
INFO  DumpRange.java> 820aa990 beq cr6,0x820aac08 (GhidraScript)  
INFO  DumpRange.java> 820aa994 lwz r11,0x0(r26) (GhidraScript)  
INFO  DumpRange.java> 820aa998 lwz r9,0x4(r10) (GhidraScript)  
INFO  DumpRange.java> 820aa99c lwz r10,0x4eb4(r18) (GhidraScript)  
INFO  DumpRange.java> 820aa9a0 addi r29,r10,0x9c (GhidraScript)  
INFO  DumpRange.java> 820aa9a4 lbz r10,0xd(r11) (GhidraScript)  
INFO  DumpRange.java> 820aa9a8 rlwinm r10,r10,0x3,0x0,0x1f (GhidraScript)  
INFO  DumpRange.java> 820aa9ac lwzx r10,r10,r9 (GhidraScript)  
INFO  DumpRange.java> 820aa9b0 lbz r10,0x2c(r10) (GhidraScript)  
INFO  DumpRange.java> 820aa9b4 cmplwi cr6,r10,0x8 (GhidraScript)  
INFO  DumpRange.java> 820aa9b8 bgt cr6,0x820aaba0 (GhidraScript)  
INFO  DumpRange.java> 820aa9bc lis r12,-0x7df6 (GhidraScript)  
INFO  DumpRange.java> 820aa9c0 addi r12,r12,0x73d4 (GhidraScript)  
INFO  DumpRange.java> 820aa9c4 rlwinm r0,r10,0x2,0x0,0x1d (GhidraScript)  
INFO  DumpRange.java> 820aa9c8 lwzx r0,r12,r0 (GhidraScript)  
INFO  DumpRange.java> 820aa9cc mtspr CTR,r0 (GhidraScript)  
INFO  DumpRange.java> 820aa9d0 bctr (GhidraScript)  
INFO  DumpRange.java> 820aa9d4 lwz r16,0x73f8(r10) (GhidraScript)  
INFO  DumpRange.java> 820aa9d8 <not-disassembled> (GhidraScript)  
INFO  DumpRange.java> 820aa9dc <not-disassembled> (GhidraScript)  
INFO  DumpRange.java> 820aa9e0 <not-disassembled> (GhidraScript)  
INFO  DumpRange.java> 820aa9e4 <not-disassembled> (GhidraScript)  
INFO  DumpRange.java> 820aa9e8 <not-disassembled> (GhidraScript)  
INFO  DumpRange.java> 820aa9ec <not-disassembled> (GhidraScript)  
INFO  DumpRange.java> 820aa9f0 <not-disassembled> (GhidraScript)  
INFO  DumpRange.java> 820aa9f4 <not-disassembled> (GhidraScript)  
INFO  DumpRange.java> 820aa9f8 lbz r11,0x8(r11) (GhidraScript)  
INFO  DumpRange.java> 820aa9fc lis r14,0x2000 (GhidraScript)  
INFO  DumpRange.java> 820aaa00 cmplwi cr6,r11,0x0 (GhidraScript)  
INFO  DumpRange.java> 820aaa04 bne cr6,0x820aab84 (GhidraScript)  
INFO  DumpRange.java> 820aaa08 or r31,r24,r24 (GhidraScript)  
INFO  DumpRange.java> 820aaa0c addi r30,r29,0x80 (GhidraScript)  
INFO  DumpRange.java> 820aaa10 lwz r11,-0x4(r30) (GhidraScript)  
INFO  DumpRange.java> 820aaa14 cmpwi cr6,r11,0x0 (GhidraScript)  
INFO  DumpRange.java> 820aaa18 bne cr6,0x820aaa54 (GhidraScript)  
INFO  DumpRange.java> 820aaa1c lwz r11,0x0(r30) (GhidraScript)  
INFO  DumpRange.java> 820aaa20 cmpw cr6,r11,r22 (GhidraScript)  
INFO  DumpRange.java> 820aaa24 bne cr6,0x820aaa54 (GhidraScript)  
INFO  DumpRange.java> 820aaa28 lwz r11,0xc(r30) (GhidraScript)  
INFO  DumpRange.java> 820aaa2c cmpwi cr6,r11,0x1 (GhidraScript)  
INFO  DumpRange.java> 820aaa30 beq cr6,0x820aaa68 (GhidraScript)  
INFO  DumpRange.java> 820aaa34 lwz r11,0x4eb4(r18) (GhidraScript)  
INFO  DumpRange.java> 820aaa38 lwzx r3,r11,r19 (GhidraScript)  
INFO  DumpRange.java> 820aaa3c lwz r11,0x0(r3) (GhidraScript)  
INFO  DumpRange.java> 820aaa40 lwz r11,0x8(r11) (GhidraScript)  
INFO  DumpRange.java> 820aaa44 mtspr CTR,r11 (GhidraScript)  
INFO  DumpRange.java> 820aaa48 bctrl (GhidraScript)  
INFO  DumpRange.java> 820aaa4c cmpw cr6,r31,r3 (GhidraScript)  
INFO  DumpRange.java> 820aaa50 beq cr6,0x820aaa68 (GhidraScript)  
INFO  DumpRange.java> 820aaa54 addi r31,r31,0x1 (GhidraScript)  
INFO  DumpRange.java> 820aaa58 addi r30,r30,0x3c (GhidraScript)  
INFO  DumpRange.java> 820aaa5c cmpwi cr6,r31,0x10 (GhidraScript)  
INFO  DumpRange.java> 820aaa60 blt cr6,0x820aaa10 (GhidraScript)  
INFO  DumpRange.java> 820aaa64 b 0x820aaa70 (GhidraScript)  
INFO  DumpRange.java> 820aaa68 or r28,r31,r31 (GhidraScript)  
INFO  DumpRange.java> 820aaa6c stw r28,0x50(r1) (GhidraScript)  
INFO  DumpRange.java> 820aaa70 lwz r11,0x4eb4(r18) (GhidraScript)  
INFO  DumpRange.java> 820aaa74 lwzx r3,r11,r19 (GhidraScript)  
INFO  DumpRange.java> 820aaa78 lwz r11,0x0(r3) (GhidraScript)  
INFO  DumpRange.java> 820aaa7c lwz r11,0x8(r11) (GhidraScript)  
INFO  DumpRange.java> 820aaa80 mtspr CTR,r11 (GhidraScript)  
INFO  DumpRange.java> 820aaa84 bctrl (GhidraScript)  
INFO  DumpRange.java> 820aaa88 subf r11,r28,r3 (GhidraScript)  
INFO  DumpRange.java> 820aaa8c addi r22,r22,0x1 (GhidraScript)  
INFO  DumpRange.java> 820aaa90 cntlzw r11,r11 (GhidraScript)  
INFO  DumpRange.java> 820aaa94 rlwinm r11,r11,0x1b,0x1f,0x1f (GhidraScript)  
INFO  DumpRange.java> 820aaa98 xori r11,r11,0x1 (GhidraScript)  
INFO  DumpRange.java> 820aaa9c stw r22,0x60(r1) (GhidraScript)  
INFO  DumpRange.java> 820aaaa0 addi r15,r11,0x1 (GhidraScript)  
INFO  DumpRange.java> 820aaaa4 b 0x820aaba0 (GhidraScript)  
INFO  DumpRange.java> 820aaaa8 lis r14,0x2000 (GhidraScript)  
INFO  DumpRange.java> 820aaaac li r15,0x6 (GhidraScript)  
INFO  DumpRange.java> 820aaab0 b 0x820aaba0 (GhidraScript)  
INFO  DumpRange.java> 820aaab4 lis r14,0x2000 (GhidraScript)  
INFO  DumpRange.java> 820aaab8 b 0x820aab9c (GhidraScript)  
INFO  DumpRange.java> 820aaabc lbz r11,0x8(r11) (GhidraScript)  
INFO  DumpRange.java> 820aaac0 lis r14,0x4000 (GhidraScript)  
INFO  DumpRange.java> 820aaac4 cmplwi cr6,r11,0x0 (GhidraScript)  
INFO  DumpRange.java> 820aaac8 bne cr6,0x820aab84 (GhidraScript)  
INFO  DumpRange.java> 820aaacc or r31,r24,r24 (GhidraScript)  
INFO  DumpRange.java> 820aaad0 addi r30,r29,0x80 (GhidraScript)  
INFO  DumpRange.java> 820aaad4 lwz r11,-0x4(r30) (GhidraScript)  
INFO  DumpRange.java> 820aaad8 cmpwi cr6,r11,0x1 (GhidraScript)  
INFO  DumpRange.java> 820aaadc bne cr6,0x820aab18 (GhidraScript)  
INFO  DumpRange.java> 820aaae0 lwz r11,0x0(r30) (GhidraScript)  
INFO  DumpRange.java> 820aaae4 cmpw cr6,r11,r23 (GhidraScript)  
INFO  DumpRange.java> 820aaae8 bne cr6,0x820aab18 (GhidraScript)  
INFO  DumpRange.java> 820aaaec lwz r11,0xc(r30) (GhidraScript)  
INFO  DumpRange.java> 820aaaf0 cmpwi cr6,r11,0x1 (GhidraScript)  
INFO  DumpRange.java> 820aaaf4 beq cr6,0x820aab2c (GhidraScript)  
INFO  DumpRange.java> 820aaaf8 lwz r11,0x4eb4(r18) (GhidraScript)  
INFO  DumpRange.java> 820aaafc lwzx r3,r11,r19 (GhidraScript)  
INFO  DumpRange.java> 820aab00 lwz r11,0x0(r3) (GhidraScript)  
INFO  DumpRange.java> 820aab04 lwz r11,0x8(r11) (GhidraScript)  
INFO  DumpRange.java> 820aab08 mtspr CTR,r11 (GhidraScript)  
INFO  DumpRange.java> 820aab0c bctrl (GhidraScript)  
INFO  DumpRange.java> 820aab10 cmpw cr6,r31,r3 (GhidraScript)  
INFO  DumpRange.java> 820aab14 beq cr6,0x820aab2c (GhidraScript)  
INFO  DumpRange.java> 820aab18 addi r31,r31,0x1 (GhidraScript)  
INFO  DumpRange.java> 820aab1c addi r30,r30,0x3c (GhidraScript)  
INFO  DumpRange.java> 820aab20 cmpwi cr6,r31,0x10 (GhidraScript)  
INFO  DumpRange.java> 820aab24 blt cr6,0x820aaad4 (GhidraScript)  
INFO  DumpRange.java> 820aab28 b 0x820aab34 (GhidraScript)  
INFO  DumpRange.java> 820aab2c or r28,r31,r31 (GhidraScript)  
INFO  DumpRange.java> 820aab30 stw r28,0x50(r1) (GhidraScript)  
INFO  DumpRange.java> 820aab34 lwz r11,0x4eb4(r18) (GhidraScript)  
INFO  DumpRange.java> 820aab38 lwzx r3,r11,r19 (GhidraScript)  
INFO  DumpRange.java> 820aab3c lwz r11,0x0(r3) (GhidraScript)  
INFO  DumpRange.java> 820aab40 lwz r11,0x8(r11) (GhidraScript)  
INFO  DumpRange.java> 820aab44 mtspr CTR,r11 (GhidraScript)  
INFO  DumpRange.java> 820aab48 bctrl (GhidraScript)  
INFO  DumpRange.java> 820aab4c subf r11,r28,r3 (GhidraScript)  
INFO  DumpRange.java> 820aab50 addi r23,r23,0x1 (GhidraScript)  
INFO  DumpRange.java> 820aab54 cntlzw r11,r11 (GhidraScript)  
INFO  DumpRange.java> 820aab58 rlwinm r11,r11,0x1b,0x1f,0x1f (GhidraScript)  
INFO  DumpRange.java> 820aab5c xori r11,r11,0x1 (GhidraScript)  
INFO  DumpRange.java> 820aab60 stw r23,0x64(r1) (GhidraScript)  
INFO  DumpRange.java> 820aab64 addi r15,r11,0x1 (GhidraScript)  
INFO  DumpRange.java> 820aab68 b 0x820aaba0 (GhidraScript)  
INFO  DumpRange.java> 820aab6c lis r14,0x4000 (GhidraScript)  
INFO  DumpRange.java> 820aab70 li r15,0x6 (GhidraScript)  
INFO  DumpRange.java> 820aab74 b 0x820aaba0 (GhidraScript)  
INFO  DumpRange.java> 820aab78 lis r14,0x4000 (GhidraScript)  
INFO  DumpRange.java> 820aab7c b 0x820aab9c (GhidraScript)  
INFO  DumpRange.java> 820aab80 lis r14,-0x8000 (GhidraScript)  
INFO  DumpRange.java> 820aab84 li r15,0x5 (GhidraScript)  
INFO  DumpRange.java> 820aab88 b 0x820aaba0 (GhidraScript)  
INFO  DumpRange.java> 820aab8c lis r14,-0x8000 (GhidraScript)  
INFO  DumpRange.java> 820aab90 li r15,0x6 (GhidraScript)  
INFO  DumpRange.java> 820aab94 b 0x820aaba0 (GhidraScript)  
INFO  DumpRange.java> 820aab98 lis r14,-0x8000 (GhidraScript)  
INFO  DumpRange.java> 820aab9c li r15,0x4 (GhidraScript)  
INFO  DumpRange.java> 820aaba0 lwz r11,0x424(r29) (GhidraScript)  
INFO  DumpRange.java> 820aaba4 cmpwi cr6,r11,0x1 (GhidraScript)  
INFO  DumpRange.java> 820aaba8 beq cr6,0x820aabb4 (GhidraScript)  
INFO  DumpRange.java> 820aabac cmpwi cr6,r11,0x5 (GhidraScript)  
INFO  DumpRange.java> 820aabb0 bne cr6,0x820aac08 (GhidraScript)  
INFO  DumpRange.java> 820aabb4 subi r11,r15,0x1 (GhidraScript)  
INFO  DumpRange.java> 820aabb8 cmplwi cr6,r11,0x5 (GhidraScript)  
INFO  DumpRange.java> 820aabbc bgt cr6,0x820aac04 (GhidraScript)  
INFO  DumpRange.java> 820aabc0 lis r12,-0x7df6 (GhidraScript)  
INFO  DumpRange.java> 820aabc4 addi r12,r12,0x75d8 (GhidraScript)  
INFO  DumpRange.java> 820aabc8 rlwinm r0,r11,0x2,0x0,0x1d (GhidraScript)  
INFO  DumpRange.java> 820aabcc lwzx r0,r12,r0 (GhidraScript)  
INFO  DumpRange.java> 820aabd0 mtspr CTR,r0 (GhidraScript)  
INFO  DumpRange.java> 820aabd4 bctr (GhidraScript)  
INFO  DumpRange.java> 820aabd8 <not-disassembled> (GhidraScript)  
INFO  DumpRange.java> 820aabdc <not-disassembled> (GhidraScript)  
INFO  DumpRange.java> 820aabe0 <not-disassembled> (GhidraScript)  
INFO  DumpRange.java> 820aabe4 <not-disassembled> (GhidraScript)  
INFO  DumpRange.java> 820aabe8 <not-disassembled> (GhidraScript)  
INFO  DumpRange.java> 820aabec <not-disassembled> (GhidraScript)  
INFO  DumpRange.java> 820aabf0 cmpwi cr6,r28,-0x1 (GhidraScript)  
INFO  DumpRange.java> 820aabf4 beq cr6,0x820aac04 (GhidraScript)  
INFO  DumpRange.java> 820aabf8 li r11,0x1 (GhidraScript)  
INFO  DumpRange.java> 820aabfc slw r14,r11,r28 (GhidraScript)  
INFO  DumpRange.java> 820aac00 b 0x820aac08 (GhidraScript)  
INFO  DumpRange.java> 820aac04 or r14,r24,r24 (GhidraScript)  
INFO  DumpRange.java> 820aac08 or r16,r24,r24 (GhidraScript)  
INFO  DumpRange.java> 820aac0c cmpwi cr6,r20,0x0 (GhidraScript)  
INFO  DumpRange.java> 820aac10 beq cr6,0x820aac1c (GhidraScript)  
INFO  DumpRange.java> 820aac14 cmpwi cr6,r20,0x1 (GhidraScript)  
INFO  DumpRange.java> 820aac18 bne cr6,0x820aac54 (GhidraScript)  
INFO  DumpRange.java> 820aac1c lwz r11,0x0(r25) (GhidraScript)  
INFO  DumpRange.java> 820aac20 cntlzw r10,r20 (GhidraScript)  
INFO  DumpRange.java> 820aac24 or r4,r15,r15 (GhidraScript)  
INFO  DumpRange.java> 820aac28 rlwinm r5,r10,0x1b,0x1f,0x1f (GhidraScript)  
INFO  DumpRange.java> 820aac2c or r3,r25,r25 (GhidraScript)  
INFO  DumpRange.java> 820aac30 lwz r11,0x10(r11) (GhidraScript)  
INFO  DumpRange.java> 820aac34 mtspr CTR,r11 (GhidraScript)  
INFO  DumpRange.java> 820aac38 bctrl (GhidraScript)  
INFO  DumpRange.java> 820aac3c or r16,r3,r3 (GhidraScript)  
INFO  DumpRange.java> 820aac40 or r3,r25,r25 (GhidraScript)  
INFO  DumpRange.java> 820aac44 or r4,r16,r16 (GhidraScript)  
INFO  DumpRange.java> 820aac48 stw r21,0xd0(r16) (GhidraScript)  
INFO  DumpRange.java> 820aac4c stw r14,0xd4(r16) (GhidraScript)  
INFO  DumpRange.java> 820aac50 bl 0x822734c0 (GhidraScript)  
INFO  DumpRange.java> 820aac54 lwz r11,0x4eb4(r18) (GhidraScript)  
INFO  DumpRange.java> 820aac58 lwzx r3,r11,r19 (GhidraScript)  
INFO  DumpRange.java> 820aac5c lwz r11,0x0(r3) (GhidraScript)  
INFO  DumpRange.java> 820aac60 lwz r11,0x4(r11) (GhidraScript)  
INFO  DumpRange.java> 820aac64 mtspr CTR,r11 (GhidraScript)  
INFO  DumpRange.java> 820aac68 bctrl (GhidraScript)  
INFO  DumpRange.java> 820aac6c cmpwi cr6,r3,0x2 (GhidraScript)  
INFO  DumpRange.java> 820aac70 beq cr6,0x820aac98 (GhidraScript)  
INFO  DumpRange.java> 820aac74 lwz r11,0x4eb4(r18) (GhidraScript)  
INFO  DumpRange.java> 820aac78 lwzx r3,r11,r19 (GhidraScript)  
INFO  DumpRange.java> 820aac7c lwz r11,0x0(r3) (GhidraScript)  
INFO  DumpRange.java> 820aac80 lwz r11,0x4(r11) (GhidraScript)  
INFO  DumpRange.java> 820aac84 mtspr CTR,r11 (GhidraScript)  
INFO  DumpRange.java> 820aac88 bctrl (GhidraScript)  
INFO  DumpRange.java> 820aac8c cmpwi cr6,r3,0x3 (GhidraScript)  
INFO  DumpRange.java> 820aac90 or r11,r24,r24 (GhidraScript)  
INFO  DumpRange.java> 820aac94 bne cr6,0x820aac9c (GhidraScript)  
INFO  DumpRange.java> 820aac98 li r11,0x1 (GhidraScript)  
INFO  DumpRange.java> 820aac9c rlwinm r11,r11,0x0,0x18,0x1f (GhidraScript)  
INFO  DumpRange.java> 820aaca0 cmplwi cr6,r11,0x0 (GhidraScript)  
INFO  DumpRange.java> 820aaca4 beq cr6,0x820aacc0 (GhidraScript)  
INFO  DumpRange.java> 820aaca8 cmpwi cr6,r28,-0x1 (GhidraScript)  
INFO  DumpRange.java> 820aacac bne cr6,0x820aacc0 (GhidraScript)  
INFO  DumpRange.java> 820aacb0 cmpwi cr6,r15,0x1 (GhidraScript)  
INFO  DumpRange.java> 820aacb4 beq cr6,0x820ab430 (GhidraScript)  
INFO  DumpRange.java> 820aacb8 cmpwi cr6,r15,0x2 (GhidraScript)  
INFO  DumpRange.java> 820aacbc beq cr6,0x820ab430 (GhidraScript)  
INFO  DumpRange.java> 820aacc0 lwz r11,0x164(r1) (GhidraScript)  
INFO  DumpRange.java> 820aacc4 lwz r25,0x8(r26) (GhidraScript)  
INFO  DumpRange.java> 820aacc8 cmplwi cr6,r25,0x0 (GhidraScript)  
INFO  DumpRange.java> 820aaccc lwz r17,0x4(r11) (GhidraScript)  
INFO  DumpRange.java> 820aacd0 beq cr6,0x820ab430 (GhidraScript)  
INFO  DumpRange.java> 820aacd4 lwz r11,0x0(r25) (GhidraScript)  
INFO  DumpRange.java> 820aacd8 lbz r11,0x0(r11) (GhidraScript)  
INFO  DumpRange.java> 820aacdc cmplwi cr6,r11,0x0 (GhidraScript)  
INFO  DumpRange.java> 820aace0 beq cr6,0x820ab23c (GhidraScript)  
INFO  DumpRange.java> 820aace4 cntlzw r11,r20 (GhidraScript)  
INFO  DumpRange.java> 820aace8 subi r21,r15,0x1 (GhidraScript)  
INFO  DumpRange.java> 820aacec rlwinm r20,r11,0x1b,0x1f,0x1f (GhidraScript)  
INFO  DumpRange.java> 820aacf0 or r23,r24,r24 (GhidraScript)  
INFO  DumpRange.java> 820aacf4 or r22,r24,r24 (GhidraScript)  
INFO  DumpRange.java> 820aacf8 lwz r11,0x8(r25) (GhidraScript)  
INFO  DumpRange.java> 820aacfc li r30,0x4 (GhidraScript)  
INFO  DumpRange.java> 820aad00 lwz r3,0x154(r1) (GhidraScript)  
INFO  DumpRange.java> 820aad04 cmplwi cr6,r21,0x5 (GhidraScript)  
INFO  DumpRange.java> 820aad08 add r26,r22,r11 (GhidraScript)  
INFO  DumpRange.java> 820aad0c lwz r28,0x0(r26) (GhidraScript)  
INFO  DumpRange.java> 820aad10 bgt cr6,0x820aad74 (GhidraScript)  
INFO  DumpRange.java> 820aad14 lis r12,-0x7df6 (GhidraScript)  
INFO  DumpRange.java> 820aad18 addi r12,r12,0x772c (GhidraScript)  
INFO  DumpRange.java> 820aad1c rlwinm r0,r21,0x2,0x0,0x1d (GhidraScript)  
INFO  DumpRange.java> 820aad20 lwzx r0,r12,r0 (GhidraScript)  
INFO  DumpRange.java> 820aad24 mtspr CTR,r0 (GhidraScript)  
INFO  DumpRange.java> 820aad28 bctr (GhidraScript)  
INFO  DumpRange.java> 820aad2c lwz r16,0x7744(r10) (GhidraScript)  
INFO  DumpRange.java> 820aad30 lwz r16,0x7750(r10) (GhidraScript)  
INFO  DumpRange.java> 820aad34 lwz r16,0x775c(r10) (GhidraScript)  
INFO  DumpRange.java> 820aad38 lwz r16,0x7770(r10) (GhidraScript)  
INFO  DumpRange.java> 820aad3c lwz r16,0x7770(r10) (GhidraScript)  
INFO  DumpRange.java> 820aad40 <not-disassembled> (GhidraScript)  
INFO  DumpRange.java> 820aad44 cntlzw r11,r24 (GhidraScript)  
INFO  DumpRange.java> 820aad48 rlwinm r30,r11,0x1b,0x1f,0x1f (GhidraScript)  
INFO  DumpRange.java> 820aad4c b 0x820aad74 (GhidraScript)  
INFO  DumpRange.java> 820aad50 cntlzw r11,r24 (GhidraScript)  
INFO  DumpRange.java> 820aad54 rlwinm r30,r11,0x1c,0x1e,0x1e (GhidraScript)  
INFO  DumpRange.java> 820aad58 b 0x820aad74 (GhidraScript)  
INFO  DumpRange.java> 820aad5c subfic r11,r24,0x0 (GhidraScript)  
INFO  DumpRange.java> 820aad60 subfe r11,r11,r11 (GhidraScript)  
INFO  DumpRange.java> 820aad64 rlwinm r11,r11,0x0,0x1f,0x1d (GhidraScript)  
INFO  DumpRange.java> 820aad68 addi r30,r11,0x3 (GhidraScript)  
INFO  DumpRange.java> 820aad6c b 0x820aad74 (GhidraScript)  
INFO  DumpRange.java> 820aad70 li r30,0x4 (GhidraScript)  
INFO  DumpRange.java> 820aad74 lwz r11,0x0(r3) (GhidraScript)  
INFO  DumpRange.java> 820aad78 or r6,r20,r20 (GhidraScript)  
INFO  DumpRange.java> 820aad7c lbz r5,0x56(r28) (GhidraScript)  
INFO  DumpRange.java> 820aad80 or r4,r30,r30 (GhidraScript)  
INFO  DumpRange.java> 820aad84 lwz r11,0x14(r11) (GhidraScript)  
INFO  DumpRange.java> 820aad88 mtspr CTR,r11 (GhidraScript)  
INFO  DumpRange.java> 820aad8c bctrl (GhidraScript)  
INFO  DumpRange.java> 820aad90 or r31,r3,r3 (GhidraScript)  
INFO  DumpRange.java> 820aad94 cmplwi cr6,r31,0x0 (GhidraScript)  
INFO  DumpRange.java> 820aad98 beq cr6,0x820ab200 (GhidraScript)  
INFO  DumpRange.java> 820aad9c lwz r10,0x4(r25) (GhidraScript)  
INFO  DumpRange.java> 820aada0 addi r11,r31,0x10 (GhidraScript)  
INFO  DumpRange.java> 820aada4 lwz r5,0x70(r1) (GhidraScript)  
INFO  DumpRange.java> 820aada8 li r4,0x10 (GhidraScript)  
INFO  DumpRange.java> 820aadac addi r9,r11,0x10 (GhidraScript)  
INFO  DumpRange.java> 820aadb0 addi r7,r31,0x60 (GhidraScript)  
INFO  DumpRange.java> 820aadb4 addi r8,r11,0x10 (GhidraScript)  
INFO  DumpRange.java> 820aadb8 lwzx r27,r10,r23 (GhidraScript)  
INFO  DumpRange.java> 820aadbc stfs f31,0x40(r11) (GhidraScript)  
INFO  DumpRange.java> 820aadc0 stfs f31,0x44(r11) (GhidraScript)  
INFO  DumpRange.java> 820aadc4 addi r10,r7,0x10 (GhidraScript)  
INFO  DumpRange.java> 820aadc8 stfs f31,0x48(r11) (GhidraScript)  
INFO  DumpRange.java> 820aadcc subi r6,r30,0x1 (GhidraScript)  
INFO  DumpRange.java> 820aadd0 <not-disassembled> (GhidraScript)  
INFO  DumpRange.java> 820aadd4 lwz r5,0x74(r1) (GhidraScript)  
INFO  DumpRange.java> 820aadd8 <not-disassembled> (GhidraScript)  
INFO  DumpRange.java> 820aaddc cmplwi cr6,r6,0x3 (GhidraScript)  
INFO  DumpRange.java> 820aade0 <not-disassembled> (GhidraScript)  
INFO  DumpRange.java> 820aade4 lwz r5,0x78(r1) (GhidraScript)  
INFO  DumpRange.java> 820aade8 <not-disassembled> (GhidraScript)  
INFO  DumpRange.java> 820aadec <not-disassembled> (GhidraScript)  
INFO  DumpRange.java> 820aadf0 li r5,0x20 (GhidraScript)  
INFO  DumpRange.java> 820aadf4 <not-disassembled> (GhidraScript)  
INFO  DumpRange.java> 820aadf8 <not-disassembled> (GhidraScript)  
INFO  DumpRange.java> 820aadfc <not-disassembled> (GhidraScript)  
INFO  DumpRange.java> 820aae00 <not-disassembled> (GhidraScript)  
INFO  DumpRange.java> 820aae04 <not-disassembled> (GhidraScript)  
INFO  DumpRange.java> 820aae08 <not-disassembled> (GhidraScript)  
INFO  DumpRange.java> 820aae0c <not-disassembled> (GhidraScript)  
INFO  DumpRange.java> 820aae10 li r10,0x40 (GhidraScript)  
INFO  DumpRange.java> 820aae14 <not-disassembled> (GhidraScript)  
INFO  DumpRange.java> 820aae18 <not-disassembled> (GhidraScript)  
INFO  DumpRange.java> 820aae1c bgt cr6,0x820aae90 (GhidraScript)  
INFO  DumpRange.java> 820aae20 lis r12,-0x7df6 (GhidraScript)  
INFO  DumpRange.java> 820aae24 addi r12,r12,0x7838 (GhidraScript)  
INFO  DumpRange.java> 820aae28 rlwinm r0,r6,0x2,0x0,0x1d (GhidraScript)  
INFO  DumpRange.java> 820aae2c lwzx r0,r12,r0 (GhidraScript)  
INFO  DumpRange.java> 820aae30 mtspr CTR,r0 (GhidraScript)  
INFO  DumpRange.java> 820aae34 bctr (GhidraScript)  
INFO  DumpRange.java> 820aae38 <not-disassembled> (GhidraScript)  
INFO  DumpRange.java> 820aae3c <not-disassembled> (GhidraScript)  
INFO  DumpRange.java> 820aae40 <not-disassembled> (GhidraScript)  
INFO  DumpRange.java> 820aae44 <not-disassembled> (GhidraScript)  
INFO  DumpRange.java> 820aae48 lwz r11,0x4eb4(r18) (GhidraScript)  
INFO  DumpRange.java> 820aae4c li r4,0x0 (GhidraScript)  
INFO  DumpRange.java> 820aae50 addi r3,r11,0x70 (GhidraScript)  
INFO  DumpRange.java> 820aae54 bl 0x82093a38 (GhidraScript)  
INFO  DumpRange.java> 820aae58 b 0x820aae94 (GhidraScript)  
INFO  DumpRange.java> 820aae5c lwz r11,0x4eb4(r18) (GhidraScript)  
INFO  DumpRange.java> 820aae60 li r4,0x1 (GhidraScript)  
INFO  DumpRange.java> 820aae64 addi r3,r11,0x70 (GhidraScript)  
INFO  DumpRange.java> 820aae68 bl 0x82093a38 (GhidraScript)  
INFO  DumpRange.java> 820aae6c b 0x820aae94 (GhidraScript)  
INFO  DumpRange.java> 820aae70 lwz r11,0x50(r1) (GhidraScript)  
INFO  DumpRange.java> 820aae74 mulli r10,r11,0x3c (GhidraScript)  
INFO  DumpRange.java> 820aae78 lwz r11,0x4eb4(r18) (GhidraScript)  
INFO  DumpRange.java> 820aae7c add r11,r10,r11 (GhidraScript)  
INFO  DumpRange.java> 820aae80 lwz r3,0x108(r11) (GhidraScript)  
INFO  DumpRange.java> 820aae84 b 0x820aae94 (GhidraScript)  
INFO  DumpRange.java> 820aae88 lhz r3,0x48(r28) (GhidraScript)  
INFO  DumpRange.java> 820aae8c b 0x820aae94 (GhidraScript)  
INFO  DumpRange.java> 820aae90 li r3,-0x1 (GhidraScript)  
INFO  DumpRange.java> 820aae94 stw r3,0xb4(r31) (GhidraScript)  
INFO  DumpRange.java> 820aae98 lwz r11,0x4eb4(r18) (GhidraScript)  
INFO  DumpRange.java> 820aae9c lwzx r3,r11,r19 (GhidraScript)  
INFO  DumpRange.java> 820aaea0 lwz r11,0x0(r3) (GhidraScript)  
INFO  DumpRange.java> 820aaea4 lwz r11,0x4(r11) (GhidraScript)  
INFO  DumpRange.java> 820aaea8 mtspr CTR,r11 (GhidraScript)  
INFO  DumpRange.java> 820aaeac bctrl (GhidraScript)  
INFO  DumpRange.java> 820aaeb0 cmpwi cr6,r3,0x2 (GhidraScript)  
INFO  DumpRange.java> 820aaeb4 beq cr6,0x820aaedc (GhidraScript)  
INFO  DumpRange.java> 820aaeb8 lwz r11,0x4eb4(r18) (GhidraScript)  
INFO  DumpRange.java> 820aaebc lwzx r3,r11,r19 (GhidraScript)  
INFO  DumpRange.java> 820aaec0 lwz r11,0x0(r3) (GhidraScript)  
INFO  DumpRange.java> 820aaec4 lwz r11,0x4(r11) (GhidraScript)  
INFO  DumpRange.java> 820aaec8 mtspr CTR,r11 (GhidraScript)  
INFO  DumpRange.java> 820aaecc bctrl (GhidraScript)  
INFO  DumpRange.java> 820aaed0 cmpwi cr6,r3,0x3 (GhidraScript)  
INFO  DumpRange.java> 820aaed4 li r11,0x0 (GhidraScript)  
INFO  DumpRange.java> 820aaed8 bne cr6,0x820aaee0 (GhidraScript)  
INFO  DumpRange.java> 820aaedc li r11,0x1 (GhidraScript)  
INFO  DumpRange.java> 820aaee0 rlwinm r11,r11,0x0,0x18,0x1f (GhidraScript)  
INFO  DumpRange.java> 820aaee4 cmplwi cr6,r11,0x0 (GhidraScript)  
INFO  DumpRange.java> 820aaee8 beq cr6,0x820aaf14 (GhidraScript)  
INFO  DumpRange.java> 820aaeec cmpwi cr6,r30,0x1 (GhidraScript)  
INFO  DumpRange.java> 820aaef0 beq cr6,0x820aaefc (GhidraScript)  
INFO  DumpRange.java> 820aaef4 cmpwi cr6,r30,0x2 (GhidraScript)  
INFO  DumpRange.java> 820aaef8 bne cr6,0x820aaf14 (GhidraScript)  
INFO  DumpRange.java> 820aaefc lwz r11,0x0(r31) (GhidraScript)  
INFO  DumpRange.java> 820aaf00 or r3,r31,r31 (GhidraScript)  
INFO  DumpRange.java> 820aaf04 lwz r4,0x50(r1) (GhidraScript)  
INFO  DumpRange.java> 820aaf08 lwz r11,0x3c(r11) (GhidraScript)  
INFO  DumpRange.java> 820aaf0c mtspr CTR,r11 (GhidraScript)  
INFO  DumpRange.java> 820aaf10 bctrl (GhidraScript)  
INFO  DumpRange.java> 820aaf14 cmpwi cr6,r30,0x1 (GhidraScript)  
INFO  DumpRange.java> 820aaf18 beq cr6,0x820aafd0 (GhidraScript)  
INFO  DumpRange.java> 820aaf1c cmpwi cr6,r30,0x3 (GhidraScript)  
INFO  DumpRange.java> 820aaf20 beq cr6,0x820aafd0 (GhidraScript)  
INFO  DumpRange.java> 820aaf24 cmpwi cr6,r30,0x2 (GhidraScript)  
INFO  DumpRange.java> 820aaf28 bne cr6,0x820aaf44 (GhidraScript)  
INFO  DumpRange.java> 820aaf2c li r5,0x98 (GhidraScript)  
INFO  DumpRange.java> 820aaf30 lwz r6,0x50(r1) (GhidraScript)  
INFO  DumpRange.java> 820aaf34 or r4,r31,r31 (GhidraScript)  
INFO  DumpRange.java> 820aaf38 lwz r3,0x154(r1) (GhidraScript)  
INFO  DumpRange.java> 820aaf3c bl 0x820ac1b8 (GhidraScript)  
INFO  DumpRange.java> 820aaf40 b 0x820ab00c (GhidraScript)  
INFO  DumpRange.java> 820aaf44 lbz r11,0x61(r28) (GhidraScript)  
INFO  DumpRange.java> 820aaf48 cmplwi cr6,r11,0xff (GhidraScript)  
INFO  DumpRange.java> 820aaf4c beq cr6,0x820ab00c (GhidraScript)  
INFO  DumpRange.java> 820aaf50 li r29,0x0 (GhidraScript)  
INFO  DumpRange.java> 820aaf54 bl 0x820ab4b0 (GhidraScript)  
INFO  DumpRange.java> 820aaf58 or r30,r3,r3 (GhidraScript)  
INFO  DumpRange.java> 820aaf5c lbz r4,0x61(r28) (GhidraScript)  
INFO  DumpRange.java> 820aaf60 addi r3,r1,0x80 (GhidraScript)  
INFO  DumpRange.java> 820aaf64 bl 0x82291fb8 (GhidraScript)  
INFO  DumpRange.java> 820aaf68 lbz r4,0x62(r28) (GhidraScript)  
INFO  DumpRange.java> 820aaf6c or r28,r3,r3 (GhidraScript)  
INFO  DumpRange.java> 820aaf70 cmplwi cr6,r4,0xff (GhidraScript)  
INFO  DumpRange.java> 820aaf74 beq cr6,0x820aaf84 (GhidraScript)  
INFO  DumpRange.java> 820aaf78 addi r3,r1,0x80 (GhidraScript)  
INFO  DumpRange.java> 820aaf7c bl 0x82291fb8 (GhidraScript)  
INFO  DumpRange.java> 820aaf80 or r29,r3,r3 (GhidraScript)  
INFO  DumpRange.java> 820aaf84 lwz r10,0x58(r1) (GhidraScript)  
INFO  DumpRange.java> 820aaf88 li r9,0x1 (GhidraScript)  
INFO  DumpRange.java> 820aaf8c li r7,0x98 (GhidraScript)  
INFO  DumpRange.java> 820aaf90 or r6,r29,r29 (GhidraScript)  
INFO  DumpRange.java> 820aaf94 or r5,r28,r28 (GhidraScript)  
INFO  DumpRange.java> 820aaf98 or r4,r30,r30 (GhidraScript)  
INFO  DumpRange.java> 820aaf9c lwz r11,0x728(r10) (GhidraScript)  
INFO  DumpRange.java> 820aafa0 stb r9,0x1c(r11) (GhidraScript)  
INFO  DumpRange.java> 820aafa4 lwz r3,0x728(r10) (GhidraScript)  
INFO  DumpRange.java> 820aafa8 lwz r11,0x0(r3) (GhidraScript)  
INFO  DumpRange.java> 820aafac lwz r11,0x10(r11) (GhidraScript)  
INFO  DumpRange.java> 820aafb0 mtspr CTR,r11 (GhidraScript)  
INFO  DumpRange.java> 820aafb4 bctrl (GhidraScript)  
INFO  DumpRange.java> 820aafb8 lwz r11,0x58(r1) (GhidraScript)  
INFO  DumpRange.java> 820aafbc li r10,0x0 (GhidraScript)  
INFO  DumpRange.java> 820aafc0 lwz r11,0x728(r11) (GhidraScript)  
INFO  DumpRange.java> 820aafc4 stb r10,0x1c(r11) (GhidraScript)  
INFO  DumpRange.java> 820aafc8 stw r30,0x15c(r31) (GhidraScript)  
INFO  DumpRange.java> 820aafcc b 0x820ab00c (GhidraScript)  
INFO  DumpRange.java> 820aafd0 lwz r11,0x4eb4(r18) (GhidraScript)  
INFO  DumpRange.java> 820aafd4 lwzx r3,r11,r19 (GhidraScript)  
INFO  DumpRange.java> 820aafd8 lwz r11,0x0(r3) (GhidraScript)  
INFO  DumpRange.java> 820aafdc lwz r11,0x4(r11) (GhidraScript)  
INFO  DumpRange.java> 820aafe0 mtspr CTR,r11 (GhidraScript)  
INFO  DumpRange.java> 820aafe4 bctrl (GhidraScript)  
INFO  DumpRange.java> 820aafe8 cmpwi cr6,r3,0x4 (GhidraScript)  
INFO  DumpRange.java> 820aafec bne cr6,0x820aaffc (GhidraScript)  
INFO  DumpRange.java> 820aaff0 cmpwi cr6,r30,0x1 (GhidraScript)  
INFO  DumpRange.java> 820aaff4 li r4,0x99 (GhidraScript)  
INFO  DumpRange.java> 820aaff8 beq cr6,0x820ab000 (GhidraScript)  
INFO  DumpRange.java> 820aaffc li r4,0x98 (GhidraScript)  
INFO  DumpRange.java> 820ab000 or r5,r20,r20 (GhidraScript)  
INFO  DumpRange.java> 820ab004 or r3,r31,r31 (GhidraScript)  
INFO  DumpRange.java> 820ab008 bl 0x820abc78 (GhidraScript)  
INFO  DumpRange.java> 820ab00c lwz r10,0x54(r1) (GhidraScript)  
INFO  DumpRange.java> 820ab010 or r4,r26,r26 (GhidraScript)  
INFO  DumpRange.java> 820ab014 lwz r30,0x68(r1) (GhidraScript)  
INFO  DumpRange.java> 820ab018 or r3,r31,r31 (GhidraScript)  
INFO  DumpRange.java> 820ab01c stw r27,0x184(r31) (GhidraScript)  
INFO  DumpRange.java> 820ab020 stw r14,0xc4(r31) (GhidraScript)  
INFO  DumpRange.java> 820ab024 stw r24,0x174(r31) (GhidraScript)  
INFO  DumpRange.java> 820ab028 stw r10,0x170(r31) (GhidraScript)  
INFO  DumpRange.java> 820ab02c lwz r10,0x0(r30) (GhidraScript)  
INFO  REPORT: Save succeeded for processed file: /default.xex (HeadlessAnalyzer)  
