openjdk version "21.0.11" 2026-04-21
OpenJDK Runtime Environment (build 21.0.11+10-1-26.04.2-Ubuntu)
OpenJDK 64-Bit Server VM (build 21.0.11+10-1-26.04.2-Ubuntu, mixed mode)
INFO  Using log config file: jar:file:/fastdata/lavaulta/auto-re-agent/.tools/ghidra_12.1.2_PUBLIC/Ghidra/Framework/Generic/lib/Generic.jar!/generic.log4j.xml (LoggingInitialization)  
INFO  Using log file: /home/lavaulta/.config/ghidra/ghidra_12.1.2_PUBLIC/application.log (LoggingInitialization)  
INFO  Loading user preferences: /home/lavaulta/.config/ghidra/ghidra_12.1.2_PUBLIC/preferences (Preferences)  
INFO  Searching for classes... (ClassSearcher)  
INFO  Ignoring class 'xexloaderwv.XEXLoaderWVLoader' from '/fastdata/lavaulta/auto-re-agent/.tools/ghidra_12.1.2_PUBLIC/Ghidra/Extensions/XEXLoaderWV/lib/XEXLoaderWV.jar'. Already found at '/fastdata/lavaulta/auto-re-agent/.tools/ghidra_12.1.2_PUBLIC/Ghidra/patch/XEXLoaderWV-java21.jar'. (ClassSearcher)  
INFO  Class search complete (1523 ms) (ClassSearcher)  
INFO  Initializing SSL Context (DefaultSSLContextInitializer)  
INFO  Initializing Random Number Generator... (SecureRandomFactory)  
INFO  Random Number Generator initialization complete: NativePRNGNonBlocking (SecureRandomFactory)  
INFO  Trust manager disabled, cacerts have not been set (DefaultTrustManagerFactory)  
INFO  Headless startup complete (3038 ms) (AnalyzeHeadless)  
INFO  Class searcher loaded 59 extension points (20 false positives) (ClassSearcher)  
INFO  HEADLESS Script Paths:
    /fastdata/lavaulta/auto-re-agent/.tools/ghidra_12.1.2_PUBLIC/Ghidra/Features/MicrosoftCodeAnalyzer/ghidra_scripts
    /fastdata/lavaulta/auto-re-agent/.tools/ghidra_12.1.2_PUBLIC/Ghidra/Features/PDB/ghidra_scripts
    /fastdata/lavaulta/auto-re-agent/.tools/ghidra_12.1.2_PUBLIC/Ghidra/Processors/8051/ghidra_scripts
    /fastdata/lavaulta/auto-re-agent/.tools/ghidra_12.1.2_PUBLIC/Ghidra/Features/Base/ghidra_scripts
    /fastdata/lavaulta/auto-re-agent/workspaces/ace-combat-6/scripts
    /fastdata/lavaulta/auto-re-agent/.tools/ghidra_12.1.2_PUBLIC/Ghidra/Features/FileFormats/ghidra_scripts
    /fastdata/lavaulta/auto-re-agent/.tools/ghidra_12.1.2_PUBLIC/Ghidra/Features/GnuDemangler/ghidra_scripts
    /fastdata/lavaulta/auto-re-agent/.tools/ghidra_12.1.2_PUBLIC/Ghidra/Extensions/ghidra-emotionengine-reloaded/ghidra_scripts
    /fastdata/lavaulta/auto-re-agent/.tools/ghidra_12.1.2_PUBLIC/Ghidra/Features/Decompiler/ghidra_scripts
    /fastdata/lavaulta/auto-re-agent/.tools/ghidra_12.1.2_PUBLIC/Ghidra/Features/FunctionID/ghidra_scripts
    /fastdata/lavaulta/auto-re-agent/.tools/ghidra_12.1.2_PUBLIC/Ghidra/Features/DecompilerDependent/ghidra_scripts
    /fastdata/lavaulta/auto-re-agent/.tools/ghidra_12.1.2_PUBLIC/Ghidra/Processors/DATA/ghidra_scripts
    /fastdata/lavaulta/auto-re-agent/.tools/ghidra_12.1.2_PUBLIC/Ghidra/Debug/Debugger-rmi-trace/ghidra_scripts
    /fastdata/lavaulta/auto-re-agent/.tools/ghidra_12.1.2_PUBLIC/Ghidra/Features/SwiftDemangler/ghidra_scripts
    /fastdata/lavaulta/auto-re-agent/.tools/ghidra_12.1.2_PUBLIC/Ghidra/Debug/Debugger/ghidra_scripts
    /fastdata/lavaulta/auto-re-agent/.tools/ghidra_12.1.2_PUBLIC/Ghidra/Processors/PIC/ghidra_scripts
    /fastdata/lavaulta/auto-re-agent/.tools/ghidra_12.1.2_PUBLIC/Ghidra/Extensions/XEXLoaderWV/ghidra_scripts
    /fastdata/lavaulta/auto-re-agent/.tools/ghidra_12.1.2_PUBLIC/Ghidra/Features/WildcardAssembler/ghidra_scripts
    /fastdata/lavaulta/auto-re-agent/.tools/ghidra_12.1.2_PUBLIC/Ghidra/Features/PyGhidra/ghidra_scripts
    /fastdata/lavaulta/auto-re-agent/.tools/ghidra_12.1.2_PUBLIC/Ghidra/Features/BSim/ghidra_scripts
    /fastdata/lavaulta/auto-re-agent/.tools/ghidra_12.1.2_PUBLIC/Ghidra/Features/VersionTracking/ghidra_scripts
    /fastdata/lavaulta/auto-re-agent/.tools/ghidra_12.1.2_PUBLIC/Ghidra/Features/BytePatterns/ghidra_scripts
    /fastdata/lavaulta/auto-re-agent/.tools/ghidra_12.1.2_PUBLIC/Ghidra/Processors/Atmel/ghidra_scripts
    /fastdata/lavaulta/auto-re-agent/.tools/ghidra_12.1.2_PUBLIC/Ghidra/Features/SystemEmulation/ghidra_scripts
    /fastdata/lavaulta/auto-re-agent/.tools/ghidra_12.1.2_PUBLIC/Ghidra/Processors/JVM/ghidra_scripts (HeadlessAnalyzer)  
INFO  HEADLESS: execution starts (HeadlessAnalyzer)  
INFO  Opening existing project: /fastdata/lavaulta/auto-re-agent/workspaces/ace-combat-6/ghidra-projects/ace-combat-6-corrected (HeadlessAnalyzer)  
INFO  Opening project: /fastdata/lavaulta/auto-re-agent/workspaces/ace-combat-6/ghidra-projects/ace-combat-6-corrected (HeadlessProject)  
INFO  REPORT: Processing project file: /default.xex (HeadlessAnalyzer)  
INFO  REPORT: Execute script: DumpRange.java '0x820a8500' '0x820a8d40'  (HeadlessAnalyzer)  
INFO  SCRIPT: /fastdata/lavaulta/auto-re-agent/workspaces/ace-combat-6/scripts/DumpRange.java (HeadlessAnalyzer)  
INFO  DumpRange.java> 820a8500 addi r3,r28,0x4 (GhidraScript)  
INFO  DumpRange.java> 820a8504 stw r30,0x0(r29) (GhidraScript)  
INFO  DumpRange.java> 820a8508 bl 0x8228f8d8 (GhidraScript)  
INFO  DumpRange.java> 820a850c addi r29,r31,0x378 (GhidraScript)  
INFO  DumpRange.java> 820a8510 stw r30,0x0(r28) (GhidraScript)  
INFO  DumpRange.java> 820a8514 addi r3,r29,0x4 (GhidraScript)  
INFO  DumpRange.java> 820a8518 bl 0x8228f8d8 (GhidraScript)  
INFO  DumpRange.java> 820a851c lis r11,-0x7dfb (GhidraScript)  
INFO  DumpRange.java> 820a8520 or r3,r31,r31 (GhidraScript)  
INFO  DumpRange.java> 820a8524 stw r30,0x0(r29) (GhidraScript)  
INFO  DumpRange.java> 820a8528 addi r11,r11,0x654c (GhidraScript)  
INFO  DumpRange.java> 820a852c stw r30,0x374(r31) (GhidraScript)  
INFO  DumpRange.java> 820a8530 stw r11,0x0(r31) (GhidraScript)  
INFO  DumpRange.java> 820a8534 bl 0x8228c680 (GhidraScript)  
INFO  DumpRange.java> 820a8538 addi r1,r1,0x80 (GhidraScript)  
INFO  DumpRange.java> 820a853c b 0x82386548 (GhidraScript)  
INFO  DumpRange.java> 820a8540 mfspr r12,LR (GhidraScript)  
INFO  DumpRange.java> 820a8544 bl 0x823864e8 (GhidraScript)  
INFO  DumpRange.java> 820a8548 stwu r1,-0xa0(r1) (GhidraScript)  
INFO  DumpRange.java> 820a854c or r31,r3,r3 (GhidraScript)  
INFO  DumpRange.java> 820a8550 or r27,r4,r4 (GhidraScript)  
INFO  DumpRange.java> 820a8554 bl 0x8228b678 (GhidraScript)  
INFO  DumpRange.java> 820a8558 addi r11,r31,0x510 (GhidraScript)  
INFO  DumpRange.java> 820a855c lwz r25,0x378(r31) (GhidraScript)  
INFO  DumpRange.java> 820a8560 addi r28,r31,0x378 (GhidraScript)  
INFO  DumpRange.java> 820a8564 addi r30,r31,0x400 (GhidraScript)  
INFO  DumpRange.java> 820a8568 addi r29,r31,0x488 (GhidraScript)  
INFO  DumpRange.java> 820a856c or r24,r3,r3 (GhidraScript)  
INFO  DumpRange.java> 820a8570 stw r11,0x364(r31) (GhidraScript)  
INFO  DumpRange.java> 820a8574 stw r28,0x358(r31) (GhidraScript)  
INFO  DumpRange.java> 820a8578 stw r30,0x35c(r31) (GhidraScript)  
INFO  DumpRange.java> 820a857c stw r29,0x370(r31) (GhidraScript)  
INFO  DumpRange.java> 820a8580 lwz r26,0x10(r27) (GhidraScript)  
INFO  DumpRange.java> 820a8584 lwz r27,0x50(r26) (GhidraScript)  
INFO  DumpRange.java> 820a8588 or r3,r27,r27 (GhidraScript)  
INFO  DumpRange.java> 820a858c lwz r11,0x0(r27) (GhidraScript)  
INFO  DumpRange.java> 820a8590 lwz r11,0x8(r11) (GhidraScript)  
INFO  DumpRange.java> 820a8594 mtspr CTR,r11 (GhidraScript)  
INFO  DumpRange.java> 820a8598 bctrl (GhidraScript)  
INFO  DumpRange.java> 820a859c or r4,r3,r3 (GhidraScript)  
INFO  DumpRange.java> 820a85a0 lwz r11,0x8(r25) (GhidraScript)  
INFO  DumpRange.java> 820a85a4 or r3,r28,r28 (GhidraScript)  
INFO  DumpRange.java> 820a85a8 mtspr CTR,r11 (GhidraScript)  
INFO  DumpRange.java> 820a85ac bctrl (GhidraScript)  
INFO  DumpRange.java> 820a85b0 lwz r11,0x0(r27) (GhidraScript)  
INFO  DumpRange.java> 820a85b4 or r3,r27,r27 (GhidraScript)  
INFO  DumpRange.java> 820a85b8 lwz r27,0x400(r31) (GhidraScript)  
INFO  DumpRange.java> 820a85bc lwz r11,0x8(r11) (GhidraScript)  
INFO  DumpRange.java> 820a85c0 mtspr CTR,r11 (GhidraScript)  
INFO  DumpRange.java> 820a85c4 bctrl (GhidraScript)  
INFO  DumpRange.java> 820a85c8 or r4,r3,r3 (GhidraScript)  
INFO  DumpRange.java> 820a85cc lwz r11,0x8(r27) (GhidraScript)  
INFO  DumpRange.java> 820a85d0 or r3,r30,r30 (GhidraScript)  
INFO  DumpRange.java> 820a85d4 mtspr CTR,r11 (GhidraScript)  
INFO  DumpRange.java> 820a85d8 bctrl (GhidraScript)  
INFO  DumpRange.java> 820a85dc lwz r3,0x12c(r26) (GhidraScript)  
INFO  DumpRange.java> 820a85e0 lwz r27,0x488(r31) (GhidraScript)  
INFO  DumpRange.java> 820a85e4 lwz r11,0x0(r3) (GhidraScript)  
INFO  DumpRange.java> 820a85e8 lwz r11,0x8(r11) (GhidraScript)  
INFO  DumpRange.java> 820a85ec mtspr CTR,r11 (GhidraScript)  
INFO  DumpRange.java> 820a85f0 bctrl (GhidraScript)  
INFO  DumpRange.java> 820a85f4 or r4,r3,r3 (GhidraScript)  
INFO  DumpRange.java> 820a85f8 lwz r11,0x8(r27) (GhidraScript)  
INFO  DumpRange.java> 820a85fc or r3,r29,r29 (GhidraScript)  
INFO  DumpRange.java> 820a8600 mtspr CTR,r11 (GhidraScript)  
INFO  DumpRange.java> 820a8604 bctrl (GhidraScript)  
INFO  DumpRange.java> 820a8608 lwz r11,0x378(r31) (GhidraScript)  
INFO  DumpRange.java> 820a860c or r3,r28,r28 (GhidraScript)  
INFO  DumpRange.java> 820a8610 lwz r11,0x28(r11) (GhidraScript)  
INFO  DumpRange.java> 820a8614 mtspr CTR,r11 (GhidraScript)  
INFO  DumpRange.java> 820a8618 bctrl (GhidraScript)  
INFO  DumpRange.java> 820a861c lwz r11,0x400(r31) (GhidraScript)  
INFO  DumpRange.java> 820a8620 or r3,r30,r30 (GhidraScript)  
INFO  DumpRange.java> 820a8624 lwz r11,0x28(r11) (GhidraScript)  
INFO  DumpRange.java> 820a8628 mtspr CTR,r11 (GhidraScript)  
INFO  DumpRange.java> 820a862c bctrl (GhidraScript)  
INFO  DumpRange.java> 820a8630 lwz r11,0x488(r31) (GhidraScript)  
INFO  DumpRange.java> 820a8634 or r3,r29,r29 (GhidraScript)  
INFO  DumpRange.java> 820a8638 lwz r11,0x28(r11) (GhidraScript)  
INFO  DumpRange.java> 820a863c mtspr CTR,r11 (GhidraScript)  
INFO  DumpRange.java> 820a8640 bctrl (GhidraScript)  
INFO  DumpRange.java> 820a8644 lwz r11,0x378(r31) (GhidraScript)  
INFO  DumpRange.java> 820a8648 li r27,-0x1 (GhidraScript)  
INFO  DumpRange.java> 820a864c or r3,r28,r28 (GhidraScript)  
INFO  DumpRange.java> 820a8650 or r4,r27,r27 (GhidraScript)  
INFO  DumpRange.java> 820a8654 lwz r11,0x4(r11) (GhidraScript)  
INFO  DumpRange.java> 820a8658 mtspr CTR,r11 (GhidraScript)  
INFO  DumpRange.java> 820a865c bctrl (GhidraScript)  
INFO  DumpRange.java> 820a8660 lwz r11,0x400(r31) (GhidraScript)  
INFO  DumpRange.java> 820a8664 or r4,r27,r27 (GhidraScript)  
INFO  DumpRange.java> 820a8668 or r3,r30,r30 (GhidraScript)  
INFO  DumpRange.java> 820a866c lwz r11,0x4(r11) (GhidraScript)  
INFO  DumpRange.java> 820a8670 mtspr CTR,r11 (GhidraScript)  
INFO  DumpRange.java> 820a8674 bctrl (GhidraScript)  
INFO  DumpRange.java> 820a8678 lwz r11,0x488(r31) (GhidraScript)  
INFO  DumpRange.java> 820a867c or r4,r27,r27 (GhidraScript)  
INFO  DumpRange.java> 820a8680 or r3,r29,r29 (GhidraScript)  
INFO  DumpRange.java> 820a8684 lwz r11,0x4(r11) (GhidraScript)  
INFO  DumpRange.java> 820a8688 mtspr CTR,r11 (GhidraScript)  
INFO  DumpRange.java> 820a868c bctrl (GhidraScript)  
INFO  DumpRange.java> 820a8690 lwz r11,0x400(r31) (GhidraScript)  
INFO  DumpRange.java> 820a8694 li r4,0x1 (GhidraScript)  
INFO  DumpRange.java> 820a8698 or r3,r30,r30 (GhidraScript)  
INFO  DumpRange.java> 820a869c lwz r11,0x24(r11) (GhidraScript)  
INFO  DumpRange.java> 820a86a0 mtspr CTR,r11 (GhidraScript)  
INFO  DumpRange.java> 820a86a4 bctrl (GhidraScript)  
INFO  DumpRange.java> 820a86a8 lwz r11,0x488(r31) (GhidraScript)  
INFO  DumpRange.java> 820a86ac li r4,0x1 (GhidraScript)  
INFO  DumpRange.java> 820a86b0 or r3,r29,r29 (GhidraScript)  
INFO  DumpRange.java> 820a86b4 lwz r11,0x24(r11) (GhidraScript)  
INFO  DumpRange.java> 820a86b8 mtspr CTR,r11 (GhidraScript)  
INFO  DumpRange.java> 820a86bc bctrl (GhidraScript)  
INFO  DumpRange.java> 820a86c0 or r3,r24,r24 (GhidraScript)  
INFO  DumpRange.java> 820a86c4 addi r1,r1,0xa0 (GhidraScript)  
INFO  DumpRange.java> 820a86c8 b 0x82386538 (GhidraScript)  
INFO  DumpRange.java> 820a86cc <not-disassembled> (GhidraScript)  
INFO  DumpRange.java> 820a86d0 mfspr r12,LR (GhidraScript)  
INFO  DumpRange.java> 820a86d4 bl 0x823864f8 (GhidraScript)  
INFO  DumpRange.java> 820a86d8 stfd f30,-0x38(r1) (GhidraScript)  
INFO  DumpRange.java> 820a86dc stfd f31,-0x30(r1) (GhidraScript)  
INFO  DumpRange.java> 820a86e0 stwu r1,-0xa0(r1) (GhidraScript)  
INFO  DumpRange.java> 820a86e4 or r30,r4,r4 (GhidraScript)  
INFO  DumpRange.java> 820a86e8 or r31,r3,r3 (GhidraScript)  
INFO  DumpRange.java> 820a86ec lwz r11,0x4(r30) (GhidraScript)  
INFO  DumpRange.java> 820a86f0 lbz r10,0x2a(r11) (GhidraScript)  
INFO  DumpRange.java> 820a86f4 lbz r28,0x29(r11) (GhidraScript)  
INFO  DumpRange.java> 820a86f8 rlwinm r11,r10,0x1e,0x2,0x1f (GhidraScript)  
INFO  DumpRange.java> 820a86fc nor r11,r11,r11 (GhidraScript)  
INFO  DumpRange.java> 820a8700 rlwinm r11,r11,0x0,0x1f,0x1f (GhidraScript)  
INFO  DumpRange.java> 820a8704 cmplwi cr6,r11,0x0 (GhidraScript)  
INFO  DumpRange.java> 820a8708 beq cr6,0x820a87fc (GhidraScript)  
INFO  DumpRange.java> 820a870c lis r11,-0x7df9 (GhidraScript)  
INFO  DumpRange.java> 820a8710 lwz r10,0x4(r30) (GhidraScript)  
INFO  DumpRange.java> 820a8714 lwz r3,0x358(r31) (GhidraScript)  
INFO  DumpRange.java> 820a8718 lfs f1,-0x64d8(r11) (GhidraScript)  
INFO  DumpRange.java> 820a871c lhz r11,0xc(r10) (GhidraScript)  
INFO  DumpRange.java> 820a8720 lwz r10,0x0(r3) (GhidraScript)  
INFO  DumpRange.java> 820a8724 extsh r4,r11 (GhidraScript)  
INFO  DumpRange.java> 820a8728 lwz r10,0x30(r10) (GhidraScript)  
INFO  DumpRange.java> 820a872c mtspr CTR,r10 (GhidraScript)  
INFO  DumpRange.java> 820a8730 bctrl (GhidraScript)  
INFO  DumpRange.java> 820a8734 lwz r11,0x364(r31) (GhidraScript)  
INFO  DumpRange.java> 820a8738 or r29,r3,r3 (GhidraScript)  
INFO  DumpRange.java> 820a873c cmplwi cr6,r11,0x0 (GhidraScript)  
INFO  DumpRange.java> 820a8740 beq cr6,0x820a87fc (GhidraScript)  
INFO  DumpRange.java> 820a8744 rlwinm r11,r28,0x0,0x1e,0x1e (GhidraScript)  
INFO  DumpRange.java> 820a8748 cmplwi cr6,r11,0x0 (GhidraScript)  
INFO  DumpRange.java> 820a874c beq cr6,0x820a87fc (GhidraScript)  
INFO  DumpRange.java> 820a8750 lwz r3,0x358(r31) (GhidraScript)  
INFO  DumpRange.java> 820a8754 addi r8,r1,0x58 (GhidraScript)  
INFO  DumpRange.java> 820a8758 lwz r11,0x4(r30) (GhidraScript)  
INFO  DumpRange.java> 820a875c addi r7,r1,0x5c (GhidraScript)  
INFO  DumpRange.java> 820a8760 addi r6,r1,0x54 (GhidraScript)  
INFO  DumpRange.java> 820a8764 addi r5,r1,0x50 (GhidraScript)  
INFO  DumpRange.java> 820a8768 lwz r10,0x0(r3) (GhidraScript)  
INFO  DumpRange.java> 820a876c lhz r11,0xc(r11) (GhidraScript)  
INFO  DumpRange.java> 820a8770 extsh r4,r11 (GhidraScript)  
INFO  DumpRange.java> 820a8774 lwz r10,0xc(r10) (GhidraScript)  
INFO  DumpRange.java> 820a8778 mtspr CTR,r10 (GhidraScript)  
INFO  DumpRange.java> 820a877c bctrl (GhidraScript)  
INFO  DumpRange.java> 820a8780 fmr f31,f1 (GhidraScript)  
INFO  DumpRange.java> 820a8784 lis r11,-0x7dfb (GhidraScript)  
INFO  DumpRange.java> 820a8788 lwz r3,0x364(r31) (GhidraScript)  
INFO  DumpRange.java> 820a878c li r4,0x200 (GhidraScript)  
INFO  DumpRange.java> 820a8790 lfs f0,0x47fc(r11) (GhidraScript)  
INFO  DumpRange.java> 820a8794 lwz r11,0x0(r3) (GhidraScript)  
INFO  DumpRange.java> 820a8798 fmuls f30,f31,f0 (GhidraScript)  
INFO  DumpRange.java> 820a879c lfs f0,0x50(r1) (GhidraScript)  
INFO  DumpRange.java> 820a87a0 fsubs f1,f0,f31 (GhidraScript)  
INFO  DumpRange.java> 820a87a4 lfs f0,0x54(r1) (GhidraScript)  
INFO  DumpRange.java> 820a87a8 lwz r11,0x20(r11) (GhidraScript)  
INFO  DumpRange.java> 820a87ac fmr f4,f31 (GhidraScript)  
INFO  DumpRange.java> 820a87b0 fmr f3,f31 (GhidraScript)  
INFO  DumpRange.java> 820a87b4 fadds f2,f30,f0 (GhidraScript)  
INFO  DumpRange.java> 820a87b8 mtspr CTR,r11 (GhidraScript)  
INFO  DumpRange.java> 820a87bc bctrl (GhidraScript)  
INFO  DumpRange.java> 820a87c0 rlwinm r11,r29,0x0,0x18,0x1f (GhidraScript)  
INFO  DumpRange.java> 820a87c4 cmplwi cr6,r11,0x0 (GhidraScript)  
INFO  DumpRange.java> 820a87c8 beq cr6,0x820a87fc (GhidraScript)  
INFO  DumpRange.java> 820a87cc lwz r3,0x364(r31) (GhidraScript)  
INFO  DumpRange.java> 820a87d0 lfs f0,0x58(r1) (GhidraScript)  
INFO  DumpRange.java> 820a87d4 fsubs f2,f0,f30 (GhidraScript)  
INFO  DumpRange.java> 820a87d8 lfs f0,0x5c(r1) (GhidraScript)  
INFO  DumpRange.java> 820a87dc fmr f4,f31 (GhidraScript)  
INFO  DumpRange.java> 820a87e0 li r4,0x100 (GhidraScript)  
INFO  DumpRange.java> 820a87e4 fmr f3,f31 (GhidraScript)  
INFO  DumpRange.java> 820a87e8 fadds f1,f0,f31 (GhidraScript)  
INFO  DumpRange.java> 820a87ec lwz r11,0x0(r3) (GhidraScript)  
INFO  DumpRange.java> 820a87f0 lwz r11,0x20(r11) (GhidraScript)  
INFO  DumpRange.java> 820a87f4 mtspr CTR,r11 (GhidraScript)  
INFO  DumpRange.java> 820a87f8 bctrl (GhidraScript)  
INFO  DumpRange.java> 820a87fc lwz r11,0x4(r30) (GhidraScript)  
INFO  DumpRange.java> 820a8800 lbz r11,0x2a(r11) (GhidraScript)  
INFO  DumpRange.java> 820a8804 rlwinm r11,r11,0x1f,0x1,0x1f (GhidraScript)  
INFO  DumpRange.java> 820a8808 nor r11,r11,r11 (GhidraScript)  
INFO  DumpRange.java> 820a880c rlwinm r11,r11,0x0,0x1f,0x1f (GhidraScript)  
INFO  DumpRange.java> 820a8810 cmplwi cr6,r11,0x0 (GhidraScript)  
INFO  DumpRange.java> 820a8814 beq cr6,0x820a8830 (GhidraScript)  
INFO  DumpRange.java> 820a8818 lwz r11,0x0(r31) (GhidraScript)  
INFO  DumpRange.java> 820a881c or r4,r30,r30 (GhidraScript)  
INFO  DumpRange.java> 820a8820 or r3,r31,r31 (GhidraScript)  
INFO  DumpRange.java> 820a8824 lwz r11,0x60(r11) (GhidraScript)  
INFO  DumpRange.java> 820a8828 mtspr CTR,r11 (GhidraScript)  
INFO  DumpRange.java> 820a882c bctrl (GhidraScript)  
INFO  DumpRange.java> 820a8830 addi r1,r1,0xa0 (GhidraScript)  
INFO  DumpRange.java> 820a8834 lfd f30,-0x38(r1) (GhidraScript)  
INFO  DumpRange.java> 820a8838 lfd f31,-0x30(r1) (GhidraScript)  
INFO  DumpRange.java> 820a883c b 0x82386548 (GhidraScript)  
INFO  DumpRange.java> 820a8840 mfspr r12,LR (GhidraScript)  
INFO  DumpRange.java> 820a8844 bl 0x823864c8 (GhidraScript)  
INFO  DumpRange.java> 820a8848 subi r12,r1,0x88 (GhidraScript)  
INFO  DumpRange.java> 820a884c bl 0x82387a40 (GhidraScript)  
INFO  DumpRange.java> 820a8850 stwu r1,-0x160(r1) (GhidraScript)  
INFO  DumpRange.java> 820a8854 or r24,r3,r3 (GhidraScript)  
INFO  DumpRange.java> 820a8858 or r21,r4,r4 (GhidraScript)  
INFO  DumpRange.java> 820a885c lwz r11,0x36c(r24) (GhidraScript)  
INFO  DumpRange.java> 820a8860 lwz r10,0x4(r21) (GhidraScript)  
INFO  DumpRange.java> 820a8864 lwz r3,0x10(r11) (GhidraScript)  
INFO  DumpRange.java> 820a8868 lhz r4,0x8(r10) (GhidraScript)  
INFO  DumpRange.java> 820a886c bl 0x82291190 (GhidraScript)  
INFO  DumpRange.java> 820a8870 lis r23,-0x7d92 (GhidraScript)  
INFO  DumpRange.java> 820a8874 lis r11,0x2 (GhidraScript)  
INFO  DumpRange.java> 820a8878 extsh r28,r3 (GhidraScript)  
INFO  DumpRange.java> 820a887c ori r31,r11,0x9fc8 (GhidraScript)  
INFO  DumpRange.java> 820a8880 li r16,0x0 (GhidraScript)  
INFO  DumpRange.java> 820a8884 lwz r11,0x4eb4(r23) (GhidraScript)  
INFO  DumpRange.java> 820a8888 li r22,-0x1 (GhidraScript)  
INFO  DumpRange.java> 820a888c or r26,r16,r16 (GhidraScript)  
INFO  DumpRange.java> 820a8890 or r18,r16,r16 (GhidraScript)  
INFO  DumpRange.java> 820a8894 or r19,r16,r16 (GhidraScript)  
INFO  DumpRange.java> 820a8898 or r17,r16,r16 (GhidraScript)  
INFO  DumpRange.java> 820a889c lwzx r11,r11,r31 (GhidraScript)  
INFO  DumpRange.java> 820a88a0 or r20,r16,r16 (GhidraScript)  
INFO  DumpRange.java> 820a88a4 lwz r3,0x1008(r11) (GhidraScript)  
INFO  DumpRange.java> 820a88a8 lwz r11,0x0(r3) (GhidraScript)  
INFO  DumpRange.java> 820a88ac lwz r11,0x40(r11) (GhidraScript)  
INFO  DumpRange.java> 820a88b0 mtspr CTR,r11 (GhidraScript)  
INFO  DumpRange.java> 820a88b4 bctrl (GhidraScript)  
INFO  DumpRange.java> 820a88b8 lis r11,0x2 (GhidraScript)  
INFO  DumpRange.java> 820a88bc or r27,r3,r3 (GhidraScript)  
INFO  DumpRange.java> 820a88c0 ori r10,r11,0x9c80 (GhidraScript)  
INFO  DumpRange.java> 820a88c4 lwz r11,0x4eb4(r23) (GhidraScript)  
INFO  DumpRange.java> 820a88c8 addi r29,r11,0xf0 (GhidraScript)  
INFO  DumpRange.java> 820a88cc lwzx r30,r11,r10 (GhidraScript)  
INFO  DumpRange.java> 820a88d0 or r3,r30,r30 (GhidraScript)  
INFO  DumpRange.java> 820a88d4 bl 0x8226a400 (GhidraScript)  
INFO  DumpRange.java> 820a88d8 rlwinm r11,r3,0x0,0x18,0x1f (GhidraScript)  
INFO  DumpRange.java> 820a88dc cmplwi cr6,r11,0x0 (GhidraScript)  
INFO  DumpRange.java> 820a88e0 beq cr6,0x820a891c (GhidraScript)  
INFO  DumpRange.java> 820a88e4 lwz r10,0x370(r30) (GhidraScript)  
INFO  DumpRange.java> 820a88e8 mulli r11,r27,0x3c (GhidraScript)  
INFO  DumpRange.java> 820a88ec li r8,0x1 (GhidraScript)  
INFO  DumpRange.java> 820a88f0 stw r16,0x70(r1) (GhidraScript)  
INFO  DumpRange.java> 820a88f4 add r11,r11,r29 (GhidraScript)  
INFO  DumpRange.java> 820a88f8 rlwinm r10,r10,0x2,0x0,0x1d (GhidraScript)  
INFO  DumpRange.java> 820a88fc addi r9,r1,0x70 (GhidraScript)  
INFO  DumpRange.java> 820a8900 stw r8,0x74(r1) (GhidraScript)  
INFO  DumpRange.java> 820a8904 lwz r11,0x28(r11) (GhidraScript)  
INFO  DumpRange.java> 820a8908 lwzx r10,r10,r9 (GhidraScript)  
INFO  DumpRange.java> 820a890c subf r11,r10,r11 (GhidraScript)  
INFO  DumpRange.java> 820a8910 cntlzw r11,r11 (GhidraScript)  
INFO  DumpRange.java> 820a8914 rlwinm r30,r11,0x1b,0x1f,0x1f (GhidraScript)  
INFO  DumpRange.java> 820a8918 b 0x820a894c (GhidraScript)  
INFO  DumpRange.java> 820a891c or r3,r30,r30 (GhidraScript)  
INFO  DumpRange.java> 820a8920 bl 0x8226a440 (GhidraScript)  
INFO  DumpRange.java> 820a8924 rlwinm r11,r3,0x0,0x18,0x1f (GhidraScript)  
INFO  DumpRange.java> 820a8928 cmplwi cr6,r11,0x0 (GhidraScript)  
INFO  DumpRange.java> 820a892c beq cr6,0x820a8948 (GhidraScript)  
INFO  DumpRange.java> 820a8930 mulli r11,r27,0x3c (GhidraScript)  
INFO  DumpRange.java> 820a8934 add r11,r11,r29 (GhidraScript)  
INFO  DumpRange.java> 820a8938 lwz r11,0x28(r11) (GhidraScript)  
INFO  DumpRange.java> 820a893c cntlzw r11,r11 (GhidraScript)  
INFO  DumpRange.java> 820a8940 rlwinm r30,r11,0x1b,0x1f,0x1f (GhidraScript)  
INFO  DumpRange.java> 820a8944 b 0x820a894c (GhidraScript)  
INFO  DumpRange.java> 820a8948 li r30,0x1 (GhidraScript)  
INFO  DumpRange.java> 820a894c cmpwi cr6,r28,0x0 (GhidraScript)  
INFO  DumpRange.java> 820a8950 bge cr6,0x820a8bbc (GhidraScript)  
INFO  DumpRange.java> 820a8954 lwz r11,0x4(r21) (GhidraScript)  
INFO  DumpRange.java> 820a8958 or r3,r24,r24 (GhidraScript)  
INFO  DumpRange.java> 820a895c lwz r10,0x0(r24) (GhidraScript)  
INFO  DumpRange.java> 820a8960 lhz r4,0x8(r11) (GhidraScript)  
INFO  DumpRange.java> 820a8964 lwz r11,0x5c(r10) (GhidraScript)  
INFO  DumpRange.java> 820a8968 mtspr CTR,r11 (GhidraScript)  
INFO  DumpRange.java> 820a896c bctrl (GhidraScript)  
INFO  DumpRange.java> 820a8970 lwz r9,0x4eb4(r23) (GhidraScript)  
INFO  DumpRange.java> 820a8974 cmplwi cr6,r3,0x0 (GhidraScript)  
INFO  DumpRange.java> 820a8978 bne cr6,0x820a8a20 (GhidraScript)  
INFO  DumpRange.java> 820a897c lwz r10,0x4(r21) (GhidraScript)  
INFO  DumpRange.java> 820a8980 lbz r11,0x2f(r10) (GhidraScript)  
INFO  DumpRange.java> 820a8984 rlwinm r11,r11,0x1c,0x4,0x1f (GhidraScript)  
INFO  DumpRange.java> 820a8988 cmplwi cr6,r11,0x1 (GhidraScript)  
INFO  DumpRange.java> 820a898c blt cr6,0x820a89e4 (GhidraScript)  
INFO  DumpRange.java> 820a8990 beq cr6,0x820a89d0 (GhidraScript)  
INFO  DumpRange.java> 820a8994 cmplwi cr6,r11,0x3 (GhidraScript)  
INFO  DumpRange.java> 820a8998 bge cr6,0x820a89ac (GhidraScript)  
INFO  DumpRange.java> 820a899c rlwinm r11,r30,0x0,0x18,0x1f (GhidraScript)  
INFO  DumpRange.java> 820a89a0 cmplwi cr6,r11,0x0 (GhidraScript)  
INFO  DumpRange.java> 820a89a4 bne cr6,0x820a89dc (GhidraScript)  
INFO  DumpRange.java> 820a89a8 li r20,0x1 (GhidraScript)  
INFO  DumpRange.java> 820a89ac rlwinm r11,r20,0x0,0x18,0x1f (GhidraScript)  
INFO  DumpRange.java> 820a89b0 cmplwi cr6,r11,0x0 (GhidraScript)  
INFO  DumpRange.java> 820a89b4 bne cr6,0x820a8a3c (GhidraScript)  
INFO  DumpRange.java> 820a89b8 rlwinm r11,r19,0x0,0x18,0x1f (GhidraScript)  
INFO  DumpRange.java> 820a89bc cmplwi cr6,r11,0x0 (GhidraScript)  
INFO  DumpRange.java> 820a89c0 bne cr6,0x820a8a3c (GhidraScript)  
INFO  DumpRange.java> 820a89c4 lwz r30,0x35c(r24) (GhidraScript)  
INFO  DumpRange.java> 820a89c8 lhz r25,0xa(r10) (GhidraScript)  
INFO  DumpRange.java> 820a89cc b 0x820a8c38 (GhidraScript)  
INFO  DumpRange.java> 820a89d0 rlwinm r11,r30,0x0,0x18,0x1f (GhidraScript)  
INFO  DumpRange.java> 820a89d4 cmplwi cr6,r11,0x0 (GhidraScript)  
INFO  DumpRange.java> 820a89d8 bne cr6,0x820a89a8 (GhidraScript)  
INFO  DumpRange.java> 820a89dc li r19,0x1 (GhidraScript)  
INFO  DumpRange.java> 820a89e0 b 0x820a89ac (GhidraScript)  
INFO  DumpRange.java> 820a89e4 lbz r11,0x2d(r10) (GhidraScript)  
INFO  DumpRange.java> 820a89e8 subi r11,r11,0x2 (GhidraScript)  
INFO  DumpRange.java> 820a89ec cmplwi cr6,r11,0x4 (GhidraScript)  
INFO  DumpRange.java> 820a89f0 bgt cr6,0x820a89ac (GhidraScript)  
INFO  DumpRange.java> 820a89f4 lis r12,-0x7df6 (GhidraScript)  
INFO  DumpRange.java> 820a89f8 addi r12,r12,0x540c (GhidraScript)  
INFO  DumpRange.java> 820a89fc rlwinm r0,r11,0x2,0x0,0x1d (GhidraScript)  
INFO  DumpRange.java> 820a8a00 lwzx r0,r12,r0 (GhidraScript)  
INFO  DumpRange.java> 820a8a04 mtspr CTR,r0 (GhidraScript)  
INFO  DumpRange.java> 820a8a08 bctr (GhidraScript)  
INFO  DumpRange.java> 820a8a0c <not-disassembled> (GhidraScript)  
INFO  DumpRange.java> 820a8a10 <not-disassembled> (GhidraScript)  
INFO  DumpRange.java> 820a8a14 <not-disassembled> (GhidraScript)  
INFO  DumpRange.java> 820a8a18 <not-disassembled> (GhidraScript)  
INFO  DumpRange.java> 820a8a1c <not-disassembled> (GhidraScript)  
INFO  DumpRange.java> 820a8a20 lwzx r10,r9,r31 (GhidraScript)  
INFO  DumpRange.java> 820a8a24 lwz r11,0xc4(r3) (GhidraScript)  
INFO  DumpRange.java> 820a8a28 lwz r10,0x1008(r10) (GhidraScript)  
INFO  DumpRange.java> 820a8a2c lwz r10,0xc4(r10) (GhidraScript)  
INFO  DumpRange.java> 820a8a30 cmplw cr6,r11,r10 (GhidraScript)  
INFO  DumpRange.java> 820a8a34 bne cr6,0x820a8a90 (GhidraScript)  
INFO  DumpRange.java> 820a8a38 li r20,0x1 (GhidraScript)  
INFO  DumpRange.java> 820a8a3c rlwinm r11,r20,0x0,0x18,0x1f (GhidraScript)  
INFO  DumpRange.java> 820a8a40 lwz r26,0x370(r24) (GhidraScript)  
INFO  DumpRange.java> 820a8a44 cmplwi cr6,r11,0x0 (GhidraScript)  
INFO  DumpRange.java> 820a8a48 lis r11,0x2 (GhidraScript)  
INFO  DumpRange.java> 820a8a4c ori r11,r11,0x4474 (GhidraScript)  
INFO  DumpRange.java> 820a8a50 lwzx r11,r9,r11 (GhidraScript)  
INFO  DumpRange.java> 820a8a54 subi r11,r11,0x2 (GhidraScript)  
INFO  DumpRange.java> 820a8a58 beq cr6,0x820a8b10 (GhidraScript)  
INFO  DumpRange.java> 820a8a5c cmplwi cr6,r11,0x4 (GhidraScript)  
INFO  DumpRange.java> 820a8a60 bgt cr6,0x820a8afc (GhidraScript)  
INFO  DumpRange.java> 820a8a64 lis r12,-0x7df6 (GhidraScript)  
INFO  DumpRange.java> 820a8a68 addi r12,r12,0x547c (GhidraScript)  
INFO  DumpRange.java> 820a8a6c rlwinm r0,r11,0x2,0x0,0x1d (GhidraScript)  
INFO  DumpRange.java> 820a8a70 lwzx r0,r12,r0 (GhidraScript)  
INFO  DumpRange.java> 820a8a74 mtspr CTR,r0 (GhidraScript)  
INFO  DumpRange.java> 820a8a78 bctr (GhidraScript)  
INFO  DumpRange.java> 820a8a7c lwz r16,0x5498(r10) (GhidraScript)  
INFO  DumpRange.java> 820a8a80 lwz r16,0x54ac(r10) (GhidraScript)  
INFO  DumpRange.java> 820a8a84 lwz r16,0x54c0(r10) (GhidraScript)  
INFO  DumpRange.java> 820a8a88 lwz r16,0x54d4(r10) (GhidraScript)  
INFO  DumpRange.java> 820a8a8c lwz r16,0x54e8(r10) (GhidraScript)  
INFO  DumpRange.java> 820a8a90 li r19,0x1 (GhidraScript)  
INFO  DumpRange.java> 820a8a94 b 0x820a8a3c (GhidraScript)  
INFO  DumpRange.java> 820a8a98 lwz r11,0x4(r21) (GhidraScript)  
INFO  DumpRange.java> 820a8a9c li r22,0x3 (GhidraScript)  
INFO  DumpRange.java> 820a8aa0 lwz r30,0x35c(r24) (GhidraScript)  
INFO  DumpRange.java> 820a8aa4 lhz r25,0xa(r11) (GhidraScript)  
INFO  DumpRange.java> 820a8aa8 b 0x820a8c30 (GhidraScript)  
INFO  DumpRange.java> 820a8aac lwz r11,0x4(r21) (GhidraScript)  
INFO  DumpRange.java> 820a8ab0 li r22,0x9 (GhidraScript)  
INFO  DumpRange.java> 820a8ab4 lwz r30,0x35c(r24) (GhidraScript)  
INFO  DumpRange.java> 820a8ab8 lhz r25,0xa(r11) (GhidraScript)  
INFO  DumpRange.java> 820a8abc b 0x820a8c30 (GhidraScript)  
INFO  DumpRange.java> 820a8ac0 lwz r11,0x4(r21) (GhidraScript)  
INFO  DumpRange.java> 820a8ac4 li r22,0x7 (GhidraScript)  
INFO  DumpRange.java> 820a8ac8 lwz r30,0x35c(r24) (GhidraScript)  
INFO  DumpRange.java> 820a8acc lhz r25,0xa(r11) (GhidraScript)  
INFO  DumpRange.java> 820a8ad0 b 0x820a8c30 (GhidraScript)  
INFO  DumpRange.java> 820a8ad4 lwz r11,0x4(r21) (GhidraScript)  
INFO  DumpRange.java> 820a8ad8 li r22,0x5 (GhidraScript)  
INFO  DumpRange.java> 820a8adc lwz r30,0x35c(r24) (GhidraScript)  
INFO  DumpRange.java> 820a8ae0 lhz r25,0xa(r11) (GhidraScript)  
INFO  DumpRange.java> 820a8ae4 b 0x820a8c30 (GhidraScript)  
INFO  DumpRange.java> 820a8ae8 lwz r11,0x4(r21) (GhidraScript)  
INFO  DumpRange.java> 820a8aec li r22,0xb (GhidraScript)  
INFO  DumpRange.java> 820a8af0 lwz r30,0x35c(r24) (GhidraScript)  
INFO  DumpRange.java> 820a8af4 lhz r25,0xa(r11) (GhidraScript)  
INFO  DumpRange.java> 820a8af8 b 0x820a8c30 (GhidraScript)  
INFO  DumpRange.java> 820a8afc lwz r11,0x4(r21) (GhidraScript)  
INFO  DumpRange.java> 820a8b00 li r22,0x1 (GhidraScript)  
INFO  DumpRange.java> 820a8b04 lwz r30,0x35c(r24) (GhidraScript)  
INFO  DumpRange.java> 820a8b08 lhz r25,0xa(r11) (GhidraScript)  
INFO  DumpRange.java> 820a8b0c b 0x820a8c30 (GhidraScript)  
INFO  DumpRange.java> 820a8b10 cmplwi cr6,r11,0x4 (GhidraScript)  
INFO  DumpRange.java> 820a8b14 bgt cr6,0x820a8ba8 (GhidraScript)  
INFO  DumpRange.java> 820a8b18 lis r12,-0x7df6 (GhidraScript)  
INFO  DumpRange.java> 820a8b1c addi r12,r12,0x5530 (GhidraScript)  
INFO  DumpRange.java> 820a8b20 rlwinm r0,r11,0x2,0x0,0x1d (GhidraScript)  
INFO  DumpRange.java> 820a8b24 lwzx r0,r12,r0 (GhidraScript)  
INFO  DumpRange.java> 820a8b28 mtspr CTR,r0 (GhidraScript)  
INFO  DumpRange.java> 820a8b2c bctr (GhidraScript)  
INFO  DumpRange.java> 820a8b30 lwz r16,0x5544(r10) (GhidraScript)  
INFO  DumpRange.java> 820a8b34 lwz r16,0x5558(r10) (GhidraScript)  
INFO  DumpRange.java> 820a8b38 lwz r16,0x556c(r10) (GhidraScript)  
INFO  DumpRange.java> 820a8b3c lwz r16,0x5580(r10) (GhidraScript)  
INFO  DumpRange.java> 820a8b40 lwz r16,0x5594(r10) (GhidraScript)  
INFO  DumpRange.java> 820a8b44 lwz r11,0x4(r21) (GhidraScript)  
INFO  DumpRange.java> 820a8b48 li r22,0x4 (GhidraScript)  
INFO  DumpRange.java> 820a8b4c lwz r30,0x35c(r24) (GhidraScript)  
INFO  DumpRange.java> 820a8b50 lhz r25,0xa(r11) (GhidraScript)  
INFO  DumpRange.java> 820a8b54 b 0x820a8c30 (GhidraScript)  
INFO  DumpRange.java> 820a8b58 lwz r11,0x4(r21) (GhidraScript)  
INFO  DumpRange.java> 820a8b5c li r22,0xa (GhidraScript)  
INFO  DumpRange.java> 820a8b60 lwz r30,0x35c(r24) (GhidraScript)  
INFO  DumpRange.java> 820a8b64 lhz r25,0xa(r11) (GhidraScript)  
INFO  DumpRange.java> 820a8b68 b 0x820a8c30 (GhidraScript)  
INFO  DumpRange.java> 820a8b6c lwz r11,0x4(r21) (GhidraScript)  
INFO  DumpRange.java> 820a8b70 li r22,0x8 (GhidraScript)  
INFO  DumpRange.java> 820a8b74 lwz r30,0x35c(r24) (GhidraScript)  
INFO  DumpRange.java> 820a8b78 lhz r25,0xa(r11) (GhidraScript)  
INFO  DumpRange.java> 820a8b7c b 0x820a8c30 (GhidraScript)  
INFO  DumpRange.java> 820a8b80 lwz r11,0x4(r21) (GhidraScript)  
INFO  DumpRange.java> 820a8b84 li r22,0x6 (GhidraScript)  
INFO  DumpRange.java> 820a8b88 lwz r30,0x35c(r24) (GhidraScript)  
INFO  DumpRange.java> 820a8b8c lhz r25,0xa(r11) (GhidraScript)  
INFO  DumpRange.java> 820a8b90 b 0x820a8c30 (GhidraScript)  
INFO  DumpRange.java> 820a8b94 lwz r11,0x4(r21) (GhidraScript)  
INFO  DumpRange.java> 820a8b98 li r22,0xc (GhidraScript)  
INFO  DumpRange.java> 820a8b9c lwz r30,0x35c(r24) (GhidraScript)  
INFO  DumpRange.java> 820a8ba0 lhz r25,0xa(r11) (GhidraScript)  
INFO  DumpRange.java> 820a8ba4 b 0x820a8c30 (GhidraScript)  
INFO  DumpRange.java> 820a8ba8 lwz r11,0x4(r21) (GhidraScript)  
INFO  DumpRange.java> 820a8bac li r22,0x2 (GhidraScript)  
INFO  DumpRange.java> 820a8bb0 lwz r30,0x35c(r24) (GhidraScript)  
INFO  DumpRange.java> 820a8bb4 lhz r25,0xa(r11) (GhidraScript)  
INFO  DumpRange.java> 820a8bb8 b 0x820a8c30 (GhidraScript)  
INFO  DumpRange.java> 820a8bbc lwz r10,0x4(r21) (GhidraScript)  
INFO  DumpRange.java> 820a8bc0 mulli r9,r28,0x3c (GhidraScript)  
INFO  DumpRange.java> 820a8bc4 lwz r11,0x4eb4(r23) (GhidraScript)  
INFO  DumpRange.java> 820a8bc8 or r4,r28,r28 (GhidraScript)  
INFO  DumpRange.java> 820a8bcc lwz r26,0x35c(r24) (GhidraScript)  
INFO  DumpRange.java> 820a8bd0 lwz r30,0x370(r24) (GhidraScript)  
INFO  DumpRange.java> 820a8bd4 lhz r22,0xa(r10) (GhidraScript)  
INFO  DumpRange.java> 820a8bd8 lwzx r3,r11,r31 (GhidraScript)  
INFO  DumpRange.java> 820a8bdc lwzx r18,r9,r29 (GhidraScript)  
INFO  DumpRange.java> 820a8be0 or r25,r16,r16 (GhidraScript)  
INFO  DumpRange.java> 820a8be4 bl 0x82272440 (GhidraScript)  
INFO  DumpRange.java> 820a8be8 cmplwi cr6,r3,0x0 (GhidraScript)  
INFO  DumpRange.java> 820a8bec beq cr6,0x820a8c30 (GhidraScript)  
INFO  DumpRange.java> 820a8bf0 lwz r11,0x4eb4(r23) (GhidraScript)  
INFO  DumpRange.java> 820a8bf4 lwzx r11,r11,r31 (GhidraScript)  
INFO  DumpRange.java> 820a8bf8 lwz r11,0x1008(r11) (GhidraScript)  
INFO  DumpRange.java> 820a8bfc cmpwi cr6,r11,0x0 (GhidraScript)  
INFO  DumpRange.java> 820a8c00 beq cr6,0x820a8c30 (GhidraScript)  
INFO  DumpRange.java> 820a8c04 cmpw cr6,r28,r27 (GhidraScript)  
INFO  DumpRange.java> 820a8c08 bne cr6,0x820a8c14 (GhidraScript)  
INFO  DumpRange.java> 820a8c0c li r17,0x1 (GhidraScript)  
INFO  DumpRange.java> 820a8c10 b 0x820a8c30 (GhidraScript)  
INFO  DumpRange.java> 820a8c14 lwz r10,0xc4(r3) (GhidraScript)  
INFO  DumpRange.java> 820a8c18 lwz r11,0xc4(r11) (GhidraScript)  
INFO  DumpRange.java> 820a8c1c cmplw cr6,r10,r11 (GhidraScript)  
INFO  DumpRange.java> 820a8c20 bne cr6,0x820a8c2c (GhidraScript)  
INFO  DumpRange.java> 820a8c24 li r20,0x1 (GhidraScript)  
INFO  DumpRange.java> 820a8c28 b 0x820a8c30 (GhidraScript)  
INFO  DumpRange.java> 820a8c2c li r19,0x1 (GhidraScript)  
INFO  DumpRange.java> 820a8c30 cmplwi cr6,r26,0x0 (GhidraScript)  
INFO  DumpRange.java> 820a8c34 bne cr6,0x820a8c40 (GhidraScript)  
INFO  DumpRange.java> 820a8c38 cmplwi cr6,r30,0x0 (GhidraScript)  
INFO  DumpRange.java> 820a8c3c beq cr6,0x820a909c (GhidraScript)  
INFO  DumpRange.java> 820a8c40 rlwinm r11,r17,0x0,0x18,0x1f (GhidraScript)  
INFO  DumpRange.java> 820a8c44 cmplwi cr6,r11,0x0 (GhidraScript)  
INFO  DumpRange.java> 820a8c48 beq cr6,0x820a8c58 (GhidraScript)  
INFO  DumpRange.java> 820a8c4c lis r27,0xe1 (GhidraScript)  
INFO  DumpRange.java> 820a8c50 ori r27,r27,0x20ff (GhidraScript)  
INFO  DumpRange.java> 820a8c54 b 0x820a8c90 (GhidraScript)  
INFO  DumpRange.java> 820a8c58 rlwinm r11,r19,0x0,0x18,0x1f (GhidraScript)  
INFO  DumpRange.java> 820a8c5c cmplwi cr6,r11,0x0 (GhidraScript)  
INFO  DumpRange.java> 820a8c60 beq cr6,0x820a8c70 (GhidraScript)  
INFO  DumpRange.java> 820a8c64 lis r27,-0xe2 (GhidraScript)  
INFO  DumpRange.java> 820a8c68 ori r27,r27,0xff (GhidraScript)  
INFO  DumpRange.java> 820a8c6c b 0x820a8c90 (GhidraScript)  
INFO  DumpRange.java> 820a8c70 rlwinm r11,r20,0x0,0x18,0x1f (GhidraScript)  
INFO  DumpRange.java> 820a8c74 cmplwi cr6,r11,0x0 (GhidraScript)  
INFO  DumpRange.java> 820a8c78 beq cr6,0x820a8c88 (GhidraScript)  
INFO  DumpRange.java> 820a8c7c lis r27,0x80 (GhidraScript)  
INFO  DumpRange.java> 820a8c80 ori r27,r27,0xffff (GhidraScript)  
INFO  DumpRange.java> 820a8c84 b 0x820a8c90 (GhidraScript)  
INFO  DumpRange.java> 820a8c88 lwz r11,0x4(r21) (GhidraScript)  
INFO  DumpRange.java> 820a8c8c lwz r27,0x20(r11) (GhidraScript)  
INFO  DumpRange.java> 820a8c90 lis r11,-0x7df9 (GhidraScript)  
INFO  DumpRange.java> 820a8c94 cmplwi cr6,r26,0x0 (GhidraScript)  
INFO  DumpRange.java> 820a8c98 lfs f0,-0x6128(r11) (GhidraScript)  
INFO  DumpRange.java> 820a8c9c lis r11,-0x7dfb (GhidraScript)  
INFO  DumpRange.java> 820a8ca0 stfs f0,0x58(r1) (GhidraScript)  
INFO  DumpRange.java> 820a8ca4 addi r28,r11,0x4a8c (GhidraScript)  
INFO  DumpRange.java> 820a8ca8 stfs f0,0x50(r1) (GhidraScript)  
INFO  DumpRange.java> 820a8cac lis r11,-0x7df9 (GhidraScript)  
INFO  DumpRange.java> 820a8cb0 stfs f0,0x64(r1) (GhidraScript)  
INFO  DumpRange.java> 820a8cb4 stfs f0,0x68(r1) (GhidraScript)  
INFO  DumpRange.java> 820a8cb8 lfs f31,-0x7d4(r28) (GhidraScript)  
INFO  DumpRange.java> 820a8cbc lfs f30,-0x290(r28) (GhidraScript)  
INFO  DumpRange.java> 820a8cc0 lfs f26,-0x64d8(r11) (GhidraScript)  
INFO  DumpRange.java> 820a8cc4 stfs f31,0x5c(r1) (GhidraScript)  
INFO  DumpRange.java> 820a8cc8 stfs f31,0x54(r1) (GhidraScript)  
INFO  DumpRange.java> 820a8ccc stfs f31,0x60(r1) (GhidraScript)  
INFO  DumpRange.java> 820a8cd0 stfs f31,0x6c(r1) (GhidraScript)  
INFO  DumpRange.java> 820a8cd4 bne cr6,0x820a8d14 (GhidraScript)  
INFO  DumpRange.java> 820a8cd8 cmplwi cr6,r30,0x0 (GhidraScript)  
INFO  DumpRange.java> 820a8cdc beq cr6,0x820a8d14 (GhidraScript)  
INFO  DumpRange.java> 820a8ce0 lwz r11,0x0(r30) (GhidraScript)  
INFO  DumpRange.java> 820a8ce4 extsh r31,r25 (GhidraScript)  
INFO  DumpRange.java> 820a8ce8 addi r8,r1,0x54 (GhidraScript)  
INFO  DumpRange.java> 820a8cec addi r7,r1,0x5c (GhidraScript)  
INFO  DumpRange.java> 820a8cf0 addi r6,r1,0x50 (GhidraScript)  
INFO  DumpRange.java> 820a8cf4 addi r5,r1,0x58 (GhidraScript)  
INFO  DumpRange.java> 820a8cf8 lwz r11,0xc(r11) (GhidraScript)  
INFO  DumpRange.java> 820a8cfc or r3,r30,r30 (GhidraScript)  
INFO  DumpRange.java> 820a8d00 or r4,r31,r31 (GhidraScript)  
INFO  DumpRange.java> 820a8d04 mtspr CTR,r11 (GhidraScript)  
INFO  DumpRange.java> 820a8d08 bctrl (GhidraScript)  
INFO  DumpRange.java> 820a8d0c fmr f27,f1 (GhidraScript)  
INFO  DumpRange.java> 820a8d10 b 0x820a8f18 (GhidraScript)  
INFO  DumpRange.java> 820a8d14 lwz r11,0x0(r26) (GhidraScript)  
INFO  DumpRange.java> 820a8d18 extsh r29,r22 (GhidraScript)  
INFO  DumpRange.java> 820a8d1c addi r8,r1,0x54 (GhidraScript)  
INFO  DumpRange.java> 820a8d20 addi r7,r1,0x5c (GhidraScript)  
INFO  DumpRange.java> 820a8d24 addi r6,r1,0x50 (GhidraScript)  
INFO  DumpRange.java> 820a8d28 addi r5,r1,0x58 (GhidraScript)  
INFO  DumpRange.java> 820a8d2c lwz r11,0xc(r11) (GhidraScript)  
INFO  DumpRange.java> 820a8d30 or r3,r26,r26 (GhidraScript)  
INFO  DumpRange.java> 820a8d34 or r4,r29,r29 (GhidraScript)  
INFO  DumpRange.java> 820a8d38 mtspr CTR,r11 (GhidraScript)  
INFO  DumpRange.java> 820a8d3c bctrl (GhidraScript)  
INFO  REPORT: Save succeeded for processed file: /default.xex (HeadlessAnalyzer)  
