openjdk version "21.0.11" 2026-04-21
OpenJDK Runtime Environment (build 21.0.11+10-1-26.04.2-Ubuntu)
OpenJDK 64-Bit Server VM (build 21.0.11+10-1-26.04.2-Ubuntu, mixed mode)
INFO  Using log config file: jar:file:/fastdata/lavaulta/auto-re-agent/.tools/ghidra_12.1.2_PUBLIC/Ghidra/Framework/Generic/lib/Generic.jar!/generic.log4j.xml (LoggingInitialization)  
INFO  Using log file: /home/lavaulta/.config/ghidra/ghidra_12.1.2_PUBLIC/application.log (LoggingInitialization)  
INFO  Loading user preferences: /home/lavaulta/.config/ghidra/ghidra_12.1.2_PUBLIC/preferences (Preferences)  
INFO  Searching for classes... (ClassSearcher)  
INFO  Ignoring class 'xexloaderwv.XEXLoaderWVLoader' from '/fastdata/lavaulta/auto-re-agent/.tools/ghidra_12.1.2_PUBLIC/Ghidra/Extensions/XEXLoaderWV/lib/XEXLoaderWV.jar'. Already found at '/fastdata/lavaulta/auto-re-agent/.tools/ghidra_12.1.2_PUBLIC/Ghidra/patch/XEXLoaderWV-java21.jar'. (ClassSearcher)  
INFO  Class search complete (1706 ms) (ClassSearcher)  
INFO  Initializing SSL Context (DefaultSSLContextInitializer)  
INFO  Initializing Random Number Generator... (SecureRandomFactory)  
INFO  Random Number Generator initialization complete: NativePRNGNonBlocking (SecureRandomFactory)  
INFO  Trust manager disabled, cacerts have not been set (DefaultTrustManagerFactory)  
INFO  Headless startup complete (3420 ms) (AnalyzeHeadless)  
INFO  Class searcher loaded 59 extension points (20 false positives) (ClassSearcher)  
INFO  HEADLESS Script Paths:
    /fastdata/lavaulta/auto-re-agent/.tools/ghidra_12.1.2_PUBLIC/Ghidra/Features/MicrosoftCodeAnalyzer/ghidra_scripts
    /fastdata/lavaulta/auto-re-agent/.tools/ghidra_12.1.2_PUBLIC/Ghidra/Features/PDB/ghidra_scripts
    /fastdata/lavaulta/auto-re-agent/.tools/ghidra_12.1.2_PUBLIC/Ghidra/Processors/8051/ghidra_scripts
    /fastdata/lavaulta/auto-re-agent/.tools/ghidra_12.1.2_PUBLIC/Ghidra/Features/Base/ghidra_scripts
    /fastdata/lavaulta/auto-re-agent/workspaces/ace-combat-6/scripts
    /fastdata/lavaulta/auto-re-agent/.tools/ghidra_12.1.2_PUBLIC/Ghidra/Features/FileFormats/ghidra_scripts
    /fastdata/lavaulta/auto-re-agent/.tools/ghidra_12.1.2_PUBLIC/Ghidra/Features/GnuDemangler/ghidra_scripts
    /fastdata/lavaulta/auto-re-agent/.tools/ghidra_12.1.2_PUBLIC/Ghidra/Extensions/ghidra-emotionengine-reloaded/ghidra_scripts
    /fastdata/lavaulta/auto-re-agent/.tools/ghidra_12.1.2_PUBLIC/Ghidra/Features/Decompiler/ghidra_scripts
    /fastdata/lavaulta/auto-re-agent/.tools/ghidra_12.1.2_PUBLIC/Ghidra/Features/FunctionID/ghidra_scripts
    /fastdata/lavaulta/auto-re-agent/.tools/ghidra_12.1.2_PUBLIC/Ghidra/Features/DecompilerDependent/ghidra_scripts
    /fastdata/lavaulta/auto-re-agent/.tools/ghidra_12.1.2_PUBLIC/Ghidra/Processors/DATA/ghidra_scripts
    /fastdata/lavaulta/auto-re-agent/.tools/ghidra_12.1.2_PUBLIC/Ghidra/Debug/Debugger-rmi-trace/ghidra_scripts
    /fastdata/lavaulta/auto-re-agent/.tools/ghidra_12.1.2_PUBLIC/Ghidra/Features/SwiftDemangler/ghidra_scripts
    /fastdata/lavaulta/auto-re-agent/.tools/ghidra_12.1.2_PUBLIC/Ghidra/Debug/Debugger/ghidra_scripts
    /fastdata/lavaulta/auto-re-agent/.tools/ghidra_12.1.2_PUBLIC/Ghidra/Processors/PIC/ghidra_scripts
    /fastdata/lavaulta/auto-re-agent/.tools/ghidra_12.1.2_PUBLIC/Ghidra/Extensions/XEXLoaderWV/ghidra_scripts
    /fastdata/lavaulta/auto-re-agent/.tools/ghidra_12.1.2_PUBLIC/Ghidra/Features/WildcardAssembler/ghidra_scripts
    /fastdata/lavaulta/auto-re-agent/.tools/ghidra_12.1.2_PUBLIC/Ghidra/Features/PyGhidra/ghidra_scripts
    /fastdata/lavaulta/auto-re-agent/.tools/ghidra_12.1.2_PUBLIC/Ghidra/Features/BSim/ghidra_scripts
    /fastdata/lavaulta/auto-re-agent/.tools/ghidra_12.1.2_PUBLIC/Ghidra/Features/VersionTracking/ghidra_scripts
    /fastdata/lavaulta/auto-re-agent/.tools/ghidra_12.1.2_PUBLIC/Ghidra/Features/BytePatterns/ghidra_scripts
    /fastdata/lavaulta/auto-re-agent/.tools/ghidra_12.1.2_PUBLIC/Ghidra/Processors/Atmel/ghidra_scripts
    /fastdata/lavaulta/auto-re-agent/.tools/ghidra_12.1.2_PUBLIC/Ghidra/Features/SystemEmulation/ghidra_scripts
    /fastdata/lavaulta/auto-re-agent/.tools/ghidra_12.1.2_PUBLIC/Ghidra/Processors/JVM/ghidra_scripts (HeadlessAnalyzer)  
INFO  HEADLESS: execution starts (HeadlessAnalyzer)  
INFO  Opening existing project: /fastdata/lavaulta/auto-re-agent/workspaces/ace-combat-6/ghidra-projects/ace-combat-6-corrected (HeadlessAnalyzer)  
INFO  Opening project: /fastdata/lavaulta/auto-re-agent/workspaces/ace-combat-6/ghidra-projects/ace-combat-6-corrected (HeadlessProject)  
INFO  REPORT: Processing project file: /default.xex (HeadlessAnalyzer)  
INFO  REPORT: Execute script: DumpRange.java '0x820aa600' '0x820aa770'  (HeadlessAnalyzer)  
INFO  SCRIPT: /fastdata/lavaulta/auto-re-agent/workspaces/ace-combat-6/scripts/DumpRange.java (HeadlessAnalyzer)  
INFO  DumpRange.java> 820aa600 lwz r12,-0x8(r1) (GhidraScript)  
INFO  DumpRange.java> 820aa604 mtspr LR,r12 (GhidraScript)  
INFO  DumpRange.java> 820aa608 ld r31,-0x10(r1) (GhidraScript)  
INFO  DumpRange.java> 820aa60c blr (GhidraScript)  
INFO  DumpRange.java> 820aa610 mfspr r12,LR (GhidraScript)  
INFO  DumpRange.java> 820aa614 bl 0x823864f4 (GhidraScript)  
INFO  DumpRange.java> 820aa618 stwu r1,-0x80(r1) (GhidraScript)  
INFO  DumpRange.java> 820aa61c or r29,r3,r3 (GhidraScript)  
INFO  DumpRange.java> 820aa620 li r27,0x0 (GhidraScript)  
INFO  DumpRange.java> 820aa624 or r30,r27,r27 (GhidraScript)  
INFO  DumpRange.java> 820aa628 lwz r11,0x40c(r29) (GhidraScript)  
INFO  DumpRange.java> 820aa62c cmpwi cr6,r11,0x0 (GhidraScript)  
INFO  DumpRange.java> 820aa630 ble cr6,0x820aa660 (GhidraScript)  
INFO  DumpRange.java> 820aa634 addi r31,r29,0x4 (GhidraScript)  
INFO  DumpRange.java> 820aa638 lis r28,-0x7d8a (GhidraScript)  
INFO  DumpRange.java> 820aa63c lwz r3,-0x70d0(r28) (GhidraScript)  
INFO  DumpRange.java> 820aa640 lwz r4,0x0(r31) (GhidraScript)  
INFO  DumpRange.java> 820aa644 bl 0x82226520 (GhidraScript)  
INFO  DumpRange.java> 820aa648 stw r27,0x0(r31) (GhidraScript)  
INFO  DumpRange.java> 820aa64c addi r30,r30,0x1 (GhidraScript)  
INFO  DumpRange.java> 820aa650 lwz r11,0x40c(r29) (GhidraScript)  
INFO  DumpRange.java> 820aa654 addi r31,r31,0x4 (GhidraScript)  
INFO  DumpRange.java> 820aa658 cmpw cr6,r30,r11 (GhidraScript)  
INFO  DumpRange.java> 820aa65c blt cr6,0x820aa63c (GhidraScript)  
INFO  DumpRange.java> 820aa660 or r3,r29,r29 (GhidraScript)  
INFO  DumpRange.java> 820aa664 bl 0x82273490 (GhidraScript)  
INFO  DumpRange.java> 820aa668 addi r1,r1,0x80 (GhidraScript)  
INFO  DumpRange.java> 820aa66c b 0x82386544 (GhidraScript)  
INFO  DumpRange.java> 820aa670 mfspr r12,LR (GhidraScript)  
INFO  DumpRange.java> 820aa674 bl 0x823864c0 (GhidraScript)  
INFO  DumpRange.java> 820aa678 stfd f29,-0xb0(r1) (GhidraScript)  
INFO  DumpRange.java> 820aa67c stfd f30,-0xa8(r1) (GhidraScript)  
INFO  DumpRange.java> 820aa680 stfd f31,-0xa0(r1) (GhidraScript)  
INFO  DumpRange.java> 820aa684 stwu r1,-0x140(r1) (GhidraScript)  
INFO  DumpRange.java> 820aa688 or r28,r4,r4 (GhidraScript)  
INFO  DumpRange.java> 820aa68c stw r5,0x164(r1) (GhidraScript)  
INFO  DumpRange.java> 820aa690 or r25,r3,r3 (GhidraScript)  
INFO  DumpRange.java> 820aa694 or r20,r6,r6 (GhidraScript)  
INFO  DumpRange.java> 820aa698 cmplwi cr6,r28,0x0 (GhidraScript)  
INFO  DumpRange.java> 820aa69c stw r28,0x15c(r1) (GhidraScript)  
INFO  DumpRange.java> 820aa6a0 stw r25,0x154(r1) (GhidraScript)  
INFO  DumpRange.java> 820aa6a4 stw r20,0x16c(r1) (GhidraScript)  
INFO  DumpRange.java> 820aa6a8 beq cr6,0x820ab47c (GhidraScript)  
INFO  DumpRange.java> 820aa6ac cmplwi cr6,r5,0x0 (GhidraScript)  
INFO  DumpRange.java> 820aa6b0 beq cr6,0x820ab47c (GhidraScript)  
INFO  DumpRange.java> 820aa6b4 lwz r11,0x0(r25) (GhidraScript)  
INFO  DumpRange.java> 820aa6b8 li r24,0x0 (GhidraScript)  
INFO  DumpRange.java> 820aa6bc addi r4,r1,0x80 (GhidraScript)  
INFO  DumpRange.java> 820aa6c0 lwz r11,0xc(r11) (GhidraScript)  
INFO  DumpRange.java> 820aa6c4 stw r24,0x80(r1) (GhidraScript)  
INFO  DumpRange.java> 820aa6c8 stw r24,0x84(r1) (GhidraScript)  
INFO  DumpRange.java> 820aa6cc stw r24,0x88(r1) (GhidraScript)  
INFO  DumpRange.java> 820aa6d0 mtspr CTR,r11 (GhidraScript)  
INFO  DumpRange.java> 820aa6d4 bctrl (GhidraScript)  
INFO  DumpRange.java> 820aa6d8 lis r18,-0x7d92 (GhidraScript)  
INFO  DumpRange.java> 820aa6dc lis r11,0x2 (GhidraScript)  
INFO  DumpRange.java> 820aa6e0 lis r30,-0x7d8a (GhidraScript)  
INFO  DumpRange.java> 820aa6e4 ori r19,r11,0x9c80 (GhidraScript)  
INFO  DumpRange.java> 820aa6e8 lis r31,0x18 (GhidraScript)  
INFO  DumpRange.java> 820aa6ec lwz r11,0x4eb4(r18) (GhidraScript)  
INFO  DumpRange.java> 820aa6f0 lwz r3,-0x70d0(r30) (GhidraScript)  
INFO  DumpRange.java> 820aa6f4 lwzx r11,r11,r19 (GhidraScript)  
INFO  DumpRange.java> 820aa6f8 lwz r11,0x264(r11) (GhidraScript)  
INFO  DumpRange.java> 820aa6fc stw r11,0x6c(r1) (GhidraScript)  
INFO  DumpRange.java> 820aa700 bl 0x82225940 (GhidraScript)  
INFO  DumpRange.java> 820aa704 or r29,r3,r3 (GhidraScript)  
INFO  DumpRange.java> 820aa708 lwz r3,-0x70d0(r30) (GhidraScript)  
INFO  DumpRange.java> 820aa70c bl 0x822258b8 (GhidraScript)  
INFO  DumpRange.java> 820aa710 subf r11,r3,r29 (GhidraScript)  
INFO  DumpRange.java> 820aa714 cmplw cr6,r11,r31 (GhidraScript)  
INFO  DumpRange.java> 820aa718 blt cr6,0x820aa720 (GhidraScript)  
INFO  DumpRange.java> 820aa71c or r31,r24,r24 (GhidraScript)  
INFO  DumpRange.java> 820aa720 lwz r3,-0x70d0(r30) (GhidraScript)  
INFO  DumpRange.java> 820aa724 bl 0x822258b8 (GhidraScript)  
INFO  DumpRange.java> 820aa728 rldicl r11,r3,0x0,0x20 (GhidraScript)  
INFO  DumpRange.java> 820aa72c lwz r3,-0x70d0(r30) (GhidraScript)  
INFO  DumpRange.java> 820aa730 li r6,0x0 (GhidraScript)  
INFO  DumpRange.java> 820aa734 subf r11,r31,r11 (GhidraScript)  
INFO  DumpRange.java> 820aa738 li r5,0x10 (GhidraScript)  
INFO  DumpRange.java> 820aa73c rlwinm r4,r11,0x0,0x0,0x1f (GhidraScript)  
INFO  DumpRange.java> 820aa740 bl 0x82226498 (GhidraScript)  
INFO  DumpRange.java> 820aa744 lis r30,-0x7d96 (GhidraScript)  
INFO  DumpRange.java> 820aa748 stw r3,0x414(r25) (GhidraScript)  
INFO  DumpRange.java> 820aa74c addi r29,r25,0x418 (GhidraScript)  
INFO  DumpRange.java> 820aa750 stw r3,0x418(r25) (GhidraScript)  
INFO  DumpRange.java> 820aa754 cmpwi cr6,r20,0x0 (GhidraScript)  
INFO  DumpRange.java> 820aa758 lwz r11,0x728(r30) (GhidraScript)  
INFO  DumpRange.java> 820aa75c stw r29,0x7c(r1) (GhidraScript)  
INFO  DumpRange.java> 820aa760 stw r30,0x58(r1) (GhidraScript)  
INFO  DumpRange.java> 820aa764 stw r29,0x4(r11) (GhidraScript)  
INFO  DumpRange.java> 820aa768 stw r24,0x8(r11) (GhidraScript)  
INFO  DumpRange.java> 820aa76c bne cr6,0x820aa818 (GhidraScript)  
INFO  REPORT: Save succeeded for processed file: /default.xex (HeadlessAnalyzer)  
