openjdk version "21.0.11" 2026-04-21
OpenJDK Runtime Environment (build 21.0.11+10-1-26.04.2-Ubuntu)
OpenJDK 64-Bit Server VM (build 21.0.11+10-1-26.04.2-Ubuntu, mixed mode)
INFO  Using log config file: jar:file:/fastdata/lavaulta/auto-re-agent/.tools/ghidra_12.1.2_PUBLIC/Ghidra/Framework/Generic/lib/Generic.jar!/generic.log4j.xml (LoggingInitialization)  
INFO  Using log file: /home/lavaulta/.config/ghidra/ghidra_12.1.2_PUBLIC/application.log (LoggingInitialization)  
INFO  Loading user preferences: /home/lavaulta/.config/ghidra/ghidra_12.1.2_PUBLIC/preferences (Preferences)  
INFO  Searching for classes... (ClassSearcher)  
INFO  Ignoring class 'xexloaderwv.XEXLoaderWVLoader' from '/fastdata/lavaulta/auto-re-agent/.tools/ghidra_12.1.2_PUBLIC/Ghidra/Extensions/XEXLoaderWV/lib/XEXLoaderWV.jar'. Already found at '/fastdata/lavaulta/auto-re-agent/.tools/ghidra_12.1.2_PUBLIC/Ghidra/patch/XEXLoaderWV-java21.jar'. (ClassSearcher)  
INFO  Class search complete (1782 ms) (ClassSearcher)  
INFO  Initializing SSL Context (DefaultSSLContextInitializer)  
INFO  Initializing Random Number Generator... (SecureRandomFactory)  
INFO  Random Number Generator initialization complete: NativePRNGNonBlocking (SecureRandomFactory)  
INFO  Trust manager disabled, cacerts have not been set (DefaultTrustManagerFactory)  
INFO  Headless startup complete (3535 ms) (AnalyzeHeadless)  
INFO  Class searcher loaded 59 extension points (20 false positives) (ClassSearcher)  
INFO  HEADLESS Script Paths:
    /fastdata/lavaulta/auto-re-agent/.tools/ghidra_12.1.2_PUBLIC/Ghidra/Features/MicrosoftCodeAnalyzer/ghidra_scripts
    /fastdata/lavaulta/auto-re-agent/.tools/ghidra_12.1.2_PUBLIC/Ghidra/Features/PDB/ghidra_scripts
    /fastdata/lavaulta/auto-re-agent/.tools/ghidra_12.1.2_PUBLIC/Ghidra/Processors/8051/ghidra_scripts
    /fastdata/lavaulta/auto-re-agent/.tools/ghidra_12.1.2_PUBLIC/Ghidra/Features/Base/ghidra_scripts
    /fastdata/lavaulta/auto-re-agent/workspaces/ace-combat-6/scripts
    /fastdata/lavaulta/auto-re-agent/.tools/ghidra_12.1.2_PUBLIC/Ghidra/Features/FileFormats/ghidra_scripts
    /fastdata/lavaulta/auto-re-agent/.tools/ghidra_12.1.2_PUBLIC/Ghidra/Features/GnuDemangler/ghidra_scripts
    /fastdata/lavaulta/auto-re-agent/.tools/ghidra_12.1.2_PUBLIC/Ghidra/Extensions/ghidra-emotionengine-reloaded/ghidra_scripts
    /fastdata/lavaulta/auto-re-agent/.tools/ghidra_12.1.2_PUBLIC/Ghidra/Features/Decompiler/ghidra_scripts
    /fastdata/lavaulta/auto-re-agent/.tools/ghidra_12.1.2_PUBLIC/Ghidra/Features/FunctionID/ghidra_scripts
    /fastdata/lavaulta/auto-re-agent/.tools/ghidra_12.1.2_PUBLIC/Ghidra/Features/DecompilerDependent/ghidra_scripts
    /fastdata/lavaulta/auto-re-agent/.tools/ghidra_12.1.2_PUBLIC/Ghidra/Processors/DATA/ghidra_scripts
    /fastdata/lavaulta/auto-re-agent/.tools/ghidra_12.1.2_PUBLIC/Ghidra/Debug/Debugger-rmi-trace/ghidra_scripts
    /fastdata/lavaulta/auto-re-agent/.tools/ghidra_12.1.2_PUBLIC/Ghidra/Features/SwiftDemangler/ghidra_scripts
    /fastdata/lavaulta/auto-re-agent/.tools/ghidra_12.1.2_PUBLIC/Ghidra/Debug/Debugger/ghidra_scripts
    /fastdata/lavaulta/auto-re-agent/.tools/ghidra_12.1.2_PUBLIC/Ghidra/Processors/PIC/ghidra_scripts
    /fastdata/lavaulta/auto-re-agent/.tools/ghidra_12.1.2_PUBLIC/Ghidra/Extensions/XEXLoaderWV/ghidra_scripts
    /fastdata/lavaulta/auto-re-agent/.tools/ghidra_12.1.2_PUBLIC/Ghidra/Features/WildcardAssembler/ghidra_scripts
    /fastdata/lavaulta/auto-re-agent/.tools/ghidra_12.1.2_PUBLIC/Ghidra/Features/PyGhidra/ghidra_scripts
    /fastdata/lavaulta/auto-re-agent/.tools/ghidra_12.1.2_PUBLIC/Ghidra/Features/BSim/ghidra_scripts
    /fastdata/lavaulta/auto-re-agent/.tools/ghidra_12.1.2_PUBLIC/Ghidra/Features/VersionTracking/ghidra_scripts
    /fastdata/lavaulta/auto-re-agent/.tools/ghidra_12.1.2_PUBLIC/Ghidra/Features/BytePatterns/ghidra_scripts
    /fastdata/lavaulta/auto-re-agent/.tools/ghidra_12.1.2_PUBLIC/Ghidra/Processors/Atmel/ghidra_scripts
    /fastdata/lavaulta/auto-re-agent/.tools/ghidra_12.1.2_PUBLIC/Ghidra/Features/SystemEmulation/ghidra_scripts
    /fastdata/lavaulta/auto-re-agent/.tools/ghidra_12.1.2_PUBLIC/Ghidra/Processors/JVM/ghidra_scripts (HeadlessAnalyzer)  
INFO  HEADLESS: execution starts (HeadlessAnalyzer)  
INFO  Opening existing project: /fastdata/lavaulta/auto-re-agent/workspaces/ace-combat-6/ghidra-projects/ace-combat-6-corrected (HeadlessAnalyzer)  
INFO  Opening project: /fastdata/lavaulta/auto-re-agent/workspaces/ace-combat-6/ghidra-projects/ace-combat-6-corrected (HeadlessProject)  
INFO  REPORT: Processing project file: /default.xex (HeadlessAnalyzer)  
INFO  REPORT: Execute script: DumpRange.java '0x820abbc0' '0x820abca0'  (HeadlessAnalyzer)  
INFO  SCRIPT: /fastdata/lavaulta/auto-re-agent/workspaces/ace-combat-6/scripts/DumpRange.java (HeadlessAnalyzer)  
INFO  DumpRange.java> 820abbc0 mtspr CTR,r11 (GhidraScript)  
INFO  DumpRange.java> 820abbc4 bctrl (GhidraScript)  
INFO  DumpRange.java> 820abbc8 addi r11,r31,0x8 (GhidraScript)  
INFO  DumpRange.java> 820abbcc lwzx r11,r30,r11 (GhidraScript)  
INFO  DumpRange.java> 820abbd0 stw r11,0xb8(r3) (GhidraScript)  
INFO  DumpRange.java> 820abbd4 addi r1,r1,0xc0 (GhidraScript)  
INFO  DumpRange.java> 820abbd8 b 0x82386524 (GhidraScript)  
INFO  DumpRange.java> 820abbdc <not-disassembled> (GhidraScript)  
INFO  DumpRange.java> 820abbe0 mfspr r12,LR (GhidraScript)  
INFO  DumpRange.java> 820abbe4 stw r12,-0x8(r1) (GhidraScript)  
INFO  DumpRange.java> 820abbe8 std r30,-0x18(r1) (GhidraScript)  
INFO  DumpRange.java> 820abbec std r31,-0x10(r1) (GhidraScript)  
INFO  DumpRange.java> 820abbf0 stwu r1,-0x70(r1) (GhidraScript)  
INFO  DumpRange.java> 820abbf4 or r30,r4,r4 (GhidraScript)  
INFO  DumpRange.java> 820abbf8 cmplwi cr6,r30,0x0 (GhidraScript)  
INFO  DumpRange.java> 820abbfc beq cr6,0x820abc5c (GhidraScript)  
INFO  DumpRange.java> 820abc00 lis r11,-0x7d6c (GhidraScript)  
INFO  DumpRange.java> 820abc04 lwz r11,-0x45f0(r11) (GhidraScript)  
INFO  DumpRange.java> 820abc08 lwz r4,0x54(r11) (GhidraScript)  
INFO  DumpRange.java> 820abc0c lis r11,-0x7d62 (GhidraScript)  
INFO  DumpRange.java> 820abc10 addi r3,r11,0x6218 (GhidraScript)  
INFO  DumpRange.java> 820abc14 bl 0x821d65c0 (GhidraScript)  
INFO  DumpRange.java> 820abc18 lis r11,-0x7d92 (GhidraScript)  
INFO  DumpRange.java> 820abc1c or r31,r3,r3 (GhidraScript)  
INFO  DumpRange.java> 820abc20 lwz r11,0x4eb4(r11) (GhidraScript)  
INFO  DumpRange.java> 820abc24 addi r3,r11,0x70 (GhidraScript)  
INFO  DumpRange.java> 820abc28 bl 0x820979b0 (GhidraScript)  
INFO  DumpRange.java> 820abc2c bl 0x821ba458 (GhidraScript)  
INFO  DumpRange.java> 820abc30 li r4,0x0 (GhidraScript)  
INFO  DumpRange.java> 820abc34 bl 0x821d4660 (GhidraScript)  
INFO  DumpRange.java> 820abc38 or r4,r3,r3 (GhidraScript)  
INFO  DumpRange.java> 820abc3c or r3,r31,r31 (GhidraScript)  
INFO  DumpRange.java> 820abc40 bl 0x821d65c0 (GhidraScript)  
INFO  DumpRange.java> 820abc44 li r4,0x1 (GhidraScript)  
INFO  DumpRange.java> 820abc48 addi r3,r3,0x20 (GhidraScript)  
INFO  DumpRange.java> 820abc4c bl 0x822383d0 (GhidraScript)  
INFO  DumpRange.java> 820abc50 or r4,r3,r3 (GhidraScript)  
INFO  DumpRange.java> 820abc54 or r3,r30,r30 (GhidraScript)  
INFO  DumpRange.java> 820abc58 bl 0x82291f88 (GhidraScript)  
INFO  DumpRange.java> 820abc5c addi r1,r1,0x70 (GhidraScript)  
INFO  DumpRange.java> 820abc60 lwz r12,-0x8(r1) (GhidraScript)  
INFO  DumpRange.java> 820abc64 mtspr LR,r12 (GhidraScript)  
INFO  DumpRange.java> 820abc68 ld r30,-0x18(r1) (GhidraScript)  
INFO  DumpRange.java> 820abc6c ld r31,-0x10(r1) (GhidraScript)  
INFO  DumpRange.java> 820abc70 blr (GhidraScript)  
INFO  DumpRange.java> 820abc74 <not-disassembled> (GhidraScript)  
INFO  DumpRange.java> 820abc78 mfspr r12,LR (GhidraScript)  
INFO  DumpRange.java> 820abc7c bl 0x823864d8 (GhidraScript)  
INFO  DumpRange.java> 820abc80 stwu r1,-0x4c0(r1) (GhidraScript)  
INFO  DumpRange.java> 820abc84 or r23,r3,r3 (GhidraScript)  
INFO  DumpRange.java> 820abc88 or r25,r4,r4 (GhidraScript)  
INFO  DumpRange.java> 820abc8c or r22,r5,r5 (GhidraScript)  
INFO  DumpRange.java> 820abc90 lwz r11,0x0(r23) (GhidraScript)  
INFO  DumpRange.java> 820abc94 lwz r11,0x54(r11) (GhidraScript)  
INFO  DumpRange.java> 820abc98 mtspr CTR,r11 (GhidraScript)  
INFO  DumpRange.java> 820abc9c bctrl (GhidraScript)  
INFO  REPORT: Save succeeded for processed file: /default.xex (HeadlessAnalyzer)  
