Picked up JAVA_TOOL_OPTIONS: -Duser.home=/tmp/ac6-ghidra-home
Picked up JAVA_TOOL_OPTIONS: -Duser.home=/tmp/ac6-ghidra-home
Picked up JAVA_TOOL_OPTIONS: -Duser.home=/tmp/ac6-ghidra-home
Picked up JAVA_TOOL_OPTIONS: -Duser.home=/tmp/ac6-ghidra-home
openjdk version "21.0.11" 2026-04-21
OpenJDK Runtime Environment (build 21.0.11+10-1-26.04.2-Ubuntu)
OpenJDK 64-Bit Server VM (build 21.0.11+10-1-26.04.2-Ubuntu, mixed mode)
INFO  Using log config file: jar:file:/fastdata/lavaulta/auto-re-agent/.tools/ghidra_12.1.2_PUBLIC/Ghidra/Framework/Generic/lib/Generic.jar!/generic.log4j.xml (LoggingInitialization)  
INFO  Using log file: /tmp/ac6-ghidra-home/.config/ghidra/ghidra_12.1.2_PUBLIC/application.log (LoggingInitialization)  
INFO  Loading user preferences: /tmp/ac6-ghidra-home/.config/ghidra/ghidra_12.1.2_PUBLIC/preferences (Preferences)  
INFO  Searching for classes... (ClassSearcher)  
INFO  Ignoring class 'xexloaderwv.XEXLoaderWVLoader' from '/fastdata/lavaulta/auto-re-agent/.tools/ghidra_12.1.2_PUBLIC/Ghidra/Extensions/XEXLoaderWV/lib/XEXLoaderWV.jar'. Already found at '/fastdata/lavaulta/auto-re-agent/.tools/ghidra_12.1.2_PUBLIC/Ghidra/patch/XEXLoaderWV-java21.jar'. (ClassSearcher)  
INFO  Class search complete (1629 ms) (ClassSearcher)  
INFO  Initializing SSL Context (DefaultSSLContextInitializer)  
INFO  Initializing Random Number Generator... (SecureRandomFactory)  
INFO  Random Number Generator initialization complete: NativePRNGNonBlocking (SecureRandomFactory)  
INFO  Trust manager disabled, cacerts have not been set (DefaultTrustManagerFactory)  
INFO  Headless startup complete (3355 ms) (AnalyzeHeadless)  
INFO  Class searcher loaded 59 extension points (20 false positives) (ClassSearcher)  
INFO  HEADLESS Script Paths:
    /fastdata/lavaulta/auto-re-agent/.tools/ghidra_12.1.2_PUBLIC/Ghidra/Features/MicrosoftCodeAnalyzer/ghidra_scripts
    /fastdata/lavaulta/auto-re-agent/.tools/ghidra_12.1.2_PUBLIC/Ghidra/Features/PDB/ghidra_scripts
    /fastdata/lavaulta/auto-re-agent/.tools/ghidra_12.1.2_PUBLIC/Ghidra/Processors/8051/ghidra_scripts
    /fastdata/lavaulta/auto-re-agent/.tools/ghidra_12.1.2_PUBLIC/Ghidra/Features/Base/ghidra_scripts
    /fastdata/lavaulta/auto-re-agent/workspaces/ace-combat-6/scripts
    /fastdata/lavaulta/auto-re-agent/.tools/ghidra_12.1.2_PUBLIC/Ghidra/Features/FileFormats/ghidra_scripts
    /fastdata/lavaulta/auto-re-agent/.tools/ghidra_12.1.2_PUBLIC/Ghidra/Features/GnuDemangler/ghidra_scripts
    /fastdata/lavaulta/auto-re-agent/.tools/ghidra_12.1.2_PUBLIC/Ghidra/Extensions/ghidra-emotionengine-reloaded/ghidra_scripts
    /fastdata/lavaulta/auto-re-agent/.tools/ghidra_12.1.2_PUBLIC/Ghidra/Features/Decompiler/ghidra_scripts
    /fastdata/lavaulta/auto-re-agent/.tools/ghidra_12.1.2_PUBLIC/Ghidra/Features/FunctionID/ghidra_scripts
    /fastdata/lavaulta/auto-re-agent/.tools/ghidra_12.1.2_PUBLIC/Ghidra/Features/DecompilerDependent/ghidra_scripts
    /fastdata/lavaulta/auto-re-agent/.tools/ghidra_12.1.2_PUBLIC/Ghidra/Processors/DATA/ghidra_scripts
    /fastdata/lavaulta/auto-re-agent/.tools/ghidra_12.1.2_PUBLIC/Ghidra/Debug/Debugger-rmi-trace/ghidra_scripts
    /fastdata/lavaulta/auto-re-agent/.tools/ghidra_12.1.2_PUBLIC/Ghidra/Features/SwiftDemangler/ghidra_scripts
    /fastdata/lavaulta/auto-re-agent/.tools/ghidra_12.1.2_PUBLIC/Ghidra/Debug/Debugger/ghidra_scripts
    /fastdata/lavaulta/auto-re-agent/.tools/ghidra_12.1.2_PUBLIC/Ghidra/Processors/PIC/ghidra_scripts
    /fastdata/lavaulta/auto-re-agent/.tools/ghidra_12.1.2_PUBLIC/Ghidra/Extensions/XEXLoaderWV/ghidra_scripts
    /fastdata/lavaulta/auto-re-agent/.tools/ghidra_12.1.2_PUBLIC/Ghidra/Features/WildcardAssembler/ghidra_scripts
    /fastdata/lavaulta/auto-re-agent/.tools/ghidra_12.1.2_PUBLIC/Ghidra/Features/PyGhidra/ghidra_scripts
    /fastdata/lavaulta/auto-re-agent/.tools/ghidra_12.1.2_PUBLIC/Ghidra/Features/BSim/ghidra_scripts
    /fastdata/lavaulta/auto-re-agent/.tools/ghidra_12.1.2_PUBLIC/Ghidra/Features/VersionTracking/ghidra_scripts
    /fastdata/lavaulta/auto-re-agent/.tools/ghidra_12.1.2_PUBLIC/Ghidra/Features/BytePatterns/ghidra_scripts
    /fastdata/lavaulta/auto-re-agent/.tools/ghidra_12.1.2_PUBLIC/Ghidra/Processors/Atmel/ghidra_scripts
    /fastdata/lavaulta/auto-re-agent/.tools/ghidra_12.1.2_PUBLIC/Ghidra/Features/SystemEmulation/ghidra_scripts
    /fastdata/lavaulta/auto-re-agent/.tools/ghidra_12.1.2_PUBLIC/Ghidra/Processors/JVM/ghidra_scripts (HeadlessAnalyzer)  
INFO  HEADLESS: execution starts (HeadlessAnalyzer)  
INFO  Opening existing project: /fastdata/lavaulta/auto-re-agent/workspaces/ace-combat-6/ghidra-projects/ace-combat-6 (HeadlessAnalyzer)  
INFO  Opening project: /fastdata/lavaulta/auto-re-agent/workspaces/ace-combat-6/ghidra-projects/ace-combat-6 (HeadlessProject)  
INFO  REPORT: Processing project file: /default.xex (HeadlessAnalyzer)  
INFO  REPORT: Execute script: DumpRange.java '0x820a7070' '0x820a7eb0'  (HeadlessAnalyzer)  
INFO  SCRIPT: /fastdata/lavaulta/auto-re-agent/workspaces/ace-combat-6/scripts/DumpRange.java (HeadlessAnalyzer)  
INFO  DumpRange.java> 820a7070 mfspr r12,LR (GhidraScript)  
INFO  DumpRange.java> 820a7074 bl 0x82382ec0 (GhidraScript)  
INFO  DumpRange.java> 820a7078 stfd f29,-0xb0(r1) (GhidraScript)  
INFO  DumpRange.java> 820a707c stfd f30,-0xa8(r1) (GhidraScript)  
INFO  DumpRange.java> 820a7080 stfd f31,-0xa0(r1) (GhidraScript)  
INFO  DumpRange.java> 820a7084 stwu r1,-0x140(r1) (GhidraScript)  
INFO  DumpRange.java> 820a7088 or r28,r4,r4 (GhidraScript)  
INFO  DumpRange.java> 820a708c stw r5,0x164(r1) (GhidraScript)  
INFO  DumpRange.java> 820a7090 or r25,r3,r3 (GhidraScript)  
INFO  DumpRange.java> 820a7094 or r20,r6,r6 (GhidraScript)  
INFO  DumpRange.java> 820a7098 cmplwi cr6,r28,0x0 (GhidraScript)  
INFO  DumpRange.java> 820a709c stw r28,0x15c(r1) (GhidraScript)  
INFO  DumpRange.java> 820a70a0 stw r25,0x154(r1) (GhidraScript)  
INFO  DumpRange.java> 820a70a4 stw r20,0x16c(r1) (GhidraScript)  
INFO  DumpRange.java> 820a70a8 beq cr6,0x820a7e7c (GhidraScript)  
INFO  DumpRange.java> 820a70ac cmplwi cr6,r5,0x0 (GhidraScript)  
INFO  DumpRange.java> 820a70b0 beq cr6,0x820a7e7c (GhidraScript)  
INFO  DumpRange.java> 820a70b4 lwz r11,0x0(r25) (GhidraScript)  
INFO  DumpRange.java> 820a70b8 li r24,0x0 (GhidraScript)  
INFO  DumpRange.java> 820a70bc addi r4,r1,0x80 (GhidraScript)  
INFO  DumpRange.java> 820a70c0 lwz r11,0xc(r11) (GhidraScript)  
INFO  DumpRange.java> 820a70c4 stw r24,0x80(r1) (GhidraScript)  
INFO  DumpRange.java> 820a70c8 stw r24,0x84(r1) (GhidraScript)  
INFO  DumpRange.java> 820a70cc stw r24,0x88(r1) (GhidraScript)  
INFO  DumpRange.java> 820a70d0 mtspr CTR,r11 (GhidraScript)  
INFO  DumpRange.java> 820a70d4 bctrl (GhidraScript)  
INFO  DumpRange.java> 820a70d8 lis r18,-0x7d92 (GhidraScript)  
INFO  DumpRange.java> 820a70dc lis r11,0x2 (GhidraScript)  
INFO  DumpRange.java> 820a70e0 lis r30,-0x7d8a (GhidraScript)  
INFO  DumpRange.java> 820a70e4 ori r19,r11,0x9c80 (GhidraScript)  
INFO  DumpRange.java> 820a70e8 lis r31,0x18 (GhidraScript)  
INFO  DumpRange.java> 820a70ec lwz r11,0x4eb4(r18) (GhidraScript)  
INFO  DumpRange.java> 820a70f0 lwz r3,-0x70d0(r30) (GhidraScript)  
INFO  DumpRange.java> 820a70f4 lwzx r11,r11,r19 (GhidraScript)  
INFO  DumpRange.java> 820a70f8 lwz r11,0x264(r11) (GhidraScript)  
INFO  DumpRange.java> 820a70fc stw r11,0x6c(r1) (GhidraScript)  
INFO  DumpRange.java> 820a7100 bl 0x82222340 (GhidraScript)  
INFO  DumpRange.java> 820a7104 or r29,r3,r3 (GhidraScript)  
INFO  DumpRange.java> 820a7108 lwz r3,-0x70d0(r30) (GhidraScript)  
INFO  DumpRange.java> 820a710c bl 0x822222b8 (GhidraScript)  
INFO  DumpRange.java> 820a7110 subf r11,r3,r29 (GhidraScript)  
INFO  DumpRange.java> 820a7114 cmplw cr6,r11,r31 (GhidraScript)  
INFO  DumpRange.java> 820a7118 blt cr6,0x820a7120 (GhidraScript)  
INFO  DumpRange.java> 820a711c or r31,r24,r24 (GhidraScript)  
INFO  DumpRange.java> 820a7120 lwz r3,-0x70d0(r30) (GhidraScript)  
INFO  DumpRange.java> 820a7124 bl 0x822222b8 (GhidraScript)  
INFO  DumpRange.java> 820a7128 rldicl r11,r3,0x0,0x20 (GhidraScript)  
INFO  DumpRange.java> 820a712c lwz r3,-0x70d0(r30) (GhidraScript)  
INFO  DumpRange.java> 820a7130 li r6,0x0 (GhidraScript)  
INFO  DumpRange.java> 820a7134 subf r11,r31,r11 (GhidraScript)  
INFO  DumpRange.java> 820a7138 li r5,0x10 (GhidraScript)  
INFO  DumpRange.java> 820a713c rlwinm r4,r11,0x0,0x0,0x1f (GhidraScript)  
INFO  DumpRange.java> 820a7140 bl 0x82222e98 (GhidraScript)  
INFO  DumpRange.java> 820a7144 lis r30,-0x7d96 (GhidraScript)  
INFO  DumpRange.java> 820a7148 stw r3,0x414(r25) (GhidraScript)  
INFO  DumpRange.java> 820a714c addi r29,r25,0x418 (GhidraScript)  
INFO  DumpRange.java> 820a7150 stw r3,0x418(r25) (GhidraScript)  
INFO  DumpRange.java> 820a7154 cmpwi cr6,r20,0x0 (GhidraScript)  
INFO  DumpRange.java> 820a7158 lwz r11,0x728(r30) (GhidraScript)  
INFO  DumpRange.java> 820a715c stw r29,0x7c(r1) (GhidraScript)  
INFO  DumpRange.java> 820a7160 stw r30,0x58(r1) (GhidraScript)  
INFO  DumpRange.java> 820a7164 stw r29,0x4(r11) (GhidraScript)  
INFO  DumpRange.java> 820a7168 stw r24,0x8(r11) (GhidraScript)  
INFO  DumpRange.java> 820a716c bne cr6,0x820a7218 (GhidraScript)  
INFO  DumpRange.java> 820a7170 addi r3,r1,0x80 (GhidraScript)  
INFO  DumpRange.java> 820a7174 or r31,r24,r24 (GhidraScript)  
INFO  DumpRange.java> 820a7178 bl 0x8228e9a8 (GhidraScript)  
INFO  DumpRange.java> 820a717c cmplwi cr6,r3,0x0 (GhidraScript)  
INFO  DumpRange.java> 820a7180 beq cr6,0x820a71c4 (GhidraScript)  
INFO  DumpRange.java> 820a7184 or r4,r31,r31 (GhidraScript)  
INFO  DumpRange.java> 820a7188 addi r3,r1,0x80 (GhidraScript)  
INFO  DumpRange.java> 820a718c bl 0x8228e9b8 (GhidraScript)  
INFO  DumpRange.java> 820a7190 lwz r11,0x728(r30) (GhidraScript)  
INFO  DumpRange.java> 820a7194 or r4,r3,r3 (GhidraScript)  
INFO  DumpRange.java> 820a7198 or r3,r11,r11 (GhidraScript)  
INFO  DumpRange.java> 820a719c li r5,0x98 (GhidraScript)  
INFO  DumpRange.java> 820a71a0 lwz r10,0x0(r11) (GhidraScript)  
INFO  DumpRange.java> 820a71a4 lwz r11,0x18(r10) (GhidraScript)  
INFO  DumpRange.java> 820a71a8 mtspr CTR,r11 (GhidraScript)  
INFO  DumpRange.java> 820a71ac bctrl (GhidraScript)  
INFO  DumpRange.java> 820a71b0 addi r3,r1,0x80 (GhidraScript)  
INFO  DumpRange.java> 820a71b4 addi r31,r31,0x1 (GhidraScript)  
INFO  DumpRange.java> 820a71b8 bl 0x8228e9a8 (GhidraScript)  
INFO  DumpRange.java> 820a71bc cmplw cr6,r31,r3 (GhidraScript)  
INFO  DumpRange.java> 820a71c0 blt cr6,0x820a7184 (GhidraScript)  
INFO  DumpRange.java> 820a71c4 addi r3,r1,0x80 (GhidraScript)  
INFO  DumpRange.java> 820a71c8 or r31,r24,r24 (GhidraScript)  
INFO  DumpRange.java> 820a71cc bl 0x8228e9a8 (GhidraScript)  
INFO  DumpRange.java> 820a71d0 cmplwi cr6,r3,0x0 (GhidraScript)  
INFO  DumpRange.java> 820a71d4 beq cr6,0x820a7218 (GhidraScript)  
INFO  DumpRange.java> 820a71d8 or r4,r31,r31 (GhidraScript)  
INFO  DumpRange.java> 820a71dc addi r3,r1,0x80 (GhidraScript)  
INFO  DumpRange.java> 820a71e0 bl 0x8228e9b8 (GhidraScript)  
INFO  DumpRange.java> 820a71e4 lwz r11,0x728(r30) (GhidraScript)  
INFO  DumpRange.java> 820a71e8 or r4,r3,r3 (GhidraScript)  
INFO  DumpRange.java> 820a71ec or r3,r11,r11 (GhidraScript)  
INFO  DumpRange.java> 820a71f0 li r5,0x98 (GhidraScript)  
INFO  DumpRange.java> 820a71f4 lwz r10,0x0(r11) (GhidraScript)  
INFO  DumpRange.java> 820a71f8 lwz r11,0x1c(r10) (GhidraScript)  
INFO  DumpRange.java> 820a71fc mtspr CTR,r11 (GhidraScript)  
INFO  DumpRange.java> 820a7200 bctrl (GhidraScript)  
INFO  DumpRange.java> 820a7204 addi r3,r1,0x80 (GhidraScript)  
INFO  DumpRange.java> 820a7208 addi r31,r31,0x1 (GhidraScript)  
INFO  DumpRange.java> 820a720c bl 0x8228e9a8 (GhidraScript)  
INFO  DumpRange.java> 820a7210 cmplw cr6,r31,r3 (GhidraScript)  
INFO  DumpRange.java> 820a7214 blt cr6,0x820a71d8 (GhidraScript)  
INFO  DumpRange.java> 820a7218 lwz r11,0x0(r28) (GhidraScript)  
INFO  DumpRange.java> 820a721c or r22,r24,r24 (GhidraScript)  
INFO  DumpRange.java> 820a7220 or r23,r24,r24 (GhidraScript)  
INFO  DumpRange.java> 820a7224 stw r24,0x5c(r1) (GhidraScript)  
INFO  DumpRange.java> 820a7228 or r21,r24,r24 (GhidraScript)  
INFO  DumpRange.java> 820a722c lbz r11,0x0(r11) (GhidraScript)  
INFO  DumpRange.java> 820a7230 stw r22,0x60(r1) (GhidraScript)  
INFO  DumpRange.java> 820a7234 stw r23,0x64(r1) (GhidraScript)  
INFO  DumpRange.java> 820a7238 cmplwi cr6,r11,0x0 (GhidraScript)  
INFO  DumpRange.java> 820a723c stw r21,0x54(r1) (GhidraScript)  
INFO  DumpRange.java> 820a7240 beq cr6,0x820a7e58 (GhidraScript)  
INFO  DumpRange.java> 820a7244 lis r11,-0x7dfb (GhidraScript)  
INFO  DumpRange.java> 820a7248 lis r8,-0x7dfb (GhidraScript)  
INFO  DumpRange.java> 820a724c subi r11,r11,0x7f0 (GhidraScript)  
INFO  DumpRange.java> 820a7250 lis r9,-0x7dfb (GhidraScript)  
INFO  DumpRange.java> 820a7254 lis r10,-0x7df9 (GhidraScript)  
INFO  DumpRange.java> 820a7258 lfs f31,0x42b8(r8) (GhidraScript)  
INFO  DumpRange.java> 820a725c stw r11,0x78(r1) (GhidraScript)  
INFO  DumpRange.java> 820a7260 lis r11,-0x7dfb (GhidraScript)  
INFO  DumpRange.java> 820a7264 lfs f29,0x4904(r9) (GhidraScript)  
INFO  DumpRange.java> 820a7268 subi r11,r11,0x800 (GhidraScript)  
INFO  DumpRange.java> 820a726c lfs f30,-0x63b4(r10) (GhidraScript)  
INFO  DumpRange.java> 820a7270 stw r11,0x74(r1) (GhidraScript)  
INFO  DumpRange.java> 820a7274 lis r11,-0x7dfb (GhidraScript)  
INFO  DumpRange.java> 820a7278 subi r11,r11,0x810 (GhidraScript)  
INFO  DumpRange.java> 820a727c stw r11,0x70(r1) (GhidraScript)  
INFO  DumpRange.java> 820a7280 lis r11,0x2 (GhidraScript)  
INFO  DumpRange.java> 820a7284 ori r27,r11,0x9fc8 (GhidraScript)  
INFO  DumpRange.java> 820a7288 rlwinm r11,r21,0x1,0x0,0x1e (GhidraScript)  
INFO  DumpRange.java> 820a728c lwz r10,0x4(r28) (GhidraScript)  
INFO  DumpRange.java> 820a7290 li r28,-0x1 (GhidraScript)  
INFO  DumpRange.java> 820a7294 lwz r9,0x5c(r1) (GhidraScript)  
INFO  DumpRange.java> 820a7298 add r11,r21,r11 (GhidraScript)  
INFO  DumpRange.java> 820a729c rlwinm r11,r11,0x2,0x0,0x1d (GhidraScript)  
INFO  DumpRange.java> 820a72a0 add r26,r11,r10 (GhidraScript)  
INFO  DumpRange.java> 820a72a4 stw r28,0x50(r1) (GhidraScript)  
INFO  DumpRange.java> 820a72a8 lwz r11,0x0(r26) (GhidraScript)  
INFO  DumpRange.java> 820a72ac stw r26,0x68(r1) (GhidraScript)  
INFO  DumpRange.java> 820a72b0 lbz r10,0xd(r11) (GhidraScript)  
INFO  DumpRange.java> 820a72b4 cmpw cr6,r9,r10 (GhidraScript)  
INFO  DumpRange.java> 820a72b8 beq cr6,0x820a72c0 (GhidraScript)  
INFO  DumpRange.java> 820a72bc stw r10,0x5c(r1) (GhidraScript)  
INFO  DumpRange.java> 820a72c0 lbz r11,0x8(r11) (GhidraScript)  
INFO  DumpRange.java> 820a72c4 or r15,r24,r24 (GhidraScript)  
INFO  DumpRange.java> 820a72c8 or r14,r24,r24 (GhidraScript)  
INFO  DumpRange.java> 820a72cc cmplwi cr6,r11,0x4 (GhidraScript)  
INFO  DumpRange.java> 820a72d0 bgt cr6,0x820a7330 (GhidraScript)  
INFO  DumpRange.java> 820a72d4 lis r12,-0x7df6 (GhidraScript)  
INFO  DumpRange.java> 820a72d8 addi r12,r12,0x72ec (GhidraScript)  
INFO  DumpRange.java> 820a72dc rlwinm r0,r11,0x2,0x0,0x1d (GhidraScript)  
INFO  DumpRange.java> 820a72e0 lwzx r0,r12,r0 (GhidraScript)  
INFO  DumpRange.java> 820a72e4 mtspr CTR,r0 (GhidraScript)  
INFO  DumpRange.java> 820a72e8 bctr (GhidraScript)  
INFO  DumpRange.java> 820a72ec <not-disassembled> (GhidraScript)  
INFO  DumpRange.java> 820a72f0 <not-disassembled> (GhidraScript)  
INFO  DumpRange.java> 820a72f4 <not-disassembled> (GhidraScript)  
INFO  DumpRange.java> 820a72f8 <not-disassembled> (GhidraScript)  
INFO  DumpRange.java> 820a72fc <not-disassembled> (GhidraScript)  
INFO  DumpRange.java> 820a7300 li r15,0x1 (GhidraScript)  
INFO  DumpRange.java> 820a7304 b 0x820a732c (GhidraScript)  
INFO  DumpRange.java> 820a7308 li r15,0x4 (GhidraScript)  
INFO  DumpRange.java> 820a730c b 0x820a732c (GhidraScript)  
INFO  DumpRange.java> 820a7310 li r14,0x2 (GhidraScript)  
INFO  DumpRange.java> 820a7314 li r15,0x4 (GhidraScript)  
INFO  DumpRange.java> 820a7318 b 0x820a7330 (GhidraScript)  
INFO  DumpRange.java> 820a731c lis r14,-0x8000 (GhidraScript)  
INFO  DumpRange.java> 820a7320 li r15,0x4 (GhidraScript)  
INFO  DumpRange.java> 820a7324 b 0x820a7330 (GhidraScript)  
INFO  DumpRange.java> 820a7328 li r15,0x3 (GhidraScript)  
INFO  DumpRange.java> 820a732c li r14,0x1 (GhidraScript)  
INFO  DumpRange.java> 820a7330 lwz r11,0x4eb4(r18) (GhidraScript)  
INFO  DumpRange.java> 820a7334 lwzx r3,r11,r19 (GhidraScript)  
INFO  DumpRange.java> 820a7338 lwz r11,0x0(r3) (GhidraScript)  
INFO  DumpRange.java> 820a733c lwz r11,0x4(r11) (GhidraScript)  
INFO  DumpRange.java> 820a7340 mtspr CTR,r11 (GhidraScript)  
INFO  DumpRange.java> 820a7344 bctrl (GhidraScript)  
INFO  DumpRange.java> 820a7348 cmpwi cr6,r3,0x2 (GhidraScript)  
INFO  DumpRange.java> 820a734c beq cr6,0x820a7374 (GhidraScript)  
INFO  DumpRange.java> 820a7350 lwz r11,0x4eb4(r18) (GhidraScript)  
INFO  DumpRange.java> 820a7354 lwzx r3,r11,r19 (GhidraScript)  
INFO  DumpRange.java> 820a7358 lwz r11,0x0(r3) (GhidraScript)  
INFO  DumpRange.java> 820a735c lwz r11,0x4(r11) (GhidraScript)  
INFO  DumpRange.java> 820a7360 mtspr CTR,r11 (GhidraScript)  
INFO  DumpRange.java> 820a7364 bctrl (GhidraScript)  
INFO  DumpRange.java> 820a7368 cmpwi cr6,r3,0x3 (GhidraScript)  
INFO  DumpRange.java> 820a736c or r11,r24,r24 (GhidraScript)  
INFO  DumpRange.java> 820a7370 bne cr6,0x820a7378 (GhidraScript)  
INFO  DumpRange.java> 820a7374 li r11,0x1 (GhidraScript)  
INFO  DumpRange.java> 820a7378 rlwinm r11,r11,0x0,0x18,0x1f (GhidraScript)  
INFO  DumpRange.java> 820a737c cmplwi cr6,r11,0x0 (GhidraScript)  
INFO  DumpRange.java> 820a7380 beq cr6,0x820a7608 (GhidraScript)  
INFO  DumpRange.java> 820a7384 lwz r11,0x6c(r1) (GhidraScript)  
INFO  DumpRange.java> 820a7388 lwz r10,0x18(r11) (GhidraScript)  
INFO  DumpRange.java> 820a738c cmplwi cr6,r10,0x0 (GhidraScript)  
INFO  DumpRange.java> 820a7390 beq cr6,0x820a7608 (GhidraScript)  
INFO  DumpRange.java> 820a7394 lwz r11,0x0(r26) (GhidraScript)  
INFO  DumpRange.java> 820a7398 lwz r9,0x4(r10) (GhidraScript)  
INFO  DumpRange.java> 820a739c lwz r10,0x4eb4(r18) (GhidraScript)  
INFO  DumpRange.java> 820a73a0 addi r29,r10,0x9c (GhidraScript)  
INFO  DumpRange.java> 820a73a4 lbz r10,0xd(r11) (GhidraScript)  
INFO  DumpRange.java> 820a73a8 rlwinm r10,r10,0x3,0x0,0x1f (GhidraScript)  
INFO  DumpRange.java> 820a73ac lwzx r10,r10,r9 (GhidraScript)  
INFO  DumpRange.java> 820a73b0 lbz r10,0x2c(r10) (GhidraScript)  
INFO  DumpRange.java> 820a73b4 cmplwi cr6,r10,0x8 (GhidraScript)  
INFO  DumpRange.java> 820a73b8 bgt cr6,0x820a75a0 (GhidraScript)  
INFO  DumpRange.java> 820a73bc lis r12,-0x7df6 (GhidraScript)  
INFO  DumpRange.java> 820a73c0 addi r12,r12,0x73d4 (GhidraScript)  
INFO  DumpRange.java> 820a73c4 rlwinm r0,r10,0x2,0x0,0x1d (GhidraScript)  
INFO  DumpRange.java> 820a73c8 lwzx r0,r12,r0 (GhidraScript)  
INFO  DumpRange.java> 820a73cc mtspr CTR,r0 (GhidraScript)  
INFO  DumpRange.java> 820a73d0 bctr (GhidraScript)  
INFO  DumpRange.java> 820a73d4 <not-disassembled> (GhidraScript)  
INFO  DumpRange.java> 820a73d8 <not-disassembled> (GhidraScript)  
INFO  DumpRange.java> 820a73dc <not-disassembled> (GhidraScript)  
INFO  DumpRange.java> 820a73e0 <not-disassembled> (GhidraScript)  
INFO  DumpRange.java> 820a73e4 <not-disassembled> (GhidraScript)  
INFO  DumpRange.java> 820a73e8 <not-disassembled> (GhidraScript)  
INFO  DumpRange.java> 820a73ec <not-disassembled> (GhidraScript)  
INFO  DumpRange.java> 820a73f0 <not-disassembled> (GhidraScript)  
INFO  DumpRange.java> 820a73f4 <not-disassembled> (GhidraScript)  
INFO  DumpRange.java> 820a73f8 lbz r11,0x8(r11) (GhidraScript)  
INFO  DumpRange.java> 820a73fc lis r14,0x2000 (GhidraScript)  
INFO  DumpRange.java> 820a7400 cmplwi cr6,r11,0x0 (GhidraScript)  
INFO  DumpRange.java> 820a7404 bne cr6,0x820a7584 (GhidraScript)  
INFO  DumpRange.java> 820a7408 or r31,r24,r24 (GhidraScript)  
INFO  DumpRange.java> 820a740c addi r30,r29,0x80 (GhidraScript)  
INFO  DumpRange.java> 820a7410 lwz r11,-0x4(r30) (GhidraScript)  
INFO  DumpRange.java> 820a7414 cmpwi cr6,r11,0x0 (GhidraScript)  
INFO  DumpRange.java> 820a7418 bne cr6,0x820a7454 (GhidraScript)  
INFO  DumpRange.java> 820a741c lwz r11,0x0(r30) (GhidraScript)  
INFO  DumpRange.java> 820a7420 cmpw cr6,r11,r22 (GhidraScript)  
INFO  DumpRange.java> 820a7424 bne cr6,0x820a7454 (GhidraScript)  
INFO  DumpRange.java> 820a7428 lwz r11,0xc(r30) (GhidraScript)  
INFO  DumpRange.java> 820a742c cmpwi cr6,r11,0x1 (GhidraScript)  
INFO  DumpRange.java> 820a7430 beq cr6,0x820a7468 (GhidraScript)  
INFO  DumpRange.java> 820a7434 lwz r11,0x4eb4(r18) (GhidraScript)  
INFO  DumpRange.java> 820a7438 lwzx r3,r11,r19 (GhidraScript)  
INFO  DumpRange.java> 820a743c lwz r11,0x0(r3) (GhidraScript)  
INFO  DumpRange.java> 820a7440 lwz r11,0x8(r11) (GhidraScript)  
INFO  DumpRange.java> 820a7444 mtspr CTR,r11 (GhidraScript)  
INFO  DumpRange.java> 820a7448 bctrl (GhidraScript)  
INFO  DumpRange.java> 820a744c cmpw cr6,r31,r3 (GhidraScript)  
INFO  DumpRange.java> 820a7450 beq cr6,0x820a7468 (GhidraScript)  
INFO  DumpRange.java> 820a7454 addi r31,r31,0x1 (GhidraScript)  
INFO  DumpRange.java> 820a7458 addi r30,r30,0x3c (GhidraScript)  
INFO  DumpRange.java> 820a745c cmpwi cr6,r31,0x10 (GhidraScript)  
INFO  DumpRange.java> 820a7460 blt cr6,0x820a7410 (GhidraScript)  
INFO  DumpRange.java> 820a7464 b 0x820a7470 (GhidraScript)  
INFO  DumpRange.java> 820a7468 or r28,r31,r31 (GhidraScript)  
INFO  DumpRange.java> 820a746c stw r28,0x50(r1) (GhidraScript)  
INFO  DumpRange.java> 820a7470 lwz r11,0x4eb4(r18) (GhidraScript)  
INFO  DumpRange.java> 820a7474 lwzx r3,r11,r19 (GhidraScript)  
INFO  DumpRange.java> 820a7478 lwz r11,0x0(r3) (GhidraScript)  
INFO  DumpRange.java> 820a747c lwz r11,0x8(r11) (GhidraScript)  
INFO  DumpRange.java> 820a7480 mtspr CTR,r11 (GhidraScript)  
INFO  DumpRange.java> 820a7484 bctrl (GhidraScript)  
INFO  DumpRange.java> 820a7488 subf r11,r28,r3 (GhidraScript)  
INFO  DumpRange.java> 820a748c addi r22,r22,0x1 (GhidraScript)  
INFO  DumpRange.java> 820a7490 cntlzw r11,r11 (GhidraScript)  
INFO  DumpRange.java> 820a7494 rlwinm r11,r11,0x1b,0x1f,0x1f (GhidraScript)  
INFO  DumpRange.java> 820a7498 xori r11,r11,0x1 (GhidraScript)  
INFO  DumpRange.java> 820a749c stw r22,0x60(r1) (GhidraScript)  
INFO  DumpRange.java> 820a74a0 addi r15,r11,0x1 (GhidraScript)  
INFO  DumpRange.java> 820a74a4 b 0x820a75a0 (GhidraScript)  
INFO  DumpRange.java> 820a74a8 lis r14,0x2000 (GhidraScript)  
INFO  DumpRange.java> 820a74ac li r15,0x6 (GhidraScript)  
INFO  DumpRange.java> 820a74b0 b 0x820a75a0 (GhidraScript)  
INFO  DumpRange.java> 820a74b4 lis r14,0x2000 (GhidraScript)  
INFO  DumpRange.java> 820a74b8 b 0x820a759c (GhidraScript)  
INFO  DumpRange.java> 820a74bc lbz r11,0x8(r11) (GhidraScript)  
INFO  DumpRange.java> 820a74c0 lis r14,0x4000 (GhidraScript)  
INFO  DumpRange.java> 820a74c4 cmplwi cr6,r11,0x0 (GhidraScript)  
INFO  DumpRange.java> 820a74c8 bne cr6,0x820a7584 (GhidraScript)  
INFO  DumpRange.java> 820a74cc or r31,r24,r24 (GhidraScript)  
INFO  DumpRange.java> 820a74d0 addi r30,r29,0x80 (GhidraScript)  
INFO  DumpRange.java> 820a74d4 lwz r11,-0x4(r30) (GhidraScript)  
INFO  DumpRange.java> 820a74d8 cmpwi cr6,r11,0x1 (GhidraScript)  
INFO  DumpRange.java> 820a74dc bne cr6,0x820a7518 (GhidraScript)  
INFO  DumpRange.java> 820a74e0 lwz r11,0x0(r30) (GhidraScript)  
INFO  DumpRange.java> 820a74e4 cmpw cr6,r11,r23 (GhidraScript)  
INFO  DumpRange.java> 820a74e8 bne cr6,0x820a7518 (GhidraScript)  
INFO  DumpRange.java> 820a74ec lwz r11,0xc(r30) (GhidraScript)  
INFO  DumpRange.java> 820a74f0 cmpwi cr6,r11,0x1 (GhidraScript)  
INFO  DumpRange.java> 820a74f4 beq cr6,0x820a752c (GhidraScript)  
INFO  DumpRange.java> 820a74f8 lwz r11,0x4eb4(r18) (GhidraScript)  
INFO  DumpRange.java> 820a74fc lwzx r3,r11,r19 (GhidraScript)  
INFO  DumpRange.java> 820a7500 lwz r11,0x0(r3) (GhidraScript)  
INFO  DumpRange.java> 820a7504 lwz r11,0x8(r11) (GhidraScript)  
INFO  DumpRange.java> 820a7508 mtspr CTR,r11 (GhidraScript)  
INFO  DumpRange.java> 820a750c bctrl (GhidraScript)  
INFO  DumpRange.java> 820a7510 cmpw cr6,r31,r3 (GhidraScript)  
INFO  DumpRange.java> 820a7514 beq cr6,0x820a752c (GhidraScript)  
INFO  DumpRange.java> 820a7518 addi r31,r31,0x1 (GhidraScript)  
INFO  DumpRange.java> 820a751c addi r30,r30,0x3c (GhidraScript)  
INFO  DumpRange.java> 820a7520 cmpwi cr6,r31,0x10 (GhidraScript)  
INFO  DumpRange.java> 820a7524 blt cr6,0x820a74d4 (GhidraScript)  
INFO  DumpRange.java> 820a7528 b 0x820a7534 (GhidraScript)  
INFO  DumpRange.java> 820a752c or r28,r31,r31 (GhidraScript)  
INFO  DumpRange.java> 820a7530 stw r28,0x50(r1) (GhidraScript)  
INFO  DumpRange.java> 820a7534 lwz r11,0x4eb4(r18) (GhidraScript)  
INFO  DumpRange.java> 820a7538 lwzx r3,r11,r19 (GhidraScript)  
INFO  DumpRange.java> 820a753c lwz r11,0x0(r3) (GhidraScript)  
INFO  DumpRange.java> 820a7540 lwz r11,0x8(r11) (GhidraScript)  
INFO  DumpRange.java> 820a7544 mtspr CTR,r11 (GhidraScript)  
INFO  DumpRange.java> 820a7548 bctrl (GhidraScript)  
INFO  DumpRange.java> 820a754c subf r11,r28,r3 (GhidraScript)  
INFO  DumpRange.java> 820a7550 addi r23,r23,0x1 (GhidraScript)  
INFO  DumpRange.java> 820a7554 cntlzw r11,r11 (GhidraScript)  
INFO  DumpRange.java> 820a7558 rlwinm r11,r11,0x1b,0x1f,0x1f (GhidraScript)  
INFO  DumpRange.java> 820a755c xori r11,r11,0x1 (GhidraScript)  
INFO  DumpRange.java> 820a7560 stw r23,0x64(r1) (GhidraScript)  
INFO  DumpRange.java> 820a7564 addi r15,r11,0x1 (GhidraScript)  
INFO  DumpRange.java> 820a7568 b 0x820a75a0 (GhidraScript)  
INFO  DumpRange.java> 820a756c lis r14,0x4000 (GhidraScript)  
INFO  DumpRange.java> 820a7570 li r15,0x6 (GhidraScript)  
INFO  DumpRange.java> 820a7574 b 0x820a75a0 (GhidraScript)  
INFO  DumpRange.java> 820a7578 lis r14,0x4000 (GhidraScript)  
INFO  DumpRange.java> 820a757c b 0x820a759c (GhidraScript)  
INFO  DumpRange.java> 820a7580 lis r14,-0x8000 (GhidraScript)  
INFO  DumpRange.java> 820a7584 li r15,0x5 (GhidraScript)  
INFO  DumpRange.java> 820a7588 b 0x820a75a0 (GhidraScript)  
INFO  DumpRange.java> 820a758c lis r14,-0x8000 (GhidraScript)  
INFO  DumpRange.java> 820a7590 li r15,0x6 (GhidraScript)  
INFO  DumpRange.java> 820a7594 b 0x820a75a0 (GhidraScript)  
INFO  DumpRange.java> 820a7598 lis r14,-0x8000 (GhidraScript)  
INFO  DumpRange.java> 820a759c li r15,0x4 (GhidraScript)  
INFO  DumpRange.java> 820a75a0 lwz r11,0x424(r29) (GhidraScript)  
INFO  DumpRange.java> 820a75a4 cmpwi cr6,r11,0x1 (GhidraScript)  
INFO  DumpRange.java> 820a75a8 beq cr6,0x820a75b4 (GhidraScript)  
INFO  DumpRange.java> 820a75ac cmpwi cr6,r11,0x5 (GhidraScript)  
INFO  DumpRange.java> 820a75b0 bne cr6,0x820a7608 (GhidraScript)  
INFO  DumpRange.java> 820a75b4 subi r11,r15,0x1 (GhidraScript)  
INFO  DumpRange.java> 820a75b8 cmplwi cr6,r11,0x5 (GhidraScript)  
INFO  DumpRange.java> 820a75bc bgt cr6,0x820a7604 (GhidraScript)  
INFO  DumpRange.java> 820a75c0 lis r12,-0x7df6 (GhidraScript)  
INFO  DumpRange.java> 820a75c4 addi r12,r12,0x75d8 (GhidraScript)  
INFO  DumpRange.java> 820a75c8 rlwinm r0,r11,0x2,0x0,0x1d (GhidraScript)  
INFO  DumpRange.java> 820a75cc lwzx r0,r12,r0 (GhidraScript)  
INFO  DumpRange.java> 820a75d0 mtspr CTR,r0 (GhidraScript)  
INFO  DumpRange.java> 820a75d4 bctr (GhidraScript)  
INFO  DumpRange.java> 820a75d8 <not-disassembled> (GhidraScript)  
INFO  DumpRange.java> 820a75dc <not-disassembled> (GhidraScript)  
INFO  DumpRange.java> 820a75e0 <not-disassembled> (GhidraScript)  
INFO  DumpRange.java> 820a75e4 <not-disassembled> (GhidraScript)  
INFO  DumpRange.java> 820a75e8 <not-disassembled> (GhidraScript)  
INFO  DumpRange.java> 820a75ec <not-disassembled> (GhidraScript)  
INFO  DumpRange.java> 820a75f0 cmpwi cr6,r28,-0x1 (GhidraScript)  
INFO  DumpRange.java> 820a75f4 beq cr6,0x820a7604 (GhidraScript)  
INFO  DumpRange.java> 820a75f8 li r11,0x1 (GhidraScript)  
INFO  DumpRange.java> 820a75fc slw r14,r11,r28 (GhidraScript)  
INFO  DumpRange.java> 820a7600 b 0x820a7608 (GhidraScript)  
INFO  DumpRange.java> 820a7604 or r14,r24,r24 (GhidraScript)  
INFO  DumpRange.java> 820a7608 or r16,r24,r24 (GhidraScript)  
INFO  DumpRange.java> 820a760c cmpwi cr6,r20,0x0 (GhidraScript)  
INFO  DumpRange.java> 820a7610 beq cr6,0x820a761c (GhidraScript)  
INFO  DumpRange.java> 820a7614 cmpwi cr6,r20,0x1 (GhidraScript)  
INFO  DumpRange.java> 820a7618 bne cr6,0x820a7654 (GhidraScript)  
INFO  DumpRange.java> 820a761c lwz r11,0x0(r25) (GhidraScript)  
INFO  DumpRange.java> 820a7620 cntlzw r10,r20 (GhidraScript)  
INFO  DumpRange.java> 820a7624 or r4,r15,r15 (GhidraScript)  
INFO  DumpRange.java> 820a7628 rlwinm r5,r10,0x1b,0x1f,0x1f (GhidraScript)  
INFO  DumpRange.java> 820a762c or r3,r25,r25 (GhidraScript)  
INFO  DumpRange.java> 820a7630 lwz r11,0x10(r11) (GhidraScript)  
INFO  DumpRange.java> 820a7634 mtspr CTR,r11 (GhidraScript)  
INFO  DumpRange.java> 820a7638 bctrl (GhidraScript)  
INFO  DumpRange.java> 820a763c or r16,r3,r3 (GhidraScript)  
INFO  DumpRange.java> 820a7640 or r3,r25,r25 (GhidraScript)  
INFO  DumpRange.java> 820a7644 or r4,r16,r16 (GhidraScript)  
INFO  DumpRange.java> 820a7648 stw r21,0xd0(r16) (GhidraScript)  
INFO  DumpRange.java> 820a764c stw r14,0xd4(r16) (GhidraScript)  
INFO  DumpRange.java> 820a7650 bl 0x8226fec0 (GhidraScript)  
INFO  DumpRange.java> 820a7654 lwz r11,0x4eb4(r18) (GhidraScript)  
INFO  DumpRange.java> 820a7658 lwzx r3,r11,r19 (GhidraScript)  
INFO  DumpRange.java> 820a765c lwz r11,0x0(r3) (GhidraScript)  
INFO  DumpRange.java> 820a7660 lwz r11,0x4(r11) (GhidraScript)  
INFO  DumpRange.java> 820a7664 mtspr CTR,r11 (GhidraScript)  
INFO  DumpRange.java> 820a7668 bctrl (GhidraScript)  
INFO  DumpRange.java> 820a766c cmpwi cr6,r3,0x2 (GhidraScript)  
INFO  DumpRange.java> 820a7670 beq cr6,0x820a7698 (GhidraScript)  
INFO  DumpRange.java> 820a7674 lwz r11,0x4eb4(r18) (GhidraScript)  
INFO  DumpRange.java> 820a7678 lwzx r3,r11,r19 (GhidraScript)  
INFO  DumpRange.java> 820a767c lwz r11,0x0(r3) (GhidraScript)  
INFO  DumpRange.java> 820a7680 lwz r11,0x4(r11) (GhidraScript)  
INFO  DumpRange.java> 820a7684 mtspr CTR,r11 (GhidraScript)  
INFO  DumpRange.java> 820a7688 bctrl (GhidraScript)  
INFO  DumpRange.java> 820a768c cmpwi cr6,r3,0x3 (GhidraScript)  
INFO  DumpRange.java> 820a7690 or r11,r24,r24 (GhidraScript)  
INFO  DumpRange.java> 820a7694 bne cr6,0x820a769c (GhidraScript)  
INFO  DumpRange.java> 820a7698 li r11,0x1 (GhidraScript)  
INFO  DumpRange.java> 820a769c rlwinm r11,r11,0x0,0x18,0x1f (GhidraScript)  
INFO  DumpRange.java> 820a76a0 cmplwi cr6,r11,0x0 (GhidraScript)  
INFO  DumpRange.java> 820a76a4 beq cr6,0x820a76c0 (GhidraScript)  
INFO  DumpRange.java> 820a76a8 cmpwi cr6,r28,-0x1 (GhidraScript)  
INFO  DumpRange.java> 820a76ac bne cr6,0x820a76c0 (GhidraScript)  
INFO  DumpRange.java> 820a76b0 cmpwi cr6,r15,0x1 (GhidraScript)  
INFO  DumpRange.java> 820a76b4 beq cr6,0x820a7e30 (GhidraScript)  
INFO  DumpRange.java> 820a76b8 cmpwi cr6,r15,0x2 (GhidraScript)  
INFO  DumpRange.java> 820a76bc beq cr6,0x820a7e30 (GhidraScript)  
INFO  DumpRange.java> 820a76c0 lwz r11,0x164(r1) (GhidraScript)  
INFO  DumpRange.java> 820a76c4 lwz r25,0x8(r26) (GhidraScript)  
INFO  DumpRange.java> 820a76c8 cmplwi cr6,r25,0x0 (GhidraScript)  
INFO  DumpRange.java> 820a76cc lwz r17,0x4(r11) (GhidraScript)  
INFO  DumpRange.java> 820a76d0 beq cr6,0x820a7e30 (GhidraScript)  
INFO  DumpRange.java> 820a76d4 lwz r11,0x0(r25) (GhidraScript)  
INFO  DumpRange.java> 820a76d8 lbz r11,0x0(r11) (GhidraScript)  
INFO  DumpRange.java> 820a76dc cmplwi cr6,r11,0x0 (GhidraScript)  
INFO  DumpRange.java> 820a76e0 beq cr6,0x820a7c3c (GhidraScript)  
INFO  DumpRange.java> 820a76e4 cntlzw r11,r20 (GhidraScript)  
INFO  DumpRange.java> 820a76e8 subi r21,r15,0x1 (GhidraScript)  
INFO  DumpRange.java> 820a76ec rlwinm r20,r11,0x1b,0x1f,0x1f (GhidraScript)  
INFO  DumpRange.java> 820a76f0 or r23,r24,r24 (GhidraScript)  
INFO  DumpRange.java> 820a76f4 or r22,r24,r24 (GhidraScript)  
INFO  DumpRange.java> 820a76f8 lwz r11,0x8(r25) (GhidraScript)  
INFO  DumpRange.java> 820a76fc li r30,0x4 (GhidraScript)  
INFO  DumpRange.java> 820a7700 lwz r3,0x154(r1) (GhidraScript)  
INFO  DumpRange.java> 820a7704 cmplwi cr6,r21,0x5 (GhidraScript)  
INFO  DumpRange.java> 820a7708 add r26,r22,r11 (GhidraScript)  
INFO  DumpRange.java> 820a770c lwz r28,0x0(r26) (GhidraScript)  
INFO  DumpRange.java> 820a7710 bgt cr6,0x820a7774 (GhidraScript)  
INFO  DumpRange.java> 820a7714 lis r12,-0x7df6 (GhidraScript)  
INFO  DumpRange.java> 820a7718 addi r12,r12,0x772c (GhidraScript)  
INFO  DumpRange.java> 820a771c rlwinm r0,r21,0x2,0x0,0x1d (GhidraScript)  
INFO  DumpRange.java> 820a7720 lwzx r0,r12,r0 (GhidraScript)  
INFO  DumpRange.java> 820a7724 mtspr CTR,r0 (GhidraScript)  
INFO  DumpRange.java> 820a7728 bctr (GhidraScript)  
INFO  DumpRange.java> 820a772c <not-disassembled> (GhidraScript)  
INFO  DumpRange.java> 820a7730 <not-disassembled> (GhidraScript)  
INFO  DumpRange.java> 820a7734 <not-disassembled> (GhidraScript)  
INFO  DumpRange.java> 820a7738 <not-disassembled> (GhidraScript)  
INFO  DumpRange.java> 820a773c <not-disassembled> (GhidraScript)  
INFO  DumpRange.java> 820a7740 <not-disassembled> (GhidraScript)  
INFO  DumpRange.java> 820a7744 cntlzw r11,r24 (GhidraScript)  
INFO  DumpRange.java> 820a7748 rlwinm r30,r11,0x1b,0x1f,0x1f (GhidraScript)  
INFO  DumpRange.java> 820a774c b 0x820a7774 (GhidraScript)  
INFO  DumpRange.java> 820a7750 cntlzw r11,r24 (GhidraScript)  
INFO  DumpRange.java> 820a7754 rlwinm r30,r11,0x1c,0x1e,0x1e (GhidraScript)  
INFO  DumpRange.java> 820a7758 b 0x820a7774 (GhidraScript)  
INFO  DumpRange.java> 820a775c subfic r11,r24,0x0 (GhidraScript)  
INFO  DumpRange.java> 820a7760 subfe r11,r11,r11 (GhidraScript)  
INFO  DumpRange.java> 820a7764 rlwinm r11,r11,0x0,0x1f,0x1d (GhidraScript)  
INFO  DumpRange.java> 820a7768 addi r30,r11,0x3 (GhidraScript)  
INFO  DumpRange.java> 820a776c b 0x820a7774 (GhidraScript)  
INFO  DumpRange.java> 820a7770 li r30,0x4 (GhidraScript)  
INFO  DumpRange.java> 820a7774 lwz r11,0x0(r3) (GhidraScript)  
INFO  DumpRange.java> 820a7778 or r6,r20,r20 (GhidraScript)  
INFO  DumpRange.java> 820a777c lbz r5,0x56(r28) (GhidraScript)  
INFO  DumpRange.java> 820a7780 or r4,r30,r30 (GhidraScript)  
INFO  DumpRange.java> 820a7784 lwz r11,0x14(r11) (GhidraScript)  
INFO  DumpRange.java> 820a7788 mtspr CTR,r11 (GhidraScript)  
INFO  DumpRange.java> 820a778c bctrl (GhidraScript)  
INFO  DumpRange.java> 820a7790 or r31,r3,r3 (GhidraScript)  
INFO  DumpRange.java> 820a7794 cmplwi cr6,r31,0x0 (GhidraScript)  
INFO  DumpRange.java> 820a7798 beq cr6,0x820a7c00 (GhidraScript)  
INFO  DumpRange.java> 820a779c lwz r10,0x4(r25) (GhidraScript)  
INFO  DumpRange.java> 820a77a0 addi r11,r31,0x10 (GhidraScript)  
INFO  DumpRange.java> 820a77a4 lwz r5,0x70(r1) (GhidraScript)  
INFO  DumpRange.java> 820a77a8 li r4,0x10 (GhidraScript)  
INFO  DumpRange.java> 820a77ac addi r9,r11,0x10 (GhidraScript)  
INFO  DumpRange.java> 820a77b0 addi r7,r31,0x60 (GhidraScript)  
INFO  DumpRange.java> 820a77b4 addi r8,r11,0x10 (GhidraScript)  
INFO  DumpRange.java> 820a77b8 lwzx r27,r10,r23 (GhidraScript)  
INFO  DumpRange.java> 820a77bc stfs f31,0x40(r11) (GhidraScript)  
INFO  DumpRange.java> 820a77c0 stfs f31,0x44(r11) (GhidraScript)  
INFO  DumpRange.java> 820a77c4 addi r10,r7,0x10 (GhidraScript)  
INFO  DumpRange.java> 820a77c8 stfs f31,0x48(r11) (GhidraScript)  
INFO  DumpRange.java> 820a77cc subi r6,r30,0x1 (GhidraScript)  
INFO  DumpRange.java> 820a77d0 <not-disassembled> (GhidraScript)  
INFO  DumpRange.java> 820a77d4 lwz r5,0x74(r1) (GhidraScript)  
INFO  DumpRange.java> 820a77d8 <not-disassembled> (GhidraScript)  
INFO  DumpRange.java> 820a77dc cmplwi cr6,r6,0x3 (GhidraScript)  
INFO  DumpRange.java> 820a77e0 <not-disassembled> (GhidraScript)  
INFO  DumpRange.java> 820a77e4 lwz r5,0x78(r1) (GhidraScript)  
INFO  DumpRange.java> 820a77e8 <not-disassembled> (GhidraScript)  
INFO  DumpRange.java> 820a77ec <not-disassembled> (GhidraScript)  
INFO  DumpRange.java> 820a77f0 li r5,0x20 (GhidraScript)  
INFO  DumpRange.java> 820a77f4 <not-disassembled> (GhidraScript)  
INFO  DumpRange.java> 820a77f8 <not-disassembled> (GhidraScript)  
INFO  DumpRange.java> 820a77fc <not-disassembled> (GhidraScript)  
INFO  DumpRange.java> 820a7800 <not-disassembled> (GhidraScript)  
INFO  DumpRange.java> 820a7804 <not-disassembled> (GhidraScript)  
INFO  DumpRange.java> 820a7808 <not-disassembled> (GhidraScript)  
INFO  DumpRange.java> 820a780c <not-disassembled> (GhidraScript)  
INFO  DumpRange.java> 820a7810 li r10,0x40 (GhidraScript)  
INFO  DumpRange.java> 820a7814 <not-disassembled> (GhidraScript)  
INFO  DumpRange.java> 820a7818 <not-disassembled> (GhidraScript)  
INFO  DumpRange.java> 820a781c bgt cr6,0x820a7890 (GhidraScript)  
INFO  DumpRange.java> 820a7820 lis r12,-0x7df6 (GhidraScript)  
INFO  DumpRange.java> 820a7824 addi r12,r12,0x7838 (GhidraScript)  
INFO  DumpRange.java> 820a7828 rlwinm r0,r6,0x2,0x0,0x1d (GhidraScript)  
INFO  DumpRange.java> 820a782c lwzx r0,r12,r0 (GhidraScript)  
INFO  DumpRange.java> 820a7830 mtspr CTR,r0 (GhidraScript)  
INFO  DumpRange.java> 820a7834 bctr (GhidraScript)  
INFO  DumpRange.java> 820a7838 <not-disassembled> (GhidraScript)  
INFO  DumpRange.java> 820a783c <not-disassembled> (GhidraScript)  
INFO  DumpRange.java> 820a7840 <not-disassembled> (GhidraScript)  
INFO  DumpRange.java> 820a7844 <not-disassembled> (GhidraScript)  
INFO  DumpRange.java> 820a7848 lwz r11,0x4eb4(r18) (GhidraScript)  
INFO  DumpRange.java> 820a784c li r4,0x0 (GhidraScript)  
INFO  DumpRange.java> 820a7850 addi r3,r11,0x70 (GhidraScript)  
INFO  DumpRange.java> 820a7854 bl 0x82090438 (GhidraScript)  
INFO  DumpRange.java> 820a7858 b 0x820a7894 (GhidraScript)  
INFO  DumpRange.java> 820a785c lwz r11,0x4eb4(r18) (GhidraScript)  
INFO  DumpRange.java> 820a7860 li r4,0x1 (GhidraScript)  
INFO  DumpRange.java> 820a7864 addi r3,r11,0x70 (GhidraScript)  
INFO  DumpRange.java> 820a7868 bl 0x82090438 (GhidraScript)  
INFO  DumpRange.java> 820a786c b 0x820a7894 (GhidraScript)  
INFO  DumpRange.java> 820a7870 lwz r11,0x50(r1) (GhidraScript)  
INFO  DumpRange.java> 820a7874 mulli r10,r11,0x3c (GhidraScript)  
INFO  DumpRange.java> 820a7878 lwz r11,0x4eb4(r18) (GhidraScript)  
INFO  DumpRange.java> 820a787c add r11,r10,r11 (GhidraScript)  
INFO  DumpRange.java> 820a7880 lwz r3,0x108(r11) (GhidraScript)  
INFO  DumpRange.java> 820a7884 b 0x820a7894 (GhidraScript)  
INFO  DumpRange.java> 820a7888 lhz r3,0x48(r28) (GhidraScript)  
INFO  DumpRange.java> 820a788c b 0x820a7894 (GhidraScript)  
INFO  DumpRange.java> 820a7890 li r3,-0x1 (GhidraScript)  
INFO  DumpRange.java> 820a7894 stw r3,0xb4(r31) (GhidraScript)  
INFO  DumpRange.java> 820a7898 lwz r11,0x4eb4(r18) (GhidraScript)  
INFO  DumpRange.java> 820a789c lwzx r3,r11,r19 (GhidraScript)  
INFO  DumpRange.java> 820a78a0 lwz r11,0x0(r3) (GhidraScript)  
INFO  DumpRange.java> 820a78a4 lwz r11,0x4(r11) (GhidraScript)  
INFO  DumpRange.java> 820a78a8 mtspr CTR,r11 (GhidraScript)  
INFO  DumpRange.java> 820a78ac bctrl (GhidraScript)  
INFO  DumpRange.java> 820a78b0 cmpwi cr6,r3,0x2 (GhidraScript)  
INFO  DumpRange.java> 820a78b4 beq cr6,0x820a78dc (GhidraScript)  
INFO  DumpRange.java> 820a78b8 lwz r11,0x4eb4(r18) (GhidraScript)  
INFO  DumpRange.java> 820a78bc lwzx r3,r11,r19 (GhidraScript)  
INFO  DumpRange.java> 820a78c0 lwz r11,0x0(r3) (GhidraScript)  
INFO  DumpRange.java> 820a78c4 lwz r11,0x4(r11) (GhidraScript)  
INFO  DumpRange.java> 820a78c8 mtspr CTR,r11 (GhidraScript)  
INFO  DumpRange.java> 820a78cc bctrl (GhidraScript)  
INFO  DumpRange.java> 820a78d0 cmpwi cr6,r3,0x3 (GhidraScript)  
INFO  DumpRange.java> 820a78d4 li r11,0x0 (GhidraScript)  
INFO  DumpRange.java> 820a78d8 bne cr6,0x820a78e0 (GhidraScript)  
INFO  DumpRange.java> 820a78dc li r11,0x1 (GhidraScript)  
INFO  DumpRange.java> 820a78e0 rlwinm r11,r11,0x0,0x18,0x1f (GhidraScript)  
INFO  DumpRange.java> 820a78e4 cmplwi cr6,r11,0x0 (GhidraScript)  
INFO  DumpRange.java> 820a78e8 beq cr6,0x820a7914 (GhidraScript)  
INFO  DumpRange.java> 820a78ec cmpwi cr6,r30,0x1 (GhidraScript)  
INFO  DumpRange.java> 820a78f0 beq cr6,0x820a78fc (GhidraScript)  
INFO  DumpRange.java> 820a78f4 cmpwi cr6,r30,0x2 (GhidraScript)  
INFO  DumpRange.java> 820a78f8 bne cr6,0x820a7914 (GhidraScript)  
INFO  DumpRange.java> 820a78fc lwz r11,0x0(r31) (GhidraScript)  
INFO  DumpRange.java> 820a7900 or r3,r31,r31 (GhidraScript)  
INFO  DumpRange.java> 820a7904 lwz r4,0x50(r1) (GhidraScript)  
INFO  DumpRange.java> 820a7908 lwz r11,0x3c(r11) (GhidraScript)  
INFO  DumpRange.java> 820a790c mtspr CTR,r11 (GhidraScript)  
INFO  DumpRange.java> 820a7910 bctrl (GhidraScript)  
INFO  DumpRange.java> 820a7914 cmpwi cr6,r30,0x1 (GhidraScript)  
INFO  DumpRange.java> 820a7918 beq cr6,0x820a79d0 (GhidraScript)  
INFO  DumpRange.java> 820a791c cmpwi cr6,r30,0x3 (GhidraScript)  
INFO  DumpRange.java> 820a7920 beq cr6,0x820a79d0 (GhidraScript)  
INFO  DumpRange.java> 820a7924 cmpwi cr6,r30,0x2 (GhidraScript)  
INFO  DumpRange.java> 820a7928 bne cr6,0x820a7944 (GhidraScript)  
INFO  DumpRange.java> 820a792c li r5,0x98 (GhidraScript)  
INFO  DumpRange.java> 820a7930 lwz r6,0x50(r1) (GhidraScript)  
INFO  DumpRange.java> 820a7934 or r4,r31,r31 (GhidraScript)  
INFO  DumpRange.java> 820a7938 lwz r3,0x154(r1) (GhidraScript)  
INFO  DumpRange.java> 820a793c bl 0x820a8bb8 (GhidraScript)  
INFO  DumpRange.java> 820a7940 b 0x820a7a0c (GhidraScript)  
INFO  DumpRange.java> 820a7944 lbz r11,0x61(r28) (GhidraScript)  
INFO  DumpRange.java> 820a7948 cmplwi cr6,r11,0xff (GhidraScript)  
INFO  DumpRange.java> 820a794c beq cr6,0x820a7a0c (GhidraScript)  
INFO  DumpRange.java> 820a7950 li r29,0x0 (GhidraScript)  
INFO  DumpRange.java> 820a7954 bl 0x820a7eb0 (GhidraScript)  
INFO  DumpRange.java> 820a7958 or r30,r3,r3 (GhidraScript)  
INFO  DumpRange.java> 820a795c lbz r4,0x61(r28) (GhidraScript)  
INFO  DumpRange.java> 820a7960 addi r3,r1,0x80 (GhidraScript)  
INFO  DumpRange.java> 820a7964 bl 0x8228e9b8 (GhidraScript)  
INFO  DumpRange.java> 820a7968 lbz r4,0x62(r28) (GhidraScript)  
INFO  DumpRange.java> 820a796c or r28,r3,r3 (GhidraScript)  
INFO  DumpRange.java> 820a7970 cmplwi cr6,r4,0xff (GhidraScript)  
INFO  DumpRange.java> 820a7974 beq cr6,0x820a7984 (GhidraScript)  
INFO  DumpRange.java> 820a7978 addi r3,r1,0x80 (GhidraScript)  
INFO  DumpRange.java> 820a797c bl 0x8228e9b8 (GhidraScript)  
INFO  DumpRange.java> 820a7980 or r29,r3,r3 (GhidraScript)  
INFO  DumpRange.java> 820a7984 lwz r10,0x58(r1) (GhidraScript)  
INFO  DumpRange.java> 820a7988 li r9,0x1 (GhidraScript)  
INFO  DumpRange.java> 820a798c li r7,0x98 (GhidraScript)  
INFO  DumpRange.java> 820a7990 or r6,r29,r29 (GhidraScript)  
INFO  DumpRange.java> 820a7994 or r5,r28,r28 (GhidraScript)  
INFO  DumpRange.java> 820a7998 or r4,r30,r30 (GhidraScript)  
INFO  DumpRange.java> 820a799c lwz r11,0x728(r10) (GhidraScript)  
INFO  DumpRange.java> 820a79a0 stb r9,0x1c(r11) (GhidraScript)  
INFO  DumpRange.java> 820a79a4 lwz r3,0x728(r10) (GhidraScript)  
INFO  DumpRange.java> 820a79a8 lwz r11,0x0(r3) (GhidraScript)  
INFO  DumpRange.java> 820a79ac lwz r11,0x10(r11) (GhidraScript)  
INFO  DumpRange.java> 820a79b0 mtspr CTR,r11 (GhidraScript)  
INFO  DumpRange.java> 820a79b4 bctrl (GhidraScript)  
INFO  DumpRange.java> 820a79b8 lwz r11,0x58(r1) (GhidraScript)  
INFO  DumpRange.java> 820a79bc li r10,0x0 (GhidraScript)  
INFO  DumpRange.java> 820a79c0 lwz r11,0x728(r11) (GhidraScript)  
INFO  DumpRange.java> 820a79c4 stb r10,0x1c(r11) (GhidraScript)  
INFO  DumpRange.java> 820a79c8 stw r30,0x15c(r31) (GhidraScript)  
INFO  DumpRange.java> 820a79cc b 0x820a7a0c (GhidraScript)  
INFO  DumpRange.java> 820a79d0 lwz r11,0x4eb4(r18) (GhidraScript)  
INFO  DumpRange.java> 820a79d4 lwzx r3,r11,r19 (GhidraScript)  
INFO  DumpRange.java> 820a79d8 lwz r11,0x0(r3) (GhidraScript)  
INFO  DumpRange.java> 820a79dc lwz r11,0x4(r11) (GhidraScript)  
INFO  DumpRange.java> 820a79e0 mtspr CTR,r11 (GhidraScript)  
INFO  DumpRange.java> 820a79e4 bctrl (GhidraScript)  
INFO  DumpRange.java> 820a79e8 cmpwi cr6,r3,0x4 (GhidraScript)  
INFO  DumpRange.java> 820a79ec bne cr6,0x820a79fc (GhidraScript)  
INFO  DumpRange.java> 820a79f0 cmpwi cr6,r30,0x1 (GhidraScript)  
INFO  DumpRange.java> 820a79f4 li r4,0x99 (GhidraScript)  
INFO  DumpRange.java> 820a79f8 beq cr6,0x820a7a00 (GhidraScript)  
INFO  DumpRange.java> 820a79fc li r4,0x98 (GhidraScript)  
INFO  DumpRange.java> 820a7a00 or r5,r20,r20 (GhidraScript)  
INFO  DumpRange.java> 820a7a04 or r3,r31,r31 (GhidraScript)  
INFO  DumpRange.java> 820a7a08 bl 0x820a8678 (GhidraScript)  
INFO  DumpRange.java> 820a7a0c lwz r10,0x54(r1) (GhidraScript)  
INFO  DumpRange.java> 820a7a10 or r4,r26,r26 (GhidraScript)  
INFO  DumpRange.java> 820a7a14 lwz r30,0x68(r1) (GhidraScript)  
INFO  DumpRange.java> 820a7a18 or r3,r31,r31 (GhidraScript)  
INFO  DumpRange.java> 820a7a1c stw r27,0x184(r31) (GhidraScript)  
INFO  DumpRange.java> 820a7a20 stw r14,0xc4(r31) (GhidraScript)  
INFO  DumpRange.java> 820a7a24 stw r24,0x174(r31) (GhidraScript)  
INFO  DumpRange.java> 820a7a28 stw r10,0x170(r31) (GhidraScript)  
INFO  DumpRange.java> 820a7a2c lwz r10,0x0(r30) (GhidraScript)  
INFO  DumpRange.java> 820a7a30 lwz r11,0x0(r31) (GhidraScript)  
INFO  DumpRange.java> 820a7a34 lbz r10,0xd(r10) (GhidraScript)  
INFO  DumpRange.java> 820a7a38 lwz r11,0x50(r11) (GhidraScript)  
INFO  DumpRange.java> 820a7a3c stw r10,0x178(r31) (GhidraScript)  
INFO  DumpRange.java> 820a7a40 mtspr CTR,r11 (GhidraScript)  
INFO  DumpRange.java> 820a7a44 bctrl (GhidraScript)  
INFO  DumpRange.java> 820a7a48 lwz r11,0x0(r30) (GhidraScript)  
INFO  DumpRange.java> 820a7a4c lbz r11,0x9(r11) (GhidraScript)  
INFO  DumpRange.java> 820a7a50 cmplwi cr6,r11,0x0 (GhidraScript)  
INFO  DumpRange.java> 820a7a54 lwz r11,0x118(r31) (GhidraScript)  
INFO  DumpRange.java> 820a7a58 bne cr6,0x820a7a64 (GhidraScript)  
INFO  DumpRange.java> 820a7a5c ori r11,r11,0x10 (GhidraScript)  
INFO  DumpRange.java> 820a7a60 b 0x820a7a68 (GhidraScript)  
INFO  DumpRange.java> 820a7a64 rlwinm r11,r11,0x0,0x1c,0x1a (GhidraScript)  
INFO  DumpRange.java> 820a7a68 stw r11,0x118(r31) (GhidraScript)  
INFO  DumpRange.java> 820a7a6c lwz r11,0x4eb4(r18) (GhidraScript)  
INFO  DumpRange.java> 820a7a70 lwzx r3,r11,r19 (GhidraScript)  
INFO  DumpRange.java> 820a7a74 lwz r11,0x0(r3) (GhidraScript)  
INFO  DumpRange.java> 820a7a78 lwz r11,0x4(r11) (GhidraScript)  
INFO  DumpRange.java> 820a7a7c mtspr CTR,r11 (GhidraScript)  
INFO  DumpRange.java> 820a7a80 bctrl (GhidraScript)  
INFO  DumpRange.java> 820a7a84 cmpwi cr6,r3,0x2 (GhidraScript)  
INFO  DumpRange.java> 820a7a88 beq cr6,0x820a7ab0 (GhidraScript)  
INFO  DumpRange.java> 820a7a8c lwz r11,0x4eb4(r18) (GhidraScript)  
INFO  DumpRange.java> 820a7a90 lwzx r3,r11,r19 (GhidraScript)  
INFO  DumpRange.java> 820a7a94 lwz r11,0x0(r3) (GhidraScript)  
INFO  DumpRange.java> 820a7a98 lwz r11,0x4(r11) (GhidraScript)  
INFO  DumpRange.java> 820a7a9c mtspr CTR,r11 (GhidraScript)  
INFO  DumpRange.java> 820a7aa0 bctrl (GhidraScript)  
INFO  DumpRange.java> 820a7aa4 cmpwi cr6,r3,0x3 (GhidraScript)  
INFO  DumpRange.java> 820a7aa8 li r11,0x0 (GhidraScript)  
INFO  DumpRange.java> 820a7aac bne cr6,0x820a7ab4 (GhidraScript)  
INFO  DumpRange.java> 820a7ab0 li r11,0x1 (GhidraScript)  
INFO  DumpRange.java> 820a7ab4 rlwinm r11,r11,0x0,0x18,0x1f (GhidraScript)  
INFO  DumpRange.java> 820a7ab8 cmplwi cr6,r11,0x0 (GhidraScript)  
INFO  DumpRange.java> 820a7abc beq cr6,0x820a7afc (GhidraScript)  
INFO  DumpRange.java> 820a7ac0 cmpwi cr6,r15,0x5 (GhidraScript)  
INFO  DumpRange.java> 820a7ac4 bne cr6,0x820a7ad4 (GhidraScript)  
INFO  DumpRange.java> 820a7ac8 lwz r11,0x11c(r31) (GhidraScript)  
INFO  DumpRange.java> 820a7acc ori r11,r11,0x4000 (GhidraScript)  
INFO  DumpRange.java> 820a7ad0 b 0x820a7af8 (GhidraScript)  
INFO  DumpRange.java> 820a7ad4 cmpwi cr6,r15,0x6 (GhidraScript)  
INFO  DumpRange.java> 820a7ad8 bne cr6,0x820a7ae8 (GhidraScript)  
INFO  DumpRange.java> 820a7adc lwz r11,0x11c(r31) (GhidraScript)  
INFO  DumpRange.java> 820a7ae0 ori r11,r11,0x8000 (GhidraScript)  
INFO  DumpRange.java> 820a7ae4 b 0x820a7af8 (GhidraScript)  
INFO  DumpRange.java> 820a7ae8 cmpwi cr6,r15,0x4 (GhidraScript)  
INFO  DumpRange.java> 820a7aec bne cr6,0x820a7afc (GhidraScript)  
INFO  DumpRange.java> 820a7af0 lwz r11,0x11c(r31) (GhidraScript)  
INFO  DumpRange.java> 820a7af4 oris r11,r11,0x1 (GhidraScript)  
INFO  DumpRange.java> 820a7af8 stw r11,0x11c(r31) (GhidraScript)  
INFO  DumpRange.java> 820a7afc lwz r30,0x164(r1) (GhidraScript)  
INFO  DumpRange.java> 820a7b00 or r4,r31,r31 (GhidraScript)  
INFO  DumpRange.java> 820a7b04 or r3,r30,r30 (GhidraScript)  
INFO  DumpRange.java> 820a7b08 bl 0x8226f050 (GhidraScript)  
INFO  DumpRange.java> 820a7b0c lbz r11,0x18(r27) (GhidraScript)  
INFO  DumpRange.java> 820a7b10 cmplwi cr6,r11,0xff (GhidraScript)  
INFO  DumpRange.java> 820a7b14 beq cr6,0x820a7b30 (GhidraScript)  
INFO  DumpRange.java> 820a7b18 subf r11,r24,r11 (GhidraScript)  
INFO  DumpRange.java> 820a7b1c add r11,r11,r3 (GhidraScript)  
INFO  DumpRange.java> 820a7b20 addi r11,r11,0x2 (GhidraScript)  
INFO  DumpRange.java> 820a7b24 rlwinm r11,r11,0x2,0x0,0x1d (GhidraScript)  
INFO  DumpRange.java> 820a7b28 lwzx r11,r11,r30 (GhidraScript)  
INFO  DumpRange.java> 820a7b2c stw r11,0x188(r31) (GhidraScript)  
INFO  DumpRange.java> 820a7b30 lwz r11,0x16c(r1) (GhidraScript)  
INFO  DumpRange.java> 820a7b34 cmpwi cr6,r11,0x0 (GhidraScript)  
INFO  DumpRange.java> 820a7b38 beq cr6,0x820a7b44 (GhidraScript)  
INFO  DumpRange.java> 820a7b3c cmpwi cr6,r11,0x1 (GhidraScript)  
INFO  DumpRange.java> 820a7b40 bne cr6,0x820a7b58 (GhidraScript)  
INFO  DumpRange.java> 820a7b44 lwz r11,0x0(r31) (GhidraScript)  
INFO  DumpRange.java> 820a7b48 or r3,r31,r31 (GhidraScript)  
INFO  DumpRange.java> 820a7b4c lwz r11,0x130(r11) (GhidraScript)  
INFO  DumpRange.java> 820a7b50 mtspr CTR,r11 (GhidraScript)  
INFO  DumpRange.java> 820a7b54 bctrl (GhidraScript)  
INFO  DumpRange.java> 820a7b58 lwz r11,0x0(r31) (GhidraScript)  
INFO  DumpRange.java> 820a7b5c or r3,r31,r31 (GhidraScript)  
INFO  DumpRange.java> 820a7b60 lwz r11,0xac(r11) (GhidraScript)  
INFO  DumpRange.java> 820a7b64 mtspr CTR,r11 (GhidraScript)  
INFO  DumpRange.java> 820a7b68 bctrl (GhidraScript)  
INFO  DumpRange.java> 820a7b6c lwz r11,0x0(r31) (GhidraScript)  
INFO  DumpRange.java> 820a7b70 or r3,r31,r31 (GhidraScript)  
INFO  DumpRange.java> 820a7b74 lwz r11,0x54(r11) (GhidraScript)  
INFO  DumpRange.java> 820a7b78 mtspr CTR,r11 (GhidraScript)  
INFO  DumpRange.java> 820a7b7c bctrl (GhidraScript)  
INFO  DumpRange.java> 820a7b80 rlwinm r11,r3,0x0,0x18,0x1f (GhidraScript)  
INFO  DumpRange.java> 820a7b84 cmplwi cr6,r11,0x0 (GhidraScript)  
INFO  DumpRange.java> 820a7b88 beq cr6,0x820a7bb8 (GhidraScript)  
INFO  DumpRange.java> 820a7b8c lis r11,0x3 (GhidraScript)  
INFO  DumpRange.java> 820a7b90 ori r10,r11,0x6084 (GhidraScript)  
INFO  DumpRange.java> 820a7b94 lwz r11,0x4eb4(r18) (GhidraScript)  
INFO  DumpRange.java> 820a7b98 lwzx r3,r11,r10 (GhidraScript)  
INFO  DumpRange.java> 820a7b9c lwz r11,0x0(r3) (GhidraScript)  
INFO  DumpRange.java> 820a7ba0 lwz r11,0xdc(r11) (GhidraScript)  
INFO  DumpRange.java> 820a7ba4 mtspr CTR,r11 (GhidraScript)  
INFO  DumpRange.java> 820a7ba8 bctrl (GhidraScript)  
INFO  DumpRange.java> 820a7bac or r4,r3,r3 (GhidraScript)  
INFO  DumpRange.java> 820a7bb0 or r3,r31,r31 (GhidraScript)  
INFO  DumpRange.java> 820a7bb4 bl 0x82226e18 (GhidraScript)  
INFO  DumpRange.java> 820a7bb8 lwz r10,0x15c(r31) (GhidraScript)  
INFO  DumpRange.java> 820a7bbc cmplwi cr6,r10,0x0 (GhidraScript)  
INFO  DumpRange.java> 820a7bc0 beq cr6,0x820a7c00 (GhidraScript)  
INFO  DumpRange.java> 820a7bc4 lwz r11,0x180(r31) (GhidraScript)  
INFO  DumpRange.java> 820a7bc8 cmplwi cr6,r11,0x0 (GhidraScript)  
INFO  DumpRange.java> 820a7bcc beq cr6,0x820a7c00 (GhidraScript)  
INFO  DumpRange.java> 820a7bd0 lwz r11,0x0(r11) (GhidraScript)  
INFO  DumpRange.java> 820a7bd4 lhz r11,0x48(r11) (GhidraScript)  
INFO  DumpRange.java> 820a7bd8 cmplwi cr6,r11,0x2cf2 (GhidraScript)  
INFO  DumpRange.java> 820a7bdc bne cr6,0x820a7bec (GhidraScript)  
INFO  DumpRange.java> 820a7be0 lfs f0,0x80(r10) (GhidraScript)  
INFO  DumpRange.java> 820a7be4 fmuls f0,f0,f30 (GhidraScript)  
INFO  DumpRange.java> 820a7be8 b 0x820a7bfc (GhidraScript)  
INFO  DumpRange.java> 820a7bec cmplwi cr6,r11,0x2cf4 (GhidraScript)  
INFO  DumpRange.java> 820a7bf0 bne cr6,0x820a7c00 (GhidraScript)  
INFO  DumpRange.java> 820a7bf4 lfs f0,0x80(r10) (GhidraScript)  
INFO  DumpRange.java> 820a7bf8 fmuls f0,f0,f29 (GhidraScript)  
INFO  DumpRange.java> 820a7bfc stfs f0,0x80(r10) (GhidraScript)  
INFO  DumpRange.java> 820a7c00 lwz r11,0x0(r25) (GhidraScript)  
INFO  DumpRange.java> 820a7c04 addi r24,r24,0x1 (GhidraScript)  
INFO  DumpRange.java> 820a7c08 addi r22,r22,0x20 (GhidraScript)  
INFO  DumpRange.java> 820a7c0c addi r23,r23,0x8 (GhidraScript)  
INFO  DumpRange.java> 820a7c10 lbz r11,0x0(r11) (GhidraScript)  
INFO  DumpRange.java> 820a7c14 cmpw cr6,r24,r11 (GhidraScript)  
INFO  DumpRange.java> 820a7c18 blt cr6,0x820a76f8 (GhidraScript)  
INFO  DumpRange.java> 820a7c1c lis r11,0x2 (GhidraScript)  
INFO  DumpRange.java> 820a7c20 lwz r22,0x60(r1) (GhidraScript)  
INFO  DumpRange.java> 820a7c24 lwz r23,0x64(r1) (GhidraScript)  
INFO  DumpRange.java> 820a7c28 li r24,0x0 (GhidraScript)  
INFO  DumpRange.java> 820a7c2c lwz r26,0x68(r1) (GhidraScript)  
INFO  DumpRange.java> 820a7c30 ori r27,r11,0x9fc8 (GhidraScript)  
INFO  DumpRange.java> 820a7c34 lwz r20,0x16c(r1) (GhidraScript)  
INFO  DumpRange.java> 820a7c38 lwz r21,0x54(r1) (GhidraScript)  
INFO  DumpRange.java> 820a7c3c lwz r11,0x4eb4(r18) (GhidraScript)  
INFO  DumpRange.java> 820a7c40 lwzx r11,r11,r27 (GhidraScript)  
INFO  DumpRange.java> 820a7c44 lwz r11,0x4(r11) (GhidraScript)  
INFO  DumpRange.java> 820a7c48 cmpw cr6,r17,r11 (GhidraScript)  
INFO  DumpRange.java> 820a7c4c bge cr6,0x820a7e30 (GhidraScript)  
INFO  DumpRange.java> 820a7c50 cmplwi cr6,r16,0x0 (GhidraScript)  
INFO  DumpRange.java> 820a7c54 beq cr6,0x820a7e30 (GhidraScript)  
INFO  DumpRange.java> 820a7c58 lwz r11,0x0(r25) (GhidraScript)  
INFO  DumpRange.java> 820a7c5c addi r10,r17,0x2 (GhidraScript)  
INFO  DumpRange.java> 820a7c60 lwz r9,0x164(r1) (GhidraScript)  
INFO  DumpRange.java> 820a7c64 cmpwi cr6,r20,0x0 (GhidraScript)  
INFO  DumpRange.java> 820a7c68 rlwinm r10,r10,0x2,0x0,0x1d (GhidraScript)  
INFO  DumpRange.java> 820a7c6c add r10,r10,r9 (GhidraScript)  
INFO  DumpRange.java> 820a7c70 lbz r11,0x0(r11) (GhidraScript)  
INFO  DumpRange.java> 820a7c74 stw r10,0xd8(r16) (GhidraScript)  
INFO  DumpRange.java> 820a7c78 stw r11,0xdc(r16) (GhidraScript)  
INFO  DumpRange.java> 820a7c7c lwz r11,0x4(r26) (GhidraScript)  
INFO  DumpRange.java> 820a7c80 stw r11,0xe0(r16) (GhidraScript)  
INFO  DumpRange.java> 820a7c84 lwz r11,0x0(r26) (GhidraScript)  
INFO  DumpRange.java> 820a7c88 stw r11,0xe4(r16) (GhidraScript)  
INFO  DumpRange.java> 820a7c8c bne cr6,0x820a7d94 (GhidraScript)  
INFO  DumpRange.java> 820a7c90 lwz r11,0x4eb4(r18) (GhidraScript)  
INFO  DumpRange.java> 820a7c94 lwzx r3,r11,r19 (GhidraScript)  
INFO  DumpRange.java> 820a7c98 lwz r11,0x0(r3) (GhidraScript)  
INFO  DumpRange.java> 820a7c9c lwz r11,0x4(r11) (GhidraScript)  
INFO  DumpRange.java> 820a7ca0 mtspr CTR,r11 (GhidraScript)  
INFO  DumpRange.java> 820a7ca4 bctrl (GhidraScript)  
INFO  DumpRange.java> 820a7ca8 cmpwi cr6,r3,0x2 (GhidraScript)  
INFO  DumpRange.java> 820a7cac beq cr6,0x820a7cd4 (GhidraScript)  
INFO  DumpRange.java> 820a7cb0 lwz r11,0x4eb4(r18) (GhidraScript)  
INFO  DumpRange.java> 820a7cb4 lwzx r3,r11,r19 (GhidraScript)  
INFO  DumpRange.java> 820a7cb8 lwz r11,0x0(r3) (GhidraScript)  
INFO  DumpRange.java> 820a7cbc lwz r11,0x4(r11) (GhidraScript)  
INFO  DumpRange.java> 820a7cc0 mtspr CTR,r11 (GhidraScript)  
INFO  DumpRange.java> 820a7cc4 bctrl (GhidraScript)  
INFO  DumpRange.java> 820a7cc8 cmpwi cr6,r3,0x3 (GhidraScript)  
INFO  DumpRange.java> 820a7ccc or r11,r24,r24 (GhidraScript)  
INFO  DumpRange.java> 820a7cd0 bne cr6,0x820a7cd8 (GhidraScript)  
INFO  DumpRange.java> 820a7cd4 li r11,0x1 (GhidraScript)  
INFO  DumpRange.java> 820a7cd8 rlwinm r11,r11,0x0,0x18,0x1f (GhidraScript)  
INFO  DumpRange.java> 820a7cdc cmplwi cr6,r11,0x0 (GhidraScript)  
INFO  DumpRange.java> 820a7ce0 bne cr6,0x820a7d94 (GhidraScript)  
INFO  DumpRange.java> 820a7ce4 lwz r11,0x0(r26) (GhidraScript)  
INFO  DumpRange.java> 820a7ce8 lbz r10,0xe(r11) (GhidraScript)  
INFO  DumpRange.java> 820a7cec rlwinm r10,r10,0x0,0x1f,0x1f (GhidraScript)  
INFO  DumpRange.java> 820a7cf0 cmplwi cr6,r10,0x0 (GhidraScript)  
INFO  DumpRange.java> 820a7cf4 beq cr6,0x820a7d0c (GhidraScript)  
INFO  DumpRange.java> 820a7cf8 lbz r5,0xd(r11) (GhidraScript)  
INFO  DumpRange.java> 820a7cfc or r4,r21,r21 (GhidraScript)  
INFO  DumpRange.java> 820a7d00 lwz r11,0x4eb4(r18) (GhidraScript)  
INFO  DumpRange.java> 820a7d04 lwzx r3,r11,r19 (GhidraScript)  
INFO  DumpRange.java> 820a7d08 bl 0x82268ab0 (GhidraScript)  
INFO  DumpRange.java> 820a7d0c lwz r11,0x4eb4(r18) (GhidraScript)  
INFO  DumpRange.java> 820a7d10 lwzx r10,r11,r27 (GhidraScript)  
INFO  DumpRange.java> 820a7d14 lwz r10,0x1008(r10) (GhidraScript)  
INFO  DumpRange.java> 820a7d18 lwz r10,0xc4(r10) (GhidraScript)  
INFO  DumpRange.java> 820a7d1c cmpw cr6,r14,r10 (GhidraScript)  
INFO  DumpRange.java> 820a7d20 bne cr6,0x820a7d98 (GhidraScript)  
INFO  DumpRange.java> 820a7d24 lwz r10,0x0(r26) (GhidraScript)  
INFO  DumpRange.java> 820a7d28 lbz r10,0xe(r10) (GhidraScript)  
INFO  DumpRange.java> 820a7d2c rlwinm r10,r10,0x0,0x19,0x19 (GhidraScript)  
INFO  DumpRange.java> 820a7d30 cmplwi cr6,r10,0x0 (GhidraScript)  
INFO  DumpRange.java> 820a7d34 bne cr6,0x820a7d98 (GhidraScript)  
INFO  DumpRange.java> 820a7d38 lwz r10,0xe4(r16) (GhidraScript)  
INFO  DumpRange.java> 820a7d3c lbz r9,0xd(r10) (GhidraScript)  
INFO  DumpRange.java> 820a7d40 lwzx r10,r11,r19 (GhidraScript)  
INFO  DumpRange.java> 820a7d44 cmpwi cr6,r9,0x0 (GhidraScript)  
INFO  DumpRange.java> 820a7d48 blt cr6,0x820a7d98 (GhidraScript)  
INFO  DumpRange.java> 820a7d4c lwz r8,0x264(r10) (GhidraScript)  
INFO  DumpRange.java> 820a7d50 cmplwi cr6,r8,0x0 (GhidraScript)  
INFO  DumpRange.java> 820a7d54 beq cr6,0x820a7d70 (GhidraScript)  
INFO  DumpRange.java> 820a7d58 lwz r8,0x18(r8) (GhidraScript)  
INFO  DumpRange.java> 820a7d5c cmplwi cr6,r8,0x0 (GhidraScript)  
INFO  DumpRange.java> 820a7d60 beq cr6,0x820a7d70 (GhidraScript)  
INFO  DumpRange.java> 820a7d64 lwz r8,0x0(r8) (GhidraScript)  
INFO  DumpRange.java> 820a7d68 lbz r8,0x0(r8) (GhidraScript)  
INFO  DumpRange.java> 820a7d6c b 0x820a7d74 (GhidraScript)  
INFO  DumpRange.java> 820a7d70 or r8,r24,r24 (GhidraScript)  
INFO  DumpRange.java> 820a7d74 cmpw cr6,r9,r8 (GhidraScript)  
INFO  DumpRange.java> 820a7d78 bge cr6,0x820a7d98 (GhidraScript)  
INFO  DumpRange.java> 820a7d7c lwz r10,0x58(r10) (GhidraScript)  
INFO  DumpRange.java> 820a7d80 mulli r11,r9,0x44 (GhidraScript)  
INFO  DumpRange.java> 820a7d84 add r11,r11,r10 (GhidraScript)  
INFO  DumpRange.java> 820a7d88 lwz r10,0x24(r11) (GhidraScript)  
INFO  DumpRange.java> 820a7d8c addi r10,r10,0x1 (GhidraScript)  
INFO  DumpRange.java> 820a7d90 stw r10,0x24(r11) (GhidraScript)  
INFO  DumpRange.java> 820a7d94 lwz r11,0x4eb4(r18) (GhidraScript)  
INFO  DumpRange.java> 820a7d98 lwzx r3,r11,r19 (GhidraScript)  
INFO  DumpRange.java> 820a7d9c lwz r11,0x0(r3) (GhidraScript)  
INFO  DumpRange.java> 820a7da0 lwz r11,0x4(r11) (GhidraScript)  
INFO  DumpRange.java> 820a7da4 mtspr CTR,r11 (GhidraScript)  
INFO  DumpRange.java> 820a7da8 bctrl (GhidraScript)  
INFO  DumpRange.java> 820a7dac cmpwi cr6,r3,0x2 (GhidraScript)  
INFO  DumpRange.java> 820a7db0 beq cr6,0x820a7dd8 (GhidraScript)  
INFO  DumpRange.java> 820a7db4 lwz r11,0x4eb4(r18) (GhidraScript)  
INFO  DumpRange.java> 820a7db8 lwzx r3,r11,r19 (GhidraScript)  
INFO  DumpRange.java> 820a7dbc lwz r11,0x0(r3) (GhidraScript)  
INFO  DumpRange.java> 820a7dc0 lwz r11,0x4(r11) (GhidraScript)  
INFO  DumpRange.java> 820a7dc4 mtspr CTR,r11 (GhidraScript)  
INFO  DumpRange.java> 820a7dc8 bctrl (GhidraScript)  
INFO  DumpRange.java> 820a7dcc cmpwi cr6,r3,0x3 (GhidraScript)  
INFO  DumpRange.java> 820a7dd0 or r11,r24,r24 (GhidraScript)  
INFO  DumpRange.java> 820a7dd4 bne cr6,0x820a7ddc (GhidraScript)  
INFO  DumpRange.java> 820a7dd8 li r11,0x1 (GhidraScript)  
INFO  DumpRange.java> 820a7ddc rlwinm r11,r11,0x0,0x18,0x1f (GhidraScript)  
INFO  DumpRange.java> 820a7de0 cmplwi cr6,r11,0x0 (GhidraScript)  
INFO  DumpRange.java> 820a7de4 lwz r11,0x60(r16) (GhidraScript)  
INFO  DumpRange.java> 820a7de8 beq cr6,0x820a7e28 (GhidraScript)  
INFO  DumpRange.java> 820a7dec ori r11,r11,0x4000 (GhidraScript)  
INFO  DumpRange.java> 820a7df0 cmpwi cr6,r15,0x5 (GhidraScript)  
INFO  DumpRange.java> 820a7df4 stw r11,0x60(r16) (GhidraScript)  
INFO  DumpRange.java> 820a7df8 bne cr6,0x820a7e90 (GhidraScript)  
INFO  DumpRange.java> 820a7dfc ori r11,r11,0x200 (GhidraScript)  
INFO  DumpRange.java> 820a7e00 stw r11,0x60(r16) (GhidraScript)  
INFO  DumpRange.java> 820a7e04 lwz r11,0x4eb4(r18) (GhidraScript)  
INFO  DumpRange.java> 820a7e08 lwzx r3,r11,r19 (GhidraScript)  
INFO  DumpRange.java> 820a7e0c lwz r11,0x0(r3) (GhidraScript)  
INFO  DumpRange.java> 820a7e10 lwz r11,0x4(r11) (GhidraScript)  
INFO  DumpRange.java> 820a7e14 mtspr CTR,r11 (GhidraScript)  
INFO  DumpRange.java> 820a7e18 bctrl (GhidraScript)  
INFO  DumpRange.java> 820a7e1c cmpwi cr6,r3,0x2 (GhidraScript)  
INFO  DumpRange.java> 820a7e20 bne cr6,0x820a7e30 (GhidraScript)  
INFO  DumpRange.java> 820a7e24 lwz r11,0x60(r16) (GhidraScript)  
INFO  DumpRange.java> 820a7e28 ori r11,r11,0x1000 (GhidraScript)  
INFO  DumpRange.java> 820a7e2c stw r11,0x60(r16) (GhidraScript)  
INFO  DumpRange.java> 820a7e30 addi r21,r21,0x1 (GhidraScript)  
INFO  DumpRange.java> 820a7e34 lwz r28,0x15c(r1) (GhidraScript)  
INFO  DumpRange.java> 820a7e38 stw r21,0x54(r1) (GhidraScript)  
INFO  DumpRange.java> 820a7e3c lwz r11,0x0(r28) (GhidraScript)  
INFO  DumpRange.java> 820a7e40 lbz r11,0x0(r11) (GhidraScript)  
INFO  DumpRange.java> 820a7e44 cmpw cr6,r21,r11 (GhidraScript)  
INFO  DumpRange.java> 820a7e48 lwz r25,0x154(r1) (GhidraScript)  
INFO  DumpRange.java> 820a7e4c blt cr6,0x820a7288 (GhidraScript)  
INFO  DumpRange.java> 820a7e50 lwz r30,0x58(r1) (GhidraScript)  
INFO  DumpRange.java> 820a7e54 lwz r29,0x7c(r1) (GhidraScript)  
INFO  DumpRange.java> 820a7e58 lis r11,-0x7d8a (GhidraScript)  
INFO  DumpRange.java> 820a7e5c lwz r4,0x414(r25) (GhidraScript)  
INFO  DumpRange.java> 820a7e60 lwz r3,-0x70d0(r11) (GhidraScript)  
INFO  DumpRange.java> 820a7e64 lwz r11,0x0(r29) (GhidraScript)  
INFO  DumpRange.java> 820a7e68 subf r5,r4,r11 (GhidraScript)  
INFO  DumpRange.java> 820a7e6c bl 0x82222d88 (GhidraScript)  
INFO  DumpRange.java> 820a7e70 lwz r11,0x728(r30) (GhidraScript)  
INFO  DumpRange.java> 820a7e74 stw r24,0x4(r11) (GhidraScript)  
INFO  DumpRange.java> 820a7e78 stw r24,0x8(r11) (GhidraScript)  
INFO  DumpRange.java> 820a7e7c addi r1,r1,0x140 (GhidraScript)  
INFO  DumpRange.java> 820a7e80 lfd f29,-0xb0(r1) (GhidraScript)  
INFO  DumpRange.java> 820a7e84 lfd f30,-0xa8(r1) (GhidraScript)  
INFO  DumpRange.java> 820a7e88 lfd f31,-0xa0(r1) (GhidraScript)  
INFO  DumpRange.java> 820a7e8c b 0x82382f10 (GhidraScript)  
INFO  DumpRange.java> 820a7e90 cmpwi cr6,r15,0x6 (GhidraScript)  
INFO  DumpRange.java> 820a7e94 bne cr6,0x820a7ea0 (GhidraScript)  
INFO  DumpRange.java> 820a7e98 ori r11,r11,0x400 (GhidraScript)  
INFO  DumpRange.java> 820a7e9c b 0x820a7e00 (GhidraScript)  
INFO  DumpRange.java> 820a7ea0 cmpwi cr6,r15,0x4 (GhidraScript)  
INFO  DumpRange.java> 820a7ea4 bne cr6,0x820a7e30 (GhidraScript)  
INFO  DumpRange.java> 820a7ea8 ori r11,r11,0x1800 (GhidraScript)  
INFO  DumpRange.java> 820a7eac b 0x820a7e2c (GhidraScript)  
INFO  REPORT: Save succeeded for processed file: /default.xex (HeadlessAnalyzer)  
