openjdk version "21.0.11" 2026-04-21
OpenJDK Runtime Environment (build 21.0.11+10-1-26.04.2-Ubuntu)
OpenJDK 64-Bit Server VM (build 21.0.11+10-1-26.04.2-Ubuntu, mixed mode)
INFO  Using log config file: jar:file:/fastdata/lavaulta/auto-re-agent/.tools/ghidra_12.1.2_PUBLIC/Ghidra/Framework/Generic/lib/Generic.jar!/generic.log4j.xml (LoggingInitialization)  
INFO  Using log file: /home/lavaulta/.config/ghidra/ghidra_12.1.2_PUBLIC/application.log (LoggingInitialization)  
INFO  Loading user preferences: /home/lavaulta/.config/ghidra/ghidra_12.1.2_PUBLIC/preferences (Preferences)  
INFO  Searching for classes... (ClassSearcher)  
INFO  Ignoring class 'xexloaderwv.XEXLoaderWVLoader' from '/fastdata/lavaulta/auto-re-agent/.tools/ghidra_12.1.2_PUBLIC/Ghidra/Extensions/XEXLoaderWV/lib/XEXLoaderWV.jar'. Already found at '/fastdata/lavaulta/auto-re-agent/.tools/ghidra_12.1.2_PUBLIC/Ghidra/patch/XEXLoaderWV-java21.jar'. (ClassSearcher)  
INFO  Class search complete (1584 ms) (ClassSearcher)  
INFO  Initializing SSL Context (DefaultSSLContextInitializer)  
INFO  Initializing Random Number Generator... (SecureRandomFactory)  
INFO  Random Number Generator initialization complete: NativePRNGNonBlocking (SecureRandomFactory)  
INFO  Trust manager disabled, cacerts have not been set (DefaultTrustManagerFactory)  
INFO  Headless startup complete (3186 ms) (AnalyzeHeadless)  
INFO  Class searcher loaded 59 extension points (20 false positives) (ClassSearcher)  
INFO  HEADLESS Script Paths:
    /fastdata/lavaulta/auto-re-agent/.tools/ghidra_12.1.2_PUBLIC/Ghidra/Features/MicrosoftCodeAnalyzer/ghidra_scripts
    /fastdata/lavaulta/auto-re-agent/.tools/ghidra_12.1.2_PUBLIC/Ghidra/Features/PDB/ghidra_scripts
    /fastdata/lavaulta/auto-re-agent/.tools/ghidra_12.1.2_PUBLIC/Ghidra/Processors/8051/ghidra_scripts
    /fastdata/lavaulta/auto-re-agent/.tools/ghidra_12.1.2_PUBLIC/Ghidra/Features/Base/ghidra_scripts
    /fastdata/lavaulta/auto-re-agent/workspaces/ace-combat-6/scripts
    /fastdata/lavaulta/auto-re-agent/.tools/ghidra_12.1.2_PUBLIC/Ghidra/Features/FileFormats/ghidra_scripts
    /fastdata/lavaulta/auto-re-agent/.tools/ghidra_12.1.2_PUBLIC/Ghidra/Features/GnuDemangler/ghidra_scripts
    /fastdata/lavaulta/auto-re-agent/.tools/ghidra_12.1.2_PUBLIC/Ghidra/Extensions/ghidra-emotionengine-reloaded/ghidra_scripts
    /fastdata/lavaulta/auto-re-agent/.tools/ghidra_12.1.2_PUBLIC/Ghidra/Features/Decompiler/ghidra_scripts
    /fastdata/lavaulta/auto-re-agent/.tools/ghidra_12.1.2_PUBLIC/Ghidra/Features/FunctionID/ghidra_scripts
    /fastdata/lavaulta/auto-re-agent/.tools/ghidra_12.1.2_PUBLIC/Ghidra/Features/DecompilerDependent/ghidra_scripts
    /fastdata/lavaulta/auto-re-agent/.tools/ghidra_12.1.2_PUBLIC/Ghidra/Processors/DATA/ghidra_scripts
    /fastdata/lavaulta/auto-re-agent/.tools/ghidra_12.1.2_PUBLIC/Ghidra/Debug/Debugger-rmi-trace/ghidra_scripts
    /fastdata/lavaulta/auto-re-agent/.tools/ghidra_12.1.2_PUBLIC/Ghidra/Features/SwiftDemangler/ghidra_scripts
    /fastdata/lavaulta/auto-re-agent/.tools/ghidra_12.1.2_PUBLIC/Ghidra/Debug/Debugger/ghidra_scripts
    /fastdata/lavaulta/auto-re-agent/.tools/ghidra_12.1.2_PUBLIC/Ghidra/Processors/PIC/ghidra_scripts
    /fastdata/lavaulta/auto-re-agent/.tools/ghidra_12.1.2_PUBLIC/Ghidra/Extensions/XEXLoaderWV/ghidra_scripts
    /fastdata/lavaulta/auto-re-agent/.tools/ghidra_12.1.2_PUBLIC/Ghidra/Features/WildcardAssembler/ghidra_scripts
    /fastdata/lavaulta/auto-re-agent/.tools/ghidra_12.1.2_PUBLIC/Ghidra/Features/PyGhidra/ghidra_scripts
    /fastdata/lavaulta/auto-re-agent/.tools/ghidra_12.1.2_PUBLIC/Ghidra/Features/BSim/ghidra_scripts
    /fastdata/lavaulta/auto-re-agent/.tools/ghidra_12.1.2_PUBLIC/Ghidra/Features/VersionTracking/ghidra_scripts
    /fastdata/lavaulta/auto-re-agent/.tools/ghidra_12.1.2_PUBLIC/Ghidra/Features/BytePatterns/ghidra_scripts
    /fastdata/lavaulta/auto-re-agent/.tools/ghidra_12.1.2_PUBLIC/Ghidra/Processors/Atmel/ghidra_scripts
    /fastdata/lavaulta/auto-re-agent/.tools/ghidra_12.1.2_PUBLIC/Ghidra/Features/SystemEmulation/ghidra_scripts
    /fastdata/lavaulta/auto-re-agent/.tools/ghidra_12.1.2_PUBLIC/Ghidra/Processors/JVM/ghidra_scripts (HeadlessAnalyzer)  
INFO  HEADLESS: execution starts (HeadlessAnalyzer)  
INFO  Opening existing project: /fastdata/lavaulta/auto-re-agent/workspaces/ace-combat-6/ghidra-projects/ace-combat-6-corrected (HeadlessAnalyzer)  
INFO  Opening project: /fastdata/lavaulta/auto-re-agent/workspaces/ace-combat-6/ghidra-projects/ace-combat-6-corrected (HeadlessProject)  
INFO  REPORT: Processing project file: /default.xex (HeadlessAnalyzer)  
INFO  REPORT: Execute script: DumpRange.java '0x820ab400' '0x820ac260'  (HeadlessAnalyzer)  
INFO  SCRIPT: /fastdata/lavaulta/auto-re-agent/workspaces/ace-combat-6/scripts/DumpRange.java (HeadlessAnalyzer)  
INFO  DumpRange.java> 820ab400 stw r11,0x60(r16) (GhidraScript)  
INFO  DumpRange.java> 820ab404 lwz r11,0x4eb4(r18) (GhidraScript)  
INFO  DumpRange.java> 820ab408 lwzx r3,r11,r19 (GhidraScript)  
INFO  DumpRange.java> 820ab40c lwz r11,0x0(r3) (GhidraScript)  
INFO  DumpRange.java> 820ab410 lwz r11,0x4(r11) (GhidraScript)  
INFO  DumpRange.java> 820ab414 mtspr CTR,r11 (GhidraScript)  
INFO  DumpRange.java> 820ab418 bctrl (GhidraScript)  
INFO  DumpRange.java> 820ab41c cmpwi cr6,r3,0x2 (GhidraScript)  
INFO  DumpRange.java> 820ab420 bne cr6,0x820ab430 (GhidraScript)  
INFO  DumpRange.java> 820ab424 lwz r11,0x60(r16) (GhidraScript)  
INFO  DumpRange.java> 820ab428 ori r11,r11,0x1000 (GhidraScript)  
INFO  DumpRange.java> 820ab42c stw r11,0x60(r16) (GhidraScript)  
INFO  DumpRange.java> 820ab430 addi r21,r21,0x1 (GhidraScript)  
INFO  DumpRange.java> 820ab434 lwz r28,0x15c(r1) (GhidraScript)  
INFO  DumpRange.java> 820ab438 stw r21,0x54(r1) (GhidraScript)  
INFO  DumpRange.java> 820ab43c lwz r11,0x0(r28) (GhidraScript)  
INFO  DumpRange.java> 820ab440 lbz r11,0x0(r11) (GhidraScript)  
INFO  DumpRange.java> 820ab444 cmpw cr6,r21,r11 (GhidraScript)  
INFO  DumpRange.java> 820ab448 lwz r25,0x154(r1) (GhidraScript)  
INFO  DumpRange.java> 820ab44c blt cr6,0x820aa888 (GhidraScript)  
INFO  DumpRange.java> 820ab450 lwz r30,0x58(r1) (GhidraScript)  
INFO  DumpRange.java> 820ab454 lwz r29,0x7c(r1) (GhidraScript)  
INFO  DumpRange.java> 820ab458 lis r11,-0x7d8a (GhidraScript)  
INFO  DumpRange.java> 820ab45c lwz r4,0x414(r25) (GhidraScript)  
INFO  DumpRange.java> 820ab460 lwz r3,-0x70d0(r11) (GhidraScript)  
INFO  DumpRange.java> 820ab464 lwz r11,0x0(r29) (GhidraScript)  
INFO  DumpRange.java> 820ab468 subf r5,r4,r11 (GhidraScript)  
INFO  DumpRange.java> 820ab46c bl 0x82226388 (GhidraScript)  
INFO  DumpRange.java> 820ab470 lwz r11,0x728(r30) (GhidraScript)  
INFO  DumpRange.java> 820ab474 stw r24,0x4(r11) (GhidraScript)  
INFO  DumpRange.java> 820ab478 stw r24,0x8(r11) (GhidraScript)  
INFO  DumpRange.java> 820ab47c addi r1,r1,0x140 (GhidraScript)  
INFO  DumpRange.java> 820ab480 lfd f29,-0xb0(r1) (GhidraScript)  
INFO  DumpRange.java> 820ab484 lfd f30,-0xa8(r1) (GhidraScript)  
INFO  DumpRange.java> 820ab488 lfd f31,-0xa0(r1) (GhidraScript)  
INFO  DumpRange.java> 820ab48c b 0x82386510 (GhidraScript)  
INFO  DumpRange.java> 820ab490 cmpwi cr6,r15,0x6 (GhidraScript)  
INFO  DumpRange.java> 820ab494 bne cr6,0x820ab4a0 (GhidraScript)  
INFO  DumpRange.java> 820ab498 ori r11,r11,0x400 (GhidraScript)  
INFO  DumpRange.java> 820ab49c b 0x820ab400 (GhidraScript)  
INFO  DumpRange.java> 820ab4a0 cmpwi cr6,r15,0x4 (GhidraScript)  
INFO  DumpRange.java> 820ab4a4 bne cr6,0x820ab430 (GhidraScript)  
INFO  DumpRange.java> 820ab4a8 ori r11,r11,0x1800 (GhidraScript)  
INFO  DumpRange.java> 820ab4ac b 0x820ab42c (GhidraScript)  
INFO  DumpRange.java> 820ab4b0 mfspr r12,LR (GhidraScript)  
INFO  DumpRange.java> 820ab4b4 stw r12,-0x8(r1) (GhidraScript)  
INFO  DumpRange.java> 820ab4b8 std r30,-0x18(r1) (GhidraScript)  
INFO  DumpRange.java> 820ab4bc std r31,-0x10(r1) (GhidraScript)  
INFO  DumpRange.java> 820ab4c0 stwu r1,-0x70(r1) (GhidraScript)  
INFO  DumpRange.java> 820ab4c4 lis r30,-0x7d96 (GhidraScript)  
INFO  DumpRange.java> 820ab4c8 lwz r11,0x728(r30) (GhidraScript)  
INFO  DumpRange.java> 820ab4cc lwz r10,0x4(r11) (GhidraScript)  
INFO  DumpRange.java> 820ab4d0 cmplwi cr6,r10,0x0 (GhidraScript)  
INFO  DumpRange.java> 820ab4d4 beq cr6,0x820ab4e8 (GhidraScript)  
INFO  DumpRange.java> 820ab4d8 lwz r11,0x4(r11) (GhidraScript)  
INFO  DumpRange.java> 820ab4dc lwz r3,0x0(r11) (GhidraScript)  
INFO  DumpRange.java> 820ab4e0 cmplwi cr6,r3,0x0 (GhidraScript)  
INFO  DumpRange.java> 820ab4e4 bne cr6,0x820ab510 (GhidraScript)  
INFO  DumpRange.java> 820ab4e8 lis r11,-0x7d8a (GhidraScript)  
INFO  DumpRange.java> 820ab4ec li r6,0x0 (GhidraScript)  
INFO  DumpRange.java> 820ab4f0 li r5,0x10 (GhidraScript)  
INFO  DumpRange.java> 820ab4f4 li r4,0x120 (GhidraScript)  
INFO  DumpRange.java> 820ab4f8 lwz r3,-0x70d0(r11) (GhidraScript)  
INFO  DumpRange.java> 820ab4fc bl 0x82226498 (GhidraScript)  
INFO  DumpRange.java> 820ab500 cmplwi cr6,r3,0x0 (GhidraScript)  
INFO  DumpRange.java> 820ab504 bne cr6,0x820ab510 (GhidraScript)  
INFO  DumpRange.java> 820ab508 li r31,0x0 (GhidraScript)  
INFO  DumpRange.java> 820ab50c b 0x820ab518 (GhidraScript)  
INFO  DumpRange.java> 820ab510 bl 0x822283e8 (GhidraScript)  
INFO  DumpRange.java> 820ab514 or r31,r3,r3 (GhidraScript)  
INFO  DumpRange.java> 820ab518 li r5,0x10 (GhidraScript)  
INFO  DumpRange.java> 820ab51c lwz r3,0x728(r30) (GhidraScript)  
INFO  DumpRange.java> 820ab520 li r4,0x120 (GhidraScript)  
INFO  DumpRange.java> 820ab524 bl 0x82228da8 (GhidraScript)  
INFO  DumpRange.java> 820ab528 or r3,r31,r31 (GhidraScript)  
INFO  DumpRange.java> 820ab52c addi r1,r1,0x70 (GhidraScript)  
INFO  DumpRange.java> 820ab530 lwz r12,-0x8(r1) (GhidraScript)  
INFO  DumpRange.java> 820ab534 mtspr LR,r12 (GhidraScript)  
INFO  DumpRange.java> 820ab538 ld r30,-0x18(r1) (GhidraScript)  
INFO  DumpRange.java> 820ab53c ld r31,-0x10(r1) (GhidraScript)  
INFO  DumpRange.java> 820ab540 blr (GhidraScript)  
INFO  DumpRange.java> 820ab544 <not-disassembled> (GhidraScript)  
INFO  DumpRange.java> 820ab548 mfspr r12,LR (GhidraScript)  
INFO  DumpRange.java> 820ab54c bl 0x823864fc (GhidraScript)  
INFO  DumpRange.java> 820ab550 stwu r1,-0x70(r1) (GhidraScript)  
INFO  DumpRange.java> 820ab554 subi r11,r4,0x1 (GhidraScript)  
INFO  DumpRange.java> 820ab558 or r29,r5,r5 (GhidraScript)  
INFO  DumpRange.java> 820ab55c cmplwi cr6,r11,0x5 (GhidraScript)  
INFO  DumpRange.java> 820ab560 bgt cr6,0x820ab72c (GhidraScript)  
INFO  DumpRange.java> 820ab564 lis r12,-0x7df6 (GhidraScript)  
INFO  DumpRange.java> 820ab568 addi r12,r12,0x7f7c (GhidraScript)  
INFO  DumpRange.java> 820ab56c rlwinm r0,r11,0x2,0x0,0x1d (GhidraScript)  
INFO  DumpRange.java> 820ab570 lwzx r0,r12,r0 (GhidraScript)  
INFO  DumpRange.java> 820ab574 mtspr CTR,r0 (GhidraScript)  
INFO  DumpRange.java> 820ab578 bctr (GhidraScript)  
INFO  DumpRange.java> 820ab57c <not-disassembled> (GhidraScript)  
INFO  DumpRange.java> 820ab580 <not-disassembled> (GhidraScript)  
INFO  DumpRange.java> 820ab584 <not-disassembled> (GhidraScript)  
INFO  DumpRange.java> 820ab588 <not-disassembled> (GhidraScript)  
INFO  DumpRange.java> 820ab58c <not-disassembled> (GhidraScript)  
INFO  DumpRange.java> 820ab590 <not-disassembled> (GhidraScript)  
INFO  DumpRange.java> 820ab594 lis r30,-0x7d96 (GhidraScript)  
INFO  DumpRange.java> 820ab598 lwz r11,0x728(r30) (GhidraScript)  
INFO  DumpRange.java> 820ab59c lwz r10,0x4(r11) (GhidraScript)  
INFO  DumpRange.java> 820ab5a0 cmplwi cr6,r10,0x0 (GhidraScript)  
INFO  DumpRange.java> 820ab5a4 beq cr6,0x820ab5c8 (GhidraScript)  
INFO  DumpRange.java> 820ab5a8 rlwinm r10,r10,0x0,0x0,0x1f (GhidraScript)  
INFO  DumpRange.java> 820ab5ac lwz r3,0x0(r10) (GhidraScript)  
INFO  DumpRange.java> 820ab5b0 cmplwi cr6,r3,0x0 (GhidraScript)  
INFO  DumpRange.java> 820ab5b4 beq cr6,0x820ab5c8 (GhidraScript)  
INFO  DumpRange.java> 820ab5b8 bl 0x822a9b60 (GhidraScript)  
INFO  DumpRange.java> 820ab5bc lwz r11,0x728(r30) (GhidraScript)  
INFO  DumpRange.java> 820ab5c0 or r31,r3,r3 (GhidraScript)  
INFO  DumpRange.java> 820ab5c4 b 0x820ab5cc (GhidraScript)  
INFO  DumpRange.java> 820ab5c8 li r31,0x0 (GhidraScript)  
INFO  DumpRange.java> 820ab5cc li r5,0x10 (GhidraScript)  
INFO  DumpRange.java> 820ab5d0 li r4,0x100 (GhidraScript)  
INFO  DumpRange.java> 820ab5d4 or r3,r11,r11 (GhidraScript)  
INFO  DumpRange.java> 820ab5d8 bl 0x82228da8 (GhidraScript)  
INFO  DumpRange.java> 820ab5dc rlwinm r11,r29,0x0,0x18,0x1f (GhidraScript)  
INFO  DumpRange.java> 820ab5e0 cmplwi cr6,r11,0x0 (GhidraScript)  
INFO  DumpRange.java> 820ab5e4 beq cr6,0x820ab608 (GhidraScript)  
INFO  DumpRange.java> 820ab5e8 lis r11,0x3 (GhidraScript)  
INFO  DumpRange.java> 820ab5ec li r5,0x100 (GhidraScript)  
INFO  DumpRange.java> 820ab5f0 ori r10,r11,0x60a8 (GhidraScript)  
INFO  DumpRange.java> 820ab5f4 lis r11,-0x7d92 (GhidraScript)  
INFO  DumpRange.java> 820ab5f8 or r4,r31,r31 (GhidraScript)  
INFO  DumpRange.java> 820ab5fc lwz r11,0x4eb4(r11) (GhidraScript)  
INFO  DumpRange.java> 820ab600 lwzx r3,r11,r10 (GhidraScript)  
INFO  DumpRange.java> 820ab604 bl 0x82277af0 (GhidraScript)  
INFO  DumpRange.java> 820ab608 or r3,r31,r31 (GhidraScript)  
INFO  DumpRange.java> 820ab60c addi r1,r1,0x70 (GhidraScript)  
INFO  DumpRange.java> 820ab610 b 0x8238654c (GhidraScript)  
INFO  DumpRange.java> 820ab614 lis r30,-0x7d96 (GhidraScript)  
INFO  DumpRange.java> 820ab618 lwz r3,0x728(r30) (GhidraScript)  
INFO  DumpRange.java> 820ab61c lwz r11,0x4(r3) (GhidraScript)  
INFO  DumpRange.java> 820ab620 cmplwi cr6,r11,0x0 (GhidraScript)  
INFO  DumpRange.java> 820ab624 beq cr6,0x820ab654 (GhidraScript)  
INFO  DumpRange.java> 820ab628 rlwinm r11,r11,0x0,0x0,0x1f (GhidraScript)  
INFO  DumpRange.java> 820ab62c lwz r31,0x0(r11) (GhidraScript)  
INFO  DumpRange.java> 820ab630 cmplwi cr6,r31,0x0 (GhidraScript)  
INFO  DumpRange.java> 820ab634 beq cr6,0x820ab654 (GhidraScript)  
INFO  DumpRange.java> 820ab638 or r3,r31,r31 (GhidraScript)  
INFO  DumpRange.java> 820ab63c bl 0x822a9b60 (GhidraScript)  
INFO  DumpRange.java> 820ab640 lis r11,-0x7dfb (GhidraScript)  
INFO  DumpRange.java> 820ab644 addi r11,r11,0x6934 (GhidraScript)  
INFO  DumpRange.java> 820ab648 stw r11,0x0(r31) (GhidraScript)  
INFO  DumpRange.java> 820ab64c lwz r3,0x728(r30) (GhidraScript)  
INFO  DumpRange.java> 820ab650 b 0x820ab658 (GhidraScript)  
INFO  DumpRange.java> 820ab654 li r31,0x0 (GhidraScript)  
INFO  DumpRange.java> 820ab658 li r5,0x10 (GhidraScript)  
INFO  DumpRange.java> 820ab65c li r4,0x100 (GhidraScript)  
INFO  DumpRange.java> 820ab660 bl 0x82228da8 (GhidraScript)  
INFO  DumpRange.java> 820ab664 rlwinm r11,r29,0x0,0x18,0x1f (GhidraScript)  
INFO  DumpRange.java> 820ab668 cmplwi cr6,r11,0x0 (GhidraScript)  
INFO  DumpRange.java> 820ab66c beq cr6,0x820ab608 (GhidraScript)  
INFO  DumpRange.java> 820ab670 lis r11,0x3 (GhidraScript)  
INFO  DumpRange.java> 820ab674 li r5,0x100 (GhidraScript)  
INFO  DumpRange.java> 820ab678 ori r10,r11,0x60a8 (GhidraScript)  
INFO  DumpRange.java> 820ab67c lis r11,-0x7d92 (GhidraScript)  
INFO  DumpRange.java> 820ab680 or r4,r31,r31 (GhidraScript)  
INFO  DumpRange.java> 820ab684 lwz r11,0x4eb4(r11) (GhidraScript)  
INFO  DumpRange.java> 820ab688 lwzx r3,r11,r10 (GhidraScript)  
INFO  DumpRange.java> 820ab68c bl 0x82277af0 (GhidraScript)  
INFO  DumpRange.java> 820ab690 or r3,r31,r31 (GhidraScript)  
INFO  DumpRange.java> 820ab694 addi r1,r1,0x70 (GhidraScript)  
INFO  DumpRange.java> 820ab698 b 0x8238654c (GhidraScript)  
INFO  DumpRange.java> 820ab69c lis r30,-0x7d96 (GhidraScript)  
INFO  DumpRange.java> 820ab6a0 lwz r11,0x728(r30) (GhidraScript)  
INFO  DumpRange.java> 820ab6a4 lwz r10,0x4(r11) (GhidraScript)  
INFO  DumpRange.java> 820ab6a8 cmplwi cr6,r10,0x0 (GhidraScript)  
INFO  DumpRange.java> 820ab6ac beq cr6,0x820ab6d0 (GhidraScript)  
INFO  DumpRange.java> 820ab6b0 rlwinm r10,r10,0x0,0x0,0x1f (GhidraScript)  
INFO  DumpRange.java> 820ab6b4 lwz r3,0x0(r10) (GhidraScript)  
INFO  DumpRange.java> 820ab6b8 cmplwi cr6,r3,0x0 (GhidraScript)  
INFO  DumpRange.java> 820ab6bc beq cr6,0x820ab6d0 (GhidraScript)  
INFO  DumpRange.java> 820ab6c0 bl 0x822abb70 (GhidraScript)  
INFO  DumpRange.java> 820ab6c4 lwz r11,0x728(r30) (GhidraScript)  
INFO  DumpRange.java> 820ab6c8 or r31,r3,r3 (GhidraScript)  
INFO  DumpRange.java> 820ab6cc b 0x820ab6d4 (GhidraScript)  
INFO  DumpRange.java> 820ab6d0 li r31,0x0 (GhidraScript)  
INFO  DumpRange.java> 820ab6d4 li r5,0x10 (GhidraScript)  
INFO  DumpRange.java> 820ab6d8 li r4,0x230 (GhidraScript)  
INFO  DumpRange.java> 820ab6dc or r3,r11,r11 (GhidraScript)  
INFO  DumpRange.java> 820ab6e0 bl 0x82228da8 (GhidraScript)  
INFO  DumpRange.java> 820ab6e4 rlwinm r11,r29,0x0,0x18,0x1f (GhidraScript)  
INFO  DumpRange.java> 820ab6e8 cmplwi cr6,r11,0x0 (GhidraScript)  
INFO  DumpRange.java> 820ab6ec beq cr6,0x820ab710 (GhidraScript)  
INFO  DumpRange.java> 820ab6f0 lis r11,0x3 (GhidraScript)  
INFO  DumpRange.java> 820ab6f4 li r5,0x230 (GhidraScript)  
INFO  DumpRange.java> 820ab6f8 ori r10,r11,0x60a8 (GhidraScript)  
INFO  DumpRange.java> 820ab6fc lis r11,-0x7d92 (GhidraScript)  
INFO  DumpRange.java> 820ab700 or r4,r31,r31 (GhidraScript)  
INFO  DumpRange.java> 820ab704 lwz r11,0x4eb4(r11) (GhidraScript)  
INFO  DumpRange.java> 820ab708 lwzx r3,r11,r10 (GhidraScript)  
INFO  DumpRange.java> 820ab70c bl 0x82277af0 (GhidraScript)  
INFO  DumpRange.java> 820ab710 or r3,r31,r31 (GhidraScript)  
INFO  DumpRange.java> 820ab714 addi r1,r1,0x70 (GhidraScript)  
INFO  DumpRange.java> 820ab718 b 0x8238654c (GhidraScript)  
INFO  DumpRange.java> 820ab71c or r4,r29,r29 (GhidraScript)  
INFO  DumpRange.java> 820ab720 bl 0x820ac408 (GhidraScript)  
INFO  DumpRange.java> 820ab724 addi r1,r1,0x70 (GhidraScript)  
INFO  DumpRange.java> 820ab728 b 0x8238654c (GhidraScript)  
INFO  DumpRange.java> 820ab72c li r3,0x0 (GhidraScript)  
INFO  DumpRange.java> 820ab730 addi r1,r1,0x70 (GhidraScript)  
INFO  DumpRange.java> 820ab734 b 0x8238654c (GhidraScript)  
INFO  DumpRange.java> 820ab738 mfspr r12,LR (GhidraScript)  
INFO  DumpRange.java> 820ab73c bl 0x823864d4 (GhidraScript)  
INFO  DumpRange.java> 820ab740 stwu r1,-0xc0(r1) (GhidraScript)  
INFO  DumpRange.java> 820ab744 lis r20,-0x7d5a (GhidraScript)  
INFO  DumpRange.java> 820ab748 or r19,r6,r6 (GhidraScript)  
INFO  DumpRange.java> 820ab74c lwz r11,-0x33c0(r20) (GhidraScript)  
INFO  DumpRange.java> 820ab750 rlwinm r10,r11,0x0,0x1f,0x1f (GhidraScript)  
INFO  DumpRange.java> 820ab754 cmplwi cr6,r10,0x0 (GhidraScript)  
INFO  DumpRange.java> 820ab758 lis r10,-0x7d5e (GhidraScript)  
INFO  DumpRange.java> 820ab75c addi r31,r10,0x18a0 (GhidraScript)  
INFO  DumpRange.java> 820ab760 bne cr6,0x820ab908 (GhidraScript)  
INFO  DumpRange.java> 820ab764 ori r11,r11,0x1 (GhidraScript)  
INFO  DumpRange.java> 820ab768 lis r21,-0x7df5 (GhidraScript)  
INFO  DumpRange.java> 820ab76c lis r22,-0x7df5 (GhidraScript)  
INFO  DumpRange.java> 820ab770 lis r23,-0x7df5 (GhidraScript)  
INFO  DumpRange.java> 820ab774 lis r24,-0x7df5 (GhidraScript)  
INFO  DumpRange.java> 820ab778 stw r11,-0x33c0(r20) (GhidraScript)  
INFO  DumpRange.java> 820ab77c subi r11,r21,0x7168 (GhidraScript)  
INFO  DumpRange.java> 820ab780 lis r25,-0x7df5 (GhidraScript)  
INFO  DumpRange.java> 820ab784 lis r26,-0x7df5 (GhidraScript)  
INFO  DumpRange.java> 820ab788 lis r27,-0x7df5 (GhidraScript)  
INFO  DumpRange.java> 820ab78c lis r28,-0x7df5 (GhidraScript)  
INFO  DumpRange.java> 820ab790 stw r11,0x4(r31) (GhidraScript)  
INFO  DumpRange.java> 820ab794 li r11,0x4 (GhidraScript)  
INFO  DumpRange.java> 820ab798 lis r29,-0x7df5 (GhidraScript)  
INFO  DumpRange.java> 820ab79c lis r30,-0x7df5 (GhidraScript)  
INFO  DumpRange.java> 820ab7a0 lis r6,-0x7df5 (GhidraScript)  
INFO  DumpRange.java> 820ab7a4 lis r7,-0x7df5 (GhidraScript)  
INFO  DumpRange.java> 820ab7a8 stw r11,0x8(r31) (GhidraScript)  
INFO  DumpRange.java> 820ab7ac li r11,0x1 (GhidraScript)  
INFO  DumpRange.java> 820ab7b0 lis r8,-0x7df5 (GhidraScript)  
INFO  DumpRange.java> 820ab7b4 lis r9,-0x7df5 (GhidraScript)  
INFO  DumpRange.java> 820ab7b8 lis r10,-0x7df5 (GhidraScript)  
INFO  DumpRange.java> 820ab7bc stw r11,0xc(r31) (GhidraScript)  
INFO  DumpRange.java> 820ab7c0 subi r11,r22,0x70d8 (GhidraScript)  
INFO  DumpRange.java> 820ab7c4 stw r11,0x10(r31) (GhidraScript)  
INFO  DumpRange.java> 820ab7c8 li r11,0x5 (GhidraScript)  
INFO  DumpRange.java> 820ab7cc stw r11,0x14(r31) (GhidraScript)  
INFO  DumpRange.java> 820ab7d0 li r11,0x2 (GhidraScript)  
INFO  DumpRange.java> 820ab7d4 stw r11,0x18(r31) (GhidraScript)  
INFO  DumpRange.java> 820ab7d8 subi r11,r23,0x7048 (GhidraScript)  
INFO  DumpRange.java> 820ab7dc stw r11,0x1c(r31) (GhidraScript)  
INFO  DumpRange.java> 820ab7e0 li r11,0xa (GhidraScript)  
INFO  DumpRange.java> 820ab7e4 stw r11,0x20(r31) (GhidraScript)  
INFO  DumpRange.java> 820ab7e8 li r11,0x3 (GhidraScript)  
INFO  DumpRange.java> 820ab7ec stw r11,0x24(r31) (GhidraScript)  
INFO  DumpRange.java> 820ab7f0 subi r11,r24,0x7048 (GhidraScript)  
INFO  DumpRange.java> 820ab7f4 stw r11,0x28(r31) (GhidraScript)  
INFO  DumpRange.java> 820ab7f8 li r11,0x6 (GhidraScript)  
INFO  DumpRange.java> 820ab7fc stw r11,0x2c(r31) (GhidraScript)  
INFO  DumpRange.java> 820ab800 li r11,0x4 (GhidraScript)  
INFO  DumpRange.java> 820ab804 stw r11,0x30(r31) (GhidraScript)  
INFO  DumpRange.java> 820ab808 subi r11,r25,0x7048 (GhidraScript)  
INFO  DumpRange.java> 820ab80c stw r11,0x34(r31) (GhidraScript)  
INFO  DumpRange.java> 820ab810 li r11,0x8 (GhidraScript)  
INFO  DumpRange.java> 820ab814 stw r11,0x38(r31) (GhidraScript)  
INFO  DumpRange.java> 820ab818 li r11,0x5 (GhidraScript)  
INFO  DumpRange.java> 820ab81c stw r11,0x3c(r31) (GhidraScript)  
INFO  DumpRange.java> 820ab820 subi r11,r26,0x7048 (GhidraScript)  
INFO  DumpRange.java> 820ab824 stw r11,0x40(r31) (GhidraScript)  
INFO  DumpRange.java> 820ab828 li r11,0x7 (GhidraScript)  
INFO  DumpRange.java> 820ab82c stw r11,0x44(r31) (GhidraScript)  
INFO  DumpRange.java> 820ab830 li r11,0x6 (GhidraScript)  
INFO  DumpRange.java> 820ab834 stw r11,0x48(r31) (GhidraScript)  
INFO  DumpRange.java> 820ab838 subi r11,r27,0x7048 (GhidraScript)  
INFO  DumpRange.java> 820ab83c stw r11,0x4c(r31) (GhidraScript)  
INFO  DumpRange.java> 820ab840 li r11,0x9 (GhidraScript)  
INFO  DumpRange.java> 820ab844 stw r11,0x50(r31) (GhidraScript)  
INFO  DumpRange.java> 820ab848 li r11,0x7 (GhidraScript)  
INFO  DumpRange.java> 820ab84c stw r11,0x54(r31) (GhidraScript)  
INFO  DumpRange.java> 820ab850 subi r11,r28,0x6fb8 (GhidraScript)  
INFO  DumpRange.java> 820ab854 stw r11,0x58(r31) (GhidraScript)  
INFO  DumpRange.java> 820ab858 li r11,0x2 (GhidraScript)  
INFO  DumpRange.java> 820ab85c stw r11,0x5c(r31) (GhidraScript)  
INFO  DumpRange.java> 820ab860 li r11,0x8 (GhidraScript)  
INFO  DumpRange.java> 820ab864 stw r11,0x60(r31) (GhidraScript)  
INFO  DumpRange.java> 820ab868 subi r11,r29,0x6f28 (GhidraScript)  
INFO  DumpRange.java> 820ab86c stw r11,0x64(r31) (GhidraScript)  
INFO  DumpRange.java> 820ab870 li r11,0xd (GhidraScript)  
INFO  DumpRange.java> 820ab874 stw r11,0x68(r31) (GhidraScript)  
INFO  DumpRange.java> 820ab878 li r11,0x9 (GhidraScript)  
INFO  DumpRange.java> 820ab87c stw r11,0x6c(r31) (GhidraScript)  
INFO  DumpRange.java> 820ab880 subi r11,r30,0x6f28 (GhidraScript)  
INFO  DumpRange.java> 820ab884 stw r11,0x70(r31) (GhidraScript)  
INFO  DumpRange.java> 820ab888 li r11,0xe (GhidraScript)  
INFO  DumpRange.java> 820ab88c stw r11,0x74(r31) (GhidraScript)  
INFO  DumpRange.java> 820ab890 li r11,0xa (GhidraScript)  
INFO  DumpRange.java> 820ab894 stw r11,0x78(r31) (GhidraScript)  
INFO  DumpRange.java> 820ab898 subi r11,r6,0x6e98 (GhidraScript)  
INFO  DumpRange.java> 820ab89c stw r11,0x7c(r31) (GhidraScript)  
INFO  DumpRange.java> 820ab8a0 li r11,0xf (GhidraScript)  
INFO  DumpRange.java> 820ab8a4 stw r11,0x80(r31) (GhidraScript)  
INFO  DumpRange.java> 820ab8a8 li r11,0xb (GhidraScript)  
INFO  DumpRange.java> 820ab8ac stw r11,0x84(r31) (GhidraScript)  
INFO  DumpRange.java> 820ab8b0 subi r11,r7,0x6f28 (GhidraScript)  
INFO  DumpRange.java> 820ab8b4 stw r11,0x88(r31) (GhidraScript)  
INFO  DumpRange.java> 820ab8b8 li r11,0x10 (GhidraScript)  
INFO  DumpRange.java> 820ab8bc stw r11,0x8c(r31) (GhidraScript)  
INFO  DumpRange.java> 820ab8c0 li r11,0xc (GhidraScript)  
INFO  DumpRange.java> 820ab8c4 stw r11,0x90(r31) (GhidraScript)  
INFO  DumpRange.java> 820ab8c8 subi r11,r8,0x7048 (GhidraScript)  
INFO  DumpRange.java> 820ab8cc stw r11,0x94(r31) (GhidraScript)  
INFO  DumpRange.java> 820ab8d0 li r11,0x11 (GhidraScript)  
INFO  DumpRange.java> 820ab8d4 stw r11,0x98(r31) (GhidraScript)  
INFO  DumpRange.java> 820ab8d8 li r11,0xd (GhidraScript)  
INFO  DumpRange.java> 820ab8dc stw r11,0x9c(r31) (GhidraScript)  
INFO  DumpRange.java> 820ab8e0 subi r11,r9,0x6e08 (GhidraScript)  
INFO  DumpRange.java> 820ab8e4 stw r11,0xa0(r31) (GhidraScript)  
INFO  DumpRange.java> 820ab8e8 li r11,0x6 (GhidraScript)  
INFO  DumpRange.java> 820ab8ec stw r11,0xa4(r31) (GhidraScript)  
INFO  DumpRange.java> 820ab8f0 li r11,0xe (GhidraScript)  
INFO  DumpRange.java> 820ab8f4 stw r11,0xa8(r31) (GhidraScript)  
INFO  DumpRange.java> 820ab8f8 subi r11,r10,0x6d78 (GhidraScript)  
INFO  DumpRange.java> 820ab8fc stw r11,0xac(r31) (GhidraScript)  
INFO  DumpRange.java> 820ab900 li r11,0x4 (GhidraScript)  
INFO  DumpRange.java> 820ab904 stw r11,0xb0(r31) (GhidraScript)  
INFO  DumpRange.java> 820ab908 subi r11,r4,0x1 (GhidraScript)  
INFO  DumpRange.java> 820ab90c cmplwi cr6,r11,0x3 (GhidraScript)  
INFO  DumpRange.java> 820ab910 bgt cr6,0x820abb9c (GhidraScript)  
INFO  DumpRange.java> 820ab914 lis r12,-0x7df5 (GhidraScript)  
INFO  DumpRange.java> 820ab918 subi r12,r12,0x7cd4 (GhidraScript)  
INFO  DumpRange.java> 820ab91c rlwinm r0,r11,0x2,0x0,0x1d (GhidraScript)  
INFO  DumpRange.java> 820ab920 lwzx r0,r12,r0 (GhidraScript)  
INFO  DumpRange.java> 820ab924 mtspr CTR,r0 (GhidraScript)  
INFO  DumpRange.java> 820ab928 bctr (GhidraScript)  
INFO  DumpRange.java> 820ab92c lwz r16,-0x7cc4(r10) (GhidraScript)  
INFO  DumpRange.java> 820ab930 lwz r16,-0x7b90(r10) (GhidraScript)  
INFO  DumpRange.java> 820ab934 lwz r16,-0x7b10(r10) (GhidraScript)  
INFO  DumpRange.java> 820ab938 lwz r16,-0x7a90(r10) (GhidraScript)  
INFO  DumpRange.java> 820ab93c lis r29,-0x7d92 (GhidraScript)  
INFO  DumpRange.java> 820ab940 lwz r11,0x4eb4(r29) (GhidraScript)  
INFO  DumpRange.java> 820ab944 addi r10,r11,0x70 (GhidraScript)  
INFO  DumpRange.java> 820ab948 lis r11,0x2 (GhidraScript)  
INFO  DumpRange.java> 820ab94c ori r11,r11,0x43f8 (GhidraScript)  
INFO  DumpRange.java> 820ab950 lwzx r11,r10,r11 (GhidraScript)  
INFO  DumpRange.java> 820ab954 cmpwi cr6,r11,0x0 (GhidraScript)  
INFO  DumpRange.java> 820ab958 blt cr6,0x820ab964 (GhidraScript)  
INFO  DumpRange.java> 820ab95c cmpwi cr6,r11,0x3 (GhidraScript)  
INFO  DumpRange.java> 820ab960 blt cr6,0x820ab968 (GhidraScript)  
INFO  DumpRange.java> 820ab964 li r11,0x0 (GhidraScript)  
INFO  DumpRange.java> 820ab968 lis r9,0x0 (GhidraScript)  
INFO  DumpRange.java> 820ab96c lis r30,-0x7d96 (GhidraScript)  
INFO  DumpRange.java> 820ab970 ori r9,r9,0xa7e0 (GhidraScript)  
INFO  DumpRange.java> 820ab974 mullw r11,r11,r9 (GhidraScript)  
INFO  DumpRange.java> 820ab978 add r11,r11,r10 (GhidraScript)  
INFO  DumpRange.java> 820ab97c lwz r11,0x4c70(r11) (GhidraScript)  
INFO  DumpRange.java> 820ab980 cmpwi cr6,r11,0x0 (GhidraScript)  
INFO  DumpRange.java> 820ab984 lwz r11,0x728(r30) (GhidraScript)  
INFO  DumpRange.java> 820ab988 lwz r10,0x4(r11) (GhidraScript)  
INFO  DumpRange.java> 820ab98c bne cr6,0x820aba00 (GhidraScript)  
INFO  DumpRange.java> 820ab990 cmplwi cr6,r10,0x0 (GhidraScript)  
INFO  DumpRange.java> 820ab994 beq cr6,0x820ab9b8 (GhidraScript)  
INFO  DumpRange.java> 820ab998 rlwinm r10,r10,0x0,0x0,0x1f (GhidraScript)  
INFO  DumpRange.java> 820ab99c lwz r3,0x0(r10) (GhidraScript)  
INFO  DumpRange.java> 820ab9a0 cmplwi cr6,r3,0x0 (GhidraScript)  
INFO  DumpRange.java> 820ab9a4 beq cr6,0x820ab9b8 (GhidraScript)  
INFO  DumpRange.java> 820ab9a8 bl 0x8222f4c8 (GhidraScript)  
INFO  DumpRange.java> 820ab9ac lwz r11,0x728(r30) (GhidraScript)  
INFO  DumpRange.java> 820ab9b0 or r31,r3,r3 (GhidraScript)  
INFO  DumpRange.java> 820ab9b4 b 0x820ab9bc (GhidraScript)  
INFO  DumpRange.java> 820ab9b8 li r31,0x0 (GhidraScript)  
INFO  DumpRange.java> 820ab9bc li r5,0x10 (GhidraScript)  
INFO  DumpRange.java> 820ab9c0 li r4,0x29b0 (GhidraScript)  
INFO  DumpRange.java> 820ab9c4 or r3,r11,r11 (GhidraScript)  
INFO  DumpRange.java> 820ab9c8 bl 0x82228da8 (GhidraScript)  
INFO  DumpRange.java> 820ab9cc rlwinm r11,r19,0x0,0x18,0x1f (GhidraScript)  
INFO  DumpRange.java> 820ab9d0 cmplwi cr6,r11,0x0 (GhidraScript)  
INFO  DumpRange.java> 820ab9d4 beq cr6,0x820ab9f4 (GhidraScript)  
INFO  DumpRange.java> 820ab9d8 lis r11,0x3 (GhidraScript)  
INFO  DumpRange.java> 820ab9dc li r5,0x29b0 (GhidraScript)  
INFO  DumpRange.java> 820ab9e0 ori r10,r11,0x60a8 (GhidraScript)  
INFO  DumpRange.java> 820ab9e4 lwz r11,0x4eb4(r29) (GhidraScript)  
INFO  DumpRange.java> 820ab9e8 or r4,r31,r31 (GhidraScript)  
INFO  DumpRange.java> 820ab9ec lwzx r3,r11,r10 (GhidraScript)  
INFO  DumpRange.java> 820ab9f0 bl 0x82277af0 (GhidraScript)  
INFO  DumpRange.java> 820ab9f4 or r3,r31,r31 (GhidraScript)  
INFO  DumpRange.java> 820ab9f8 addi r1,r1,0xc0 (GhidraScript)  
INFO  DumpRange.java> 820ab9fc b 0x82386524 (GhidraScript)  
INFO  DumpRange.java> 820aba00 cmplwi cr6,r10,0x0 (GhidraScript)  
INFO  DumpRange.java> 820aba04 beq cr6,0x820aba28 (GhidraScript)  
INFO  DumpRange.java> 820aba08 lwz r10,0x4(r11) (GhidraScript)  
INFO  DumpRange.java> 820aba0c lwz r3,0x0(r10) (GhidraScript)  
INFO  DumpRange.java> 820aba10 cmplwi cr6,r3,0x0 (GhidraScript)  
INFO  DumpRange.java> 820aba14 beq cr6,0x820aba28 (GhidraScript)  
INFO  DumpRange.java> 820aba18 bl 0x82297228 (GhidraScript)  
INFO  DumpRange.java> 820aba1c lwz r11,0x728(r30) (GhidraScript)  
INFO  DumpRange.java> 820aba20 or r31,r3,r3 (GhidraScript)  
INFO  DumpRange.java> 820aba24 b 0x820aba2c (GhidraScript)  
INFO  DumpRange.java> 820aba28 li r31,0x0 (GhidraScript)  
INFO  DumpRange.java> 820aba2c li r5,0x10 (GhidraScript)  
INFO  DumpRange.java> 820aba30 li r4,0x2f80 (GhidraScript)  
INFO  DumpRange.java> 820aba34 or r3,r11,r11 (GhidraScript)  
INFO  DumpRange.java> 820aba38 bl 0x82228da8 (GhidraScript)  
INFO  DumpRange.java> 820aba3c rlwinm r11,r19,0x0,0x18,0x1f (GhidraScript)  
INFO  DumpRange.java> 820aba40 cmplwi cr6,r11,0x0 (GhidraScript)  
INFO  DumpRange.java> 820aba44 beq cr6,0x820aba64 (GhidraScript)  
INFO  DumpRange.java> 820aba48 lis r11,0x3 (GhidraScript)  
INFO  DumpRange.java> 820aba4c li r5,0x2f80 (GhidraScript)  
INFO  DumpRange.java> 820aba50 ori r10,r11,0x60a8 (GhidraScript)  
INFO  DumpRange.java> 820aba54 lwz r11,0x4eb4(r29) (GhidraScript)  
INFO  DumpRange.java> 820aba58 or r4,r31,r31 (GhidraScript)  
INFO  DumpRange.java> 820aba5c lwzx r3,r11,r10 (GhidraScript)  
INFO  DumpRange.java> 820aba60 bl 0x82277af0 (GhidraScript)  
INFO  DumpRange.java> 820aba64 or r3,r31,r31 (GhidraScript)  
INFO  DumpRange.java> 820aba68 addi r1,r1,0xc0 (GhidraScript)  
INFO  DumpRange.java> 820aba6c b 0x82386524 (GhidraScript)  
INFO  DumpRange.java> 820aba70 lis r30,-0x7d96 (GhidraScript)  
INFO  DumpRange.java> 820aba74 lwz r11,0x728(r30) (GhidraScript)  
INFO  DumpRange.java> 820aba78 lwz r10,0x4(r11) (GhidraScript)  
INFO  DumpRange.java> 820aba7c cmplwi cr6,r10,0x0 (GhidraScript)  
INFO  DumpRange.java> 820aba80 beq cr6,0x820abaa4 (GhidraScript)  
INFO  DumpRange.java> 820aba84 rlwinm r10,r10,0x0,0x0,0x1f (GhidraScript)  
INFO  DumpRange.java> 820aba88 lwz r3,0x0(r10) (GhidraScript)  
INFO  DumpRange.java> 820aba8c cmplwi cr6,r3,0x0 (GhidraScript)  
INFO  DumpRange.java> 820aba90 beq cr6,0x820abaa4 (GhidraScript)  
INFO  DumpRange.java> 820aba94 bl 0x822a0fb0 (GhidraScript)  
INFO  DumpRange.java> 820aba98 lwz r11,0x728(r30) (GhidraScript)  
INFO  DumpRange.java> 820aba9c or r31,r3,r3 (GhidraScript)  
INFO  DumpRange.java> 820abaa0 b 0x820abaa8 (GhidraScript)  
INFO  DumpRange.java> 820abaa4 li r31,0x0 (GhidraScript)  
INFO  DumpRange.java> 820abaa8 li r5,0x10 (GhidraScript)  
INFO  DumpRange.java> 820abaac li r4,0x250 (GhidraScript)  
INFO  DumpRange.java> 820abab0 or r3,r11,r11 (GhidraScript)  
INFO  DumpRange.java> 820abab4 bl 0x82228da8 (GhidraScript)  
INFO  DumpRange.java> 820abab8 rlwinm r11,r19,0x0,0x18,0x1f (GhidraScript)  
INFO  DumpRange.java> 820ababc cmplwi cr6,r11,0x0 (GhidraScript)  
INFO  DumpRange.java> 820abac0 beq cr6,0x820abae4 (GhidraScript)  
INFO  DumpRange.java> 820abac4 lis r11,0x3 (GhidraScript)  
INFO  DumpRange.java> 820abac8 li r5,0x250 (GhidraScript)  
INFO  DumpRange.java> 820abacc ori r10,r11,0x60a8 (GhidraScript)  
INFO  DumpRange.java> 820abad0 lis r11,-0x7d92 (GhidraScript)  
INFO  DumpRange.java> 820abad4 or r4,r31,r31 (GhidraScript)  
INFO  DumpRange.java> 820abad8 lwz r11,0x4eb4(r11) (GhidraScript)  
INFO  DumpRange.java> 820abadc lwzx r3,r11,r10 (GhidraScript)  
INFO  DumpRange.java> 820abae0 bl 0x82277af0 (GhidraScript)  
INFO  DumpRange.java> 820abae4 or r3,r31,r31 (GhidraScript)  
INFO  DumpRange.java> 820abae8 addi r1,r1,0xc0 (GhidraScript)  
INFO  DumpRange.java> 820abaec b 0x82386524 (GhidraScript)  
INFO  DumpRange.java> 820abaf0 lis r30,-0x7d96 (GhidraScript)  
INFO  DumpRange.java> 820abaf4 lwz r11,0x728(r30) (GhidraScript)  
INFO  DumpRange.java> 820abaf8 lwz r10,0x4(r11) (GhidraScript)  
INFO  DumpRange.java> 820abafc cmplwi cr6,r10,0x0 (GhidraScript)  
INFO  DumpRange.java> 820abb00 beq cr6,0x820abb24 (GhidraScript)  
INFO  DumpRange.java> 820abb04 rlwinm r10,r10,0x0,0x0,0x1f (GhidraScript)  
INFO  DumpRange.java> 820abb08 lwz r3,0x0(r10) (GhidraScript)  
INFO  DumpRange.java> 820abb0c cmplwi cr6,r3,0x0 (GhidraScript)  
INFO  DumpRange.java> 820abb10 beq cr6,0x820abb24 (GhidraScript)  
INFO  DumpRange.java> 820abb14 bl 0x822a7de8 (GhidraScript)  
INFO  DumpRange.java> 820abb18 lwz r11,0x728(r30) (GhidraScript)  
INFO  DumpRange.java> 820abb1c or r31,r3,r3 (GhidraScript)  
INFO  DumpRange.java> 820abb20 b 0x820abb28 (GhidraScript)  
INFO  DumpRange.java> 820abb24 li r31,0x0 (GhidraScript)  
INFO  DumpRange.java> 820abb28 li r5,0x10 (GhidraScript)  
INFO  DumpRange.java> 820abb2c li r4,0x3a0 (GhidraScript)  
INFO  DumpRange.java> 820abb30 or r3,r11,r11 (GhidraScript)  
INFO  DumpRange.java> 820abb34 bl 0x82228da8 (GhidraScript)  
INFO  DumpRange.java> 820abb38 rlwinm r11,r19,0x0,0x18,0x1f (GhidraScript)  
INFO  DumpRange.java> 820abb3c cmplwi cr6,r11,0x0 (GhidraScript)  
INFO  DumpRange.java> 820abb40 beq cr6,0x820abb64 (GhidraScript)  
INFO  DumpRange.java> 820abb44 lis r11,0x3 (GhidraScript)  
INFO  DumpRange.java> 820abb48 li r5,0x3a0 (GhidraScript)  
INFO  DumpRange.java> 820abb4c ori r10,r11,0x60a8 (GhidraScript)  
INFO  DumpRange.java> 820abb50 lis r11,-0x7d92 (GhidraScript)  
INFO  DumpRange.java> 820abb54 or r4,r31,r31 (GhidraScript)  
INFO  DumpRange.java> 820abb58 lwz r11,0x4eb4(r11) (GhidraScript)  
INFO  DumpRange.java> 820abb5c lwzx r3,r11,r10 (GhidraScript)  
INFO  DumpRange.java> 820abb60 bl 0x82277af0 (GhidraScript)  
INFO  DumpRange.java> 820abb64 or r3,r31,r31 (GhidraScript)  
INFO  DumpRange.java> 820abb68 addi r1,r1,0xc0 (GhidraScript)  
INFO  DumpRange.java> 820abb6c b 0x82386524 (GhidraScript)  
INFO  DumpRange.java> 820abb70 li r11,0x0 (GhidraScript)  
INFO  DumpRange.java> 820abb74 or r10,r31,r31 (GhidraScript)  
INFO  DumpRange.java> 820abb78 li r9,0x0 (GhidraScript)  
INFO  DumpRange.java> 820abb7c lwz r8,0x0(r10) (GhidraScript)  
INFO  DumpRange.java> 820abb80 cmpw cr6,r8,r5 (GhidraScript)  
INFO  DumpRange.java> 820abb84 beq cr6,0x820abba8 (GhidraScript)  
INFO  DumpRange.java> 820abb88 addi r9,r9,0xc (GhidraScript)  
INFO  DumpRange.java> 820abb8c addi r11,r11,0x1 (GhidraScript)  
INFO  DumpRange.java> 820abb90 addi r10,r10,0xc (GhidraScript)  
INFO  DumpRange.java> 820abb94 cmplwi cr6,r9,0xb4 (GhidraScript)  
INFO  DumpRange.java> 820abb98 blt cr6,0x820abb7c (GhidraScript)  
INFO  DumpRange.java> 820abb9c li r3,0x0 (GhidraScript)  
INFO  DumpRange.java> 820abba0 addi r1,r1,0xc0 (GhidraScript)  
INFO  DumpRange.java> 820abba4 b 0x82386524 (GhidraScript)  
INFO  DumpRange.java> 820abba8 rlwinm r10,r11,0x1,0x0,0x1e (GhidraScript)  
INFO  DumpRange.java> 820abbac addi r9,r31,0x4 (GhidraScript)  
INFO  DumpRange.java> 820abbb0 add r11,r11,r10 (GhidraScript)  
INFO  DumpRange.java> 820abbb4 or r4,r19,r19 (GhidraScript)  
INFO  DumpRange.java> 820abbb8 rlwinm r30,r11,0x2,0x0,0x1d (GhidraScript)  
INFO  DumpRange.java> 820abbbc lwzx r11,r30,r9 (GhidraScript)  
INFO  DumpRange.java> 820abbc0 mtspr CTR,r11 (GhidraScript)  
INFO  DumpRange.java> 820abbc4 bctrl (GhidraScript)  
INFO  DumpRange.java> 820abbc8 addi r11,r31,0x8 (GhidraScript)  
INFO  DumpRange.java> 820abbcc lwzx r11,r30,r11 (GhidraScript)  
INFO  DumpRange.java> 820abbd0 stw r11,0xb8(r3) (GhidraScript)  
INFO  DumpRange.java> 820abbd4 addi r1,r1,0xc0 (GhidraScript)  
INFO  DumpRange.java> 820abbd8 b 0x82386524 (GhidraScript)  
INFO  DumpRange.java> 820abbdc <not-disassembled> (GhidraScript)  
INFO  DumpRange.java> 820abbe0 mfspr r12,LR (GhidraScript)  
INFO  DumpRange.java> 820abbe4 stw r12,-0x8(r1) (GhidraScript)  
INFO  DumpRange.java> 820abbe8 std r30,-0x18(r1) (GhidraScript)  
INFO  DumpRange.java> 820abbec std r31,-0x10(r1) (GhidraScript)  
INFO  DumpRange.java> 820abbf0 stwu r1,-0x70(r1) (GhidraScript)  
INFO  DumpRange.java> 820abbf4 or r30,r4,r4 (GhidraScript)  
INFO  DumpRange.java> 820abbf8 cmplwi cr6,r30,0x0 (GhidraScript)  
INFO  DumpRange.java> 820abbfc beq cr6,0x820abc5c (GhidraScript)  
INFO  DumpRange.java> 820abc00 lis r11,-0x7d6c (GhidraScript)  
INFO  DumpRange.java> 820abc04 lwz r11,-0x45f0(r11) (GhidraScript)  
INFO  DumpRange.java> 820abc08 lwz r4,0x54(r11) (GhidraScript)  
INFO  DumpRange.java> 820abc0c lis r11,-0x7d62 (GhidraScript)  
INFO  DumpRange.java> 820abc10 addi r3,r11,0x6218 (GhidraScript)  
INFO  DumpRange.java> 820abc14 bl 0x821d65c0 (GhidraScript)  
INFO  DumpRange.java> 820abc18 lis r11,-0x7d92 (GhidraScript)  
INFO  DumpRange.java> 820abc1c or r31,r3,r3 (GhidraScript)  
INFO  DumpRange.java> 820abc20 lwz r11,0x4eb4(r11) (GhidraScript)  
INFO  DumpRange.java> 820abc24 addi r3,r11,0x70 (GhidraScript)  
INFO  DumpRange.java> 820abc28 bl 0x820979b0 (GhidraScript)  
INFO  DumpRange.java> 820abc2c bl 0x821ba458 (GhidraScript)  
INFO  DumpRange.java> 820abc30 li r4,0x0 (GhidraScript)  
INFO  DumpRange.java> 820abc34 bl 0x821d4660 (GhidraScript)  
INFO  DumpRange.java> 820abc38 or r4,r3,r3 (GhidraScript)  
INFO  DumpRange.java> 820abc3c or r3,r31,r31 (GhidraScript)  
INFO  DumpRange.java> 820abc40 bl 0x821d65c0 (GhidraScript)  
INFO  DumpRange.java> 820abc44 li r4,0x1 (GhidraScript)  
INFO  DumpRange.java> 820abc48 addi r3,r3,0x20 (GhidraScript)  
INFO  DumpRange.java> 820abc4c bl 0x822383d0 (GhidraScript)  
INFO  DumpRange.java> 820abc50 or r4,r3,r3 (GhidraScript)  
INFO  DumpRange.java> 820abc54 or r3,r30,r30 (GhidraScript)  
INFO  DumpRange.java> 820abc58 bl 0x82291f88 (GhidraScript)  
INFO  DumpRange.java> 820abc5c addi r1,r1,0x70 (GhidraScript)  
INFO  DumpRange.java> 820abc60 lwz r12,-0x8(r1) (GhidraScript)  
INFO  DumpRange.java> 820abc64 mtspr LR,r12 (GhidraScript)  
INFO  DumpRange.java> 820abc68 ld r30,-0x18(r1) (GhidraScript)  
INFO  DumpRange.java> 820abc6c ld r31,-0x10(r1) (GhidraScript)  
INFO  DumpRange.java> 820abc70 blr (GhidraScript)  
INFO  DumpRange.java> 820abc74 <not-disassembled> (GhidraScript)  
INFO  DumpRange.java> 820abc78 mfspr r12,LR (GhidraScript)  
INFO  DumpRange.java> 820abc7c bl 0x823864d8 (GhidraScript)  
INFO  DumpRange.java> 820abc80 stwu r1,-0x4c0(r1) (GhidraScript)  
INFO  DumpRange.java> 820abc84 or r23,r3,r3 (GhidraScript)  
INFO  DumpRange.java> 820abc88 or r25,r4,r4 (GhidraScript)  
INFO  DumpRange.java> 820abc8c or r22,r5,r5 (GhidraScript)  
INFO  DumpRange.java> 820abc90 lwz r11,0x0(r23) (GhidraScript)  
INFO  DumpRange.java> 820abc94 lwz r11,0x54(r11) (GhidraScript)  
INFO  DumpRange.java> 820abc98 mtspr CTR,r11 (GhidraScript)  
INFO  DumpRange.java> 820abc9c bctrl (GhidraScript)  
INFO  DumpRange.java> 820abca0 rlwinm r24,r3,0x0,0x18,0x1f (GhidraScript)  
INFO  DumpRange.java> 820abca4 cntlzw r11,r24 (GhidraScript)  
INFO  DumpRange.java> 820abca8 rlwinm r28,r11,0x1b,0x1f,0x1f (GhidraScript)  
INFO  DumpRange.java> 820abcac or r3,r28,r28 (GhidraScript)  
INFO  DumpRange.java> 820abcb0 bl 0x821ba5b0 (GhidraScript)  
INFO  DumpRange.java> 820abcb4 or r29,r3,r3 (GhidraScript)  
INFO  DumpRange.java> 820abcb8 or r3,r28,r28 (GhidraScript)  
INFO  DumpRange.java> 820abcbc bl 0x821ba638 (GhidraScript)  
INFO  DumpRange.java> 820abcc0 lis r20,-0x7d6c (GhidraScript)  
INFO  DumpRange.java> 820abcc4 or r27,r3,r3 (GhidraScript)  
INFO  DumpRange.java> 820abcc8 lwz r11,-0x45f0(r20) (GhidraScript)  
INFO  DumpRange.java> 820abccc lwz r4,0x54(r11) (GhidraScript)  
INFO  DumpRange.java> 820abcd0 lis r11,-0x7d62 (GhidraScript)  
INFO  DumpRange.java> 820abcd4 addi r11,r11,0x6218 (GhidraScript)  
INFO  DumpRange.java> 820abcd8 or r3,r11,r11 (GhidraScript)  
INFO  DumpRange.java> 820abcdc bl 0x821d65c0 (GhidraScript)  
INFO  DumpRange.java> 820abce0 lis r11,-0x7dfa (GhidraScript)  
INFO  DumpRange.java> 820abce4 or r30,r3,r3 (GhidraScript)  
INFO  DumpRange.java> 820abce8 addi r31,r11,0x7b00 (GhidraScript)  
INFO  DumpRange.java> 820abcec li r6,0x0 (GhidraScript)  
INFO  DumpRange.java> 820abcf0 or r5,r29,r29 (GhidraScript)  
INFO  DumpRange.java> 820abcf4 or r4,r31,r31 (GhidraScript)  
INFO  DumpRange.java> 820abcf8 addi r3,r1,0x50 (GhidraScript)  
INFO  DumpRange.java> 820abcfc bl 0x823836d0 (GhidraScript)  
INFO  DumpRange.java> 820abd00 addi r11,r1,0x50 (GhidraScript)  
INFO  DumpRange.java> 820abd04 or r10,r11,r11 (GhidraScript)  
INFO  DumpRange.java> 820abd08 lbz r9,0x0(r11) (GhidraScript)  
INFO  DumpRange.java> 820abd0c addi r11,r11,0x1 (GhidraScript)  
INFO  DumpRange.java> 820abd10 cmplwi cr6,r9,0x0 (GhidraScript)  
INFO  DumpRange.java> 820abd14 bne cr6,0x820abd08 (GhidraScript)  
INFO  DumpRange.java> 820abd18 subf r11,r10,r11 (GhidraScript)  
INFO  DumpRange.java> 820abd1c addi r3,r1,0x50 (GhidraScript)  
INFO  DumpRange.java> 820abd20 subi r11,r11,0x1 (GhidraScript)  
INFO  DumpRange.java> 820abd24 rlwinm r4,r11,0x0,0x0,0x1f (GhidraScript)  
INFO  DumpRange.java> 820abd28 bl 0x821d44f0 (GhidraScript)  
INFO  DumpRange.java> 820abd2c or r4,r3,r3 (GhidraScript)  
INFO  DumpRange.java> 820abd30 or r3,r30,r30 (GhidraScript)  
INFO  DumpRange.java> 820abd34 bl 0x821d65c0 (GhidraScript)  
INFO  DumpRange.java> 820abd38 or r29,r3,r3 (GhidraScript)  
INFO  DumpRange.java> 820abd3c li r6,0x0 (GhidraScript)  
INFO  DumpRange.java> 820abd40 or r5,r27,r27 (GhidraScript)  
INFO  DumpRange.java> 820abd44 or r4,r31,r31 (GhidraScript)  
INFO  DumpRange.java> 820abd48 addi r3,r1,0x250 (GhidraScript)  
INFO  DumpRange.java> 820abd4c bl 0x823836d0 (GhidraScript)  
INFO  DumpRange.java> 820abd50 addi r11,r1,0x250 (GhidraScript)  
INFO  DumpRange.java> 820abd54 or r10,r11,r11 (GhidraScript)  
INFO  DumpRange.java> 820abd58 lbz r9,0x0(r11) (GhidraScript)  
INFO  DumpRange.java> 820abd5c addi r11,r11,0x1 (GhidraScript)  
INFO  DumpRange.java> 820abd60 cmplwi cr6,r9,0x0 (GhidraScript)  
INFO  DumpRange.java> 820abd64 bne cr6,0x820abd58 (GhidraScript)  
INFO  DumpRange.java> 820abd68 subf r11,r10,r11 (GhidraScript)  
INFO  DumpRange.java> 820abd6c addi r3,r1,0x250 (GhidraScript)  
INFO  DumpRange.java> 820abd70 subi r11,r11,0x1 (GhidraScript)  
INFO  DumpRange.java> 820abd74 rlwinm r4,r11,0x0,0x0,0x1f (GhidraScript)  
INFO  DumpRange.java> 820abd78 bl 0x821d44f0 (GhidraScript)  
INFO  DumpRange.java> 820abd7c or r4,r3,r3 (GhidraScript)  
INFO  DumpRange.java> 820abd80 or r3,r30,r30 (GhidraScript)  
INFO  DumpRange.java> 820abd84 bl 0x821d65c0 (GhidraScript)  
INFO  DumpRange.java> 820abd88 addi r21,r29,0x20 (GhidraScript)  
INFO  DumpRange.java> 820abd8c or r27,r3,r3 (GhidraScript)  
INFO  DumpRange.java> 820abd90 li r4,0x0 (GhidraScript)  
INFO  DumpRange.java> 820abd94 or r3,r21,r21 (GhidraScript)  
INFO  DumpRange.java> 820abd98 bl 0x822383d0 (GhidraScript)  
INFO  DumpRange.java> 820abd9c addi r29,r27,0x20 (GhidraScript)  
INFO  DumpRange.java> 820abda0 or r26,r3,r3 (GhidraScript)  
INFO  DumpRange.java> 820abda4 li r4,0x0 (GhidraScript)  
INFO  DumpRange.java> 820abda8 or r3,r29,r29 (GhidraScript)  
INFO  DumpRange.java> 820abdac bl 0x822383d0 (GhidraScript)  
INFO  DumpRange.java> 820abdb0 or r31,r3,r3 (GhidraScript)  
INFO  DumpRange.java> 820abdb4 cmplwi cr6,r24,0x0 (GhidraScript)  
INFO  DumpRange.java> 820abdb8 bne cr6,0x820abe14 (GhidraScript)  
INFO  DumpRange.java> 820abdbc cmplwi cr6,r27,0x0 (GhidraScript)  
INFO  DumpRange.java> 820abdc0 beq cr6,0x820abe14 (GhidraScript)  
INFO  DumpRange.java> 820abdc4 lwz r11,0x0(r27) (GhidraScript)  
INFO  DumpRange.java> 820abdc8 or r3,r27,r27 (GhidraScript)  
INFO  DumpRange.java> 820abdcc lwz r11,0x18(r11) (GhidraScript)  
INFO  DumpRange.java> 820abdd0 mtspr CTR,r11 (GhidraScript)  
INFO  DumpRange.java> 820abdd4 bctrl (GhidraScript)  
INFO  DumpRange.java> 820abdd8 rlwinm r11,r3,0x0,0x18,0x1f (GhidraScript)  
INFO  DumpRange.java> 820abddc cmplwi cr6,r11,0x0 (GhidraScript)  
INFO  DumpRange.java> 820abde0 bne cr6,0x820abe14 (GhidraScript)  
INFO  DumpRange.java> 820abde4 or r3,r28,r28 (GhidraScript)  
INFO  DumpRange.java> 820abde8 bl 0x821ba708 (GhidraScript)  
INFO  DumpRange.java> 820abdec li r4,0x0 (GhidraScript)  
INFO  DumpRange.java> 820abdf0 bl 0x821d4660 (GhidraScript)  
INFO  DumpRange.java> 820abdf4 or r4,r3,r3 (GhidraScript)  
INFO  DumpRange.java> 820abdf8 or r3,r30,r30 (GhidraScript)  
INFO  DumpRange.java> 820abdfc bl 0x821d65c0 (GhidraScript)  
INFO  DumpRange.java> 820abe00 addi r29,r3,0x20 (GhidraScript)  
INFO  DumpRange.java> 820abe04 li r4,0x0 (GhidraScript)  
INFO  DumpRange.java> 820abe08 or r3,r29,r29 (GhidraScript)  
INFO  DumpRange.java> 820abe0c bl 0x822383d0 (GhidraScript)  
INFO  DumpRange.java> 820abe10 or r31,r3,r3 (GhidraScript)  
INFO  DumpRange.java> 820abe14 bl 0x820ab4b0 (GhidraScript)  
INFO  DumpRange.java> 820abe18 rlwinm r22,r22,0x0,0x18,0x1f (GhidraScript)  
INFO  DumpRange.java> 820abe1c lis r11,-0x7d96 (GhidraScript)  
INFO  DumpRange.java> 820abe20 stw r3,0x15c(r23) (GhidraScript)  
INFO  DumpRange.java> 820abe24 cmplwi cr6,r22,0x0 (GhidraScript)  
INFO  DumpRange.java> 820abe28 addi r30,r11,0x728 (GhidraScript)  
INFO  DumpRange.java> 820abe2c beq cr6,0x820abea4 (GhidraScript)  
INFO  DumpRange.java> 820abe30 lwz r3,0x0(r30) (GhidraScript)  
INFO  DumpRange.java> 820abe34 or r5,r25,r25 (GhidraScript)  
INFO  DumpRange.java> 820abe38 or r4,r26,r26 (GhidraScript)  
INFO  DumpRange.java> 820abe3c lwz r11,0x0(r3) (GhidraScript)  
INFO  DumpRange.java> 820abe40 lwz r11,0x18(r11) (GhidraScript)  
INFO  DumpRange.java> 820abe44 mtspr CTR,r11 (GhidraScript)  
INFO  DumpRange.java> 820abe48 bctrl (GhidraScript)  
INFO  DumpRange.java> 820abe4c lwz r3,0x0(r30) (GhidraScript)  
INFO  DumpRange.java> 820abe50 or r5,r25,r25 (GhidraScript)  
INFO  DumpRange.java> 820abe54 or r4,r31,r31 (GhidraScript)  
INFO  DumpRange.java> 820abe58 lwz r11,0x0(r3) (GhidraScript)  
INFO  DumpRange.java> 820abe5c lwz r11,0x18(r11) (GhidraScript)  
INFO  DumpRange.java> 820abe60 mtspr CTR,r11 (GhidraScript)  
INFO  DumpRange.java> 820abe64 bctrl (GhidraScript)  
INFO  DumpRange.java> 820abe68 lwz r3,0x0(r30) (GhidraScript)  
INFO  DumpRange.java> 820abe6c or r5,r25,r25 (GhidraScript)  
INFO  DumpRange.java> 820abe70 or r4,r26,r26 (GhidraScript)  
INFO  DumpRange.java> 820abe74 lwz r11,0x0(r3) (GhidraScript)  
INFO  DumpRange.java> 820abe78 lwz r11,0x1c(r11) (GhidraScript)  
INFO  DumpRange.java> 820abe7c mtspr CTR,r11 (GhidraScript)  
INFO  DumpRange.java> 820abe80 bctrl (GhidraScript)  
INFO  DumpRange.java> 820abe84 lwz r3,0x0(r30) (GhidraScript)  
INFO  DumpRange.java> 820abe88 or r5,r25,r25 (GhidraScript)  
INFO  DumpRange.java> 820abe8c or r4,r31,r31 (GhidraScript)  
INFO  DumpRange.java> 820abe90 lwz r11,0x0(r3) (GhidraScript)  
INFO  DumpRange.java> 820abe94 lwz r11,0x1c(r11) (GhidraScript)  
INFO  DumpRange.java> 820abe98 mtspr CTR,r11 (GhidraScript)  
INFO  DumpRange.java> 820abe9c bctrl (GhidraScript)  
INFO  DumpRange.java> 820abea0 b 0x820abeb0 (GhidraScript)  
INFO  DumpRange.java> 820abea4 lwz r11,0x0(r30) (GhidraScript)  
INFO  DumpRange.java> 820abea8 li r10,0x1 (GhidraScript)  
INFO  DumpRange.java> 820abeac stb r10,0x1c(r11) (GhidraScript)  
INFO  DumpRange.java> 820abeb0 lwz r3,0x0(r30) (GhidraScript)  
INFO  DumpRange.java> 820abeb4 or r7,r25,r25 (GhidraScript)  
INFO  DumpRange.java> 820abeb8 lwz r4,0x15c(r23) (GhidraScript)  
INFO  DumpRange.java> 820abebc or r6,r31,r31 (GhidraScript)  
INFO  DumpRange.java> 820abec0 or r5,r26,r26 (GhidraScript)  
INFO  DumpRange.java> 820abec4 lwz r11,0x0(r3) (GhidraScript)  
INFO  DumpRange.java> 820abec8 lwz r11,0x10(r11) (GhidraScript)  
INFO  DumpRange.java> 820abecc mtspr CTR,r11 (GhidraScript)  
INFO  DumpRange.java> 820abed0 bctrl (GhidraScript)  
INFO  DumpRange.java> 820abed4 cmplwi cr6,r24,0x0 (GhidraScript)  
INFO  DumpRange.java> 820abed8 beq cr6,0x820ac110 (GhidraScript)  
INFO  DumpRange.java> 820abedc li r4,0x3 (GhidraScript)  
INFO  DumpRange.java> 820abee0 or r3,r29,r29 (GhidraScript)  
INFO  DumpRange.java> 820abee4 bl 0x822383d0 (GhidraScript)  
INFO  DumpRange.java> 820abee8 or r31,r3,r3 (GhidraScript)  
INFO  DumpRange.java> 820abeec li r4,0x3 (GhidraScript)  
INFO  DumpRange.java> 820abef0 or r3,r29,r29 (GhidraScript)  
INFO  DumpRange.java> 820abef4 bl 0x82238408 (GhidraScript)  
INFO  DumpRange.java> 820abef8 cmplwi cr6,r31,0x0 (GhidraScript)  
INFO  DumpRange.java> 820abefc beq cr6,0x820abf2c (GhidraScript)  
INFO  DumpRange.java> 820abf00 cmpwi cr6,r3,0x0 (GhidraScript)  
INFO  DumpRange.java> 820abf04 ble cr6,0x820abf2c (GhidraScript)  
INFO  DumpRange.java> 820abf08 addi r3,r31,0x274 (GhidraScript)  
INFO  DumpRange.java> 820abf0c bl 0x821bab90 (GhidraScript)  
INFO  DumpRange.java> 820abf10 or r4,r31,r31 (GhidraScript)  
INFO  DumpRange.java> 820abf14 lwz r3,0x1330(r23) (GhidraScript)  
INFO  DumpRange.java> 820abf18 bl 0x82286210 (GhidraScript)  
INFO  DumpRange.java> 820abf1c lwz r11,0x1330(r23) (GhidraScript)  
INFO  DumpRange.java> 820abf20 addi r4,r31,0x2b0 (GhidraScript)  
INFO  DumpRange.java> 820abf24 addi r3,r11,0x1ac (GhidraScript)  
INFO  DumpRange.java> 820abf28 bl 0x822a9690 (GhidraScript)  
INFO  DumpRange.java> 820abf2c li r4,0x6 (GhidraScript)  
INFO  DumpRange.java> 820abf30 or r3,r21,r21 (GhidraScript)  
INFO  DumpRange.java> 820abf34 bl 0x822383d0 (GhidraScript)  
INFO  DumpRange.java> 820abf38 or r4,r3,r3 (GhidraScript)  
INFO  DumpRange.java> 820abf3c addi r3,r23,0x24f4 (GhidraScript)  
INFO  DumpRange.java> 820abf40 bl 0x822a1258 (GhidraScript)  
INFO  DumpRange.java> 820abf44 or r3,r23,r23 (GhidraScript)  
INFO  DumpRange.java> 820abf48 bl 0x820ac918 (GhidraScript)  
INFO  DumpRange.java> 820abf4c lis r29,-0x7d92 (GhidraScript)  
INFO  DumpRange.java> 820abf50 li r4,0x0 (GhidraScript)  
INFO  DumpRange.java> 820abf54 lwz r11,0x4eb4(r29) (GhidraScript)  
INFO  DumpRange.java> 820abf58 addi r3,r11,0x70 (GhidraScript)  
INFO  DumpRange.java> 820abf5c bl 0x82093a38 (GhidraScript)  
INFO  DumpRange.java> 820abf60 lis r11,-0x7d96 (GhidraScript)  
INFO  DumpRange.java> 820abf64 rlwinm r10,r3,0x2,0x0,0x1d (GhidraScript)  
INFO  DumpRange.java> 820abf68 addi r4,r10,0x15a (GhidraScript)  
INFO  DumpRange.java> 820abf6c lwz r11,0x768(r11) (GhidraScript)  
INFO  DumpRange.java> 820abf70 or r3,r11,r11 (GhidraScript)  
INFO  DumpRange.java> 820abf74 lwz r10,0x0(r11) (GhidraScript)  
INFO  DumpRange.java> 820abf78 lwz r11,0xc(r10) (GhidraScript)  
INFO  DumpRange.java> 820abf7c mtspr CTR,r11 (GhidraScript)  
INFO  DumpRange.java> 820abf80 bctrl (GhidraScript)  
INFO  DumpRange.java> 820abf84 or r4,r3,r3 (GhidraScript)  
INFO  DumpRange.java> 820abf88 lis r11,0x15 (GhidraScript)  
INFO  DumpRange.java> 820abf8c cmpwi cr6,r4,-0x1 (GhidraScript)  
INFO  DumpRange.java> 820abf90 ori r26,r11,0xaa78 (GhidraScript)  
INFO  DumpRange.java> 820abf94 beq cr6,0x820ac020 (GhidraScript)  
INFO  DumpRange.java> 820abf98 lwz r11,-0x45f0(r20) (GhidraScript)  
INFO  DumpRange.java> 820abf9c add r3,r11,r26 (GhidraScript)  
INFO  DumpRange.java> 820abfa0 bl 0x822383d0 (GhidraScript)  
INFO  DumpRange.java> 820abfa4 or r31,r3,r3 (GhidraScript)  
INFO  DumpRange.java> 820abfa8 cmplwi cr6,r31,0x0 (GhidraScript)  
INFO  DumpRange.java> 820abfac beq cr6,0x820ac020 (GhidraScript)  
INFO  DumpRange.java> 820abfb0 addi r28,r23,0x1830 (GhidraScript)  
INFO  DumpRange.java> 820abfb4 or r3,r28,r28 (GhidraScript)  
INFO  DumpRange.java> 820abfb8 bl 0x82227ab0 (GhidraScript)  
INFO  DumpRange.java> 820abfbc cmplwi cr6,r22,0x0 (GhidraScript)  
INFO  DumpRange.java> 820abfc0 beq cr6,0x820abffc (GhidraScript)  
INFO  DumpRange.java> 820abfc4 lwz r3,0x0(r30) (GhidraScript)  
INFO  DumpRange.java> 820abfc8 li r5,0x30 (GhidraScript)  
INFO  DumpRange.java> 820abfcc or r4,r31,r31 (GhidraScript)  
INFO  DumpRange.java> 820abfd0 lwz r11,0x0(r3) (GhidraScript)  
INFO  DumpRange.java> 820abfd4 lwz r11,0x18(r11) (GhidraScript)  
INFO  DumpRange.java> 820abfd8 mtspr CTR,r11 (GhidraScript)  
INFO  DumpRange.java> 820abfdc bctrl (GhidraScript)  
INFO  DumpRange.java> 820abfe0 lwz r3,0x0(r30) (GhidraScript)  
INFO  DumpRange.java> 820abfe4 li r5,0x30 (GhidraScript)  
INFO  DumpRange.java> 820abfe8 or r4,r31,r31 (GhidraScript)  
INFO  DumpRange.java> 820abfec lwz r11,0x0(r3) (GhidraScript)  
INFO  DumpRange.java> 820abff0 lwz r11,0x1c(r11) (GhidraScript)  
INFO  DumpRange.java> 820abff4 mtspr CTR,r11 (GhidraScript)  
INFO  DumpRange.java> 820abff8 bctrl (GhidraScript)  
INFO  DumpRange.java> 820abffc lwz r3,0x0(r30) (GhidraScript)  
INFO  DumpRange.java> 820ac000 li r7,0x30 (GhidraScript)  
INFO  DumpRange.java> 820ac004 li r6,0x0 (GhidraScript)  
INFO  DumpRange.java> 820ac008 or r5,r31,r31 (GhidraScript)  
INFO  DumpRange.java> 820ac00c or r4,r28,r28 (GhidraScript)  
INFO  DumpRange.java> 820ac010 lwz r11,0x0(r3) (GhidraScript)  
INFO  DumpRange.java> 820ac014 lwz r11,0x10(r11) (GhidraScript)  
INFO  DumpRange.java> 820ac018 mtspr CTR,r11 (GhidraScript)  
INFO  DumpRange.java> 820ac01c bctrl (GhidraScript)  
INFO  DumpRange.java> 820ac020 lis r11,0x2 (GhidraScript)  
INFO  DumpRange.java> 820ac024 ori r10,r11,0x9c80 (GhidraScript)  
INFO  DumpRange.java> 820ac028 lwz r11,0x4eb4(r29) (GhidraScript)  
INFO  DumpRange.java> 820ac02c lwzx r3,r11,r10 (GhidraScript)  
INFO  DumpRange.java> 820ac030 bl 0x8226b188 (GhidraScript)  
INFO  DumpRange.java> 820ac034 rlwinm r10,r3,0x0,0x18,0x1f (GhidraScript)  
INFO  DumpRange.java> 820ac038 li r11,0x0 (GhidraScript)  
INFO  DumpRange.java> 820ac03c cntlzw r10,r10 (GhidraScript)  
INFO  DumpRange.java> 820ac040 rlwinm r10,r10,0x1b,0x1f,0x1f (GhidraScript)  
INFO  DumpRange.java> 820ac044 xori r10,r10,0x1 (GhidraScript)  
INFO  DumpRange.java> 820ac048 addi r27,r10,0x3 (GhidraScript)  
INFO  DumpRange.java> 820ac04c cmpwi cr6,r27,0x0 (GhidraScript)  
INFO  DumpRange.java> 820ac050 ble cr6,0x820ac0f0 (GhidraScript)  
INFO  DumpRange.java> 820ac054 addi r29,r23,0x1950 (GhidraScript)  
INFO  DumpRange.java> 820ac058 addi r28,r11,0x1 (GhidraScript)  
INFO  DumpRange.java> 820ac05c or r3,r21,r21 (GhidraScript)  
INFO  DumpRange.java> 820ac060 or r4,r28,r28 (GhidraScript)  
INFO  DumpRange.java> 820ac064 bl 0x822383d0 (GhidraScript)  
INFO  DumpRange.java> 820ac068 or r31,r3,r3 (GhidraScript)  
INFO  DumpRange.java> 820ac06c cmplwi cr6,r31,0x0 (GhidraScript)  
INFO  DumpRange.java> 820ac070 beq cr6,0x820ac0e0 (GhidraScript)  
INFO  DumpRange.java> 820ac074 or r3,r29,r29 (GhidraScript)  
INFO  DumpRange.java> 820ac078 bl 0x82227ab0 (GhidraScript)  
INFO  DumpRange.java> 820ac07c cmplwi cr6,r22,0x0 (GhidraScript)  
INFO  DumpRange.java> 820ac080 beq cr6,0x820ac0bc (GhidraScript)  
INFO  DumpRange.java> 820ac084 lwz r3,0x0(r30) (GhidraScript)  
INFO  DumpRange.java> 820ac088 li r5,0x9a (GhidraScript)  
INFO  DumpRange.java> 820ac08c or r4,r31,r31 (GhidraScript)  
INFO  DumpRange.java> 820ac090 lwz r11,0x0(r3) (GhidraScript)  
INFO  DumpRange.java> 820ac094 lwz r11,0x18(r11) (GhidraScript)  
INFO  DumpRange.java> 820ac098 mtspr CTR,r11 (GhidraScript)  
INFO  DumpRange.java> 820ac09c bctrl (GhidraScript)  
INFO  DumpRange.java> 820ac0a0 lwz r3,0x0(r30) (GhidraScript)  
INFO  DumpRange.java> 820ac0a4 li r5,0x9a (GhidraScript)  
INFO  DumpRange.java> 820ac0a8 or r4,r31,r31 (GhidraScript)  
INFO  DumpRange.java> 820ac0ac lwz r11,0x0(r3) (GhidraScript)  
INFO  DumpRange.java> 820ac0b0 lwz r11,0x1c(r11) (GhidraScript)  
INFO  DumpRange.java> 820ac0b4 mtspr CTR,r11 (GhidraScript)  
INFO  DumpRange.java> 820ac0b8 bctrl (GhidraScript)  
INFO  DumpRange.java> 820ac0bc lwz r3,0x0(r30) (GhidraScript)  
INFO  DumpRange.java> 820ac0c0 li r7,0x9a (GhidraScript)  
INFO  DumpRange.java> 820ac0c4 li r6,0x0 (GhidraScript)  
INFO  DumpRange.java> 820ac0c8 or r5,r31,r31 (GhidraScript)  
INFO  DumpRange.java> 820ac0cc or r4,r29,r29 (GhidraScript)  
INFO  DumpRange.java> 820ac0d0 lwz r11,0x0(r3) (GhidraScript)  
INFO  DumpRange.java> 820ac0d4 lwz r11,0x10(r11) (GhidraScript)  
INFO  DumpRange.java> 820ac0d8 mtspr CTR,r11 (GhidraScript)  
INFO  DumpRange.java> 820ac0dc bctrl (GhidraScript)  
INFO  DumpRange.java> 820ac0e0 or r11,r28,r28 (GhidraScript)  
INFO  DumpRange.java> 820ac0e4 addi r29,r29,0x120 (GhidraScript)  
INFO  DumpRange.java> 820ac0e8 cmpw cr6,r11,r27 (GhidraScript)  
INFO  DumpRange.java> 820ac0ec blt cr6,0x820ac058 (GhidraScript)  
INFO  DumpRange.java> 820ac0f0 lwz r11,-0x45f0(r20) (GhidraScript)  
INFO  DumpRange.java> 820ac0f4 li r4,0x2a (GhidraScript)  
INFO  DumpRange.java> 820ac0f8 add r3,r11,r26 (GhidraScript)  
INFO  DumpRange.java> 820ac0fc bl 0x822383d0 (GhidraScript)  
INFO  DumpRange.java> 820ac100 or r4,r3,r3 (GhidraScript)  
INFO  DumpRange.java> 820ac104 addi r3,r23,0x6f0 (GhidraScript)  
INFO  DumpRange.java> 820ac108 bl 0x822adcf8 (GhidraScript)  
INFO  DumpRange.java> 820ac10c b 0x820ac198 (GhidraScript)  
INFO  DumpRange.java> 820ac110 lwz r11,0x0(r23) (GhidraScript)  
INFO  DumpRange.java> 820ac114 or r3,r23,r23 (GhidraScript)  
INFO  DumpRange.java> 820ac118 lwz r11,0x58(r11) (GhidraScript)  
INFO  DumpRange.java> 820ac11c mtspr CTR,r11 (GhidraScript)  
INFO  DumpRange.java> 820ac120 bctrl (GhidraScript)  
INFO  DumpRange.java> 820ac124 rlwinm r11,r3,0x0,0x18,0x1f (GhidraScript)  
INFO  DumpRange.java> 820ac128 cmplwi cr6,r11,0x0 (GhidraScript)  
INFO  DumpRange.java> 820ac12c beq cr6,0x820ac198 (GhidraScript)  
INFO  DumpRange.java> 820ac130 li r4,0x1 (GhidraScript)  
INFO  DumpRange.java> 820ac134 or r3,r21,r21 (GhidraScript)  
INFO  DumpRange.java> 820ac138 bl 0x822383d0 (GhidraScript)  
INFO  DumpRange.java> 820ac13c or r28,r3,r3 (GhidraScript)  
INFO  DumpRange.java> 820ac140 li r4,0x2 (GhidraScript)  
INFO  DumpRange.java> 820ac144 or r3,r29,r29 (GhidraScript)  
INFO  DumpRange.java> 820ac148 bl 0x822383d0 (GhidraScript)  
INFO  DumpRange.java> 820ac14c cmplwi cr6,r3,0x0 (GhidraScript)  
INFO  DumpRange.java> 820ac150 beq cr6,0x820ac160 (GhidraScript)  
INFO  DumpRange.java> 820ac154 li r4,0x2 (GhidraScript)  
INFO  DumpRange.java> 820ac158 or r3,r29,r29 (GhidraScript)  
INFO  DumpRange.java> 820ac15c bl 0x82238408 (GhidraScript)  
INFO  DumpRange.java> 820ac160 li r4,0x3 (GhidraScript)  
INFO  DumpRange.java> 820ac164 or r3,r29,r29 (GhidraScript)  
INFO  DumpRange.java> 820ac168 bl 0x822383d0 (GhidraScript)  
INFO  DumpRange.java> 820ac16c or r31,r3,r3 (GhidraScript)  
INFO  DumpRange.java> 820ac170 li r4,0x3 (GhidraScript)  
INFO  DumpRange.java> 820ac174 or r3,r29,r29 (GhidraScript)  
INFO  DumpRange.java> 820ac178 bl 0x82238408 (GhidraScript)  
INFO  DumpRange.java> 820ac17c cmplwi cr6,r31,0x0 (GhidraScript)  
INFO  DumpRange.java> 820ac180 stw r28,0x394(r23) (GhidraScript)  
INFO  DumpRange.java> 820ac184 beq cr6,0x820ac198 (GhidraScript)  
INFO  DumpRange.java> 820ac188 cmpwi cr6,r3,0x0 (GhidraScript)  
INFO  DumpRange.java> 820ac18c ble cr6,0x820ac198 (GhidraScript)  
INFO  DumpRange.java> 820ac190 lwz r11,0x274(r31) (GhidraScript)  
INFO  DumpRange.java> 820ac194 stw r11,0x398(r23) (GhidraScript)  
INFO  DumpRange.java> 820ac198 cmplwi cr6,r22,0x0 (GhidraScript)  
INFO  DumpRange.java> 820ac19c bne cr6,0x820ac1ac (GhidraScript)  
INFO  DumpRange.java> 820ac1a0 lwz r11,0x0(r30) (GhidraScript)  
INFO  DumpRange.java> 820ac1a4 li r10,0x0 (GhidraScript)  
INFO  DumpRange.java> 820ac1a8 stb r10,0x1c(r11) (GhidraScript)  
INFO  DumpRange.java> 820ac1ac addi r1,r1,0x4c0 (GhidraScript)  
INFO  DumpRange.java> 820ac1b0 b 0x82386528 (GhidraScript)  
INFO  DumpRange.java> 820ac1b4 <not-disassembled> (GhidraScript)  
INFO  DumpRange.java> 820ac1b8 mfspr r12,LR (GhidraScript)  
INFO  DumpRange.java> 820ac1bc bl 0x823864f0 (GhidraScript)  
INFO  DumpRange.java> 820ac1c0 stwu r1,-0x4b0(r1) (GhidraScript)  
INFO  DumpRange.java> 820ac1c4 or r29,r6,r6 (GhidraScript)  
INFO  DumpRange.java> 820ac1c8 or r26,r4,r4 (GhidraScript)  
INFO  DumpRange.java> 820ac1cc or r3,r29,r29 (GhidraScript)  
INFO  DumpRange.java> 820ac1d0 bl 0x821ba780 (GhidraScript)  
INFO  DumpRange.java> 820ac1d4 or r30,r3,r3 (GhidraScript)  
INFO  DumpRange.java> 820ac1d8 or r3,r29,r29 (GhidraScript)  
INFO  DumpRange.java> 820ac1dc bl 0x821ba808 (GhidraScript)  
INFO  DumpRange.java> 820ac1e0 lis r11,-0x7d6c (GhidraScript)  
INFO  DumpRange.java> 820ac1e4 or r28,r3,r3 (GhidraScript)  
INFO  DumpRange.java> 820ac1e8 lwz r11,-0x45f0(r11) (GhidraScript)  
INFO  DumpRange.java> 820ac1ec lwz r4,0x54(r11) (GhidraScript)  
INFO  DumpRange.java> 820ac1f0 lis r11,-0x7d62 (GhidraScript)  
INFO  DumpRange.java> 820ac1f4 addi r11,r11,0x6218 (GhidraScript)  
INFO  DumpRange.java> 820ac1f8 or r3,r11,r11 (GhidraScript)  
INFO  DumpRange.java> 820ac1fc bl 0x821d65c0 (GhidraScript)  
INFO  DumpRange.java> 820ac200 lis r11,-0x7dfa (GhidraScript)  
INFO  DumpRange.java> 820ac204 or r27,r3,r3 (GhidraScript)  
INFO  DumpRange.java> 820ac208 addi r31,r11,0x7b00 (GhidraScript)  
INFO  DumpRange.java> 820ac20c li r6,0x0 (GhidraScript)  
INFO  DumpRange.java> 820ac210 or r5,r30,r30 (GhidraScript)  
INFO  DumpRange.java> 820ac214 or r4,r31,r31 (GhidraScript)  
INFO  DumpRange.java> 820ac218 addi r3,r1,0x70 (GhidraScript)  
INFO  DumpRange.java> 820ac21c bl 0x823836d0 (GhidraScript)  
INFO  DumpRange.java> 820ac220 addi r11,r1,0x70 (GhidraScript)  
INFO  DumpRange.java> 820ac224 or r10,r11,r11 (GhidraScript)  
INFO  DumpRange.java> 820ac228 lbz r9,0x0(r11) (GhidraScript)  
INFO  DumpRange.java> 820ac22c addi r11,r11,0x1 (GhidraScript)  
INFO  DumpRange.java> 820ac230 cmplwi cr6,r9,0x0 (GhidraScript)  
INFO  DumpRange.java> 820ac234 bne cr6,0x820ac228 (GhidraScript)  
INFO  DumpRange.java> 820ac238 subf r11,r10,r11 (GhidraScript)  
INFO  DumpRange.java> 820ac23c addi r3,r1,0x70 (GhidraScript)  
INFO  DumpRange.java> 820ac240 subi r11,r11,0x1 (GhidraScript)  
INFO  DumpRange.java> 820ac244 rlwinm r4,r11,0x0,0x0,0x1f (GhidraScript)  
INFO  DumpRange.java> 820ac248 bl 0x821d44f0 (GhidraScript)  
INFO  DumpRange.java> 820ac24c or r4,r3,r3 (GhidraScript)  
INFO  DumpRange.java> 820ac250 or r3,r27,r27 (GhidraScript)  
INFO  DumpRange.java> 820ac254 bl 0x821d65c0 (GhidraScript)  
INFO  DumpRange.java> 820ac258 or r30,r3,r3 (GhidraScript)  
INFO  DumpRange.java> 820ac25c li r6,0x0 (GhidraScript)  
INFO  REPORT: Save succeeded for processed file: /default.xex (HeadlessAnalyzer)  
