openjdk version "21.0.11" 2026-04-21
OpenJDK Runtime Environment (build 21.0.11+10-1-26.04.2-Ubuntu)
OpenJDK 64-Bit Server VM (build 21.0.11+10-1-26.04.2-Ubuntu, mixed mode)
INFO  Using log config file: jar:file:/fastdata/lavaulta/auto-re-agent/.tools/ghidra_12.1.2_PUBLIC/Ghidra/Framework/Generic/lib/Generic.jar!/generic.log4j.xml (LoggingInitialization)  
INFO  Using log file: /home/lavaulta/.config/ghidra/ghidra_12.1.2_PUBLIC/application.log (LoggingInitialization)  
INFO  Loading user preferences: /home/lavaulta/.config/ghidra/ghidra_12.1.2_PUBLIC/preferences (Preferences)  
INFO  Searching for classes... (ClassSearcher)  
INFO  Ignoring class 'xexloaderwv.XEXLoaderWVLoader' from '/fastdata/lavaulta/auto-re-agent/.tools/ghidra_12.1.2_PUBLIC/Ghidra/Extensions/XEXLoaderWV/lib/XEXLoaderWV.jar'. Already found at '/fastdata/lavaulta/auto-re-agent/.tools/ghidra_12.1.2_PUBLIC/Ghidra/patch/XEXLoaderWV-java21.jar'. (ClassSearcher)  
INFO  Class search complete (1722 ms) (ClassSearcher)  
INFO  Initializing SSL Context (DefaultSSLContextInitializer)  
INFO  Initializing Random Number Generator... (SecureRandomFactory)  
INFO  Random Number Generator initialization complete: NativePRNGNonBlocking (SecureRandomFactory)  
INFO  Trust manager disabled, cacerts have not been set (DefaultTrustManagerFactory)  
INFO  Headless startup complete (3367 ms) (AnalyzeHeadless)  
INFO  Class searcher loaded 59 extension points (20 false positives) (ClassSearcher)  
INFO  HEADLESS Script Paths:
    /fastdata/lavaulta/auto-re-agent/.tools/ghidra_12.1.2_PUBLIC/Ghidra/Features/MicrosoftCodeAnalyzer/ghidra_scripts
    /fastdata/lavaulta/auto-re-agent/.tools/ghidra_12.1.2_PUBLIC/Ghidra/Features/PDB/ghidra_scripts
    /fastdata/lavaulta/auto-re-agent/.tools/ghidra_12.1.2_PUBLIC/Ghidra/Processors/8051/ghidra_scripts
    /fastdata/lavaulta/auto-re-agent/.tools/ghidra_12.1.2_PUBLIC/Ghidra/Features/Base/ghidra_scripts
    /fastdata/lavaulta/auto-re-agent/workspaces/ace-combat-6/scripts
    /fastdata/lavaulta/auto-re-agent/.tools/ghidra_12.1.2_PUBLIC/Ghidra/Features/FileFormats/ghidra_scripts
    /fastdata/lavaulta/auto-re-agent/.tools/ghidra_12.1.2_PUBLIC/Ghidra/Features/GnuDemangler/ghidra_scripts
    /fastdata/lavaulta/auto-re-agent/.tools/ghidra_12.1.2_PUBLIC/Ghidra/Extensions/ghidra-emotionengine-reloaded/ghidra_scripts
    /fastdata/lavaulta/auto-re-agent/.tools/ghidra_12.1.2_PUBLIC/Ghidra/Features/Decompiler/ghidra_scripts
    /fastdata/lavaulta/auto-re-agent/.tools/ghidra_12.1.2_PUBLIC/Ghidra/Features/FunctionID/ghidra_scripts
    /fastdata/lavaulta/auto-re-agent/.tools/ghidra_12.1.2_PUBLIC/Ghidra/Features/DecompilerDependent/ghidra_scripts
    /fastdata/lavaulta/auto-re-agent/.tools/ghidra_12.1.2_PUBLIC/Ghidra/Processors/DATA/ghidra_scripts
    /fastdata/lavaulta/auto-re-agent/.tools/ghidra_12.1.2_PUBLIC/Ghidra/Debug/Debugger-rmi-trace/ghidra_scripts
    /fastdata/lavaulta/auto-re-agent/.tools/ghidra_12.1.2_PUBLIC/Ghidra/Features/SwiftDemangler/ghidra_scripts
    /fastdata/lavaulta/auto-re-agent/.tools/ghidra_12.1.2_PUBLIC/Ghidra/Debug/Debugger/ghidra_scripts
    /fastdata/lavaulta/auto-re-agent/.tools/ghidra_12.1.2_PUBLIC/Ghidra/Processors/PIC/ghidra_scripts
    /fastdata/lavaulta/auto-re-agent/.tools/ghidra_12.1.2_PUBLIC/Ghidra/Extensions/XEXLoaderWV/ghidra_scripts
    /fastdata/lavaulta/auto-re-agent/.tools/ghidra_12.1.2_PUBLIC/Ghidra/Features/WildcardAssembler/ghidra_scripts
    /fastdata/lavaulta/auto-re-agent/.tools/ghidra_12.1.2_PUBLIC/Ghidra/Features/PyGhidra/ghidra_scripts
    /fastdata/lavaulta/auto-re-agent/.tools/ghidra_12.1.2_PUBLIC/Ghidra/Features/BSim/ghidra_scripts
    /fastdata/lavaulta/auto-re-agent/.tools/ghidra_12.1.2_PUBLIC/Ghidra/Features/VersionTracking/ghidra_scripts
    /fastdata/lavaulta/auto-re-agent/.tools/ghidra_12.1.2_PUBLIC/Ghidra/Features/BytePatterns/ghidra_scripts
    /fastdata/lavaulta/auto-re-agent/.tools/ghidra_12.1.2_PUBLIC/Ghidra/Processors/Atmel/ghidra_scripts
    /fastdata/lavaulta/auto-re-agent/.tools/ghidra_12.1.2_PUBLIC/Ghidra/Features/SystemEmulation/ghidra_scripts
    /fastdata/lavaulta/auto-re-agent/.tools/ghidra_12.1.2_PUBLIC/Ghidra/Processors/JVM/ghidra_scripts (HeadlessAnalyzer)  
INFO  HEADLESS: execution starts (HeadlessAnalyzer)  
INFO  Opening existing project: /fastdata/lavaulta/auto-re-agent/workspaces/ace-combat-6/ghidra-projects/ace-combat-6-corrected (HeadlessAnalyzer)  
INFO  Opening project: /fastdata/lavaulta/auto-re-agent/workspaces/ace-combat-6/ghidra-projects/ace-combat-6-corrected (HeadlessProject)  
INFO  REPORT: Processing project file: /default.xex (HeadlessAnalyzer)  
INFO  REPORT: Execute script: DumpRange.java '0x8218c700' '0x8218c860'  (HeadlessAnalyzer)  
INFO  SCRIPT: /fastdata/lavaulta/auto-re-agent/workspaces/ace-combat-6/scripts/DumpRange.java (HeadlessAnalyzer)  
INFO  DumpRange.java> 8218c700 lwz r10,0x278(r4) (GhidraScript)  
INFO  DumpRange.java> 8218c704 stw r10,-0x10(r1) (GhidraScript)  
INFO  DumpRange.java> 8218c708 lfs f0,-0x10(r1) (GhidraScript)  
INFO  DumpRange.java> 8218c70c stfs f0,0x40(r11) (GhidraScript)  
INFO  DumpRange.java> 8218c710 lwz r10,0x27c(r4) (GhidraScript)  
INFO  DumpRange.java> 8218c714 stw r10,-0x10(r1) (GhidraScript)  
INFO  DumpRange.java> 8218c718 lfs f0,-0x10(r1) (GhidraScript)  
INFO  DumpRange.java> 8218c71c stfs f0,0x44(r11) (GhidraScript)  
INFO  DumpRange.java> 8218c720 lwz r10,0x260(r4) (GhidraScript)  
INFO  DumpRange.java> 8218c724 stw r10,-0x10(r1) (GhidraScript)  
INFO  DumpRange.java> 8218c728 lfs f0,-0x10(r1) (GhidraScript)  
INFO  DumpRange.java> 8218c72c stfs f0,0x48(r11) (GhidraScript)  
INFO  DumpRange.java> 8218c730 lwz r10,0x264(r4) (GhidraScript)  
INFO  DumpRange.java> 8218c734 stw r10,-0x10(r1) (GhidraScript)  
INFO  DumpRange.java> 8218c738 lfs f0,-0x10(r1) (GhidraScript)  
INFO  DumpRange.java> 8218c73c stfs f0,0x4c(r11) (GhidraScript)  
INFO  DumpRange.java> 8218c740 lwz r10,0x268(r4) (GhidraScript)  
INFO  DumpRange.java> 8218c744 stw r10,-0x10(r1) (GhidraScript)  
INFO  DumpRange.java> 8218c748 lfs f0,-0x10(r1) (GhidraScript)  
INFO  DumpRange.java> 8218c74c stfs f0,0x50(r11) (GhidraScript)  
INFO  DumpRange.java> 8218c750 lwz r10,0x26c(r4) (GhidraScript)  
INFO  DumpRange.java> 8218c754 stw r10,-0x10(r1) (GhidraScript)  
INFO  DumpRange.java> 8218c758 lfs f0,-0x10(r1) (GhidraScript)  
INFO  DumpRange.java> 8218c75c stfs f0,0x54(r11) (GhidraScript)  
INFO  DumpRange.java> 8218c760 lwz r10,0x270(r4) (GhidraScript)  
INFO  DumpRange.java> 8218c764 stw r10,-0x10(r1) (GhidraScript)  
INFO  DumpRange.java> 8218c768 lfs f0,-0x10(r1) (GhidraScript)  
INFO  DumpRange.java> 8218c76c stfs f0,0x58(r11) (GhidraScript)  
INFO  DumpRange.java> 8218c770 lwz r10,0x274(r4) (GhidraScript)  
INFO  DumpRange.java> 8218c774 stw r10,-0x10(r1) (GhidraScript)  
INFO  DumpRange.java> 8218c778 lfs f0,-0x10(r1) (GhidraScript)  
INFO  DumpRange.java> 8218c77c stfs f0,0x5c(r11) (GhidraScript)  
INFO  DumpRange.java> 8218c780 lwz r10,0x288(r4) (GhidraScript)  
INFO  DumpRange.java> 8218c784 stw r10,-0x10(r1) (GhidraScript)  
INFO  DumpRange.java> 8218c788 lfs f0,-0x10(r1) (GhidraScript)  
INFO  DumpRange.java> 8218c78c stfs f0,0x60(r11) (GhidraScript)  
INFO  DumpRange.java> 8218c790 lwz r10,0x28c(r4) (GhidraScript)  
INFO  DumpRange.java> 8218c794 stw r10,-0x10(r1) (GhidraScript)  
INFO  DumpRange.java> 8218c798 lfs f0,-0x10(r1) (GhidraScript)  
INFO  DumpRange.java> 8218c79c stfs f0,0x64(r11) (GhidraScript)  
INFO  DumpRange.java> 8218c7a0 lwz r10,0x290(r4) (GhidraScript)  
INFO  DumpRange.java> 8218c7a4 stw r10,-0x10(r1) (GhidraScript)  
INFO  DumpRange.java> 8218c7a8 lfs f0,-0x10(r1) (GhidraScript)  
INFO  DumpRange.java> 8218c7ac stfs f0,0x68(r11) (GhidraScript)  
INFO  DumpRange.java> 8218c7b0 lwz r10,0x294(r4) (GhidraScript)  
INFO  DumpRange.java> 8218c7b4 stw r10,-0x10(r1) (GhidraScript)  
INFO  DumpRange.java> 8218c7b8 lfs f0,-0x10(r1) (GhidraScript)  
INFO  DumpRange.java> 8218c7bc stfs f0,0x6c(r11) (GhidraScript)  
INFO  DumpRange.java> 8218c7c0 lwz r11,0x50(r4) (GhidraScript)  
INFO  DumpRange.java> 8218c7c4 stw r11,-0x10(r1) (GhidraScript)  
INFO  DumpRange.java> 8218c7c8 lis r11,-0x7d99 (GhidraScript)  
INFO  DumpRange.java> 8218c7cc addi r11,r11,0x728 (GhidraScript)  
INFO  DumpRange.java> 8218c7d0 lfs f0,-0x10(r1) (GhidraScript)  
INFO  DumpRange.java> 8218c7d4 stfs f0,0x0(r11) (GhidraScript)  
INFO  DumpRange.java> 8218c7d8 lwz r10,0x54(r4) (GhidraScript)  
INFO  DumpRange.java> 8218c7dc stw r10,-0x10(r1) (GhidraScript)  
INFO  DumpRange.java> 8218c7e0 lfs f0,-0x10(r1) (GhidraScript)  
INFO  DumpRange.java> 8218c7e4 stfs f0,0x4(r11) (GhidraScript)  
INFO  DumpRange.java> 8218c7e8 lwz r10,0x48(r4) (GhidraScript)  
INFO  DumpRange.java> 8218c7ec stw r10,-0x10(r1) (GhidraScript)  
INFO  DumpRange.java> 8218c7f0 lfs f0,-0x10(r1) (GhidraScript)  
INFO  DumpRange.java> 8218c7f4 stfs f0,0x8(r11) (GhidraScript)  
INFO  DumpRange.java> 8218c7f8 lwz r10,0x4c(r4) (GhidraScript)  
INFO  DumpRange.java> 8218c7fc stw r10,-0x10(r1) (GhidraScript)  
INFO  DumpRange.java> 8218c800 lfs f0,-0x10(r1) (GhidraScript)  
INFO  DumpRange.java> 8218c804 stfs f0,0xc(r11) (GhidraScript)  
INFO  DumpRange.java> 8218c808 lwz r10,0x68(r4) (GhidraScript)  
INFO  DumpRange.java> 8218c80c stw r10,-0x10(r1) (GhidraScript)  
INFO  DumpRange.java> 8218c810 lfs f0,-0x10(r1) (GhidraScript)  
INFO  DumpRange.java> 8218c814 stfs f0,0x10(r11) (GhidraScript)  
INFO  DumpRange.java> 8218c818 lwz r10,0x6c(r4) (GhidraScript)  
INFO  DumpRange.java> 8218c81c stw r10,-0x10(r1) (GhidraScript)  
INFO  DumpRange.java> 8218c820 lfs f0,-0x10(r1) (GhidraScript)  
INFO  DumpRange.java> 8218c824 stfs f0,0x14(r11) (GhidraScript)  
INFO  DumpRange.java> 8218c828 lwz r10,0x60(r4) (GhidraScript)  
INFO  DumpRange.java> 8218c82c stw r10,-0x10(r1) (GhidraScript)  
INFO  DumpRange.java> 8218c830 lfs f0,-0x10(r1) (GhidraScript)  
INFO  DumpRange.java> 8218c834 stfs f0,0x18(r11) (GhidraScript)  
INFO  DumpRange.java> 8218c838 lwz r10,0x64(r4) (GhidraScript)  
INFO  DumpRange.java> 8218c83c stw r10,-0x10(r1) (GhidraScript)  
INFO  DumpRange.java> 8218c840 lfs f0,-0x10(r1) (GhidraScript)  
INFO  DumpRange.java> 8218c844 stfs f0,0x1c(r11) (GhidraScript)  
INFO  DumpRange.java> 8218c848 lwz r10,0x58(r4) (GhidraScript)  
INFO  DumpRange.java> 8218c84c stw r10,-0x10(r1) (GhidraScript)  
INFO  DumpRange.java> 8218c850 lfs f0,-0x10(r1) (GhidraScript)  
INFO  DumpRange.java> 8218c854 stfs f0,0x20(r11) (GhidraScript)  
INFO  DumpRange.java> 8218c858 lwz r10,0x5c(r4) (GhidraScript)  
INFO  DumpRange.java> 8218c85c stw r10,-0x10(r1) (GhidraScript)  
INFO  REPORT: Save succeeded for processed file: /default.xex (HeadlessAnalyzer)  
