openjdk version "21.0.11" 2026-04-21
OpenJDK Runtime Environment (build 21.0.11+10-1-26.04.2-Ubuntu)
OpenJDK 64-Bit Server VM (build 21.0.11+10-1-26.04.2-Ubuntu, mixed mode)
INFO  Using log config file: jar:file:/fastdata/lavaulta/auto-re-agent/.tools/ghidra_12.1.2_PUBLIC/Ghidra/Framework/Generic/lib/Generic.jar!/generic.log4j.xml (LoggingInitialization)  
INFO  Using log file: /home/lavaulta/.config/ghidra/ghidra_12.1.2_PUBLIC/application.log (LoggingInitialization)  
INFO  Loading user preferences: /home/lavaulta/.config/ghidra/ghidra_12.1.2_PUBLIC/preferences (Preferences)  
INFO  Searching for classes... (ClassSearcher)  
INFO  Ignoring class 'xexloaderwv.XEXLoaderWVLoader' from '/fastdata/lavaulta/auto-re-agent/.tools/ghidra_12.1.2_PUBLIC/Ghidra/Extensions/XEXLoaderWV/lib/XEXLoaderWV.jar'. Already found at '/fastdata/lavaulta/auto-re-agent/.tools/ghidra_12.1.2_PUBLIC/Ghidra/patch/XEXLoaderWV-java21.jar'. (ClassSearcher)  
INFO  Class search complete (1466 ms) (ClassSearcher)  
INFO  Initializing SSL Context (DefaultSSLContextInitializer)  
INFO  Initializing Random Number Generator... (SecureRandomFactory)  
INFO  Random Number Generator initialization complete: NativePRNGNonBlocking (SecureRandomFactory)  
INFO  Trust manager disabled, cacerts have not been set (DefaultTrustManagerFactory)  
INFO  Headless startup complete (3054 ms) (AnalyzeHeadless)  
INFO  Class searcher loaded 59 extension points (20 false positives) (ClassSearcher)  
INFO  HEADLESS Script Paths:
    /fastdata/lavaulta/auto-re-agent/.tools/ghidra_12.1.2_PUBLIC/Ghidra/Features/MicrosoftCodeAnalyzer/ghidra_scripts
    /fastdata/lavaulta/auto-re-agent/.tools/ghidra_12.1.2_PUBLIC/Ghidra/Features/PDB/ghidra_scripts
    /fastdata/lavaulta/auto-re-agent/.tools/ghidra_12.1.2_PUBLIC/Ghidra/Processors/8051/ghidra_scripts
    /fastdata/lavaulta/auto-re-agent/.tools/ghidra_12.1.2_PUBLIC/Ghidra/Features/Base/ghidra_scripts
    /fastdata/lavaulta/auto-re-agent/workspaces/ace-combat-6/scripts
    /fastdata/lavaulta/auto-re-agent/.tools/ghidra_12.1.2_PUBLIC/Ghidra/Features/FileFormats/ghidra_scripts
    /fastdata/lavaulta/auto-re-agent/.tools/ghidra_12.1.2_PUBLIC/Ghidra/Features/GnuDemangler/ghidra_scripts
    /fastdata/lavaulta/auto-re-agent/.tools/ghidra_12.1.2_PUBLIC/Ghidra/Extensions/ghidra-emotionengine-reloaded/ghidra_scripts
    /fastdata/lavaulta/auto-re-agent/.tools/ghidra_12.1.2_PUBLIC/Ghidra/Features/Decompiler/ghidra_scripts
    /fastdata/lavaulta/auto-re-agent/.tools/ghidra_12.1.2_PUBLIC/Ghidra/Features/FunctionID/ghidra_scripts
    /fastdata/lavaulta/auto-re-agent/.tools/ghidra_12.1.2_PUBLIC/Ghidra/Features/DecompilerDependent/ghidra_scripts
    /fastdata/lavaulta/auto-re-agent/.tools/ghidra_12.1.2_PUBLIC/Ghidra/Processors/DATA/ghidra_scripts
    /fastdata/lavaulta/auto-re-agent/.tools/ghidra_12.1.2_PUBLIC/Ghidra/Debug/Debugger-rmi-trace/ghidra_scripts
    /fastdata/lavaulta/auto-re-agent/.tools/ghidra_12.1.2_PUBLIC/Ghidra/Features/SwiftDemangler/ghidra_scripts
    /fastdata/lavaulta/auto-re-agent/.tools/ghidra_12.1.2_PUBLIC/Ghidra/Debug/Debugger/ghidra_scripts
    /fastdata/lavaulta/auto-re-agent/.tools/ghidra_12.1.2_PUBLIC/Ghidra/Processors/PIC/ghidra_scripts
    /fastdata/lavaulta/auto-re-agent/.tools/ghidra_12.1.2_PUBLIC/Ghidra/Extensions/XEXLoaderWV/ghidra_scripts
    /fastdata/lavaulta/auto-re-agent/.tools/ghidra_12.1.2_PUBLIC/Ghidra/Features/WildcardAssembler/ghidra_scripts
    /fastdata/lavaulta/auto-re-agent/.tools/ghidra_12.1.2_PUBLIC/Ghidra/Features/PyGhidra/ghidra_scripts
    /fastdata/lavaulta/auto-re-agent/.tools/ghidra_12.1.2_PUBLIC/Ghidra/Features/BSim/ghidra_scripts
    /fastdata/lavaulta/auto-re-agent/.tools/ghidra_12.1.2_PUBLIC/Ghidra/Features/VersionTracking/ghidra_scripts
    /fastdata/lavaulta/auto-re-agent/.tools/ghidra_12.1.2_PUBLIC/Ghidra/Features/BytePatterns/ghidra_scripts
    /fastdata/lavaulta/auto-re-agent/.tools/ghidra_12.1.2_PUBLIC/Ghidra/Processors/Atmel/ghidra_scripts
    /fastdata/lavaulta/auto-re-agent/.tools/ghidra_12.1.2_PUBLIC/Ghidra/Features/SystemEmulation/ghidra_scripts
    /fastdata/lavaulta/auto-re-agent/.tools/ghidra_12.1.2_PUBLIC/Ghidra/Processors/JVM/ghidra_scripts (HeadlessAnalyzer)  
INFO  HEADLESS: execution starts (HeadlessAnalyzer)  
INFO  Opening existing project: /fastdata/lavaulta/auto-re-agent/workspaces/ace-combat-6/ghidra-projects/ace-combat-6-corrected (HeadlessAnalyzer)  
INFO  Opening project: /fastdata/lavaulta/auto-re-agent/workspaces/ace-combat-6/ghidra-projects/ace-combat-6-corrected (HeadlessProject)  
INFO  REPORT: Processing project file: /default.xex (HeadlessAnalyzer)  
INFO  REPORT: Execute script: DumpRange.java '0x82226980' '0x82226c30'  (HeadlessAnalyzer)  
INFO  SCRIPT: /fastdata/lavaulta/auto-re-agent/workspaces/ace-combat-6/scripts/DumpRange.java (HeadlessAnalyzer)  
INFO  DumpRange.java> 82226980 cmplwi cr6,r11,0x0 (GhidraScript)  
INFO  DumpRange.java> 82226984 bne cr6,0x82226ad8 (GhidraScript)  
INFO  DumpRange.java> 82226988 lwz r11,0xf8(r31) (GhidraScript)  
INFO  DumpRange.java> 8222698c cmpwi cr6,r11,0x1 (GhidraScript)  
INFO  DumpRange.java> 82226990 bne cr6,0x82226ad8 (GhidraScript)  
INFO  DumpRange.java> 82226994 lbz r11,0xfe(r31) (GhidraScript)  
INFO  DumpRange.java> 82226998 lwz r30,0xd0(r31) (GhidraScript)  
INFO  DumpRange.java> 8222699c cmplwi cr6,r11,0x4 (GhidraScript)  
INFO  DumpRange.java> 822269a0 subi r11,r30,0x1 (GhidraScript)  
INFO  DumpRange.java> 822269a4 addi r29,r30,0x1 (GhidraScript)  
INFO  DumpRange.java> 822269a8 addi r10,r11,0x24 (GhidraScript)  
INFO  DumpRange.java> 822269ac rlwinm r10,r10,0x2,0x0,0x1d (GhidraScript)  
INFO  DumpRange.java> 822269b0 lwzx r3,r10,r31 (GhidraScript)  
INFO  DumpRange.java> 822269b4 beq cr6,0x82226a48 (GhidraScript)  
INFO  DumpRange.java> 822269b8 cmplwi cr6,r3,0x0 (GhidraScript)  
INFO  DumpRange.java> 822269bc beq cr6,0x822269e4 (GhidraScript)  
INFO  DumpRange.java> 822269c0 cmpwi cr6,r11,0x0 (GhidraScript)  
INFO  DumpRange.java> 822269c4 bge cr6,0x822269d8 (GhidraScript)  
INFO  DumpRange.java> 822269c8 add r11,r11,r31 (GhidraScript)  
INFO  DumpRange.java> 822269cc lbz r11,0x10d(r11) (GhidraScript)  
INFO  DumpRange.java> 822269d0 cmplwi cr6,r11,0x0 (GhidraScript)  
INFO  DumpRange.java> 822269d4 beq cr6,0x822269e4 (GhidraScript)  
INFO  DumpRange.java> 822269d8 or r4,r28,r28 (GhidraScript)  
INFO  DumpRange.java> 822269dc fmr f1,f31 (GhidraScript)  
INFO  DumpRange.java> 822269e0 bl 0x822841e8 (GhidraScript)  
INFO  DumpRange.java> 822269e4 addi r11,r30,0x24 (GhidraScript)  
INFO  DumpRange.java> 822269e8 rlwinm r11,r11,0x2,0x0,0x1d (GhidraScript)  
INFO  DumpRange.java> 822269ec lwzx r3,r11,r31 (GhidraScript)  
INFO  DumpRange.java> 822269f0 cmplwi cr6,r3,0x0 (GhidraScript)  
INFO  DumpRange.java> 822269f4 beq cr6,0x82226a04 (GhidraScript)  
INFO  DumpRange.java> 822269f8 or r4,r28,r28 (GhidraScript)  
INFO  DumpRange.java> 822269fc fmr f1,f31 (GhidraScript)  
INFO  DumpRange.java> 82226a00 bl 0x822841e8 (GhidraScript)  
INFO  DumpRange.java> 82226a04 addi r11,r29,0x24 (GhidraScript)  
INFO  DumpRange.java> 82226a08 rlwinm r11,r11,0x2,0x0,0x1d (GhidraScript)  
INFO  DumpRange.java> 82226a0c lwzx r3,r11,r31 (GhidraScript)  
INFO  DumpRange.java> 82226a10 cmplwi cr6,r3,0x0 (GhidraScript)  
INFO  DumpRange.java> 82226a14 beq cr6,0x82226b28 (GhidraScript)  
INFO  DumpRange.java> 82226a18 cmpwi cr6,r29,0x3 (GhidraScript)  
INFO  DumpRange.java> 82226a1c ble cr6,0x82226a30 (GhidraScript)  
INFO  DumpRange.java> 82226a20 add r11,r29,r31 (GhidraScript)  
INFO  DumpRange.java> 82226a24 lbz r11,0x10d(r11) (GhidraScript)  
INFO  DumpRange.java> 82226a28 cmplwi cr6,r11,0x0 (GhidraScript)  
INFO  DumpRange.java> 82226a2c beq cr6,0x82226b28 (GhidraScript)  
INFO  DumpRange.java> 82226a30 or r4,r28,r28 (GhidraScript)  
INFO  DumpRange.java> 82226a34 fmr f1,f31 (GhidraScript)  
INFO  DumpRange.java> 82226a38 bl 0x822841e8 (GhidraScript)  
INFO  DumpRange.java> 82226a3c addi r1,r1,0x80 (GhidraScript)  
INFO  DumpRange.java> 82226a40 lfd f31,-0x30(r1) (GhidraScript)  
INFO  DumpRange.java> 82226a44 b 0x82386548 (GhidraScript)  
INFO  DumpRange.java> 82226a48 cmplwi cr6,r3,0x0 (GhidraScript)  
INFO  DumpRange.java> 82226a4c beq cr6,0x82226a74 (GhidraScript)  
INFO  DumpRange.java> 82226a50 cmpwi cr6,r11,0x4 (GhidraScript)  
INFO  DumpRange.java> 82226a54 bge cr6,0x82226a68 (GhidraScript)  
INFO  DumpRange.java> 82226a58 add r11,r11,r31 (GhidraScript)  
INFO  DumpRange.java> 82226a5c lbz r11,0x10d(r11) (GhidraScript)  
INFO  DumpRange.java> 82226a60 cmplwi cr6,r11,0x0 (GhidraScript)  
INFO  DumpRange.java> 82226a64 beq cr6,0x82226a74 (GhidraScript)  
INFO  DumpRange.java> 82226a68 or r4,r28,r28 (GhidraScript)  
INFO  DumpRange.java> 82226a6c fmr f1,f31 (GhidraScript)  
INFO  DumpRange.java> 82226a70 bl 0x822841e8 (GhidraScript)  
INFO  DumpRange.java> 82226a74 addi r11,r30,0x24 (GhidraScript)  
INFO  DumpRange.java> 82226a78 rlwinm r11,r11,0x2,0x0,0x1d (GhidraScript)  
INFO  DumpRange.java> 82226a7c lwzx r3,r11,r31 (GhidraScript)  
INFO  DumpRange.java> 82226a80 cmplwi cr6,r3,0x0 (GhidraScript)  
INFO  DumpRange.java> 82226a84 beq cr6,0x82226a94 (GhidraScript)  
INFO  DumpRange.java> 82226a88 or r4,r28,r28 (GhidraScript)  
INFO  DumpRange.java> 82226a8c fmr f1,f31 (GhidraScript)  
INFO  DumpRange.java> 82226a90 bl 0x822841e8 (GhidraScript)  
INFO  DumpRange.java> 82226a94 addi r11,r29,0x24 (GhidraScript)  
INFO  DumpRange.java> 82226a98 rlwinm r11,r11,0x2,0x0,0x1d (GhidraScript)  
INFO  DumpRange.java> 82226a9c lwzx r3,r11,r31 (GhidraScript)  
INFO  DumpRange.java> 82226aa0 cmplwi cr6,r3,0x0 (GhidraScript)  
INFO  DumpRange.java> 82226aa4 beq cr6,0x82226b28 (GhidraScript)  
INFO  DumpRange.java> 82226aa8 cmpwi cr6,r29,0x7 (GhidraScript)  
INFO  DumpRange.java> 82226aac ble cr6,0x82226ac0 (GhidraScript)  
INFO  DumpRange.java> 82226ab0 add r11,r29,r31 (GhidraScript)  
INFO  DumpRange.java> 82226ab4 lbz r11,0x10d(r11) (GhidraScript)  
INFO  DumpRange.java> 82226ab8 cmplwi cr6,r11,0x0 (GhidraScript)  
INFO  DumpRange.java> 82226abc beq cr6,0x82226b28 (GhidraScript)  
INFO  DumpRange.java> 82226ac0 or r4,r28,r28 (GhidraScript)  
INFO  DumpRange.java> 82226ac4 fmr f1,f31 (GhidraScript)  
INFO  DumpRange.java> 82226ac8 bl 0x822841e8 (GhidraScript)  
INFO  DumpRange.java> 82226acc addi r1,r1,0x80 (GhidraScript)  
INFO  DumpRange.java> 82226ad0 lfd f31,-0x30(r1) (GhidraScript)  
INFO  DumpRange.java> 82226ad4 b 0x82386548 (GhidraScript)  
INFO  DumpRange.java> 82226ad8 li r30,0x0 (GhidraScript)  
INFO  DumpRange.java> 82226adc addi r29,r31,0x90 (GhidraScript)  
INFO  DumpRange.java> 82226ae0 lwz r3,0x0(r29) (GhidraScript)  
INFO  DumpRange.java> 82226ae4 cmplwi cr6,r3,0x0 (GhidraScript)  
INFO  DumpRange.java> 82226ae8 beq cr6,0x82226b18 (GhidraScript)  
INFO  DumpRange.java> 82226aec add r11,r30,r31 (GhidraScript)  
INFO  DumpRange.java> 82226af0 lbz r11,0x103(r11) (GhidraScript)  
INFO  DumpRange.java> 82226af4 cmplwi cr6,r11,0x0 (GhidraScript)  
INFO  DumpRange.java> 82226af8 bne cr6,0x82226b0c (GhidraScript)  
INFO  DumpRange.java> 82226afc add r11,r30,r31 (GhidraScript)  
INFO  DumpRange.java> 82226b00 lbz r11,0x10d(r11) (GhidraScript)  
INFO  DumpRange.java> 82226b04 cmplwi cr6,r11,0x0 (GhidraScript)  
INFO  DumpRange.java> 82226b08 beq cr6,0x82226b18 (GhidraScript)  
INFO  DumpRange.java> 82226b0c or r4,r28,r28 (GhidraScript)  
INFO  DumpRange.java> 82226b10 fmr f1,f31 (GhidraScript)  
INFO  DumpRange.java> 82226b14 bl 0x822841e8 (GhidraScript)  
INFO  DumpRange.java> 82226b18 addi r30,r30,0x1 (GhidraScript)  
INFO  DumpRange.java> 82226b1c addi r29,r29,0x4 (GhidraScript)  
INFO  DumpRange.java> 82226b20 cmpwi cr6,r30,0xa (GhidraScript)  
INFO  DumpRange.java> 82226b24 blt cr6,0x82226ae0 (GhidraScript)  
INFO  DumpRange.java> 82226b28 addi r1,r1,0x80 (GhidraScript)  
INFO  DumpRange.java> 82226b2c lfd f31,-0x30(r1) (GhidraScript)  
INFO  DumpRange.java> 82226b30 b 0x82386548 (GhidraScript)  
INFO  DumpRange.java> 82226b34 <not-disassembled> (GhidraScript)  
INFO  DumpRange.java> 82226b38 lis r11,-0x7e00 (GhidraScript)  
INFO  DumpRange.java> 82226b3c lfs f0,0x1348(r11) (GhidraScript)  
INFO  DumpRange.java> 82226b40 lis r11,-0x7e00 (GhidraScript)  
INFO  DumpRange.java> 82226b44 fadds f13,f1,f0 (GhidraScript)  
INFO  DumpRange.java> 82226b48 lfs f0,0x1354(r11) (GhidraScript)  
INFO  DumpRange.java> 82226b4c fmuls f0,f2,f0 (GhidraScript)  
INFO  DumpRange.java> 82226b50 fmuls f1,f13,f0 (GhidraScript)  
INFO  DumpRange.java> 82226b54 b 0x82226938 (GhidraScript)  
INFO  DumpRange.java> 82226b58 mfspr r12,LR (GhidraScript)  
INFO  DumpRange.java> 82226b5c bl 0x823864f8 (GhidraScript)  
INFO  DumpRange.java> 82226b60 stfd f31,-0x30(r1) (GhidraScript)  
INFO  DumpRange.java> 82226b64 stwu r1,-0x80(r1) (GhidraScript)  
INFO  DumpRange.java> 82226b68 or r29,r4,r4 (GhidraScript)  
INFO  DumpRange.java> 82226b6c fmr f31,f1 (GhidraScript)  
INFO  DumpRange.java> 82226b70 li r31,0x0 (GhidraScript)  
INFO  DumpRange.java> 82226b74 addi r30,r3,0x90 (GhidraScript)  
INFO  DumpRange.java> 82226b78 addi r28,r3,0x103 (GhidraScript)  
INFO  DumpRange.java> 82226b7c lbzx r11,r28,r31 (GhidraScript)  
INFO  DumpRange.java> 82226b80 cmplwi cr6,r11,0x0 (GhidraScript)  
INFO  DumpRange.java> 82226b84 beq cr6,0x82226ba0 (GhidraScript)  
INFO  DumpRange.java> 82226b88 lwz r3,0x0(r30) (GhidraScript)  
INFO  DumpRange.java> 82226b8c cmplwi cr6,r3,0x0 (GhidraScript)  
INFO  DumpRange.java> 82226b90 beq cr6,0x82226ba0 (GhidraScript)  
INFO  DumpRange.java> 82226b94 or r4,r29,r29 (GhidraScript)  
INFO  DumpRange.java> 82226b98 fmr f1,f31 (GhidraScript)  
INFO  DumpRange.java> 82226b9c bl 0x822842b8 (GhidraScript)  
INFO  DumpRange.java> 82226ba0 addi r31,r31,0x1 (GhidraScript)  
INFO  DumpRange.java> 82226ba4 addi r30,r30,0x4 (GhidraScript)  
INFO  DumpRange.java> 82226ba8 cmpwi cr6,r31,0xa (GhidraScript)  
INFO  DumpRange.java> 82226bac blt cr6,0x82226b7c (GhidraScript)  
INFO  DumpRange.java> 82226bb0 addi r1,r1,0x80 (GhidraScript)  
INFO  DumpRange.java> 82226bb4 lfd f31,-0x30(r1) (GhidraScript)  
INFO  DumpRange.java> 82226bb8 b 0x82386548 (GhidraScript)  
INFO  DumpRange.java> 82226bbc <not-disassembled> (GhidraScript)  
INFO  DumpRange.java> 82226bc0 mfspr r12,LR (GhidraScript)  
INFO  DumpRange.java> 82226bc4 bl 0x823864fc (GhidraScript)  
INFO  DumpRange.java> 82226bc8 stfd f31,-0x28(r1) (GhidraScript)  
INFO  DumpRange.java> 82226bcc stwu r1,-0x150(r1) (GhidraScript)  
INFO  DumpRange.java> 82226bd0 li r11,0xc4 (GhidraScript)  
INFO  DumpRange.java> 82226bd4 fmr f31,f1 (GhidraScript)  
INFO  DumpRange.java> 82226bd8 or r29,r3,r3 (GhidraScript)  
INFO  DumpRange.java> 82226bdc stw r11,0x50(r1) (GhidraScript)  
INFO  DumpRange.java> 82226be0 li r11,0xc5 (GhidraScript)  
INFO  DumpRange.java> 82226be4 stw r11,0x54(r1) (GhidraScript)  
INFO  DumpRange.java> 82226be8 li r11,0xc6 (GhidraScript)  
INFO  DumpRange.java> 82226bec stw r11,0x58(r1) (GhidraScript)  
INFO  DumpRange.java> 82226bf0 li r11,0xc7 (GhidraScript)  
INFO  DumpRange.java> 82226bf4 stw r11,0x5c(r1) (GhidraScript)  
INFO  DumpRange.java> 82226bf8 li r11,0xc8 (GhidraScript)  
INFO  DumpRange.java> 82226bfc stw r11,0x60(r1) (GhidraScript)  
INFO  DumpRange.java> 82226c00 li r11,0xc9 (GhidraScript)  
INFO  DumpRange.java> 82226c04 stw r11,0x64(r1) (GhidraScript)  
INFO  DumpRange.java> 82226c08 li r11,0xca (GhidraScript)  
INFO  DumpRange.java> 82226c0c stw r11,0x68(r1) (GhidraScript)  
INFO  DumpRange.java> 82226c10 li r11,0xcb (GhidraScript)  
INFO  DumpRange.java> 82226c14 stw r11,0x6c(r1) (GhidraScript)  
INFO  DumpRange.java> 82226c18 li r11,0xcc (GhidraScript)  
INFO  DumpRange.java> 82226c1c stw r11,0x70(r1) (GhidraScript)  
INFO  DumpRange.java> 82226c20 li r11,0xcd (GhidraScript)  
INFO  DumpRange.java> 82226c24 stw r11,0x74(r1) (GhidraScript)  
INFO  DumpRange.java> 82226c28 li r11,0xce (GhidraScript)  
INFO  DumpRange.java> 82226c2c stw r11,0x78(r1) (GhidraScript)  
INFO  REPORT: Save succeeded for processed file: /default.xex (HeadlessAnalyzer)  
