openjdk version "21.0.11" 2026-04-21
OpenJDK Runtime Environment (build 21.0.11+10-1-26.04.2-Ubuntu)
OpenJDK 64-Bit Server VM (build 21.0.11+10-1-26.04.2-Ubuntu, mixed mode)
INFO  Using log config file: jar:file:/fastdata/lavaulta/auto-re-agent/.tools/ghidra_12.1.2_PUBLIC/Ghidra/Framework/Generic/lib/Generic.jar!/generic.log4j.xml (LoggingInitialization)  
INFO  Using log file: /home/lavaulta/.config/ghidra/ghidra_12.1.2_PUBLIC/application.log (LoggingInitialization)  
INFO  Loading user preferences: /home/lavaulta/.config/ghidra/ghidra_12.1.2_PUBLIC/preferences (Preferences)  
INFO  Searching for classes... (ClassSearcher)  
INFO  Ignoring class 'xexloaderwv.XEXLoaderWVLoader' from '/fastdata/lavaulta/auto-re-agent/.tools/ghidra_12.1.2_PUBLIC/Ghidra/Extensions/XEXLoaderWV/lib/XEXLoaderWV.jar'. Already found at '/fastdata/lavaulta/auto-re-agent/.tools/ghidra_12.1.2_PUBLIC/Ghidra/patch/XEXLoaderWV-java21.jar'. (ClassSearcher)  
INFO  Class search complete (1651 ms) (ClassSearcher)  
INFO  Initializing SSL Context (DefaultSSLContextInitializer)  
INFO  Initializing Random Number Generator... (SecureRandomFactory)  
INFO  Random Number Generator initialization complete: NativePRNGNonBlocking (SecureRandomFactory)  
INFO  Trust manager disabled, cacerts have not been set (DefaultTrustManagerFactory)  
INFO  Headless startup complete (3220 ms) (AnalyzeHeadless)  
INFO  Class searcher loaded 59 extension points (20 false positives) (ClassSearcher)  
INFO  HEADLESS Script Paths:
    /fastdata/lavaulta/auto-re-agent/.tools/ghidra_12.1.2_PUBLIC/Ghidra/Features/MicrosoftCodeAnalyzer/ghidra_scripts
    /fastdata/lavaulta/auto-re-agent/.tools/ghidra_12.1.2_PUBLIC/Ghidra/Features/PDB/ghidra_scripts
    /fastdata/lavaulta/auto-re-agent/.tools/ghidra_12.1.2_PUBLIC/Ghidra/Processors/8051/ghidra_scripts
    /fastdata/lavaulta/auto-re-agent/.tools/ghidra_12.1.2_PUBLIC/Ghidra/Features/Base/ghidra_scripts
    /fastdata/lavaulta/auto-re-agent/workspaces/ace-combat-6/scripts
    /fastdata/lavaulta/auto-re-agent/.tools/ghidra_12.1.2_PUBLIC/Ghidra/Features/FileFormats/ghidra_scripts
    /fastdata/lavaulta/auto-re-agent/.tools/ghidra_12.1.2_PUBLIC/Ghidra/Features/GnuDemangler/ghidra_scripts
    /fastdata/lavaulta/auto-re-agent/.tools/ghidra_12.1.2_PUBLIC/Ghidra/Extensions/ghidra-emotionengine-reloaded/ghidra_scripts
    /fastdata/lavaulta/auto-re-agent/.tools/ghidra_12.1.2_PUBLIC/Ghidra/Features/Decompiler/ghidra_scripts
    /fastdata/lavaulta/auto-re-agent/.tools/ghidra_12.1.2_PUBLIC/Ghidra/Features/FunctionID/ghidra_scripts
    /fastdata/lavaulta/auto-re-agent/.tools/ghidra_12.1.2_PUBLIC/Ghidra/Features/DecompilerDependent/ghidra_scripts
    /fastdata/lavaulta/auto-re-agent/.tools/ghidra_12.1.2_PUBLIC/Ghidra/Processors/DATA/ghidra_scripts
    /fastdata/lavaulta/auto-re-agent/.tools/ghidra_12.1.2_PUBLIC/Ghidra/Debug/Debugger-rmi-trace/ghidra_scripts
    /fastdata/lavaulta/auto-re-agent/.tools/ghidra_12.1.2_PUBLIC/Ghidra/Features/SwiftDemangler/ghidra_scripts
    /fastdata/lavaulta/auto-re-agent/.tools/ghidra_12.1.2_PUBLIC/Ghidra/Debug/Debugger/ghidra_scripts
    /fastdata/lavaulta/auto-re-agent/.tools/ghidra_12.1.2_PUBLIC/Ghidra/Processors/PIC/ghidra_scripts
    /fastdata/lavaulta/auto-re-agent/.tools/ghidra_12.1.2_PUBLIC/Ghidra/Extensions/XEXLoaderWV/ghidra_scripts
    /fastdata/lavaulta/auto-re-agent/.tools/ghidra_12.1.2_PUBLIC/Ghidra/Features/WildcardAssembler/ghidra_scripts
    /fastdata/lavaulta/auto-re-agent/.tools/ghidra_12.1.2_PUBLIC/Ghidra/Features/PyGhidra/ghidra_scripts
    /fastdata/lavaulta/auto-re-agent/.tools/ghidra_12.1.2_PUBLIC/Ghidra/Features/BSim/ghidra_scripts
    /fastdata/lavaulta/auto-re-agent/.tools/ghidra_12.1.2_PUBLIC/Ghidra/Features/VersionTracking/ghidra_scripts
    /fastdata/lavaulta/auto-re-agent/.tools/ghidra_12.1.2_PUBLIC/Ghidra/Features/BytePatterns/ghidra_scripts
    /fastdata/lavaulta/auto-re-agent/.tools/ghidra_12.1.2_PUBLIC/Ghidra/Processors/Atmel/ghidra_scripts
    /fastdata/lavaulta/auto-re-agent/.tools/ghidra_12.1.2_PUBLIC/Ghidra/Features/SystemEmulation/ghidra_scripts
    /fastdata/lavaulta/auto-re-agent/.tools/ghidra_12.1.2_PUBLIC/Ghidra/Processors/JVM/ghidra_scripts (HeadlessAnalyzer)  
INFO  HEADLESS: execution starts (HeadlessAnalyzer)  
INFO  Opening existing project: /fastdata/lavaulta/auto-re-agent/workspaces/ace-combat-6/ghidra-projects/ace-combat-6-corrected (HeadlessAnalyzer)  
INFO  Opening project: /fastdata/lavaulta/auto-re-agent/workspaces/ace-combat-6/ghidra-projects/ace-combat-6-corrected (HeadlessProject)  
INFO  REPORT: Processing project file: /default.xex (HeadlessAnalyzer)  
INFO  REPORT: Execute script: DumpRange.java '0x8228df20' '0x8228e280'  (HeadlessAnalyzer)  
INFO  SCRIPT: /fastdata/lavaulta/auto-re-agent/workspaces/ace-combat-6/scripts/DumpRange.java (HeadlessAnalyzer)  
INFO  DumpRange.java> 8228df20 lwz r28,0x8(r11) (GhidraScript)  
INFO  DumpRange.java> 8228df24 stfs f0,0x10(r27) (GhidraScript)  
INFO  DumpRange.java> 8228df28 bne cr6,0x8228e0ac (GhidraScript)  
INFO  DumpRange.java> 8228df2c lfs f0,0x368(r24) (GhidraScript)  
INFO  DumpRange.java> 8228df30 fcmpu cr6,f0,f30 (GhidraScript)  
INFO  DumpRange.java> 8228df34 blt cr6,0x8228e0ac (GhidraScript)  
INFO  DumpRange.java> 8228df38 fsubs f0,f0,f29 (GhidraScript)  
INFO  DumpRange.java> 8228df3c stfs f0,0x368(r24) (GhidraScript)  
INFO  DumpRange.java> 8228df40 fcmpu cr6,f0,f30 (GhidraScript)  
INFO  DumpRange.java> 8228df44 bgt cr6,0x8228e0ac (GhidraScript)  
INFO  DumpRange.java> 8228df48 stfs f28,0x368(r24) (GhidraScript)  
INFO  DumpRange.java> 8228df4c lbz r11,0x1e(r28) (GhidraScript)  
INFO  DumpRange.java> 8228df50 cmplwi cr6,r11,0x0 (GhidraScript)  
INFO  DumpRange.java> 8228df54 beq cr6,0x8228e038 (GhidraScript)  
INFO  DumpRange.java> 8228df58 or r29,r21,r21 (GhidraScript)  
INFO  DumpRange.java> 8228df5c rlwinm r10,r29,0x0,0x18,0x1f (GhidraScript)  
INFO  DumpRange.java> 8228df60 cmplw cr6,r10,r11 (GhidraScript)  
INFO  DumpRange.java> 8228df64 blt cr6,0x8228df74 (GhidraScript)  
INFO  DumpRange.java> 8228df68 li r30,0xff (GhidraScript)  
INFO  DumpRange.java> 8228df6c li r31,0xff (GhidraScript)  
INFO  DumpRange.java> 8228df70 b 0x8228df8c (GhidraScript)  
INFO  DumpRange.java> 8228df74 addi r11,r10,0x10 (GhidraScript)  
INFO  DumpRange.java> 8228df78 rlwinm r11,r11,0x1,0x0,0x1e (GhidraScript)  
INFO  DumpRange.java> 8228df7c lhzx r11,r11,r28 (GhidraScript)  
INFO  DumpRange.java> 8228df80 rlwinm r10,r11,0x18,0x8,0x1f (GhidraScript)  
INFO  DumpRange.java> 8228df84 rlwinm r31,r11,0x0,0x18,0x1f (GhidraScript)  
INFO  DumpRange.java> 8228df88 rlwinm r30,r10,0x0,0x18,0x1f (GhidraScript)  
INFO  DumpRange.java> 8228df8c lwz r11,0x4eb4(r22) (GhidraScript)  
INFO  DumpRange.java> 8228df90 lwzx r11,r11,r20 (GhidraScript)  
INFO  DumpRange.java> 8228df94 lwz r3,0x29c(r11) (GhidraScript)  
INFO  DumpRange.java> 8228df98 lwz r11,0x0(r3) (GhidraScript)  
INFO  DumpRange.java> 8228df9c lwz r11,0x20(r11) (GhidraScript)  
INFO  DumpRange.java> 8228dfa0 mtspr CTR,r11 (GhidraScript)  
INFO  DumpRange.java> 8228dfa4 bctrl (GhidraScript)  
INFO  DumpRange.java> 8228dfa8 rlwinm r11,r30,0x0,0x18,0x1f (GhidraScript)  
INFO  DumpRange.java> 8228dfac rlwinm r10,r31,0x0,0x18,0x1f (GhidraScript)  
INFO  DumpRange.java> 8228dfb0 cmpwi cr6,r11,0xff (GhidraScript)  
INFO  DumpRange.java> 8228dfb4 beq cr6,0x8228e010 (GhidraScript)  
INFO  DumpRange.java> 8228dfb8 cmpwi cr6,r11,0xfe (GhidraScript)  
INFO  DumpRange.java> 8228dfbc beq cr6,0x8228e010 (GhidraScript)  
INFO  DumpRange.java> 8228dfc0 addi r11,r11,0x1 (GhidraScript)  
INFO  DumpRange.java> 8228dfc4 rlwinm r9,r11,0x2,0x0,0x1d (GhidraScript)  
INFO  DumpRange.java> 8228dfc8 lwz r11,0x4eb4(r22) (GhidraScript)  
INFO  DumpRange.java> 8228dfcc lwzx r11,r11,r18 (GhidraScript)  
INFO  DumpRange.java> 8228dfd0 lwzx r11,r9,r11 (GhidraScript)  
INFO  DumpRange.java> 8228dfd4 cmplwi cr6,r11,0x0 (GhidraScript)  
INFO  DumpRange.java> 8228dfd8 beq cr6,0x8228e010 (GhidraScript)  
INFO  DumpRange.java> 8228dfdc cmpwi cr6,r10,0xff (GhidraScript)  
INFO  DumpRange.java> 8228dfe0 beq cr6,0x8228e010 (GhidraScript)  
INFO  DumpRange.java> 8228dfe4 lwz r9,0xdc(r11) (GhidraScript)  
INFO  DumpRange.java> 8228dfe8 cmpwi cr6,r9,0x0 (GhidraScript)  
INFO  DumpRange.java> 8228dfec beq cr6,0x8228e010 (GhidraScript)  
INFO  DumpRange.java> 8228dff0 cmpwi cr6,r10,0x0 (GhidraScript)  
INFO  DumpRange.java> 8228dff4 blt cr6,0x8228e010 (GhidraScript)  
INFO  DumpRange.java> 8228dff8 cmpw cr6,r10,r9 (GhidraScript)  
INFO  DumpRange.java> 8228dffc bge cr6,0x8228e010 (GhidraScript)  
INFO  DumpRange.java> 8228e000 lwz r11,0xd8(r11) (GhidraScript)  
INFO  DumpRange.java> 8228e004 rlwinm r10,r10,0x2,0x0,0x1d (GhidraScript)  
INFO  DumpRange.java> 8228e008 lwzx r4,r11,r10 (GhidraScript)  
INFO  DumpRange.java> 8228e00c b 0x8228e014 (GhidraScript)  
INFO  DumpRange.java> 8228e010 or r4,r21,r21 (GhidraScript)  
INFO  DumpRange.java> 8228e014 lwz r11,0x0(r3) (GhidraScript)  
INFO  DumpRange.java> 8228e018 lwz r11,0x40(r11) (GhidraScript)  
INFO  DumpRange.java> 8228e01c mtspr CTR,r11 (GhidraScript)  
INFO  DumpRange.java> 8228e020 bctrl (GhidraScript)  
INFO  DumpRange.java> 8228e024 lbz r11,0x1e(r28) (GhidraScript)  
INFO  DumpRange.java> 8228e028 addi r29,r29,0x1 (GhidraScript)  
INFO  DumpRange.java> 8228e02c cmplw cr6,r29,r11 (GhidraScript)  
INFO  DumpRange.java> 8228e030 blt cr6,0x8228df5c (GhidraScript)  
INFO  DumpRange.java> 8228e034 b 0x8228e0ac (GhidraScript)  
INFO  DumpRange.java> 8228e038 cmplwi cr6,r30,0x0 (GhidraScript)  
INFO  DumpRange.java> 8228e03c beq cr6,0x8228e0ac (GhidraScript)  
INFO  DumpRange.java> 8228e040 lwz r11,0x4(r30) (GhidraScript)  
INFO  DumpRange.java> 8228e044 or r31,r21,r21 (GhidraScript)  
INFO  DumpRange.java> 8228e048 lbz r10,0x2a(r11) (GhidraScript)  
INFO  DumpRange.java> 8228e04c cmplwi cr6,r10,0x0 (GhidraScript)  
INFO  DumpRange.java> 8228e050 beq cr6,0x8228e0ac (GhidraScript)  
INFO  DumpRange.java> 8228e054 cmplw cr6,r31,r10 (GhidraScript)  
INFO  DumpRange.java> 8228e058 bge cr6,0x8228e068 (GhidraScript)  
INFO  DumpRange.java> 8228e05c add r9,r11,r31 (GhidraScript)  
INFO  DumpRange.java> 8228e060 lbz r9,0x22(r9) (GhidraScript)  
INFO  DumpRange.java> 8228e064 b 0x8228e06c (GhidraScript)  
INFO  DumpRange.java> 8228e068 li r9,0xff (GhidraScript)  
INFO  DumpRange.java> 8228e06c cmplw cr6,r31,r10 (GhidraScript)  
INFO  DumpRange.java> 8228e070 bge cr6,0x8228e080 (GhidraScript)  
INFO  DumpRange.java> 8228e074 add r11,r11,r31 (GhidraScript)  
INFO  DumpRange.java> 8228e078 lbz r11,0x1a(r11) (GhidraScript)  
INFO  DumpRange.java> 8228e07c b 0x8228e084 (GhidraScript)  
INFO  DumpRange.java> 8228e080 li r11,0xff (GhidraScript)  
INFO  DumpRange.java> 8228e084 rlwinm r4,r11,0x0,0x18,0x1f (GhidraScript)  
INFO  DumpRange.java> 8228e088 lwz r11,0x4eb4(r22) (GhidraScript)  
INFO  DumpRange.java> 8228e08c rlwinm r5,r9,0x0,0x18,0x1f (GhidraScript)  
INFO  DumpRange.java> 8228e090 lwzx r3,r11,r20 (GhidraScript)  
INFO  DumpRange.java> 8228e094 bl 0x8226ad98 (GhidraScript)  
INFO  DumpRange.java> 8228e098 lwz r11,0x4(r30) (GhidraScript)  
INFO  DumpRange.java> 8228e09c addi r31,r31,0x1 (GhidraScript)  
INFO  DumpRange.java> 8228e0a0 lbz r10,0x2a(r11) (GhidraScript)  
INFO  DumpRange.java> 8228e0a4 cmplw cr6,r31,r10 (GhidraScript)  
INFO  DumpRange.java> 8228e0a8 blt cr6,0x8228e05c (GhidraScript)  
INFO  DumpRange.java> 8228e0ac lfs f0,0x10(r27) (GhidraScript)  
INFO  DumpRange.java> 8228e0b0 or r31,r21,r21 (GhidraScript)  
INFO  DumpRange.java> 8228e0b4 fcmpu cr6,f0,f30 (GhidraScript)  
INFO  DumpRange.java> 8228e0b8 bgt cr6,0x8228e0c0 (GhidraScript)  
INFO  DumpRange.java> 8228e0bc li r31,0x1 (GhidraScript)  
INFO  DumpRange.java> 8228e0c0 lwz r11,0x0(r23) (GhidraScript)  
INFO  DumpRange.java> 8228e0c4 or r4,r26,r26 (GhidraScript)  
INFO  DumpRange.java> 8228e0c8 or r3,r23,r23 (GhidraScript)  
INFO  DumpRange.java> 8228e0cc lwz r11,0x148(r11) (GhidraScript)  
INFO  DumpRange.java> 8228e0d0 mtspr CTR,r11 (GhidraScript)  
INFO  DumpRange.java> 8228e0d4 bctrl (GhidraScript)  
INFO  DumpRange.java> 8228e0d8 rlwinm r11,r3,0x0,0x18,0x1f (GhidraScript)  
INFO  DumpRange.java> 8228e0dc cmplwi cr6,r11,0x0 (GhidraScript)  
INFO  DumpRange.java> 8228e0e0 beq cr6,0x8228e0f0 (GhidraScript)  
INFO  DumpRange.java> 8228e0e4 rlwinm r11,r31,0x0,0x18,0x1f (GhidraScript)  
INFO  DumpRange.java> 8228e0e8 cmplwi cr6,r11,0x0 (GhidraScript)  
INFO  DumpRange.java> 8228e0ec beq cr6,0x8228e2d8 (GhidraScript)  
INFO  DumpRange.java> 8228e0f0 cmpwi cr6,r26,0x0 (GhidraScript)  
INFO  DumpRange.java> 8228e0f4 bne cr6,0x8228e118 (GhidraScript)  
INFO  DumpRange.java> 8228e0f8 lwz r11,0x4(r28) (GhidraScript)  
INFO  DumpRange.java> 8228e0fc lbz r11,0x2e(r11) (GhidraScript)  
INFO  DumpRange.java> 8228e100 rlwinm r11,r11,0x0,0x1e,0x1e (GhidraScript)  
INFO  DumpRange.java> 8228e104 cmplwi cr6,r11,0x0 (GhidraScript)  
INFO  DumpRange.java> 8228e108 beq cr6,0x8228e118 (GhidraScript)  
INFO  DumpRange.java> 8228e10c li r11,0x7 (GhidraScript)  
INFO  DumpRange.java> 8228e110 stw r11,0x8(r24) (GhidraScript)  
INFO  DumpRange.java> 8228e114 b 0x8228e2d8 (GhidraScript)  
INFO  DumpRange.java> 8228e118 stw r17,0x0(r25) (GhidraScript)  
INFO  DumpRange.java> 8228e11c b 0x8228e2d8 (GhidraScript)  
INFO  DumpRange.java> 8228e120 lwz r11,0x0(r23) (GhidraScript)  
INFO  DumpRange.java> 8228e124 addi r7,r27,0x14 (GhidraScript)  
INFO  DumpRange.java> 8228e128 li r6,0x6 (GhidraScript)  
INFO  DumpRange.java> 8228e12c li r5,0x1 (GhidraScript)  
INFO  DumpRange.java> 8228e130 or r4,r26,r26 (GhidraScript)  
INFO  DumpRange.java> 8228e134 or r3,r23,r23 (GhidraScript)  
INFO  DumpRange.java> 8228e138 lwz r11,0x158(r11) (GhidraScript)  
INFO  DumpRange.java> 8228e13c mtspr CTR,r11 (GhidraScript)  
INFO  DumpRange.java> 8228e140 bctrl (GhidraScript)  
INFO  DumpRange.java> 8228e144 stw r14,0x0(r25) (GhidraScript)  
INFO  DumpRange.java> 8228e148 lwz r11,0x4eb4(r22) (GhidraScript)  
INFO  DumpRange.java> 8228e14c or r5,r26,r26 (GhidraScript)  
INFO  DumpRange.java> 8228e150 li r4,0x6 (GhidraScript)  
INFO  DumpRange.java> 8228e154 lwzx r3,r11,r19 (GhidraScript)  
INFO  DumpRange.java> 8228e158 bl 0x82253e70 (GhidraScript)  
INFO  DumpRange.java> 8228e15c lfs f0,0x10(r27) (GhidraScript)  
INFO  DumpRange.java> 8228e160 addi r4,r27,0x14 (GhidraScript)  
INFO  DumpRange.java> 8228e164 fsubs f0,f0,f29 (GhidraScript)  
INFO  DumpRange.java> 8228e168 stfs f0,0x10(r27) (GhidraScript)  
INFO  DumpRange.java> 8228e16c lwz r11,0x0(r23) (GhidraScript)  
INFO  DumpRange.java> 8228e170 or r3,r23,r23 (GhidraScript)  
INFO  DumpRange.java> 8228e174 lwz r11,0xa4(r11) (GhidraScript)  
INFO  DumpRange.java> 8228e178 mtspr CTR,r11 (GhidraScript)  
INFO  DumpRange.java> 8228e17c bctrl (GhidraScript)  
INFO  DumpRange.java> 8228e180 rlwinm r11,r3,0x0,0x18,0x1f (GhidraScript)  
INFO  DumpRange.java> 8228e184 cmplwi cr6,r11,0x0 (GhidraScript)  
INFO  DumpRange.java> 8228e188 beq cr6,0x8228e2d8 (GhidraScript)  
INFO  DumpRange.java> 8228e18c lwz r11,0xc(r27) (GhidraScript)  
INFO  DumpRange.java> 8228e190 lwz r11,0x8(r11) (GhidraScript)  
INFO  DumpRange.java> 8228e194 cmplwi cr6,r11,0x0 (GhidraScript)  
INFO  DumpRange.java> 8228e198 beq cr6,0x8228e1ac (GhidraScript)  
INFO  DumpRange.java> 8228e19c stw r17,0x0(r25) (GhidraScript)  
INFO  DumpRange.java> 8228e1a0 lwz r11,0x4(r11) (GhidraScript)  
INFO  DumpRange.java> 8228e1a4 lfs f0,0x18(r11) (GhidraScript)  
INFO  DumpRange.java> 8228e1a8 stfs f0,0x10(r27) (GhidraScript)  
INFO  DumpRange.java> 8228e1ac lfs f0,0x10(r27) (GhidraScript)  
INFO  DumpRange.java> 8228e1b0 fsubs f0,f0,f29 (GhidraScript)  
INFO  DumpRange.java> 8228e1b4 stfs f0,0x10(r27) (GhidraScript)  
INFO  DumpRange.java> 8228e1b8 fcmpu cr6,f0,f30 (GhidraScript)  
INFO  DumpRange.java> 8228e1bc bgt cr6,0x8228e2d8 (GhidraScript)  
INFO  DumpRange.java> 8228e1c0 li r11,0xa (GhidraScript)  
INFO  DumpRange.java> 8228e1c4 stfs f30,0x10(r27) (GhidraScript)  
INFO  DumpRange.java> 8228e1c8 stw r11,0x0(r25) (GhidraScript)  
INFO  DumpRange.java> 8228e1cc lwz r11,0xc(r27) (GhidraScript)  
INFO  DumpRange.java> 8228e1d0 lwz r31,0x8(r11) (GhidraScript)  
INFO  DumpRange.java> 8228e1d4 lwz r30,0xc(r11) (GhidraScript)  
INFO  DumpRange.java> 8228e1d8 cmplwi cr6,r31,0x0 (GhidraScript)  
INFO  DumpRange.java> 8228e1dc beq cr6,0x8228e26c (GhidraScript)  
INFO  DumpRange.java> 8228e1e0 lwz r11,0x4eb4(r22) (GhidraScript)  
INFO  DumpRange.java> 8228e1e4 or r4,r26,r26 (GhidraScript)  
INFO  DumpRange.java> 8228e1e8 lwzx r3,r11,r19 (GhidraScript)  
INFO  DumpRange.java> 8228e1ec bl 0x82253d18 (GhidraScript)  
INFO  DumpRange.java> 8228e1f0 lhz r11,0x18(r31) (GhidraScript)  
INFO  DumpRange.java> 8228e1f4 extsh r10,r11 (GhidraScript)  
INFO  DumpRange.java> 8228e1f8 cmpwi cr6,r10,-0x1 (GhidraScript)  
INFO  DumpRange.java> 8228e1fc bgt cr6,0x8228e214 (GhidraScript)  
INFO  DumpRange.java> 8228e200 lwz r11,0x4(r31) (GhidraScript)  
INFO  DumpRange.java> 8228e204 lhz r11,0x6(r11) (GhidraScript)  
INFO  DumpRange.java> 8228e208 extsh r10,r11 (GhidraScript)  
INFO  DumpRange.java> 8228e20c cmpwi cr6,r10,-0x1 (GhidraScript)  
INFO  DumpRange.java> 8228e210 ble cr6,0x8228e26c (GhidraScript)  
INFO  DumpRange.java> 8228e214 lwz r10,0x36c(r24) (GhidraScript)  
INFO  DumpRange.java> 8228e218 extsh r4,r11 (GhidraScript)  
INFO  DumpRange.java> 8228e21c lwz r3,0x10(r10) (GhidraScript)  
INFO  DumpRange.java> 8228e220 bl 0x8228f548 (GhidraScript)  
INFO  DumpRange.java> 8228e224 cmplwi cr6,r3,0x0 (GhidraScript)  
INFO  DumpRange.java> 8228e228 beq cr6,0x8228e26c (GhidraScript)  
INFO  DumpRange.java> 8228e22c lwz r11,0x18(r27) (GhidraScript)  
INFO  DumpRange.java> 8228e230 rlwinm r11,r11,0x0,0x1f,0x1f (GhidraScript)  
INFO  DumpRange.java> 8228e234 cmplwi cr6,r11,0x0 (GhidraScript)  
INFO  DumpRange.java> 8228e238 bne cr6,0x8228e26c (GhidraScript)  
INFO  DumpRange.java> 8228e23c lwz r10,0x54(r1) (GhidraScript)  
INFO  DumpRange.java> 8228e240 addi r8,r1,0x58 (GhidraScript)  
INFO  DumpRange.java> 8228e244 lbz r9,0x1b(r31) (GhidraScript)  
INFO  DumpRange.java> 8228e248 addi r7,r1,0x60 (GhidraScript)  
INFO  DumpRange.java> 8228e24c rlwinm r11,r10,0x2,0x0,0x1d (GhidraScript)  
INFO  DumpRange.java> 8228e250 addi r10,r10,0x1 (GhidraScript)  
INFO  DumpRange.java> 8228e254 stb r9,0x1b(r3) (GhidraScript)  
INFO  DumpRange.java> 8228e258 stwx r3,r11,r8 (GhidraScript)  
INFO  DumpRange.java> 8228e25c stw r10,0x54(r1) (GhidraScript)  
INFO  DumpRange.java> 8228e260 lbz r10,0x1a(r31) (GhidraScript)  
INFO  DumpRange.java> 8228e264 stwx r30,r11,r7 (GhidraScript)  
INFO  DumpRange.java> 8228e268 stb r10,0x1a(r3) (GhidraScript)  
INFO  DumpRange.java> 8228e26c or r4,r25,r25 (GhidraScript)  
INFO  DumpRange.java> 8228e270 or r3,r24,r24 (GhidraScript)  
INFO  DumpRange.java> 8228e274 bl 0x8228c860 (GhidraScript)  
INFO  DumpRange.java> 8228e278 cmplwi cr6,r30,0x0 (GhidraScript)  
INFO  DumpRange.java> 8228e27c beq cr6,0x8228e288 (GhidraScript)  
INFO  REPORT: Save succeeded for processed file: /default.xex (HeadlessAnalyzer)  
