openjdk version "21.0.11" 2026-04-21
OpenJDK Runtime Environment (build 21.0.11+10-1-26.04.2-Ubuntu)
OpenJDK 64-Bit Server VM (build 21.0.11+10-1-26.04.2-Ubuntu, mixed mode)
INFO  Using log config file: jar:file:/fastdata/lavaulta/auto-re-agent/.tools/ghidra_12.1.2_PUBLIC/Ghidra/Framework/Generic/lib/Generic.jar!/generic.log4j.xml (LoggingInitialization)  
INFO  Using log file: /home/lavaulta/.config/ghidra/ghidra_12.1.2_PUBLIC/application.log (LoggingInitialization)  
INFO  Loading user preferences: /home/lavaulta/.config/ghidra/ghidra_12.1.2_PUBLIC/preferences (Preferences)  
INFO  Searching for classes... (ClassSearcher)  
INFO  Ignoring class 'xexloaderwv.XEXLoaderWVLoader' from '/fastdata/lavaulta/auto-re-agent/.tools/ghidra_12.1.2_PUBLIC/Ghidra/Extensions/XEXLoaderWV/lib/XEXLoaderWV.jar'. Already found at '/fastdata/lavaulta/auto-re-agent/.tools/ghidra_12.1.2_PUBLIC/Ghidra/patch/XEXLoaderWV-java21.jar'. (ClassSearcher)  
INFO  Class search complete (1700 ms) (ClassSearcher)  
INFO  Initializing SSL Context (DefaultSSLContextInitializer)  
INFO  Initializing Random Number Generator... (SecureRandomFactory)  
INFO  Random Number Generator initialization complete: NativePRNGNonBlocking (SecureRandomFactory)  
INFO  Trust manager disabled, cacerts have not been set (DefaultTrustManagerFactory)  
INFO  Headless startup complete (3312 ms) (AnalyzeHeadless)  
INFO  Class searcher loaded 59 extension points (20 false positives) (ClassSearcher)  
INFO  HEADLESS Script Paths:
    /fastdata/lavaulta/auto-re-agent/.tools/ghidra_12.1.2_PUBLIC/Ghidra/Features/MicrosoftCodeAnalyzer/ghidra_scripts
    /fastdata/lavaulta/auto-re-agent/.tools/ghidra_12.1.2_PUBLIC/Ghidra/Features/PDB/ghidra_scripts
    /fastdata/lavaulta/auto-re-agent/.tools/ghidra_12.1.2_PUBLIC/Ghidra/Processors/8051/ghidra_scripts
    /fastdata/lavaulta/auto-re-agent/.tools/ghidra_12.1.2_PUBLIC/Ghidra/Features/Base/ghidra_scripts
    /fastdata/lavaulta/auto-re-agent/workspaces/ace-combat-6/scripts
    /fastdata/lavaulta/auto-re-agent/.tools/ghidra_12.1.2_PUBLIC/Ghidra/Features/FileFormats/ghidra_scripts
    /fastdata/lavaulta/auto-re-agent/.tools/ghidra_12.1.2_PUBLIC/Ghidra/Features/GnuDemangler/ghidra_scripts
    /fastdata/lavaulta/auto-re-agent/.tools/ghidra_12.1.2_PUBLIC/Ghidra/Extensions/ghidra-emotionengine-reloaded/ghidra_scripts
    /fastdata/lavaulta/auto-re-agent/.tools/ghidra_12.1.2_PUBLIC/Ghidra/Features/Decompiler/ghidra_scripts
    /fastdata/lavaulta/auto-re-agent/.tools/ghidra_12.1.2_PUBLIC/Ghidra/Features/FunctionID/ghidra_scripts
    /fastdata/lavaulta/auto-re-agent/.tools/ghidra_12.1.2_PUBLIC/Ghidra/Features/DecompilerDependent/ghidra_scripts
    /fastdata/lavaulta/auto-re-agent/.tools/ghidra_12.1.2_PUBLIC/Ghidra/Processors/DATA/ghidra_scripts
    /fastdata/lavaulta/auto-re-agent/.tools/ghidra_12.1.2_PUBLIC/Ghidra/Debug/Debugger-rmi-trace/ghidra_scripts
    /fastdata/lavaulta/auto-re-agent/.tools/ghidra_12.1.2_PUBLIC/Ghidra/Features/SwiftDemangler/ghidra_scripts
    /fastdata/lavaulta/auto-re-agent/.tools/ghidra_12.1.2_PUBLIC/Ghidra/Debug/Debugger/ghidra_scripts
    /fastdata/lavaulta/auto-re-agent/.tools/ghidra_12.1.2_PUBLIC/Ghidra/Processors/PIC/ghidra_scripts
    /fastdata/lavaulta/auto-re-agent/.tools/ghidra_12.1.2_PUBLIC/Ghidra/Extensions/XEXLoaderWV/ghidra_scripts
    /fastdata/lavaulta/auto-re-agent/.tools/ghidra_12.1.2_PUBLIC/Ghidra/Features/WildcardAssembler/ghidra_scripts
    /fastdata/lavaulta/auto-re-agent/.tools/ghidra_12.1.2_PUBLIC/Ghidra/Features/PyGhidra/ghidra_scripts
    /fastdata/lavaulta/auto-re-agent/.tools/ghidra_12.1.2_PUBLIC/Ghidra/Features/BSim/ghidra_scripts
    /fastdata/lavaulta/auto-re-agent/.tools/ghidra_12.1.2_PUBLIC/Ghidra/Features/VersionTracking/ghidra_scripts
    /fastdata/lavaulta/auto-re-agent/.tools/ghidra_12.1.2_PUBLIC/Ghidra/Features/BytePatterns/ghidra_scripts
    /fastdata/lavaulta/auto-re-agent/.tools/ghidra_12.1.2_PUBLIC/Ghidra/Processors/Atmel/ghidra_scripts
    /fastdata/lavaulta/auto-re-agent/.tools/ghidra_12.1.2_PUBLIC/Ghidra/Features/SystemEmulation/ghidra_scripts
    /fastdata/lavaulta/auto-re-agent/.tools/ghidra_12.1.2_PUBLIC/Ghidra/Processors/JVM/ghidra_scripts (HeadlessAnalyzer)  
INFO  HEADLESS: execution starts (HeadlessAnalyzer)  
INFO  Opening existing project: /fastdata/lavaulta/auto-re-agent/workspaces/ace-combat-6/ghidra-projects/ace-combat-6-corrected (HeadlessAnalyzer)  
INFO  Opening project: /fastdata/lavaulta/auto-re-agent/workspaces/ace-combat-6/ghidra-projects/ace-combat-6-corrected (HeadlessProject)  
INFO  REPORT: Processing project file: /default.xex (HeadlessAnalyzer)  
INFO  REPORT: Execute script: DumpRange.java '0x82291f70' '0x82292010'  (HeadlessAnalyzer)  
INFO  SCRIPT: /fastdata/lavaulta/auto-re-agent/workspaces/ace-combat-6/scripts/DumpRange.java (HeadlessAnalyzer)  
INFO  DumpRange.java> 82291f70 addi r1,r1,0xc0 (GhidraScript)  
INFO  DumpRange.java> 82291f74 lwz r12,-0x8(r1) (GhidraScript)  
INFO  DumpRange.java> 82291f78 mtspr LR,r12 (GhidraScript)  
INFO  DumpRange.java> 82291f7c lfd f31,-0x18(r1) (GhidraScript)  
INFO  DumpRange.java> 82291f80 ld r31,-0x10(r1) (GhidraScript)  
INFO  DumpRange.java> 82291f84 blr (GhidraScript)  
INFO  DumpRange.java> 82291f88 stw r4,0x0(r3) (GhidraScript)  
INFO  DumpRange.java> 82291f8c lwz r11,0xc(r4) (GhidraScript)  
INFO  DumpRange.java> 82291f90 add r11,r11,r4 (GhidraScript)  
INFO  DumpRange.java> 82291f94 stw r11,0x4(r3) (GhidraScript)  
INFO  DumpRange.java> 82291f98 lwz r11,0x10(r4) (GhidraScript)  
INFO  DumpRange.java> 82291f9c add r11,r11,r4 (GhidraScript)  
INFO  DumpRange.java> 82291fa0 stw r11,0x8(r3) (GhidraScript)  
INFO  DumpRange.java> 82291fa4 blr (GhidraScript)  
INFO  DumpRange.java> 82291fa8 lwz r11,0x0(r3) (GhidraScript)  
INFO  DumpRange.java> 82291fac lwz r3,0x4(r11) (GhidraScript)  
INFO  DumpRange.java> 82291fb0 blr (GhidraScript)  
INFO  DumpRange.java> 82291fb4 <not-disassembled> (GhidraScript)  
INFO  DumpRange.java> 82291fb8 lwz r11,0x0(r3) (GhidraScript)  
INFO  DumpRange.java> 82291fbc lwz r11,0x4(r11) (GhidraScript)  
INFO  DumpRange.java> 82291fc0 cmplw cr6,r4,r11 (GhidraScript)  
INFO  DumpRange.java> 82291fc4 blt cr6,0x82291fd0 (GhidraScript)  
INFO  DumpRange.java> 82291fc8 li r3,0x0 (GhidraScript)  
INFO  DumpRange.java> 82291fcc blr (GhidraScript)  
INFO  DumpRange.java> 82291fd0 lwz r11,0x4(r3) (GhidraScript)  
INFO  DumpRange.java> 82291fd4 rlwinm r9,r4,0x2,0x0,0x1d (GhidraScript)  
INFO  DumpRange.java> 82291fd8 lwz r10,0x8(r3) (GhidraScript)  
INFO  DumpRange.java> 82291fdc lwzx r11,r9,r11 (GhidraScript)  
INFO  DumpRange.java> 82291fe0 add r3,r11,r10 (GhidraScript)  
INFO  DumpRange.java> 82291fe4 blr (GhidraScript)  
INFO  DumpRange.java> 82291fe8 mfspr r12,LR (GhidraScript)  
INFO  DumpRange.java> 82291fec stw r12,-0x8(r1) (GhidraScript)  
INFO  DumpRange.java> 82291ff0 std r30,-0x18(r1) (GhidraScript)  
INFO  DumpRange.java> 82291ff4 std r31,-0x10(r1) (GhidraScript)  
INFO  DumpRange.java> 82291ff8 stwu r1,-0x70(r1) (GhidraScript)  
INFO  DumpRange.java> 82291ffc or r30,r3,r3 (GhidraScript)  
INFO  DumpRange.java> 82292000 lwz r31,0x15c(r30) (GhidraScript)  
INFO  DumpRange.java> 82292004 cmplwi cr6,r31,0x0 (GhidraScript)  
INFO  DumpRange.java> 82292008 beq cr6,0x822920a4 (GhidraScript)  
INFO  DumpRange.java> 8229200c or r3,r31,r31 (GhidraScript)  
INFO  REPORT: Save succeeded for processed file: /default.xex (HeadlessAnalyzer)  
