openjdk version "21.0.11" 2026-04-21
OpenJDK Runtime Environment (build 21.0.11+10-1-26.04.2-Ubuntu)
OpenJDK 64-Bit Server VM (build 21.0.11+10-1-26.04.2-Ubuntu, mixed mode)
INFO  Using log config file: jar:file:/fastdata/lavaulta/auto-re-agent/.tools/ghidra_12.1.2_PUBLIC/Ghidra/Framework/Generic/lib/Generic.jar!/generic.log4j.xml (LoggingInitialization)  
INFO  Using log file: /home/lavaulta/.config/ghidra/ghidra_12.1.2_PUBLIC/application.log (LoggingInitialization)  
INFO  Loading user preferences: /home/lavaulta/.config/ghidra/ghidra_12.1.2_PUBLIC/preferences (Preferences)  
INFO  Searching for classes... (ClassSearcher)  
INFO  Ignoring class 'xexloaderwv.XEXLoaderWVLoader' from '/fastdata/lavaulta/auto-re-agent/.tools/ghidra_12.1.2_PUBLIC/Ghidra/Extensions/XEXLoaderWV/lib/XEXLoaderWV.jar'. Already found at '/fastdata/lavaulta/auto-re-agent/.tools/ghidra_12.1.2_PUBLIC/Ghidra/patch/XEXLoaderWV-java21.jar'. (ClassSearcher)  
INFO  Class search complete (1608 ms) (ClassSearcher)  
INFO  Initializing SSL Context (DefaultSSLContextInitializer)  
INFO  Initializing Random Number Generator... (SecureRandomFactory)  
INFO  Random Number Generator initialization complete: NativePRNGNonBlocking (SecureRandomFactory)  
INFO  Trust manager disabled, cacerts have not been set (DefaultTrustManagerFactory)  
INFO  Headless startup complete (3200 ms) (AnalyzeHeadless)  
INFO  Class searcher loaded 59 extension points (20 false positives) (ClassSearcher)  
INFO  HEADLESS Script Paths:
    /fastdata/lavaulta/auto-re-agent/.tools/ghidra_12.1.2_PUBLIC/Ghidra/Features/MicrosoftCodeAnalyzer/ghidra_scripts
    /fastdata/lavaulta/auto-re-agent/.tools/ghidra_12.1.2_PUBLIC/Ghidra/Features/PDB/ghidra_scripts
    /fastdata/lavaulta/auto-re-agent/.tools/ghidra_12.1.2_PUBLIC/Ghidra/Processors/8051/ghidra_scripts
    /fastdata/lavaulta/auto-re-agent/.tools/ghidra_12.1.2_PUBLIC/Ghidra/Features/Base/ghidra_scripts
    /fastdata/lavaulta/auto-re-agent/workspaces/ace-combat-6/scripts
    /fastdata/lavaulta/auto-re-agent/.tools/ghidra_12.1.2_PUBLIC/Ghidra/Features/FileFormats/ghidra_scripts
    /fastdata/lavaulta/auto-re-agent/.tools/ghidra_12.1.2_PUBLIC/Ghidra/Features/GnuDemangler/ghidra_scripts
    /fastdata/lavaulta/auto-re-agent/.tools/ghidra_12.1.2_PUBLIC/Ghidra/Extensions/ghidra-emotionengine-reloaded/ghidra_scripts
    /fastdata/lavaulta/auto-re-agent/.tools/ghidra_12.1.2_PUBLIC/Ghidra/Features/Decompiler/ghidra_scripts
    /fastdata/lavaulta/auto-re-agent/.tools/ghidra_12.1.2_PUBLIC/Ghidra/Features/FunctionID/ghidra_scripts
    /fastdata/lavaulta/auto-re-agent/.tools/ghidra_12.1.2_PUBLIC/Ghidra/Features/DecompilerDependent/ghidra_scripts
    /fastdata/lavaulta/auto-re-agent/.tools/ghidra_12.1.2_PUBLIC/Ghidra/Processors/DATA/ghidra_scripts
    /fastdata/lavaulta/auto-re-agent/.tools/ghidra_12.1.2_PUBLIC/Ghidra/Debug/Debugger-rmi-trace/ghidra_scripts
    /fastdata/lavaulta/auto-re-agent/.tools/ghidra_12.1.2_PUBLIC/Ghidra/Features/SwiftDemangler/ghidra_scripts
    /fastdata/lavaulta/auto-re-agent/.tools/ghidra_12.1.2_PUBLIC/Ghidra/Debug/Debugger/ghidra_scripts
    /fastdata/lavaulta/auto-re-agent/.tools/ghidra_12.1.2_PUBLIC/Ghidra/Processors/PIC/ghidra_scripts
    /fastdata/lavaulta/auto-re-agent/.tools/ghidra_12.1.2_PUBLIC/Ghidra/Extensions/XEXLoaderWV/ghidra_scripts
    /fastdata/lavaulta/auto-re-agent/.tools/ghidra_12.1.2_PUBLIC/Ghidra/Features/WildcardAssembler/ghidra_scripts
    /fastdata/lavaulta/auto-re-agent/.tools/ghidra_12.1.2_PUBLIC/Ghidra/Features/PyGhidra/ghidra_scripts
    /fastdata/lavaulta/auto-re-agent/.tools/ghidra_12.1.2_PUBLIC/Ghidra/Features/BSim/ghidra_scripts
    /fastdata/lavaulta/auto-re-agent/.tools/ghidra_12.1.2_PUBLIC/Ghidra/Features/VersionTracking/ghidra_scripts
    /fastdata/lavaulta/auto-re-agent/.tools/ghidra_12.1.2_PUBLIC/Ghidra/Features/BytePatterns/ghidra_scripts
    /fastdata/lavaulta/auto-re-agent/.tools/ghidra_12.1.2_PUBLIC/Ghidra/Processors/Atmel/ghidra_scripts
    /fastdata/lavaulta/auto-re-agent/.tools/ghidra_12.1.2_PUBLIC/Ghidra/Features/SystemEmulation/ghidra_scripts
    /fastdata/lavaulta/auto-re-agent/.tools/ghidra_12.1.2_PUBLIC/Ghidra/Processors/JVM/ghidra_scripts (HeadlessAnalyzer)  
INFO  HEADLESS: execution starts (HeadlessAnalyzer)  
INFO  Opening existing project: /fastdata/lavaulta/auto-re-agent/workspaces/ace-combat-6/ghidra-projects/ace-combat-6-corrected (HeadlessAnalyzer)  
INFO  Opening project: /fastdata/lavaulta/auto-re-agent/workspaces/ace-combat-6/ghidra-projects/ace-combat-6-corrected (HeadlessProject)  
INFO  REPORT: Processing project file: /default.xex (HeadlessAnalyzer)  
INFO  REPORT: Execute script: DumpRange.java '0x822e5e80' '0x822e6030'  (HeadlessAnalyzer)  
INFO  SCRIPT: /fastdata/lavaulta/auto-re-agent/workspaces/ace-combat-6/scripts/DumpRange.java (HeadlessAnalyzer)  
INFO  DumpRange.java> 822e5e80 lfs f0,0x1348(r11) (GhidraScript)  
INFO  DumpRange.java> 822e5e84 fcmpu cr6,f1,f0 (GhidraScript)  
INFO  DumpRange.java> 822e5e88 ble cr6,0x822e5e90 (GhidraScript)  
INFO  DumpRange.java> 822e5e8c fmr f1,f0 (GhidraScript)  
INFO  DumpRange.java> 822e5e90 bl 0x82383c38 (GhidraScript)  
INFO  DumpRange.java> 822e5e94 lwz r11,0xc0(r31) (GhidraScript)  
INFO  DumpRange.java> 822e5e98 lis r10,-0x7e00 (GhidraScript)  
INFO  DumpRange.java> 822e5e9c frsp f0,f1 (GhidraScript)  
INFO  DumpRange.java> 822e5ea0 lfs f12,0x18(r11) (GhidraScript)  
INFO  DumpRange.java> 822e5ea4 lfs f13,0x1354(r10) (GhidraScript)  
INFO  DumpRange.java> 822e5ea8 fmuls f13,f12,f13 (GhidraScript)  
INFO  DumpRange.java> 822e5eac fcmpu cr6,f0,f13 (GhidraScript)  
INFO  DumpRange.java> 822e5eb0 bge cr6,0x822e5edc (GhidraScript)  
INFO  DumpRange.java> 822e5eb4 lfs f1,0x1c(r11) (GhidraScript)  
INFO  DumpRange.java> 822e5eb8 lis r11,-0x7dff (GhidraScript)  
INFO  DumpRange.java> 822e5ebc or r3,r31,r31 (GhidraScript)  
INFO  DumpRange.java> 822e5ec0 lfs f2,-0x585c(r11) (GhidraScript)  
INFO  DumpRange.java> 822e5ec4 bl 0x822d3560 (GhidraScript)  
INFO  DumpRange.java> 822e5ec8 lwz r11,0xc0(r31) (GhidraScript)  
INFO  DumpRange.java> 822e5ecc li r10,0x1 (GhidraScript)  
INFO  DumpRange.java> 822e5ed0 lfs f0,0x18(r11) (GhidraScript)  
INFO  DumpRange.java> 822e5ed4 stw r10,0xc4(r31) (GhidraScript)  
INFO  DumpRange.java> 822e5ed8 stfs f0,0x7c(r31) (GhidraScript)  
INFO  DumpRange.java> 822e5edc or r5,r30,r30 (GhidraScript)  
INFO  DumpRange.java> 822e5ee0 fmr f1,f31 (GhidraScript)  
INFO  DumpRange.java> 822e5ee4 or r3,r31,r31 (GhidraScript)  
INFO  DumpRange.java> 822e5ee8 bl 0x822d34c0 (GhidraScript)  
INFO  DumpRange.java> 822e5eec addi r1,r1,0x70 (GhidraScript)  
INFO  DumpRange.java> 822e5ef0 lwz r12,-0x8(r1) (GhidraScript)  
INFO  DumpRange.java> 822e5ef4 mtspr LR,r12 (GhidraScript)  
INFO  DumpRange.java> 822e5ef8 lfd f31,-0x20(r1) (GhidraScript)  
INFO  DumpRange.java> 822e5efc ld r30,-0x18(r1) (GhidraScript)  
INFO  DumpRange.java> 822e5f00 ld r31,-0x10(r1) (GhidraScript)  
INFO  DumpRange.java> 822e5f04 blr (GhidraScript)  
INFO  DumpRange.java> 822e5f08 lis r11,0x2 (GhidraScript)  
INFO  DumpRange.java> 822e5f0c ori r10,r11,0xd7cc (GhidraScript)  
INFO  DumpRange.java> 822e5f10 lis r11,-0x7d92 (GhidraScript)  
INFO  DumpRange.java> 822e5f14 lwz r11,0x4eb4(r11) (GhidraScript)  
INFO  DumpRange.java> 822e5f18 lwzx r11,r11,r10 (GhidraScript)  
INFO  DumpRange.java> 822e5f1c lwz r11,0x201c(r11) (GhidraScript)  
INFO  DumpRange.java> 822e5f20 lwz r3,0x1c(r11) (GhidraScript)  
INFO  DumpRange.java> 822e5f24 blr (GhidraScript)  
INFO  DumpRange.java> 822e5f28 mfspr r12,LR (GhidraScript)  
INFO  DumpRange.java> 822e5f2c stw r12,-0x8(r1) (GhidraScript)  
INFO  DumpRange.java> 822e5f30 std r30,-0x18(r1) (GhidraScript)  
INFO  DumpRange.java> 822e5f34 std r31,-0x10(r1) (GhidraScript)  
INFO  DumpRange.java> 822e5f38 stwu r1,-0x70(r1) (GhidraScript)  
INFO  DumpRange.java> 822e5f3c or r31,r4,r4 (GhidraScript)  
INFO  DumpRange.java> 822e5f40 lis r11,-0x7d99 (GhidraScript)  
INFO  DumpRange.java> 822e5f44 or r30,r3,r3 (GhidraScript)  
INFO  DumpRange.java> 822e5f48 addi r4,r11,0x1270 (GhidraScript)  
INFO  DumpRange.java> 822e5f4c li r5,0x98 (GhidraScript)  
INFO  DumpRange.java> 822e5f50 or r3,r31,r31 (GhidraScript)  
INFO  DumpRange.java> 822e5f54 bl 0x82386570 (GhidraScript)  
INFO  DumpRange.java> 822e5f58 lis r11,-0x7e00 (GhidraScript)  
INFO  DumpRange.java> 822e5f5c li r10,0x3 (GhidraScript)  
INFO  DumpRange.java> 822e5f60 lfs f0,0x82c(r11) (GhidraScript)  
INFO  DumpRange.java> 822e5f64 stfs f0,0x20(r31) (GhidraScript)  
INFO  DumpRange.java> 822e5f68 stb r10,0x10d(r30) (GhidraScript)  
INFO  DumpRange.java> 822e5f6c addi r1,r1,0x70 (GhidraScript)  
INFO  DumpRange.java> 822e5f70 lwz r12,-0x8(r1) (GhidraScript)  
INFO  DumpRange.java> 822e5f74 mtspr LR,r12 (GhidraScript)  
INFO  DumpRange.java> 822e5f78 ld r30,-0x18(r1) (GhidraScript)  
INFO  DumpRange.java> 822e5f7c ld r31,-0x10(r1) (GhidraScript)  
INFO  DumpRange.java> 822e5f80 blr (GhidraScript)  
INFO  DumpRange.java> 822e5f84 <not-disassembled> (GhidraScript)  
INFO  DumpRange.java> 822e5f88 subi r10,r4,0x1 (GhidraScript)  
INFO  DumpRange.java> 822e5f8c or r11,r3,r3 (GhidraScript)  
INFO  DumpRange.java> 822e5f90 or r6,r5,r5 (GhidraScript)  
INFO  DumpRange.java> 822e5f94 li r3,-0x1 (GhidraScript)  
INFO  DumpRange.java> 822e5f98 cmplwi cr6,r10,0x6 (GhidraScript)  
INFO  DumpRange.java> 822e5f9c bgtlr cr6 (GhidraScript)  
INFO  DumpRange.java> 822e5fa0 lis r12,-0x7dd2 (GhidraScript)  
INFO  DumpRange.java> 822e5fa4 addi r12,r12,0x29b8 (GhidraScript)  
INFO  DumpRange.java> 822e5fa8 rlwinm r0,r10,0x2,0x0,0x1d (GhidraScript)  
INFO  DumpRange.java> 822e5fac lwzx r0,r12,r0 (GhidraScript)  
INFO  DumpRange.java> 822e5fb0 mtspr CTR,r0 (GhidraScript)  
INFO  DumpRange.java> 822e5fb4 bctr (GhidraScript)  
INFO  DumpRange.java> 822e5fb8 lwz r17,0x29d4(r14) (GhidraScript)  
INFO  DumpRange.java> 822e5fbc lwz r17,0x2a0c(r14) (GhidraScript)  
INFO  DumpRange.java> 822e5fc0 <not-disassembled> (GhidraScript)  
INFO  DumpRange.java> 822e5fc4 <not-disassembled> (GhidraScript)  
INFO  DumpRange.java> 822e5fc8 <not-disassembled> (GhidraScript)  
INFO  DumpRange.java> 822e5fcc <not-disassembled> (GhidraScript)  
INFO  DumpRange.java> 822e5fd0 <not-disassembled> (GhidraScript)  
INFO  DumpRange.java> 822e5fd4 lis r11,0x3 (GhidraScript)  
INFO  DumpRange.java> 822e5fd8 li r8,-0x1 (GhidraScript)  
INFO  DumpRange.java> 822e5fdc ori r10,r11,0x6054 (GhidraScript)  
INFO  DumpRange.java> 822e5fe0 lis r11,-0x7e00 (GhidraScript)  
INFO  DumpRange.java> 822e5fe4 li r7,0x0 (GhidraScript)  
INFO  DumpRange.java> 822e5fe8 li r4,0x86 (GhidraScript)  
INFO  DumpRange.java> 822e5fec lfs f1,0x82c(r11) (GhidraScript)  
INFO  DumpRange.java> 822e5ff0 lis r11,-0x7d92 (GhidraScript)  
INFO  DumpRange.java> 822e5ff4 lwz r11,0x4eb4(r11) (GhidraScript)  
INFO  DumpRange.java> 822e5ff8 lwzx r3,r11,r10 (GhidraScript)  
INFO  DumpRange.java> 822e5ffc lwz r11,0x0(r3) (GhidraScript)  
INFO  DumpRange.java> 822e6000 lwz r11,0x8c(r11) (GhidraScript)  
INFO  DumpRange.java> 822e6004 mtspr CTR,r11 (GhidraScript)  
INFO  DumpRange.java> 822e6008 bctr (GhidraScript)  
INFO  DumpRange.java> 822e600c lis r10,0x41c6 (GhidraScript)  
INFO  DumpRange.java> 822e6010 lwz r9,0x120(r11) (GhidraScript)  
INFO  DumpRange.java> 822e6014 li r8,-0x1 (GhidraScript)  
INFO  DumpRange.java> 822e6018 ori r10,r10,0x4e6d (GhidraScript)  
INFO  DumpRange.java> 822e601c li r7,0x0 (GhidraScript)  
INFO  DumpRange.java> 822e6020 mullw r10,r9,r10 (GhidraScript)  
INFO  DumpRange.java> 822e6024 addi r10,r10,0x3039 (GhidraScript)  
INFO  DumpRange.java> 822e6028 rlwinm r9,r10,0x0,0xf,0xf (GhidraScript)  
INFO  DumpRange.java> 822e602c cmplwi cr6,r9,0x0 (GhidraScript)  
INFO  REPORT: Save succeeded for processed file: /default.xex (HeadlessAnalyzer)  
