Picked up JAVA_TOOL_OPTIONS: -Duser.home=/tmp/ac6-ghidra-home-corrected
Picked up JAVA_TOOL_OPTIONS: -Duser.home=/tmp/ac6-ghidra-home-corrected
Picked up JAVA_TOOL_OPTIONS: -Duser.home=/tmp/ac6-ghidra-home-corrected
Picked up JAVA_TOOL_OPTIONS: -Duser.home=/tmp/ac6-ghidra-home-corrected
openjdk version "21.0.11" 2026-04-21
OpenJDK Runtime Environment (build 21.0.11+10-1-26.04.2-Ubuntu)
OpenJDK 64-Bit Server VM (build 21.0.11+10-1-26.04.2-Ubuntu, mixed mode)
INFO  Using log config file: jar:file:/fastdata/lavaulta/auto-re-agent/.tools/ghidra_12.1.2_PUBLIC/Ghidra/Framework/Generic/lib/Generic.jar!/generic.log4j.xml (LoggingInitialization)  
INFO  Using log file: /tmp/ac6-ghidra-home-corrected/.config/ghidra/ghidra_12.1.2_PUBLIC/application.log (LoggingInitialization)  
INFO  Loading user preferences: /tmp/ac6-ghidra-home-corrected/.config/ghidra/ghidra_12.1.2_PUBLIC/preferences (Preferences)  
INFO  Searching for classes... (ClassSearcher)  
INFO  Ignoring class 'xexloaderwv.XEXLoaderWVLoader' from '/fastdata/lavaulta/auto-re-agent/.tools/ghidra_12.1.2_PUBLIC/Ghidra/Extensions/XEXLoaderWV/lib/XEXLoaderWV.jar'. Already found at '/fastdata/lavaulta/auto-re-agent/.tools/ghidra_12.1.2_PUBLIC/Ghidra/patch/XEXLoaderWV-java21.jar'. (ClassSearcher)  
INFO  Class search complete (1571 ms) (ClassSearcher)  
INFO  Initializing SSL Context (DefaultSSLContextInitializer)  
INFO  Initializing Random Number Generator... (SecureRandomFactory)  
INFO  Random Number Generator initialization complete: NativePRNGNonBlocking (SecureRandomFactory)  
INFO  Trust manager disabled, cacerts have not been set (DefaultTrustManagerFactory)  
INFO  Headless startup complete (3094 ms) (AnalyzeHeadless)  
INFO  Class searcher loaded 59 extension points (20 false positives) (ClassSearcher)  
INFO  HEADLESS Script Paths:
    /fastdata/lavaulta/auto-re-agent/.tools/ghidra_12.1.2_PUBLIC/Ghidra/Features/MicrosoftCodeAnalyzer/ghidra_scripts
    /fastdata/lavaulta/auto-re-agent/.tools/ghidra_12.1.2_PUBLIC/Ghidra/Features/PDB/ghidra_scripts
    /fastdata/lavaulta/auto-re-agent/.tools/ghidra_12.1.2_PUBLIC/Ghidra/Processors/8051/ghidra_scripts
    /fastdata/lavaulta/auto-re-agent/.tools/ghidra_12.1.2_PUBLIC/Ghidra/Features/Base/ghidra_scripts
    /fastdata/lavaulta/auto-re-agent/workspaces/ace-combat-6/scripts
    /fastdata/lavaulta/auto-re-agent/.tools/ghidra_12.1.2_PUBLIC/Ghidra/Features/FileFormats/ghidra_scripts
    /fastdata/lavaulta/auto-re-agent/.tools/ghidra_12.1.2_PUBLIC/Ghidra/Features/GnuDemangler/ghidra_scripts
    /fastdata/lavaulta/auto-re-agent/.tools/ghidra_12.1.2_PUBLIC/Ghidra/Extensions/ghidra-emotionengine-reloaded/ghidra_scripts
    /fastdata/lavaulta/auto-re-agent/.tools/ghidra_12.1.2_PUBLIC/Ghidra/Features/Decompiler/ghidra_scripts
    /fastdata/lavaulta/auto-re-agent/.tools/ghidra_12.1.2_PUBLIC/Ghidra/Features/FunctionID/ghidra_scripts
    /fastdata/lavaulta/auto-re-agent/.tools/ghidra_12.1.2_PUBLIC/Ghidra/Features/DecompilerDependent/ghidra_scripts
    /fastdata/lavaulta/auto-re-agent/.tools/ghidra_12.1.2_PUBLIC/Ghidra/Processors/DATA/ghidra_scripts
    /fastdata/lavaulta/auto-re-agent/.tools/ghidra_12.1.2_PUBLIC/Ghidra/Debug/Debugger-rmi-trace/ghidra_scripts
    /fastdata/lavaulta/auto-re-agent/.tools/ghidra_12.1.2_PUBLIC/Ghidra/Features/SwiftDemangler/ghidra_scripts
    /fastdata/lavaulta/auto-re-agent/.tools/ghidra_12.1.2_PUBLIC/Ghidra/Debug/Debugger/ghidra_scripts
    /fastdata/lavaulta/auto-re-agent/.tools/ghidra_12.1.2_PUBLIC/Ghidra/Processors/PIC/ghidra_scripts
    /fastdata/lavaulta/auto-re-agent/.tools/ghidra_12.1.2_PUBLIC/Ghidra/Extensions/XEXLoaderWV/ghidra_scripts
    /fastdata/lavaulta/auto-re-agent/.tools/ghidra_12.1.2_PUBLIC/Ghidra/Features/WildcardAssembler/ghidra_scripts
    /fastdata/lavaulta/auto-re-agent/.tools/ghidra_12.1.2_PUBLIC/Ghidra/Features/PyGhidra/ghidra_scripts
    /fastdata/lavaulta/auto-re-agent/.tools/ghidra_12.1.2_PUBLIC/Ghidra/Features/BSim/ghidra_scripts
    /fastdata/lavaulta/auto-re-agent/.tools/ghidra_12.1.2_PUBLIC/Ghidra/Features/VersionTracking/ghidra_scripts
    /fastdata/lavaulta/auto-re-agent/.tools/ghidra_12.1.2_PUBLIC/Ghidra/Features/BytePatterns/ghidra_scripts
    /fastdata/lavaulta/auto-re-agent/.tools/ghidra_12.1.2_PUBLIC/Ghidra/Processors/Atmel/ghidra_scripts
    /fastdata/lavaulta/auto-re-agent/.tools/ghidra_12.1.2_PUBLIC/Ghidra/Features/SystemEmulation/ghidra_scripts
    /fastdata/lavaulta/auto-re-agent/.tools/ghidra_12.1.2_PUBLIC/Ghidra/Processors/JVM/ghidra_scripts (HeadlessAnalyzer)  
INFO  HEADLESS: execution starts (HeadlessAnalyzer)  
INFO  Opening existing project: /fastdata/lavaulta/auto-re-agent/workspaces/ace-combat-6/ghidra-projects/ace-combat-6-corrected (HeadlessAnalyzer)  
INFO  Opening project: /fastdata/lavaulta/auto-re-agent/workspaces/ace-combat-6/ghidra-projects/ace-combat-6-corrected (HeadlessProject)  
INFO  REPORT: Processing project file: /default.xex (HeadlessAnalyzer)  
INFO  REPORT: Execute script: DumpRange.java '0x821b63b0' '0x821b6430'  (HeadlessAnalyzer)  
INFO  SCRIPT: /fastdata/lavaulta/auto-re-agent/workspaces/ace-combat-6/scripts/DumpRange.java (HeadlessAnalyzer)  
INFO  DumpRange.java> 821b63b0 lis r11,0x2 (GhidraScript)  
INFO  DumpRange.java> 821b63b4 ori r11,r11,0x8c8 (GhidraScript)  
INFO  DumpRange.java> 821b63b8 stwx r30,r31,r11 (GhidraScript)  
INFO  DumpRange.java> 821b63bc lis r11,0x2 (GhidraScript)  
INFO  DumpRange.java> 821b63c0 lwz r9,0x0(r25) (GhidraScript)  
INFO  DumpRange.java> 821b63c4 li r8,0x8 (GhidraScript)  
INFO  DumpRange.java> 821b63c8 ori r10,r11,0x7a8 (GhidraScript)  
INFO  DumpRange.java> 821b63cc lis r11,-0x7dfa (GhidraScript)  
INFO  DumpRange.java> 821b63d0 li r7,0x0 (GhidraScript)  
INFO  DumpRange.java> 821b63d4 addi r4,r11,0x5304 (GhidraScript)  
INFO  DumpRange.java> 821b63d8 lwz r9,0x2c(r9) (GhidraScript)  
INFO  DumpRange.java> 821b63dc lis r11,-0x7dfa (GhidraScript)  
INFO  DumpRange.java> 821b63e0 stwx r8,r31,r10 (GhidraScript)  
INFO  DumpRange.java> 821b63e4 li r6,0x0 (GhidraScript)  
INFO  DumpRange.java> 821b63e8 addi r5,r1,0x50 (GhidraScript)  
INFO  DumpRange.java> 821b63ec or r3,r25,r25 (GhidraScript)  
INFO  DumpRange.java> 821b63f0 lhz r11,0x3988(r11) (GhidraScript)  
INFO  DumpRange.java> 821b63f4 sth r11,0x50(r1) (GhidraScript)  
INFO  DumpRange.java> 821b63f8 mtspr CTR,r9 (GhidraScript)  
INFO  DumpRange.java> 821b63fc bctrl (GhidraScript)  
INFO  DumpRange.java> 821b6400 li r11,0x1 (GhidraScript)  
INFO  DumpRange.java> 821b6404 stw r11,0xc(r31) (GhidraScript)  
INFO  DumpRange.java> 821b6408 addi r1,r1,0xb0 (GhidraScript)  
INFO  DumpRange.java> 821b640c b 0x8238653c (GhidraScript)  
INFO  DumpRange.java> 821b6410 or r3,r11,r11 (GhidraScript)  
INFO  DumpRange.java> 821b6414 bl 0x821622a8 (GhidraScript)  
INFO  DumpRange.java> 821b6418 lis r11,0x2 (GhidraScript)  
INFO  DumpRange.java> 821b641c lwz r10,0x0(r25) (GhidraScript)  
INFO  DumpRange.java> 821b6420 li r8,0x9 (GhidraScript)  
INFO  DumpRange.java> 821b6424 ori r9,r11,0x7a8 (GhidraScript)  
INFO  DumpRange.java> 821b6428 lis r11,-0x7dfa (GhidraScript)  
INFO  DumpRange.java> 821b642c li r7,0x0 (GhidraScript)  
INFO  REPORT: Save succeeded for processed file: /default.xex (HeadlessAnalyzer)  
