Picked up JAVA_TOOL_OPTIONS: -Duser.home=/tmp/ac6-ghidra-home-corrected
Picked up JAVA_TOOL_OPTIONS: -Duser.home=/tmp/ac6-ghidra-home-corrected
Picked up JAVA_TOOL_OPTIONS: -Duser.home=/tmp/ac6-ghidra-home-corrected
Picked up JAVA_TOOL_OPTIONS: -Duser.home=/tmp/ac6-ghidra-home-corrected
openjdk version "21.0.11" 2026-04-21
OpenJDK Runtime Environment (build 21.0.11+10-1-26.04.2-Ubuntu)
OpenJDK 64-Bit Server VM (build 21.0.11+10-1-26.04.2-Ubuntu, mixed mode)
INFO  Using log config file: jar:file:/fastdata/lavaulta/auto-re-agent/.tools/ghidra_12.1.2_PUBLIC/Ghidra/Framework/Generic/lib/Generic.jar!/generic.log4j.xml (LoggingInitialization)  
INFO  Using log file: /tmp/ac6-ghidra-home-corrected/.config/ghidra/ghidra_12.1.2_PUBLIC/application.log (LoggingInitialization)  
INFO  Loading user preferences: /tmp/ac6-ghidra-home-corrected/.config/ghidra/ghidra_12.1.2_PUBLIC/preferences (Preferences)  
INFO  Searching for classes... (ClassSearcher)  
INFO  Ignoring class 'xexloaderwv.XEXLoaderWVLoader' from '/fastdata/lavaulta/auto-re-agent/.tools/ghidra_12.1.2_PUBLIC/Ghidra/Extensions/XEXLoaderWV/lib/XEXLoaderWV.jar'. Already found at '/fastdata/lavaulta/auto-re-agent/.tools/ghidra_12.1.2_PUBLIC/Ghidra/patch/XEXLoaderWV-java21.jar'. (ClassSearcher)  
INFO  Class search complete (1786 ms) (ClassSearcher)  
INFO  Initializing SSL Context (DefaultSSLContextInitializer)  
INFO  Initializing Random Number Generator... (SecureRandomFactory)  
INFO  Random Number Generator initialization complete: NativePRNGNonBlocking (SecureRandomFactory)  
INFO  Trust manager disabled, cacerts have not been set (DefaultTrustManagerFactory)  
INFO  Headless startup complete (3480 ms) (AnalyzeHeadless)  
INFO  Class searcher loaded 59 extension points (20 false positives) (ClassSearcher)  
INFO  HEADLESS Script Paths:
    /fastdata/lavaulta/auto-re-agent/.tools/ghidra_12.1.2_PUBLIC/Ghidra/Features/MicrosoftCodeAnalyzer/ghidra_scripts
    /fastdata/lavaulta/auto-re-agent/.tools/ghidra_12.1.2_PUBLIC/Ghidra/Features/PDB/ghidra_scripts
    /fastdata/lavaulta/auto-re-agent/.tools/ghidra_12.1.2_PUBLIC/Ghidra/Processors/8051/ghidra_scripts
    /fastdata/lavaulta/auto-re-agent/.tools/ghidra_12.1.2_PUBLIC/Ghidra/Features/Base/ghidra_scripts
    /fastdata/lavaulta/auto-re-agent/workspaces/ace-combat-6/scripts
    /fastdata/lavaulta/auto-re-agent/.tools/ghidra_12.1.2_PUBLIC/Ghidra/Features/FileFormats/ghidra_scripts
    /fastdata/lavaulta/auto-re-agent/.tools/ghidra_12.1.2_PUBLIC/Ghidra/Features/GnuDemangler/ghidra_scripts
    /fastdata/lavaulta/auto-re-agent/.tools/ghidra_12.1.2_PUBLIC/Ghidra/Extensions/ghidra-emotionengine-reloaded/ghidra_scripts
    /fastdata/lavaulta/auto-re-agent/.tools/ghidra_12.1.2_PUBLIC/Ghidra/Features/Decompiler/ghidra_scripts
    /fastdata/lavaulta/auto-re-agent/.tools/ghidra_12.1.2_PUBLIC/Ghidra/Features/FunctionID/ghidra_scripts
    /fastdata/lavaulta/auto-re-agent/.tools/ghidra_12.1.2_PUBLIC/Ghidra/Features/DecompilerDependent/ghidra_scripts
    /fastdata/lavaulta/auto-re-agent/.tools/ghidra_12.1.2_PUBLIC/Ghidra/Processors/DATA/ghidra_scripts
    /fastdata/lavaulta/auto-re-agent/.tools/ghidra_12.1.2_PUBLIC/Ghidra/Debug/Debugger-rmi-trace/ghidra_scripts
    /fastdata/lavaulta/auto-re-agent/.tools/ghidra_12.1.2_PUBLIC/Ghidra/Features/SwiftDemangler/ghidra_scripts
    /fastdata/lavaulta/auto-re-agent/.tools/ghidra_12.1.2_PUBLIC/Ghidra/Debug/Debugger/ghidra_scripts
    /fastdata/lavaulta/auto-re-agent/.tools/ghidra_12.1.2_PUBLIC/Ghidra/Processors/PIC/ghidra_scripts
    /fastdata/lavaulta/auto-re-agent/.tools/ghidra_12.1.2_PUBLIC/Ghidra/Extensions/XEXLoaderWV/ghidra_scripts
    /fastdata/lavaulta/auto-re-agent/.tools/ghidra_12.1.2_PUBLIC/Ghidra/Features/WildcardAssembler/ghidra_scripts
    /fastdata/lavaulta/auto-re-agent/.tools/ghidra_12.1.2_PUBLIC/Ghidra/Features/PyGhidra/ghidra_scripts
    /fastdata/lavaulta/auto-re-agent/.tools/ghidra_12.1.2_PUBLIC/Ghidra/Features/BSim/ghidra_scripts
    /fastdata/lavaulta/auto-re-agent/.tools/ghidra_12.1.2_PUBLIC/Ghidra/Features/VersionTracking/ghidra_scripts
    /fastdata/lavaulta/auto-re-agent/.tools/ghidra_12.1.2_PUBLIC/Ghidra/Features/BytePatterns/ghidra_scripts
    /fastdata/lavaulta/auto-re-agent/.tools/ghidra_12.1.2_PUBLIC/Ghidra/Processors/Atmel/ghidra_scripts
    /fastdata/lavaulta/auto-re-agent/.tools/ghidra_12.1.2_PUBLIC/Ghidra/Features/SystemEmulation/ghidra_scripts
    /fastdata/lavaulta/auto-re-agent/.tools/ghidra_12.1.2_PUBLIC/Ghidra/Processors/JVM/ghidra_scripts (HeadlessAnalyzer)  
INFO  HEADLESS: execution starts (HeadlessAnalyzer)  
INFO  Opening existing project: /fastdata/lavaulta/auto-re-agent/workspaces/ace-combat-6/ghidra-projects/ace-combat-6-corrected (HeadlessAnalyzer)  
INFO  Opening project: /fastdata/lavaulta/auto-re-agent/workspaces/ace-combat-6/ghidra-projects/ace-combat-6-corrected (HeadlessProject)  
INFO  REPORT: Processing project file: /default.xex (HeadlessAnalyzer)  
INFO  REPORT: Execute script: DumpRange.java '0x821a5f00' '0x821a6160'  (HeadlessAnalyzer)  
INFO  SCRIPT: /fastdata/lavaulta/auto-re-agent/workspaces/ace-combat-6/scripts/DumpRange.java (HeadlessAnalyzer)  
INFO  DumpRange.java> 821a5f00 lwz r11,0x10c(r11) (GhidraScript)  
INFO  DumpRange.java> 821a5f04 mtspr CTR,r11 (GhidraScript)  
INFO  DumpRange.java> 821a5f08 bctrl (GhidraScript)  
INFO  DumpRange.java> 821a5f0c lwz r11,0x4eb4(r30) (GhidraScript)  
INFO  DumpRange.java> 821a5f10 or r3,r29,r29 (GhidraScript)  
INFO  DumpRange.java> 821a5f14 lwzx r11,r11,r21 (GhidraScript)  
INFO  DumpRange.java> 821a5f18 addi r4,r11,0x2f8 (GhidraScript)  
INFO  DumpRange.java> 821a5f1c bl 0x820b22e8 (GhidraScript)  
INFO  DumpRange.java> 821a5f20 lwz r11,0x4eb4(r30) (GhidraScript)  
INFO  DumpRange.java> 821a5f24 addi r4,r1,0x90 (GhidraScript)  
INFO  DumpRange.java> 821a5f28 lwzx r3,r11,r17 (GhidraScript)  
INFO  DumpRange.java> 821a5f2c lwz r11,0x0(r3) (GhidraScript)  
INFO  DumpRange.java> 821a5f30 lwz r11,0x120(r11) (GhidraScript)  
INFO  DumpRange.java> 821a5f34 mtspr CTR,r11 (GhidraScript)  
INFO  DumpRange.java> 821a5f38 bctrl (GhidraScript)  
INFO  DumpRange.java> 821a5f3c lwz r11,0x4eb4(r30) (GhidraScript)  
INFO  DumpRange.java> 821a5f40 addi r4,r1,0x90 (GhidraScript)  
INFO  DumpRange.java> 821a5f44 lwzx r3,r11,r17 (GhidraScript)  
INFO  DumpRange.java> 821a5f48 lwz r11,0x0(r3) (GhidraScript)  
INFO  DumpRange.java> 821a5f4c lwz r11,0x108(r11) (GhidraScript)  
INFO  DumpRange.java> 821a5f50 mtspr CTR,r11 (GhidraScript)  
INFO  DumpRange.java> 821a5f54 bctrl (GhidraScript)  
INFO  DumpRange.java> 821a5f58 bl 0x82335918 (GhidraScript)  
INFO  DumpRange.java> 821a5f5c lis r11,-0x7df5 (GhidraScript)  
INFO  DumpRange.java> 821a5f60 or r4,r29,r29 (GhidraScript)  
INFO  DumpRange.java> 821a5f64 subi r3,r11,0x998 (GhidraScript)  
INFO  DumpRange.java> 821a5f68 bl 0x823354b8 (GhidraScript)  
INFO  DumpRange.java> 821a5f6c lwz r3,-0x7068(r28) (GhidraScript)  
INFO  DumpRange.java> 821a5f70 cmplwi cr6,r3,0x0 (GhidraScript)  
INFO  DumpRange.java> 821a5f74 bne cr6,0x821a5f7c (GhidraScript)  
INFO  DumpRange.java> 821a5f78 lwz r3,0x64(r1) (GhidraScript)  
INFO  DumpRange.java> 821a5f7c lwz r10,0x0(r3) (GhidraScript)  
INFO  DumpRange.java> 821a5f80 lis r11,-0x7dfb (GhidraScript)  
INFO  DumpRange.java> 821a5f84 li r5,0x2 (GhidraScript)  
INFO  DumpRange.java> 821a5f88 addi r4,r11,0x4d24 (GhidraScript)  
INFO  DumpRange.java> 821a5f8c lwz r11,0x8(r10) (GhidraScript)  
INFO  DumpRange.java> 821a5f90 mtspr CTR,r11 (GhidraScript)  
INFO  DumpRange.java> 821a5f94 bctrl (GhidraScript)  
INFO  DumpRange.java> 821a5f98 lis r3,0x0 (GhidraScript)  
INFO  DumpRange.java> 821a5f9c li r4,0x20 (GhidraScript)  
INFO  DumpRange.java> 821a5fa0 ori r3,r3,0x8002 (GhidraScript)  
INFO  DumpRange.java> 821a5fa4 bl 0x82335a70 (GhidraScript)  
INFO  DumpRange.java> 821a5fa8 lfs f5,-0x544(r24) (GhidraScript)  
INFO  DumpRange.java> 821a5fac lfs f6,-0x540(r24) (GhidraScript)  
INFO  DumpRange.java> 821a5fb0 fmr f2,f5 (GhidraScript)  
INFO  DumpRange.java> 821a5fb4 lfs f4,0x434(r25) (GhidraScript)  
INFO  DumpRange.java> 821a5fb8 fmr f1,f5 (GhidraScript)  
INFO  DumpRange.java> 821a5fbc lfs f3,0x430(r26) (GhidraScript)  
INFO  DumpRange.java> 821a5fc0 bl 0x82274e78 (GhidraScript)  
INFO  DumpRange.java> 821a5fc4 lfs f1,-0x544(r24) (GhidraScript)  
INFO  DumpRange.java> 821a5fc8 bl 0x82335820 (GhidraScript)  
INFO  DumpRange.java> 821a5fcc bl 0x823358d0 (GhidraScript)  
INFO  DumpRange.java> 821a5fd0 li r3,0x6 (GhidraScript)  
INFO  DumpRange.java> 821a5fd4 bl 0x82335878 (GhidraScript)  
INFO  DumpRange.java> 821a5fd8 lwz r11,0x4eb4(r30) (GhidraScript)  
INFO  DumpRange.java> 821a5fdc or r3,r29,r29 (GhidraScript)  
INFO  DumpRange.java> 821a5fe0 lwzx r11,r11,r21 (GhidraScript)  
INFO  DumpRange.java> 821a5fe4 addi r4,r11,0x2f8 (GhidraScript)  
INFO  DumpRange.java> 821a5fe8 bl 0x820b24f0 (GhidraScript)  
INFO  DumpRange.java> 821a5fec lwz r11,0x4eb4(r30) (GhidraScript)  
INFO  DumpRange.java> 821a5ff0 lwzx r3,r11,r31 (GhidraScript)  
INFO  DumpRange.java> 821a5ff4 bl 0x8225f6b8 (GhidraScript)  
INFO  DumpRange.java> 821a5ff8 cmpwi cr6,r3,0x1 (GhidraScript)  
INFO  DumpRange.java> 821a5ffc bne cr6,0x821a6080 (GhidraScript)  
INFO  DumpRange.java> 821a6000 lwz r11,0x4eb4(r30) (GhidraScript)  
INFO  DumpRange.java> 821a6004 lwzx r10,r11,r21 (GhidraScript)  
INFO  DumpRange.java> 821a6008 lwz r10,0x260(r10) (GhidraScript)  
INFO  DumpRange.java> 821a600c cmplwi cr6,r10,0x8 (GhidraScript)  
INFO  DumpRange.java> 821a6010 beq cr6,0x821a6080 (GhidraScript)  
INFO  DumpRange.java> 821a6014 li r29,0x1 (GhidraScript)  
INFO  DumpRange.java> 821a6018 cmplwi cr6,r10,0x3 (GhidraScript)  
INFO  DumpRange.java> 821a601c bne cr6,0x821a604c (GhidraScript)  
INFO  DumpRange.java> 821a6020 lwzx r3,r11,r31 (GhidraScript)  
INFO  DumpRange.java> 821a6024 li r29,0x0 (GhidraScript)  
INFO  DumpRange.java> 821a6028 bl 0x82279318 (GhidraScript)  
INFO  DumpRange.java> 821a602c cmpwi cr6,r3,0x1 (GhidraScript)  
INFO  DumpRange.java> 821a6030 beq cr6,0x821a6044 (GhidraScript)  
INFO  DumpRange.java> 821a6034 cmpwi cr6,r3,0x15 (GhidraScript)  
INFO  DumpRange.java> 821a6038 beq cr6,0x821a6390 (GhidraScript)  
INFO  DumpRange.java> 821a603c cmpwi cr6,r3,0x2c (GhidraScript)  
INFO  DumpRange.java> 821a6040 bne cr6,0x821a6048 (GhidraScript)  
INFO  DumpRange.java> 821a6044 li r29,0x1 (GhidraScript)  
INFO  DumpRange.java> 821a6048 lwz r11,0x4eb4(r30) (GhidraScript)  
INFO  DumpRange.java> 821a604c rlwinm r10,r29,0x0,0x18,0x1f (GhidraScript)  
INFO  DumpRange.java> 821a6050 cmplwi cr6,r10,0x0 (GhidraScript)  
INFO  DumpRange.java> 821a6054 beq cr6,0x821a6080 (GhidraScript)  
INFO  DumpRange.java> 821a6058 lwzx r29,r11,r22 (GhidraScript)  
INFO  DumpRange.java> 821a605c li r5,-0x1 (GhidraScript)  
INFO  DumpRange.java> 821a6060 lwzx r11,r11,r31 (GhidraScript)  
INFO  DumpRange.java> 821a6064 or r3,r29,r29 (GhidraScript)  
INFO  DumpRange.java> 821a6068 addi r4,r11,0xf0 (GhidraScript)  
INFO  DumpRange.java> 821a606c bl 0x820a2e28 (GhidraScript)  
INFO  DumpRange.java> 821a6070 li r5,0x1 (GhidraScript)  
INFO  DumpRange.java> 821a6074 addi r4,r1,0x90 (GhidraScript)  
INFO  DumpRange.java> 821a6078 or r3,r29,r29 (GhidraScript)  
INFO  DumpRange.java> 821a607c bl 0x820a1768 (GhidraScript)  
INFO  DumpRange.java> 821a6080 bl 0x82335918 (GhidraScript)  
INFO  DumpRange.java> 821a6084 li r3,0x0 (GhidraScript)  
INFO  DumpRange.java> 821a6088 bl 0x82335a98 (GhidraScript)  
INFO  DumpRange.java> 821a608c addi r10,r1,0x90 (GhidraScript)  
INFO  DumpRange.java> 821a6090 lis r11,-0x7de6 (GhidraScript)  
INFO  DumpRange.java> 821a6094 lwz r29,0x64(r1) (GhidraScript)  
INFO  DumpRange.java> 821a6098 li r9,0x50 (GhidraScript)  
INFO  DumpRange.java> 821a609c addi r11,r11,0x39e0 (GhidraScript)  
INFO  DumpRange.java> 821a60a0 <not-disassembled> (GhidraScript)  
INFO  DumpRange.java> 821a60a4 lwz r10,0x78(r1) (GhidraScript)  
INFO  DumpRange.java> 821a60a8 <not-disassembled> (GhidraScript)  
INFO  DumpRange.java> 821a60ac stw r11,0x94(r10) (GhidraScript)  
INFO  DumpRange.java> 821a60b0 addi r11,r1,0xa0 (GhidraScript)  
INFO  DumpRange.java> 821a60b4 <not-disassembled> (GhidraScript)  
INFO  DumpRange.java> 821a60b8 li r11,0x60 (GhidraScript)  
INFO  DumpRange.java> 821a60bc <not-disassembled> (GhidraScript)  
INFO  DumpRange.java> 821a60c0 addi r11,r1,0xb0 (GhidraScript)  
INFO  DumpRange.java> 821a60c4 <not-disassembled> (GhidraScript)  
INFO  DumpRange.java> 821a60c8 li r11,0x70 (GhidraScript)  
INFO  DumpRange.java> 821a60cc <not-disassembled> (GhidraScript)  
INFO  DumpRange.java> 821a60d0 addi r11,r1,0xc0 (GhidraScript)  
INFO  DumpRange.java> 821a60d4 <not-disassembled> (GhidraScript)  
INFO  DumpRange.java> 821a60d8 li r11,0x80 (GhidraScript)  
INFO  DumpRange.java> 821a60dc <not-disassembled> (GhidraScript)  
INFO  DumpRange.java> 821a60e0 lwz r3,-0x7068(r28) (GhidraScript)  
INFO  DumpRange.java> 821a60e4 cmplwi cr6,r3,0x0 (GhidraScript)  
INFO  DumpRange.java> 821a60e8 bne cr6,0x821a60f0 (GhidraScript)  
INFO  DumpRange.java> 821a60ec or r3,r29,r29 (GhidraScript)  
INFO  DumpRange.java> 821a60f0 lwz r10,0x0(r3) (GhidraScript)  
INFO  DumpRange.java> 821a60f4 lis r11,-0x7dfb (GhidraScript)  
INFO  DumpRange.java> 821a60f8 li r5,0x2 (GhidraScript)  
INFO  DumpRange.java> 821a60fc addi r4,r11,0x4d38 (GhidraScript)  
INFO  DumpRange.java> 821a6100 lwz r11,0x8(r10) (GhidraScript)  
INFO  DumpRange.java> 821a6104 mtspr CTR,r11 (GhidraScript)  
INFO  DumpRange.java> 821a6108 bctrl (GhidraScript)  
INFO  DumpRange.java> 821a610c cmplwi cr6,r19,0x0 (GhidraScript)  
INFO  DumpRange.java> 821a6110 beq cr6,0x821a619c (GhidraScript)  
INFO  DumpRange.java> 821a6114 lis r11,0x3 (GhidraScript)  
INFO  DumpRange.java> 821a6118 ori r10,r11,0x6045 (GhidraScript)  
INFO  DumpRange.java> 821a611c lwz r11,0x4eb4(r30) (GhidraScript)  
INFO  DumpRange.java> 821a6120 lbzx r10,r11,r10 (GhidraScript)  
INFO  DumpRange.java> 821a6124 cmplwi cr6,r10,0x1 (GhidraScript)  
INFO  DumpRange.java> 821a6128 bne cr6,0x821a619c (GhidraScript)  
INFO  DumpRange.java> 821a612c lis r10,0x3 (GhidraScript)  
INFO  DumpRange.java> 821a6130 ori r10,r10,0x10d0 (GhidraScript)  
INFO  DumpRange.java> 821a6134 lwzx r10,r11,r10 (GhidraScript)  
INFO  DumpRange.java> 821a6138 cmpwi cr6,r10,0x0 (GhidraScript)  
INFO  DumpRange.java> 821a613c beq cr6,0x821a619c (GhidraScript)  
INFO  DumpRange.java> 821a6140 addis r29,r11,0x3 (GhidraScript)  
INFO  DumpRange.java> 821a6144 addi r29,r29,0x10e0 (GhidraScript)  
INFO  DumpRange.java> 821a6148 cmplwi cr6,r29,0x0 (GhidraScript)  
INFO  DumpRange.java> 821a614c beq cr6,0x821a6198 (GhidraScript)  
INFO  DumpRange.java> 821a6150 or r3,r23,r23 (GhidraScript)  
INFO  DumpRange.java> 821a6154 bl 0x82335a60 (GhidraScript)  
INFO  DumpRange.java> 821a6158 lfs f3,-0x540(r24) (GhidraScript)  
INFO  DumpRange.java> 821a615c lfs f4,-0x544(r24) (GhidraScript)  
INFO  REPORT: Save succeeded for processed file: /default.xex (HeadlessAnalyzer)  
