openjdk version "21.0.11" 2026-04-21
OpenJDK Runtime Environment (build 21.0.11+10-1-26.04.2-Ubuntu)
OpenJDK 64-Bit Server VM (build 21.0.11+10-1-26.04.2-Ubuntu, mixed mode)
INFO  Using log config file: jar:file:/fastdata/lavaulta/auto-re-agent/.tools/ghidra_12.1.2_PUBLIC/Ghidra/Framework/Generic/lib/Generic.jar!/generic.log4j.xml (LoggingInitialization)  
INFO  Using log file: /home/lavaulta/.config/ghidra/ghidra_12.1.2_PUBLIC/application.log (LoggingInitialization)  
INFO  Loading user preferences: /home/lavaulta/.config/ghidra/ghidra_12.1.2_PUBLIC/preferences (Preferences)  
INFO  Searching for classes... (ClassSearcher)  
INFO  Ignoring class 'xexloaderwv.XEXLoaderWVLoader' from '/fastdata/lavaulta/auto-re-agent/.tools/ghidra_12.1.2_PUBLIC/Ghidra/Extensions/XEXLoaderWV/lib/XEXLoaderWV.jar'. Already found at '/fastdata/lavaulta/auto-re-agent/.tools/ghidra_12.1.2_PUBLIC/Ghidra/patch/XEXLoaderWV-java21.jar'. (ClassSearcher)  
INFO  Class search complete (1594 ms) (ClassSearcher)  
INFO  Initializing SSL Context (DefaultSSLContextInitializer)  
INFO  Initializing Random Number Generator... (SecureRandomFactory)  
INFO  Random Number Generator initialization complete: NativePRNGNonBlocking (SecureRandomFactory)  
INFO  Trust manager disabled, cacerts have not been set (DefaultTrustManagerFactory)  
INFO  Headless startup complete (3272 ms) (AnalyzeHeadless)  
INFO  Class searcher loaded 59 extension points (20 false positives) (ClassSearcher)  
INFO  HEADLESS Script Paths:
    /fastdata/lavaulta/auto-re-agent/.tools/ghidra_12.1.2_PUBLIC/Ghidra/Features/MicrosoftCodeAnalyzer/ghidra_scripts
    /fastdata/lavaulta/auto-re-agent/.tools/ghidra_12.1.2_PUBLIC/Ghidra/Features/PDB/ghidra_scripts
    /fastdata/lavaulta/auto-re-agent/.tools/ghidra_12.1.2_PUBLIC/Ghidra/Processors/8051/ghidra_scripts
    /fastdata/lavaulta/auto-re-agent/.tools/ghidra_12.1.2_PUBLIC/Ghidra/Features/Base/ghidra_scripts
    /fastdata/lavaulta/auto-re-agent/workspaces/ace-combat-6/scripts
    /fastdata/lavaulta/auto-re-agent/.tools/ghidra_12.1.2_PUBLIC/Ghidra/Features/FileFormats/ghidra_scripts
    /fastdata/lavaulta/auto-re-agent/.tools/ghidra_12.1.2_PUBLIC/Ghidra/Features/GnuDemangler/ghidra_scripts
    /fastdata/lavaulta/auto-re-agent/.tools/ghidra_12.1.2_PUBLIC/Ghidra/Extensions/ghidra-emotionengine-reloaded/ghidra_scripts
    /fastdata/lavaulta/auto-re-agent/.tools/ghidra_12.1.2_PUBLIC/Ghidra/Features/Decompiler/ghidra_scripts
    /fastdata/lavaulta/auto-re-agent/.tools/ghidra_12.1.2_PUBLIC/Ghidra/Features/FunctionID/ghidra_scripts
    /fastdata/lavaulta/auto-re-agent/.tools/ghidra_12.1.2_PUBLIC/Ghidra/Features/DecompilerDependent/ghidra_scripts
    /fastdata/lavaulta/auto-re-agent/.tools/ghidra_12.1.2_PUBLIC/Ghidra/Processors/DATA/ghidra_scripts
    /fastdata/lavaulta/auto-re-agent/.tools/ghidra_12.1.2_PUBLIC/Ghidra/Debug/Debugger-rmi-trace/ghidra_scripts
    /fastdata/lavaulta/auto-re-agent/.tools/ghidra_12.1.2_PUBLIC/Ghidra/Features/SwiftDemangler/ghidra_scripts
    /fastdata/lavaulta/auto-re-agent/.tools/ghidra_12.1.2_PUBLIC/Ghidra/Debug/Debugger/ghidra_scripts
    /fastdata/lavaulta/auto-re-agent/.tools/ghidra_12.1.2_PUBLIC/Ghidra/Processors/PIC/ghidra_scripts
    /fastdata/lavaulta/auto-re-agent/.tools/ghidra_12.1.2_PUBLIC/Ghidra/Extensions/XEXLoaderWV/ghidra_scripts
    /fastdata/lavaulta/auto-re-agent/.tools/ghidra_12.1.2_PUBLIC/Ghidra/Features/WildcardAssembler/ghidra_scripts
    /fastdata/lavaulta/auto-re-agent/.tools/ghidra_12.1.2_PUBLIC/Ghidra/Features/PyGhidra/ghidra_scripts
    /fastdata/lavaulta/auto-re-agent/.tools/ghidra_12.1.2_PUBLIC/Ghidra/Features/BSim/ghidra_scripts
    /fastdata/lavaulta/auto-re-agent/.tools/ghidra_12.1.2_PUBLIC/Ghidra/Features/VersionTracking/ghidra_scripts
    /fastdata/lavaulta/auto-re-agent/.tools/ghidra_12.1.2_PUBLIC/Ghidra/Features/BytePatterns/ghidra_scripts
    /fastdata/lavaulta/auto-re-agent/.tools/ghidra_12.1.2_PUBLIC/Ghidra/Processors/Atmel/ghidra_scripts
    /fastdata/lavaulta/auto-re-agent/.tools/ghidra_12.1.2_PUBLIC/Ghidra/Features/SystemEmulation/ghidra_scripts
    /fastdata/lavaulta/auto-re-agent/.tools/ghidra_12.1.2_PUBLIC/Ghidra/Processors/JVM/ghidra_scripts (HeadlessAnalyzer)  
INFO  HEADLESS: execution starts (HeadlessAnalyzer)  
INFO  Opening existing project: /fastdata/lavaulta/auto-re-agent/workspaces/ace-combat-6/ghidra-projects/ace-combat-6 (HeadlessAnalyzer)  
INFO  Opening project: /fastdata/lavaulta/auto-re-agent/workspaces/ace-combat-6/ghidra-projects/ace-combat-6 (HeadlessProject)  
INFO  REPORT: Processing read-only project file: /default.xex (HeadlessAnalyzer)  
INFO  REPORT: Execute script: DumpProgramIdentity.java  (HeadlessAnalyzer)  
INFO  SCRIPT: /fastdata/lavaulta/auto-re-agent/workspaces/ace-combat-6/scripts/DumpProgramIdentity.java (HeadlessAnalyzer)  
INFO  DumpProgramIdentity.java> PROGRAM_NAME=default.xex (GhidraScript)  
INFO  DumpProgramIdentity.java> PROGRAM_DOMAIN=/default.xex (GhidraScript)  
INFO  DumpProgramIdentity.java> PROGRAM_EXECUTABLE=/fastdata/lavaulta/auto-re-agent/workspaces/ace-combat-6/game-files/default.xex (GhidraScript)  
INFO  DumpProgramIdentity.java> PROGRAM_IMAGE_BASE=00000000 (GhidraScript)  
INFO  DumpProgramIdentity.java> PROGRAM_LANGUAGE=PowerPC:BE:64:A2ALT-32addr (GhidraScript)  
INFO  DumpProgramIdentity.java> PROGRAM_COMPILER=default (GhidraScript)  
INFO  DumpProgramIdentity.java> BLOCK name=.rdata start=82000400 end=82079dd3 size=0x799d4 read=true write=false execute=false initialized=true (GhidraScript)  
INFO  DumpProgramIdentity.java> BLOCK name=.pdata start=82079e00 end=82089faf size=0x101b0 read=true write=false execute=false initialized=true (GhidraScript)  
INFO  DumpProgramIdentity.java> BLOCK name=BINKBSS start=8208a000 end=8208c8c7 size=0x28c8 read=true write=false execute=false initialized=true (GhidraScript)  
INFO  DumpProgramIdentity.java> BLOCK name=.text start=82090000 end=823d772b size=0x34772c read=true write=false execute=true initialized=true (GhidraScript)  
INFO  DumpProgramIdentity.java> BLOCK name=BINK start=823d7800 end=823e7ff7 size=0x107f8 read=true write=false execute=true initialized=true (GhidraScript)  
INFO  DumpProgramIdentity.java> BLOCK name=.data start=823f0000 end=82a5efd7 size=0x66efd8 read=true write=true execute=false initialized=true (GhidraScript)  
INFO  DumpProgramIdentity.java> BLOCK name=.tls start=82a5f000 end=82a5f024 size=0x25 read=true write=true execute=false initialized=true (GhidraScript)  
INFO  DumpProgramIdentity.java> BLOCK name=.XBMOVIE start=82a5f200 end=82a5f20b size=0xc read=true write=true execute=false initialized=true (GhidraScript)  
INFO  DumpProgramIdentity.java> BLOCK name=BINKDATA start=82a5f400 end=82a6317f size=0x3d80 read=true write=true execute=false initialized=true (GhidraScript)  
INFO  DumpProgramIdentity.java> BLOCK name=.idata start=82a70000 end=82a70461 size=0x462 read=true write=true execute=false initialized=true (GhidraScript)  
INFO  DumpProgramIdentity.java> BLOCK name=.XBLD start=82a80000 end=82a800af size=0xb0 read=true write=false execute=false initialized=true (GhidraScript)  
INFO  DumpProgramIdentity.java> BLOCK name=.reloc start=82a80200 end=82ac3083 size=0x42e84 read=true write=false execute=false initialized=true (GhidraScript)  
INFO  REPORT: Execute script: DumpBytes.java '0x8204f6f0' '0xa0'  (HeadlessAnalyzer)  
INFO  SCRIPT: /fastdata/lavaulta/auto-re-agent/workspaces/ace-combat-6/scripts/DumpBytes.java (HeadlessAnalyzer)  
INFO  DumpBytes.java> 8204f6f0 3f 80 00 00 be 2a aa ab 3c 08 88 89 b9 50 0d 01 (GhidraScript)  
INFO  DumpBytes.java> 8204f700 36 38 ef 1d b2 d7 32 2b 2f 30 92 31 ab 57 3f 9f (GhidraScript)  
INFO  DumpBytes.java> 8204f710 27 4a 96 3c a3 17 a4 da 1e b8 dc 78 9a 3b 0d a1 (GhidraScript)  
INFO  DumpBytes.java> 8204f720 3f 80 00 00 bf 00 00 00 3d 2a aa ab ba b6 0b 61 (GhidraScript)  
INFO  DumpBytes.java> 8204f730 37 d0 0d 01 b4 93 f2 7e 31 0f 76 c8 ad 49 cb a5 (GhidraScript)  
INFO  DumpBytes.java> 8204f740 29 57 3f 9f a5 34 13 c3 20 f2 a1 5d 9c 86 71 cb (GhidraScript)  
INFO  DumpBytes.java> 8204f750 bd 6d d4 2d be d6 55 53 3e 66 32 46 40 0b 18 89 (GhidraScript)  
INFO  DumpBytes.java> 8204f760 3f 1d d7 b6 40 89 80 bd bf 98 3f 2f c0 d1 36 0e (GhidraScript)  
INFO  DumpBytes.java> 8204f770 bf af 44 18 c0 8f 6a d9 3f b5 84 85 40 af 6a d8 (GhidraScript)  
INFO  DumpBytes.java> 8204f780 40 49 0f db 40 c9 0f db 3e a2 f9 83 3e 22 f9 83 (GhidraScript)  
INFO  REPORT: Execute script: DumpBytes.java '0x8205cd00' '0x50'  (HeadlessAnalyzer)  
INFO  SCRIPT: /fastdata/lavaulta/auto-re-agent/workspaces/ace-combat-6/scripts/DumpBytes.java (HeadlessAnalyzer)  
INFO  DumpBytes.java> 8205cd00 c1 5b 05 33 c1 a4 0b fe c1 07 e9 fb bf 56 6b d7 (GhidraScript)  
INFO  DumpBytes.java> 8205cd10 42 24 43 e6 42 ac 50 90 42 6e 50 52 41 70 62 4f (GhidraScript)  
INFO  DumpBytes.java> 8205cd20 3f dd b3 d7 3f 3b 67 af 3e 89 30 a3 39 80 00 00 (GhidraScript)  
INFO  DumpBytes.java> 8205cd30 3f c9 0f db 3f 86 0a 92 3f 06 0a 92 7e 80 00 00 (GhidraScript)  
INFO  DumpBytes.java> 8205cd40 40 49 0f db 3f c9 0f db 3f 49 0f db 40 16 cb e4 (GhidraScript)  
