openjdk version "21.0.11" 2026-04-21
OpenJDK Runtime Environment (build 21.0.11+10-1-26.04.2-Ubuntu)
OpenJDK 64-Bit Server VM (build 21.0.11+10-1-26.04.2-Ubuntu, mixed mode)
INFO  Using log config file: jar:file:/fastdata/lavaulta/auto-re-agent/.tools/ghidra_12.1.2_PUBLIC/Ghidra/Framework/Generic/lib/Generic.jar!/generic.log4j.xml (LoggingInitialization)  
INFO  Using log file: /home/lavaulta/.config/ghidra/ghidra_12.1.2_PUBLIC/application.log (LoggingInitialization)  
INFO  Loading user preferences: /home/lavaulta/.config/ghidra/ghidra_12.1.2_PUBLIC/preferences (Preferences)  
INFO  Searching for classes... (ClassSearcher)  
INFO  Ignoring class 'xexloaderwv.XEXLoaderWVLoader' from '/fastdata/lavaulta/auto-re-agent/.tools/ghidra_12.1.2_PUBLIC/Ghidra/Extensions/XEXLoaderWV/lib/XEXLoaderWV.jar'. Already found at '/fastdata/lavaulta/auto-re-agent/.tools/ghidra_12.1.2_PUBLIC/Ghidra/patch/XEXLoaderWV-java21.jar'. (ClassSearcher)  
INFO  Class search complete (1517 ms) (ClassSearcher)  
INFO  Initializing SSL Context (DefaultSSLContextInitializer)  
INFO  Initializing Random Number Generator... (SecureRandomFactory)  
INFO  Random Number Generator initialization complete: NativePRNGNonBlocking (SecureRandomFactory)  
INFO  Trust manager disabled, cacerts have not been set (DefaultTrustManagerFactory)  
INFO  Headless startup complete (3040 ms) (AnalyzeHeadless)  
INFO  Class searcher loaded 59 extension points (20 false positives) (ClassSearcher)  
INFO  HEADLESS Script Paths:
    /fastdata/lavaulta/auto-re-agent/.tools/ghidra_12.1.2_PUBLIC/Ghidra/Features/MicrosoftCodeAnalyzer/ghidra_scripts
    /fastdata/lavaulta/auto-re-agent/.tools/ghidra_12.1.2_PUBLIC/Ghidra/Features/PDB/ghidra_scripts
    /fastdata/lavaulta/auto-re-agent/.tools/ghidra_12.1.2_PUBLIC/Ghidra/Processors/8051/ghidra_scripts
    /fastdata/lavaulta/auto-re-agent/.tools/ghidra_12.1.2_PUBLIC/Ghidra/Features/Base/ghidra_scripts
    /fastdata/lavaulta/auto-re-agent/workspaces/ace-combat-6/scripts
    /fastdata/lavaulta/auto-re-agent/.tools/ghidra_12.1.2_PUBLIC/Ghidra/Features/FileFormats/ghidra_scripts
    /fastdata/lavaulta/auto-re-agent/.tools/ghidra_12.1.2_PUBLIC/Ghidra/Features/GnuDemangler/ghidra_scripts
    /fastdata/lavaulta/auto-re-agent/.tools/ghidra_12.1.2_PUBLIC/Ghidra/Extensions/ghidra-emotionengine-reloaded/ghidra_scripts
    /fastdata/lavaulta/auto-re-agent/.tools/ghidra_12.1.2_PUBLIC/Ghidra/Features/Decompiler/ghidra_scripts
    /fastdata/lavaulta/auto-re-agent/.tools/ghidra_12.1.2_PUBLIC/Ghidra/Features/FunctionID/ghidra_scripts
    /fastdata/lavaulta/auto-re-agent/.tools/ghidra_12.1.2_PUBLIC/Ghidra/Features/DecompilerDependent/ghidra_scripts
    /fastdata/lavaulta/auto-re-agent/.tools/ghidra_12.1.2_PUBLIC/Ghidra/Processors/DATA/ghidra_scripts
    /fastdata/lavaulta/auto-re-agent/.tools/ghidra_12.1.2_PUBLIC/Ghidra/Debug/Debugger-rmi-trace/ghidra_scripts
    /fastdata/lavaulta/auto-re-agent/.tools/ghidra_12.1.2_PUBLIC/Ghidra/Features/SwiftDemangler/ghidra_scripts
    /fastdata/lavaulta/auto-re-agent/.tools/ghidra_12.1.2_PUBLIC/Ghidra/Debug/Debugger/ghidra_scripts
    /fastdata/lavaulta/auto-re-agent/.tools/ghidra_12.1.2_PUBLIC/Ghidra/Processors/PIC/ghidra_scripts
    /fastdata/lavaulta/auto-re-agent/.tools/ghidra_12.1.2_PUBLIC/Ghidra/Extensions/XEXLoaderWV/ghidra_scripts
    /fastdata/lavaulta/auto-re-agent/.tools/ghidra_12.1.2_PUBLIC/Ghidra/Features/WildcardAssembler/ghidra_scripts
    /fastdata/lavaulta/auto-re-agent/.tools/ghidra_12.1.2_PUBLIC/Ghidra/Features/PyGhidra/ghidra_scripts
    /fastdata/lavaulta/auto-re-agent/.tools/ghidra_12.1.2_PUBLIC/Ghidra/Features/BSim/ghidra_scripts
    /fastdata/lavaulta/auto-re-agent/.tools/ghidra_12.1.2_PUBLIC/Ghidra/Features/VersionTracking/ghidra_scripts
    /fastdata/lavaulta/auto-re-agent/.tools/ghidra_12.1.2_PUBLIC/Ghidra/Features/BytePatterns/ghidra_scripts
    /fastdata/lavaulta/auto-re-agent/.tools/ghidra_12.1.2_PUBLIC/Ghidra/Processors/Atmel/ghidra_scripts
    /fastdata/lavaulta/auto-re-agent/.tools/ghidra_12.1.2_PUBLIC/Ghidra/Features/SystemEmulation/ghidra_scripts
    /fastdata/lavaulta/auto-re-agent/.tools/ghidra_12.1.2_PUBLIC/Ghidra/Processors/JVM/ghidra_scripts (HeadlessAnalyzer)  
INFO  HEADLESS: execution starts (HeadlessAnalyzer)  
INFO  Opening existing project: /fastdata/lavaulta/auto-re-agent/workspaces/ace-combat-6/ghidra-projects/ace-combat-6 (HeadlessAnalyzer)  
INFO  Opening project: /fastdata/lavaulta/auto-re-agent/workspaces/ace-combat-6/ghidra-projects/ace-combat-6 (HeadlessProject)  
INFO  REPORT: Processing project file: /default.xex (HeadlessAnalyzer)  
INFO  REPORT: Execute script: DumpRange.java '0x821b9580' '0x821b9670'  (HeadlessAnalyzer)  
INFO  SCRIPT: /fastdata/lavaulta/auto-re-agent/workspaces/ace-combat-6/scripts/DumpRange.java (HeadlessAnalyzer)  
INFO  DumpRange.java> 821b9580 stw r31,0xc(r10) (GhidraScript)  
INFO  DumpRange.java> 821b9584 stw r31,0x10(r10) (GhidraScript)  
INFO  DumpRange.java> 821b9588 stw r31,0x14(r10) (GhidraScript)  
INFO  DumpRange.java> 821b958c stw r31,0x18(r10) (GhidraScript)  
INFO  DumpRange.java> 821b9590 stw r31,0x1c(r10) (GhidraScript)  
INFO  DumpRange.java> 821b9594 stw r31,0x20(r10) (GhidraScript)  
INFO  DumpRange.java> 821b9598 bl 0x8228b680 (GhidraScript)  
INFO  DumpRange.java> 821b959c addis r3,r30,0x16 (GhidraScript)  
INFO  DumpRange.java> 821b95a0 subi r3,r3,0x48f0 (GhidraScript)  
INFO  DumpRange.java> 821b95a4 bl 0x8228c1a0 (GhidraScript)  
INFO  DumpRange.java> 821b95a8 lis r11,-0x7d6e (GhidraScript)  
INFO  DumpRange.java> 821b95ac li r5,0x80 (GhidraScript)  
INFO  DumpRange.java> 821b95b0 stw r26,0x4(r30) (GhidraScript)  
INFO  DumpRange.java> 821b95b4 subi r3,r11,0x7528 (GhidraScript)  
INFO  DumpRange.java> 821b95b8 lis r11,-0x7d6c (GhidraScript)  
INFO  DumpRange.java> 821b95bc li r4,0x0 (GhidraScript)  
INFO  DumpRange.java> 821b95c0 stw r30,-0x45f0(r11) (GhidraScript)  
INFO  DumpRange.java> 821b95c4 bl 0x823835d0 (GhidraScript)  
INFO  DumpRange.java> 821b95c8 or r3,r30,r30 (GhidraScript)  
INFO  DumpRange.java> 821b95cc bl 0x821bab70 (GhidraScript)  
INFO  DumpRange.java> 821b95d0 lis r11,-0x7dfa (GhidraScript)  
INFO  DumpRange.java> 821b95d4 addi r4,r11,0x5a50 (GhidraScript)  
INFO  DumpRange.java> 821b95d8 lis r11,-0x7d62 (GhidraScript)  
INFO  DumpRange.java> 821b95dc addi r28,r11,0x6218 (GhidraScript)  
INFO  DumpRange.java> 821b95e0 or r3,r28,r28 (GhidraScript)  
INFO  DumpRange.java> 821b95e4 bl 0x821d2ad8 (GhidraScript)  
INFO  DumpRange.java> 821b95e8 or r10,r3,r3 (GhidraScript)  
INFO  DumpRange.java> 821b95ec lis r11,-0x7dfa (GhidraScript)  
INFO  DumpRange.java> 821b95f0 or r3,r28,r28 (GhidraScript)  
INFO  DumpRange.java> 821b95f4 addi r4,r11,0x5a68 (GhidraScript)  
INFO  DumpRange.java> 821b95f8 stw r10,0x44(r30) (GhidraScript)  
INFO  DumpRange.java> 821b95fc bl 0x821d2ad8 (GhidraScript)  
INFO  DumpRange.java> 821b9600 lis r11,-0x7dfa (GhidraScript)  
INFO  DumpRange.java> 821b9604 stw r3,0x48(r30) (GhidraScript)  
INFO  DumpRange.java> 821b9608 or r3,r28,r28 (GhidraScript)  
INFO  DumpRange.java> 821b960c addi r4,r11,0x5a7c (GhidraScript)  
INFO  DumpRange.java> 821b9610 bl 0x821d2ad8 (GhidraScript)  
INFO  DumpRange.java> 821b9614 or r10,r3,r3 (GhidraScript)  
INFO  DumpRange.java> 821b9618 lis r11,-0x7dfa (GhidraScript)  
INFO  DumpRange.java> 821b961c stw r31,0x50(r30) (GhidraScript)  
INFO  DumpRange.java> 821b9620 or r3,r28,r28 (GhidraScript)  
INFO  DumpRange.java> 821b9624 addi r4,r11,0x5a90 (GhidraScript)  
INFO  DumpRange.java> 821b9628 stw r10,0x4c(r30) (GhidraScript)  
INFO  DumpRange.java> 821b962c bl 0x821d2ad8 (GhidraScript)  
INFO  DumpRange.java> 821b9630 or r10,r3,r3 (GhidraScript)  
INFO  DumpRange.java> 821b9634 lis r11,-0x7dfa (GhidraScript)  
INFO  DumpRange.java> 821b9638 or r3,r28,r28 (GhidraScript)  
INFO  DumpRange.java> 821b963c addi r4,r11,0x5aa0 (GhidraScript)  
INFO  DumpRange.java> 821b9640 stw r10,0x54(r30) (GhidraScript)  
INFO  DumpRange.java> 821b9644 bl 0x821d2ad8 (GhidraScript)  
INFO  DumpRange.java> 821b9648 lis r11,0x15 (GhidraScript)  
INFO  DumpRange.java> 821b964c stw r3,0x58(r30) (GhidraScript)  
INFO  DumpRange.java> 821b9650 lis r10,0x15 (GhidraScript)  
INFO  DumpRange.java> 821b9654 lwz r4,0x48(r30) (GhidraScript)  
INFO  DumpRange.java> 821b9658 lis r9,0x15 (GhidraScript)  
INFO  DumpRange.java> 821b965c lis r8,0x15 (GhidraScript)  
INFO  DumpRange.java> 821b9660 ori r11,r11,0xaa9c (GhidraScript)  
INFO  DumpRange.java> 821b9664 ori r10,r10,0xaaa0 (GhidraScript)  
INFO  DumpRange.java> 821b9668 ori r9,r9,0xaaa4 (GhidraScript)  
INFO  DumpRange.java> 821b966c ori r8,r8,0xaaa8 (GhidraScript)  
INFO  REPORT: Execute script: ListFunctionsRange.java '0x821b9000' '0x821ba000'  (HeadlessAnalyzer)  
INFO  SCRIPT: /fastdata/lavaulta/auto-re-agent/workspaces/ace-combat-6/scripts/ListFunctionsRange.java (HeadlessAnalyzer)  
INFO  ListFunctionsRange.java> 821b9050 Function_821B9050 [[821b9050, 821b90ab]] (GhidraScript)  
INFO  ListFunctionsRange.java> 821b90b0 Function_821B90B0 [[821b90b0, 821b910b]] (GhidraScript)  
INFO  ListFunctionsRange.java> 821b9110 Function_821B9110 [[821b9110, 821b916b]] (GhidraScript)  
INFO  ListFunctionsRange.java> 821b9170 Function_821B9170 [[821b9170, 821b91cb]] (GhidraScript)  
INFO  ListFunctionsRange.java> 821b91d0 Function_821B91D0 [[821b91d0, 821b922b]] (GhidraScript)  
INFO  ListFunctionsRange.java> 821b9230 Function_821B9230 [[821b9230, 821b928b]] (GhidraScript)  
INFO  ListFunctionsRange.java> 821b9290 Function_821B9290 [[821b9290, 821b92e3]] (GhidraScript)  
INFO  ListFunctionsRange.java> 821b92e8 Function_821B92E8 [[821b92e8, 821b9343]] (GhidraScript)  
INFO  ListFunctionsRange.java> 821b9348 Function_821B9348 [[821b9348, 821b93a3]] (GhidraScript)  
INFO  ListFunctionsRange.java> 821b93a8 Function_821B93A8 [[821b93a8, 821b9403]] (GhidraScript)  
INFO  ListFunctionsRange.java> 821b9740 Function_821B9740 [[821b9740, 821b9747]] (GhidraScript)  
INFO  ListFunctionsRange.java> 821b9828 Function_821B9828 [[821b9828, 821b982f]] (GhidraScript)  
INFO  ListFunctionsRange.java> 821b99b8 Function_821B99B8 [[821b99b8, 821b99bf]] (GhidraScript)  
INFO  REPORT: Save succeeded for processed file: /default.xex (HeadlessAnalyzer)  
