openjdk version "21.0.11" 2026-04-21
OpenJDK Runtime Environment (build 21.0.11+10-1-26.04.2-Ubuntu)
OpenJDK 64-Bit Server VM (build 21.0.11+10-1-26.04.2-Ubuntu, mixed mode)
INFO  Using log config file: jar:file:/fastdata/lavaulta/auto-re-agent/.tools/ghidra_12.1.2_PUBLIC/Ghidra/Framework/Generic/lib/Generic.jar!/generic.log4j.xml (LoggingInitialization)  
INFO  Using log file: /home/lavaulta/.config/ghidra/ghidra_12.1.2_PUBLIC/application.log (LoggingInitialization)  
INFO  Loading user preferences: /home/lavaulta/.config/ghidra/ghidra_12.1.2_PUBLIC/preferences (Preferences)  
INFO  Searching for classes... (ClassSearcher)  
INFO  Ignoring class 'xexloaderwv.XEXLoaderWVLoader' from '/fastdata/lavaulta/auto-re-agent/.tools/ghidra_12.1.2_PUBLIC/Ghidra/Extensions/XEXLoaderWV/lib/XEXLoaderWV.jar'. Already found at '/fastdata/lavaulta/auto-re-agent/.tools/ghidra_12.1.2_PUBLIC/Ghidra/patch/XEXLoaderWV-java21.jar'. (ClassSearcher)  
INFO  Class search complete (1484 ms) (ClassSearcher)  
INFO  Initializing SSL Context (DefaultSSLContextInitializer)  
INFO  Initializing Random Number Generator... (SecureRandomFactory)  
INFO  Random Number Generator initialization complete: NativePRNGNonBlocking (SecureRandomFactory)  
INFO  Trust manager disabled, cacerts have not been set (DefaultTrustManagerFactory)  
INFO  Headless startup complete (2975 ms) (AnalyzeHeadless)  
INFO  Class searcher loaded 59 extension points (20 false positives) (ClassSearcher)  
INFO  HEADLESS Script Paths:
    /fastdata/lavaulta/auto-re-agent/.tools/ghidra_12.1.2_PUBLIC/Ghidra/Features/MicrosoftCodeAnalyzer/ghidra_scripts
    /fastdata/lavaulta/auto-re-agent/.tools/ghidra_12.1.2_PUBLIC/Ghidra/Features/PDB/ghidra_scripts
    /fastdata/lavaulta/auto-re-agent/.tools/ghidra_12.1.2_PUBLIC/Ghidra/Processors/8051/ghidra_scripts
    /fastdata/lavaulta/auto-re-agent/.tools/ghidra_12.1.2_PUBLIC/Ghidra/Features/Base/ghidra_scripts
    /fastdata/lavaulta/auto-re-agent/workspaces/ace-combat-6/scripts
    /fastdata/lavaulta/auto-re-agent/.tools/ghidra_12.1.2_PUBLIC/Ghidra/Features/FileFormats/ghidra_scripts
    /fastdata/lavaulta/auto-re-agent/.tools/ghidra_12.1.2_PUBLIC/Ghidra/Features/GnuDemangler/ghidra_scripts
    /fastdata/lavaulta/auto-re-agent/.tools/ghidra_12.1.2_PUBLIC/Ghidra/Extensions/ghidra-emotionengine-reloaded/ghidra_scripts
    /fastdata/lavaulta/auto-re-agent/.tools/ghidra_12.1.2_PUBLIC/Ghidra/Features/Decompiler/ghidra_scripts
    /fastdata/lavaulta/auto-re-agent/.tools/ghidra_12.1.2_PUBLIC/Ghidra/Features/FunctionID/ghidra_scripts
    /fastdata/lavaulta/auto-re-agent/.tools/ghidra_12.1.2_PUBLIC/Ghidra/Features/DecompilerDependent/ghidra_scripts
    /fastdata/lavaulta/auto-re-agent/.tools/ghidra_12.1.2_PUBLIC/Ghidra/Processors/DATA/ghidra_scripts
    /fastdata/lavaulta/auto-re-agent/.tools/ghidra_12.1.2_PUBLIC/Ghidra/Debug/Debugger-rmi-trace/ghidra_scripts
    /fastdata/lavaulta/auto-re-agent/.tools/ghidra_12.1.2_PUBLIC/Ghidra/Features/SwiftDemangler/ghidra_scripts
    /fastdata/lavaulta/auto-re-agent/.tools/ghidra_12.1.2_PUBLIC/Ghidra/Debug/Debugger/ghidra_scripts
    /fastdata/lavaulta/auto-re-agent/.tools/ghidra_12.1.2_PUBLIC/Ghidra/Processors/PIC/ghidra_scripts
    /fastdata/lavaulta/auto-re-agent/.tools/ghidra_12.1.2_PUBLIC/Ghidra/Extensions/XEXLoaderWV/ghidra_scripts
    /fastdata/lavaulta/auto-re-agent/.tools/ghidra_12.1.2_PUBLIC/Ghidra/Features/WildcardAssembler/ghidra_scripts
    /fastdata/lavaulta/auto-re-agent/.tools/ghidra_12.1.2_PUBLIC/Ghidra/Features/PyGhidra/ghidra_scripts
    /fastdata/lavaulta/auto-re-agent/.tools/ghidra_12.1.2_PUBLIC/Ghidra/Features/BSim/ghidra_scripts
    /fastdata/lavaulta/auto-re-agent/.tools/ghidra_12.1.2_PUBLIC/Ghidra/Features/VersionTracking/ghidra_scripts
    /fastdata/lavaulta/auto-re-agent/.tools/ghidra_12.1.2_PUBLIC/Ghidra/Features/BytePatterns/ghidra_scripts
    /fastdata/lavaulta/auto-re-agent/.tools/ghidra_12.1.2_PUBLIC/Ghidra/Processors/Atmel/ghidra_scripts
    /fastdata/lavaulta/auto-re-agent/.tools/ghidra_12.1.2_PUBLIC/Ghidra/Features/SystemEmulation/ghidra_scripts
    /fastdata/lavaulta/auto-re-agent/.tools/ghidra_12.1.2_PUBLIC/Ghidra/Processors/JVM/ghidra_scripts (HeadlessAnalyzer)  
INFO  HEADLESS: execution starts (HeadlessAnalyzer)  
INFO  Opening existing project: /fastdata/lavaulta/auto-re-agent/workspaces/ace-combat-6/ghidra-projects/ace-combat-6 (HeadlessAnalyzer)  
INFO  Opening project: /fastdata/lavaulta/auto-re-agent/workspaces/ace-combat-6/ghidra-projects/ace-combat-6 (HeadlessProject)  
INFO  REPORT: Processing read-only project file: /default.xex (HeadlessAnalyzer)  
INFO  REPORT: Execute script: DumpRange.java '0x821d78e0' '0x821d7b20'  (HeadlessAnalyzer)  
INFO  SCRIPT: /fastdata/lavaulta/auto-re-agent/workspaces/ace-combat-6/scripts/DumpRange.java (HeadlessAnalyzer)  
INFO  DumpRange.java> 821d78e0 or r3,r31,r31 (GhidraScript)  
INFO  DumpRange.java> 821d78e4 addi r1,r1,0x70 (GhidraScript)  
INFO  DumpRange.java> 821d78e8 lwz r12,-0x8(r1) (GhidraScript)  
INFO  DumpRange.java> 821d78ec mtspr LR,r12 (GhidraScript)  
INFO  DumpRange.java> 821d78f0 ld r30,-0x18(r1) (GhidraScript)  
INFO  DumpRange.java> 821d78f4 ld r31,-0x10(r1) (GhidraScript)  
INFO  DumpRange.java> 821d78f8 blr (GhidraScript)  
INFO  DumpRange.java> 821d78fc <not-disassembled> (GhidraScript)  
INFO  DumpRange.java> 821d7900 mfspr r12,LR (GhidraScript)  
INFO  DumpRange.java> 821d7904 bl 0x82382ef4 (GhidraScript)  
INFO  DumpRange.java> 821d7908 stwu r1,-0x80(r1) (GhidraScript)  
INFO  DumpRange.java> 821d790c or r27,r4,r4 (GhidraScript)  
INFO  DumpRange.java> 821d7910 or r31,r3,r3 (GhidraScript)  
INFO  DumpRange.java> 821d7914 rlwinm r11,r27,0x0,0x1e,0x1e (GhidraScript)  
INFO  DumpRange.java> 821d7918 cmplwi cr6,r11,0x0 (GhidraScript)  
INFO  DumpRange.java> 821d791c beq cr6,0x821d79c0 (GhidraScript)  
INFO  DumpRange.java> 821d7920 lwz r11,-0x4(r31) (GhidraScript)  
INFO  DumpRange.java> 821d7924 subi r28,r31,0x4 (GhidraScript)  
INFO  DumpRange.java> 821d7928 mulli r10,r11,0x264 (GhidraScript)  
INFO  DumpRange.java> 821d792c subi r30,r11,0x1 (GhidraScript)  
INFO  DumpRange.java> 821d7930 add r31,r10,r31 (GhidraScript)  
INFO  DumpRange.java> 821d7934 cmpwi cr6,r30,0x0 (GhidraScript)  
INFO  DumpRange.java> 821d7938 blt cr6,0x821d79a0 (GhidraScript)  
INFO  DumpRange.java> 821d793c lis r11,-0x7dfa (GhidraScript)  
INFO  DumpRange.java> 821d7940 addi r29,r11,0x7e04 (GhidraScript)  
INFO  DumpRange.java> 821d7944 subi r31,r31,0x264 (GhidraScript)  
INFO  DumpRange.java> 821d7948 lis r11,-0x7de3 (GhidraScript)  
INFO  DumpRange.java> 821d794c li r5,0x3 (GhidraScript)  
INFO  DumpRange.java> 821d7950 addi r6,r11,0x5070 (GhidraScript)  
INFO  DumpRange.java> 821d7954 li r4,0x10 (GhidraScript)  
INFO  DumpRange.java> 821d7958 addi r3,r31,0x234 (GhidraScript)  
INFO  DumpRange.java> 821d795c stw r29,0x0(r31) (GhidraScript)  
INFO  DumpRange.java> 821d7960 bl 0x82090270 (GhidraScript)  
INFO  DumpRange.java> 821d7964 lis r11,-0x7de3 (GhidraScript)  
INFO  DumpRange.java> 821d7968 li r5,0x3 (GhidraScript)  
INFO  DumpRange.java> 821d796c addi r6,r11,0x5070 (GhidraScript)  
INFO  DumpRange.java> 821d7970 li r4,0x10 (GhidraScript)  
INFO  DumpRange.java> 821d7974 addi r3,r31,0x204 (GhidraScript)  
INFO  DumpRange.java> 821d7978 bl 0x82090270 (GhidraScript)  
INFO  DumpRange.java> 821d797c lis r11,-0x7de3 (GhidraScript)  
INFO  DumpRange.java> 821d7980 li r5,0x20 (GhidraScript)  
INFO  DumpRange.java> 821d7984 addi r6,r11,0x5070 (GhidraScript)  
INFO  DumpRange.java> 821d7988 li r4,0x10 (GhidraScript)  
INFO  DumpRange.java> 821d798c addi r3,r31,0x4 (GhidraScript)  
INFO  DumpRange.java> 821d7990 bl 0x82090270 (GhidraScript)  
INFO  DumpRange.java> 821d7994 subi r30,r30,0x1 (GhidraScript)  
INFO  DumpRange.java> 821d7998 cmpwi cr6,r30,0x0 (GhidraScript)  
INFO  DumpRange.java> 821d799c bge cr6,0x821d7944 (GhidraScript)  
INFO  DumpRange.java> 821d79a0 rlwinm r11,r27,0x0,0x1f,0x1f (GhidraScript)  
INFO  DumpRange.java> 821d79a4 cmplwi cr6,r11,0x0 (GhidraScript)  
INFO  DumpRange.java> 821d79a8 beq cr6,0x821d79b4 (GhidraScript)  
INFO  DumpRange.java> 821d79ac or r3,r28,r28 (GhidraScript)  
INFO  DumpRange.java> 821d79b0 bl 0x82380208 (GhidraScript)  
INFO  DumpRange.java> 821d79b4 or r3,r28,r28 (GhidraScript)  
INFO  DumpRange.java> 821d79b8 addi r1,r1,0x80 (GhidraScript)  
INFO  DumpRange.java> 821d79bc b 0x82382f44 (GhidraScript)  
INFO  DumpRange.java> 821d79c0 or r3,r31,r31 (GhidraScript)  
INFO  DumpRange.java> 821d79c4 bl 0x821d50c8 (GhidraScript)  
INFO  DumpRange.java> 821d79c8 rlwinm r11,r27,0x0,0x1f,0x1f (GhidraScript)  
INFO  DumpRange.java> 821d79cc cmplwi cr6,r11,0x0 (GhidraScript)  
INFO  DumpRange.java> 821d79d0 beq cr6,0x821d79dc (GhidraScript)  
INFO  DumpRange.java> 821d79d4 or r3,r31,r31 (GhidraScript)  
INFO  DumpRange.java> 821d79d8 bl 0x82380070 (GhidraScript)  
INFO  DumpRange.java> 821d79dc or r3,r31,r31 (GhidraScript)  
INFO  DumpRange.java> 821d79e0 addi r1,r1,0x80 (GhidraScript)  
INFO  DumpRange.java> 821d79e4 b 0x82382f44 (GhidraScript)  
INFO  DumpRange.java> 821d79e8 mfspr r12,LR (GhidraScript)  
INFO  DumpRange.java> 821d79ec bl 0x82382ef4 (GhidraScript)  
INFO  DumpRange.java> 821d79f0 stwu r1,-0x80(r1) (GhidraScript)  
INFO  DumpRange.java> 821d79f4 or r27,r4,r4 (GhidraScript)  
INFO  DumpRange.java> 821d79f8 or r30,r3,r3 (GhidraScript)  
INFO  DumpRange.java> 821d79fc rlwinm r11,r27,0x0,0x1e,0x1e (GhidraScript)  
INFO  DumpRange.java> 821d7a00 cmplwi cr6,r11,0x0 (GhidraScript)  
INFO  DumpRange.java> 821d7a04 beq cr6,0x821d7a64 (GhidraScript)  
INFO  DumpRange.java> 821d7a08 lis r10,0x15 (GhidraScript)  
INFO  DumpRange.java> 821d7a0c lwz r11,-0x8(r30) (GhidraScript)  
INFO  DumpRange.java> 821d7a10 subi r28,r30,0x8 (GhidraScript)  
INFO  DumpRange.java> 821d7a14 ori r29,r10,0xb798 (GhidraScript)  
INFO  DumpRange.java> 821d7a18 subi r31,r11,0x1 (GhidraScript)  
INFO  DumpRange.java> 821d7a1c mullw r10,r11,r29 (GhidraScript)  
INFO  DumpRange.java> 821d7a20 add r30,r10,r30 (GhidraScript)  
INFO  DumpRange.java> 821d7a24 cmpwi cr6,r31,0x0 (GhidraScript)  
INFO  DumpRange.java> 821d7a28 blt cr6,0x821d7a44 (GhidraScript)  
INFO  DumpRange.java> 821d7a2c subf r30,r29,r30 (GhidraScript)  
INFO  DumpRange.java> 821d7a30 or r3,r30,r30 (GhidraScript)  
INFO  DumpRange.java> 821d7a34 bl 0x821b9740 (GhidraScript)  
INFO  DumpRange.java> 821d7a38 subi r31,r31,0x1 (GhidraScript)  
INFO  DumpRange.java> 821d7a3c cmpwi cr6,r31,0x0 (GhidraScript)  
INFO  DumpRange.java> 821d7a40 bge cr6,0x821d7a2c (GhidraScript)  
INFO  DumpRange.java> 821d7a44 rlwinm r11,r27,0x0,0x1f,0x1f (GhidraScript)  
INFO  DumpRange.java> 821d7a48 cmplwi cr6,r11,0x0 (GhidraScript)  
INFO  DumpRange.java> 821d7a4c beq cr6,0x821d7a58 (GhidraScript)  
INFO  DumpRange.java> 821d7a50 or r3,r28,r28 (GhidraScript)  
INFO  DumpRange.java> 821d7a54 bl 0x82380208 (GhidraScript)  
INFO  DumpRange.java> 821d7a58 or r3,r28,r28 (GhidraScript)  
INFO  DumpRange.java> 821d7a5c addi r1,r1,0x80 (GhidraScript)  
INFO  DumpRange.java> 821d7a60 b 0x82382f44 (GhidraScript)  
INFO  DumpRange.java> 821d7a64 or r3,r30,r30 (GhidraScript)  
INFO  DumpRange.java> 821d7a68 bl 0x821b9740 (GhidraScript)  
INFO  DumpRange.java> 821d7a6c rlwinm r11,r27,0x0,0x1f,0x1f (GhidraScript)  
INFO  DumpRange.java> 821d7a70 cmplwi cr6,r11,0x0 (GhidraScript)  
INFO  DumpRange.java> 821d7a74 beq cr6,0x821d7a80 (GhidraScript)  
INFO  DumpRange.java> 821d7a78 or r3,r30,r30 (GhidraScript)  
INFO  DumpRange.java> 821d7a7c bl 0x82380070 (GhidraScript)  
INFO  DumpRange.java> 821d7a80 or r3,r30,r30 (GhidraScript)  
INFO  DumpRange.java> 821d7a84 addi r1,r1,0x80 (GhidraScript)  
INFO  DumpRange.java> 821d7a88 b 0x82382f44 (GhidraScript)  
INFO  DumpRange.java> 821d7a8c <not-disassembled> (GhidraScript)  
INFO  DumpRange.java> 821d7a90 mfspr r12,LR (GhidraScript)  
INFO  DumpRange.java> 821d7a94 stw r12,-0x8(r1) (GhidraScript)  
INFO  DumpRange.java> 821d7a98 std r30,-0x18(r1) (GhidraScript)  
INFO  DumpRange.java> 821d7a9c std r31,-0x10(r1) (GhidraScript)  
INFO  DumpRange.java> 821d7aa0 stfd f31,-0x20(r1) (GhidraScript)  
INFO  DumpRange.java> 821d7aa4 stwu r1,-0x70(r1) (GhidraScript)  
INFO  DumpRange.java> 821d7aa8 lis r30,-0x7dc0 (GhidraScript)  
INFO  DumpRange.java> 821d7aac lwz r3,-0x64d8(r30) (GhidraScript)  
INFO  DumpRange.java> 821d7ab0 lwz r11,0x0(r3) (GhidraScript)  
INFO  DumpRange.java> 821d7ab4 lwz r11,0x18(r11) (GhidraScript)  
INFO  DumpRange.java> 821d7ab8 mtspr CTR,r11 (GhidraScript)  
INFO  DumpRange.java> 821d7abc bctrl (GhidraScript)  
INFO  DumpRange.java> 821d7ac0 lis r11,-0x7dc1 (GhidraScript)  
INFO  DumpRange.java> 821d7ac4 li r4,0x1 (GhidraScript)  
INFO  DumpRange.java> 821d7ac8 addi r31,r11,0x6db8 (GhidraScript)  
INFO  DumpRange.java> 821d7acc or r3,r31,r31 (GhidraScript)  
INFO  DumpRange.java> 821d7ad0 lwz r11,0x0(r31) (GhidraScript)  
INFO  DumpRange.java> 821d7ad4 lwz r11,0x38(r11) (GhidraScript)  
INFO  DumpRange.java> 821d7ad8 mtspr CTR,r11 (GhidraScript)  
INFO  DumpRange.java> 821d7adc bctrl (GhidraScript)  
INFO  DumpRange.java> 821d7ae0 lis r11,-0x7d96 (GhidraScript)  
INFO  DumpRange.java> 821d7ae4 addi r3,r11,0x7b4 (GhidraScript)  
INFO  DumpRange.java> 821d7ae8 bl 0x821ca908 (GhidraScript)  
INFO  DumpRange.java> 821d7aec lwz r11,0x0(r31) (GhidraScript)  
INFO  DumpRange.java> 821d7af0 or r3,r31,r31 (GhidraScript)  
INFO  DumpRange.java> 821d7af4 lwz r11,0x1c(r11) (GhidraScript)  
INFO  DumpRange.java> 821d7af8 mtspr CTR,r11 (GhidraScript)  
INFO  DumpRange.java> 821d7afc bctrl (GhidraScript)  
INFO  DumpRange.java> 821d7b00 lis r11,-0x7d64 (GhidraScript)  
INFO  DumpRange.java> 821d7b04 fmr f31,f1 (GhidraScript)  
INFO  DumpRange.java> 821d7b08 subi r31,r11,0x63b0 (GhidraScript)  
INFO  DumpRange.java> 821d7b0c lwz r3,0x1370(r31) (GhidraScript)  
INFO  DumpRange.java> 821d7b10 cmplwi cr6,r3,0x0 (GhidraScript)  
INFO  DumpRange.java> 821d7b14 beq cr6,0x821d7b1c (GhidraScript)  
INFO  DumpRange.java> 821d7b18 bl 0x822aad80 (GhidraScript)  
INFO  DumpRange.java> 821d7b1c lwz r3,0x1374(r31) (GhidraScript)  
INFO  REPORT: Discarding changes to the following read-only file: /default.xex (HeadlessAnalyzer)  
