openjdk version "21.0.11" 2026-04-21
OpenJDK Runtime Environment (build 21.0.11+10-1-26.04.2-Ubuntu)
OpenJDK 64-Bit Server VM (build 21.0.11+10-1-26.04.2-Ubuntu, mixed mode)
INFO  Using log config file: jar:file:/fastdata/lavaulta/auto-re-agent/.tools/ghidra_12.1.2_PUBLIC/Ghidra/Framework/Generic/lib/Generic.jar!/generic.log4j.xml (LoggingInitialization)  
INFO  Using log file: /home/lavaulta/.config/ghidra/ghidra_12.1.2_PUBLIC/application.log (LoggingInitialization)  
INFO  Loading user preferences: /home/lavaulta/.config/ghidra/ghidra_12.1.2_PUBLIC/preferences (Preferences)  
INFO  Searching for classes... (ClassSearcher)  
INFO  Ignoring class 'xexloaderwv.XEXLoaderWVLoader' from '/fastdata/lavaulta/auto-re-agent/.tools/ghidra_12.1.2_PUBLIC/Ghidra/Extensions/XEXLoaderWV/lib/XEXLoaderWV.jar'. Already found at '/fastdata/lavaulta/auto-re-agent/.tools/ghidra_12.1.2_PUBLIC/Ghidra/patch/XEXLoaderWV-java21.jar'. (ClassSearcher)  
INFO  Class search complete (1597 ms) (ClassSearcher)  
INFO  Initializing SSL Context (DefaultSSLContextInitializer)  
INFO  Initializing Random Number Generator... (SecureRandomFactory)  
INFO  Random Number Generator initialization complete: NativePRNGNonBlocking (SecureRandomFactory)  
INFO  Trust manager disabled, cacerts have not been set (DefaultTrustManagerFactory)  
INFO  Headless startup complete (3151 ms) (AnalyzeHeadless)  
INFO  Class searcher loaded 59 extension points (20 false positives) (ClassSearcher)  
INFO  HEADLESS Script Paths:
    /fastdata/lavaulta/auto-re-agent/.tools/ghidra_12.1.2_PUBLIC/Ghidra/Features/MicrosoftCodeAnalyzer/ghidra_scripts
    /fastdata/lavaulta/auto-re-agent/.tools/ghidra_12.1.2_PUBLIC/Ghidra/Features/PDB/ghidra_scripts
    /fastdata/lavaulta/auto-re-agent/.tools/ghidra_12.1.2_PUBLIC/Ghidra/Processors/8051/ghidra_scripts
    /fastdata/lavaulta/auto-re-agent/.tools/ghidra_12.1.2_PUBLIC/Ghidra/Features/Base/ghidra_scripts
    /fastdata/lavaulta/auto-re-agent/workspaces/ace-combat-6/scripts
    /fastdata/lavaulta/auto-re-agent/.tools/ghidra_12.1.2_PUBLIC/Ghidra/Features/FileFormats/ghidra_scripts
    /fastdata/lavaulta/auto-re-agent/.tools/ghidra_12.1.2_PUBLIC/Ghidra/Features/GnuDemangler/ghidra_scripts
    /fastdata/lavaulta/auto-re-agent/.tools/ghidra_12.1.2_PUBLIC/Ghidra/Extensions/ghidra-emotionengine-reloaded/ghidra_scripts
    /fastdata/lavaulta/auto-re-agent/.tools/ghidra_12.1.2_PUBLIC/Ghidra/Features/Decompiler/ghidra_scripts
    /fastdata/lavaulta/auto-re-agent/.tools/ghidra_12.1.2_PUBLIC/Ghidra/Features/FunctionID/ghidra_scripts
    /fastdata/lavaulta/auto-re-agent/.tools/ghidra_12.1.2_PUBLIC/Ghidra/Features/DecompilerDependent/ghidra_scripts
    /fastdata/lavaulta/auto-re-agent/.tools/ghidra_12.1.2_PUBLIC/Ghidra/Processors/DATA/ghidra_scripts
    /fastdata/lavaulta/auto-re-agent/.tools/ghidra_12.1.2_PUBLIC/Ghidra/Debug/Debugger-rmi-trace/ghidra_scripts
    /fastdata/lavaulta/auto-re-agent/.tools/ghidra_12.1.2_PUBLIC/Ghidra/Features/SwiftDemangler/ghidra_scripts
    /fastdata/lavaulta/auto-re-agent/.tools/ghidra_12.1.2_PUBLIC/Ghidra/Debug/Debugger/ghidra_scripts
    /fastdata/lavaulta/auto-re-agent/.tools/ghidra_12.1.2_PUBLIC/Ghidra/Processors/PIC/ghidra_scripts
    /fastdata/lavaulta/auto-re-agent/.tools/ghidra_12.1.2_PUBLIC/Ghidra/Extensions/XEXLoaderWV/ghidra_scripts
    /fastdata/lavaulta/auto-re-agent/.tools/ghidra_12.1.2_PUBLIC/Ghidra/Features/WildcardAssembler/ghidra_scripts
    /fastdata/lavaulta/auto-re-agent/.tools/ghidra_12.1.2_PUBLIC/Ghidra/Features/PyGhidra/ghidra_scripts
    /fastdata/lavaulta/auto-re-agent/.tools/ghidra_12.1.2_PUBLIC/Ghidra/Features/BSim/ghidra_scripts
    /fastdata/lavaulta/auto-re-agent/.tools/ghidra_12.1.2_PUBLIC/Ghidra/Features/VersionTracking/ghidra_scripts
    /fastdata/lavaulta/auto-re-agent/.tools/ghidra_12.1.2_PUBLIC/Ghidra/Features/BytePatterns/ghidra_scripts
    /fastdata/lavaulta/auto-re-agent/.tools/ghidra_12.1.2_PUBLIC/Ghidra/Processors/Atmel/ghidra_scripts
    /fastdata/lavaulta/auto-re-agent/.tools/ghidra_12.1.2_PUBLIC/Ghidra/Features/SystemEmulation/ghidra_scripts
    /fastdata/lavaulta/auto-re-agent/.tools/ghidra_12.1.2_PUBLIC/Ghidra/Processors/JVM/ghidra_scripts (HeadlessAnalyzer)  
INFO  HEADLESS: execution starts (HeadlessAnalyzer)  
INFO  Opening existing project: /fastdata/lavaulta/auto-re-agent/workspaces/ace-combat-6/ghidra-projects/ace-combat-6 (HeadlessAnalyzer)  
INFO  Opening project: /fastdata/lavaulta/auto-re-agent/workspaces/ace-combat-6/ghidra-projects/ace-combat-6 (HeadlessProject)  
INFO  REPORT: Processing project file: /default.xex (HeadlessAnalyzer)  
INFO  REPORT: Execute script: DumpRange.java '0x8224f680' '0x8224f8c0'  (HeadlessAnalyzer)  
INFO  SCRIPT: /fastdata/lavaulta/auto-re-agent/workspaces/ace-combat-6/scripts/DumpRange.java (HeadlessAnalyzer)  
INFO  DumpRange.java> 8224f680 b 0x8224f68c (GhidraScript)  
INFO  DumpRange.java> 8224f684 lwz r11,0x0(r3) (GhidraScript)  
INFO  DumpRange.java> 8224f688 lwz r11,0x118(r11) (GhidraScript)  
INFO  DumpRange.java> 8224f68c lwz r4,0x4(r31) (GhidraScript)  
INFO  DumpRange.java> 8224f690 li r6,0x0 (GhidraScript)  
INFO  DumpRange.java> 8224f694 lwz r7,0x8(r31) (GhidraScript)  
INFO  DumpRange.java> 8224f698 mtspr CTR,r11 (GhidraScript)  
INFO  DumpRange.java> 8224f69c bctrl (GhidraScript)  
INFO  DumpRange.java> 8224f6a0 addi r1,r1,0x70 (GhidraScript)  
INFO  DumpRange.java> 8224f6a4 lwz r12,-0x8(r1) (GhidraScript)  
INFO  DumpRange.java> 8224f6a8 mtspr LR,r12 (GhidraScript)  
INFO  DumpRange.java> 8224f6ac lfd f31,-0x20(r1) (GhidraScript)  
INFO  DumpRange.java> 8224f6b0 ld r30,-0x18(r1) (GhidraScript)  
INFO  DumpRange.java> 8224f6b4 ld r31,-0x10(r1) (GhidraScript)  
INFO  DumpRange.java> 8224f6b8 blr (GhidraScript)  
INFO  DumpRange.java> 8224f6bc <not-disassembled> (GhidraScript)  
INFO  DumpRange.java> 8224f6c0 lis r8,0x2 (GhidraScript)  
INFO  DumpRange.java> 8224f6c4 or r10,r3,r3 (GhidraScript)  
INFO  DumpRange.java> 8224f6c8 ori r7,r8,0xf9a0 (GhidraScript)  
INFO  DumpRange.java> 8224f6cc lis r8,-0x7d92 (GhidraScript)  
INFO  DumpRange.java> 8224f6d0 lis r9,-0x7dc0 (GhidraScript)  
INFO  DumpRange.java> 8224f6d4 li r5,0x0 (GhidraScript)  
INFO  DumpRange.java> 8224f6d8 lwz r11,0x164(r10) (GhidraScript)  
INFO  DumpRange.java> 8224f6dc subi r9,r9,0x6c38 (GhidraScript)  
INFO  DumpRange.java> 8224f6e0 lwz r8,0x4eb4(r8) (GhidraScript)  
INFO  DumpRange.java> 8224f6e4 lwzx r3,r8,r7 (GhidraScript)  
INFO  DumpRange.java> 8224f6e8 addi r8,r11,0x5a (GhidraScript)  
INFO  DumpRange.java> 8224f6ec rlwinm r7,r8,0x2,0x0,0x1d (GhidraScript)  
INFO  DumpRange.java> 8224f6f0 rlwinm r8,r11,0x2,0x0,0x1d (GhidraScript)  
INFO  DumpRange.java> 8224f6f4 add r8,r11,r8 (GhidraScript)  
INFO  DumpRange.java> 8224f6f8 lwzx r11,r7,r10 (GhidraScript)  
INFO  DumpRange.java> 8224f6fc add r11,r11,r8 (GhidraScript)  
INFO  DumpRange.java> 8224f700 rlwinm r11,r11,0x2,0x0,0x1d (GhidraScript)  
INFO  DumpRange.java> 8224f704 lwzx r4,r11,r9 (GhidraScript)  
INFO  DumpRange.java> 8224f708 b 0x8225c048 (GhidraScript)  
INFO  DumpRange.java> 8224f70c <not-disassembled> (GhidraScript)  
INFO  DumpRange.java> 8224f710 cmpwi cr6,r4,0x1 (GhidraScript)  
INFO  DumpRange.java> 8224f714 stw r4,0x20(r3) (GhidraScript)  
INFO  DumpRange.java> 8224f718 beq cr6,0x8224f730 (GhidraScript)  
INFO  DumpRange.java> 8224f71c cmpwi cr6,r4,0x2 (GhidraScript)  
INFO  DumpRange.java> 8224f720 bnelr cr6 (GhidraScript)  
INFO  DumpRange.java> 8224f724 addi r11,r3,0x84 (GhidraScript)  
INFO  DumpRange.java> 8224f728 stw r11,0x10c(r3) (GhidraScript)  
INFO  DumpRange.java> 8224f72c blr (GhidraScript)  
INFO  DumpRange.java> 8224f730 addi r11,r3,0xc8 (GhidraScript)  
INFO  DumpRange.java> 8224f734 stw r11,0x10c(r3) (GhidraScript)  
INFO  DumpRange.java> 8224f738 blr (GhidraScript)  
INFO  DumpRange.java> 8224f73c <not-disassembled> (GhidraScript)  
INFO  DumpRange.java> 8224f740 li r11,0x0 (GhidraScript)  
INFO  DumpRange.java> 8224f744 stw r4,0x24(r3) (GhidraScript)  
INFO  DumpRange.java> 8224f748 rlwinm r10,r5,0x0,0x0,0x0 (GhidraScript)  
INFO  DumpRange.java> 8224f74c cmplwi cr6,r10,0x0 (GhidraScript)  
INFO  DumpRange.java> 8224f750 stw r11,0x68(r3) (GhidraScript)  
INFO  DumpRange.java> 8224f754 beq cr6,0x8224f764 (GhidraScript)  
INFO  DumpRange.java> 8224f758 rlwinm r11,r5,0x0,0x1,0x1f (GhidraScript)  
INFO  DumpRange.java> 8224f75c stw r11,0x68(r3) (GhidraScript)  
INFO  DumpRange.java> 8224f760 blr (GhidraScript)  
INFO  DumpRange.java> 8224f764 cmpwi cr6,r4,0x3 (GhidraScript)  
INFO  DumpRange.java> 8224f768 bne cr6,0x8224f778 (GhidraScript)  
INFO  DumpRange.java> 8224f76c li r11,0x1 (GhidraScript)  
INFO  DumpRange.java> 8224f770 stw r11,0x68(r3) (GhidraScript)  
INFO  DumpRange.java> 8224f774 blr (GhidraScript)  
INFO  DumpRange.java> 8224f778 cmpwi cr6,r4,0x5 (GhidraScript)  
INFO  DumpRange.java> 8224f77c bnelr cr6 (GhidraScript)  
INFO  DumpRange.java> 8224f780 lis r11,0x1000 (GhidraScript)  
INFO  DumpRange.java> 8224f784 stw r11,0x68(r3) (GhidraScript)  
INFO  DumpRange.java> 8224f788 blr (GhidraScript)  
INFO  DumpRange.java> 8224f78c <not-disassembled> (GhidraScript)  
INFO  DumpRange.java> 8224f790 cmplwi cr6,r4,0x0 (GhidraScript)  
INFO  DumpRange.java> 8224f794 beq cr6,0x8224f7e4 (GhidraScript)  
INFO  DumpRange.java> 8224f798 cmplwi cr6,r5,0x0 (GhidraScript)  
INFO  DumpRange.java> 8224f79c beq cr6,0x8224f7e4 (GhidraScript)  
INFO  DumpRange.java> 8224f7a0 lwz r11,0x0(r4) (GhidraScript)  
INFO  DumpRange.java> 8224f7a4 cmpwi cr6,r11,0x1 (GhidraScript)  
INFO  DumpRange.java> 8224f7a8 bne cr6,0x8224f7e4 (GhidraScript)  
INFO  DumpRange.java> 8224f7ac lwz r11,0x0(r5) (GhidraScript)  
INFO  DumpRange.java> 8224f7b0 cmpwi cr6,r11,0x1 (GhidraScript)  
INFO  DumpRange.java> 8224f7b4 bne cr6,0x8224f7e4 (GhidraScript)  
INFO  DumpRange.java> 8224f7b8 lfs f0,0x4(r5) (GhidraScript)  
INFO  DumpRange.java> 8224f7bc lis r11,-0x7dc0 (GhidraScript)  
INFO  DumpRange.java> 8224f7c0 lfs f13,0x4(r4) (GhidraScript)  
INFO  DumpRange.java> 8224f7c4 fsubs f13,f0,f13 (GhidraScript)  
INFO  DumpRange.java> 8224f7c8 lfs f0,-0x65f4(r11) (GhidraScript)  
INFO  DumpRange.java> 8224f7cc li r11,0x1 (GhidraScript)  
INFO  DumpRange.java> 8224f7d0 fcmpu cr6,f13,f0 (GhidraScript)  
INFO  DumpRange.java> 8224f7d4 bge cr6,0x8224f7dc (GhidraScript)  
INFO  DumpRange.java> 8224f7d8 li r11,0x0 (GhidraScript)  
INFO  DumpRange.java> 8224f7dc rlwinm r3,r11,0x0,0x18,0x1f (GhidraScript)  
INFO  DumpRange.java> 8224f7e0 blr (GhidraScript)  
INFO  DumpRange.java> 8224f7e4 li r3,0x0 (GhidraScript)  
INFO  DumpRange.java> 8224f7e8 blr (GhidraScript)  
INFO  DumpRange.java> 8224f7ec <not-disassembled> (GhidraScript)  
INFO  DumpRange.java> 8224f7f0 mfspr r12,LR (GhidraScript)  
INFO  DumpRange.java> 8224f7f4 stw r12,-0x8(r1) (GhidraScript)  
INFO  DumpRange.java> 8224f7f8 stwu r1,-0x60(r1) (GhidraScript)  
INFO  DumpRange.java> 8224f7fc lwz r11,0x68(r3) (GhidraScript)  
INFO  DumpRange.java> 8224f800 rlwinm r11,r11,0x0,0x3,0x3 (GhidraScript)  
INFO  DumpRange.java> 8224f804 cmplwi cr6,r11,0x0 (GhidraScript)  
INFO  DumpRange.java> 8224f808 bne cr6,0x8224f840 (GhidraScript)  
INFO  DumpRange.java> 8224f80c lis r11,0x2 (GhidraScript)  
INFO  DumpRange.java> 8224f810 ori r10,r11,0x9c80 (GhidraScript)  
INFO  DumpRange.java> 8224f814 lis r11,-0x7d92 (GhidraScript)  
INFO  DumpRange.java> 8224f818 lwz r11,0x4eb4(r11) (GhidraScript)  
INFO  DumpRange.java> 8224f81c lwzx r3,r11,r10 (GhidraScript)  
INFO  DumpRange.java> 8224f820 lwz r11,0x0(r3) (GhidraScript)  
INFO  DumpRange.java> 8224f824 lwz r11,0x1c(r11) (GhidraScript)  
INFO  DumpRange.java> 8224f828 mtspr CTR,r11 (GhidraScript)  
INFO  DumpRange.java> 8224f82c bctrl (GhidraScript)  
INFO  DumpRange.java> 8224f830 rlwinm r11,r3,0x0,0x18,0x1f (GhidraScript)  
INFO  DumpRange.java> 8224f834 cmplwi cr6,r11,0x0 (GhidraScript)  
INFO  DumpRange.java> 8224f838 li r11,0x1 (GhidraScript)  
INFO  DumpRange.java> 8224f83c bne cr6,0x8224f844 (GhidraScript)  
INFO  DumpRange.java> 8224f840 li r11,0x0 (GhidraScript)  
INFO  DumpRange.java> 8224f844 rlwinm r3,r11,0x0,0x18,0x1f (GhidraScript)  
INFO  DumpRange.java> 8224f848 addi r1,r1,0x60 (GhidraScript)  
INFO  DumpRange.java> 8224f84c lwz r12,-0x8(r1) (GhidraScript)  
INFO  DumpRange.java> 8224f850 mtspr LR,r12 (GhidraScript)  
INFO  DumpRange.java> 8224f854 blr (GhidraScript)  
INFO  DumpRange.java> 8224f858 lwz r11,0x68(r3) (GhidraScript)  
INFO  DumpRange.java> 8224f85c nor r11,r11,r11 (GhidraScript)  
INFO  DumpRange.java> 8224f860 rlwinm r3,r11,0x0,0x1f,0x1f (GhidraScript)  
INFO  DumpRange.java> 8224f864 blr (GhidraScript)  
INFO  DumpRange.java> 8224f868 lwz r11,0x24(r3) (GhidraScript)  
INFO  DumpRange.java> 8224f86c addi r11,r11,0x1b (GhidraScript)  
INFO  DumpRange.java> 8224f870 rlwinm r11,r11,0x2,0x0,0x1d (GhidraScript)  
INFO  DumpRange.java> 8224f874 lwzx r11,r11,r3 (GhidraScript)  
INFO  DumpRange.java> 8224f878 rlwinm r11,r11,0x0,0x1e,0x1e (GhidraScript)  
INFO  DumpRange.java> 8224f87c cmplwi cr6,r11,0x0 (GhidraScript)  
INFO  DumpRange.java> 8224f880 beq cr6,0x8224f8c4 (GhidraScript)  
INFO  DumpRange.java> 8224f884 lwz r11,0x68(r3) (GhidraScript)  
INFO  DumpRange.java> 8224f888 rlwinm r11,r11,0x0,0x1,0x1 (GhidraScript)  
INFO  DumpRange.java> 8224f88c cmplwi cr6,r11,0x0 (GhidraScript)  
INFO  DumpRange.java> 8224f890 bne cr6,0x8224f8c4 (GhidraScript)  
INFO  DumpRange.java> 8224f894 lis r11,-0x7d92 (GhidraScript)  
INFO  DumpRange.java> 8224f898 lwz r11,0x4eb4(r11) (GhidraScript)  
INFO  DumpRange.java> 8224f89c lwz r10,0x78(r11) (GhidraScript)  
INFO  DumpRange.java> 8224f8a0 cmpwi cr6,r10,0x3 (GhidraScript)  
INFO  DumpRange.java> 8224f8a4 beq cr6,0x8224f8c4 (GhidraScript)  
INFO  DumpRange.java> 8224f8a8 lis r10,0x2 (GhidraScript)  
INFO  DumpRange.java> 8224f8ac ori r10,r10,0x446c (GhidraScript)  
INFO  DumpRange.java> 8224f8b0 lwzx r11,r11,r10 (GhidraScript)  
INFO  DumpRange.java> 8224f8b4 subi r11,r11,0x1 (GhidraScript)  
INFO  DumpRange.java> 8224f8b8 cntlzw r11,r11 (GhidraScript)  
INFO  DumpRange.java> 8224f8bc rlwinm r3,r11,0x1b,0x1f,0x1f (GhidraScript)  
INFO  REPORT: Execute script: DumpRange.java '0x82269e900' '0x8226a150'  (HeadlessAnalyzer)  
INFO  SCRIPT: /fastdata/lavaulta/auto-re-agent/workspaces/ace-combat-6/scripts/DumpRange.java (HeadlessAnalyzer)  
ERROR REPORT SCRIPT ERROR:  (HeadlessAnalyzer) ghidra.program.model.address.AddressOutOfBoundsException: Offset must be between 0x0 and 0xffffffff, got 0x82269e900 instead!
	at ghidra.program.model.address.AbstractAddressSpace.makeValidOffset(AbstractAddressSpace.java:610)
	at ghidra.program.model.address.GenericAddressSpace.makeValidOffset(GenericAddressSpace.java:21)
	at ghidra.program.model.address.GenericAddress.<init>(GenericAddress.java:58)
	at ghidra.program.model.address.GenericAddressSpace.getAddress(GenericAddressSpace.java:98)
	at ghidra.program.flatapi.FlatProgramAPI.toAddr(FlatProgramAPI.java:1959)
	at DumpRange.run(DumpRange.java:16)
	at ghidra.app.script.GhidraScript.executeNormal(GhidraScript.java:460)
	at ghidra.app.script.GhidraScript.doExecute(GhidraScript.java:314)
	at ghidra.app.script.GhidraScript.execute(GhidraScript.java:290)
	at ghidra.app.util.headless.HeadlessAnalyzer.runScript(HeadlessAnalyzer.java:597)
	at ghidra.app.util.headless.HeadlessAnalyzer.runScriptsList(HeadlessAnalyzer.java:941)
	at ghidra.app.util.headless.HeadlessAnalyzer.analyzeProgram(HeadlessAnalyzer.java:1097)
	at ghidra.app.util.headless.HeadlessAnalyzer.processFileNoImport(HeadlessAnalyzer.java:1195)
	at ghidra.app.util.headless.HeadlessAnalyzer.processFolderNoImport(HeadlessAnalyzer.java:1367)
	at ghidra.app.util.headless.HeadlessAnalyzer.processNoImport(HeadlessAnalyzer.java:1396)
	at ghidra.app.util.headless.HeadlessAnalyzer.processLocal(HeadlessAnalyzer.java:461)
	at ghidra.app.util.headless.AnalyzeHeadless.launch(AnalyzeHeadless.java:199)
	at ghidra.GhidraLauncher.launch(GhidraLauncher.java:81)
	at ghidra.Ghidra.main(Ghidra.java:54)
 
INFO  REPORT: Execute script: FindDirectCallsTo.java '0x8224f710'  (HeadlessAnalyzer)  
INFO  SCRIPT: /fastdata/lavaulta/auto-re-agent/workspaces/ace-combat-6/scripts/FindDirectCallsTo.java (HeadlessAnalyzer)  
INFO  FindDirectCallsTo.java> 8226a3e8 -> 8224f710 bl 0x8224f710 (GhidraScript)  
INFO  FindDirectCallsTo.java> 8226a8c8 -> 8224f710 bl 0x8224f710 (GhidraScript)  
INFO  FindDirectCallsTo.java> 8226bc34 -> 8224f710 bl 0x8224f710 (GhidraScript)  
INFO  FindDirectCallsTo.java> 8226e278 -> 8224f710 bl 0x8224f710 (GhidraScript)  
INFO  REPORT: Execute script: FindDirectCallsTo.java '0x82269ee8'  (HeadlessAnalyzer)  
INFO  SCRIPT: /fastdata/lavaulta/auto-re-agent/workspaces/ace-combat-6/scripts/FindDirectCallsTo.java (HeadlessAnalyzer)  
INFO  FindDirectCallsTo.java> 8225b7ac -> 82269ee8 bl 0x82269ee8 (GhidraScript)  
INFO  FindDirectCallsTo.java> 8226a8d8 -> 82269ee8 bl 0x82269ee8 (GhidraScript)  
INFO  FindDirectCallsTo.java> 8226becc -> 82269ee8 bl 0x82269ee8 (GhidraScript)  
INFO  FindDirectCallsTo.java> 8226eb70 -> 82269ee8 bl 0x82269ee8 (GhidraScript)  
INFO  FindDirectCallsTo.java> 822e5314 -> 82269ee8 bl 0x82269ee8 (GhidraScript)  
INFO  REPORT: Save succeeded for processed file: /default.xex (HeadlessAnalyzer)  
