Picked up JAVA_TOOL_OPTIONS: -Duser.home=/tmp/ac6-ghidra-home
Picked up JAVA_TOOL_OPTIONS: -Duser.home=/tmp/ac6-ghidra-home
Picked up JAVA_TOOL_OPTIONS: -Duser.home=/tmp/ac6-ghidra-home
Picked up JAVA_TOOL_OPTIONS: -Duser.home=/tmp/ac6-ghidra-home
openjdk version "21.0.11" 2026-04-21
OpenJDK Runtime Environment (build 21.0.11+10-1-26.04.2-Ubuntu)
OpenJDK 64-Bit Server VM (build 21.0.11+10-1-26.04.2-Ubuntu, mixed mode)
INFO  Using log config file: jar:file:/fastdata/lavaulta/auto-re-agent/.tools/ghidra_12.1.2_PUBLIC/Ghidra/Framework/Generic/lib/Generic.jar!/generic.log4j.xml (LoggingInitialization)  
INFO  Using log file: /tmp/ac6-ghidra-home/.config/ghidra/ghidra_12.1.2_PUBLIC/application.log (LoggingInitialization)  
INFO  Loading user preferences: /tmp/ac6-ghidra-home/.config/ghidra/ghidra_12.1.2_PUBLIC/preferences (Preferences)  
INFO  Searching for classes... (ClassSearcher)  
INFO  Ignoring class 'xexloaderwv.XEXLoaderWVLoader' from '/fastdata/lavaulta/auto-re-agent/.tools/ghidra_12.1.2_PUBLIC/Ghidra/Extensions/XEXLoaderWV/lib/XEXLoaderWV.jar'. Already found at '/fastdata/lavaulta/auto-re-agent/.tools/ghidra_12.1.2_PUBLIC/Ghidra/patch/XEXLoaderWV-java21.jar'. (ClassSearcher)  
INFO  Class search complete (1677 ms) (ClassSearcher)  
INFO  Initializing SSL Context (DefaultSSLContextInitializer)  
INFO  Initializing Random Number Generator... (SecureRandomFactory)  
INFO  Random Number Generator initialization complete: NativePRNGNonBlocking (SecureRandomFactory)  
INFO  Trust manager disabled, cacerts have not been set (DefaultTrustManagerFactory)  
INFO  Headless startup complete (3383 ms) (AnalyzeHeadless)  
INFO  Class searcher loaded 59 extension points (20 false positives) (ClassSearcher)  
INFO  HEADLESS Script Paths:
    /fastdata/lavaulta/auto-re-agent/.tools/ghidra_12.1.2_PUBLIC/Ghidra/Features/MicrosoftCodeAnalyzer/ghidra_scripts
    /fastdata/lavaulta/auto-re-agent/.tools/ghidra_12.1.2_PUBLIC/Ghidra/Features/PDB/ghidra_scripts
    /fastdata/lavaulta/auto-re-agent/.tools/ghidra_12.1.2_PUBLIC/Ghidra/Processors/8051/ghidra_scripts
    /fastdata/lavaulta/auto-re-agent/.tools/ghidra_12.1.2_PUBLIC/Ghidra/Features/Base/ghidra_scripts
    /fastdata/lavaulta/auto-re-agent/.tools/ghidra_12.1.2_PUBLIC/Ghidra/Features/FileFormats/ghidra_scripts
    /fastdata/lavaulta/auto-re-agent/.tools/ghidra_12.1.2_PUBLIC/Ghidra/Features/GnuDemangler/ghidra_scripts
    /fastdata/lavaulta/auto-re-agent/.tools/ghidra_12.1.2_PUBLIC/Ghidra/Extensions/ghidra-emotionengine-reloaded/ghidra_scripts
    /fastdata/lavaulta/auto-re-agent/.tools/ghidra_12.1.2_PUBLIC/Ghidra/Features/Decompiler/ghidra_scripts
    /fastdata/lavaulta/auto-re-agent/.tools/ghidra_12.1.2_PUBLIC/Ghidra/Features/FunctionID/ghidra_scripts
    /fastdata/lavaulta/auto-re-agent/.tools/ghidra_12.1.2_PUBLIC/Ghidra/Features/DecompilerDependent/ghidra_scripts
    /fastdata/lavaulta/auto-re-agent/.tools/ghidra_12.1.2_PUBLIC/Ghidra/Processors/DATA/ghidra_scripts
    /fastdata/lavaulta/auto-re-agent/.tools/ghidra_12.1.2_PUBLIC/Ghidra/Debug/Debugger-rmi-trace/ghidra_scripts
    /fastdata/lavaulta/auto-re-agent/.tools/ghidra_12.1.2_PUBLIC/Ghidra/Features/SwiftDemangler/ghidra_scripts
    /fastdata/lavaulta/auto-re-agent/.tools/ghidra_12.1.2_PUBLIC/Ghidra/Debug/Debugger/ghidra_scripts
    /fastdata/lavaulta/auto-re-agent/.tools/ghidra_12.1.2_PUBLIC/Ghidra/Processors/PIC/ghidra_scripts
    /fastdata/lavaulta/auto-re-agent/.tools/ghidra_12.1.2_PUBLIC/Ghidra/Extensions/XEXLoaderWV/ghidra_scripts
    /fastdata/lavaulta/auto-re-agent/.tools/ghidra_12.1.2_PUBLIC/Ghidra/Features/WildcardAssembler/ghidra_scripts
    /fastdata/lavaulta/auto-re-agent/.tools/ghidra_12.1.2_PUBLIC/Ghidra/Features/PyGhidra/ghidra_scripts
    /fastdata/lavaulta/auto-re-agent/.tools/ghidra_12.1.2_PUBLIC/Ghidra/Features/BSim/ghidra_scripts
    /fastdata/lavaulta/auto-re-agent/.tools/ghidra_12.1.2_PUBLIC/Ghidra/Features/VersionTracking/ghidra_scripts
    /fastdata/lavaulta/auto-re-agent/.tools/ghidra_12.1.2_PUBLIC/Ghidra/Features/BytePatterns/ghidra_scripts
    /fastdata/lavaulta/auto-re-agent/.tools/ghidra_12.1.2_PUBLIC/Ghidra/Processors/Atmel/ghidra_scripts
    /fastdata/lavaulta/auto-re-agent/.tools/ghidra_12.1.2_PUBLIC/Ghidra/Features/SystemEmulation/ghidra_scripts
    /fastdata/lavaulta/auto-re-agent/.tools/ghidra_12.1.2_PUBLIC/Ghidra/Processors/JVM/ghidra_scripts (HeadlessAnalyzer)  
INFO  HEADLESS: execution starts (HeadlessAnalyzer)  
INFO  Opening existing project: /fastdata/lavaulta/auto-re-agent/workspaces/ace-combat-6/ghidra-projects/ace-combat-6 (HeadlessAnalyzer)  
INFO  Opening project: /fastdata/lavaulta/auto-re-agent/workspaces/ace-combat-6/ghidra-projects/ace-combat-6 (HeadlessProject)  
INFO  REPORT: Processing project file: /default.xex (HeadlessAnalyzer)  
INFO  ANALYZING all memory and code: /default.xex (HeadlessAnalyzer)  
ERROR Invalid PNG data at 8201fdcc (PngDataType)  
ERROR Invalid PNG data at 8203d4b0 (PngDataType)  
WARN  Decompiling 822e6270, pcode error at 822e62ec: Unable to resolve constructor at 822e62ec (DecompileCallback)  
WARN  Decompiling 822e6270, pcode error at 822e6470: Unable to resolve constructor at 822e6470 (DecompileCallback)  
WARN  Decompiling 8229c0f0, pcode error at 8229c5fc: Unable to resolve constructor at 8229c5fc (DecompileCallback)  
WARN  Decompiling 82142d50, pcode error at 821434e8: Unable to resolve constructor at 821434e8 (DecompileCallback)  
WARN  Decompiling 82142d50, pcode error at 821433f0: Unable to resolve constructor at 821433f0 (DecompileCallback)  
WARN  Decompiling 82142d50, pcode error at 82143154: Unable to resolve constructor at 82143154 (DecompileCallback)  
WARN  Decompiling 82142d50, pcode error at 82142f74: Unable to resolve constructor at 82142f74 (DecompileCallback)  
WARN  Decompiling 82142d50, pcode error at 82142e58: Unable to resolve constructor at 82142e58 (DecompileCallback)  
WARN  Decompiling 82142d50, pcode error at 82142eac: Unable to resolve constructor at 82142eac (DecompileCallback)  
WARN  Decompiling 82253178, pcode error at 82253280: Unable to resolve constructor at 82253280 (DecompileCallback)  
WARN  Decompiling 82142d50, pcode error at 82142eec: Unable to resolve constructor at 82142eec (DecompileCallback)  
WARN  Decompiling 82253178, pcode error at 82253280: Unable to resolve constructor at 82253280 (DecompileCallback)  
WARN  Decompiling 822d34dc, pcode error at 822d3b48: Unable to resolve constructor at 822d3b48 (DecompileCallback)  
WARN  Decompiling 822d34dc, pcode error at 822d358c: Unable to resolve constructor at 822d358c (DecompileCallback)  
WARN  Decompiling 8213b7b0, pcode error at 8213bd38: Unable to resolve constructor at 8213bd38 (DecompileCallback)  
INFO  Packed database cache: /fastdata/lavaulta/neural_doubling_public_di_gpu_pack/.cache_runtime/xdg/lavaulta-ghidra/packed-db-cache (PackedDatabaseCache)  
INFO  Applied data type archive: generic_clib (ApplyDataArchiveAnalyzer)  
WARN  Decompiling 823d6e3c, pcode error at 823d6e3c: Unable to resolve constructor at 823d6e3c (DecompileCallback)  
WARN  Decompiling 823d6e4c, pcode error at 823d6e4c: Unable to resolve constructor at 823d6e4c (DecompileCallback)  
WARN  Decompiling 822520a0, pcode error at 82251f00: Unable to resolve constructor at 82251f00 (DecompileCallback)  
INFO  -----------------------------------------------------
    ASCII Strings                              1.577 secs
    Apply Data Archives                        1.836 secs
    Call Convention ID                         0.594 secs
    Call-Fixup Installer                       0.265 secs
    Create Address Tables                      0.347 secs
    Create Address Tables - One Time          15.040 secs
    Create Function                            0.545 secs
    Data Reference                             4.372 secs
    Decompiler Switch Analysis                95.056 secs
    Demangler GNU                              1.259 secs
    Disassemble                                0.731 secs
    Disassemble Entry Points                   0.432 secs
    Embedded Media                             0.123 secs
    External Entry References                  0.001 secs
    Function ID                                0.059 secs
    Function Start Pre Search                  0.147 secs
    Function Start Search                      0.156 secs
    Function Start Search After Code           0.242 secs
    Function Start Search After Data           0.064 secs
    Function Start Search delayed - One Time   0.342 secs
    Non-Returning Functions - Discovered      17.141 secs
    PowerPC Constant Reference Analyzer       20.790 secs
    Reference                                  5.960 secs
    Shared Return Calls                        1.062 secs
    Stack                                      9.443 secs
    Subroutine References                      4.131 secs
    Subroutine References - One Time           0.002 secs
-----------------------------------------------------
     Total Time   181 secs
-----------------------------------------------------
 (AutoAnalysisManager)  
INFO  REPORT: Analysis succeeded for file: /default.xex (HeadlessAnalyzer)  
INFO  REPORT: Save succeeded for processed file: /default.xex (HeadlessAnalyzer)  
