INFO  Using log config file: jar:file:/fastdata/lavaulta/auto-re-agent/.tools/ghidra_12.1.2_PUBLIC/Ghidra/Framework/Generic/lib/Generic.jar!/generic.log4j.xml (LoggingInitialization)  
INFO  Using log file: /home/lavaulta/.config/ghidra/ghidra_12.1.2_PUBLIC/application.log (LoggingInitialization)  
INFO  Loading user preferences: /home/lavaulta/.config/ghidra/ghidra_12.1.2_PUBLIC/preferences (Preferences)  
INFO  Searching for classes... (ClassSearcher)  
INFO  Ignoring class 'xexloaderwv.XEXLoaderWVLoader' from '/fastdata/lavaulta/auto-re-agent/.tools/ghidra_12.1.2_PUBLIC/Ghidra/Extensions/XEXLoaderWV/lib/XEXLoaderWV.jar'. Already found at '/fastdata/lavaulta/auto-re-agent/.tools/ghidra_12.1.2_PUBLIC/Ghidra/patch/XEXLoaderWV-java21.jar'. (ClassSearcher)  
INFO  Class search complete (1851 ms) (ClassSearcher)  
INFO  Initializing SSL Context (DefaultSSLContextInitializer)  
INFO  Initializing Random Number Generator... (SecureRandomFactory)  
INFO  Random Number Generator initialization complete: NativePRNGNonBlocking (SecureRandomFactory)  
INFO  Trust manager disabled, cacerts have not been set (DefaultTrustManagerFactory)  
INFO  Opening project: /fastdata/lavaulta/auto-re-agent/workspaces/ace-combat-6/ghidra-projects/ace-combat-6 (DefaultProject)  
WARN  Decompiling 82093758, pcode error at 8209375c: Unable to resolve constructor at 8209375c (DecompileCallback)  
WARN  Decompiling 820938b8, pcode error at 8209392c: Unable to resolve constructor at 8209392c (DecompileCallback)  
WARN  Decompiling 82093980, pcode error at 820939a4: Unable to resolve constructor at 820939a4 (DecompileCallback)  
WARN  Decompiling 8209ca18, pcode error at 8209ca28: Unable to resolve constructor at 8209ca28 (DecompileCallback)  
WARN  Decompiling 8209cb70, pcode error at 8209cb9c: Unable to resolve constructor at 8209cb9c (DecompileCallback)  
WARN  Decompiling 8209cd80, pcode error at 8209cdac: Unable to resolve constructor at 8209cdac (DecompileCallback)  
WARN  Decompiling 820a0f28, pcode error at 820a0f2c: Unable to resolve constructor at 820a0f2c (DecompileCallback)  
WARN  Decompiling 820a0fd8, pcode error at 820a1450: Unable to resolve constructor at 820a1450 (DecompileCallback)  
WARN  Decompiling 820afa70, pcode error at 820b02bc: Unable to resolve constructor at 820b02bc (DecompileCallback)  
WARN  Decompiling 820c53b0, pcode error at 820c53d8: Unable to resolve constructor at 820c53d8 (DecompileCallback)  
WARN  Decompiling 820c53b0, pcode error at 820c53e4: Unable to resolve constructor at 820c53e4 (DecompileCallback)  
WARN  Decompiling 820d68e0, pcode error at 820d69b4: Unable to resolve constructor at 820d69b4 (DecompileCallback)  
WARN  Decompiling 82100950, pcode error at 82100964: Unable to resolve constructor at 82100964 (DecompileCallback)  
WARN  Decompiling 8210ac88, pcode error at 8210aca0: Unable to resolve constructor at 8210aca0 (DecompileCallback)  
WARN  Decompiling 82118648, pcode error at 82118734: Unable to resolve constructor at 82118734 (DecompileCallback)  
WARN  Decompiling 82119230, pcode error at 8211923c: Unable to resolve constructor at 8211923c (DecompileCallback)  
WARN  Decompiling 82119620, pcode error at 82119630: Unable to resolve constructor at 82119630 (DecompileCallback)  
WARN  Decompiling 8211a148, pcode error at 8211a1e4: Unable to resolve constructor at 8211a1e4 (DecompileCallback)  
WARN  Decompiling 8211a2c8, pcode error at 8211a2ec: Unable to resolve constructor at 8211a2ec (DecompileCallback)  
WARN  Decompiling 8211a4c0, pcode error at 8211a4d8: Unable to resolve constructor at 8211a4d8 (DecompileCallback)  
WARN  Decompiling 8211a790, pcode error at 8211a7a8: Unable to resolve constructor at 8211a7a8 (DecompileCallback)  
WARN  Decompiling 8211ab20, pcode error at 8211ab48: Unable to resolve constructor at 8211ab48 (DecompileCallback)  
WARN  Decompiling 8211b4c8, pcode error at 8211b4f4: Unable to resolve constructor at 8211b4f4 (DecompileCallback)  
WARN  Decompiling 8211b5f8, pcode error at 8211b628: Unable to resolve constructor at 8211b628 (DecompileCallback)  
WARN  Decompiling 8211f990, pcode error at 8211f9b8: Unable to resolve constructor at 8211f9b8 (DecompileCallback)  
WARN  Decompiling 82132d78, pcode error at 82132da4: Unable to resolve constructor at 82132da4 (DecompileCallback)  
WARN  Decompiling 821387c0, pcode error at 8213886c: Unable to resolve constructor at 8213886c (DecompileCallback)  
WARN  Decompiling 8213a1e0, pcode error at 8213a1ec: Unable to resolve constructor at 8213a1ec (DecompileCallback)  
WARN  Decompiling 8213d048, pcode error at 8213d14c: Unable to resolve constructor at 8213d14c (DecompileCallback)  
WARN  Decompiling 8214d650, pcode error at 8214d6f0: Unable to resolve constructor at 8214d6f0 (DecompileCallback)  
WARN  Decompiling 82151260, pcode error at 821512b8: Unable to resolve constructor at 821512b8 (DecompileCallback)  
WARN  Decompiling 82151328, pcode error at 821513a0: Unable to resolve constructor at 821513a0 (DecompileCallback)  
WARN  Decompiling 82151328, pcode error at 821514e0: Unable to resolve constructor at 821514e0 (DecompileCallback)  
WARN  Decompiling 82151328, pcode error at 82151638: Unable to resolve constructor at 82151638 (DecompileCallback)  
WARN  Decompiling 82156490, pcode error at 821564fc: Unable to resolve constructor at 821564fc (DecompileCallback)  
WARN  Decompiling 82156f50, pcode error at 82157004: Unable to resolve constructor at 82157004 (DecompileCallback)  
WARN  Decompiling 82156f50, pcode error at 821571bc: Unable to resolve constructor at 821571bc (DecompileCallback)  
WARN  Decompiling 82171cb8, pcode error at 82171d2c: Unable to resolve constructor at 82171d2c (DecompileCallback)  
WARN  Decompiling 82171ee8, pcode error at 82171f4c: Unable to resolve constructor at 82171f4c (DecompileCallback)  
WARN  Decompiling 821735c8, pcode error at 821737d4: Unable to resolve constructor at 821737d4 (DecompileCallback)  
WARN  Decompiling 82173a48, pcode error at 82173bd0: Unable to resolve constructor at 82173bd0 (DecompileCallback)  
WARN  Decompiling 821741e8, pcode error at 821742e4: Unable to resolve constructor at 821742e4 (DecompileCallback)  
WARN  Decompiling 82174ac0, pcode error at 82174c68: Unable to resolve constructor at 82174c68 (DecompileCallback)  
WARN  Decompiling 8218a630, pcode error at 8218a660: Unable to resolve constructor at 8218a660 (DecompileCallback)  
WARN  Decompiling 821ddec8, pcode error at 821ddf18: Unable to resolve constructor at 821ddf18 (DecompileCallback)  
WARN  Decompiling 821ddec8, pcode error at 821ddf84: Unable to resolve constructor at 821ddf84 (DecompileCallback)  
WARN  Decompiling 821ddfb0, pcode error at 821de000: Unable to resolve constructor at 821de000 (DecompileCallback)  
WARN  Decompiling 821ddfb0, pcode error at 821de06c: Unable to resolve constructor at 821de06c (DecompileCallback)  
WARN  Decompiling 821ec438, pcode error at 821ec54c: Unable to resolve constructor at 821ec54c (DecompileCallback)  
WARN  Decompiling 821f1808, pcode error at 821f1834: Unable to resolve constructor at 821f1834 (DecompileCallback)  
WARN  Decompiling 821f2068, pcode error at 821f212c: Unable to resolve constructor at 821f212c (DecompileCallback)  
WARN  Decompiling 821f43d0, pcode error at 823d685c: Unable to resolve constructor at 823d685c (DecompileCallback)  
WARN  Decompiling 821f43d8, pcode error at 823d686c: Unable to resolve constructor at 823d686c (DecompileCallback)  
WARN  Decompiling 821f43e0, pcode error at 823d687c: Unable to resolve constructor at 823d687c (DecompileCallback)  
WARN  Decompiling 821f4628, pcode error at 823d68ec: Unable to resolve constructor at 823d68ec (DecompileCallback)  
WARN  Decompiling 821f4630, pcode error at 823d68fc: Unable to resolve constructor at 823d68fc (DecompileCallback)  
WARN  Decompiling 821f4638, pcode error at 823d690c: Unable to resolve constructor at 823d690c (DecompileCallback)  
WARN  Decompiling 821f4648, pcode error at 823d692c: Unable to resolve constructor at 823d692c (DecompileCallback)  
WARN  Decompiling 821f4658, pcode error at 823d693c: Unable to resolve constructor at 823d693c (DecompileCallback)  
WARN  Decompiling 821f4660, pcode error at 821f467c: Unable to resolve constructor at 821f467c (DecompileCallback)  
WARN  Decompiling 821f4790, pcode error at 823d696c: Unable to resolve constructor at 823d696c (DecompileCallback)  
WARN  Decompiling 821f4860, pcode error at 823d697c: Unable to resolve constructor at 823d697c (DecompileCallback)  
WARN  Decompiling 821f5458, pcode error at 823d69bc: Unable to resolve constructor at 823d69bc (DecompileCallback)  
WARN  Decompiling 821f5460, pcode error at 823d69cc: Unable to resolve constructor at 823d69cc (DecompileCallback)  
WARN  Decompiling 821f5468, pcode error at 823d69dc: Unable to resolve constructor at 823d69dc (DecompileCallback)  
WARN  Decompiling 821f5470, pcode error at 823d69ec: Unable to resolve constructor at 823d69ec (DecompileCallback)  
WARN  Decompiling 821f5478, pcode error at 823d69fc: Unable to resolve constructor at 823d69fc (DecompileCallback)  
WARN  Decompiling 821f5480, pcode error at 823d6a0c: Unable to resolve constructor at 823d6a0c (DecompileCallback)  
WARN  Decompiling 821f5ad8, pcode error at 823d6a1c: Unable to resolve constructor at 823d6a1c (DecompileCallback)  
WARN  Decompiling 821f6140, pcode error at 821f6174: Unable to resolve constructor at 821f6174 (DecompileCallback)  
WARN  Decompiling 821f6140, pcode error at 821f6408: Unable to resolve constructor at 821f6408 (DecompileCallback)  
WARN  Decompiling 821f6464, pcode error at 821f6474: Unable to resolve constructor at 821f6474 (DecompileCallback)  
WARN  Decompiling 821f6930, pcode error at 821f6970: Unable to resolve constructor at 821f6970 (DecompileCallback)  
WARN  Decompiling 821f6930, pcode error at 821f6c58: Unable to resolve constructor at 821f6c58 (DecompileCallback)  
WARN  Decompiling 821f6cc0, pcode error at 821f6cd0: Unable to resolve constructor at 821f6cd0 (DecompileCallback)  
WARN  Decompiling 821fcd68, pcode error at 823d70cc: Unable to resolve constructor at 823d70cc (DecompileCallback)  
WARN  Decompiling 821fcd70, pcode error at 823d70dc: Unable to resolve constructor at 823d70dc (DecompileCallback)  
WARN  Decompiling 821fcda0, pcode error at 823d710c: Unable to resolve constructor at 823d710c (DecompileCallback)  
WARN  Decompiling 821fcdd0, pcode error at 823d712c: Unable to resolve constructor at 823d712c (DecompileCallback)  
WARN  Decompiling 821fce58, pcode error at 823d714c: Unable to resolve constructor at 823d714c (DecompileCallback)  
WARN  Decompiling 821fce70, pcode error at 823d715c: Unable to resolve constructor at 823d715c (DecompileCallback)  
WARN  Decompiling 821fce80, pcode error at 823d716c: Unable to resolve constructor at 823d716c (DecompileCallback)  
WARN  Decompiling 821fcf48, pcode error at 823d718c: Unable to resolve constructor at 823d718c (DecompileCallback)  
WARN  Decompiling 821fcf50, pcode error at 823d719c: Unable to resolve constructor at 823d719c (DecompileCallback)  
WARN  Decompiling 821fcf68, pcode error at 823d71ac: Unable to resolve constructor at 823d71ac (DecompileCallback)  
WARN  Decompiling 821fcf88, pcode error at 823d71cc: Unable to resolve constructor at 823d71cc (DecompileCallback)  
WARN  Decompiling 821fcfa0, pcode error at 823d71dc: Unable to resolve constructor at 823d71dc (DecompileCallback)  
WARN  Decompiling 821fcfe0, pcode error at 823d71fc: Unable to resolve constructor at 823d71fc (DecompileCallback)  
WARN  Decompiling 821fcff8, pcode error at 823d720c: Unable to resolve constructor at 823d720c (DecompileCallback)  
WARN  Decompiling 821fd050, pcode error at 823d724c: Unable to resolve constructor at 823d724c (DecompileCallback)  
WARN  Decompiling 821fd070, pcode error at 823d725c: Unable to resolve constructor at 823d725c (DecompileCallback)  
WARN  Decompiling 821fd088, pcode error at 823d726c: Unable to resolve constructor at 823d726c (DecompileCallback)  
WARN  Decompiling 821fd0c0, pcode error at 823d728c: Unable to resolve constructor at 823d728c (DecompileCallback)  
WARN  Decompiling 821fd0e0, pcode error at 823d729c: Unable to resolve constructor at 823d729c (DecompileCallback)  
WARN  Decompiling 821fd0e8, pcode error at 823d72ac: Unable to resolve constructor at 823d72ac (DecompileCallback)  
WARN  Decompiling 8220ebc0, pcode error at 8220ec50: Unable to resolve constructor at 8220ec50 (DecompileCallback)  
WARN  Decompiling 82211020, pcode error at 82211020: Unable to resolve constructor at 82211020 (DecompileCallback)  
WARN  Decompiling 82211228, pcode error at 82211248: Unable to resolve constructor at 82211248 (DecompileCallback)  
WARN  Decompiling 82221178, pcode error at 822211a0: Unable to resolve constructor at 822211a0 (DecompileCallback)  
WARN  Decompiling 822244b0, pcode error at 822244e0: Unable to resolve constructor at 822244e0 (DecompileCallback)  
WARN  Decompiling 82229948, pcode error at 822299c0: Unable to resolve constructor at 822299c0 (DecompileCallback)  
WARN  Decompiling 8222a0e8, pcode error at 8222a16c: Unable to resolve constructor at 8222a16c (DecompileCallback)  
WARN  Decompiling 8222a218, pcode error at 8222a30c: Unable to resolve constructor at 8222a30c (DecompileCallback)  
WARN  Decompiling 8222b630, pcode error at 8222b678: Unable to resolve constructor at 8222b678 (DecompileCallback)  
WARN  Decompiling 8222ccd0, pcode error at 8222cd54: Unable to resolve constructor at 8222cd54 (DecompileCallback)  
WARN  Decompiling 822373f0, pcode error at 8223745c: Unable to resolve constructor at 8223745c (DecompileCallback)  
WARN  Decompiling 82241e88, pcode error at 82241eec: Unable to resolve constructor at 82241eec (DecompileCallback)  
WARN  Decompiling 8224a300, pcode error at 8224a318: Unable to resolve constructor at 8224a318 (DecompileCallback)  
WARN  Decompiling 8224b1a0, pcode error at 8224b1e8: Unable to resolve constructor at 8224b1e8 (DecompileCallback)  
WARN  Decompiling 8224e020, pcode error at 8224e03c: Unable to resolve constructor at 8224e03c (DecompileCallback)  
WARN  Decompiling 8224e080, pcode error at 8224e09c: Unable to resolve constructor at 8224e09c (DecompileCallback)  
WARN  Decompiling 8224e0e0, pcode error at 8224e0fc: Unable to resolve constructor at 8224e0fc (DecompileCallback)  
WARN  Decompiling 8224ff40, pcode error at 8224ff80: Unable to resolve constructor at 8224ff80 (DecompileCallback)  
WARN  Decompiling 8225ca10, pcode error at 8225ca14: Unable to resolve constructor at 8225ca14 (DecompileCallback)  
WARN  Decompiling 8225cb20, pcode error at 8225cb48: Unable to resolve constructor at 8225cb48 (DecompileCallback)  
WARN  Decompiling 8225d9f0, pcode error at 8225db90: Unable to resolve constructor at 8225db90 (DecompileCallback)  
WARN  Decompiling 82260e10, pcode error at 82260eb0: Unable to resolve constructor at 82260eb0 (DecompileCallback)  
WARN  Decompiling 8226f178, pcode error at 8226f1bc: Unable to resolve constructor at 8226f1bc (DecompileCallback)  
WARN  Decompiling 8226fc80, pcode error at 8226fcd8: Unable to resolve constructor at 8226fcd8 (DecompileCallback)  
WARN  Decompiling 82273670, pcode error at 822736b0: Unable to resolve constructor at 822736b0 (DecompileCallback)  
WARN  Decompiling 82273710, pcode error at 8227379c: Unable to resolve constructor at 8227379c (DecompileCallback)  
WARN  Decompiling 822738e8, pcode error at 8227399c: Unable to resolve constructor at 8227399c (DecompileCallback)  
WARN  Decompiling 82274008, pcode error at 8227400c: Unable to resolve constructor at 8227400c (DecompileCallback)  
WARN  Decompiling 82276460, pcode error at 8227648c: Unable to resolve constructor at 8227648c (DecompileCallback)  
WARN  Decompiling 822767f0, pcode error at 82276890: Unable to resolve constructor at 82276890 (DecompileCallback)  
WARN  Decompiling 822768c0, pcode error at 82276998: Unable to resolve constructor at 82276998 (DecompileCallback)  
WARN  Decompiling 822776c0, pcode error at 82277768: Unable to resolve constructor at 82277768 (DecompileCallback)  
WARN  Decompiling 8227aa40, pcode error at 8227aa58: Unable to resolve constructor at 8227aa58 (DecompileCallback)  
WARN  Decompiling 822800d8, pcode error at 8228010c: Unable to resolve constructor at 8228010c (DecompileCallback)  
WARN  Decompiling 82281888, pcode error at 822818b0: Unable to resolve constructor at 822818b0 (DecompileCallback)  
WARN  Decompiling 82283090, pcode error at 822830e4: Unable to resolve constructor at 822830e4 (DecompileCallback)  
WARN  Decompiling 82283768, pcode error at 8228379c: Unable to resolve constructor at 8228379c (DecompileCallback)  
WARN  Decompiling 82283800, pcode error at 82283820: Unable to resolve constructor at 82283820 (DecompileCallback)  
WARN  Decompiling 8228fbb0, pcode error at 8228fbd8: Unable to resolve constructor at 8228fbd8 (DecompileCallback)  
WARN  Decompiling 8228fc80, pcode error at 8228fd08: Unable to resolve constructor at 8228fd08 (DecompileCallback)  
WARN  Decompiling 82290ba0, pcode error at 82290c40: Unable to resolve constructor at 82290c40 (DecompileCallback)  
WARN  Decompiling 82294190, pcode error at 822941a0: Unable to resolve constructor at 822941a0 (DecompileCallback)  
WARN  Decompiling 8229a260, pcode error at 8229a278: Unable to resolve constructor at 8229a278 (DecompileCallback)  
WARN  Decompiling 8229aba8, pcode error at 8229ad00: Unable to resolve constructor at 8229ad00 (DecompileCallback)  
WARN  Decompiling 8229aba8, pcode error at 8229ad00: Unable to resolve constructor at 8229ad00 (DecompileCallback)  
WARN  Decompiling 8229adf8, pcode error at 8229ae60: Unable to resolve constructor at 8229ae60 (DecompileCallback)  
WARN  Decompiling 8229af80, pcode error at 8229afd8: Unable to resolve constructor at 8229afd8 (DecompileCallback)  
WARN  Decompiling 8229b118, pcode error at 8229b150: Unable to resolve constructor at 8229b150 (DecompileCallback)  
WARN  Decompiling 822a1e80, pcode error at 822a1ec0: Unable to resolve constructor at 822a1ec0 (DecompileCallback)  
WARN  Decompiling 822a1fa0, pcode error at 822a1fbc: Unable to resolve constructor at 822a1fbc (DecompileCallback)  
WARN  Decompiling 822a2278, pcode error at 822a22d8: Unable to resolve constructor at 822a22d8 (DecompileCallback)  
WARN  Decompiling 822a3760, pcode error at 822a38c8: Unable to resolve constructor at 822a38c8 (DecompileCallback)  
WARN  Decompiling 822a5710, pcode error at 822a57ac: Unable to resolve constructor at 822a57ac (DecompileCallback)  
WARN  Decompiling 822a6710, pcode error at 822a677c: Unable to resolve constructor at 822a677c (DecompileCallback)  
WARN  Decompiling 822a79d8, pcode error at 822a7a24: Unable to resolve constructor at 822a7a24 (DecompileCallback)  
WARN  Decompiling 822aad80, pcode error at 822aae84: Unable to resolve constructor at 822aae84 (DecompileCallback)  
WARN  Decompiling 822ac2e0, pcode error at 822ac3b8: Unable to resolve constructor at 822ac3b8 (DecompileCallback)  
WARN  Decompiling 822ac600, pcode error at 822ac6c0: Unable to resolve constructor at 822ac6c0 (DecompileCallback)  
WARN  Decompiling 822ac600, pcode error at 822ac70c: Unable to resolve constructor at 822ac70c (DecompileCallback)  
WARN  Decompiling 822ad190, pcode error at 822ad32c: Unable to resolve constructor at 822ad32c (DecompileCallback)  
WARN  Decompiling 822adf58, pcode error at 822ae108: Unable to resolve constructor at 822ae108 (DecompileCallback)  
WARN  Decompiling 822b6808, pcode error at 822b680c: Unable to resolve constructor at 822b680c (DecompileCallback)  
WARN  Decompiling 822b93e0, pcode error at 822b94b0: Unable to resolve constructor at 822b94b0 (DecompileCallback)  
WARN  Decompiling 822b97d8, pcode error at 822b9868: Unable to resolve constructor at 822b9868 (DecompileCallback)  
WARN  Decompiling 822b97d8, pcode error at 822b98c8: Unable to resolve constructor at 822b98c8 (DecompileCallback)  
WARN  Decompiling 822b9bf0, pcode error at 822b9c38: Unable to resolve constructor at 822b9c38 (DecompileCallback)  
WARN  Decompiling 822bdb68, pcode error at 822bdb8c: Unable to resolve constructor at 822bdb8c (DecompileCallback)  
WARN  Decompiling 822c0d18, pcode error at 822c0d5c: Unable to resolve constructor at 822c0d5c (DecompileCallback)  
WARN  Decompiling 822c1250, pcode error at 822c1268: Unable to resolve constructor at 822c1268 (DecompileCallback)  
WARN  Decompiling 822c16b8, pcode error at 822c17b8: Unable to resolve constructor at 822c17b8 (DecompileCallback)  
WARN  Decompiling 822c6c88, pcode error at 822c6c98: Unable to resolve constructor at 822c6c98 (DecompileCallback)  
WARN  Decompiling 822c7780, pcode error at 822c77ac: Unable to resolve constructor at 822c77ac (DecompileCallback)  
WARN  Decompiling 822d2428, pcode error at 822d24b0: Unable to resolve constructor at 822d24b0 (DecompileCallback)  
WARN  Decompiling 822d2428, pcode error at 822d2524: Unable to resolve constructor at 822d2524 (DecompileCallback)  
WARN  Decompiling 822d3360, pcode error at 822d338c: Unable to resolve constructor at 822d338c (DecompileCallback)  
WARN  Decompiling 822db0d8, pcode error at 822db114: Unable to resolve constructor at 822db114 (DecompileCallback)  
WARN  Decompiling 822db220, pcode error at 822db254: Unable to resolve constructor at 822db254 (DecompileCallback)  
WARN  Decompiling 822dc3a0, pcode error at 822dc3e8: Unable to resolve constructor at 822dc3e8 (DecompileCallback)  
WARN  Decompiling 822e05e0, pcode error at 822e05f4: Unable to resolve constructor at 822e05f4 (DecompileCallback)  
WARN  Decompiling 822e1180, pcode error at 822e124c: Unable to resolve constructor at 822e124c (DecompileCallback)  
WARN  Decompiling 822f1008, pcode error at 822f1038: Unable to resolve constructor at 822f1038 (DecompileCallback)  
WARN  Decompiling 822f1358, pcode error at 822f13a0: Unable to resolve constructor at 822f13a0 (DecompileCallback)  
WARN  Decompiling 822f2f40, pcode error at 822f2fb4: Unable to resolve constructor at 822f2fb4 (DecompileCallback)  
WARN  Decompiling 822f38c0, pcode error at 822f3934: Unable to resolve constructor at 822f3934 (DecompileCallback)  
WARN  Decompiling 822f4b58, pcode error at 822f4cf8: Unable to resolve constructor at 822f4cf8 (DecompileCallback)  
WARN  Decompiling 822f5ba8, pcode error at 822f5c30: Unable to resolve constructor at 822f5c30 (DecompileCallback)  
WARN  Decompiling 822f7888, pcode error at 822f78e8: Unable to resolve constructor at 822f78e8 (DecompileCallback)  
WARN  Decompiling 822fe700, pcode error at 822fe724: Unable to resolve constructor at 822fe724 (DecompileCallback)  
WARN  Decompiling 822fe9b0, pcode error at 822fea88: Unable to resolve constructor at 822fea88 (DecompileCallback)  
WARN  Decompiling 82300a80, pcode error at 82300a98: Unable to resolve constructor at 82300a98 (DecompileCallback)  
WARN  Decompiling 82303a20, pcode error at 82303a88: Unable to resolve constructor at 82303a88 (DecompileCallback)  
WARN  Decompiling 82303d18, pcode error at 82303de4: Unable to resolve constructor at 82303de4 (DecompileCallback)  
WARN  Decompiling 8232ba98, pcode error at 8232bb34: Unable to resolve constructor at 8232bb34 (DecompileCallback)  
WARN  Decompiling 8232bb50, pcode error at 8232bc24: Unable to resolve constructor at 8232bc24 (DecompileCallback)  
WARN  Decompiling 8232cdd0, pcode error at 8232cde8: Unable to resolve constructor at 8232cde8 (DecompileCallback)  
WARN  Decompiling 82336090, pcode error at 82340af4: Unable to resolve constructor at 82340af4 (DecompileCallback)  
WARN  Decompiling 82336098, pcode error at 82340b74: Unable to resolve constructor at 82340b74 (DecompileCallback)  
WARN  Decompiling 82336328, pcode error at 82336338: Unable to resolve constructor at 82336338 (DecompileCallback)  
WARN  Decompiling 823398c0, pcode error at 823d6a7c: Unable to resolve constructor at 823d6a7c (DecompileCallback)  
WARN  Decompiling 823398c8, pcode error at 823d6a8c: Unable to resolve constructor at 823d6a8c (DecompileCallback)  
WARN  Decompiling 82340ae8, pcode error at 82340af4: Unable to resolve constructor at 82340af4 (DecompileCallback)  
WARN  Decompiling 82340b40, pcode error at 82340b74: Unable to resolve constructor at 82340b74 (DecompileCallback)  
WARN  Decompiling 82340c60, pcode error at 82340c74: Unable to resolve constructor at 82340c74 (DecompileCallback)  
WARN  Decompiling 8234a6b0, pcode error at 8234a6fc: Unable to resolve constructor at 8234a6fc (DecompileCallback)  
WARN  Decompiling 82355058, pcode error at 82355088: Unable to resolve constructor at 82355088 (DecompileCallback)  
WARN  Decompiling 8237a3a8, pcode error at 8237a9b0: Unable to resolve constructor at 8237a9b0 (DecompileCallback)  
WARN  Decompiling 8237a880, pcode error at 8237a8ac: Unable to resolve constructor at 8237a8ac (DecompileCallback)  
WARN  Decompiling 8237a978, pcode error at 8237a9b0: Unable to resolve constructor at 8237a9b0 (DecompileCallback)  
WARN  Decompiling 8237ab30, pcode error at 8237a9b0: Unable to resolve constructor at 8237a9b0 (DecompileCallback)  
WARN  Decompiling 8238588c, pcode error at 82385890: Unable to resolve constructor at 82385890 (DecompileCallback)  
WARN  Decompiling 82385894, pcode error at 82385898: Unable to resolve constructor at 82385898 (DecompileCallback)  
WARN  Decompiling 8238589c, pcode error at 823858a0: Unable to resolve constructor at 823858a0 (DecompileCallback)  
WARN  Decompiling 823858a4, pcode error at 823858a8: Unable to resolve constructor at 823858a8 (DecompileCallback)  
WARN  Decompiling 82385b24, pcode error at 82385b28: Unable to resolve constructor at 82385b28 (DecompileCallback)  
WARN  Decompiling 82385b2c, pcode error at 82385b30: Unable to resolve constructor at 82385b30 (DecompileCallback)  
WARN  Decompiling 82385b34, pcode error at 82385b38: Unable to resolve constructor at 82385b38 (DecompileCallback)  
WARN  Decompiling 82385b3c, pcode error at 82385b40: Unable to resolve constructor at 82385b40 (DecompileCallback)  
WARN  Decompiling 82390ff8, pcode error at 8239101c: Unable to resolve constructor at 8239101c (DecompileCallback)  
WARN  Decompiling 823911b8, pcode error at 823d736c: Unable to resolve constructor at 823d736c (DecompileCallback)  
WARN  Decompiling 823911c0, pcode error at 823d737c: Unable to resolve constructor at 823d737c (DecompileCallback)  
WARN  Decompiling 823ade20, pcode error at 823ade48: Unable to resolve constructor at 823ade48 (DecompileCallback)  
WARN  Decompiling 823b57e0, pcode error at 823b5870: Unable to resolve constructor at 823b5870 (DecompileCallback)  
WARN  Decompiling 823d06a0, pcode error at 823d07c8: Unable to resolve constructor at 823d07c8 (DecompileCallback)  
WARN  Decompiling 823d0910, pcode error at 823d0a04: Unable to resolve constructor at 823d0a04 (DecompileCallback)  
WARN  Decompiling 823d0ba0, pcode error at 823d0c90: Unable to resolve constructor at 823d0c90 (DecompileCallback)  
WARN  Decompiling 823d681c, pcode error at 823d681c: Unable to resolve constructor at 823d681c (DecompileCallback)  
WARN  Decompiling 823d682c, pcode error at 823d682c: Unable to resolve constructor at 823d682c (DecompileCallback)  
WARN  Decompiling 823d684c, pcode error at 823d684c: Unable to resolve constructor at 823d684c (DecompileCallback)  
WARN  Decompiling 823d686c, pcode error at 823d686c: Unable to resolve constructor at 823d686c (DecompileCallback)  
WARN  Decompiling 823d688c, pcode error at 823d688c: Unable to resolve constructor at 823d688c (DecompileCallback)  
WARN  Decompiling 823d689c, pcode error at 823d689c: Unable to resolve constructor at 823d689c (DecompileCallback)  
WARN  Decompiling 823d68dc, pcode error at 823d68dc: Unable to resolve constructor at 823d68dc (DecompileCallback)  
WARN  Decompiling 823d694c, pcode error at 823d694c: Unable to resolve constructor at 823d694c (DecompileCallback)  
WARN  Decompiling 823d695c, pcode error at 823d695c: Unable to resolve constructor at 823d695c (DecompileCallback)  
WARN  Decompiling 823d698c, pcode error at 823d698c: Unable to resolve constructor at 823d698c (DecompileCallback)  
WARN  Decompiling 823d699c, pcode error at 823d699c: Unable to resolve constructor at 823d699c (DecompileCallback)  
WARN  Decompiling 823d69ac, pcode error at 823d69ac: Unable to resolve constructor at 823d69ac (DecompileCallback)  
WARN  Decompiling 823d6a2c, pcode error at 823d6a2c: Unable to resolve constructor at 823d6a2c (DecompileCallback)  
WARN  Decompiling 823d6a3c, pcode error at 823d6a3c: Unable to resolve constructor at 823d6a3c (DecompileCallback)  
WARN  Decompiling 823d6a4c, pcode error at 823d6a4c: Unable to resolve constructor at 823d6a4c (DecompileCallback)  
WARN  Decompiling 823d6a5c, pcode error at 823d6a5c: Unable to resolve constructor at 823d6a5c (DecompileCallback)  
WARN  Decompiling 823d6a6c, pcode error at 823d6a6c: Unable to resolve constructor at 823d6a6c (DecompileCallback)  
WARN  Decompiling 823d6a7c, pcode error at 823d6a7c: Unable to resolve constructor at 823d6a7c (DecompileCallback)  
WARN  Decompiling 823d6a8c, pcode error at 823d6a8c: Unable to resolve constructor at 823d6a8c (DecompileCallback)  
WARN  Decompiling 823d6a9c, pcode error at 823d6a9c: Unable to resolve constructor at 823d6a9c (DecompileCallback)  
WARN  Decompiling 823d6aac, pcode error at 823d6aac: Unable to resolve constructor at 823d6aac (DecompileCallback)  
WARN  Decompiling 823d6acc, pcode error at 823d6acc: Unable to resolve constructor at 823d6acc (DecompileCallback)  
WARN  Decompiling 823d6adc, pcode error at 823d6adc: Unable to resolve constructor at 823d6adc (DecompileCallback)  
WARN  Decompiling 823d6aec, pcode error at 823d6aec: Unable to resolve constructor at 823d6aec (DecompileCallback)  
WARN  Decompiling 823d6afc, pcode error at 823d6afc: Unable to resolve constructor at 823d6afc (DecompileCallback)  
WARN  Decompiling 823d6b0c, pcode error at 823d6b0c: Unable to resolve constructor at 823d6b0c (DecompileCallback)  
WARN  Decompiling 823d6b1c, pcode error at 823d6b1c: Unable to resolve constructor at 823d6b1c (DecompileCallback)  
WARN  Decompiling 823d6b2c, pcode error at 823d6b2c: Unable to resolve constructor at 823d6b2c (DecompileCallback)  
WARN  Decompiling 823d6b4c, pcode error at 823d6b4c: Unable to resolve constructor at 823d6b4c (DecompileCallback)  
WARN  Decompiling 823d6b5c, pcode error at 823d6b5c: Unable to resolve constructor at 823d6b5c (DecompileCallback)  
WARN  Decompiling 823d6b6c, pcode error at 823d6b6c: Unable to resolve constructor at 823d6b6c (DecompileCallback)  
WARN  Decompiling 823d6b7c, pcode error at 823d6b7c: Unable to resolve constructor at 823d6b7c (DecompileCallback)  
WARN  Decompiling 823d6b8c, pcode error at 823d6b8c: Unable to resolve constructor at 823d6b8c (DecompileCallback)  
WARN  Decompiling 823d6b9c, pcode error at 823d6b9c: Unable to resolve constructor at 823d6b9c (DecompileCallback)  
WARN  Decompiling 823d6bac, pcode error at 823d6bac: Unable to resolve constructor at 823d6bac (DecompileCallback)  
WARN  Decompiling 823d6bbc, pcode error at 823d6bbc: Unable to resolve constructor at 823d6bbc (DecompileCallback)  
WARN  Decompiling 823d6bcc, pcode error at 823d6bcc: Unable to resolve constructor at 823d6bcc (DecompileCallback)  
WARN  Decompiling 823d6bdc, pcode error at 823d6bdc: Unable to resolve constructor at 823d6bdc (DecompileCallback)  
WARN  Decompiling 823d6bec, pcode error at 823d6bec: Unable to resolve constructor at 823d6bec (DecompileCallback)  
WARN  Decompiling 823d6bfc, pcode error at 823d6bfc: Unable to resolve constructor at 823d6bfc (DecompileCallback)  
WARN  Decompiling 823d6c0c, pcode error at 823d6c0c: Unable to resolve constructor at 823d6c0c (DecompileCallback)  
WARN  Decompiling 823d6c1c, pcode error at 823d6c1c: Unable to resolve constructor at 823d6c1c (DecompileCallback)  
WARN  Decompiling 823d6c2c, pcode error at 823d6c2c: Unable to resolve constructor at 823d6c2c (DecompileCallback)  
WARN  Decompiling 823d6c3c, pcode error at 823d6c3c: Unable to resolve constructor at 823d6c3c (DecompileCallback)  
WARN  Decompiling 823d6c4c, pcode error at 823d6c4c: Unable to resolve constructor at 823d6c4c (DecompileCallback)  
WARN  Decompiling 823d6c5c, pcode error at 823d6c5c: Unable to resolve constructor at 823d6c5c (DecompileCallback)  
WARN  Decompiling 823d6c7c, pcode error at 823d6c7c: Unable to resolve constructor at 823d6c7c (DecompileCallback)  
WARN  Decompiling 823d6c8c, pcode error at 823d6c8c: Unable to resolve constructor at 823d6c8c (DecompileCallback)  
WARN  Decompiling 823d6cbc, pcode error at 823d6cbc: Unable to resolve constructor at 823d6cbc (DecompileCallback)  
WARN  Decompiling 823d6ccc, pcode error at 823d6ccc: Unable to resolve constructor at 823d6ccc (DecompileCallback)  
WARN  Decompiling 823d6cdc, pcode error at 823d6cdc: Unable to resolve constructor at 823d6cdc (DecompileCallback)  
WARN  Decompiling 823d6cfc, pcode error at 823d6cfc: Unable to resolve constructor at 823d6cfc (DecompileCallback)  
WARN  Decompiling 823d6d0c, pcode error at 823d6d0c: Unable to resolve constructor at 823d6d0c (DecompileCallback)  
WARN  Decompiling 823d6d1c, pcode error at 823d6d1c: Unable to resolve constructor at 823d6d1c (DecompileCallback)  
WARN  Decompiling 823d6d2c, pcode error at 823d6d2c: Unable to resolve constructor at 823d6d2c (DecompileCallback)  
WARN  Decompiling 823d6d3c, pcode error at 823d6d3c: Unable to resolve constructor at 823d6d3c (DecompileCallback)  
WARN  Decompiling 823d6d5c, pcode error at 823d6d5c: Unable to resolve constructor at 823d6d5c (DecompileCallback)  
WARN  Decompiling 823d6d6c, pcode error at 823d6d6c: Unable to resolve constructor at 823d6d6c (DecompileCallback)  
WARN  Decompiling 823d6d7c, pcode error at 823d6d7c: Unable to resolve constructor at 823d6d7c (DecompileCallback)  
WARN  Decompiling 823d6d8c, pcode error at 823d6d8c: Unable to resolve constructor at 823d6d8c (DecompileCallback)  
WARN  Decompiling 823d6d9c, pcode error at 823d6d9c: Unable to resolve constructor at 823d6d9c (DecompileCallback)  
WARN  Decompiling 823d6dac, pcode error at 823d6dac: Unable to resolve constructor at 823d6dac (DecompileCallback)  
WARN  Decompiling 823d6dbc, pcode error at 823d6dbc: Unable to resolve constructor at 823d6dbc (DecompileCallback)  
WARN  Decompiling 823d6dcc, pcode error at 823d6dcc: Unable to resolve constructor at 823d6dcc (DecompileCallback)  
WARN  Decompiling 823d6ddc, pcode error at 823d6ddc: Unable to resolve constructor at 823d6ddc (DecompileCallback)  
WARN  Decompiling 823d6dec, pcode error at 823d6dec: Unable to resolve constructor at 823d6dec (DecompileCallback)  
WARN  Decompiling 823d6dfc, pcode error at 823d6dfc: Unable to resolve constructor at 823d6dfc (DecompileCallback)  
WARN  Decompiling 823d6e0c, pcode error at 823d6e0c: Unable to resolve constructor at 823d6e0c (DecompileCallback)  
WARN  Decompiling 823d6e1c, pcode error at 823d6e1c: Unable to resolve constructor at 823d6e1c (DecompileCallback)  
WARN  Decompiling 823d6e2c, pcode error at 823d6e2c: Unable to resolve constructor at 823d6e2c (DecompileCallback)  
WARN  Decompiling 823d6e3c, pcode error at 823d6e3c: Unable to resolve constructor at 823d6e3c (DecompileCallback)  
WARN  Decompiling 823d6e4c, pcode error at 823d6e4c: Unable to resolve constructor at 823d6e4c (DecompileCallback)  
WARN  Decompiling 823d6e5c, pcode error at 823d6e5c: Unable to resolve constructor at 823d6e5c (DecompileCallback)  
WARN  Decompiling 823d6e7c, pcode error at 823d6e7c: Unable to resolve constructor at 823d6e7c (DecompileCallback)  
WARN  Decompiling 823d6e9c, pcode error at 823d6e9c: Unable to resolve constructor at 823d6e9c (DecompileCallback)  
WARN  Decompiling 823d6eac, pcode error at 823d6eac: Unable to resolve constructor at 823d6eac (DecompileCallback)  
WARN  Decompiling 823d6edc, pcode error at 823d6edc: Unable to resolve constructor at 823d6edc (DecompileCallback)  
WARN  Decompiling 823d6eec, pcode error at 823d6eec: Unable to resolve constructor at 823d6eec (DecompileCallback)  
WARN  Decompiling 823d6efc, pcode error at 823d6efc: Unable to resolve constructor at 823d6efc (DecompileCallback)  
WARN  Decompiling 823d6f0c, pcode error at 823d6f0c: Unable to resolve constructor at 823d6f0c (DecompileCallback)  
WARN  Decompiling 823d6f1c, pcode error at 823d6f1c: Unable to resolve constructor at 823d6f1c (DecompileCallback)  
WARN  Decompiling 823d6f2c, pcode error at 823d6f2c: Unable to resolve constructor at 823d6f2c (DecompileCallback)  
WARN  Decompiling 823d6f4c, pcode error at 823d6f4c: Unable to resolve constructor at 823d6f4c (DecompileCallback)  
WARN  Decompiling 823d6f6c, pcode error at 823d6f6c: Unable to resolve constructor at 823d6f6c (DecompileCallback)  
WARN  Decompiling 823d6f9c, pcode error at 823d6f9c: Unable to resolve constructor at 823d6f9c (DecompileCallback)  
WARN  Decompiling 823d700c, pcode error at 823d700c: Unable to resolve constructor at 823d700c (DecompileCallback)  
WARN  Decompiling 823d701c, pcode error at 823d701c: Unable to resolve constructor at 823d701c (DecompileCallback)  
WARN  Decompiling 823d702c, pcode error at 823d702c: Unable to resolve constructor at 823d702c (DecompileCallback)  
WARN  Decompiling 823d703c, pcode error at 823d703c: Unable to resolve constructor at 823d703c (DecompileCallback)  
WARN  Decompiling 823d704c, pcode error at 823d704c: Unable to resolve constructor at 823d704c (DecompileCallback)  
WARN  Decompiling 823d705c, pcode error at 823d705c: Unable to resolve constructor at 823d705c (DecompileCallback)  
WARN  Decompiling 823d706c, pcode error at 823d706c: Unable to resolve constructor at 823d706c (DecompileCallback)  
WARN  Decompiling 823d70bc, pcode error at 823d70bc: Unable to resolve constructor at 823d70bc (DecompileCallback)  
WARN  Decompiling 823d72bc, pcode error at 823d72bc: Unable to resolve constructor at 823d72bc (DecompileCallback)  
WARN  Decompiling 823d72cc, pcode error at 823d72cc: Unable to resolve constructor at 823d72cc (DecompileCallback)  
WARN  Decompiling 823d72dc, pcode error at 823d72dc: Unable to resolve constructor at 823d72dc (DecompileCallback)  
WARN  Decompiling 823d72fc, pcode error at 823d72fc: Unable to resolve constructor at 823d72fc (DecompileCallback)  
WARN  Decompiling 823d730c, pcode error at 823d730c: Unable to resolve constructor at 823d730c (DecompileCallback)  
WARN  Decompiling 823d735c, pcode error at 823d735c: Unable to resolve constructor at 823d735c (DecompileCallback)  
WARN  Decompiling 823d736c, pcode error at 823d736c: Unable to resolve constructor at 823d736c (DecompileCallback)  
WARN  Decompiling 823d738c, pcode error at 823d738c: Unable to resolve constructor at 823d738c (DecompileCallback)  
WARN  Decompiling 823d739c, pcode error at 823d739c: Unable to resolve constructor at 823d739c (DecompileCallback)  
WARN  Decompiling 823d73dc, pcode error at 823d73dc: Unable to resolve constructor at 823d73dc (DecompileCallback)  
WARN  Decompiling 823d73ec, pcode error at 823d73ec: Unable to resolve constructor at 823d73ec (DecompileCallback)  
WARN  Decompiling 823d740c, pcode error at 823d740c: Unable to resolve constructor at 823d740c (DecompileCallback)  
WARN  Decompiling 823d741c, pcode error at 823d741c: Unable to resolve constructor at 823d741c (DecompileCallback)  
WARN  Decompiling 823d742c, pcode error at 823d742c: Unable to resolve constructor at 823d742c (DecompileCallback)  
WARN  Decompiling 823d743c, pcode error at 823d743c: Unable to resolve constructor at 823d743c (DecompileCallback)  
WARN  Decompiling 823d744c, pcode error at 823d744c: Unable to resolve constructor at 823d744c (DecompileCallback)  
WARN  Decompiling 823d745c, pcode error at 823d745c: Unable to resolve constructor at 823d745c (DecompileCallback)  
WARN  Decompiling 823d746c, pcode error at 823d746c: Unable to resolve constructor at 823d746c (DecompileCallback)  
WARN  Decompiling 823d747c, pcode error at 823d747c: Unable to resolve constructor at 823d747c (DecompileCallback)  
WARN  Decompiling 823d748c, pcode error at 823d748c: Unable to resolve constructor at 823d748c (DecompileCallback)  
WARN  Decompiling 823d74bc, pcode error at 823d74bc: Unable to resolve constructor at 823d74bc (DecompileCallback)  
WARN  Decompiling 823d74cc, pcode error at 823d74cc: Unable to resolve constructor at 823d74cc (DecompileCallback)  
WARN  Decompiling 823d74ec, pcode error at 823d74ec: Unable to resolve constructor at 823d74ec (DecompileCallback)  
WARN  Decompiling 823d750c, pcode error at 823d750c: Unable to resolve constructor at 823d750c (DecompileCallback)  
WARN  Decompiling 823d752c, pcode error at 823d752c: Unable to resolve constructor at 823d752c (DecompileCallback)  
WARN  Decompiling 823d753c, pcode error at 823d753c: Unable to resolve constructor at 823d753c (DecompileCallback)  
WARN  Decompiling 823d754c, pcode error at 823d754c: Unable to resolve constructor at 823d754c (DecompileCallback)  
WARN  Decompiling 823d755c, pcode error at 823d755c: Unable to resolve constructor at 823d755c (DecompileCallback)  
WARN  Decompiling 823d75ac, pcode error at 823d75ac: Unable to resolve constructor at 823d75ac (DecompileCallback)  
WARN  Decompiling 823d75bc, pcode error at 823d75bc: Unable to resolve constructor at 823d75bc (DecompileCallback)  
WARN  Decompiling 823d75ec, pcode error at 823d75ec: Unable to resolve constructor at 823d75ec (DecompileCallback)  
WARN  Decompiling 823d75fc, pcode error at 823d75fc: Unable to resolve constructor at 823d75fc (DecompileCallback)  
WARN  Decompiling 823d760c, pcode error at 823d760c: Unable to resolve constructor at 823d760c (DecompileCallback)  
WARN  Decompiling 823d762c, pcode error at 823d762c: Unable to resolve constructor at 823d762c (DecompileCallback)  
WARN  Decompiling 823d765c, pcode error at 823d765c: Unable to resolve constructor at 823d765c (DecompileCallback)  
WARN  Decompiling 823d766c, pcode error at 823d766c: Unable to resolve constructor at 823d766c (DecompileCallback)  
WARN  Decompiling 823d767c, pcode error at 823d767c: Unable to resolve constructor at 823d767c (DecompileCallback)  
WARN  Decompiling 823d768c, pcode error at 823d768c: Unable to resolve constructor at 823d768c (DecompileCallback)  
Starting PyGhidra headless mode...
Project: /fastdata/lavaulta/auto-re-agent/workspaces/ace-combat-6/ghidra-projects/ace-combat-6
Program: default.xex

[ExportStructs] Scanning data types...
Exported 0 structs
Exported 0 enums
Exported 2 typedefs
[ExportVtables] Scanning for vtables...
Exported 0 vtables
[ExportStrings] Scanning for strings...
Processed 1000 strings...
Processed 2000 strings...
Processed 3000 strings...
Processed 4000 strings...
Exported 4963 strings
[ExportGlobals] Scanning for global variables...
Processed 1000 globals...
Processed 2000 globals...
Processed 3000 globals...
Processed 4000 globals...
Exported 4295 globals
[ExportDecompiled] Exporting 8824 functions with xrefs...
Progress: 0/8824 (0%)
Progress: 500/8824 (5%)
Progress: 1000/8824 (11%)
Progress: 1500/8824 (16%)
Progress: 2000/8824 (22%)
Progress: 2500/8824 (28%)
Progress: 3000/8824 (33%)
Progress: 3500/8824 (39%)
Progress: 4000/8824 (45%)
Progress: 4500/8824 (50%)
Progress: 5000/8824 (56%)
Progress: 5500/8824 (62%)
Progress: 6000/8824 (67%)
Progress: 6500/8824 (73%)
Progress: 7000/8824 (79%)
Progress: 7500/8824 (84%)
Progress: 8000/8824 (90%)
Progress: 8500/8824 (96%)
[ExportDecompiled] Complete! 8824 functions exported

Export complete!
