openjdk version "21.0.11" 2026-04-21
OpenJDK Runtime Environment (build 21.0.11+10-1-26.04.2-Ubuntu)
OpenJDK 64-Bit Server VM (build 21.0.11+10-1-26.04.2-Ubuntu, mixed mode)
INFO  Using log config file: jar:file:/fastdata/lavaulta/auto-re-agent/.tools/ghidra_12.1.2_PUBLIC/Ghidra/Framework/Generic/lib/Generic.jar!/generic.log4j.xml (LoggingInitialization)  
INFO  Using log file: /home/lavaulta/.config/ghidra/ghidra_12.1.2_PUBLIC/application.log (LoggingInitialization)  
INFO  Loading user preferences: /home/lavaulta/.config/ghidra/ghidra_12.1.2_PUBLIC/preferences (Preferences)  
INFO  Searching for classes... (ClassSearcher)  
INFO  Ignoring class 'xexloaderwv.XEXLoaderWVLoader' from '/fastdata/lavaulta/auto-re-agent/.tools/ghidra_12.1.2_PUBLIC/Ghidra/Extensions/XEXLoaderWV/lib/XEXLoaderWV.jar'. Already found at '/fastdata/lavaulta/auto-re-agent/.tools/ghidra_12.1.2_PUBLIC/Ghidra/patch/XEXLoaderWV-java21.jar'. (ClassSearcher)  
INFO  Class search complete (1493 ms) (ClassSearcher)  
INFO  Initializing SSL Context (DefaultSSLContextInitializer)  
INFO  Initializing Random Number Generator... (SecureRandomFactory)  
INFO  Random Number Generator initialization complete: NativePRNGNonBlocking (SecureRandomFactory)  
INFO  Trust manager disabled, cacerts have not been set (DefaultTrustManagerFactory)  
INFO  Headless startup complete (2988 ms) (AnalyzeHeadless)  
INFO  Class searcher loaded 59 extension points (20 false positives) (ClassSearcher)  
INFO  HEADLESS Script Paths:
    /fastdata/lavaulta/auto-re-agent/.tools/ghidra_12.1.2_PUBLIC/Ghidra/Features/MicrosoftCodeAnalyzer/ghidra_scripts
    /fastdata/lavaulta/auto-re-agent/.tools/ghidra_12.1.2_PUBLIC/Ghidra/Features/PDB/ghidra_scripts
    /fastdata/lavaulta/auto-re-agent/.tools/ghidra_12.1.2_PUBLIC/Ghidra/Processors/8051/ghidra_scripts
    /fastdata/lavaulta/auto-re-agent/.tools/ghidra_12.1.2_PUBLIC/Ghidra/Features/Base/ghidra_scripts
    /fastdata/lavaulta/auto-re-agent/workspaces/ace-combat-6/scripts
    /fastdata/lavaulta/auto-re-agent/.tools/ghidra_12.1.2_PUBLIC/Ghidra/Features/FileFormats/ghidra_scripts
    /fastdata/lavaulta/auto-re-agent/.tools/ghidra_12.1.2_PUBLIC/Ghidra/Features/GnuDemangler/ghidra_scripts
    /fastdata/lavaulta/auto-re-agent/.tools/ghidra_12.1.2_PUBLIC/Ghidra/Extensions/ghidra-emotionengine-reloaded/ghidra_scripts
    /fastdata/lavaulta/auto-re-agent/.tools/ghidra_12.1.2_PUBLIC/Ghidra/Features/Decompiler/ghidra_scripts
    /fastdata/lavaulta/auto-re-agent/.tools/ghidra_12.1.2_PUBLIC/Ghidra/Features/FunctionID/ghidra_scripts
    /fastdata/lavaulta/auto-re-agent/.tools/ghidra_12.1.2_PUBLIC/Ghidra/Features/DecompilerDependent/ghidra_scripts
    /fastdata/lavaulta/auto-re-agent/.tools/ghidra_12.1.2_PUBLIC/Ghidra/Processors/DATA/ghidra_scripts
    /fastdata/lavaulta/auto-re-agent/.tools/ghidra_12.1.2_PUBLIC/Ghidra/Debug/Debugger-rmi-trace/ghidra_scripts
    /fastdata/lavaulta/auto-re-agent/.tools/ghidra_12.1.2_PUBLIC/Ghidra/Features/SwiftDemangler/ghidra_scripts
    /fastdata/lavaulta/auto-re-agent/.tools/ghidra_12.1.2_PUBLIC/Ghidra/Debug/Debugger/ghidra_scripts
    /fastdata/lavaulta/auto-re-agent/.tools/ghidra_12.1.2_PUBLIC/Ghidra/Processors/PIC/ghidra_scripts
    /fastdata/lavaulta/auto-re-agent/.tools/ghidra_12.1.2_PUBLIC/Ghidra/Extensions/XEXLoaderWV/ghidra_scripts
    /fastdata/lavaulta/auto-re-agent/.tools/ghidra_12.1.2_PUBLIC/Ghidra/Features/WildcardAssembler/ghidra_scripts
    /fastdata/lavaulta/auto-re-agent/.tools/ghidra_12.1.2_PUBLIC/Ghidra/Features/PyGhidra/ghidra_scripts
    /fastdata/lavaulta/auto-re-agent/.tools/ghidra_12.1.2_PUBLIC/Ghidra/Features/BSim/ghidra_scripts
    /fastdata/lavaulta/auto-re-agent/.tools/ghidra_12.1.2_PUBLIC/Ghidra/Features/VersionTracking/ghidra_scripts
    /fastdata/lavaulta/auto-re-agent/.tools/ghidra_12.1.2_PUBLIC/Ghidra/Features/BytePatterns/ghidra_scripts
    /fastdata/lavaulta/auto-re-agent/.tools/ghidra_12.1.2_PUBLIC/Ghidra/Processors/Atmel/ghidra_scripts
    /fastdata/lavaulta/auto-re-agent/.tools/ghidra_12.1.2_PUBLIC/Ghidra/Features/SystemEmulation/ghidra_scripts
    /fastdata/lavaulta/auto-re-agent/.tools/ghidra_12.1.2_PUBLIC/Ghidra/Processors/JVM/ghidra_scripts (HeadlessAnalyzer)  
INFO  HEADLESS: execution starts (HeadlessAnalyzer)  
INFO  Opening existing project: /fastdata/lavaulta/auto-re-agent/workspaces/ace-combat-6/ghidra-projects/ace-combat-6 (HeadlessAnalyzer)  
INFO  Opening project: /fastdata/lavaulta/auto-re-agent/workspaces/ace-combat-6/ghidra-projects/ace-combat-6 (HeadlessProject)  
INFO  REPORT: Processing read-only project file: /default.xex (HeadlessAnalyzer)  
INFO  REPORT: Execute script: DumpRange.java '0x821b9700' '0x821b9840'  (HeadlessAnalyzer)  
INFO  SCRIPT: /fastdata/lavaulta/auto-re-agent/workspaces/ace-combat-6/scripts/DumpRange.java (HeadlessAnalyzer)  
INFO  DumpRange.java> 821b9700 stb r31,0x2a(r30) (GhidraScript)  
INFO  DumpRange.java> 821b9704 stw r31,0x2c(r30) (GhidraScript)  
INFO  DumpRange.java> 821b9708 lwz r3,0x5b88(r11) (GhidraScript)  
INFO  DumpRange.java> 821b970c stw r31,0x30(r30) (GhidraScript)  
INFO  DumpRange.java> 821b9710 stw r31,0x14(r30) (GhidraScript)  
INFO  DumpRange.java> 821b9714 stb r31,0x38(r30) (GhidraScript)  
INFO  DumpRange.java> 821b9718 stb r31,0x39(r30) (GhidraScript)  
INFO  DumpRange.java> 821b971c stw r31,0x3c(r30) (GhidraScript)  
INFO  DumpRange.java> 821b9720 stw r31,0x40(r30) (GhidraScript)  
INFO  DumpRange.java> 821b9724 lwz r11,0x0(r3) (GhidraScript)  
INFO  DumpRange.java> 821b9728 lwz r11,0xc(r11) (GhidraScript)  
INFO  DumpRange.java> 821b972c mtspr CTR,r11 (GhidraScript)  
INFO  DumpRange.java> 821b9730 bctrl (GhidraScript)  
INFO  DumpRange.java> 821b9734 or r3,r30,r30 (GhidraScript)  
INFO  DumpRange.java> 821b9738 addi r1,r1,0x90 (GhidraScript)  
INFO  DumpRange.java> 821b973c b 0x82382f40 (GhidraScript)  
INFO  DumpRange.java> 821b9740 mfspr r12,LR (GhidraScript)  
INFO  DumpRange.java> 821b9744 bl 0x82382ef8 (GhidraScript)  
INFO  DumpRange.java> 821b9748 stwu r1,-0x80(r1) (GhidraScript)  
INFO  DumpRange.java> 821b974c lis r11,-0x7dfa (GhidraScript)  
INFO  DumpRange.java> 821b9750 or r31,r3,r3 (GhidraScript)  
INFO  DumpRange.java> 821b9754 addi r11,r11,0x5ac4 (GhidraScript)  
INFO  DumpRange.java> 821b9758 addis r3,r31,0x16 (GhidraScript)  
INFO  DumpRange.java> 821b975c subi r3,r3,0x48f0 (GhidraScript)  
INFO  DumpRange.java> 821b9760 stw r11,0x0(r31) (GhidraScript)  
INFO  DumpRange.java> 821b9764 bl 0x8228c2d8 (GhidraScript)  
INFO  DumpRange.java> 821b9768 addis r3,r31,0x16 (GhidraScript)  
INFO  DumpRange.java> 821b976c subi r3,r3,0x5550 (GhidraScript)  
INFO  DumpRange.java> 821b9770 bl 0x8228b7c0 (GhidraScript)  
INFO  DumpRange.java> 821b9774 addis r30,r31,0x16 (GhidraScript)  
INFO  DumpRange.java> 821b9778 lis r11,-0x7dfa (GhidraScript)  
INFO  DumpRange.java> 821b977c subi r30,r30,0x56ac (GhidraScript)  
INFO  DumpRange.java> 821b9780 lis r10,-0x7dfa (GhidraScript)  
INFO  DumpRange.java> 821b9784 subi r11,r11,0x2234 (GhidraScript)  
INFO  DumpRange.java> 821b9788 subi r10,r10,0x5748 (GhidraScript)  
INFO  DumpRange.java> 821b978c addi r3,r30,0x4 (GhidraScript)  
INFO  DumpRange.java> 821b9790 stw r11,0x0(r30) (GhidraScript)  
INFO  DumpRange.java> 821b9794 stw r10,0x0(r3) (GhidraScript)  
INFO  DumpRange.java> 821b9798 bl 0x820d8da0 (GhidraScript)  
INFO  DumpRange.java> 821b979c lis r7,-0x7dfb (GhidraScript)  
INFO  DumpRange.java> 821b97a0 lis r8,-0x7dfa (GhidraScript)  
INFO  DumpRange.java> 821b97a4 addi r29,r7,0x69cc (GhidraScript)  
INFO  DumpRange.java> 821b97a8 lis r7,-0x7dfb (GhidraScript)  
INFO  DumpRange.java> 821b97ac addis r10,r31,0x16 (GhidraScript)  
INFO  DumpRange.java> 821b97b0 addi r28,r7,0x4db0 (GhidraScript)  
INFO  DumpRange.java> 821b97b4 addis r9,r31,0xe (GhidraScript)  
INFO  DumpRange.java> 821b97b8 subi r8,r8,0x5e34 (GhidraScript)  
INFO  DumpRange.java> 821b97bc addis r11,r31,0x1 (GhidraScript)  
INFO  DumpRange.java> 821b97c0 lis r7,-0x7dfa (GhidraScript)  
INFO  DumpRange.java> 821b97c4 subi r10,r10,0x56c4 (GhidraScript)  
INFO  DumpRange.java> 821b97c8 subi r9,r9,0x5700 (GhidraScript)  
INFO  DumpRange.java> 821b97cc addi r11,r11,0x7de0 (GhidraScript)  
INFO  DumpRange.java> 821b97d0 stw r8,0x0(r30) (GhidraScript)  
INFO  DumpRange.java> 821b97d4 addi r7,r7,0x79a0 (GhidraScript)  
INFO  DumpRange.java> 821b97d8 addi r3,r11,0x190 (GhidraScript)  
INFO  DumpRange.java> 821b97dc stw r29,0x0(r10) (GhidraScript)  
INFO  DumpRange.java> 821b97e0 stw r28,0x0(r9) (GhidraScript)  
INFO  DumpRange.java> 821b97e4 stw r7,0x0(r11) (GhidraScript)  
INFO  DumpRange.java> 821b97e8 bl 0x821c3190 (GhidraScript)  
INFO  DumpRange.java> 821b97ec addis r11,r31,0x1 (GhidraScript)  
INFO  DumpRange.java> 821b97f0 lis r10,-0x7dfa (GhidraScript)  
INFO  DumpRange.java> 821b97f4 lis r9,-0x7dfa (GhidraScript)  
INFO  DumpRange.java> 821b97f8 lis r8,-0x7dfa (GhidraScript)  
INFO  DumpRange.java> 821b97fc subi r11,r11,0x3c68 (GhidraScript)  
INFO  DumpRange.java> 821b9800 subi r10,r10,0x2520 (GhidraScript)  
INFO  DumpRange.java> 821b9804 addi r9,r9,0x79f4 (GhidraScript)  
INFO  DumpRange.java> 821b9808 addi r8,r8,0x766c (GhidraScript)  
INFO  DumpRange.java> 821b980c stw r28,0x0(r11) (GhidraScript)  
INFO  DumpRange.java> 821b9810 stw r10,0x61a8(r11) (GhidraScript)  
INFO  DumpRange.java> 821b9814 stw r9,0x60(r31) (GhidraScript)  
INFO  DumpRange.java> 821b9818 stw r8,0x218(r31) (GhidraScript)  
INFO  DumpRange.java> 821b981c stw r29,0x0(r31) (GhidraScript)  
INFO  DumpRange.java> 821b9820 addi r1,r1,0x80 (GhidraScript)  
INFO  DumpRange.java> 821b9824 b 0x82382f48 (GhidraScript)  
INFO  DumpRange.java> 821b9828 mfspr r12,LR (GhidraScript)  
INFO  DumpRange.java> 821b982c bl 0x82382efc (GhidraScript)  
INFO  DumpRange.java> 821b9830 stwu r1,-0x70(r1) (GhidraScript)  
INFO  DumpRange.java> 821b9834 lis r30,-0x7d8a (GhidraScript)  
INFO  DumpRange.java> 821b9838 or r31,r3,r3 (GhidraScript)  
INFO  DumpRange.java> 821b983c lwz r3,-0x70d0(r30) (GhidraScript)  
INFO  REPORT: Discarding changes to the following read-only file: /default.xex (HeadlessAnalyzer)  
