openjdk version "21.0.11" 2026-04-21
OpenJDK Runtime Environment (build 21.0.11+10-1-26.04.2-Ubuntu)
OpenJDK 64-Bit Server VM (build 21.0.11+10-1-26.04.2-Ubuntu, mixed mode)
INFO  Using log config file: jar:file:/fastdata/lavaulta/auto-re-agent/.tools/ghidra_12.1.2_PUBLIC/Ghidra/Framework/Generic/lib/Generic.jar!/generic.log4j.xml (LoggingInitialization)  
INFO  Using log file: /home/lavaulta/.config/ghidra/ghidra_12.1.2_PUBLIC/application.log (LoggingInitialization)  
INFO  Loading user preferences: /home/lavaulta/.config/ghidra/ghidra_12.1.2_PUBLIC/preferences (Preferences)  
INFO  Searching for classes... (ClassSearcher)  
INFO  Ignoring class 'xexloaderwv.XEXLoaderWVLoader' from '/fastdata/lavaulta/auto-re-agent/.tools/ghidra_12.1.2_PUBLIC/Ghidra/Extensions/XEXLoaderWV/lib/XEXLoaderWV.jar'. Already found at '/fastdata/lavaulta/auto-re-agent/.tools/ghidra_12.1.2_PUBLIC/Ghidra/patch/XEXLoaderWV-java21.jar'. (ClassSearcher)  
INFO  Class search complete (1504 ms) (ClassSearcher)  
INFO  Initializing SSL Context (DefaultSSLContextInitializer)  
INFO  Initializing Random Number Generator... (SecureRandomFactory)  
INFO  Random Number Generator initialization complete: NativePRNGNonBlocking (SecureRandomFactory)  
INFO  Trust manager disabled, cacerts have not been set (DefaultTrustManagerFactory)  
INFO  Headless startup complete (2988 ms) (AnalyzeHeadless)  
INFO  Class searcher loaded 59 extension points (20 false positives) (ClassSearcher)  
INFO  HEADLESS Script Paths:
    /fastdata/lavaulta/auto-re-agent/.tools/ghidra_12.1.2_PUBLIC/Ghidra/Features/MicrosoftCodeAnalyzer/ghidra_scripts
    /fastdata/lavaulta/auto-re-agent/.tools/ghidra_12.1.2_PUBLIC/Ghidra/Features/PDB/ghidra_scripts
    /fastdata/lavaulta/auto-re-agent/.tools/ghidra_12.1.2_PUBLIC/Ghidra/Processors/8051/ghidra_scripts
    /fastdata/lavaulta/auto-re-agent/.tools/ghidra_12.1.2_PUBLIC/Ghidra/Features/Base/ghidra_scripts
    /fastdata/lavaulta/auto-re-agent/workspaces/ace-combat-6/scripts
    /fastdata/lavaulta/auto-re-agent/.tools/ghidra_12.1.2_PUBLIC/Ghidra/Features/FileFormats/ghidra_scripts
    /fastdata/lavaulta/auto-re-agent/.tools/ghidra_12.1.2_PUBLIC/Ghidra/Features/GnuDemangler/ghidra_scripts
    /fastdata/lavaulta/auto-re-agent/.tools/ghidra_12.1.2_PUBLIC/Ghidra/Extensions/ghidra-emotionengine-reloaded/ghidra_scripts
    /fastdata/lavaulta/auto-re-agent/.tools/ghidra_12.1.2_PUBLIC/Ghidra/Features/Decompiler/ghidra_scripts
    /fastdata/lavaulta/auto-re-agent/.tools/ghidra_12.1.2_PUBLIC/Ghidra/Features/FunctionID/ghidra_scripts
    /fastdata/lavaulta/auto-re-agent/.tools/ghidra_12.1.2_PUBLIC/Ghidra/Features/DecompilerDependent/ghidra_scripts
    /fastdata/lavaulta/auto-re-agent/.tools/ghidra_12.1.2_PUBLIC/Ghidra/Processors/DATA/ghidra_scripts
    /fastdata/lavaulta/auto-re-agent/.tools/ghidra_12.1.2_PUBLIC/Ghidra/Debug/Debugger-rmi-trace/ghidra_scripts
    /fastdata/lavaulta/auto-re-agent/.tools/ghidra_12.1.2_PUBLIC/Ghidra/Features/SwiftDemangler/ghidra_scripts
    /fastdata/lavaulta/auto-re-agent/.tools/ghidra_12.1.2_PUBLIC/Ghidra/Debug/Debugger/ghidra_scripts
    /fastdata/lavaulta/auto-re-agent/.tools/ghidra_12.1.2_PUBLIC/Ghidra/Processors/PIC/ghidra_scripts
    /fastdata/lavaulta/auto-re-agent/.tools/ghidra_12.1.2_PUBLIC/Ghidra/Extensions/XEXLoaderWV/ghidra_scripts
    /fastdata/lavaulta/auto-re-agent/.tools/ghidra_12.1.2_PUBLIC/Ghidra/Features/WildcardAssembler/ghidra_scripts
    /fastdata/lavaulta/auto-re-agent/.tools/ghidra_12.1.2_PUBLIC/Ghidra/Features/PyGhidra/ghidra_scripts
    /fastdata/lavaulta/auto-re-agent/.tools/ghidra_12.1.2_PUBLIC/Ghidra/Features/BSim/ghidra_scripts
    /fastdata/lavaulta/auto-re-agent/.tools/ghidra_12.1.2_PUBLIC/Ghidra/Features/VersionTracking/ghidra_scripts
    /fastdata/lavaulta/auto-re-agent/.tools/ghidra_12.1.2_PUBLIC/Ghidra/Features/BytePatterns/ghidra_scripts
    /fastdata/lavaulta/auto-re-agent/.tools/ghidra_12.1.2_PUBLIC/Ghidra/Processors/Atmel/ghidra_scripts
    /fastdata/lavaulta/auto-re-agent/.tools/ghidra_12.1.2_PUBLIC/Ghidra/Features/SystemEmulation/ghidra_scripts
    /fastdata/lavaulta/auto-re-agent/.tools/ghidra_12.1.2_PUBLIC/Ghidra/Processors/JVM/ghidra_scripts (HeadlessAnalyzer)  
INFO  HEADLESS: execution starts (HeadlessAnalyzer)  
INFO  Opening existing project: /fastdata/lavaulta/auto-re-agent/workspaces/ace-combat-6/ghidra-projects/ace-combat-6 (HeadlessAnalyzer)  
INFO  Opening project: /fastdata/lavaulta/auto-re-agent/workspaces/ace-combat-6/ghidra-projects/ace-combat-6 (HeadlessProject)  
INFO  REPORT: Processing project file: /default.xex (HeadlessAnalyzer)  
INFO  REPORT: Execute script: DumpRange.java '0x82269e90' '0x8226a150'  (HeadlessAnalyzer)  
INFO  SCRIPT: /fastdata/lavaulta/auto-re-agent/workspaces/ace-combat-6/scripts/DumpRange.java (HeadlessAnalyzer)  
INFO  DumpRange.java> 82269e90 ori r31,r11,0xf9a0 (GhidraScript)  
INFO  DumpRange.java> 82269e94 lwzx r3,r10,r31 (GhidraScript)  
INFO  DumpRange.java> 82269e98 bl 0x8225bf60 (GhidraScript)  
INFO  DumpRange.java> 82269e9c or r29,r3,r3 (GhidraScript)  
INFO  DumpRange.java> 82269ea0 or r3,r30,r30 (GhidraScript)  
INFO  DumpRange.java> 82269ea4 bl 0x82267a08 (GhidraScript)  
INFO  DumpRange.java> 82269ea8 rlwinm r11,r3,0x0,0x18,0x1f (GhidraScript)  
INFO  DumpRange.java> 82269eac cmplwi cr6,r11,0x0 (GhidraScript)  
INFO  DumpRange.java> 82269eb0 beq cr6,0x82269edc (GhidraScript)  
INFO  DumpRange.java> 82269eb4 li r4,0x1 (GhidraScript)  
INFO  DumpRange.java> 82269eb8 or r3,r30,r30 (GhidraScript)  
INFO  DumpRange.java> 82269ebc bl 0x82267a98 (GhidraScript)  
INFO  DumpRange.java> 82269ec0 cmpwi cr6,r29,0x11 (GhidraScript)  
INFO  DumpRange.java> 82269ec4 beq cr6,0x82269edc (GhidraScript)  
INFO  DumpRange.java> 82269ec8 li r4,0x11 (GhidraScript)  
INFO  DumpRange.java> 82269ecc lwz r11,0x4eb4(r28) (GhidraScript)  
INFO  DumpRange.java> 82269ed0 li r5,0x0 (GhidraScript)  
INFO  DumpRange.java> 82269ed4 lwzx r3,r11,r31 (GhidraScript)  
INFO  DumpRange.java> 82269ed8 bl 0x8225c048 (GhidraScript)  
INFO  DumpRange.java> 82269edc addi r1,r1,0x80 (GhidraScript)  
INFO  DumpRange.java> 82269ee0 b 0x82382f48 (GhidraScript)  
INFO  DumpRange.java> 82269ee4 <not-disassembled> (GhidraScript)  
INFO  DumpRange.java> 82269ee8 mfspr r12,LR (GhidraScript)  
INFO  DumpRange.java> 82269eec bl 0x82382ef8 (GhidraScript)  
INFO  DumpRange.java> 82269ef0 stfd f31,-0x30(r1) (GhidraScript)  
INFO  DumpRange.java> 82269ef4 stwu r1,-0x80(r1) (GhidraScript)  
INFO  DumpRange.java> 82269ef8 rlwinm r11,r4,0x0,0x18,0x1f (GhidraScript)  
INFO  DumpRange.java> 82269efc or r28,r3,r3 (GhidraScript)  
INFO  DumpRange.java> 82269f00 or r29,r5,r5 (GhidraScript)  
INFO  DumpRange.java> 82269f04 cmplwi cr6,r11,0x0 (GhidraScript)  
INFO  DumpRange.java> 82269f08 lis r30,-0x7dc0 (GhidraScript)  
INFO  DumpRange.java> 82269f0c beq cr6,0x82269f38 (GhidraScript)  
INFO  DumpRange.java> 82269f10 li r31,0x0 (GhidraScript)  
INFO  DumpRange.java> 82269f14 lwz r3,-0x64d8(r30) (GhidraScript)  
INFO  DumpRange.java> 82269f18 or r4,r31,r31 (GhidraScript)  
INFO  DumpRange.java> 82269f1c lwz r11,0x0(r3) (GhidraScript)  
INFO  DumpRange.java> 82269f20 lwz r11,0xfc(r11) (GhidraScript)  
INFO  DumpRange.java> 82269f24 mtspr CTR,r11 (GhidraScript)  
INFO  DumpRange.java> 82269f28 bctrl (GhidraScript)  
INFO  DumpRange.java> 82269f2c addi r31,r31,0x1 (GhidraScript)  
INFO  DumpRange.java> 82269f30 cmpwi cr6,r31,0x2 (GhidraScript)  
INFO  DumpRange.java> 82269f34 blt cr6,0x82269f14 (GhidraScript)  
INFO  DumpRange.java> 82269f38 rlwinm r11,r29,0x0,0x18,0x1f (GhidraScript)  
INFO  DumpRange.java> 82269f3c lis r29,-0x7d92 (GhidraScript)  
INFO  DumpRange.java> 82269f40 cmplwi cr6,r11,0x0 (GhidraScript)  
INFO  DumpRange.java> 82269f44 lis r11,-0x7e00 (GhidraScript)  
INFO  DumpRange.java> 82269f48 lfs f31,0x82c(r11) (GhidraScript)  
INFO  DumpRange.java> 82269f4c beq cr6,0x82269f74 (GhidraScript)  
INFO  DumpRange.java> 82269f50 lis r11,0x3 (GhidraScript)  
INFO  DumpRange.java> 82269f54 fmr f1,f31 (GhidraScript)  
INFO  DumpRange.java> 82269f58 ori r10,r11,0x6078 (GhidraScript)  
INFO  DumpRange.java> 82269f5c lwz r11,0x4eb4(r29) (GhidraScript)  
INFO  DumpRange.java> 82269f60 lwzx r3,r11,r10 (GhidraScript)  
INFO  DumpRange.java> 82269f64 lwz r11,0x0(r3) (GhidraScript)  
INFO  DumpRange.java> 82269f68 lwz r11,0x18(r11) (GhidraScript)  
INFO  DumpRange.java> 82269f6c mtspr CTR,r11 (GhidraScript)  
INFO  DumpRange.java> 82269f70 bctrl (GhidraScript)  
INFO  DumpRange.java> 82269f74 li r31,0x2 (GhidraScript)  
INFO  DumpRange.java> 82269f78 lwz r3,-0x64d8(r30) (GhidraScript)  
INFO  DumpRange.java> 82269f7c fmr f1,f31 (GhidraScript)  
INFO  DumpRange.java> 82269f80 or r4,r31,r31 (GhidraScript)  
INFO  DumpRange.java> 82269f84 lwz r11,0x0(r3) (GhidraScript)  
INFO  DumpRange.java> 82269f88 lwz r11,0x13c(r11) (GhidraScript)  
INFO  DumpRange.java> 82269f8c mtspr CTR,r11 (GhidraScript)  
INFO  DumpRange.java> 82269f90 bctrl (GhidraScript)  
INFO  DumpRange.java> 82269f94 addi r31,r31,0x1 (GhidraScript)  
INFO  DumpRange.java> 82269f98 cmpwi cr6,r31,0x4 (GhidraScript)  
INFO  DumpRange.java> 82269f9c blt cr6,0x82269f78 (GhidraScript)  
INFO  DumpRange.java> 82269fa0 lwz r3,-0x64d8(r30) (GhidraScript)  
INFO  DumpRange.java> 82269fa4 lwz r11,0x0(r3) (GhidraScript)  
INFO  DumpRange.java> 82269fa8 lwz r11,0x94(r11) (GhidraScript)  
INFO  DumpRange.java> 82269fac mtspr CTR,r11 (GhidraScript)  
INFO  DumpRange.java> 82269fb0 bctrl (GhidraScript)  
INFO  DumpRange.java> 82269fb4 lis r11,0x2 (GhidraScript)  
INFO  DumpRange.java> 82269fb8 ori r10,r11,0x9fc8 (GhidraScript)  
INFO  DumpRange.java> 82269fbc lwz r11,0x4eb4(r29) (GhidraScript)  
INFO  DumpRange.java> 82269fc0 lwzx r3,r11,r10 (GhidraScript)  
INFO  DumpRange.java> 82269fc4 bl 0x8226eed8 (GhidraScript)  
INFO  DumpRange.java> 82269fc8 lwz r11,0x29c(r28) (GhidraScript)  
INFO  DumpRange.java> 82269fcc cmplwi cr6,r11,0x0 (GhidraScript)  
INFO  DumpRange.java> 82269fd0 beq cr6,0x82269fec (GhidraScript)  
INFO  DumpRange.java> 82269fd4 rlwinm r3,r11,0x0,0x0,0x1f (GhidraScript)  
INFO  DumpRange.java> 82269fd8 lwz r11,0x0(r3) (GhidraScript)  
INFO  DumpRange.java> 82269fdc lwz r11,0x1c(r11) (GhidraScript)  
INFO  DumpRange.java> 82269fe0 mtspr CTR,r11 (GhidraScript)  
INFO  DumpRange.java> 82269fe4 bctrl (GhidraScript)  
INFO  DumpRange.java> 82269fe8 bl 0x82274c90 (GhidraScript)  
INFO  DumpRange.java> 82269fec lwz r3,-0x64d8(r30) (GhidraScript)  
INFO  DumpRange.java> 82269ff0 lwz r11,0x0(r3) (GhidraScript)  
INFO  DumpRange.java> 82269ff4 lwz r11,0x1a0(r11) (GhidraScript)  
INFO  DumpRange.java> 82269ff8 mtspr CTR,r11 (GhidraScript)  
INFO  DumpRange.java> 82269ffc bctrl (GhidraScript)  
INFO  DumpRange.java> 8226a000 addi r3,r28,0x300 (GhidraScript)  
INFO  DumpRange.java> 8226a004 bl 0x82265bc8 (GhidraScript)  
INFO  DumpRange.java> 8226a008 addi r1,r1,0x80 (GhidraScript)  
INFO  DumpRange.java> 8226a00c lfd f31,-0x30(r1) (GhidraScript)  
INFO  DumpRange.java> 8226a010 b 0x82382f48 (GhidraScript)  
INFO  DumpRange.java> 8226a014 <not-disassembled> (GhidraScript)  
INFO  DumpRange.java> 8226a018 mfspr r12,LR (GhidraScript)  
INFO  DumpRange.java> 8226a01c bl 0x82382ef4 (GhidraScript)  
INFO  DumpRange.java> 8226a020 stwu r1,-0x80(r1) (GhidraScript)  
INFO  DumpRange.java> 8226a024 lis r30,-0x7d92 (GhidraScript)  
INFO  DumpRange.java> 8226a028 lis r11,0x3 (GhidraScript)  
INFO  DumpRange.java> 8226a02c or r31,r3,r3 (GhidraScript)  
INFO  DumpRange.java> 8226a030 ori r29,r11,0x6240 (GhidraScript)  
INFO  DumpRange.java> 8226a034 lwz r11,0x4eb4(r30) (GhidraScript)  
INFO  DumpRange.java> 8226a038 lwzx r3,r11,r29 (GhidraScript)  
INFO  DumpRange.java> 8226a03c bl 0x8224f740 (GhidraScript)  
INFO  DumpRange.java> 8226a040 lwz r11,0x4eb4(r30) (GhidraScript)  
INFO  DumpRange.java> 8226a044 li r4,0x3 (GhidraScript)  
INFO  DumpRange.java> 8226a048 lwzx r3,r11,r29 (GhidraScript)  
INFO  DumpRange.java> 8226a04c bl 0x8224f710 (GhidraScript)  
INFO  DumpRange.java> 8226a050 lwz r11,0x4eb4(r30) (GhidraScript)  
INFO  DumpRange.java> 8226a054 lis r28,-0x7e00 (GhidraScript)  
INFO  DumpRange.java> 8226a058 li r5,0x1 (GhidraScript)  
INFO  DumpRange.java> 8226a05c lfs f1,0x1354(r28) (GhidraScript)  
INFO  DumpRange.java> 8226a060 lwzx r3,r11,r29 (GhidraScript)  
INFO  DumpRange.java> 8226a064 bl 0x82254820 (GhidraScript)  
INFO  DumpRange.java> 8226a068 lis r11,-0x7dc0 (GhidraScript)  
INFO  DumpRange.java> 8226a06c li r5,-0x1 (GhidraScript)  
INFO  DumpRange.java> 8226a070 lfs f1,0x1354(r28) (GhidraScript)  
INFO  DumpRange.java> 8226a074 subi r7,r11,0x4cc0 (GhidraScript)  
INFO  DumpRange.java> 8226a078 lis r11,-0x7d8a (GhidraScript)  
INFO  DumpRange.java> 8226a07c addi r6,r11,0x5b78 (GhidraScript)  
INFO  DumpRange.java> 8226a080 lis r11,-0x7dc0 (GhidraScript)  
INFO  DumpRange.java> 8226a084 subi r3,r11,0x4ca0 (GhidraScript)  
INFO  DumpRange.java> 8226a088 bl 0x822aaeb8 (GhidraScript)  
INFO  DumpRange.java> 8226a08c li r4,0x0 (GhidraScript)  
INFO  DumpRange.java> 8226a090 or r3,r31,r31 (GhidraScript)  
INFO  DumpRange.java> 8226a094 bl 0x82269b40 (GhidraScript)  
INFO  DumpRange.java> 8226a098 lis r11,0x2 (GhidraScript)  
INFO  DumpRange.java> 8226a09c lwz r10,0x2b4(r31) (GhidraScript)  
INFO  DumpRange.java> 8226a0a0 or r3,r31,r31 (GhidraScript)  
INFO  DumpRange.java> 8226a0a4 ori r28,r11,0xd7cc (GhidraScript)  
INFO  DumpRange.java> 8226a0a8 lwz r11,0x4eb4(r30) (GhidraScript)  
INFO  DumpRange.java> 8226a0ac stwx r10,r11,r28 (GhidraScript)  
INFO  DumpRange.java> 8226a0b0 lis r10,0x3 (GhidraScript)  
INFO  DumpRange.java> 8226a0b4 lwz r11,0x4eb4(r30) (GhidraScript)  
INFO  DumpRange.java> 8226a0b8 ori r27,r10,0x6054 (GhidraScript)  
INFO  DumpRange.java> 8226a0bc lwzx r11,r11,r29 (GhidraScript)  
INFO  DumpRange.java> 8226a0c0 lwz r11,0x68(r11) (GhidraScript)  
INFO  DumpRange.java> 8226a0c4 rlwinm r11,r11,0x0,0x1f,0x1f (GhidraScript)  
INFO  DumpRange.java> 8226a0c8 cmplwi cr6,r11,0x0 (GhidraScript)  
INFO  DumpRange.java> 8226a0cc beq cr6,0x8226a178 (GhidraScript)  
INFO  DumpRange.java> 8226a0d0 li r4,0x0 (GhidraScript)  
INFO  DumpRange.java> 8226a0d4 bl 0x82269cc8 (GhidraScript)  
INFO  DumpRange.java> 8226a0d8 or r3,r31,r31 (GhidraScript)  
INFO  DumpRange.java> 8226a0dc bl 0x82267bf0 (GhidraScript)  
INFO  DumpRange.java> 8226a0e0 rlwinm r11,r3,0x0,0x18,0x1f (GhidraScript)  
INFO  DumpRange.java> 8226a0e4 cmplwi cr6,r11,0x0 (GhidraScript)  
INFO  DumpRange.java> 8226a0e8 beq cr6,0x8226a140 (GhidraScript)  
INFO  DumpRange.java> 8226a0ec lwz r11,0x4eb4(r30) (GhidraScript)  
INFO  DumpRange.java> 8226a0f0 li r4,0x1 (GhidraScript)  
INFO  DumpRange.java> 8226a0f4 lwzx r3,r11,r27 (GhidraScript)  
INFO  DumpRange.java> 8226a0f8 lwz r11,0x0(r3) (GhidraScript)  
INFO  DumpRange.java> 8226a0fc lwz r11,0x4c(r11) (GhidraScript)  
INFO  DumpRange.java> 8226a100 mtspr CTR,r11 (GhidraScript)  
INFO  DumpRange.java> 8226a104 bctrl (GhidraScript)  
INFO  DumpRange.java> 8226a108 lwz r10,0x274(r31) (GhidraScript)  
INFO  DumpRange.java> 8226a10c cmplwi cr6,r10,0x0 (GhidraScript)  
INFO  DumpRange.java> 8226a110 beq cr6,0x8226a170 (GhidraScript)  
INFO  DumpRange.java> 8226a114 lbz r11,0xa6(r10) (GhidraScript)  
INFO  DumpRange.java> 8226a118 cmplwi cr6,r11,0x2 (GhidraScript)  
INFO  DumpRange.java> 8226a11c beq cr6,0x8226a170 (GhidraScript)  
INFO  DumpRange.java> 8226a120 or r3,r31,r31 (GhidraScript)  
INFO  DumpRange.java> 8226a124 lfs f4,0x3c(r10) (GhidraScript)  
INFO  DumpRange.java> 8226a128 lfs f3,0x34(r10) (GhidraScript)  
INFO  DumpRange.java> 8226a12c lfs f2,0x30(r10) (GhidraScript)  
INFO  DumpRange.java> 8226a130 lfs f1,0x28(r10) (GhidraScript)  
INFO  DumpRange.java> 8226a134 bl 0x82268b28 (GhidraScript)  
INFO  DumpRange.java> 8226a138 stw r10,0x26c(r31) (GhidraScript)  
INFO  DumpRange.java> 8226a13c b 0x8226a180 (GhidraScript)  
INFO  DumpRange.java> 8226a140 lwz r10,0x270(r31) (GhidraScript)  
INFO  DumpRange.java> 8226a144 cmplwi cr6,r10,0x0 (GhidraScript)  
INFO  DumpRange.java> 8226a148 beq cr6,0x8226a170 (GhidraScript)  
INFO  DumpRange.java> 8226a14c lbz r11,0xa6(r10) (GhidraScript)  
INFO  REPORT: Save succeeded for processed file: /default.xex (HeadlessAnalyzer)  
