openjdk version "21.0.11" 2026-04-21
OpenJDK Runtime Environment (build 21.0.11+10-1-26.04.2-Ubuntu)
OpenJDK 64-Bit Server VM (build 21.0.11+10-1-26.04.2-Ubuntu, mixed mode)
INFO  Using log config file: jar:file:/fastdata/lavaulta/auto-re-agent/.tools/ghidra_12.1.2_PUBLIC/Ghidra/Framework/Generic/lib/Generic.jar!/generic.log4j.xml (LoggingInitialization)  
INFO  Using log file: /home/lavaulta/.config/ghidra/ghidra_12.1.2_PUBLIC/application.log (LoggingInitialization)  
INFO  Loading user preferences: /home/lavaulta/.config/ghidra/ghidra_12.1.2_PUBLIC/preferences (Preferences)  
INFO  Searching for classes... (ClassSearcher)  
INFO  Ignoring class 'xexloaderwv.XEXLoaderWVLoader' from '/fastdata/lavaulta/auto-re-agent/.tools/ghidra_12.1.2_PUBLIC/Ghidra/Extensions/XEXLoaderWV/lib/XEXLoaderWV.jar'. Already found at '/fastdata/lavaulta/auto-re-agent/.tools/ghidra_12.1.2_PUBLIC/Ghidra/patch/XEXLoaderWV-java21.jar'. (ClassSearcher)  
INFO  Class search complete (1472 ms) (ClassSearcher)  
INFO  Initializing SSL Context (DefaultSSLContextInitializer)  
INFO  Initializing Random Number Generator... (SecureRandomFactory)  
INFO  Random Number Generator initialization complete: NativePRNGNonBlocking (SecureRandomFactory)  
INFO  Trust manager disabled, cacerts have not been set (DefaultTrustManagerFactory)  
INFO  Headless startup complete (3032 ms) (AnalyzeHeadless)  
INFO  Class searcher loaded 59 extension points (20 false positives) (ClassSearcher)  
INFO  HEADLESS Script Paths:
    /fastdata/lavaulta/auto-re-agent/.tools/ghidra_12.1.2_PUBLIC/Ghidra/Features/MicrosoftCodeAnalyzer/ghidra_scripts
    /fastdata/lavaulta/auto-re-agent/.tools/ghidra_12.1.2_PUBLIC/Ghidra/Features/PDB/ghidra_scripts
    /fastdata/lavaulta/auto-re-agent/.tools/ghidra_12.1.2_PUBLIC/Ghidra/Processors/8051/ghidra_scripts
    /fastdata/lavaulta/auto-re-agent/.tools/ghidra_12.1.2_PUBLIC/Ghidra/Features/Base/ghidra_scripts
    /fastdata/lavaulta/auto-re-agent/workspaces/ace-combat-6/scripts
    /fastdata/lavaulta/auto-re-agent/.tools/ghidra_12.1.2_PUBLIC/Ghidra/Features/FileFormats/ghidra_scripts
    /fastdata/lavaulta/auto-re-agent/.tools/ghidra_12.1.2_PUBLIC/Ghidra/Features/GnuDemangler/ghidra_scripts
    /fastdata/lavaulta/auto-re-agent/.tools/ghidra_12.1.2_PUBLIC/Ghidra/Extensions/ghidra-emotionengine-reloaded/ghidra_scripts
    /fastdata/lavaulta/auto-re-agent/.tools/ghidra_12.1.2_PUBLIC/Ghidra/Features/Decompiler/ghidra_scripts
    /fastdata/lavaulta/auto-re-agent/.tools/ghidra_12.1.2_PUBLIC/Ghidra/Features/FunctionID/ghidra_scripts
    /fastdata/lavaulta/auto-re-agent/.tools/ghidra_12.1.2_PUBLIC/Ghidra/Features/DecompilerDependent/ghidra_scripts
    /fastdata/lavaulta/auto-re-agent/.tools/ghidra_12.1.2_PUBLIC/Ghidra/Processors/DATA/ghidra_scripts
    /fastdata/lavaulta/auto-re-agent/.tools/ghidra_12.1.2_PUBLIC/Ghidra/Debug/Debugger-rmi-trace/ghidra_scripts
    /fastdata/lavaulta/auto-re-agent/.tools/ghidra_12.1.2_PUBLIC/Ghidra/Features/SwiftDemangler/ghidra_scripts
    /fastdata/lavaulta/auto-re-agent/.tools/ghidra_12.1.2_PUBLIC/Ghidra/Debug/Debugger/ghidra_scripts
    /fastdata/lavaulta/auto-re-agent/.tools/ghidra_12.1.2_PUBLIC/Ghidra/Processors/PIC/ghidra_scripts
    /fastdata/lavaulta/auto-re-agent/.tools/ghidra_12.1.2_PUBLIC/Ghidra/Extensions/XEXLoaderWV/ghidra_scripts
    /fastdata/lavaulta/auto-re-agent/.tools/ghidra_12.1.2_PUBLIC/Ghidra/Features/WildcardAssembler/ghidra_scripts
    /fastdata/lavaulta/auto-re-agent/.tools/ghidra_12.1.2_PUBLIC/Ghidra/Features/PyGhidra/ghidra_scripts
    /fastdata/lavaulta/auto-re-agent/.tools/ghidra_12.1.2_PUBLIC/Ghidra/Features/BSim/ghidra_scripts
    /fastdata/lavaulta/auto-re-agent/.tools/ghidra_12.1.2_PUBLIC/Ghidra/Features/VersionTracking/ghidra_scripts
    /fastdata/lavaulta/auto-re-agent/.tools/ghidra_12.1.2_PUBLIC/Ghidra/Features/BytePatterns/ghidra_scripts
    /fastdata/lavaulta/auto-re-agent/.tools/ghidra_12.1.2_PUBLIC/Ghidra/Processors/Atmel/ghidra_scripts
    /fastdata/lavaulta/auto-re-agent/.tools/ghidra_12.1.2_PUBLIC/Ghidra/Features/SystemEmulation/ghidra_scripts
    /fastdata/lavaulta/auto-re-agent/.tools/ghidra_12.1.2_PUBLIC/Ghidra/Processors/JVM/ghidra_scripts (HeadlessAnalyzer)  
INFO  HEADLESS: execution starts (HeadlessAnalyzer)  
INFO  Opening existing project: /fastdata/lavaulta/auto-re-agent/workspaces/ace-combat-6/ghidra-projects/ace-combat-6 (HeadlessAnalyzer)  
INFO  Opening project: /fastdata/lavaulta/auto-re-agent/workspaces/ace-combat-6/ghidra-projects/ace-combat-6 (HeadlessProject)  
INFO  REPORT: Processing project file: /default.xex (HeadlessAnalyzer)  
INFO  REPORT: Execute script: DumpRange.java '0x8226a700' '0x8226ab80'  (HeadlessAnalyzer)  
INFO  SCRIPT: /fastdata/lavaulta/auto-re-agent/workspaces/ace-combat-6/scripts/DumpRange.java (HeadlessAnalyzer)  
INFO  DumpRange.java> 8226a700 stw r30,0x2c0(r31) (GhidraScript)  
INFO  DumpRange.java> 8226a704 stw r30,0x2c4(r31) (GhidraScript)  
INFO  DumpRange.java> 8226a708 stw r30,0x2c8(r31) (GhidraScript)  
INFO  DumpRange.java> 8226a70c bl 0x82281148 (GhidraScript)  
INFO  DumpRange.java> 8226a710 addi r3,r31,0x2d8 (GhidraScript)  
INFO  DumpRange.java> 8226a714 bl 0x82281148 (GhidraScript)  
INFO  DumpRange.java> 8226a718 addi r3,r31,0x2e4 (GhidraScript)  
INFO  DumpRange.java> 8226a71c bl 0x8226f828 (GhidraScript)  
INFO  DumpRange.java> 8226a720 lis r11,-0x7dfb (GhidraScript)  
INFO  DumpRange.java> 8226a724 addi r3,r31,0x300 (GhidraScript)  
INFO  DumpRange.java> 8226a728 stw r30,0x2f4(r31) (GhidraScript)  
INFO  DumpRange.java> 8226a72c addi r11,r11,0x6a14 (GhidraScript)  
INFO  DumpRange.java> 8226a730 stb r30,0x2fc(r31) (GhidraScript)  
INFO  DumpRange.java> 8226a734 stw r11,0x2f8(r31) (GhidraScript)  
INFO  DumpRange.java> 8226a738 bl 0x822657f0 (GhidraScript)  
INFO  DumpRange.java> 8226a73c addi r9,r31,0x220 (GhidraScript)  
INFO  DumpRange.java> 8226a740 li r10,0xf (GhidraScript)  
INFO  DumpRange.java> 8226a744 or r11,r9,r9 (GhidraScript)  
INFO  DumpRange.java> 8226a748 subi r10,r10,0x1 (GhidraScript)  
INFO  DumpRange.java> 8226a74c stw r30,-0x3c(r11) (GhidraScript)  
INFO  DumpRange.java> 8226a750 stw r30,0x0(r11) (GhidraScript)  
INFO  DumpRange.java> 8226a754 addi r11,r11,0x4 (GhidraScript)  
INFO  DumpRange.java> 8226a758 cmplwi cr6,r10,0x0 (GhidraScript)  
INFO  DumpRange.java> 8226a75c bne cr6,0x8226a748 (GhidraScript)  
INFO  DumpRange.java> 8226a760 lis r11,0x1 (GhidraScript)  
INFO  DumpRange.java> 8226a764 stw r30,0x0(r9) (GhidraScript)  
INFO  DumpRange.java> 8226a768 stw r30,0x1e4(r31) (GhidraScript)  
INFO  DumpRange.java> 8226a76c or r3,r31,r31 (GhidraScript)  
INFO  DumpRange.java> 8226a770 ori r10,r11,0xf7ff (GhidraScript)  
INFO  DumpRange.java> 8226a774 stw r30,0x1e8(r31) (GhidraScript)  
INFO  DumpRange.java> 8226a778 lis r11,0x1 (GhidraScript)  
INFO  DumpRange.java> 8226a77c stw r30,0x21c(r31) (GhidraScript)  
INFO  DumpRange.java> 8226a780 stw r30,0x224(r31) (GhidraScript)  
INFO  DumpRange.java> 8226a784 ori r8,r11,0x519e (GhidraScript)  
INFO  DumpRange.java> 8226a788 stw r30,0x258(r31) (GhidraScript)  
INFO  DumpRange.java> 8226a78c lis r11,0x1 (GhidraScript)  
INFO  DumpRange.java> 8226a790 stw r10,0x1ec(r31) (GhidraScript)  
INFO  DumpRange.java> 8226a794 ori r7,r11,0x4890 (GhidraScript)  
INFO  DumpRange.java> 8226a798 lis r11,0x1 (GhidraScript)  
INFO  DumpRange.java> 8226a79c stw r8,0x1f0(r31) (GhidraScript)  
INFO  DumpRange.java> 8226a7a0 li r8,0x880 (GhidraScript)  
INFO  DumpRange.java> 8226a7a4 ori r6,r11,0x40dd (GhidraScript)  
INFO  DumpRange.java> 8226a7a8 lis r11,0x1 (GhidraScript)  
INFO  DumpRange.java> 8226a7ac stw r7,0x1f4(r31) (GhidraScript)  
INFO  DumpRange.java> 8226a7b0 lis r7,0x1 (GhidraScript)  
INFO  DumpRange.java> 8226a7b4 ori r11,r11,0x41dd (GhidraScript)  
INFO  DumpRange.java> 8226a7b8 stw r8,0x208(r31) (GhidraScript)  
INFO  DumpRange.java> 8226a7bc or r5,r11,r11 (GhidraScript)  
INFO  DumpRange.java> 8226a7c0 stw r6,0x1f8(r31) (GhidraScript)  
INFO  DumpRange.java> 8226a7c4 or r4,r11,r11 (GhidraScript)  
INFO  DumpRange.java> 8226a7c8 lis r11,0x0 (GhidraScript)  
INFO  DumpRange.java> 8226a7cc stw r7,0x218(r31) (GhidraScript)  
INFO  DumpRange.java> 8226a7d0 ori r10,r11,0xc09e (GhidraScript)  
INFO  DumpRange.java> 8226a7d4 li r11,0x800 (GhidraScript)  
INFO  DumpRange.java> 8226a7d8 stw r5,0x1fc(r31) (GhidraScript)  
INFO  DumpRange.java> 8226a7dc stw r4,0x200(r31) (GhidraScript)  
INFO  DumpRange.java> 8226a7e0 stw r10,0x204(r31) (GhidraScript)  
INFO  DumpRange.java> 8226a7e4 lis r10,0x4000 (GhidraScript)  
INFO  DumpRange.java> 8226a7e8 stw r11,0x20c(r31) (GhidraScript)  
INFO  DumpRange.java> 8226a7ec stw r11,0x210(r31) (GhidraScript)  
INFO  DumpRange.java> 8226a7f0 ori r8,r10,0x7f (GhidraScript)  
INFO  DumpRange.java> 8226a7f4 stw r11,0x214(r31) (GhidraScript)  
INFO  DumpRange.java> 8226a7f8 lis r11,0x4000 (GhidraScript)  
INFO  DumpRange.java> 8226a7fc ori r10,r11,0x1f (GhidraScript)  
INFO  DumpRange.java> 8226a800 lis r11,0x4000 (GhidraScript)  
INFO  DumpRange.java> 8226a804 stw r8,0x228(r31) (GhidraScript)  
INFO  DumpRange.java> 8226a808 or r8,r10,r10 (GhidraScript)  
INFO  DumpRange.java> 8226a80c ori r7,r11,0x9b (GhidraScript)  
INFO  DumpRange.java> 8226a810 lis r11,0x4000 (GhidraScript)  
INFO  DumpRange.java> 8226a814 stw r10,0x22c(r31) (GhidraScript)  
INFO  DumpRange.java> 8226a818 lis r10,0x4000 (GhidraScript)  
INFO  DumpRange.java> 8226a81c ori r11,r11,0x3b (GhidraScript)  
INFO  DumpRange.java> 8226a820 ori r10,r10,0xdf (GhidraScript)  
INFO  DumpRange.java> 8226a824 stw r8,0x240(r31) (GhidraScript)  
INFO  DumpRange.java> 8226a828 or r9,r11,r11 (GhidraScript)  
INFO  DumpRange.java> 8226a82c stw r7,0x230(r31) (GhidraScript)  
INFO  DumpRange.java> 8226a830 or r6,r11,r11 (GhidraScript)  
INFO  DumpRange.java> 8226a834 lis r7,0x4000 (GhidraScript)  
INFO  DumpRange.java> 8226a838 stw r11,0x234(r31) (GhidraScript)  
INFO  DumpRange.java> 8226a83c lis r11,0x4000 (GhidraScript)  
INFO  DumpRange.java> 8226a840 ori r7,r7,0x8f (GhidraScript)  
INFO  DumpRange.java> 8226a844 stw r10,0x244(r31) (GhidraScript)  
INFO  DumpRange.java> 8226a848 ori r11,r11,0x80 (GhidraScript)  
INFO  DumpRange.java> 8226a84c stw r9,0x238(r31) (GhidraScript)  
INFO  DumpRange.java> 8226a850 stw r6,0x23c(r31) (GhidraScript)  
INFO  DumpRange.java> 8226a854 stw r10,0x250(r31) (GhidraScript)  
INFO  DumpRange.java> 8226a858 stw r7,0x248(r31) (GhidraScript)  
INFO  DumpRange.java> 8226a85c stw r11,0x24c(r31) (GhidraScript)  
INFO  DumpRange.java> 8226a860 stw r11,0x254(r31) (GhidraScript)  
INFO  DumpRange.java> 8226a864 addi r1,r1,0x80 (GhidraScript)  
INFO  DumpRange.java> 8226a868 b 0x82382f48 (GhidraScript)  
INFO  DumpRange.java> 8226a86c <not-disassembled> (GhidraScript)  
INFO  DumpRange.java> 8226a870 mfspr r12,LR (GhidraScript)  
INFO  DumpRange.java> 8226a874 bl 0x82382efc (GhidraScript)  
INFO  DumpRange.java> 8226a878 stwu r1,-0x70(r1) (GhidraScript)  
INFO  DumpRange.java> 8226a87c or r29,r3,r3 (GhidraScript)  
INFO  DumpRange.java> 8226a880 lwz r11,0x0(r29) (GhidraScript)  
INFO  DumpRange.java> 8226a884 lwz r11,0x48(r11) (GhidraScript)  
INFO  DumpRange.java> 8226a888 mtspr CTR,r11 (GhidraScript)  
INFO  DumpRange.java> 8226a88c bctrl (GhidraScript)  
INFO  DumpRange.java> 8226a890 rlwinm r11,r3,0x0,0x18,0x1f (GhidraScript)  
INFO  DumpRange.java> 8226a894 cmplwi cr6,r11,0x0 (GhidraScript)  
INFO  DumpRange.java> 8226a898 beq cr6,0x8226a8b0 (GhidraScript)  
INFO  DumpRange.java> 8226a89c lwz r11,0x0(r29) (GhidraScript)  
INFO  DumpRange.java> 8226a8a0 or r3,r29,r29 (GhidraScript)  
INFO  DumpRange.java> 8226a8a4 lwz r11,0x44(r11) (GhidraScript)  
INFO  DumpRange.java> 8226a8a8 mtspr CTR,r11 (GhidraScript)  
INFO  DumpRange.java> 8226a8ac bctrl (GhidraScript)  
INFO  DumpRange.java> 8226a8b0 lis r31,-0x7d92 (GhidraScript)  
INFO  DumpRange.java> 8226a8b4 lis r11,0x3 (GhidraScript)  
INFO  DumpRange.java> 8226a8b8 li r4,0x0 (GhidraScript)  
INFO  DumpRange.java> 8226a8bc ori r30,r11,0x6240 (GhidraScript)  
INFO  DumpRange.java> 8226a8c0 lwz r11,0x4eb4(r31) (GhidraScript)  
INFO  DumpRange.java> 8226a8c4 lwzx r3,r11,r30 (GhidraScript)  
INFO  DumpRange.java> 8226a8c8 bl 0x8224f710 (GhidraScript)  
INFO  DumpRange.java> 8226a8cc li r5,0x1 (GhidraScript)  
INFO  DumpRange.java> 8226a8d0 li r4,0x1 (GhidraScript)  
INFO  DumpRange.java> 8226a8d4 or r3,r29,r29 (GhidraScript)  
INFO  DumpRange.java> 8226a8d8 bl 0x82269ee8 (GhidraScript)  
INFO  DumpRange.java> 8226a8dc lis r11,-0x7dc0 (GhidraScript)  
INFO  DumpRange.java> 8226a8e0 lwz r3,-0x64d8(r11) (GhidraScript)  
INFO  DumpRange.java> 8226a8e4 lwz r11,0x0(r3) (GhidraScript)  
INFO  DumpRange.java> 8226a8e8 lwz r11,0x10(r11) (GhidraScript)  
INFO  DumpRange.java> 8226a8ec mtspr CTR,r11 (GhidraScript)  
INFO  DumpRange.java> 8226a8f0 bctrl (GhidraScript)  
INFO  DumpRange.java> 8226a8f4 lis r11,0x2 (GhidraScript)  
INFO  DumpRange.java> 8226a8f8 lis r8,0x2 (GhidraScript)  
INFO  DumpRange.java> 8226a8fc ori r10,r11,0x9c80 (GhidraScript)  
INFO  DumpRange.java> 8226a900 lwz r11,0x4eb4(r31) (GhidraScript)  
INFO  DumpRange.java> 8226a904 ori r8,r8,0x9fc8 (GhidraScript)  
INFO  DumpRange.java> 8226a908 addis r9,r11,0x3 (GhidraScript)  
INFO  DumpRange.java> 8226a90c lis r7,0x2 (GhidraScript)  
INFO  DumpRange.java> 8226a910 subi r9,r9,0x637c (GhidraScript)  
INFO  DumpRange.java> 8226a914 ori r7,r7,0xd3b4 (GhidraScript)  
INFO  DumpRange.java> 8226a918 lis r6,0x3 (GhidraScript)  
INFO  DumpRange.java> 8226a91c lis r5,0x3 (GhidraScript)  
INFO  DumpRange.java> 8226a920 ori r6,r6,0x6084 (GhidraScript)  
INFO  DumpRange.java> 8226a924 stwx r9,r11,r10 (GhidraScript)  
INFO  DumpRange.java> 8226a928 lis r9,0x3 (GhidraScript)  
INFO  DumpRange.java> 8226a92c lwz r11,0x4eb4(r31) (GhidraScript)  
INFO  DumpRange.java> 8226a930 ori r5,r5,0x60a8 (GhidraScript)  
INFO  DumpRange.java> 8226a934 ori r9,r9,0x6078 (GhidraScript)  
INFO  DumpRange.java> 8226a938 addis r10,r11,0x3 (GhidraScript)  
INFO  DumpRange.java> 8226a93c subi r10,r10,0x6034 (GhidraScript)  
INFO  DumpRange.java> 8226a940 stwx r10,r11,r8 (GhidraScript)  
INFO  DumpRange.java> 8226a944 lis r8,0x2 (GhidraScript)  
INFO  DumpRange.java> 8226a948 lwz r11,0x4eb4(r31) (GhidraScript)  
INFO  DumpRange.java> 8226a94c ori r8,r8,0xf9a0 (GhidraScript)  
INFO  DumpRange.java> 8226a950 addis r10,r11,0x3 (GhidraScript)  
INFO  DumpRange.java> 8226a954 subi r10,r10,0x2c48 (GhidraScript)  
INFO  DumpRange.java> 8226a958 stwx r10,r11,r7 (GhidraScript)  
INFO  DumpRange.java> 8226a95c lis r7,0x3 (GhidraScript)  
INFO  DumpRange.java> 8226a960 lwz r11,0x4eb4(r31) (GhidraScript)  
INFO  DumpRange.java> 8226a964 ori r7,r7,0x62a8 (GhidraScript)  
INFO  DumpRange.java> 8226a968 addis r10,r11,0x3 (GhidraScript)  
INFO  DumpRange.java> 8226a96c addi r10,r10,0x6058 (GhidraScript)  
INFO  DumpRange.java> 8226a970 stwx r10,r11,r9 (GhidraScript)  
INFO  DumpRange.java> 8226a974 lwz r11,0x4eb4(r31) (GhidraScript)  
INFO  DumpRange.java> 8226a978 addis r10,r11,0x3 (GhidraScript)  
INFO  DumpRange.java> 8226a97c addi r10,r10,0x607c (GhidraScript)  
INFO  DumpRange.java> 8226a980 stwx r10,r11,r6 (GhidraScript)  
INFO  DumpRange.java> 8226a984 lwz r11,0x4eb4(r31) (GhidraScript)  
INFO  DumpRange.java> 8226a988 addis r10,r11,0x3 (GhidraScript)  
INFO  DumpRange.java> 8226a98c subi r10,r10,0x650 (GhidraScript)  
INFO  DumpRange.java> 8226a990 stwx r10,r11,r8 (GhidraScript)  
INFO  DumpRange.java> 8226a994 lwz r11,0x4eb4(r31) (GhidraScript)  
INFO  DumpRange.java> 8226a998 addis r10,r11,0x3 (GhidraScript)  
INFO  DumpRange.java> 8226a99c addi r10,r10,0x6088 (GhidraScript)  
INFO  DumpRange.java> 8226a9a0 stwx r10,r11,r5 (GhidraScript)  
INFO  DumpRange.java> 8226a9a4 lwz r11,0x4eb4(r31) (GhidraScript)  
INFO  DumpRange.java> 8226a9a8 addis r10,r11,0x3 (GhidraScript)  
INFO  DumpRange.java> 8226a9ac addi r10,r10,0x60b0 (GhidraScript)  
INFO  DumpRange.java> 8226a9b0 stwx r10,r11,r30 (GhidraScript)  
INFO  DumpRange.java> 8226a9b4 lwz r11,0x4eb4(r31) (GhidraScript)  
INFO  DumpRange.java> 8226a9b8 addis r10,r11,0x3 (GhidraScript)  
INFO  DumpRange.java> 8226a9bc addi r10,r10,0x62ac (GhidraScript)  
INFO  DumpRange.java> 8226a9c0 stwx r10,r11,r7 (GhidraScript)  
INFO  DumpRange.java> 8226a9c4 addi r1,r1,0x70 (GhidraScript)  
INFO  DumpRange.java> 8226a9c8 b 0x82382f4c (GhidraScript)  
INFO  DumpRange.java> 8226a9cc <not-disassembled> (GhidraScript)  
INFO  DumpRange.java> 8226a9d0 mfspr r12,LR (GhidraScript)  
INFO  DumpRange.java> 8226a9d4 stw r12,-0x8(r1) (GhidraScript)  
INFO  DumpRange.java> 8226a9d8 std r30,-0x18(r1) (GhidraScript)  
INFO  DumpRange.java> 8226a9dc std r31,-0x10(r1) (GhidraScript)  
INFO  DumpRange.java> 8226a9e0 stwu r1,-0x80(r1) (GhidraScript)  
INFO  DumpRange.java> 8226a9e4 or r31,r4,r4 (GhidraScript)  
INFO  DumpRange.java> 8226a9e8 or r30,r5,r5 (GhidraScript)  
INFO  DumpRange.java> 8226a9ec cmplwi cr6,r31,0x0 (GhidraScript)  
INFO  DumpRange.java> 8226a9f0 beq cr6,0x8226aae0 (GhidraScript)  
INFO  DumpRange.java> 8226a9f4 cmplwi cr6,r30,0x0 (GhidraScript)  
INFO  DumpRange.java> 8226a9f8 beq cr6,0x8226aae0 (GhidraScript)  
INFO  DumpRange.java> 8226a9fc or r3,r30,r30 (GhidraScript)  
INFO  DumpRange.java> 8226aa00 bl 0x82093808 (GhidraScript)  
INFO  DumpRange.java> 8226aa04 addi r4,r1,0x58 (GhidraScript)  
INFO  DumpRange.java> 8226aa08 addi r3,r1,0x50 (GhidraScript)  
INFO  DumpRange.java> 8226aa0c bl 0x8209cb70 (GhidraScript)  
INFO  DumpRange.java> 8226aa10 lis r11,-0x7e00 (GhidraScript)  
INFO  DumpRange.java> 8226aa14 addi r10,r1,0x54 (GhidraScript)  
INFO  DumpRange.java> 8226aa18 <not-disassembled> (GhidraScript)  
INFO  DumpRange.java> 8226aa1c addi r9,r1,0x58 (GhidraScript)  
INFO  DumpRange.java> 8226aa20 addi r8,r1,0x5c (GhidraScript)  
INFO  DumpRange.java> 8226aa24 addi r7,r1,0x50 (GhidraScript)  
INFO  DumpRange.java> 8226aa28 lfs f0,0x82c(r11) (GhidraScript)  
INFO  DumpRange.java> 8226aa2c lis r11,-0x7dfb (GhidraScript)  
INFO  DumpRange.java> 8226aa30 stfs f0,0x54(r1) (GhidraScript)  
INFO  DumpRange.java> 8226aa34 lfs f0,0x50(r1) (GhidraScript)  
INFO  DumpRange.java> 8226aa38 subi r11,r11,0x800 (GhidraScript)  
INFO  DumpRange.java> 8226aa3c fneg f0,f0 (GhidraScript)  
INFO  DumpRange.java> 8226aa40 stfs f0,0x5c(r1) (GhidraScript)  
INFO  DumpRange.java> 8226aa44 <not-disassembled> (GhidraScript)  
INFO  DumpRange.java> 8226aa48 <not-disassembled> (GhidraScript)  
INFO  DumpRange.java> 8226aa4c <not-disassembled> (GhidraScript)  
INFO  DumpRange.java> 8226aa50 <not-disassembled> (GhidraScript)  
INFO  DumpRange.java> 8226aa54 <not-disassembled> (GhidraScript)  
INFO  DumpRange.java> 8226aa58 lis r11,-0x7dfb (GhidraScript)  
INFO  DumpRange.java> 8226aa5c <not-disassembled> (GhidraScript)  
INFO  DumpRange.java> 8226aa60 <not-disassembled> (GhidraScript)  
INFO  DumpRange.java> 8226aa64 subi r11,r11,0x7e0 (GhidraScript)  
INFO  DumpRange.java> 8226aa68 <not-disassembled> (GhidraScript)  
INFO  DumpRange.java> 8226aa6c <not-disassembled> (GhidraScript)  
INFO  DumpRange.java> 8226aa70 vmrghw v10,v13,v12 (GhidraScript)  
INFO  DumpRange.java> 8226aa74 vmrglw v9,v13,v12 (GhidraScript)  
INFO  DumpRange.java> 8226aa78 <not-disassembled> (GhidraScript)  
INFO  DumpRange.java> 8226aa7c <not-disassembled> (GhidraScript)  
INFO  DumpRange.java> 8226aa80 vmrghw v11,v13,v12 (GhidraScript)  
INFO  DumpRange.java> 8226aa84 vmrglw v13,v13,v12 (GhidraScript)  
INFO  DumpRange.java> 8226aa88 vmrghw v12,v11,v10 (GhidraScript)  
INFO  DumpRange.java> 8226aa8c vmrglw v11,v11,v10 (GhidraScript)  
INFO  DumpRange.java> 8226aa90 vmrghw v10,v13,v9 (GhidraScript)  
INFO  DumpRange.java> 8226aa94 <not-disassembled> (GhidraScript)  
INFO  DumpRange.java> 8226aa98 <not-disassembled> (GhidraScript)  
INFO  DumpRange.java> 8226aa9c <not-disassembled> (GhidraScript)  
INFO  DumpRange.java> 8226aaa0 vmrghw v0,v13,v0 (GhidraScript)  
INFO  DumpRange.java> 8226aaa4 vmrghw v13,v12,v13 (GhidraScript)  
INFO  DumpRange.java> 8226aaa8 vmrghw v0,v0,v13 (GhidraScript)  
INFO  DumpRange.java> 8226aaac <not-disassembled> (GhidraScript)  
INFO  DumpRange.java> 8226aab0 lfs f0,0x40(r30) (GhidraScript)  
INFO  DumpRange.java> 8226aab4 lfs f13,0x0(r31) (GhidraScript)  
INFO  DumpRange.java> 8226aab8 fadds f0,f0,f13 (GhidraScript)  
INFO  DumpRange.java> 8226aabc stfs f0,0x0(r31) (GhidraScript)  
INFO  DumpRange.java> 8226aac0 lfs f0,0x44(r30) (GhidraScript)  
INFO  DumpRange.java> 8226aac4 lfs f13,0x4(r31) (GhidraScript)  
INFO  DumpRange.java> 8226aac8 fadds f0,f0,f13 (GhidraScript)  
INFO  DumpRange.java> 8226aacc stfs f0,0x4(r31) (GhidraScript)  
INFO  DumpRange.java> 8226aad0 lfs f0,0x48(r30) (GhidraScript)  
INFO  DumpRange.java> 8226aad4 lfs f13,0x8(r31) (GhidraScript)  
INFO  DumpRange.java> 8226aad8 fadds f0,f0,f13 (GhidraScript)  
INFO  DumpRange.java> 8226aadc stfs f0,0x8(r31) (GhidraScript)  
INFO  DumpRange.java> 8226aae0 addi r1,r1,0x80 (GhidraScript)  
INFO  DumpRange.java> 8226aae4 lwz r12,-0x8(r1) (GhidraScript)  
INFO  DumpRange.java> 8226aae8 mtspr LR,r12 (GhidraScript)  
INFO  DumpRange.java> 8226aaec ld r30,-0x18(r1) (GhidraScript)  
INFO  DumpRange.java> 8226aaf0 ld r31,-0x10(r1) (GhidraScript)  
INFO  DumpRange.java> 8226aaf4 blr (GhidraScript)  
INFO  DumpRange.java> 8226aaf8 mfspr r12,LR (GhidraScript)  
INFO  DumpRange.java> 8226aafc bl 0x82382edc (GhidraScript)  
INFO  DumpRange.java> 8226ab00 subi r12,r1,0x60 (GhidraScript)  
INFO  DumpRange.java> 8226ab04 bl 0x82384448 (GhidraScript)  
INFO  DumpRange.java> 8226ab08 stwu r1,-0xe0(r1) (GhidraScript)  
INFO  DumpRange.java> 8226ab0c or r30,r4,r4 (GhidraScript)  
INFO  DumpRange.java> 8226ab10 or r23,r3,r3 (GhidraScript)  
INFO  DumpRange.java> 8226ab14 or r24,r5,r5 (GhidraScript)  
INFO  DumpRange.java> 8226ab18 or r21,r6,r6 (GhidraScript)  
INFO  DumpRange.java> 8226ab1c cmplwi cr6,r30,0x0 (GhidraScript)  
INFO  DumpRange.java> 8226ab20 beq cr6,0x8226acdc (GhidraScript)  
INFO  DumpRange.java> 8226ab24 cmplwi cr6,r24,0x0 (GhidraScript)  
INFO  DumpRange.java> 8226ab28 beq cr6,0x8226acdc (GhidraScript)  
INFO  DumpRange.java> 8226ab2c lwz r11,0x15c(r24) (GhidraScript)  
INFO  DumpRange.java> 8226ab30 cmplwi cr6,r11,0x0 (GhidraScript)  
INFO  DumpRange.java> 8226ab34 beq cr6,0x8226acdc (GhidraScript)  
INFO  DumpRange.java> 8226ab38 li r10,0x1 (GhidraScript)  
INFO  DumpRange.java> 8226ab3c stb r10,0x10d(r11) (GhidraScript)  
INFO  DumpRange.java> 8226ab40 lwz r11,0x90(r11) (GhidraScript)  
INFO  DumpRange.java> 8226ab44 lwz r29,0x1c(r11) (GhidraScript)  
INFO  DumpRange.java> 8226ab48 cmplwi cr6,r29,0x0 (GhidraScript)  
INFO  DumpRange.java> 8226ab4c beq cr6,0x8226acdc (GhidraScript)  
INFO  DumpRange.java> 8226ab50 bl 0x82267c58 (GhidraScript)  
INFO  DumpRange.java> 8226ab54 rlwinm r11,r3,0x0,0x18,0x1f (GhidraScript)  
INFO  DumpRange.java> 8226ab58 li r5,0x0 (GhidraScript)  
INFO  DumpRange.java> 8226ab5c cntlzw r11,r11 (GhidraScript)  
INFO  DumpRange.java> 8226ab60 or r3,r29,r29 (GhidraScript)  
INFO  DumpRange.java> 8226ab64 rlwinm r11,r11,0x1b,0x1f,0x1f (GhidraScript)  
INFO  DumpRange.java> 8226ab68 addi r25,r11,0x109 (GhidraScript)  
INFO  DumpRange.java> 8226ab6c or r4,r25,r25 (GhidraScript)  
INFO  DumpRange.java> 8226ab70 bl 0x822c31e8 (GhidraScript)  
INFO  DumpRange.java> 8226ab74 or r31,r3,r3 (GhidraScript)  
INFO  DumpRange.java> 8226ab78 cntlzw r11,r31 (GhidraScript)  
INFO  DumpRange.java> 8226ab7c cmpwi cr6,r31,0x0 (GhidraScript)  
INFO  REPORT: Save succeeded for processed file: /default.xex (HeadlessAnalyzer)  
