openjdk version "21.0.11" 2026-04-21
OpenJDK Runtime Environment (build 21.0.11+10-1-26.04.2-Ubuntu)
OpenJDK 64-Bit Server VM (build 21.0.11+10-1-26.04.2-Ubuntu, mixed mode)
INFO  Using log config file: jar:file:/fastdata/lavaulta/auto-re-agent/.tools/ghidra_12.1.2_PUBLIC/Ghidra/Framework/Generic/lib/Generic.jar!/generic.log4j.xml (LoggingInitialization)  
INFO  Using log file: /home/lavaulta/.config/ghidra/ghidra_12.1.2_PUBLIC/application.log (LoggingInitialization)  
INFO  Loading user preferences: /home/lavaulta/.config/ghidra/ghidra_12.1.2_PUBLIC/preferences (Preferences)  
INFO  Searching for classes... (ClassSearcher)  
INFO  Ignoring class 'xexloaderwv.XEXLoaderWVLoader' from '/fastdata/lavaulta/auto-re-agent/.tools/ghidra_12.1.2_PUBLIC/Ghidra/Extensions/XEXLoaderWV/lib/XEXLoaderWV.jar'. Already found at '/fastdata/lavaulta/auto-re-agent/.tools/ghidra_12.1.2_PUBLIC/Ghidra/patch/XEXLoaderWV-java21.jar'. (ClassSearcher)  
INFO  Class search complete (1596 ms) (ClassSearcher)  
INFO  Initializing SSL Context (DefaultSSLContextInitializer)  
INFO  Initializing Random Number Generator... (SecureRandomFactory)  
INFO  Random Number Generator initialization complete: NativePRNGNonBlocking (SecureRandomFactory)  
INFO  Trust manager disabled, cacerts have not been set (DefaultTrustManagerFactory)  
INFO  Headless startup complete (3123 ms) (AnalyzeHeadless)  
INFO  Class searcher loaded 59 extension points (20 false positives) (ClassSearcher)  
INFO  HEADLESS Script Paths:
    /fastdata/lavaulta/auto-re-agent/.tools/ghidra_12.1.2_PUBLIC/Ghidra/Features/MicrosoftCodeAnalyzer/ghidra_scripts
    /fastdata/lavaulta/auto-re-agent/.tools/ghidra_12.1.2_PUBLIC/Ghidra/Features/PDB/ghidra_scripts
    /fastdata/lavaulta/auto-re-agent/.tools/ghidra_12.1.2_PUBLIC/Ghidra/Processors/8051/ghidra_scripts
    /fastdata/lavaulta/auto-re-agent/.tools/ghidra_12.1.2_PUBLIC/Ghidra/Features/Base/ghidra_scripts
    /fastdata/lavaulta/auto-re-agent/workspaces/ace-combat-6/scripts
    /fastdata/lavaulta/auto-re-agent/.tools/ghidra_12.1.2_PUBLIC/Ghidra/Features/FileFormats/ghidra_scripts
    /fastdata/lavaulta/auto-re-agent/.tools/ghidra_12.1.2_PUBLIC/Ghidra/Features/GnuDemangler/ghidra_scripts
    /fastdata/lavaulta/auto-re-agent/.tools/ghidra_12.1.2_PUBLIC/Ghidra/Extensions/ghidra-emotionengine-reloaded/ghidra_scripts
    /fastdata/lavaulta/auto-re-agent/.tools/ghidra_12.1.2_PUBLIC/Ghidra/Features/Decompiler/ghidra_scripts
    /fastdata/lavaulta/auto-re-agent/.tools/ghidra_12.1.2_PUBLIC/Ghidra/Features/FunctionID/ghidra_scripts
    /fastdata/lavaulta/auto-re-agent/.tools/ghidra_12.1.2_PUBLIC/Ghidra/Features/DecompilerDependent/ghidra_scripts
    /fastdata/lavaulta/auto-re-agent/.tools/ghidra_12.1.2_PUBLIC/Ghidra/Processors/DATA/ghidra_scripts
    /fastdata/lavaulta/auto-re-agent/.tools/ghidra_12.1.2_PUBLIC/Ghidra/Debug/Debugger-rmi-trace/ghidra_scripts
    /fastdata/lavaulta/auto-re-agent/.tools/ghidra_12.1.2_PUBLIC/Ghidra/Features/SwiftDemangler/ghidra_scripts
    /fastdata/lavaulta/auto-re-agent/.tools/ghidra_12.1.2_PUBLIC/Ghidra/Debug/Debugger/ghidra_scripts
    /fastdata/lavaulta/auto-re-agent/.tools/ghidra_12.1.2_PUBLIC/Ghidra/Processors/PIC/ghidra_scripts
    /fastdata/lavaulta/auto-re-agent/.tools/ghidra_12.1.2_PUBLIC/Ghidra/Extensions/XEXLoaderWV/ghidra_scripts
    /fastdata/lavaulta/auto-re-agent/.tools/ghidra_12.1.2_PUBLIC/Ghidra/Features/WildcardAssembler/ghidra_scripts
    /fastdata/lavaulta/auto-re-agent/.tools/ghidra_12.1.2_PUBLIC/Ghidra/Features/PyGhidra/ghidra_scripts
    /fastdata/lavaulta/auto-re-agent/.tools/ghidra_12.1.2_PUBLIC/Ghidra/Features/BSim/ghidra_scripts
    /fastdata/lavaulta/auto-re-agent/.tools/ghidra_12.1.2_PUBLIC/Ghidra/Features/VersionTracking/ghidra_scripts
    /fastdata/lavaulta/auto-re-agent/.tools/ghidra_12.1.2_PUBLIC/Ghidra/Features/BytePatterns/ghidra_scripts
    /fastdata/lavaulta/auto-re-agent/.tools/ghidra_12.1.2_PUBLIC/Ghidra/Processors/Atmel/ghidra_scripts
    /fastdata/lavaulta/auto-re-agent/.tools/ghidra_12.1.2_PUBLIC/Ghidra/Features/SystemEmulation/ghidra_scripts
    /fastdata/lavaulta/auto-re-agent/.tools/ghidra_12.1.2_PUBLIC/Ghidra/Processors/JVM/ghidra_scripts (HeadlessAnalyzer)  
INFO  HEADLESS: execution starts (HeadlessAnalyzer)  
INFO  Opening existing project: /fastdata/lavaulta/auto-re-agent/workspaces/ace-combat-6/ghidra-projects/ace-combat-6 (HeadlessAnalyzer)  
INFO  Opening project: /fastdata/lavaulta/auto-re-agent/workspaces/ace-combat-6/ghidra-projects/ace-combat-6 (HeadlessProject)  
INFO  REPORT: Processing read-only project file: /default.xex (HeadlessAnalyzer)  
INFO  REPORT: Execute script: DumpRange.java '0x821baa80' '0x821bb220'  (HeadlessAnalyzer)  
INFO  SCRIPT: /fastdata/lavaulta/auto-re-agent/workspaces/ace-combat-6/scripts/DumpRange.java (HeadlessAnalyzer)  
INFO  DumpRange.java> 821baa80 stw r28,0xc(r31) (GhidraScript)  
INFO  DumpRange.java> 821baa84 lwz r3,0x8(r31) (GhidraScript)  
INFO  DumpRange.java> 821baa88 cmplwi cr6,r3,0x0 (GhidraScript)  
INFO  DumpRange.java> 821baa8c beq cr6,0x821baaf4 (GhidraScript)  
INFO  DumpRange.java> 821baa90 lwz r11,0x0(r3) (GhidraScript)  
INFO  DumpRange.java> 821baa94 lwz r11,0x30(r11) (GhidraScript)  
INFO  DumpRange.java> 821baa98 mtspr CTR,r11 (GhidraScript)  
INFO  DumpRange.java> 821baa9c bctrl (GhidraScript)  
INFO  DumpRange.java> 821baaa0 lwz r3,0x8(r31) (GhidraScript)  
INFO  DumpRange.java> 821baaa4 lwz r11,0x0(r3) (GhidraScript)  
INFO  DumpRange.java> 821baaa8 lwz r11,0x18(r11) (GhidraScript)  
INFO  DumpRange.java> 821baaac mtspr CTR,r11 (GhidraScript)  
INFO  DumpRange.java> 821baab0 bctrl (GhidraScript)  
INFO  DumpRange.java> 821baab4 lwz r3,0x8(r31) (GhidraScript)  
INFO  DumpRange.java> 821baab8 li r4,0x0 (GhidraScript)  
INFO  DumpRange.java> 821baabc lwz r11,0x0(r3) (GhidraScript)  
INFO  DumpRange.java> 821baac0 lwz r11,0x0(r11) (GhidraScript)  
INFO  DumpRange.java> 821baac4 mtspr CTR,r11 (GhidraScript)  
INFO  DumpRange.java> 821baac8 bctrl (GhidraScript)  
INFO  DumpRange.java> 821baacc lwz r3,0x5b88(r29) (GhidraScript)  
INFO  DumpRange.java> 821baad0 lwz r4,0x8(r31) (GhidraScript)  
INFO  DumpRange.java> 821baad4 lwz r11,0x0(r3) (GhidraScript)  
INFO  DumpRange.java> 821baad8 lwz r11,0x18(r11) (GhidraScript)  
INFO  DumpRange.java> 821baadc mtspr CTR,r11 (GhidraScript)  
INFO  DumpRange.java> 821baae0 bctrl (GhidraScript)  
INFO  DumpRange.java> 821baae4 lwz r3,-0x70d0(r30) (GhidraScript)  
INFO  DumpRange.java> 821baae8 lwz r4,0x8(r31) (GhidraScript)  
INFO  DumpRange.java> 821baaec bl 0x82222f20 (GhidraScript)  
INFO  DumpRange.java> 821baaf0 stw r28,0x8(r31) (GhidraScript)  
INFO  DumpRange.java> 821baaf4 lwz r3,0x68(r31) (GhidraScript)  
INFO  DumpRange.java> 821baaf8 bl 0x821f4798 (GhidraScript)  
INFO  DumpRange.java> 821baafc lis r11,0x0 (GhidraScript)  
INFO  DumpRange.java> 821bab00 lis r10,0xd (GhidraScript)  
INFO  DumpRange.java> 821bab04 ori r11,r11,0xc39c (GhidraScript)  
INFO  DumpRange.java> 821bab08 ori r10,r10,0xa904 (GhidraScript)  
INFO  DumpRange.java> 821bab0c stwx r28,r31,r11 (GhidraScript)  
INFO  DumpRange.java> 821bab10 stwx r28,r31,r10 (GhidraScript)  
INFO  DumpRange.java> 821bab14 or r3,r31,r31 (GhidraScript)  
INFO  DumpRange.java> 821bab18 bl 0x821bb518 (GhidraScript)  
INFO  DumpRange.java> 821bab1c cmpwi cr6,r3,0x0 (GhidraScript)  
INFO  DumpRange.java> 821bab20 beq cr6,0x821bab14 (GhidraScript)  
INFO  DumpRange.java> 821bab24 addis r3,r31,0x16 (GhidraScript)  
INFO  DumpRange.java> 821bab28 subi r3,r3,0x56ac (GhidraScript)  
INFO  DumpRange.java> 821bab2c bl 0x82153d48 (GhidraScript)  
INFO  DumpRange.java> 821bab30 lis r29,-0x7d6c (GhidraScript)  
INFO  DumpRange.java> 821bab34 lwz r4,-0x4804(r29) (GhidraScript)  
INFO  DumpRange.java> 821bab38 cmplwi cr6,r4,0x0 (GhidraScript)  
INFO  DumpRange.java> 821bab3c beq cr6,0x821bab4c (GhidraScript)  
INFO  DumpRange.java> 821bab40 lwz r3,-0x70d0(r30) (GhidraScript)  
INFO  DumpRange.java> 821bab44 bl 0x82222f20 (GhidraScript)  
INFO  DumpRange.java> 821bab48 stw r28,-0x4804(r29) (GhidraScript)  
INFO  DumpRange.java> 821bab4c lwz r3,-0x70d0(r30) (GhidraScript)  
INFO  DumpRange.java> 821bab50 lbz r4,0x21(r31) (GhidraScript)  
INFO  DumpRange.java> 821bab54 bl 0x822228e0 (GhidraScript)  
INFO  DumpRange.java> 821bab58 li r11,0x1 (GhidraScript)  
INFO  DumpRange.java> 821bab5c stb r11,0x20(r31) (GhidraScript)  
INFO  DumpRange.java> 821bab60 addi r1,r1,0x80 (GhidraScript)  
INFO  DumpRange.java> 821bab64 b 0x82382f48 (GhidraScript)  
INFO  DumpRange.java> 821bab68 lbz r3,0x20(r3) (GhidraScript)  
INFO  DumpRange.java> 821bab6c blr (GhidraScript)  
INFO  DumpRange.java> 821bab70 mfspr r12,LR (GhidraScript)  
INFO  DumpRange.java> 821bab74 stw r12,-0x8(r1) (GhidraScript)  
INFO  DumpRange.java> 821bab78 std r30,-0x18(r1) (GhidraScript)  
INFO  DumpRange.java> 821bab7c std r31,-0x10(r1) (GhidraScript)  
INFO  DumpRange.java> 821bab80 stwu r1,-0x70(r1) (GhidraScript)  
INFO  DumpRange.java> 821bab84 bl 0x821f4a78 (GhidraScript)  
INFO  DumpRange.java> 821bab88 or r31,r3,r3 (GhidraScript)  
INFO  DumpRange.java> 821bab8c bl 0x821f4878 (GhidraScript)  
INFO  DumpRange.java> 821bab90 or r30,r3,r3 (GhidraScript)  
INFO  DumpRange.java> 821bab94 bl 0x823d682c (GhidraScript)  
INFO  DumpRange.java> 821bab98 lis r11,0x2 (GhidraScript)  
INFO  DumpRange.java> 821bab9c subi r10,r31,0x1 (GhidraScript)  
INFO  DumpRange.java> 821baba0 ori r8,r11,0x4478 (GhidraScript)  
INFO  DumpRange.java> 821baba4 lis r11,0x2 (GhidraScript)  
INFO  DumpRange.java> 821baba8 cmplwi cr6,r10,0x5 (GhidraScript)  
INFO  DumpRange.java> 821babac ori r7,r11,0x4480 (GhidraScript)  
INFO  DumpRange.java> 821babb0 lis r11,-0x7d92 (GhidraScript)  
INFO  DumpRange.java> 821babb4 lwz r9,0x4eb4(r11) (GhidraScript)  
INFO  DumpRange.java> 821babb8 stwx r30,r9,r8 (GhidraScript)  
INFO  DumpRange.java> 821babbc lwz r9,0x4eb4(r11) (GhidraScript)  
INFO  DumpRange.java> 821babc0 stwx r3,r9,r7 (GhidraScript)  
INFO  DumpRange.java> 821babc4 bgt cr6,0x821bac18 (GhidraScript)  
INFO  DumpRange.java> 821babc8 lis r12,-0x7de4 (GhidraScript)  
INFO  DumpRange.java> 821babcc subi r12,r12,0x5420 (GhidraScript)  
INFO  DumpRange.java> 821babd0 rlwinm r0,r10,0x2,0x0,0x1d (GhidraScript)  
INFO  DumpRange.java> 821babd4 lwzx r0,r12,r0 (GhidraScript)  
INFO  DumpRange.java> 821babd8 mtspr CTR,r0 (GhidraScript)  
INFO  DumpRange.java> 821babdc bctr (GhidraScript)  
INFO  DumpRange.java> 821babe0 <not-disassembled> (GhidraScript)  
INFO  DumpRange.java> 821babe4 <not-disassembled> (GhidraScript)  
INFO  DumpRange.java> 821babe8 <not-disassembled> (GhidraScript)  
INFO  DumpRange.java> 821babec <not-disassembled> (GhidraScript)  
INFO  DumpRange.java> 821babf0 <not-disassembled> (GhidraScript)  
INFO  DumpRange.java> 821babf4 <not-disassembled> (GhidraScript)  
INFO  DumpRange.java> 821babf8 li r8,0x3 (GhidraScript)  
INFO  DumpRange.java> 821babfc b 0x821bac1c (GhidraScript)  
INFO  DumpRange.java> 821bac00 li r8,0x5 (GhidraScript)  
INFO  DumpRange.java> 821bac04 b 0x821bac1c (GhidraScript)  
INFO  DumpRange.java> 821bac08 li r8,0x6 (GhidraScript)  
INFO  DumpRange.java> 821bac0c b 0x821bac1c (GhidraScript)  
INFO  DumpRange.java> 821bac10 li r8,0x4 (GhidraScript)  
INFO  DumpRange.java> 821bac14 b 0x821bac1c (GhidraScript)  
INFO  DumpRange.java> 821bac18 li r8,0x2 (GhidraScript)  
INFO  DumpRange.java> 821bac1c lis r10,0x2 (GhidraScript)  
INFO  DumpRange.java> 821bac20 li r9,0x4 (GhidraScript)  
INFO  DumpRange.java> 821bac24 ori r7,r10,0x4484 (GhidraScript)  
INFO  DumpRange.java> 821bac28 lis r10,0x2 (GhidraScript)  
INFO  DumpRange.java> 821bac2c li r6,0x0 (GhidraScript)  
INFO  DumpRange.java> 821bac30 ori r5,r10,0x4474 (GhidraScript)  
INFO  DumpRange.java> 821bac34 lis r10,-0x7dc0 (GhidraScript)  
INFO  DumpRange.java> 821bac38 subi r10,r10,0x62e0 (GhidraScript)  
INFO  DumpRange.java> 821bac3c stw r9,0x1c(r10) (GhidraScript)  
INFO  DumpRange.java> 821bac40 lwz r10,0x4eb4(r11) (GhidraScript)  
INFO  DumpRange.java> 821bac44 stbx r6,r10,r7 (GhidraScript)  
INFO  DumpRange.java> 821bac48 lwz r11,0x4eb4(r11) (GhidraScript)  
INFO  DumpRange.java> 821bac4c stwx r8,r11,r5 (GhidraScript)  
INFO  DumpRange.java> 821bac50 addi r1,r1,0x70 (GhidraScript)  
INFO  DumpRange.java> 821bac54 lwz r12,-0x8(r1) (GhidraScript)  
INFO  DumpRange.java> 821bac58 mtspr LR,r12 (GhidraScript)  
INFO  DumpRange.java> 821bac5c ld r30,-0x18(r1) (GhidraScript)  
INFO  DumpRange.java> 821bac60 ld r31,-0x10(r1) (GhidraScript)  
INFO  DumpRange.java> 821bac64 blr (GhidraScript)  
INFO  DumpRange.java> 821bac68 mfspr r12,LR (GhidraScript)  
INFO  DumpRange.java> 821bac6c bl 0x82382ec0 (GhidraScript)  
INFO  DumpRange.java> 821bac70 stwu r1,-0xf0(r1) (GhidraScript)  
INFO  DumpRange.java> 821bac74 or r31,r3,r3 (GhidraScript)  
INFO  DumpRange.java> 821bac78 or r30,r5,r5 (GhidraScript)  
INFO  DumpRange.java> 821bac7c bl 0x821b85b0 (GhidraScript)  
INFO  DumpRange.java> 821bac80 cmpwi cr6,r30,0x0 (GhidraScript)  
INFO  DumpRange.java> 821bac84 ble cr6,0x821bb110 (GhidraScript)  
INFO  DumpRange.java> 821bac88 lis r10,-0x7dfb (GhidraScript)  
INFO  DumpRange.java> 821bac8c stw r30,0x50(r1) (GhidraScript)  
INFO  DumpRange.java> 821bac90 lis r9,0x0 (GhidraScript)  
INFO  DumpRange.java> 821bac94 addi r10,r10,0x42bc (GhidraScript)  
INFO  DumpRange.java> 821bac98 addi r11,r31,0x4 (GhidraScript)  
INFO  DumpRange.java> 821bac9c addi r5,r31,0x10 (GhidraScript)  
INFO  DumpRange.java> 821baca0 li r6,0x1 (GhidraScript)  
INFO  DumpRange.java> 821baca4 li r3,0x0 (GhidraScript)  
INFO  DumpRange.java> 821baca8 lfs f0,0x540(r10) (GhidraScript)  
INFO  DumpRange.java> 821bacac li r30,0x12 (GhidraScript)  
INFO  DumpRange.java> 821bacb0 lfs f13,0x0(r10) (GhidraScript)  
INFO  DumpRange.java> 821bacb4 li r14,0x13 (GhidraScript)  
INFO  DumpRange.java> 821bacb8 li r15,0x14 (GhidraScript)  
INFO  DumpRange.java> 821bacbc li r16,0x15 (GhidraScript)  
INFO  DumpRange.java> 821bacc0 li r17,0x16 (GhidraScript)  
INFO  DumpRange.java> 821bacc4 li r18,0x17 (GhidraScript)  
INFO  DumpRange.java> 821bacc8 li r25,0x4000 (GhidraScript)  
INFO  DumpRange.java> 821baccc li r19,0x10 (GhidraScript)  
INFO  DumpRange.java> 821bacd0 ori r27,r9,0x8000 (GhidraScript)  
INFO  DumpRange.java> 821bacd4 li r20,0x11 (GhidraScript)  
INFO  DumpRange.java> 821bacd8 lis r28,0x1 (GhidraScript)  
INFO  DumpRange.java> 821bacdc li r21,0xa (GhidraScript)  
INFO  DumpRange.java> 821bace0 lis r4,0x2 (GhidraScript)  
INFO  DumpRange.java> 821bace4 li r22,0xb (GhidraScript)  
INFO  DumpRange.java> 821bace8 lis r29,0x4 (GhidraScript)  
INFO  DumpRange.java> 821bacec li r23,0xc (GhidraScript)  
INFO  DumpRange.java> 821bacf0 lis r26,0x8 (GhidraScript)  
INFO  DumpRange.java> 821bacf4 li r24,0xd (GhidraScript)  
INFO  DumpRange.java> 821bacf8 stb r6,-0x8(r5) (GhidraScript)  
INFO  DumpRange.java> 821bacfc lwz r10,-0x4(r5) (GhidraScript)  
INFO  DumpRange.java> 821bad00 ori r10,r10,0x20 (GhidraScript)  
INFO  DumpRange.java> 821bad04 stw r10,-0x4(r5) (GhidraScript)  
INFO  DumpRange.java> 821bad08 lwz r10,0x1160(r31) (GhidraScript)  
INFO  DumpRange.java> 821bad0c cmpwi cr6,r10,0x0 (GhidraScript)  
INFO  DumpRange.java> 821bad10 bge cr6,0x821bad18 (GhidraScript)  
INFO  DumpRange.java> 821bad14 stw r3,0x1160(r31) (GhidraScript)  
INFO  DumpRange.java> 821bad18 stb r6,-0x8(r5) (GhidraScript)  
INFO  DumpRange.java> 821bad1c lwz r10,0x0(r5) (GhidraScript)  
INFO  DumpRange.java> 821bad20 ori r10,r10,0x80 (GhidraScript)  
INFO  DumpRange.java> 821bad24 stw r10,0x0(r5) (GhidraScript)  
INFO  DumpRange.java> 821bad28 lwz r10,0x1160(r31) (GhidraScript)  
INFO  DumpRange.java> 821bad2c cmpwi cr6,r10,0x1 (GhidraScript)  
INFO  DumpRange.java> 821bad30 bge cr6,0x821bad38 (GhidraScript)  
INFO  DumpRange.java> 821bad34 stw r6,0x1160(r31) (GhidraScript)  
INFO  DumpRange.java> 821bad38 stb r6,0x4(r11) (GhidraScript)  
INFO  DumpRange.java> 821bad3c lwz r10,0x10(r11) (GhidraScript)  
INFO  DumpRange.java> 821bad40 ori r10,r10,0x10 (GhidraScript)  
INFO  DumpRange.java> 821bad44 stw r10,0x10(r11) (GhidraScript)  
INFO  DumpRange.java> 821bad48 lwz r10,0x1160(r31) (GhidraScript)  
INFO  DumpRange.java> 821bad4c cmpwi cr6,r10,0x2 (GhidraScript)  
INFO  DumpRange.java> 821bad50 bge cr6,0x821bad5c (GhidraScript)  
INFO  DumpRange.java> 821bad54 li r10,0x2 (GhidraScript)  
INFO  DumpRange.java> 821bad58 stw r10,0x1160(r31) (GhidraScript)  
INFO  DumpRange.java> 821bad5c stb r6,0x4(r11) (GhidraScript)  
INFO  DumpRange.java> 821bad60 lwz r10,0x14(r11) (GhidraScript)  
INFO  DumpRange.java> 821bad64 ori r10,r10,0x40 (GhidraScript)  
INFO  DumpRange.java> 821bad68 stw r10,0x14(r11) (GhidraScript)  
INFO  DumpRange.java> 821bad6c lwz r10,0x1160(r31) (GhidraScript)  
INFO  DumpRange.java> 821bad70 cmpwi cr6,r10,0x3 (GhidraScript)  
INFO  DumpRange.java> 821bad74 bge cr6,0x821bad80 (GhidraScript)  
INFO  DumpRange.java> 821bad78 li r10,0x3 (GhidraScript)  
INFO  DumpRange.java> 821bad7c stw r10,0x1160(r31) (GhidraScript)  
INFO  DumpRange.java> 821bad80 stb r6,-0x8(r5) (GhidraScript)  
INFO  DumpRange.java> 821bad84 lwz r10,0xc(r5) (GhidraScript)  
INFO  DumpRange.java> 821bad88 ori r10,r10,0x400 (GhidraScript)  
INFO  DumpRange.java> 821bad8c stw r10,0xc(r5) (GhidraScript)  
INFO  DumpRange.java> 821bad90 lwz r10,0x1160(r31) (GhidraScript)  
INFO  DumpRange.java> 821bad94 cmpwi cr6,r10,0x4 (GhidraScript)  
INFO  DumpRange.java> 821bad98 bge cr6,0x821bada4 (GhidraScript)  
INFO  DumpRange.java> 821bad9c li r10,0x4 (GhidraScript)  
INFO  DumpRange.java> 821bada0 stw r10,0x1160(r31) (GhidraScript)  
INFO  DumpRange.java> 821bada4 stb r6,0x4(r11) (GhidraScript)  
INFO  DumpRange.java> 821bada8 lwz r10,0x1c(r11) (GhidraScript)  
INFO  DumpRange.java> 821badac ori r10,r10,0x800 (GhidraScript)  
INFO  DumpRange.java> 821badb0 stw r10,0x1c(r11) (GhidraScript)  
INFO  DumpRange.java> 821badb4 lwz r10,0x1160(r31) (GhidraScript)  
INFO  DumpRange.java> 821badb8 cmpwi cr6,r10,0x5 (GhidraScript)  
INFO  DumpRange.java> 821badbc bge cr6,0x821badc8 (GhidraScript)  
INFO  DumpRange.java> 821badc0 li r10,0x5 (GhidraScript)  
INFO  DumpRange.java> 821badc4 stw r10,0x1160(r31) (GhidraScript)  
INFO  DumpRange.java> 821badc8 stb r6,0x4(r11) (GhidraScript)  
INFO  DumpRange.java> 821badcc lwz r10,0x20(r11) (GhidraScript)  
INFO  DumpRange.java> 821badd0 ori r10,r10,0x1 (GhidraScript)  
INFO  DumpRange.java> 821badd4 stw r10,0x20(r11) (GhidraScript)  
INFO  DumpRange.java> 821badd8 lwz r10,0x1160(r31) (GhidraScript)  
INFO  DumpRange.java> 821baddc cmpwi cr6,r10,0x6 (GhidraScript)  
INFO  DumpRange.java> 821bade0 bge cr6,0x821badec (GhidraScript)  
INFO  DumpRange.java> 821bade4 li r10,0x6 (GhidraScript)  
INFO  DumpRange.java> 821bade8 stw r10,0x1160(r31) (GhidraScript)  
INFO  DumpRange.java> 821badec stb r6,0x4(r11) (GhidraScript)  
INFO  DumpRange.java> 821badf0 lwz r10,0x24(r11) (GhidraScript)  
INFO  DumpRange.java> 821badf4 ori r10,r10,0x2 (GhidraScript)  
INFO  DumpRange.java> 821badf8 stw r10,0x24(r11) (GhidraScript)  
INFO  DumpRange.java> 821badfc lwz r10,0x1160(r31) (GhidraScript)  
INFO  DumpRange.java> 821bae00 cmpwi cr6,r10,0x7 (GhidraScript)  
INFO  DumpRange.java> 821bae04 bge cr6,0x821bae10 (GhidraScript)  
INFO  DumpRange.java> 821bae08 li r10,0x7 (GhidraScript)  
INFO  DumpRange.java> 821bae0c stw r10,0x1160(r31) (GhidraScript)  
INFO  DumpRange.java> 821bae10 stb r6,0x4(r11) (GhidraScript)  
INFO  DumpRange.java> 821bae14 lwz r10,0x28(r11) (GhidraScript)  
INFO  DumpRange.java> 821bae18 ori r10,r10,0x4 (GhidraScript)  
INFO  DumpRange.java> 821bae1c stw r10,0x28(r11) (GhidraScript)  
INFO  DumpRange.java> 821bae20 lwz r10,0x1160(r31) (GhidraScript)  
INFO  DumpRange.java> 821bae24 cmpwi cr6,r10,0x8 (GhidraScript)  
INFO  DumpRange.java> 821bae28 bge cr6,0x821bae34 (GhidraScript)  
INFO  DumpRange.java> 821bae2c li r10,0x8 (GhidraScript)  
INFO  DumpRange.java> 821bae30 stw r10,0x1160(r31) (GhidraScript)  
INFO  DumpRange.java> 821bae34 stb r6,0x4(r11) (GhidraScript)  
INFO  DumpRange.java> 821bae38 lwz r10,0x2c(r11) (GhidraScript)  
INFO  DumpRange.java> 821bae3c ori r10,r10,0x8 (GhidraScript)  
INFO  DumpRange.java> 821bae40 stw r10,0x2c(r11) (GhidraScript)  
INFO  DumpRange.java> 821bae44 lwz r10,0x1160(r31) (GhidraScript)  
INFO  DumpRange.java> 821bae48 cmpwi cr6,r10,0x9 (GhidraScript)  
INFO  DumpRange.java> 821bae4c bge cr6,0x821bae58 (GhidraScript)  
INFO  DumpRange.java> 821bae50 li r10,0x9 (GhidraScript)  
INFO  DumpRange.java> 821bae54 stw r10,0x1160(r31) (GhidraScript)  
INFO  DumpRange.java> 821bae58 stb r6,0x4(r11) (GhidraScript)  
INFO  DumpRange.java> 821bae5c lwz r10,0x40(r11) (GhidraScript)  
INFO  DumpRange.java> 821bae60 ori r10,r10,0x100 (GhidraScript)  
INFO  DumpRange.java> 821bae64 stw r10,0x40(r11) (GhidraScript)  
INFO  DumpRange.java> 821bae68 lwz r10,0x1160(r31) (GhidraScript)  
INFO  DumpRange.java> 821bae6c cmpwi cr6,r10,0xe (GhidraScript)  
INFO  DumpRange.java> 821bae70 bge cr6,0x821bae7c (GhidraScript)  
INFO  DumpRange.java> 821bae74 li r10,0xe (GhidraScript)  
INFO  DumpRange.java> 821bae78 stw r10,0x1160(r31) (GhidraScript)  
INFO  DumpRange.java> 821bae7c stb r6,0x4(r11) (GhidraScript)  
INFO  DumpRange.java> 821bae80 lwz r10,0x44(r11) (GhidraScript)  
INFO  DumpRange.java> 821bae84 ori r10,r10,0x200 (GhidraScript)  
INFO  DumpRange.java> 821bae88 stw r10,0x44(r11) (GhidraScript)  
INFO  DumpRange.java> 821bae8c lwz r10,0x1160(r31) (GhidraScript)  
INFO  DumpRange.java> 821bae90 cmpwi cr6,r10,0xf (GhidraScript)  
INFO  DumpRange.java> 821bae94 bge cr6,0x821baea0 (GhidraScript)  
INFO  DumpRange.java> 821bae98 li r10,0xf (GhidraScript)  
INFO  DumpRange.java> 821bae9c stw r10,0x1160(r31) (GhidraScript)  
INFO  DumpRange.java> 821baea0 stb r6,0x4(r11) (GhidraScript)  
INFO  DumpRange.java> 821baea4 lwz r10,0x50(r11) (GhidraScript)  
INFO  DumpRange.java> 821baea8 ori r10,r10,0x1000 (GhidraScript)  
INFO  DumpRange.java> 821baeac stw r10,0x50(r11) (GhidraScript)  
INFO  DumpRange.java> 821baeb0 lwz r10,0x1160(r31) (GhidraScript)  
INFO  DumpRange.java> 821baeb4 cmpwi cr6,r10,0x12 (GhidraScript)  
INFO  DumpRange.java> 821baeb8 bge cr6,0x821baec0 (GhidraScript)  
INFO  DumpRange.java> 821baebc stw r30,0x1160(r31) (GhidraScript)  
INFO  DumpRange.java> 821baec0 stb r6,0x4(r11) (GhidraScript)  
INFO  DumpRange.java> 821baec4 lwz r10,0x54(r11) (GhidraScript)  
INFO  DumpRange.java> 821baec8 ori r10,r10,0x2000 (GhidraScript)  
INFO  DumpRange.java> 821baecc stw r10,0x54(r11) (GhidraScript)  
INFO  DumpRange.java> 821baed0 lwz r10,0x1160(r31) (GhidraScript)  
INFO  DumpRange.java> 821baed4 cmpwi cr6,r10,0x13 (GhidraScript)  
INFO  DumpRange.java> 821baed8 bge cr6,0x821baee0 (GhidraScript)  
INFO  DumpRange.java> 821baedc stw r14,0x1160(r31) (GhidraScript)  
INFO  DumpRange.java> 821baee0 stb r6,0x4(r11) (GhidraScript)  
INFO  DumpRange.java> 821baee4 lwz r10,0x58(r11) (GhidraScript)  
INFO  DumpRange.java> 821baee8 ori r10,r10,0x40 (GhidraScript)  
INFO  DumpRange.java> 821baeec stw r10,0x58(r11) (GhidraScript)  
INFO  DumpRange.java> 821baef0 lwz r10,0x1160(r31) (GhidraScript)  
INFO  DumpRange.java> 821baef4 cmpwi cr6,r10,0x14 (GhidraScript)  
INFO  DumpRange.java> 821baef8 bge cr6,0x821baf00 (GhidraScript)  
INFO  DumpRange.java> 821baefc stw r15,0x1160(r31) (GhidraScript)  
INFO  DumpRange.java> 821baf00 stb r6,0x4(r11) (GhidraScript)  
INFO  DumpRange.java> 821baf04 lwz r10,0x5c(r11) (GhidraScript)  
INFO  DumpRange.java> 821baf08 ori r10,r10,0x40 (GhidraScript)  
INFO  DumpRange.java> 821baf0c stw r10,0x5c(r11) (GhidraScript)  
INFO  DumpRange.java> 821baf10 lwz r10,0x1160(r31) (GhidraScript)  
INFO  DumpRange.java> 821baf14 cmpwi cr6,r10,0x15 (GhidraScript)  
INFO  DumpRange.java> 821baf18 bge cr6,0x821baf20 (GhidraScript)  
INFO  DumpRange.java> 821baf1c stw r16,0x1160(r31) (GhidraScript)  
INFO  DumpRange.java> 821baf20 stb r6,0x4(r11) (GhidraScript)  
INFO  DumpRange.java> 821baf24 lwz r10,0x60(r11) (GhidraScript)  
INFO  DumpRange.java> 821baf28 ori r10,r10,0x10 (GhidraScript)  
INFO  DumpRange.java> 821baf2c stw r10,0x60(r11) (GhidraScript)  
INFO  DumpRange.java> 821baf30 lwz r10,0x1160(r31) (GhidraScript)  
INFO  DumpRange.java> 821baf34 cmpwi cr6,r10,0x16 (GhidraScript)  
INFO  DumpRange.java> 821baf38 bge cr6,0x821baf40 (GhidraScript)  
INFO  DumpRange.java> 821baf3c stw r17,0x1160(r31) (GhidraScript)  
INFO  DumpRange.java> 821baf40 stb r6,0x4(r11) (GhidraScript)  
INFO  DumpRange.java> 821baf44 lwz r10,0x64(r11) (GhidraScript)  
INFO  DumpRange.java> 821baf48 ori r10,r10,0x20 (GhidraScript)  
INFO  DumpRange.java> 821baf4c stw r10,0x64(r11) (GhidraScript)  
INFO  DumpRange.java> 821baf50 lwz r10,0x1160(r31) (GhidraScript)  
INFO  DumpRange.java> 821baf54 cmpwi cr6,r10,0x17 (GhidraScript)  
INFO  DumpRange.java> 821baf58 bge cr6,0x821baf60 (GhidraScript)  
INFO  DumpRange.java> 821baf5c stw r18,0x1160(r31) (GhidraScript)  
INFO  DumpRange.java> 821baf60 stb r6,0x4(r11) (GhidraScript)  
INFO  DumpRange.java> 821baf64 stw r25,0x48(r11) (GhidraScript)  
INFO  DumpRange.java> 821baf68 lwz r10,0x88(r11) (GhidraScript)  
INFO  DumpRange.java> 821baf6c lwz r9,0x8c(r11) (GhidraScript)  
INFO  DumpRange.java> 821baf70 oris r10,r10,0x1 (GhidraScript)  
INFO  DumpRange.java> 821baf74 rlwinm r9,r9,0x0,0x10,0xe (GhidraScript)  
INFO  DumpRange.java> 821baf78 stw r10,0x88(r11) (GhidraScript)  
INFO  DumpRange.java> 821baf7c stw r9,0x8c(r11) (GhidraScript)  
INFO  DumpRange.java> 821baf80 lwz r10,0x1160(r31) (GhidraScript)  
INFO  DumpRange.java> 821baf84 cmpwi cr6,r10,0x10 (GhidraScript)  
INFO  DumpRange.java> 821baf88 bge cr6,0x821baf90 (GhidraScript)  
INFO  DumpRange.java> 821baf8c stw r19,0x1160(r31) (GhidraScript)  
INFO  DumpRange.java> 821baf90 stb r6,0x4(r11) (GhidraScript)  
INFO  DumpRange.java> 821baf94 stw r27,0x4c(r11) (GhidraScript)  
INFO  DumpRange.java> 821baf98 lwz r10,0x88(r11) (GhidraScript)  
INFO  DumpRange.java> 821baf9c lwz r9,0x8c(r11) (GhidraScript)  
INFO  DumpRange.java> 821bafa0 oris r10,r10,0x2 (GhidraScript)  
INFO  DumpRange.java> 821bafa4 rlwinm r9,r9,0x0,0xf,0xd (GhidraScript)  
INFO  DumpRange.java> 821bafa8 stw r10,0x88(r11) (GhidraScript)  
INFO  DumpRange.java> 821bafac stw r9,0x8c(r11) (GhidraScript)  
INFO  DumpRange.java> 821bafb0 lwz r10,0x1160(r31) (GhidraScript)  
INFO  DumpRange.java> 821bafb4 cmpwi cr6,r10,0x11 (GhidraScript)  
INFO  DumpRange.java> 821bafb8 bge cr6,0x821bafc0 (GhidraScript)  
INFO  DumpRange.java> 821bafbc stw r20,0x1160(r31) (GhidraScript)  
INFO  DumpRange.java> 821bafc0 stb r6,0x4(r11) (GhidraScript)  
INFO  DumpRange.java> 821bafc4 stw r28,0x30(r11) (GhidraScript)  
INFO  DumpRange.java> 821bafc8 lwz r10,0x88(r11) (GhidraScript)  
INFO  DumpRange.java> 821bafcc lwz r9,0x8c(r11) (GhidraScript)  
INFO  DumpRange.java> 821bafd0 ori r10,r10,0x400 (GhidraScript)  
INFO  DumpRange.java> 821bafd4 rlwinm r9,r9,0x0,0x16,0x14 (GhidraScript)  
INFO  DumpRange.java> 821bafd8 stw r10,0x88(r11) (GhidraScript)  
INFO  DumpRange.java> 821bafdc stw r9,0x8c(r11) (GhidraScript)  
INFO  DumpRange.java> 821bafe0 lwz r10,0x1160(r31) (GhidraScript)  
INFO  DumpRange.java> 821bafe4 cmpwi cr6,r10,0xa (GhidraScript)  
INFO  DumpRange.java> 821bafe8 bge cr6,0x821baff0 (GhidraScript)  
INFO  DumpRange.java> 821bafec stw r21,0x1160(r31) (GhidraScript)  
INFO  DumpRange.java> 821baff0 stb r6,0x4(r11) (GhidraScript)  
INFO  DumpRange.java> 821baff4 stw r4,0x34(r11) (GhidraScript)  
INFO  DumpRange.java> 821baff8 lwz r10,0x88(r11) (GhidraScript)  
INFO  DumpRange.java> 821baffc lwz r9,0x8c(r11) (GhidraScript)  
INFO  DumpRange.java> 821bb000 ori r10,r10,0x800 (GhidraScript)  
INFO  DumpRange.java> 821bb004 rlwinm r9,r9,0x0,0x15,0x13 (GhidraScript)  
INFO  DumpRange.java> 821bb008 stw r10,0x88(r11) (GhidraScript)  
INFO  DumpRange.java> 821bb00c stw r9,0x8c(r11) (GhidraScript)  
INFO  DumpRange.java> 821bb010 lwz r10,0x1160(r31) (GhidraScript)  
INFO  DumpRange.java> 821bb014 cmpwi cr6,r10,0xb (GhidraScript)  
INFO  DumpRange.java> 821bb018 bge cr6,0x821bb020 (GhidraScript)  
INFO  DumpRange.java> 821bb01c stw r22,0x1160(r31) (GhidraScript)  
INFO  DumpRange.java> 821bb020 or r9,r28,r28 (GhidraScript)  
INFO  DumpRange.java> 821bb024 or r10,r3,r3 (GhidraScript)  
INFO  DumpRange.java> 821bb028 rlwinm r9,r9,0x1f,0x1,0x1f (GhidraScript)  
INFO  DumpRange.java> 821bb02c addi r10,r10,0x1 (GhidraScript)  
INFO  DumpRange.java> 821bb030 cmplwi cr6,r9,0x1 (GhidraScript)  
INFO  DumpRange.java> 821bb034 bne cr6,0x821bb028 (GhidraScript)  
INFO  DumpRange.java> 821bb038 rlwinm r7,r10,0x1,0x0,0x1e (GhidraScript)  
INFO  DumpRange.java> 821bb03c or r8,r4,r4 (GhidraScript)  
INFO  DumpRange.java> 821bb040 add r10,r10,r7 (GhidraScript)  
INFO  DumpRange.java> 821bb044 or r9,r3,r3 (GhidraScript)  
INFO  DumpRange.java> 821bb048 rlwinm r10,r10,0x3,0x0,0x1c (GhidraScript)  
INFO  DumpRange.java> 821bb04c add r10,r10,r31 (GhidraScript)  
INFO  DumpRange.java> 821bb050 lfs f12,0xa0(r10) (GhidraScript)  
INFO  DumpRange.java> 821bb054 fsubs f12,f12,f0 (GhidraScript)  
INFO  DumpRange.java> 821bb058 stfs f0,0xa4(r10) (GhidraScript)  
INFO  DumpRange.java> 821bb05c fdivs f12,f13,f12 (GhidraScript)  
INFO  DumpRange.java> 821bb060 stfs f12,0xa8(r10) (GhidraScript)  
INFO  DumpRange.java> 821bb064 rlwinm r8,r8,0x1f,0x1,0x1f (GhidraScript)  
INFO  DumpRange.java> 821bb068 addi r9,r9,0x1 (GhidraScript)  
INFO  DumpRange.java> 821bb06c cmplwi cr6,r8,0x1 (GhidraScript)  
INFO  DumpRange.java> 821bb070 bne cr6,0x821bb064 (GhidraScript)  
INFO  DumpRange.java> 821bb074 rlwinm r10,r9,0x1,0x0,0x1e (GhidraScript)  
INFO  DumpRange.java> 821bb078 add r10,r9,r10 (GhidraScript)  
INFO  DumpRange.java> 821bb07c rlwinm r10,r10,0x3,0x0,0x1c (GhidraScript)  
INFO  DumpRange.java> 821bb080 add r10,r10,r31 (GhidraScript)  
INFO  DumpRange.java> 821bb084 lfs f12,0xa0(r10) (GhidraScript)  
INFO  DumpRange.java> 821bb088 fsubs f12,f12,f0 (GhidraScript)  
INFO  DumpRange.java> 821bb08c stfs f0,0xa4(r10) (GhidraScript)  
INFO  DumpRange.java> 821bb090 fdivs f12,f13,f12 (GhidraScript)  
INFO  DumpRange.java> 821bb094 stfs f12,0xa8(r10) (GhidraScript)  
INFO  DumpRange.java> 821bb098 stb r6,0x4(r11) (GhidraScript)  
INFO  DumpRange.java> 821bb09c stw r29,0x38(r11) (GhidraScript)  
INFO  DumpRange.java> 821bb0a0 lwz r10,0x88(r11) (GhidraScript)  
INFO  DumpRange.java> 821bb0a4 lwz r9,0x8c(r11) (GhidraScript)  
INFO  DumpRange.java> 821bb0a8 ori r10,r10,0x1000 (GhidraScript)  
INFO  DumpRange.java> 821bb0ac rlwinm r9,r9,0x0,0x14,0x12 (GhidraScript)  
INFO  DumpRange.java> 821bb0b0 stw r10,0x88(r11) (GhidraScript)  
INFO  DumpRange.java> 821bb0b4 stw r9,0x8c(r11) (GhidraScript)  
INFO  DumpRange.java> 821bb0b8 lwz r10,0x1160(r31) (GhidraScript)  
INFO  DumpRange.java> 821bb0bc cmpwi cr6,r10,0xc (GhidraScript)  
INFO  DumpRange.java> 821bb0c0 bge cr6,0x821bb0c8 (GhidraScript)  
INFO  DumpRange.java> 821bb0c4 stw r23,0x1160(r31) (GhidraScript)  
INFO  DumpRange.java> 821bb0c8 stb r6,0x4(r11) (GhidraScript)  
INFO  DumpRange.java> 821bb0cc stw r26,0x3c(r11) (GhidraScript)  
INFO  DumpRange.java> 821bb0d0 lwz r10,0x88(r11) (GhidraScript)  
INFO  DumpRange.java> 821bb0d4 lwz r9,0x8c(r11) (GhidraScript)  
INFO  DumpRange.java> 821bb0d8 ori r10,r10,0x2000 (GhidraScript)  
INFO  DumpRange.java> 821bb0dc rlwinm r9,r9,0x0,0x13,0x11 (GhidraScript)  
INFO  DumpRange.java> 821bb0e0 stw r10,0x88(r11) (GhidraScript)  
INFO  DumpRange.java> 821bb0e4 stw r9,0x8c(r11) (GhidraScript)  
INFO  DumpRange.java> 821bb0e8 lwz r10,0x1160(r31) (GhidraScript)  
INFO  DumpRange.java> 821bb0ec cmpwi cr6,r10,0xd (GhidraScript)  
INFO  DumpRange.java> 821bb0f0 bge cr6,0x821bb0f8 (GhidraScript)  
INFO  DumpRange.java> 821bb0f4 stw r24,0x1160(r31) (GhidraScript)  
INFO  DumpRange.java> 821bb0f8 lwz r10,0x50(r1) (GhidraScript)  
INFO  DumpRange.java> 821bb0fc addi r5,r5,0x390 (GhidraScript)  
INFO  DumpRange.java> 821bb100 subi r10,r10,0x1 (GhidraScript)  
INFO  DumpRange.java> 821bb104 cmplwi cr6,r10,0x0 (GhidraScript)  
INFO  DumpRange.java> 821bb108 stw r10,0x50(r1) (GhidraScript)  
INFO  DumpRange.java> 821bb10c bne cr6,0x821bacf8 (GhidraScript)  
INFO  DumpRange.java> 821bb110 addi r1,r1,0xf0 (GhidraScript)  
INFO  DumpRange.java> 821bb114 b 0x82382f10 (GhidraScript)  
INFO  DumpRange.java> 821bb118 mfspr r12,LR (GhidraScript)  
INFO  DumpRange.java> 821bb11c bl 0x82382ef0 (GhidraScript)  
INFO  DumpRange.java> 821bb120 stwu r1,-0x90(r1) (GhidraScript)  
INFO  DumpRange.java> 821bb124 lis r11,-0x7d62 (GhidraScript)  
INFO  DumpRange.java> 821bb128 or r30,r3,r3 (GhidraScript)  
INFO  DumpRange.java> 821bb12c addi r27,r11,0x6218 (GhidraScript)  
INFO  DumpRange.java> 821bb130 or r3,r27,r27 (GhidraScript)  
INFO  DumpRange.java> 821bb134 lwz r4,0x44(r30) (GhidraScript)  
INFO  DumpRange.java> 821bb138 bl 0x821d2fc0 (GhidraScript)  
INFO  DumpRange.java> 821bb13c or r28,r3,r3 (GhidraScript)  
INFO  DumpRange.java> 821bb140 cmplwi cr6,r28,0x0 (GhidraScript)  
INFO  DumpRange.java> 821bb144 beq cr6,0x821bb33c (GhidraScript)  
INFO  DumpRange.java> 821bb148 lis r11,0x2 (GhidraScript)  
INFO  DumpRange.java> 821bb14c ori r10,r11,0x4474 (GhidraScript)  
INFO  DumpRange.java> 821bb150 lis r11,-0x7d92 (GhidraScript)  
INFO  DumpRange.java> 821bb154 lwz r11,0x4eb4(r11) (GhidraScript)  
INFO  DumpRange.java> 821bb158 lwzx r11,r11,r10 (GhidraScript)  
INFO  DumpRange.java> 821bb15c subi r11,r11,0x3 (GhidraScript)  
INFO  DumpRange.java> 821bb160 cmplwi cr6,r11,0x3 (GhidraScript)  
INFO  DumpRange.java> 821bb164 bgt cr6,0x821bb1b0 (GhidraScript)  
INFO  DumpRange.java> 821bb168 lis r12,-0x7de4 (GhidraScript)  
INFO  DumpRange.java> 821bb16c subi r12,r12,0x4e80 (GhidraScript)  
INFO  DumpRange.java> 821bb170 rlwinm r0,r11,0x2,0x0,0x1d (GhidraScript)  
INFO  DumpRange.java> 821bb174 lwzx r0,r12,r0 (GhidraScript)  
INFO  DumpRange.java> 821bb178 mtspr CTR,r0 (GhidraScript)  
INFO  DumpRange.java> 821bb17c bctr (GhidraScript)  
INFO  DumpRange.java> 821bb180 <not-disassembled> (GhidraScript)  
INFO  DumpRange.java> 821bb184 <not-disassembled> (GhidraScript)  
INFO  DumpRange.java> 821bb188 <not-disassembled> (GhidraScript)  
INFO  DumpRange.java> 821bb18c <not-disassembled> (GhidraScript)  
INFO  DumpRange.java> 821bb190 li r29,0x5 (GhidraScript)  
INFO  DumpRange.java> 821bb194 b 0x821bb1b4 (GhidraScript)  
INFO  DumpRange.java> 821bb198 li r29,0x6 (GhidraScript)  
INFO  DumpRange.java> 821bb19c b 0x821bb1b4 (GhidraScript)  
INFO  DumpRange.java> 821bb1a0 li r29,0x7 (GhidraScript)  
INFO  DumpRange.java> 821bb1a4 b 0x821bb1b4 (GhidraScript)  
INFO  DumpRange.java> 821bb1a8 li r29,0x8 (GhidraScript)  
INFO  DumpRange.java> 821bb1ac b 0x821bb1b4 (GhidraScript)  
INFO  DumpRange.java> 821bb1b0 li r29,0x4 (GhidraScript)  
INFO  DumpRange.java> 821bb1b4 or r4,r29,r29 (GhidraScript)  
INFO  DumpRange.java> 821bb1b8 or r3,r28,r28 (GhidraScript)  
INFO  DumpRange.java> 821bb1bc bl 0x821d1dd0 (GhidraScript)  
INFO  DumpRange.java> 821bb1c0 addis r31,r30,0x16 (GhidraScript)  
INFO  DumpRange.java> 821bb1c4 or r11,r3,r3 (GhidraScript)  
INFO  DumpRange.java> 821bb1c8 lwz r4,0x44(r30) (GhidraScript)  
INFO  DumpRange.java> 821bb1cc subi r31,r31,0x5564 (GhidraScript)  
INFO  DumpRange.java> 821bb1d0 or r3,r27,r27 (GhidraScript)  
INFO  DumpRange.java> 821bb1d4 stw r11,0x0(r31) (GhidraScript)  
INFO  DumpRange.java> 821bb1d8 bl 0x821d2fc0 (GhidraScript)  
INFO  DumpRange.java> 821bb1dc lwz r4,0x0(r31) (GhidraScript)  
INFO  DumpRange.java> 821bb1e0 bl 0x821d2fc0 (GhidraScript)  
INFO  DumpRange.java> 821bb1e4 or r27,r3,r3 (GhidraScript)  
INFO  DumpRange.java> 821bb1e8 cmplwi cr6,r27,0x0 (GhidraScript)  
INFO  DumpRange.java> 821bb1ec beq cr6,0x821bb28c (GhidraScript)  
INFO  DumpRange.java> 821bb1f0 addis r31,r30,0x16 (GhidraScript)  
INFO  DumpRange.java> 821bb1f4 li r4,0x30 (GhidraScript)  
INFO  DumpRange.java> 821bb1f8 subi r31,r31,0x5550 (GhidraScript)  
INFO  DumpRange.java> 821bb1fc or r3,r31,r31 (GhidraScript)  
INFO  DumpRange.java> 821bb200 lwz r11,0x0(r31) (GhidraScript)  
INFO  DumpRange.java> 821bb204 lwz r11,0x9c(r11) (GhidraScript)  
INFO  DumpRange.java> 821bb208 mtspr CTR,r11 (GhidraScript)  
INFO  DumpRange.java> 821bb20c bctrl (GhidraScript)  
INFO  DumpRange.java> 821bb210 lwz r11,0x0(r31) (GhidraScript)  
INFO  DumpRange.java> 821bb214 or r3,r31,r31 (GhidraScript)  
INFO  DumpRange.java> 821bb218 lwz r11,0xa0(r11) (GhidraScript)  
INFO  DumpRange.java> 821bb21c mtspr CTR,r11 (GhidraScript)  
INFO  REPORT: Execute script: FindDirectCallsTo.java '0x821bab70'  (HeadlessAnalyzer)  
INFO  SCRIPT: /fastdata/lavaulta/auto-re-agent/workspaces/ace-combat-6/scripts/FindDirectCallsTo.java (HeadlessAnalyzer)  
INFO  FindDirectCallsTo.java> 821b95cc -> 821bab70 bl 0x821bab70 (GhidraScript)  
INFO  REPORT: Execute script: FindPpcRawBranchesTo.java '0x821bab70'  (HeadlessAnalyzer)  
INFO  SCRIPT: /fastdata/lavaulta/auto-re-agent/workspaces/ace-combat-6/scripts/FindPpcRawBranchesTo.java (HeadlessAnalyzer)  
INFO  FindPpcRawBranchesTo.java> 821b95cc -> 0x821bab70 raw=0x480015a5 (GhidraScript)  
INFO  REPORT: Discarding changes to the following read-only file: /default.xex (HeadlessAnalyzer)  
