openjdk version "21.0.11" 2026-04-21
OpenJDK Runtime Environment (build 21.0.11+10-1-26.04.2-Ubuntu)
OpenJDK 64-Bit Server VM (build 21.0.11+10-1-26.04.2-Ubuntu, mixed mode)
INFO  Using log config file: jar:file:/fastdata/lavaulta/auto-re-agent/.tools/ghidra_12.1.2_PUBLIC/Ghidra/Framework/Generic/lib/Generic.jar!/generic.log4j.xml (LoggingInitialization)  
INFO  Using log file: /home/lavaulta/.config/ghidra/ghidra_12.1.2_PUBLIC/application.log (LoggingInitialization)  
INFO  Loading user preferences: /home/lavaulta/.config/ghidra/ghidra_12.1.2_PUBLIC/preferences (Preferences)  
INFO  Searching for classes... (ClassSearcher)  
INFO  Ignoring class 'xexloaderwv.XEXLoaderWVLoader' from '/fastdata/lavaulta/auto-re-agent/.tools/ghidra_12.1.2_PUBLIC/Ghidra/Extensions/XEXLoaderWV/lib/XEXLoaderWV.jar'. Already found at '/fastdata/lavaulta/auto-re-agent/.tools/ghidra_12.1.2_PUBLIC/Ghidra/patch/XEXLoaderWV-java21.jar'. (ClassSearcher)  
INFO  Class search complete (1770 ms) (ClassSearcher)  
INFO  Initializing SSL Context (DefaultSSLContextInitializer)  
INFO  Initializing Random Number Generator... (SecureRandomFactory)  
INFO  Random Number Generator initialization complete: NativePRNGNonBlocking (SecureRandomFactory)  
INFO  Trust manager disabled, cacerts have not been set (DefaultTrustManagerFactory)  
INFO  Headless startup complete (3398 ms) (AnalyzeHeadless)  
INFO  Class searcher loaded 59 extension points (20 false positives) (ClassSearcher)  
INFO  HEADLESS Script Paths:
    /fastdata/lavaulta/auto-re-agent/.tools/ghidra_12.1.2_PUBLIC/Ghidra/Features/MicrosoftCodeAnalyzer/ghidra_scripts
    /fastdata/lavaulta/auto-re-agent/.tools/ghidra_12.1.2_PUBLIC/Ghidra/Features/PDB/ghidra_scripts
    /fastdata/lavaulta/auto-re-agent/.tools/ghidra_12.1.2_PUBLIC/Ghidra/Processors/8051/ghidra_scripts
    /fastdata/lavaulta/auto-re-agent/.tools/ghidra_12.1.2_PUBLIC/Ghidra/Features/Base/ghidra_scripts
    /fastdata/lavaulta/auto-re-agent/workspaces/ace-combat-6/scripts
    /fastdata/lavaulta/auto-re-agent/.tools/ghidra_12.1.2_PUBLIC/Ghidra/Features/FileFormats/ghidra_scripts
    /fastdata/lavaulta/auto-re-agent/.tools/ghidra_12.1.2_PUBLIC/Ghidra/Features/GnuDemangler/ghidra_scripts
    /fastdata/lavaulta/auto-re-agent/.tools/ghidra_12.1.2_PUBLIC/Ghidra/Extensions/ghidra-emotionengine-reloaded/ghidra_scripts
    /fastdata/lavaulta/auto-re-agent/.tools/ghidra_12.1.2_PUBLIC/Ghidra/Features/Decompiler/ghidra_scripts
    /fastdata/lavaulta/auto-re-agent/.tools/ghidra_12.1.2_PUBLIC/Ghidra/Features/FunctionID/ghidra_scripts
    /fastdata/lavaulta/auto-re-agent/.tools/ghidra_12.1.2_PUBLIC/Ghidra/Features/DecompilerDependent/ghidra_scripts
    /fastdata/lavaulta/auto-re-agent/.tools/ghidra_12.1.2_PUBLIC/Ghidra/Processors/DATA/ghidra_scripts
    /fastdata/lavaulta/auto-re-agent/.tools/ghidra_12.1.2_PUBLIC/Ghidra/Debug/Debugger-rmi-trace/ghidra_scripts
    /fastdata/lavaulta/auto-re-agent/.tools/ghidra_12.1.2_PUBLIC/Ghidra/Features/SwiftDemangler/ghidra_scripts
    /fastdata/lavaulta/auto-re-agent/.tools/ghidra_12.1.2_PUBLIC/Ghidra/Debug/Debugger/ghidra_scripts
    /fastdata/lavaulta/auto-re-agent/.tools/ghidra_12.1.2_PUBLIC/Ghidra/Processors/PIC/ghidra_scripts
    /fastdata/lavaulta/auto-re-agent/.tools/ghidra_12.1.2_PUBLIC/Ghidra/Extensions/XEXLoaderWV/ghidra_scripts
    /fastdata/lavaulta/auto-re-agent/.tools/ghidra_12.1.2_PUBLIC/Ghidra/Features/WildcardAssembler/ghidra_scripts
    /fastdata/lavaulta/auto-re-agent/.tools/ghidra_12.1.2_PUBLIC/Ghidra/Features/PyGhidra/ghidra_scripts
    /fastdata/lavaulta/auto-re-agent/.tools/ghidra_12.1.2_PUBLIC/Ghidra/Features/BSim/ghidra_scripts
    /fastdata/lavaulta/auto-re-agent/.tools/ghidra_12.1.2_PUBLIC/Ghidra/Features/VersionTracking/ghidra_scripts
    /fastdata/lavaulta/auto-re-agent/.tools/ghidra_12.1.2_PUBLIC/Ghidra/Features/BytePatterns/ghidra_scripts
    /fastdata/lavaulta/auto-re-agent/.tools/ghidra_12.1.2_PUBLIC/Ghidra/Processors/Atmel/ghidra_scripts
    /fastdata/lavaulta/auto-re-agent/.tools/ghidra_12.1.2_PUBLIC/Ghidra/Features/SystemEmulation/ghidra_scripts
    /fastdata/lavaulta/auto-re-agent/.tools/ghidra_12.1.2_PUBLIC/Ghidra/Processors/JVM/ghidra_scripts (HeadlessAnalyzer)  
INFO  HEADLESS: execution starts (HeadlessAnalyzer)  
INFO  Opening existing project: /fastdata/lavaulta/auto-re-agent/workspaces/ace-combat-6/ghidra-projects/ace-combat-6 (HeadlessAnalyzer)  
INFO  Opening project: /fastdata/lavaulta/auto-re-agent/workspaces/ace-combat-6/ghidra-projects/ace-combat-6 (HeadlessProject)  
INFO  REPORT: Processing read-only project file: /default.xex (HeadlessAnalyzer)  
INFO  REPORT: Execute script: DumpRange.java '0x821b9680' '0x821b9b20'  (HeadlessAnalyzer)  
INFO  SCRIPT: /fastdata/lavaulta/auto-re-agent/workspaces/ace-combat-6/scripts/DumpRange.java (HeadlessAnalyzer)  
INFO  DumpRange.java> 821b9680 stwx r31,r30,r8 (GhidraScript)  
INFO  DumpRange.java> 821b9684 bl 0x821d2fc0 (GhidraScript)  
INFO  DumpRange.java> 821b9688 cmplwi cr6,r3,0x0 (GhidraScript)  
INFO  DumpRange.java> 821b968c beq cr6,0x821b9698 (GhidraScript)  
INFO  DumpRange.java> 821b9690 stw r31,0x2c(r3) (GhidraScript)  
INFO  DumpRange.java> 821b9694 stb r27,0x30(r3) (GhidraScript)  
INFO  DumpRange.java> 821b9698 or r3,r28,r28 (GhidraScript)  
INFO  DumpRange.java> 821b969c lwz r4,0x4c(r30) (GhidraScript)  
INFO  DumpRange.java> 821b96a0 bl 0x821d2fc0 (GhidraScript)  
INFO  DumpRange.java> 821b96a4 cmplwi cr6,r3,0x0 (GhidraScript)  
INFO  DumpRange.java> 821b96a8 beq cr6,0x821b96b4 (GhidraScript)  
INFO  DumpRange.java> 821b96ac stw r31,0x2c(r3) (GhidraScript)  
INFO  DumpRange.java> 821b96b0 stb r27,0x30(r3) (GhidraScript)  
INFO  DumpRange.java> 821b96b4 or r3,r28,r28 (GhidraScript)  
INFO  DumpRange.java> 821b96b8 lwz r4,0x54(r30) (GhidraScript)  
INFO  DumpRange.java> 821b96bc bl 0x821d2fc0 (GhidraScript)  
INFO  DumpRange.java> 821b96c0 cmplwi cr6,r3,0x0 (GhidraScript)  
INFO  DumpRange.java> 821b96c4 beq cr6,0x821b96d0 (GhidraScript)  
INFO  DumpRange.java> 821b96c8 stw r26,0x2c(r3) (GhidraScript)  
INFO  DumpRange.java> 821b96cc stb r31,0x30(r3) (GhidraScript)  
INFO  DumpRange.java> 821b96d0 or r3,r28,r28 (GhidraScript)  
INFO  DumpRange.java> 821b96d4 lwz r4,0x58(r30) (GhidraScript)  
INFO  DumpRange.java> 821b96d8 bl 0x821d2fc0 (GhidraScript)  
INFO  DumpRange.java> 821b96dc cmplwi cr6,r3,0x0 (GhidraScript)  
INFO  DumpRange.java> 821b96e0 beq cr6,0x821b96ec (GhidraScript)  
INFO  DumpRange.java> 821b96e4 stw r27,0x2c(r3) (GhidraScript)  
INFO  DumpRange.java> 821b96e8 stb r31,0x30(r3) (GhidraScript)  
INFO  DumpRange.java> 821b96ec lis r11,-0x7d8a (GhidraScript)  
INFO  DumpRange.java> 821b96f0 stw r31,0x24(r30) (GhidraScript)  
INFO  DumpRange.java> 821b96f4 stb r31,0x28(r30) (GhidraScript)  
INFO  DumpRange.java> 821b96f8 or r4,r29,r29 (GhidraScript)  
INFO  DumpRange.java> 821b96fc stb r31,0x29(r30) (GhidraScript)  
INFO  DumpRange.java> 821b9700 stb r31,0x2a(r30) (GhidraScript)  
INFO  DumpRange.java> 821b9704 stw r31,0x2c(r30) (GhidraScript)  
INFO  DumpRange.java> 821b9708 lwz r3,0x5b88(r11) (GhidraScript)  
INFO  DumpRange.java> 821b970c stw r31,0x30(r30) (GhidraScript)  
INFO  DumpRange.java> 821b9710 stw r31,0x14(r30) (GhidraScript)  
INFO  DumpRange.java> 821b9714 stb r31,0x38(r30) (GhidraScript)  
INFO  DumpRange.java> 821b9718 stb r31,0x39(r30) (GhidraScript)  
INFO  DumpRange.java> 821b971c stw r31,0x3c(r30) (GhidraScript)  
INFO  DumpRange.java> 821b9720 stw r31,0x40(r30) (GhidraScript)  
INFO  DumpRange.java> 821b9724 lwz r11,0x0(r3) (GhidraScript)  
INFO  DumpRange.java> 821b9728 lwz r11,0xc(r11) (GhidraScript)  
INFO  DumpRange.java> 821b972c mtspr CTR,r11 (GhidraScript)  
INFO  DumpRange.java> 821b9730 bctrl (GhidraScript)  
INFO  DumpRange.java> 821b9734 or r3,r30,r30 (GhidraScript)  
INFO  DumpRange.java> 821b9738 addi r1,r1,0x90 (GhidraScript)  
INFO  DumpRange.java> 821b973c b 0x82382f40 (GhidraScript)  
INFO  DumpRange.java> 821b9740 mfspr r12,LR (GhidraScript)  
INFO  DumpRange.java> 821b9744 bl 0x82382ef8 (GhidraScript)  
INFO  DumpRange.java> 821b9748 stwu r1,-0x80(r1) (GhidraScript)  
INFO  DumpRange.java> 821b974c lis r11,-0x7dfa (GhidraScript)  
INFO  DumpRange.java> 821b9750 or r31,r3,r3 (GhidraScript)  
INFO  DumpRange.java> 821b9754 addi r11,r11,0x5ac4 (GhidraScript)  
INFO  DumpRange.java> 821b9758 addis r3,r31,0x16 (GhidraScript)  
INFO  DumpRange.java> 821b975c subi r3,r3,0x48f0 (GhidraScript)  
INFO  DumpRange.java> 821b9760 stw r11,0x0(r31) (GhidraScript)  
INFO  DumpRange.java> 821b9764 bl 0x8228c2d8 (GhidraScript)  
INFO  DumpRange.java> 821b9768 addis r3,r31,0x16 (GhidraScript)  
INFO  DumpRange.java> 821b976c subi r3,r3,0x5550 (GhidraScript)  
INFO  DumpRange.java> 821b9770 bl 0x8228b7c0 (GhidraScript)  
INFO  DumpRange.java> 821b9774 addis r30,r31,0x16 (GhidraScript)  
INFO  DumpRange.java> 821b9778 lis r11,-0x7dfa (GhidraScript)  
INFO  DumpRange.java> 821b977c subi r30,r30,0x56ac (GhidraScript)  
INFO  DumpRange.java> 821b9780 lis r10,-0x7dfa (GhidraScript)  
INFO  DumpRange.java> 821b9784 subi r11,r11,0x2234 (GhidraScript)  
INFO  DumpRange.java> 821b9788 subi r10,r10,0x5748 (GhidraScript)  
INFO  DumpRange.java> 821b978c addi r3,r30,0x4 (GhidraScript)  
INFO  DumpRange.java> 821b9790 stw r11,0x0(r30) (GhidraScript)  
INFO  DumpRange.java> 821b9794 stw r10,0x0(r3) (GhidraScript)  
INFO  DumpRange.java> 821b9798 bl 0x820d8da0 (GhidraScript)  
INFO  DumpRange.java> 821b979c lis r7,-0x7dfb (GhidraScript)  
INFO  DumpRange.java> 821b97a0 lis r8,-0x7dfa (GhidraScript)  
INFO  DumpRange.java> 821b97a4 addi r29,r7,0x69cc (GhidraScript)  
INFO  DumpRange.java> 821b97a8 lis r7,-0x7dfb (GhidraScript)  
INFO  DumpRange.java> 821b97ac addis r10,r31,0x16 (GhidraScript)  
INFO  DumpRange.java> 821b97b0 addi r28,r7,0x4db0 (GhidraScript)  
INFO  DumpRange.java> 821b97b4 addis r9,r31,0xe (GhidraScript)  
INFO  DumpRange.java> 821b97b8 subi r8,r8,0x5e34 (GhidraScript)  
INFO  DumpRange.java> 821b97bc addis r11,r31,0x1 (GhidraScript)  
INFO  DumpRange.java> 821b97c0 lis r7,-0x7dfa (GhidraScript)  
INFO  DumpRange.java> 821b97c4 subi r10,r10,0x56c4 (GhidraScript)  
INFO  DumpRange.java> 821b97c8 subi r9,r9,0x5700 (GhidraScript)  
INFO  DumpRange.java> 821b97cc addi r11,r11,0x7de0 (GhidraScript)  
INFO  DumpRange.java> 821b97d0 stw r8,0x0(r30) (GhidraScript)  
INFO  DumpRange.java> 821b97d4 addi r7,r7,0x79a0 (GhidraScript)  
INFO  DumpRange.java> 821b97d8 addi r3,r11,0x190 (GhidraScript)  
INFO  DumpRange.java> 821b97dc stw r29,0x0(r10) (GhidraScript)  
INFO  DumpRange.java> 821b97e0 stw r28,0x0(r9) (GhidraScript)  
INFO  DumpRange.java> 821b97e4 stw r7,0x0(r11) (GhidraScript)  
INFO  DumpRange.java> 821b97e8 bl 0x821c3190 (GhidraScript)  
INFO  DumpRange.java> 821b97ec addis r11,r31,0x1 (GhidraScript)  
INFO  DumpRange.java> 821b97f0 lis r10,-0x7dfa (GhidraScript)  
INFO  DumpRange.java> 821b97f4 lis r9,-0x7dfa (GhidraScript)  
INFO  DumpRange.java> 821b97f8 lis r8,-0x7dfa (GhidraScript)  
INFO  DumpRange.java> 821b97fc subi r11,r11,0x3c68 (GhidraScript)  
INFO  DumpRange.java> 821b9800 subi r10,r10,0x2520 (GhidraScript)  
INFO  DumpRange.java> 821b9804 addi r9,r9,0x79f4 (GhidraScript)  
INFO  DumpRange.java> 821b9808 addi r8,r8,0x766c (GhidraScript)  
INFO  DumpRange.java> 821b980c stw r28,0x0(r11) (GhidraScript)  
INFO  DumpRange.java> 821b9810 stw r10,0x61a8(r11) (GhidraScript)  
INFO  DumpRange.java> 821b9814 stw r9,0x60(r31) (GhidraScript)  
INFO  DumpRange.java> 821b9818 stw r8,0x218(r31) (GhidraScript)  
INFO  DumpRange.java> 821b981c stw r29,0x0(r31) (GhidraScript)  
INFO  DumpRange.java> 821b9820 addi r1,r1,0x80 (GhidraScript)  
INFO  DumpRange.java> 821b9824 b 0x82382f48 (GhidraScript)  
INFO  DumpRange.java> 821b9828 mfspr r12,LR (GhidraScript)  
INFO  DumpRange.java> 821b982c bl 0x82382efc (GhidraScript)  
INFO  DumpRange.java> 821b9830 stwu r1,-0x70(r1) (GhidraScript)  
INFO  DumpRange.java> 821b9834 lis r30,-0x7d8a (GhidraScript)  
INFO  DumpRange.java> 821b9838 or r31,r3,r3 (GhidraScript)  
INFO  DumpRange.java> 821b983c lwz r3,-0x70d0(r30) (GhidraScript)  
INFO  DumpRange.java> 821b9840 bl 0x82222230 (GhidraScript)  
INFO  DumpRange.java> 821b9844 or r4,r3,r3 (GhidraScript)  
INFO  DumpRange.java> 821b9848 lwz r3,-0x70d0(r30) (GhidraScript)  
INFO  DumpRange.java> 821b984c stb r4,0x22(r31) (GhidraScript)  
INFO  DumpRange.java> 821b9850 stb r4,0x21(r31) (GhidraScript)  
INFO  DumpRange.java> 821b9854 bl 0x82222280 (GhidraScript)  
INFO  DumpRange.java> 821b9858 lwz r3,-0x70d0(r30) (GhidraScript)  
INFO  DumpRange.java> 821b985c lwz r11,0x0(r3) (GhidraScript)  
INFO  DumpRange.java> 821b9860 lwz r11,0x4(r11) (GhidraScript)  
INFO  DumpRange.java> 821b9864 mtspr CTR,r11 (GhidraScript)  
INFO  DumpRange.java> 821b9868 bctrl (GhidraScript)  
INFO  DumpRange.java> 821b986c lwz r3,-0x70d0(r30) (GhidraScript)  
INFO  DumpRange.java> 821b9870 li r4,0x1 (GhidraScript)  
INFO  DumpRange.java> 821b9874 lwz r11,0x0(r3) (GhidraScript)  
INFO  DumpRange.java> 821b9878 lwz r11,0x8(r11) (GhidraScript)  
INFO  DumpRange.java> 821b987c mtspr CTR,r11 (GhidraScript)  
INFO  DumpRange.java> 821b9880 bctrl (GhidraScript)  
INFO  DumpRange.java> 821b9884 lis r11,-0x7de4 (GhidraScript)  
INFO  DumpRange.java> 821b9888 subi r11,r11,0x32a8 (GhidraScript)  
INFO  DumpRange.java> 821b988c stw r11,0x10(r31) (GhidraScript)  
INFO  DumpRange.java> 821b9890 rlwinm r11,r11,0x0,0x0,0x1f (GhidraScript)  
INFO  DumpRange.java> 821b9894 mtspr CTR,r11 (GhidraScript)  
INFO  DumpRange.java> 821b9898 bctrl (GhidraScript)  
INFO  DumpRange.java> 821b989c lis r11,-0x7d8a (GhidraScript)  
INFO  DumpRange.java> 821b98a0 or r4,r3,r3 (GhidraScript)  
INFO  DumpRange.java> 821b98a4 lwz r3,0x5b88(r11) (GhidraScript)  
INFO  DumpRange.java> 821b98a8 stw r4,0x8(r31) (GhidraScript)  
INFO  DumpRange.java> 821b98ac lwz r11,0x0(r3) (GhidraScript)  
INFO  DumpRange.java> 821b98b0 lwz r11,0xc(r11) (GhidraScript)  
INFO  DumpRange.java> 821b98b4 mtspr CTR,r11 (GhidraScript)  
INFO  DumpRange.java> 821b98b8 bctrl (GhidraScript)  
INFO  DumpRange.java> 821b98bc lwz r3,0x8(r31) (GhidraScript)  
INFO  DumpRange.java> 821b98c0 lwz r11,0x0(r3) (GhidraScript)  
INFO  DumpRange.java> 821b98c4 lwz r11,0x2c(r11) (GhidraScript)  
INFO  DumpRange.java> 821b98c8 mtspr CTR,r11 (GhidraScript)  
INFO  DumpRange.java> 821b98cc bctrl (GhidraScript)  
INFO  DumpRange.java> 821b98d0 addi r29,r31,0x60 (GhidraScript)  
INFO  DumpRange.java> 821b98d4 or r3,r29,r29 (GhidraScript)  
INFO  DumpRange.java> 821b98d8 bl 0x821ce088 (GhidraScript)  
INFO  DumpRange.java> 821b98dc lis r11,0x0 (GhidraScript)  
INFO  DumpRange.java> 821b98e0 addis r3,r31,0x1 (GhidraScript)  
INFO  DumpRange.java> 821b98e4 li r30,0x0 (GhidraScript)  
INFO  DumpRange.java> 821b98e8 ori r11,r11,0xc39c (GhidraScript)  
INFO  DumpRange.java> 821b98ec addi r3,r3,0x7de0 (GhidraScript)  
INFO  DumpRange.java> 821b98f0 stwx r30,r31,r11 (GhidraScript)  
INFO  DumpRange.java> 821b98f4 stw r30,0x4(r3) (GhidraScript)  
INFO  DumpRange.java> 821b98f8 stw r30,0x8(r3) (GhidraScript)  
INFO  DumpRange.java> 821b98fc bl 0x821c36f0 (GhidraScript)  
INFO  DumpRange.java> 821b9900 lis r11,-0x7dfb (GhidraScript)  
INFO  DumpRange.java> 821b9904 lis r10,0x1 (GhidraScript)  
INFO  DumpRange.java> 821b9908 addis r8,r31,0x1 (GhidraScript)  
INFO  DumpRange.java> 821b990c ori r9,r10,0x7de4 (GhidraScript)  
INFO  DumpRange.java> 821b9910 lis r10,0x1 (GhidraScript)  
INFO  DumpRange.java> 821b9914 lfs f0,0x42b8(r11) (GhidraScript)  
INFO  DumpRange.java> 821b9918 addis r11,r31,0xe (GhidraScript)  
INFO  DumpRange.java> 821b991c ori r7,r10,0x7de8 (GhidraScript)  
INFO  DumpRange.java> 821b9920 subi r8,r8,0x3c68 (GhidraScript)  
INFO  DumpRange.java> 821b9924 subi r11,r11,0x5700 (GhidraScript)  
INFO  DumpRange.java> 821b9928 stwx r29,r31,r9 (GhidraScript)  
INFO  DumpRange.java> 821b992c li r10,-0x1 (GhidraScript)  
INFO  DumpRange.java> 821b9930 li r5,0x4 (GhidraScript)  
INFO  DumpRange.java> 821b9934 li r4,0x0 (GhidraScript)  
INFO  DumpRange.java> 821b9938 addi r3,r11,0x34 (GhidraScript)  
INFO  DumpRange.java> 821b993c stwx r8,r31,r7 (GhidraScript)  
INFO  DumpRange.java> 821b9940 stfs f0,0x14(r11) (GhidraScript)  
INFO  DumpRange.java> 821b9944 stw r30,0x4(r11) (GhidraScript)  
INFO  DumpRange.java> 821b9948 stw r30,0x18(r11) (GhidraScript)  
INFO  DumpRange.java> 821b994c stw r10,0x1c(r11) (GhidraScript)  
INFO  DumpRange.java> 821b9950 stw r10,0x20(r11) (GhidraScript)  
INFO  DumpRange.java> 821b9954 stw r10,0x24(r11) (GhidraScript)  
INFO  DumpRange.java> 821b9958 stw r30,0x28(r11) (GhidraScript)  
INFO  DumpRange.java> 821b995c stw r30,0x2c(r11) (GhidraScript)  
INFO  DumpRange.java> 821b9960 stw r30,0x30(r11) (GhidraScript)  
INFO  DumpRange.java> 821b9964 bl 0x821f3bb0 (GhidraScript)  
INFO  DumpRange.java> 821b9968 lis r3,0x40 (GhidraScript)  
INFO  DumpRange.java> 821b996c bl 0x820d9218 (GhidraScript)  
INFO  DumpRange.java> 821b9970 addis r3,r31,0x16 (GhidraScript)  
INFO  DumpRange.java> 821b9974 subi r3,r3,0x56ac (GhidraScript)  
INFO  DumpRange.java> 821b9978 bl 0x82153838 (GhidraScript)  
INFO  DumpRange.java> 821b997c stb r30,0x20(r31) (GhidraScript)  
INFO  DumpRange.java> 821b9980 stw r30,0x24(r31) (GhidraScript)  
INFO  DumpRange.java> 821b9984 stb r30,0x28(r31) (GhidraScript)  
INFO  DumpRange.java> 821b9988 stb r30,0x29(r31) (GhidraScript)  
INFO  DumpRange.java> 821b998c stb r30,0x2a(r31) (GhidraScript)  
INFO  DumpRange.java> 821b9990 stw r30,0x2c(r31) (GhidraScript)  
INFO  DumpRange.java> 821b9994 stw r30,0x30(r31) (GhidraScript)  
INFO  DumpRange.java> 821b9998 stw r30,0x14(r31) (GhidraScript)  
INFO  DumpRange.java> 821b999c stb r30,0x38(r31) (GhidraScript)  
INFO  DumpRange.java> 821b99a0 stb r30,0x39(r31) (GhidraScript)  
INFO  DumpRange.java> 821b99a4 stw r30,0x3c(r31) (GhidraScript)  
INFO  DumpRange.java> 821b99a8 stw r30,0x40(r31) (GhidraScript)  
INFO  DumpRange.java> 821b99ac addi r1,r1,0x70 (GhidraScript)  
INFO  DumpRange.java> 821b99b0 b 0x82382f4c (GhidraScript)  
INFO  DumpRange.java> 821b99b4 <not-disassembled> (GhidraScript)  
INFO  DumpRange.java> 821b99b8 mfspr r12,LR (GhidraScript)  
INFO  DumpRange.java> 821b99bc bl 0x82382ee4 (GhidraScript)  
INFO  DumpRange.java> 821b99c0 stwu r1,-0xa0(r1) (GhidraScript)  
INFO  DumpRange.java> 821b99c4 or r31,r3,r3 (GhidraScript)  
INFO  DumpRange.java> 821b99c8 addi r27,r31,0x60 (GhidraScript)  
INFO  DumpRange.java> 821b99cc or r3,r27,r27 (GhidraScript)  
INFO  DumpRange.java> 821b99d0 bl 0x821ce168 (GhidraScript)  
INFO  DumpRange.java> 821b99d4 lwz r11,0x8(r31) (GhidraScript)  
INFO  DumpRange.java> 821b99d8 li r25,0x0 (GhidraScript)  
INFO  DumpRange.java> 821b99dc cmplwi cr6,r11,0x0 (GhidraScript)  
INFO  DumpRange.java> 821b99e0 lis r26,-0x7d92 (GhidraScript)  
INFO  DumpRange.java> 821b99e4 beq cr6,0x821b9b38 (GhidraScript)  
INFO  DumpRange.java> 821b99e8 lwz r11,0x10(r11) (GhidraScript)  
INFO  DumpRange.java> 821b99ec cmpwi cr6,r11,0x1 (GhidraScript)  
INFO  DumpRange.java> 821b99f0 bne cr6,0x821b9b38 (GhidraScript)  
INFO  DumpRange.java> 821b99f4 lis r11,0x2 (GhidraScript)  
INFO  DumpRange.java> 821b99f8 ori r30,r11,0x9c80 (GhidraScript)  
INFO  DumpRange.java> 821b99fc lwz r11,0x4eb4(r26) (GhidraScript)  
INFO  DumpRange.java> 821b9a00 lwzx r3,r11,r30 (GhidraScript)  
INFO  DumpRange.java> 821b9a04 lwz r11,0x0(r3) (GhidraScript)  
INFO  DumpRange.java> 821b9a08 lwz r11,0x48(r11) (GhidraScript)  
INFO  DumpRange.java> 821b9a0c mtspr CTR,r11 (GhidraScript)  
INFO  DumpRange.java> 821b9a10 bctrl (GhidraScript)  
INFO  DumpRange.java> 821b9a14 rlwinm r11,r3,0x0,0x18,0x1f (GhidraScript)  
INFO  DumpRange.java> 821b9a18 cmplwi cr6,r11,0x0 (GhidraScript)  
INFO  DumpRange.java> 821b9a1c lis r11,-0x7d96 (GhidraScript)  
INFO  DumpRange.java> 821b9a20 addi r29,r11,0x7b4 (GhidraScript)  
INFO  DumpRange.java> 821b9a24 bne cr6,0x821b9a70 (GhidraScript)  
INFO  DumpRange.java> 821b9a28 lwz r11,0x4eb4(r26) (GhidraScript)  
INFO  DumpRange.java> 821b9a2c lwzx r3,r11,r30 (GhidraScript)  
INFO  DumpRange.java> 821b9a30 lwz r11,0x260(r3) (GhidraScript)  
INFO  DumpRange.java> 821b9a34 cmpwi cr6,r11,0xb (GhidraScript)  
INFO  DumpRange.java> 821b9a38 beq cr6,0x821b9a70 (GhidraScript)  
INFO  DumpRange.java> 821b9a3c lbz r11,0x6c(r31) (GhidraScript)  
INFO  DumpRange.java> 821b9a40 cmplwi cr6,r11,0x0 (GhidraScript)  
INFO  DumpRange.java> 821b9a44 bne cr6,0x821b9a60 (GhidraScript)  
INFO  DumpRange.java> 821b9a48 lbz r11,0x18(r29) (GhidraScript)  
INFO  DumpRange.java> 821b9a4c cmplwi cr6,r11,0x0 (GhidraScript)  
INFO  DumpRange.java> 821b9a50 beq cr6,0x821b9a60 (GhidraScript)  
INFO  DumpRange.java> 821b9a54 lwz r11,0x2c(r31) (GhidraScript)  
INFO  DumpRange.java> 821b9a58 cmpwi cr6,r11,0x0 (GhidraScript)  
INFO  DumpRange.java> 821b9a5c beq cr6,0x821b9a70 (GhidraScript)  
INFO  DumpRange.java> 821b9a60 lwz r11,0x0(r3) (GhidraScript)  
INFO  DumpRange.java> 821b9a64 lwz r11,0x40(r11) (GhidraScript)  
INFO  DumpRange.java> 821b9a68 mtspr CTR,r11 (GhidraScript)  
INFO  DumpRange.java> 821b9a6c bctrl (GhidraScript)  
INFO  DumpRange.java> 821b9a70 lwz r11,0x4eb4(r26) (GhidraScript)  
INFO  DumpRange.java> 821b9a74 lwzx r3,r11,r30 (GhidraScript)  
INFO  DumpRange.java> 821b9a78 lwz r11,0x0(r3) (GhidraScript)  
INFO  DumpRange.java> 821b9a7c lwz r11,0x48(r11) (GhidraScript)  
INFO  DumpRange.java> 821b9a80 mtspr CTR,r11 (GhidraScript)  
INFO  DumpRange.java> 821b9a84 bctrl (GhidraScript)  
INFO  DumpRange.java> 821b9a88 rlwinm r11,r3,0x0,0x18,0x1f (GhidraScript)  
INFO  DumpRange.java> 821b9a8c cmplwi cr6,r11,0x0 (GhidraScript)  
INFO  DumpRange.java> 821b9a90 beq cr6,0x821b9ad0 (GhidraScript)  
INFO  DumpRange.java> 821b9a94 lbz r11,0x6c(r31) (GhidraScript)  
INFO  DumpRange.java> 821b9a98 cmplwi cr6,r11,0x0 (GhidraScript)  
INFO  DumpRange.java> 821b9a9c bne cr6,0x821b9ad0 (GhidraScript)  
INFO  DumpRange.java> 821b9aa0 lbz r11,0x18(r29) (GhidraScript)  
INFO  DumpRange.java> 821b9aa4 cmplwi cr6,r11,0x0 (GhidraScript)  
INFO  DumpRange.java> 821b9aa8 beq cr6,0x821b9ad0 (GhidraScript)  
INFO  DumpRange.java> 821b9aac lwz r11,0x2c(r31) (GhidraScript)  
INFO  DumpRange.java> 821b9ab0 cmpwi cr6,r11,0x0 (GhidraScript)  
INFO  DumpRange.java> 821b9ab4 bne cr6,0x821b9ad0 (GhidraScript)  
INFO  DumpRange.java> 821b9ab8 lwz r11,0x4eb4(r26) (GhidraScript)  
INFO  DumpRange.java> 821b9abc lwzx r3,r11,r30 (GhidraScript)  
INFO  DumpRange.java> 821b9ac0 lwz r11,0x0(r3) (GhidraScript)  
INFO  DumpRange.java> 821b9ac4 lwz r11,0x44(r11) (GhidraScript)  
INFO  DumpRange.java> 821b9ac8 mtspr CTR,r11 (GhidraScript)  
INFO  DumpRange.java> 821b9acc bctrl (GhidraScript)  
INFO  DumpRange.java> 821b9ad0 lwz r11,0x4eb4(r26) (GhidraScript)  
INFO  DumpRange.java> 821b9ad4 lwzx r3,r11,r30 (GhidraScript)  
INFO  DumpRange.java> 821b9ad8 lwz r11,0x0(r3) (GhidraScript)  
INFO  DumpRange.java> 821b9adc lwz r11,0x48(r11) (GhidraScript)  
INFO  DumpRange.java> 821b9ae0 mtspr CTR,r11 (GhidraScript)  
INFO  DumpRange.java> 821b9ae4 bctrl (GhidraScript)  
INFO  DumpRange.java> 821b9ae8 rlwinm r11,r3,0x0,0x18,0x1f (GhidraScript)  
INFO  DumpRange.java> 821b9aec cmplwi cr6,r11,0x0 (GhidraScript)  
INFO  DumpRange.java> 821b9af0 lis r11,-0x7dfb (GhidraScript)  
INFO  DumpRange.java> 821b9af4 lfs f0,0x42b8(r11) (GhidraScript)  
INFO  DumpRange.java> 821b9af8 lis r11,-0x7dc0 (GhidraScript)  
INFO  DumpRange.java> 821b9afc subi r11,r11,0x4c5c (GhidraScript)  
INFO  DumpRange.java> 821b9b00 beq cr6,0x821b9b20 (GhidraScript)  
INFO  DumpRange.java> 821b9b04 lis r10,-0x7df9 (GhidraScript)  
INFO  DumpRange.java> 821b9b08 stfs f0,0x4(r11) (GhidraScript)  
INFO  DumpRange.java> 821b9b0c stfs f0,0x8(r11) (GhidraScript)  
INFO  DumpRange.java> 821b9b10 stfs f0,0xc(r11) (GhidraScript)  
INFO  DumpRange.java> 821b9b14 lfs f0,-0x634c(r10) (GhidraScript)  
INFO  DumpRange.java> 821b9b18 stfs f0,0x10(r11) (GhidraScript)  
INFO  DumpRange.java> 821b9b1c b 0x821b9b38 (GhidraScript)  
INFO  REPORT: Execute script: FindDirectCallsTo.java '0x821b9754'  (HeadlessAnalyzer)  
INFO  SCRIPT: /fastdata/lavaulta/auto-re-agent/workspaces/ace-combat-6/scripts/FindDirectCallsTo.java (HeadlessAnalyzer)  
INFO  REPORT: Discarding changes to the following read-only file: /default.xex (HeadlessAnalyzer)  
