openjdk version "21.0.11" 2026-04-21
OpenJDK Runtime Environment (build 21.0.11+10-1-26.04.2-Ubuntu)
OpenJDK 64-Bit Server VM (build 21.0.11+10-1-26.04.2-Ubuntu, mixed mode)
INFO  Using log config file: jar:file:/fastdata/lavaulta/auto-re-agent/.tools/ghidra_12.1.2_PUBLIC/Ghidra/Framework/Generic/lib/Generic.jar!/generic.log4j.xml (LoggingInitialization)  
INFO  Using log file: /home/lavaulta/.config/ghidra/ghidra_12.1.2_PUBLIC/application.log (LoggingInitialization)  
INFO  Loading user preferences: /home/lavaulta/.config/ghidra/ghidra_12.1.2_PUBLIC/preferences (Preferences)  
INFO  Searching for classes... (ClassSearcher)  
INFO  Ignoring class 'xexloaderwv.XEXLoaderWVLoader' from '/fastdata/lavaulta/auto-re-agent/.tools/ghidra_12.1.2_PUBLIC/Ghidra/Extensions/XEXLoaderWV/lib/XEXLoaderWV.jar'. Already found at '/fastdata/lavaulta/auto-re-agent/.tools/ghidra_12.1.2_PUBLIC/Ghidra/patch/XEXLoaderWV-java21.jar'. (ClassSearcher)  
INFO  Class search complete (1588 ms) (ClassSearcher)  
INFO  Initializing SSL Context (DefaultSSLContextInitializer)  
INFO  Initializing Random Number Generator... (SecureRandomFactory)  
INFO  Random Number Generator initialization complete: NativePRNGNonBlocking (SecureRandomFactory)  
INFO  Trust manager disabled, cacerts have not been set (DefaultTrustManagerFactory)  
INFO  Headless startup complete (3169 ms) (AnalyzeHeadless)  
INFO  Class searcher loaded 59 extension points (20 false positives) (ClassSearcher)  
INFO  HEADLESS Script Paths:
    /fastdata/lavaulta/auto-re-agent/.tools/ghidra_12.1.2_PUBLIC/Ghidra/Features/MicrosoftCodeAnalyzer/ghidra_scripts
    /fastdata/lavaulta/auto-re-agent/.tools/ghidra_12.1.2_PUBLIC/Ghidra/Features/PDB/ghidra_scripts
    /fastdata/lavaulta/auto-re-agent/.tools/ghidra_12.1.2_PUBLIC/Ghidra/Processors/8051/ghidra_scripts
    /fastdata/lavaulta/auto-re-agent/.tools/ghidra_12.1.2_PUBLIC/Ghidra/Features/Base/ghidra_scripts
    /fastdata/lavaulta/auto-re-agent/workspaces/ace-combat-6/scripts
    /fastdata/lavaulta/auto-re-agent/.tools/ghidra_12.1.2_PUBLIC/Ghidra/Features/FileFormats/ghidra_scripts
    /fastdata/lavaulta/auto-re-agent/.tools/ghidra_12.1.2_PUBLIC/Ghidra/Features/GnuDemangler/ghidra_scripts
    /fastdata/lavaulta/auto-re-agent/.tools/ghidra_12.1.2_PUBLIC/Ghidra/Extensions/ghidra-emotionengine-reloaded/ghidra_scripts
    /fastdata/lavaulta/auto-re-agent/.tools/ghidra_12.1.2_PUBLIC/Ghidra/Features/Decompiler/ghidra_scripts
    /fastdata/lavaulta/auto-re-agent/.tools/ghidra_12.1.2_PUBLIC/Ghidra/Features/FunctionID/ghidra_scripts
    /fastdata/lavaulta/auto-re-agent/.tools/ghidra_12.1.2_PUBLIC/Ghidra/Features/DecompilerDependent/ghidra_scripts
    /fastdata/lavaulta/auto-re-agent/.tools/ghidra_12.1.2_PUBLIC/Ghidra/Processors/DATA/ghidra_scripts
    /fastdata/lavaulta/auto-re-agent/.tools/ghidra_12.1.2_PUBLIC/Ghidra/Debug/Debugger-rmi-trace/ghidra_scripts
    /fastdata/lavaulta/auto-re-agent/.tools/ghidra_12.1.2_PUBLIC/Ghidra/Features/SwiftDemangler/ghidra_scripts
    /fastdata/lavaulta/auto-re-agent/.tools/ghidra_12.1.2_PUBLIC/Ghidra/Debug/Debugger/ghidra_scripts
    /fastdata/lavaulta/auto-re-agent/.tools/ghidra_12.1.2_PUBLIC/Ghidra/Processors/PIC/ghidra_scripts
    /fastdata/lavaulta/auto-re-agent/.tools/ghidra_12.1.2_PUBLIC/Ghidra/Extensions/XEXLoaderWV/ghidra_scripts
    /fastdata/lavaulta/auto-re-agent/.tools/ghidra_12.1.2_PUBLIC/Ghidra/Features/WildcardAssembler/ghidra_scripts
    /fastdata/lavaulta/auto-re-agent/.tools/ghidra_12.1.2_PUBLIC/Ghidra/Features/PyGhidra/ghidra_scripts
    /fastdata/lavaulta/auto-re-agent/.tools/ghidra_12.1.2_PUBLIC/Ghidra/Features/BSim/ghidra_scripts
    /fastdata/lavaulta/auto-re-agent/.tools/ghidra_12.1.2_PUBLIC/Ghidra/Features/VersionTracking/ghidra_scripts
    /fastdata/lavaulta/auto-re-agent/.tools/ghidra_12.1.2_PUBLIC/Ghidra/Features/BytePatterns/ghidra_scripts
    /fastdata/lavaulta/auto-re-agent/.tools/ghidra_12.1.2_PUBLIC/Ghidra/Processors/Atmel/ghidra_scripts
    /fastdata/lavaulta/auto-re-agent/.tools/ghidra_12.1.2_PUBLIC/Ghidra/Features/SystemEmulation/ghidra_scripts
    /fastdata/lavaulta/auto-re-agent/.tools/ghidra_12.1.2_PUBLIC/Ghidra/Processors/JVM/ghidra_scripts (HeadlessAnalyzer)  
INFO  HEADLESS: execution starts (HeadlessAnalyzer)  
INFO  Opening existing project: /fastdata/lavaulta/auto-re-agent/workspaces/ace-combat-6/ghidra-projects/ace-combat-6 (HeadlessAnalyzer)  
INFO  Opening project: /fastdata/lavaulta/auto-re-agent/workspaces/ace-combat-6/ghidra-projects/ace-combat-6 (HeadlessProject)  
INFO  REPORT: Processing read-only project file: /default.xex (HeadlessAnalyzer)  
INFO  REPORT: Execute script: DumpRange.java '0x821d64f0' '0x821d6780'  (HeadlessAnalyzer)  
INFO  SCRIPT: /fastdata/lavaulta/auto-re-agent/workspaces/ace-combat-6/scripts/DumpRange.java (HeadlessAnalyzer)  
INFO  DumpRange.java> 821d64f0 lwz r11,0x0(r3) (GhidraScript)  
INFO  DumpRange.java> 821d64f4 lwz r11,0x4(r11) (GhidraScript)  
INFO  DumpRange.java> 821d64f8 mtspr CTR,r11 (GhidraScript)  
INFO  DumpRange.java> 821d64fc bctrl (GhidraScript)  
INFO  DumpRange.java> 821d6500 li r6,0x0 (GhidraScript)  
INFO  DumpRange.java> 821d6504 li r5,0x10 (GhidraScript)  
INFO  DumpRange.java> 821d6508 lwz r3,-0x70d0(r24) (GhidraScript)  
INFO  DumpRange.java> 821d650c li r4,0x5658 (GhidraScript)  
INFO  DumpRange.java> 821d6510 lwz r31,0x4eb4(r28) (GhidraScript)  
INFO  DumpRange.java> 821d6514 bl 0x82222e98 (GhidraScript)  
INFO  DumpRange.java> 821d6518 cmplwi cr6,r3,0x0 (GhidraScript)  
INFO  DumpRange.java> 821d651c bne cr6,0x821d6528 (GhidraScript)  
INFO  DumpRange.java> 821d6520 or r30,r23,r23 (GhidraScript)  
INFO  DumpRange.java> 821d6524 b 0x821d6530 (GhidraScript)  
INFO  DumpRange.java> 821d6528 bl 0x8215a7c8 (GhidraScript)  
INFO  DumpRange.java> 821d652c or r30,r3,r3 (GhidraScript)  
INFO  DumpRange.java> 821d6530 lis r4,0x0 (GhidraScript)  
INFO  DumpRange.java> 821d6534 lwz r3,-0x70d0(r24) (GhidraScript)  
INFO  DumpRange.java> 821d6538 li r6,0x0 (GhidraScript)  
INFO  DumpRange.java> 821d653c stw r30,0xa4(r31) (GhidraScript)  
INFO  DumpRange.java> 821d6540 li r5,0x10 (GhidraScript)  
INFO  DumpRange.java> 821d6544 ori r4,r4,0x83f8 (GhidraScript)  
INFO  DumpRange.java> 821d6548 bl 0x82222e98 (GhidraScript)  
INFO  DumpRange.java> 821d654c cmplwi cr6,r3,0x0 (GhidraScript)  
INFO  DumpRange.java> 821d6550 bne cr6,0x821d655c (GhidraScript)  
INFO  DumpRange.java> 821d6554 or r27,r23,r23 (GhidraScript)  
INFO  DumpRange.java> 821d6558 b 0x821d6564 (GhidraScript)  
INFO  DumpRange.java> 821d655c bl 0x82165750 (GhidraScript)  
INFO  DumpRange.java> 821d6560 or r27,r3,r3 (GhidraScript)  
INFO  DumpRange.java> 821d6564 li r6,0x0 (GhidraScript)  
INFO  DumpRange.java> 821d6568 lwz r3,-0x70d0(r24) (GhidraScript)  
INFO  DumpRange.java> 821d656c li r5,0x10 (GhidraScript)  
INFO  DumpRange.java> 821d6570 li r4,0x17f8 (GhidraScript)  
INFO  DumpRange.java> 821d6574 bl 0x82222e98 (GhidraScript)  
INFO  DumpRange.java> 821d6578 cmplwi cr6,r3,0x0 (GhidraScript)  
INFO  DumpRange.java> 821d657c bne cr6,0x821d6588 (GhidraScript)  
INFO  DumpRange.java> 821d6580 or r29,r23,r23 (GhidraScript)  
INFO  DumpRange.java> 821d6584 b 0x821d6590 (GhidraScript)  
INFO  DumpRange.java> 821d6588 bl 0x82171098 (GhidraScript)  
INFO  DumpRange.java> 821d658c or r29,r3,r3 (GhidraScript)  
INFO  DumpRange.java> 821d6590 li r6,0x0 (GhidraScript)  
INFO  DumpRange.java> 821d6594 lwz r3,-0x70d0(r24) (GhidraScript)  
INFO  DumpRange.java> 821d6598 li r5,0x10 (GhidraScript)  
INFO  DumpRange.java> 821d659c li r4,0x20 (GhidraScript)  
INFO  DumpRange.java> 821d65a0 bl 0x82222e98 (GhidraScript)  
INFO  DumpRange.java> 821d65a4 cmplwi cr6,r3,0x0 (GhidraScript)  
INFO  DumpRange.java> 821d65a8 bne cr6,0x821d65b4 (GhidraScript)  
INFO  DumpRange.java> 821d65ac or r11,r23,r23 (GhidraScript)  
INFO  DumpRange.java> 821d65b0 b 0x821d65e4 (GhidraScript)  
INFO  DumpRange.java> 821d65b4 lis r11,-0x7dfa (GhidraScript)  
INFO  DumpRange.java> 821d65b8 li r10,0x2 (GhidraScript)  
INFO  DumpRange.java> 821d65bc subi r11,r11,0x1f3c (GhidraScript)  
INFO  DumpRange.java> 821d65c0 stw r11,0x0(r3) (GhidraScript)  
INFO  DumpRange.java> 821d65c4 or r11,r3,r3 (GhidraScript)  
INFO  DumpRange.java> 821d65c8 stw r21,0x8(r3) (GhidraScript)  
INFO  DumpRange.java> 821d65cc stw r21,0xc(r3) (GhidraScript)  
INFO  DumpRange.java> 821d65d0 stw r21,0x10(r3) (GhidraScript)  
INFO  DumpRange.java> 821d65d4 stw r21,0x14(r3) (GhidraScript)  
INFO  DumpRange.java> 821d65d8 stw r23,0x18(r3) (GhidraScript)  
INFO  DumpRange.java> 821d65dc stw r10,0x1c(r3) (GhidraScript)  
INFO  DumpRange.java> 821d65e0 stw r23,0x4(r3) (GhidraScript)  
INFO  DumpRange.java> 821d65e4 stw r27,0x8c(r30) (GhidraScript)  
INFO  DumpRange.java> 821d65e8 li r6,0x0 (GhidraScript)  
INFO  DumpRange.java> 821d65ec stw r29,0xa0(r30) (GhidraScript)  
INFO  DumpRange.java> 821d65f0 li r5,0x10 (GhidraScript)  
INFO  DumpRange.java> 821d65f4 stw r27,0xd4(r31) (GhidraScript)  
INFO  DumpRange.java> 821d65f8 li r4,0x264 (GhidraScript)  
INFO  DumpRange.java> 821d65fc stw r29,0xdc(r31) (GhidraScript)  
INFO  DumpRange.java> 821d6600 stw r30,0x17f0(r29) (GhidraScript)  
INFO  DumpRange.java> 821d6604 lwz r3,-0x70d0(r24) (GhidraScript)  
INFO  DumpRange.java> 821d6608 stw r11,0xe8(r31) (GhidraScript)  
INFO  DumpRange.java> 821d660c stb r21,0xa0(r31) (GhidraScript)  
INFO  DumpRange.java> 821d6610 bl 0x82222e98 (GhidraScript)  
INFO  DumpRange.java> 821d6614 cmplwi cr6,r3,0x0 (GhidraScript)  
INFO  DumpRange.java> 821d6618 bne cr6,0x821d6624 (GhidraScript)  
INFO  DumpRange.java> 821d661c or r11,r23,r23 (GhidraScript)  
INFO  DumpRange.java> 821d6620 b 0x821d662c (GhidraScript)  
INFO  DumpRange.java> 821d6624 bl 0x822ab2e8 (GhidraScript)  
INFO  DumpRange.java> 821d6628 or r11,r3,r3 (GhidraScript)  
INFO  DumpRange.java> 821d662c lis r22,-0x7d8a (GhidraScript)  
INFO  DumpRange.java> 821d6630 lwz r3,-0x70d0(r24) (GhidraScript)  
INFO  DumpRange.java> 821d6634 lis r4,0x15 (GhidraScript)  
INFO  DumpRange.java> 821d6638 li r6,0x0 (GhidraScript)  
INFO  DumpRange.java> 821d663c li r5,0x10 (GhidraScript)  
INFO  DumpRange.java> 821d6640 ori r4,r4,0xb798 (GhidraScript)  
INFO  DumpRange.java> 821d6644 stw r11,0x5b88(r22) (GhidraScript)  
INFO  DumpRange.java> 821d6648 bl 0x82222e98 (GhidraScript)  
INFO  DumpRange.java> 821d664c cmplwi cr6,r3,0x0 (GhidraScript)  
INFO  DumpRange.java> 821d6650 beq cr6,0x821d6658 (GhidraScript)  
INFO  DumpRange.java> 821d6654 bl 0x821b9408 (GhidraScript)  
INFO  DumpRange.java> 821d6658 lis r29,-0x7d6c (GhidraScript)  
INFO  DumpRange.java> 821d665c lis r11,0x15 (GhidraScript)  
INFO  DumpRange.java> 821d6660 or r4,r26,r26 (GhidraScript)  
INFO  DumpRange.java> 821d6664 ori r31,r11,0xaa78 (GhidraScript)  
INFO  DumpRange.java> 821d6668 lwz r11,-0x45f0(r29) (GhidraScript)  
INFO  DumpRange.java> 821d666c add r3,r11,r31 (GhidraScript)  
INFO  DumpRange.java> 821d6670 bl 0x82234c18 (GhidraScript)  
INFO  DumpRange.java> 821d6674 or r11,r21,r21 (GhidraScript)  
INFO  DumpRange.java> 821d6678 lis r26,-0x7d6c (GhidraScript)  
INFO  DumpRange.java> 821d667c lwz r3,-0x45f0(r29) (GhidraScript)  
INFO  DumpRange.java> 821d6680 lis r27,-0x7d8a (GhidraScript)  
INFO  DumpRange.java> 821d6684 stb r11,-0x4806(r26) (GhidraScript)  
INFO  DumpRange.java> 821d6688 stb r11,0x5438(r27) (GhidraScript)  
INFO  DumpRange.java> 821d668c bl 0x821bb118 (GhidraScript)  
INFO  DumpRange.java> 821d6690 lwz r11,-0x45f0(r29) (GhidraScript)  
INFO  DumpRange.java> 821d6694 or r3,r25,r25 (GhidraScript)  
INFO  DumpRange.java> 821d6698 lwz r4,0x44(r11) (GhidraScript)  
INFO  DumpRange.java> 821d669c bl 0x821d2fc0 (GhidraScript)  
INFO  DumpRange.java> 821d66a0 or r25,r3,r3 (GhidraScript)  
INFO  DumpRange.java> 821d66a4 bl 0x821d27f0 (GhidraScript)  
INFO  DumpRange.java> 821d66a8 or r3,r25,r25 (GhidraScript)  
INFO  DumpRange.java> 821d66ac bl 0x821d2860 (GhidraScript)  
INFO  DumpRange.java> 821d66b0 cmpwi cr6,r3,0x0 (GhidraScript)  
INFO  DumpRange.java> 821d66b4 beq cr6,0x821d66a8 (GhidraScript)  
INFO  DumpRange.java> 821d66b8 blt cr6,0x821d60e8 (GhidraScript)  
INFO  DumpRange.java> 821d66bc lwz r3,-0x45f0(r29) (GhidraScript)  
INFO  DumpRange.java> 821d66c0 bl 0x821bb348 (GhidraScript)  
INFO  DumpRange.java> 821d66c4 lwz r11,-0x45f0(r29) (GhidraScript)  
INFO  DumpRange.java> 821d66c8 li r4,0x26 (GhidraScript)  
INFO  DumpRange.java> 821d66cc add r3,r11,r31 (GhidraScript)  
INFO  DumpRange.java> 821d66d0 or r11,r23,r23 (GhidraScript)  
INFO  DumpRange.java> 821d66d4 stb r11,-0x4806(r26) (GhidraScript)  
INFO  DumpRange.java> 821d66d8 stb r11,0x5438(r27) (GhidraScript)  
INFO  DumpRange.java> 821d66dc bl 0x82234dd0 (GhidraScript)  
INFO  DumpRange.java> 821d66e0 or r11,r3,r3 (GhidraScript)  
INFO  DumpRange.java> 821d66e4 lwz r10,-0x45f0(r29) (GhidraScript)  
INFO  DumpRange.java> 821d66e8 li r4,0x27 (GhidraScript)  
INFO  DumpRange.java> 821d66ec add r3,r10,r31 (GhidraScript)  
INFO  DumpRange.java> 821d66f0 lbz r10,0x0(r11) (GhidraScript)  
INFO  DumpRange.java> 821d66f4 addi r11,r11,0x1 (GhidraScript)  
INFO  DumpRange.java> 821d66f8 extsb r10,r10 (GhidraScript)  
INFO  DumpRange.java> 821d66fc stw r11,0x563c(r30) (GhidraScript)  
INFO  DumpRange.java> 821d6700 stw r10,0x5638(r30) (GhidraScript)  
INFO  DumpRange.java> 821d6704 bl 0x82234dd0 (GhidraScript)  
INFO  DumpRange.java> 821d6708 or r11,r3,r3 (GhidraScript)  
INFO  DumpRange.java> 821d670c lwz r10,-0x45f0(r29) (GhidraScript)  
INFO  DumpRange.java> 821d6710 li r4,0x28 (GhidraScript)  
INFO  DumpRange.java> 821d6714 add r3,r10,r31 (GhidraScript)  
INFO  DumpRange.java> 821d6718 lbz r10,0x0(r11) (GhidraScript)  
INFO  DumpRange.java> 821d671c addi r11,r11,0x1 (GhidraScript)  
INFO  DumpRange.java> 821d6720 extsb r10,r10 (GhidraScript)  
INFO  DumpRange.java> 821d6724 stw r11,0x5644(r30) (GhidraScript)  
INFO  DumpRange.java> 821d6728 stw r10,0x5640(r30) (GhidraScript)  
INFO  DumpRange.java> 821d672c bl 0x82234dd0 (GhidraScript)  
INFO  DumpRange.java> 821d6730 or r11,r3,r3 (GhidraScript)  
INFO  DumpRange.java> 821d6734 lwz r10,-0x45f0(r29) (GhidraScript)  
INFO  DumpRange.java> 821d6738 li r4,0x29 (GhidraScript)  
INFO  DumpRange.java> 821d673c add r3,r10,r31 (GhidraScript)  
INFO  DumpRange.java> 821d6740 lbz r10,0x0(r11) (GhidraScript)  
INFO  DumpRange.java> 821d6744 addi r11,r11,0x1 (GhidraScript)  
INFO  DumpRange.java> 821d6748 extsb r10,r10 (GhidraScript)  
INFO  DumpRange.java> 821d674c stw r11,0x564c(r30) (GhidraScript)  
INFO  DumpRange.java> 821d6750 stw r10,0x5648(r30) (GhidraScript)  
INFO  DumpRange.java> 821d6754 bl 0x82234dd0 (GhidraScript)  
INFO  DumpRange.java> 821d6758 lbz r11,0x0(r3) (GhidraScript)  
INFO  DumpRange.java> 821d675c addi r10,r3,0x1 (GhidraScript)  
INFO  DumpRange.java> 821d6760 li r4,0x1 (GhidraScript)  
INFO  DumpRange.java> 821d6764 extsb r11,r11 (GhidraScript)  
INFO  DumpRange.java> 821d6768 stw r10,0x5654(r30) (GhidraScript)  
INFO  DumpRange.java> 821d676c stw r11,0x5650(r30) (GhidraScript)  
INFO  DumpRange.java> 821d6770 lwz r11,0x4eb4(r28) (GhidraScript)  
INFO  DumpRange.java> 821d6774 addis r3,r11,0x2 (GhidraScript)  
INFO  DumpRange.java> 821d6778 addi r3,r3,0x56f0 (GhidraScript)  
INFO  DumpRange.java> 821d677c bl 0x822122a8 (GhidraScript)  
INFO  REPORT: Discarding changes to the following read-only file: /default.xex (HeadlessAnalyzer)  
