openjdk version "21.0.11" 2026-04-21
OpenJDK Runtime Environment (build 21.0.11+10-1-26.04.2-Ubuntu)
OpenJDK 64-Bit Server VM (build 21.0.11+10-1-26.04.2-Ubuntu, mixed mode)
INFO  Using log config file: jar:file:/fastdata/lavaulta/auto-re-agent/.tools/ghidra_12.1.2_PUBLIC/Ghidra/Framework/Generic/lib/Generic.jar!/generic.log4j.xml (LoggingInitialization)  
INFO  Using log file: /home/lavaulta/.config/ghidra/ghidra_12.1.2_PUBLIC/application.log (LoggingInitialization)  
INFO  Loading user preferences: /home/lavaulta/.config/ghidra/ghidra_12.1.2_PUBLIC/preferences (Preferences)  
INFO  Searching for classes... (ClassSearcher)  
INFO  Ignoring class 'xexloaderwv.XEXLoaderWVLoader' from '/fastdata/lavaulta/auto-re-agent/.tools/ghidra_12.1.2_PUBLIC/Ghidra/Extensions/XEXLoaderWV/lib/XEXLoaderWV.jar'. Already found at '/fastdata/lavaulta/auto-re-agent/.tools/ghidra_12.1.2_PUBLIC/Ghidra/patch/XEXLoaderWV-java21.jar'. (ClassSearcher)  
INFO  Class search complete (1523 ms) (ClassSearcher)  
INFO  Initializing SSL Context (DefaultSSLContextInitializer)  
INFO  Initializing Random Number Generator... (SecureRandomFactory)  
INFO  Random Number Generator initialization complete: NativePRNGNonBlocking (SecureRandomFactory)  
INFO  Trust manager disabled, cacerts have not been set (DefaultTrustManagerFactory)  
INFO  Headless startup complete (3039 ms) (AnalyzeHeadless)  
INFO  Class searcher loaded 59 extension points (20 false positives) (ClassSearcher)  
INFO  HEADLESS Script Paths:
    /fastdata/lavaulta/auto-re-agent/.tools/ghidra_12.1.2_PUBLIC/Ghidra/Features/MicrosoftCodeAnalyzer/ghidra_scripts
    /fastdata/lavaulta/auto-re-agent/.tools/ghidra_12.1.2_PUBLIC/Ghidra/Features/PDB/ghidra_scripts
    /fastdata/lavaulta/auto-re-agent/.tools/ghidra_12.1.2_PUBLIC/Ghidra/Processors/8051/ghidra_scripts
    /fastdata/lavaulta/auto-re-agent/.tools/ghidra_12.1.2_PUBLIC/Ghidra/Features/Base/ghidra_scripts
    /fastdata/lavaulta/auto-re-agent/workspaces/ace-combat-6/scripts
    /fastdata/lavaulta/auto-re-agent/.tools/ghidra_12.1.2_PUBLIC/Ghidra/Features/FileFormats/ghidra_scripts
    /fastdata/lavaulta/auto-re-agent/.tools/ghidra_12.1.2_PUBLIC/Ghidra/Features/GnuDemangler/ghidra_scripts
    /fastdata/lavaulta/auto-re-agent/.tools/ghidra_12.1.2_PUBLIC/Ghidra/Extensions/ghidra-emotionengine-reloaded/ghidra_scripts
    /fastdata/lavaulta/auto-re-agent/.tools/ghidra_12.1.2_PUBLIC/Ghidra/Features/Decompiler/ghidra_scripts
    /fastdata/lavaulta/auto-re-agent/.tools/ghidra_12.1.2_PUBLIC/Ghidra/Features/FunctionID/ghidra_scripts
    /fastdata/lavaulta/auto-re-agent/.tools/ghidra_12.1.2_PUBLIC/Ghidra/Features/DecompilerDependent/ghidra_scripts
    /fastdata/lavaulta/auto-re-agent/.tools/ghidra_12.1.2_PUBLIC/Ghidra/Processors/DATA/ghidra_scripts
    /fastdata/lavaulta/auto-re-agent/.tools/ghidra_12.1.2_PUBLIC/Ghidra/Debug/Debugger-rmi-trace/ghidra_scripts
    /fastdata/lavaulta/auto-re-agent/.tools/ghidra_12.1.2_PUBLIC/Ghidra/Features/SwiftDemangler/ghidra_scripts
    /fastdata/lavaulta/auto-re-agent/.tools/ghidra_12.1.2_PUBLIC/Ghidra/Debug/Debugger/ghidra_scripts
    /fastdata/lavaulta/auto-re-agent/.tools/ghidra_12.1.2_PUBLIC/Ghidra/Processors/PIC/ghidra_scripts
    /fastdata/lavaulta/auto-re-agent/.tools/ghidra_12.1.2_PUBLIC/Ghidra/Extensions/XEXLoaderWV/ghidra_scripts
    /fastdata/lavaulta/auto-re-agent/.tools/ghidra_12.1.2_PUBLIC/Ghidra/Features/WildcardAssembler/ghidra_scripts
    /fastdata/lavaulta/auto-re-agent/.tools/ghidra_12.1.2_PUBLIC/Ghidra/Features/PyGhidra/ghidra_scripts
    /fastdata/lavaulta/auto-re-agent/.tools/ghidra_12.1.2_PUBLIC/Ghidra/Features/BSim/ghidra_scripts
    /fastdata/lavaulta/auto-re-agent/.tools/ghidra_12.1.2_PUBLIC/Ghidra/Features/VersionTracking/ghidra_scripts
    /fastdata/lavaulta/auto-re-agent/.tools/ghidra_12.1.2_PUBLIC/Ghidra/Features/BytePatterns/ghidra_scripts
    /fastdata/lavaulta/auto-re-agent/.tools/ghidra_12.1.2_PUBLIC/Ghidra/Processors/Atmel/ghidra_scripts
    /fastdata/lavaulta/auto-re-agent/.tools/ghidra_12.1.2_PUBLIC/Ghidra/Features/SystemEmulation/ghidra_scripts
    /fastdata/lavaulta/auto-re-agent/.tools/ghidra_12.1.2_PUBLIC/Ghidra/Processors/JVM/ghidra_scripts (HeadlessAnalyzer)  
INFO  HEADLESS: execution starts (HeadlessAnalyzer)  
INFO  Opening existing project: /fastdata/lavaulta/auto-re-agent/workspaces/ace-combat-6/ghidra-projects/ace-combat-6 (HeadlessAnalyzer)  
INFO  Opening project: /fastdata/lavaulta/auto-re-agent/workspaces/ace-combat-6/ghidra-projects/ace-combat-6 (HeadlessProject)  
INFO  REPORT: Processing project file: /default.xex (HeadlessAnalyzer)  
INFO  REPORT: Execute script: DumpRange.java '0x822564d0' '0x822565c0'  (HeadlessAnalyzer)  
INFO  SCRIPT: /fastdata/lavaulta/auto-re-agent/workspaces/ace-combat-6/scripts/DumpRange.java (HeadlessAnalyzer)  
INFO  DumpRange.java> 822564d0 lfs f0,0x82c(r11) (GhidraScript)  
INFO  DumpRange.java> 822564d4 lis r11,-0x7e00 (GhidraScript)  
INFO  DumpRange.java> 822564d8 stfs f0,0xc(r3) (GhidraScript)  
INFO  DumpRange.java> 822564dc stfs f0,0x48(r3) (GhidraScript)  
INFO  DumpRange.java> 822564e0 stfs f0,0x28(r3) (GhidraScript)  
INFO  DumpRange.java> 822564e4 stfs f0,0x30(r3) (GhidraScript)  
INFO  DumpRange.java> 822564e8 lfs f12,0x2fcc(r11) (GhidraScript)  
INFO  DumpRange.java> 822564ec lis r11,-0x7df9 (GhidraScript)  
INFO  DumpRange.java> 822564f0 stfs f12,0x10(r3) (GhidraScript)  
INFO  DumpRange.java> 822564f4 stfs f0,0x2c(r3) (GhidraScript)  
INFO  DumpRange.java> 822564f8 stfs f0,0x3c(r3) (GhidraScript)  
INFO  DumpRange.java> 822564fc stfs f0,0x34(r3) (GhidraScript)  
INFO  DumpRange.java> 82256500 lfs f12,-0x63c4(r11) (GhidraScript)  
INFO  DumpRange.java> 82256504 stfs f0,0x38(r3) (GhidraScript)  
INFO  DumpRange.java> 82256508 stfs f0,0x4c(r3) (GhidraScript)  
INFO  DumpRange.java> 8225650c stfs f12,0x44(r3) (GhidraScript)  
INFO  DumpRange.java> 82256510 stfs f0,0x40(r3) (GhidraScript)  
INFO  DumpRange.java> 82256514 stfs f0,0x78(r3) (GhidraScript)  
INFO  DumpRange.java> 82256518 stfs f0,0x50(r3) (GhidraScript)  
INFO  DumpRange.java> 8225651c stfs f0,0x54(r3) (GhidraScript)  
INFO  DumpRange.java> 82256520 stfs f0,0x5c(r3) (GhidraScript)  
INFO  DumpRange.java> 82256524 stfs f0,0x60(r3) (GhidraScript)  
INFO  DumpRange.java> 82256528 stfs f0,0x68(r3) (GhidraScript)  
INFO  DumpRange.java> 8225652c stfs f0,0x64(r3) (GhidraScript)  
INFO  DumpRange.java> 82256530 stfs f0,0x70(r3) (GhidraScript)  
INFO  DumpRange.java> 82256534 stfs f0,0x74(r3) (GhidraScript)  
INFO  DumpRange.java> 82256538 stfs f0,0x6c(r3) (GhidraScript)  
INFO  DumpRange.java> 8225653c stfs f0,0x7c(r3) (GhidraScript)  
INFO  DumpRange.java> 82256540 stfs f0,0x84(r3) (GhidraScript)  
INFO  DumpRange.java> 82256544 stfs f0,0x80(r3) (GhidraScript)  
INFO  DumpRange.java> 82256548 stfs f0,0x88(r3) (GhidraScript)  
INFO  DumpRange.java> 8225654c stfs f0,0x8c(r3) (GhidraScript)  
INFO  DumpRange.java> 82256550 blr (GhidraScript)  
INFO  DumpRange.java> 82256554 <not-disassembled> (GhidraScript)  
INFO  DumpRange.java> 82256558 b 0x8226a870 (GhidraScript)  
INFO  DumpRange.java> 8225655c <not-disassembled> (GhidraScript)  
INFO  DumpRange.java> 82256560 li r11,0x1 (GhidraScript)  
INFO  DumpRange.java> 82256564 stb r11,0x360(r3) (GhidraScript)  
INFO  DumpRange.java> 82256568 blr (GhidraScript)  
INFO  DumpRange.java> 8225656c <not-disassembled> (GhidraScript)  
INFO  DumpRange.java> 82256570 li r9,0x0 (GhidraScript)  
INFO  DumpRange.java> 82256574 addi r11,r3,0x1e4 (GhidraScript)  
INFO  DumpRange.java> 82256578 li r10,0xf (GhidraScript)  
INFO  DumpRange.java> 8225657c stb r9,0x360(r3) (GhidraScript)  
INFO  DumpRange.java> 82256580 lwz r9,0x0(r11) (GhidraScript)  
INFO  DumpRange.java> 82256584 subi r10,r10,0x1 (GhidraScript)  
INFO  DumpRange.java> 82256588 rlwinm r9,r9,0x0,0x17,0x15 (GhidraScript)  
INFO  DumpRange.java> 8225658c cmplwi cr6,r10,0x0 (GhidraScript)  
INFO  DumpRange.java> 82256590 stw r9,0x0(r11) (GhidraScript)  
INFO  DumpRange.java> 82256594 addi r11,r11,0x4 (GhidraScript)  
INFO  DumpRange.java> 82256598 bne cr6,0x82256580 (GhidraScript)  
INFO  DumpRange.java> 8225659c blr (GhidraScript)  
INFO  DumpRange.java> 822565a0 or r11,r3,r3 (GhidraScript)  
INFO  DumpRange.java> 822565a4 cmpwi cr6,r4,-0x3 (GhidraScript)  
INFO  DumpRange.java> 822565a8 li r3,0x0 (GhidraScript)  
INFO  DumpRange.java> 822565ac beq cr6,0x822565c4 (GhidraScript)  
INFO  DumpRange.java> 822565b0 cmpwi cr6,r4,-0x1 (GhidraScript)  
INFO  DumpRange.java> 822565b4 bnelr cr6 (GhidraScript)  
INFO  DumpRange.java> 822565b8 li r10,0x0 (GhidraScript)  
INFO  DumpRange.java> 822565bc stw r10,0x260(r11) (GhidraScript)  
INFO  REPORT: Execute script: DumpRange.java '0x822e34f0' '0x822e3620'  (HeadlessAnalyzer)  
INFO  SCRIPT: /fastdata/lavaulta/auto-re-agent/workspaces/ace-combat-6/scripts/DumpRange.java (HeadlessAnalyzer)  
INFO  DumpRange.java> 822e34f0 subi r3,r11,0x20bc (GhidraScript)  
INFO  DumpRange.java> 822e34f4 addi r1,r1,0x60 (GhidraScript)  
INFO  DumpRange.java> 822e34f8 lwz r12,-0x8(r1) (GhidraScript)  
INFO  DumpRange.java> 822e34fc mtspr LR,r12 (GhidraScript)  
INFO  DumpRange.java> 822e3500 ld r31,-0x10(r1) (GhidraScript)  
INFO  DumpRange.java> 822e3504 blr (GhidraScript)  
INFO  DumpRange.java> 822e3508 mfspr r12,LR (GhidraScript)  
INFO  DumpRange.java> 822e350c stw r12,-0x8(r1) (GhidraScript)  
INFO  DumpRange.java> 822e3510 std r31,-0x10(r1) (GhidraScript)  
INFO  DumpRange.java> 822e3514 stwu r1,-0x60(r1) (GhidraScript)  
INFO  DumpRange.java> 822e3518 or r31,r3,r3 (GhidraScript)  
INFO  DumpRange.java> 822e351c bl 0x8226a610 (GhidraScript)  
INFO  DumpRange.java> 822e3520 lwz r10,0x1e0(r31) (GhidraScript)  
INFO  DumpRange.java> 822e3524 lis r11,-0x7dfa (GhidraScript)  
INFO  DumpRange.java> 822e3528 li r12,-0x3813 (GhidraScript)  
INFO  DumpRange.java> 822e352c addi r11,r11,0x43ec (GhidraScript)  
INFO  DumpRange.java> 822e3530 li r9,0x0 (GhidraScript)  
INFO  DumpRange.java> 822e3534 and r10,r10,r12 (GhidraScript)  
INFO  DumpRange.java> 822e3538 or r3,r31,r31 (GhidraScript)  
INFO  DumpRange.java> 822e353c stw r11,0x0(r31) (GhidraScript)  
INFO  DumpRange.java> 822e3540 stw r9,0x344(r31) (GhidraScript)  
INFO  DumpRange.java> 822e3544 stw r10,0x1e0(r31) (GhidraScript)  
INFO  DumpRange.java> 822e3548 addi r1,r1,0x60 (GhidraScript)  
INFO  DumpRange.java> 822e354c lwz r12,-0x8(r1) (GhidraScript)  
INFO  DumpRange.java> 822e3550 mtspr LR,r12 (GhidraScript)  
INFO  DumpRange.java> 822e3554 ld r31,-0x10(r1) (GhidraScript)  
INFO  DumpRange.java> 822e3558 blr (GhidraScript)  
INFO  DumpRange.java> 822e355c <not-disassembled> (GhidraScript)  
INFO  DumpRange.java> 822e3560 mfspr r12,LR (GhidraScript)  
INFO  DumpRange.java> 822e3564 stw r12,-0x8(r1) (GhidraScript)  
INFO  DumpRange.java> 822e3568 std r31,-0x10(r1) (GhidraScript)  
INFO  DumpRange.java> 822e356c stwu r1,-0x60(r1) (GhidraScript)  
INFO  DumpRange.java> 822e3570 or r31,r3,r3 (GhidraScript)  
INFO  DumpRange.java> 822e3574 bl 0x8226b618 (GhidraScript)  
INFO  DumpRange.java> 822e3578 li r11,0x1 (GhidraScript)  
INFO  DumpRange.java> 822e357c lis r10,0x3 (GhidraScript)  
INFO  DumpRange.java> 822e3580 li r4,0x4 (GhidraScript)  
INFO  DumpRange.java> 822e3584 ori r10,r10,0x6240 (GhidraScript)  
INFO  DumpRange.java> 822e3588 or r3,r31,r31 (GhidraScript)  
INFO  DumpRange.java> 822e358c stw r11,0x260(r31) (GhidraScript)  
INFO  DumpRange.java> 822e3590 lis r11,-0x7d92 (GhidraScript)  
INFO  DumpRange.java> 822e3594 lwz r11,0x4eb4(r11) (GhidraScript)  
INFO  DumpRange.java> 822e3598 lwzx r11,r11,r10 (GhidraScript)  
INFO  DumpRange.java> 822e359c lwz r11,0x34(r11) (GhidraScript)  
INFO  DumpRange.java> 822e35a0 oris r5,r11,0x8000 (GhidraScript)  
INFO  DumpRange.java> 822e35a4 bl 0x8226a018 (GhidraScript)  
INFO  DumpRange.java> 822e35a8 addi r1,r1,0x60 (GhidraScript)  
INFO  DumpRange.java> 822e35ac lwz r12,-0x8(r1) (GhidraScript)  
INFO  DumpRange.java> 822e35b0 mtspr LR,r12 (GhidraScript)  
INFO  DumpRange.java> 822e35b4 ld r31,-0x10(r1) (GhidraScript)  
INFO  DumpRange.java> 822e35b8 blr (GhidraScript)  
INFO  DumpRange.java> 822e35bc <not-disassembled> (GhidraScript)  
INFO  DumpRange.java> 822e35c0 mfspr r12,LR (GhidraScript)  
INFO  DumpRange.java> 822e35c4 stw r12,-0x8(r1) (GhidraScript)  
INFO  DumpRange.java> 822e35c8 std r31,-0x10(r1) (GhidraScript)  
INFO  DumpRange.java> 822e35cc stwu r1,-0x60(r1) (GhidraScript)  
INFO  DumpRange.java> 822e35d0 or r31,r3,r3 (GhidraScript)  
INFO  DumpRange.java> 822e35d4 bl 0x8226a310 (GhidraScript)  
INFO  DumpRange.java> 822e35d8 or r3,r31,r31 (GhidraScript)  
INFO  DumpRange.java> 822e35dc bl 0x8226a870 (GhidraScript)  
INFO  DumpRange.java> 822e35e0 addi r1,r1,0x60 (GhidraScript)  
INFO  DumpRange.java> 822e35e4 lwz r12,-0x8(r1) (GhidraScript)  
INFO  DumpRange.java> 822e35e8 mtspr LR,r12 (GhidraScript)  
INFO  DumpRange.java> 822e35ec ld r31,-0x10(r1) (GhidraScript)  
INFO  DumpRange.java> 822e35f0 blr (GhidraScript)  
INFO  DumpRange.java> 822e35f4 <not-disassembled> (GhidraScript)  
INFO  DumpRange.java> 822e35f8 mfspr r12,LR (GhidraScript)  
INFO  DumpRange.java> 822e35fc stw r12,-0x8(r1) (GhidraScript)  
INFO  DumpRange.java> 822e3600 std r31,-0x10(r1) (GhidraScript)  
INFO  DumpRange.java> 822e3604 stwu r1,-0x60(r1) (GhidraScript)  
INFO  DumpRange.java> 822e3608 lis r11,0x3 (GhidraScript)  
INFO  DumpRange.java> 822e360c or r31,r3,r3 (GhidraScript)  
INFO  DumpRange.java> 822e3610 ori r10,r11,0x6240 (GhidraScript)  
INFO  DumpRange.java> 822e3614 lis r11,-0x7d92 (GhidraScript)  
INFO  DumpRange.java> 822e3618 lwz r11,0x4eb4(r11) (GhidraScript)  
INFO  DumpRange.java> 822e361c lwzx r3,r11,r10 (GhidraScript)  
INFO  REPORT: Execute script: DumpRange.java '0x822e66d0' '0x822e6860'  (HeadlessAnalyzer)  
INFO  SCRIPT: /fastdata/lavaulta/auto-re-agent/workspaces/ace-combat-6/scripts/DumpRange.java (HeadlessAnalyzer)  
INFO  DumpRange.java> 822e66d0 or r3,r31,r31 (GhidraScript)  
INFO  DumpRange.java> 822e66d4 lwz r7,0x0(r8) (GhidraScript)  
INFO  DumpRange.java> 822e66d8 lwz r6,0x4(r8) (GhidraScript)  
INFO  DumpRange.java> 822e66dc lwz r5,0x8(r8) (GhidraScript)  
INFO  DumpRange.java> 822e66e0 lwz r8,0xc(r8) (GhidraScript)  
INFO  DumpRange.java> 822e66e4 stw r7,0x0(r11) (GhidraScript)  
INFO  DumpRange.java> 822e66e8 stw r6,0x4(r11) (GhidraScript)  
INFO  DumpRange.java> 822e66ec stw r5,0x8(r11) (GhidraScript)  
INFO  DumpRange.java> 822e66f0 stw r8,0xc(r11) (GhidraScript)  
INFO  DumpRange.java> 822e66f4 lfs f0,0x50(r1) (GhidraScript)  
INFO  DumpRange.java> 822e66f8 fadds f0,f0,f31 (GhidraScript)  
INFO  DumpRange.java> 822e66fc stfs f0,0x50(r1) (GhidraScript)  
INFO  DumpRange.java> 822e6700 lfs f0,0x54(r1) (GhidraScript)  
INFO  DumpRange.java> 822e6704 fadds f0,f0,f29 (GhidraScript)  
INFO  DumpRange.java> 822e6708 stfs f0,0x54(r1) (GhidraScript)  
INFO  DumpRange.java> 822e670c lfs f0,0x58(r1) (GhidraScript)  
INFO  DumpRange.java> 822e6710 fadds f0,f0,f30 (GhidraScript)  
INFO  DumpRange.java> 822e6714 stfs f0,0x58(r1) (GhidraScript)  
INFO  DumpRange.java> 822e6718 lwz r11,0x0(r10) (GhidraScript)  
INFO  DumpRange.java> 822e671c lwz r8,0x4(r10) (GhidraScript)  
INFO  DumpRange.java> 822e6720 lwz r7,0x8(r10) (GhidraScript)  
INFO  DumpRange.java> 822e6724 lwz r10,0xc(r10) (GhidraScript)  
INFO  DumpRange.java> 822e6728 stw r11,0x0(r9) (GhidraScript)  
INFO  DumpRange.java> 822e672c stw r8,0x4(r9) (GhidraScript)  
INFO  DumpRange.java> 822e6730 stw r7,0x8(r9) (GhidraScript)  
INFO  DumpRange.java> 822e6734 stw r10,0xc(r9) (GhidraScript)  
INFO  DumpRange.java> 822e6738 stfs f28,0xbc(r1) (GhidraScript)  
INFO  DumpRange.java> 822e673c bl 0x82268c58 (GhidraScript)  
INFO  DumpRange.java> 822e6740 addi r9,r1,0xb0 (GhidraScript)  
INFO  DumpRange.java> 822e6744 or r11,r3,r3 (GhidraScript)  
INFO  DumpRange.java> 822e6748 li r10,0xa0 (GhidraScript)  
INFO  DumpRange.java> 822e674c or r3,r31,r31 (GhidraScript)  
INFO  DumpRange.java> 822e6750 addi r30,r1,0x60 (GhidraScript)  
INFO  DumpRange.java> 822e6754 <not-disassembled> (GhidraScript)  
INFO  DumpRange.java> 822e6758 <not-disassembled> (GhidraScript)  
INFO  DumpRange.java> 822e675c bl 0x82268c58 (GhidraScript)  
INFO  DumpRange.java> 822e6760 or r4,r30,r30 (GhidraScript)  
INFO  DumpRange.java> 822e6764 or r5,r27,r27 (GhidraScript)  
INFO  DumpRange.java> 822e6768 bl 0x8224ff40 (GhidraScript)  
INFO  DumpRange.java> 822e676c or r3,r31,r31 (GhidraScript)  
INFO  DumpRange.java> 822e6770 bl 0x82268c58 (GhidraScript)  
INFO  DumpRange.java> 822e6774 or r30,r3,r3 (GhidraScript)  
INFO  DumpRange.java> 822e6778 or r3,r31,r31 (GhidraScript)  
INFO  DumpRange.java> 822e677c bl 0x82268c58 (GhidraScript)  
INFO  DumpRange.java> 822e6780 lwz r11,0x0(r30) (GhidraScript)  
INFO  DumpRange.java> 822e6784 lis r4,0x135 (GhidraScript)  
INFO  DumpRange.java> 822e6788 lwz r11,0x4(r11) (GhidraScript)  
INFO  DumpRange.java> 822e678c addi r31,r3,0x60 (GhidraScript)  
INFO  DumpRange.java> 822e6790 ori r4,r4,0x8763 (GhidraScript)  
INFO  DumpRange.java> 822e6794 or r3,r30,r30 (GhidraScript)  
INFO  DumpRange.java> 822e6798 mtspr CTR,r11 (GhidraScript)  
INFO  DumpRange.java> 822e679c bctrl (GhidraScript)  
INFO  DumpRange.java> 822e67a0 addi r11,r31,0x10 (GhidraScript)  
INFO  DumpRange.java> 822e67a4 li r10,0x40 (GhidraScript)  
INFO  DumpRange.java> 822e67a8 <not-disassembled> (GhidraScript)  
INFO  DumpRange.java> 822e67ac <not-disassembled> (GhidraScript)  
INFO  DumpRange.java> 822e67b0 <not-disassembled> (GhidraScript)  
INFO  DumpRange.java> 822e67b4 addi r11,r3,0x10 (GhidraScript)  
INFO  DumpRange.java> 822e67b8 <not-disassembled> (GhidraScript)  
INFO  DumpRange.java> 822e67bc <not-disassembled> (GhidraScript)  
INFO  DumpRange.java> 822e67c0 <not-disassembled> (GhidraScript)  
INFO  DumpRange.java> 822e67c4 <not-disassembled> (GhidraScript)  
INFO  DumpRange.java> 822e67c8 <not-disassembled> (GhidraScript)  
INFO  DumpRange.java> 822e67cc addi r1,r1,0x120 (GhidraScript)  
INFO  DumpRange.java> 822e67d0 subi r12,r1,0x38 (GhidraScript)  
INFO  DumpRange.java> 822e67d4 bl 0x82384494 (GhidraScript)  
INFO  DumpRange.java> 822e67d8 b 0x82382f40 (GhidraScript)  
INFO  DumpRange.java> 822e67dc <not-disassembled> (GhidraScript)  
INFO  DumpRange.java> 822e67e0 mfspr r12,LR (GhidraScript)  
INFO  DumpRange.java> 822e67e4 stw r12,-0x8(r1) (GhidraScript)  
INFO  DumpRange.java> 822e67e8 std r31,-0x10(r1) (GhidraScript)  
INFO  DumpRange.java> 822e67ec stwu r1,-0x70(r1) (GhidraScript)  
INFO  DumpRange.java> 822e67f0 or r31,r3,r3 (GhidraScript)  
INFO  DumpRange.java> 822e67f4 bl 0x8226a870 (GhidraScript)  
INFO  DumpRange.java> 822e67f8 lwz r11,0x260(r31) (GhidraScript)  
INFO  DumpRange.java> 822e67fc cmpwi cr6,r11,0xe (GhidraScript)  
INFO  DumpRange.java> 822e6800 beq cr6,0x822e6858 (GhidraScript)  
INFO  DumpRange.java> 822e6804 lis r8,-0x7dd2 (GhidraScript)  
INFO  DumpRange.java> 822e6808 li r9,0x0 (GhidraScript)  
INFO  DumpRange.java> 822e680c addi r8,r8,0x53c0 (GhidraScript)  
INFO  DumpRange.java> 822e6810 addi r11,r1,0x50 (GhidraScript)  
INFO  DumpRange.java> 822e6814 addi r10,r1,0x50 (GhidraScript)  
INFO  DumpRange.java> 822e6818 li r5,0x0 (GhidraScript)  
INFO  DumpRange.java> 822e681c stw r9,0x54(r1) (GhidraScript)  
INFO  DumpRange.java> 822e6820 addi r4,r1,0x50 (GhidraScript)  
INFO  DumpRange.java> 822e6824 stw r8,0x50(r1) (GhidraScript)  
INFO  DumpRange.java> 822e6828 addi r3,r31,0x348 (GhidraScript)  
INFO  DumpRange.java> 822e682c stw r9,0x58(r1) (GhidraScript)  
INFO  DumpRange.java> 822e6830 stw r9,0x5c(r1) (GhidraScript)  
INFO  DumpRange.java> 822e6834 lwz r9,0x0(r11) (GhidraScript)  
INFO  DumpRange.java> 822e6838 lwz r8,0x4(r11) (GhidraScript)  
INFO  DumpRange.java> 822e683c lwz r7,0x8(r11) (GhidraScript)  
INFO  DumpRange.java> 822e6840 lwz r11,0xc(r11) (GhidraScript)  
INFO  DumpRange.java> 822e6844 stw r9,0x0(r10) (GhidraScript)  
INFO  DumpRange.java> 822e6848 stw r8,0x4(r10) (GhidraScript)  
INFO  DumpRange.java> 822e684c stw r7,0x8(r10) (GhidraScript)  
INFO  DumpRange.java> 822e6850 stw r11,0xc(r10) (GhidraScript)  
INFO  DumpRange.java> 822e6854 bl 0x8219ad20 (GhidraScript)  
INFO  DumpRange.java> 822e6858 addi r1,r1,0x70 (GhidraScript)  
INFO  DumpRange.java> 822e685c lwz r12,-0x8(r1) (GhidraScript)  
INFO  REPORT: Save succeeded for processed file: /default.xex (HeadlessAnalyzer)  
