openjdk version "21.0.11" 2026-04-21
OpenJDK Runtime Environment (build 21.0.11+10-1-26.04.2-Ubuntu)
OpenJDK 64-Bit Server VM (build 21.0.11+10-1-26.04.2-Ubuntu, mixed mode)
INFO  Using log config file: jar:file:/fastdata/lavaulta/auto-re-agent/.tools/ghidra_12.1.2_PUBLIC/Ghidra/Framework/Generic/lib/Generic.jar!/generic.log4j.xml (LoggingInitialization)  
INFO  Using log file: /home/lavaulta/.config/ghidra/ghidra_12.1.2_PUBLIC/application.log (LoggingInitialization)  
INFO  Loading user preferences: /home/lavaulta/.config/ghidra/ghidra_12.1.2_PUBLIC/preferences (Preferences)  
INFO  Searching for classes... (ClassSearcher)  
INFO  Ignoring class 'xexloaderwv.XEXLoaderWVLoader' from '/fastdata/lavaulta/auto-re-agent/.tools/ghidra_12.1.2_PUBLIC/Ghidra/Extensions/XEXLoaderWV/lib/XEXLoaderWV.jar'. Already found at '/fastdata/lavaulta/auto-re-agent/.tools/ghidra_12.1.2_PUBLIC/Ghidra/patch/XEXLoaderWV-java21.jar'. (ClassSearcher)  
INFO  Class search complete (1512 ms) (ClassSearcher)  
INFO  Initializing SSL Context (DefaultSSLContextInitializer)  
INFO  Initializing Random Number Generator... (SecureRandomFactory)  
INFO  Random Number Generator initialization complete: NativePRNGNonBlocking (SecureRandomFactory)  
INFO  Trust manager disabled, cacerts have not been set (DefaultTrustManagerFactory)  
INFO  Headless startup complete (3099 ms) (AnalyzeHeadless)  
INFO  Class searcher loaded 59 extension points (20 false positives) (ClassSearcher)  
INFO  HEADLESS Script Paths:
    /fastdata/lavaulta/auto-re-agent/.tools/ghidra_12.1.2_PUBLIC/Ghidra/Features/MicrosoftCodeAnalyzer/ghidra_scripts
    /fastdata/lavaulta/auto-re-agent/.tools/ghidra_12.1.2_PUBLIC/Ghidra/Features/PDB/ghidra_scripts
    /fastdata/lavaulta/auto-re-agent/.tools/ghidra_12.1.2_PUBLIC/Ghidra/Processors/8051/ghidra_scripts
    /fastdata/lavaulta/auto-re-agent/.tools/ghidra_12.1.2_PUBLIC/Ghidra/Features/Base/ghidra_scripts
    /fastdata/lavaulta/auto-re-agent/workspaces/ace-combat-6/scripts
    /fastdata/lavaulta/auto-re-agent/.tools/ghidra_12.1.2_PUBLIC/Ghidra/Features/FileFormats/ghidra_scripts
    /fastdata/lavaulta/auto-re-agent/.tools/ghidra_12.1.2_PUBLIC/Ghidra/Features/GnuDemangler/ghidra_scripts
    /fastdata/lavaulta/auto-re-agent/.tools/ghidra_12.1.2_PUBLIC/Ghidra/Extensions/ghidra-emotionengine-reloaded/ghidra_scripts
    /fastdata/lavaulta/auto-re-agent/.tools/ghidra_12.1.2_PUBLIC/Ghidra/Features/Decompiler/ghidra_scripts
    /fastdata/lavaulta/auto-re-agent/.tools/ghidra_12.1.2_PUBLIC/Ghidra/Features/FunctionID/ghidra_scripts
    /fastdata/lavaulta/auto-re-agent/.tools/ghidra_12.1.2_PUBLIC/Ghidra/Features/DecompilerDependent/ghidra_scripts
    /fastdata/lavaulta/auto-re-agent/.tools/ghidra_12.1.2_PUBLIC/Ghidra/Processors/DATA/ghidra_scripts
    /fastdata/lavaulta/auto-re-agent/.tools/ghidra_12.1.2_PUBLIC/Ghidra/Debug/Debugger-rmi-trace/ghidra_scripts
    /fastdata/lavaulta/auto-re-agent/.tools/ghidra_12.1.2_PUBLIC/Ghidra/Features/SwiftDemangler/ghidra_scripts
    /fastdata/lavaulta/auto-re-agent/.tools/ghidra_12.1.2_PUBLIC/Ghidra/Debug/Debugger/ghidra_scripts
    /fastdata/lavaulta/auto-re-agent/.tools/ghidra_12.1.2_PUBLIC/Ghidra/Processors/PIC/ghidra_scripts
    /fastdata/lavaulta/auto-re-agent/.tools/ghidra_12.1.2_PUBLIC/Ghidra/Extensions/XEXLoaderWV/ghidra_scripts
    /fastdata/lavaulta/auto-re-agent/.tools/ghidra_12.1.2_PUBLIC/Ghidra/Features/WildcardAssembler/ghidra_scripts
    /fastdata/lavaulta/auto-re-agent/.tools/ghidra_12.1.2_PUBLIC/Ghidra/Features/PyGhidra/ghidra_scripts
    /fastdata/lavaulta/auto-re-agent/.tools/ghidra_12.1.2_PUBLIC/Ghidra/Features/BSim/ghidra_scripts
    /fastdata/lavaulta/auto-re-agent/.tools/ghidra_12.1.2_PUBLIC/Ghidra/Features/VersionTracking/ghidra_scripts
    /fastdata/lavaulta/auto-re-agent/.tools/ghidra_12.1.2_PUBLIC/Ghidra/Features/BytePatterns/ghidra_scripts
    /fastdata/lavaulta/auto-re-agent/.tools/ghidra_12.1.2_PUBLIC/Ghidra/Processors/Atmel/ghidra_scripts
    /fastdata/lavaulta/auto-re-agent/.tools/ghidra_12.1.2_PUBLIC/Ghidra/Features/SystemEmulation/ghidra_scripts
    /fastdata/lavaulta/auto-re-agent/.tools/ghidra_12.1.2_PUBLIC/Ghidra/Processors/JVM/ghidra_scripts (HeadlessAnalyzer)  
INFO  HEADLESS: execution starts (HeadlessAnalyzer)  
INFO  Opening existing project: /fastdata/lavaulta/auto-re-agent/workspaces/ace-combat-6/ghidra-projects/ace-combat-6 (HeadlessAnalyzer)  
INFO  Opening project: /fastdata/lavaulta/auto-re-agent/workspaces/ace-combat-6/ghidra-projects/ace-combat-6 (HeadlessProject)  
INFO  REPORT: Processing read-only project file: /default.xex (HeadlessAnalyzer)  
INFO  REPORT: Execute script: DumpU32Range.java '0x82065ac4' '0x82065b30'  (HeadlessAnalyzer)  
INFO  SCRIPT: /fastdata/lavaulta/auto-re-agent/workspaces/ace-combat-6/scripts/DumpU32Range.java (HeadlessAnalyzer)  
INFO  DumpU32Range.java> 82065ac4 0x821d79e8 (GhidraScript)  
INFO  DumpU32Range.java> 82065ac8 0x821d10c0 (GhidraScript)  
INFO  DumpU32Range.java> 82065acc 0x821d10c8 (GhidraScript)  
INFO  DumpU32Range.java> 82065ad0 0x821b9828 (GhidraScript)  
INFO  DumpU32Range.java> 82065ad4 0x821b99b8 (GhidraScript)  
INFO  DumpU32Range.java> 82065ad8 0x821ba278 (GhidraScript)  
INFO  DumpU32Range.java> 82065adc 0x821ba9f8 (GhidraScript)  
INFO  DumpU32Range.java> 82065ae0 0x821bab68 (GhidraScript)  
INFO  DumpU32Range.java> 82065ae4 0x822ddbe8 (GhidraScript)  
INFO  DumpU32Range.java> 82065ae8 0x822ddbe8 (GhidraScript)  
INFO  DumpU32Range.java> 82065aec 0x822663a8 (GhidraScript)  
INFO  DumpU32Range.java> 82065af0 0x820788e0 (GhidraScript)  
INFO  DumpU32Range.java> 82065af4 0x821bf1b8 (GhidraScript)  
INFO  DumpU32Range.java> 82065af8 0x821d10c0 (GhidraScript)  
INFO  DumpU32Range.java> 82065afc 0x821d10c8 (GhidraScript)  
INFO  DumpU32Range.java> 82065b00 0x822ddbe8 (GhidraScript)  
INFO  DumpU32Range.java> 82065b04 0x8218d740 (GhidraScript)  
INFO  DumpU32Range.java> 82065b08 0x821adfb0 (GhidraScript)  
INFO  DumpU32Range.java> 82065b0c 0x821b7948 (GhidraScript)  
INFO  DumpU32Range.java> 82065b10 0x821b7958 (GhidraScript)  
INFO  DumpU32Range.java> 82065b14 0x8218d2a0 (GhidraScript)  
INFO  DumpU32Range.java> 82065b18 0x8218d2c8 (GhidraScript)  
INFO  DumpU32Range.java> 82065b1c 0x8218d2f0 (GhidraScript)  
INFO  DumpU32Range.java> 82065b20 0x8218d690 (GhidraScript)  
INFO  DumpU32Range.java> 82065b24 0x821ae048 (GhidraScript)  
INFO  DumpU32Range.java> 82065b28 0x8218d348 (GhidraScript)  
INFO  DumpU32Range.java> 82065b2c 0x8218d360 (GhidraScript)  
INFO  REPORT: Execute script: DumpRange.java '0x821bcd20' '0x821bce20'  (HeadlessAnalyzer)  
INFO  SCRIPT: /fastdata/lavaulta/auto-re-agent/workspaces/ace-combat-6/scripts/DumpRange.java (HeadlessAnalyzer)  
INFO  DumpRange.java> 821bcd20 li r4,0x2b8 (GhidraScript)  
INFO  DumpRange.java> 821bcd24 lwz r3,-0x70d0(r11) (GhidraScript)  
INFO  DumpRange.java> 821bcd28 bl 0x82222e98 (GhidraScript)  
INFO  DumpRange.java> 821bcd2c cmplwi cr6,r3,0x0 (GhidraScript)  
INFO  DumpRange.java> 821bcd30 bne cr6,0x821bcd44 (GhidraScript)  
INFO  DumpRange.java> 821bcd34 addi r1,r1,0x60 (GhidraScript)  
INFO  DumpRange.java> 821bcd38 lwz r12,-0x8(r1) (GhidraScript)  
INFO  DumpRange.java> 821bcd3c mtspr LR,r12 (GhidraScript)  
INFO  DumpRange.java> 821bcd40 blr (GhidraScript)  
INFO  DumpRange.java> 821bcd44 bl 0x821b8c00 (GhidraScript)  
INFO  DumpRange.java> 821bcd48 addi r1,r1,0x60 (GhidraScript)  
INFO  DumpRange.java> 821bcd4c lwz r12,-0x8(r1) (GhidraScript)  
INFO  DumpRange.java> 821bcd50 mtspr LR,r12 (GhidraScript)  
INFO  DumpRange.java> 821bcd54 blr (GhidraScript)  
INFO  DumpRange.java> 821bcd58 mfspr r12,LR (GhidraScript)  
INFO  DumpRange.java> 821bcd5c stw r12,-0x8(r1) (GhidraScript)  
INFO  DumpRange.java> 821bcd60 stwu r1,-0x60(r1) (GhidraScript)  
INFO  DumpRange.java> 821bcd64 lis r11,-0x7d8a (GhidraScript)  
INFO  DumpRange.java> 821bcd68 li r6,0x1 (GhidraScript)  
INFO  DumpRange.java> 821bcd6c li r5,0x10 (GhidraScript)  
INFO  DumpRange.java> 821bcd70 li r4,0x270 (GhidraScript)  
INFO  DumpRange.java> 821bcd74 lwz r3,-0x70d0(r11) (GhidraScript)  
INFO  DumpRange.java> 821bcd78 bl 0x82222e98 (GhidraScript)  
INFO  DumpRange.java> 821bcd7c cmplwi cr6,r3,0x0 (GhidraScript)  
INFO  DumpRange.java> 821bcd80 bne cr6,0x821bcd94 (GhidraScript)  
INFO  DumpRange.java> 821bcd84 addi r1,r1,0x60 (GhidraScript)  
INFO  DumpRange.java> 821bcd88 lwz r12,-0x8(r1) (GhidraScript)  
INFO  DumpRange.java> 821bcd8c mtspr LR,r12 (GhidraScript)  
INFO  DumpRange.java> 821bcd90 blr (GhidraScript)  
INFO  DumpRange.java> 821bcd94 bl 0x821b5330 (GhidraScript)  
INFO  DumpRange.java> 821bcd98 addi r1,r1,0x60 (GhidraScript)  
INFO  DumpRange.java> 821bcd9c lwz r12,-0x8(r1) (GhidraScript)  
INFO  DumpRange.java> 821bcda0 mtspr LR,r12 (GhidraScript)  
INFO  DumpRange.java> 821bcda4 blr (GhidraScript)  
INFO  DumpRange.java> 821bcda8 mfspr r12,LR (GhidraScript)  
INFO  DumpRange.java> 821bcdac bl 0x82382ee0 (GhidraScript)  
INFO  DumpRange.java> 821bcdb0 stwu r1,-0xb0(r1) (GhidraScript)  
INFO  DumpRange.java> 821bcdb4 or r22,r4,r4 (GhidraScript)  
INFO  DumpRange.java> 821bcdb8 or r31,r3,r3 (GhidraScript)  
INFO  DumpRange.java> 821bcdbc rlwinm r11,r22,0x0,0x1e,0x1e (GhidraScript)  
INFO  DumpRange.java> 821bcdc0 cmplwi cr6,r11,0x0 (GhidraScript)  
INFO  DumpRange.java> 821bcdc4 beq cr6,0x821bce64 (GhidraScript)  
INFO  DumpRange.java> 821bcdc8 lwz r11,-0x8(r31) (GhidraScript)  
INFO  DumpRange.java> 821bcdcc subi r23,r31,0x8 (GhidraScript)  
INFO  DumpRange.java> 821bcdd0 mulli r10,r11,0x278 (GhidraScript)  
INFO  DumpRange.java> 821bcdd4 subi r30,r11,0x1 (GhidraScript)  
INFO  DumpRange.java> 821bcdd8 add r31,r10,r31 (GhidraScript)  
INFO  DumpRange.java> 821bcddc cmpwi cr6,r30,0x0 (GhidraScript)  
INFO  DumpRange.java> 821bcde0 blt cr6,0x821bce44 (GhidraScript)  
INFO  DumpRange.java> 821bcde4 lis r11,-0x7dfb (GhidraScript)  
INFO  DumpRange.java> 821bcde8 addi r29,r11,0x69cc (GhidraScript)  
INFO  DumpRange.java> 821bcdec lis r11,-0x7dfa (GhidraScript)  
INFO  DumpRange.java> 821bcdf0 subi r28,r11,0x5748 (GhidraScript)  
INFO  DumpRange.java> 821bcdf4 lis r11,-0x7dfa (GhidraScript)  
INFO  DumpRange.java> 821bcdf8 addi r27,r11,0x355c (GhidraScript)  
INFO  DumpRange.java> 821bcdfc lis r11,-0x7dfa (GhidraScript)  
INFO  DumpRange.java> 821bce00 addi r26,r11,0x359c (GhidraScript)  
INFO  DumpRange.java> 821bce04 lis r11,-0x7dfa (GhidraScript)  
INFO  DumpRange.java> 821bce08 subi r25,r11,0x5e34 (GhidraScript)  
INFO  DumpRange.java> 821bce0c lis r11,-0x7dfa (GhidraScript)  
INFO  DumpRange.java> 821bce10 addi r24,r11,0x344c (GhidraScript)  
INFO  DumpRange.java> 821bce14 subi r31,r31,0x278 (GhidraScript)  
INFO  DumpRange.java> 821bce18 addi r3,r31,0x1c (GhidraScript)  
INFO  DumpRange.java> 821bce1c stw r24,0x268(r31) (GhidraScript)  
INFO  REPORT: Execute script: FindDirectCallsTo.java '0x821bcd58'  (HeadlessAnalyzer)  
INFO  SCRIPT: /fastdata/lavaulta/auto-re-agent/workspaces/ace-combat-6/scripts/FindDirectCallsTo.java (HeadlessAnalyzer)  
INFO  REPORT: Execute script: FindPpcRawBranchesTo.java '0x821bcd58'  (HeadlessAnalyzer)  
INFO  SCRIPT: /fastdata/lavaulta/auto-re-agent/workspaces/ace-combat-6/scripts/FindPpcRawBranchesTo.java (HeadlessAnalyzer)  
INFO  REPORT: Discarding changes to the following read-only file: /default.xex (HeadlessAnalyzer)  
