openjdk version "21.0.11" 2026-04-21
OpenJDK Runtime Environment (build 21.0.11+10-1-26.04.2-Ubuntu)
OpenJDK 64-Bit Server VM (build 21.0.11+10-1-26.04.2-Ubuntu, mixed mode)
INFO  Using log config file: jar:file:/fastdata/lavaulta/auto-re-agent/.tools/ghidra_12.1.2_PUBLIC/Ghidra/Framework/Generic/lib/Generic.jar!/generic.log4j.xml (LoggingInitialization)  
INFO  Using log file: /home/lavaulta/.config/ghidra/ghidra_12.1.2_PUBLIC/application.log (LoggingInitialization)  
INFO  Loading user preferences: /home/lavaulta/.config/ghidra/ghidra_12.1.2_PUBLIC/preferences (Preferences)  
INFO  Searching for classes... (ClassSearcher)  
INFO  Ignoring class 'xexloaderwv.XEXLoaderWVLoader' from '/fastdata/lavaulta/auto-re-agent/.tools/ghidra_12.1.2_PUBLIC/Ghidra/Extensions/XEXLoaderWV/lib/XEXLoaderWV.jar'. Already found at '/fastdata/lavaulta/auto-re-agent/.tools/ghidra_12.1.2_PUBLIC/Ghidra/patch/XEXLoaderWV-java21.jar'. (ClassSearcher)  
INFO  Class search complete (1511 ms) (ClassSearcher)  
INFO  Initializing SSL Context (DefaultSSLContextInitializer)  
INFO  Initializing Random Number Generator... (SecureRandomFactory)  
INFO  Random Number Generator initialization complete: NativePRNGNonBlocking (SecureRandomFactory)  
INFO  Trust manager disabled, cacerts have not been set (DefaultTrustManagerFactory)  
INFO  Headless startup complete (3010 ms) (AnalyzeHeadless)  
INFO  Class searcher loaded 59 extension points (20 false positives) (ClassSearcher)  
INFO  HEADLESS Script Paths:
    /fastdata/lavaulta/auto-re-agent/.tools/ghidra_12.1.2_PUBLIC/Ghidra/Features/MicrosoftCodeAnalyzer/ghidra_scripts
    /fastdata/lavaulta/auto-re-agent/.tools/ghidra_12.1.2_PUBLIC/Ghidra/Features/PDB/ghidra_scripts
    /fastdata/lavaulta/auto-re-agent/.tools/ghidra_12.1.2_PUBLIC/Ghidra/Processors/8051/ghidra_scripts
    /fastdata/lavaulta/auto-re-agent/.tools/ghidra_12.1.2_PUBLIC/Ghidra/Features/Base/ghidra_scripts
    /fastdata/lavaulta/auto-re-agent/workspaces/ace-combat-6/scripts
    /fastdata/lavaulta/auto-re-agent/.tools/ghidra_12.1.2_PUBLIC/Ghidra/Features/FileFormats/ghidra_scripts
    /fastdata/lavaulta/auto-re-agent/.tools/ghidra_12.1.2_PUBLIC/Ghidra/Features/GnuDemangler/ghidra_scripts
    /fastdata/lavaulta/auto-re-agent/.tools/ghidra_12.1.2_PUBLIC/Ghidra/Extensions/ghidra-emotionengine-reloaded/ghidra_scripts
    /fastdata/lavaulta/auto-re-agent/.tools/ghidra_12.1.2_PUBLIC/Ghidra/Features/Decompiler/ghidra_scripts
    /fastdata/lavaulta/auto-re-agent/.tools/ghidra_12.1.2_PUBLIC/Ghidra/Features/FunctionID/ghidra_scripts
    /fastdata/lavaulta/auto-re-agent/.tools/ghidra_12.1.2_PUBLIC/Ghidra/Features/DecompilerDependent/ghidra_scripts
    /fastdata/lavaulta/auto-re-agent/.tools/ghidra_12.1.2_PUBLIC/Ghidra/Processors/DATA/ghidra_scripts
    /fastdata/lavaulta/auto-re-agent/.tools/ghidra_12.1.2_PUBLIC/Ghidra/Debug/Debugger-rmi-trace/ghidra_scripts
    /fastdata/lavaulta/auto-re-agent/.tools/ghidra_12.1.2_PUBLIC/Ghidra/Features/SwiftDemangler/ghidra_scripts
    /fastdata/lavaulta/auto-re-agent/.tools/ghidra_12.1.2_PUBLIC/Ghidra/Debug/Debugger/ghidra_scripts
    /fastdata/lavaulta/auto-re-agent/.tools/ghidra_12.1.2_PUBLIC/Ghidra/Processors/PIC/ghidra_scripts
    /fastdata/lavaulta/auto-re-agent/.tools/ghidra_12.1.2_PUBLIC/Ghidra/Extensions/XEXLoaderWV/ghidra_scripts
    /fastdata/lavaulta/auto-re-agent/.tools/ghidra_12.1.2_PUBLIC/Ghidra/Features/WildcardAssembler/ghidra_scripts
    /fastdata/lavaulta/auto-re-agent/.tools/ghidra_12.1.2_PUBLIC/Ghidra/Features/PyGhidra/ghidra_scripts
    /fastdata/lavaulta/auto-re-agent/.tools/ghidra_12.1.2_PUBLIC/Ghidra/Features/BSim/ghidra_scripts
    /fastdata/lavaulta/auto-re-agent/.tools/ghidra_12.1.2_PUBLIC/Ghidra/Features/VersionTracking/ghidra_scripts
    /fastdata/lavaulta/auto-re-agent/.tools/ghidra_12.1.2_PUBLIC/Ghidra/Features/BytePatterns/ghidra_scripts
    /fastdata/lavaulta/auto-re-agent/.tools/ghidra_12.1.2_PUBLIC/Ghidra/Processors/Atmel/ghidra_scripts
    /fastdata/lavaulta/auto-re-agent/.tools/ghidra_12.1.2_PUBLIC/Ghidra/Features/SystemEmulation/ghidra_scripts
    /fastdata/lavaulta/auto-re-agent/.tools/ghidra_12.1.2_PUBLIC/Ghidra/Processors/JVM/ghidra_scripts (HeadlessAnalyzer)  
INFO  HEADLESS: execution starts (HeadlessAnalyzer)  
INFO  Opening existing project: /fastdata/lavaulta/auto-re-agent/workspaces/ace-combat-6/ghidra-projects/ace-combat-6 (HeadlessAnalyzer)  
INFO  Opening project: /fastdata/lavaulta/auto-re-agent/workspaces/ace-combat-6/ghidra-projects/ace-combat-6 (HeadlessProject)  
INFO  REPORT: Processing read-only project file: /default.xex (HeadlessAnalyzer)  
INFO  REPORT: Execute script: DumpRange.java '0x821b9828' '0x821b99c8'  (HeadlessAnalyzer)  
INFO  SCRIPT: /fastdata/lavaulta/auto-re-agent/workspaces/ace-combat-6/scripts/DumpRange.java (HeadlessAnalyzer)  
INFO  DumpRange.java> 821b9828 mfspr r12,LR (GhidraScript)  
INFO  DumpRange.java> 821b982c bl 0x82382efc (GhidraScript)  
INFO  DumpRange.java> 821b9830 stwu r1,-0x70(r1) (GhidraScript)  
INFO  DumpRange.java> 821b9834 lis r30,-0x7d8a (GhidraScript)  
INFO  DumpRange.java> 821b9838 or r31,r3,r3 (GhidraScript)  
INFO  DumpRange.java> 821b983c lwz r3,-0x70d0(r30) (GhidraScript)  
INFO  DumpRange.java> 821b9840 bl 0x82222230 (GhidraScript)  
INFO  DumpRange.java> 821b9844 or r4,r3,r3 (GhidraScript)  
INFO  DumpRange.java> 821b9848 lwz r3,-0x70d0(r30) (GhidraScript)  
INFO  DumpRange.java> 821b984c stb r4,0x22(r31) (GhidraScript)  
INFO  DumpRange.java> 821b9850 stb r4,0x21(r31) (GhidraScript)  
INFO  DumpRange.java> 821b9854 bl 0x82222280 (GhidraScript)  
INFO  DumpRange.java> 821b9858 lwz r3,-0x70d0(r30) (GhidraScript)  
INFO  DumpRange.java> 821b985c lwz r11,0x0(r3) (GhidraScript)  
INFO  DumpRange.java> 821b9860 lwz r11,0x4(r11) (GhidraScript)  
INFO  DumpRange.java> 821b9864 mtspr CTR,r11 (GhidraScript)  
INFO  DumpRange.java> 821b9868 bctrl (GhidraScript)  
INFO  DumpRange.java> 821b986c lwz r3,-0x70d0(r30) (GhidraScript)  
INFO  DumpRange.java> 821b9870 li r4,0x1 (GhidraScript)  
INFO  DumpRange.java> 821b9874 lwz r11,0x0(r3) (GhidraScript)  
INFO  DumpRange.java> 821b9878 lwz r11,0x8(r11) (GhidraScript)  
INFO  DumpRange.java> 821b987c mtspr CTR,r11 (GhidraScript)  
INFO  DumpRange.java> 821b9880 bctrl (GhidraScript)  
INFO  DumpRange.java> 821b9884 lis r11,-0x7de4 (GhidraScript)  
INFO  DumpRange.java> 821b9888 subi r11,r11,0x32a8 (GhidraScript)  
INFO  DumpRange.java> 821b988c stw r11,0x10(r31) (GhidraScript)  
INFO  DumpRange.java> 821b9890 rlwinm r11,r11,0x0,0x0,0x1f (GhidraScript)  
INFO  DumpRange.java> 821b9894 mtspr CTR,r11 (GhidraScript)  
INFO  DumpRange.java> 821b9898 bctrl (GhidraScript)  
INFO  DumpRange.java> 821b989c lis r11,-0x7d8a (GhidraScript)  
INFO  DumpRange.java> 821b98a0 or r4,r3,r3 (GhidraScript)  
INFO  DumpRange.java> 821b98a4 lwz r3,0x5b88(r11) (GhidraScript)  
INFO  DumpRange.java> 821b98a8 stw r4,0x8(r31) (GhidraScript)  
INFO  DumpRange.java> 821b98ac lwz r11,0x0(r3) (GhidraScript)  
INFO  DumpRange.java> 821b98b0 lwz r11,0xc(r11) (GhidraScript)  
INFO  DumpRange.java> 821b98b4 mtspr CTR,r11 (GhidraScript)  
INFO  DumpRange.java> 821b98b8 bctrl (GhidraScript)  
INFO  DumpRange.java> 821b98bc lwz r3,0x8(r31) (GhidraScript)  
INFO  DumpRange.java> 821b98c0 lwz r11,0x0(r3) (GhidraScript)  
INFO  DumpRange.java> 821b98c4 lwz r11,0x2c(r11) (GhidraScript)  
INFO  DumpRange.java> 821b98c8 mtspr CTR,r11 (GhidraScript)  
INFO  DumpRange.java> 821b98cc bctrl (GhidraScript)  
INFO  DumpRange.java> 821b98d0 addi r29,r31,0x60 (GhidraScript)  
INFO  DumpRange.java> 821b98d4 or r3,r29,r29 (GhidraScript)  
INFO  DumpRange.java> 821b98d8 bl 0x821ce088 (GhidraScript)  
INFO  DumpRange.java> 821b98dc lis r11,0x0 (GhidraScript)  
INFO  DumpRange.java> 821b98e0 addis r3,r31,0x1 (GhidraScript)  
INFO  DumpRange.java> 821b98e4 li r30,0x0 (GhidraScript)  
INFO  DumpRange.java> 821b98e8 ori r11,r11,0xc39c (GhidraScript)  
INFO  DumpRange.java> 821b98ec addi r3,r3,0x7de0 (GhidraScript)  
INFO  DumpRange.java> 821b98f0 stwx r30,r31,r11 (GhidraScript)  
INFO  DumpRange.java> 821b98f4 stw r30,0x4(r3) (GhidraScript)  
INFO  DumpRange.java> 821b98f8 stw r30,0x8(r3) (GhidraScript)  
INFO  DumpRange.java> 821b98fc bl 0x821c36f0 (GhidraScript)  
INFO  DumpRange.java> 821b9900 lis r11,-0x7dfb (GhidraScript)  
INFO  DumpRange.java> 821b9904 lis r10,0x1 (GhidraScript)  
INFO  DumpRange.java> 821b9908 addis r8,r31,0x1 (GhidraScript)  
INFO  DumpRange.java> 821b990c ori r9,r10,0x7de4 (GhidraScript)  
INFO  DumpRange.java> 821b9910 lis r10,0x1 (GhidraScript)  
INFO  DumpRange.java> 821b9914 lfs f0,0x42b8(r11) (GhidraScript)  
INFO  DumpRange.java> 821b9918 addis r11,r31,0xe (GhidraScript)  
INFO  DumpRange.java> 821b991c ori r7,r10,0x7de8 (GhidraScript)  
INFO  DumpRange.java> 821b9920 subi r8,r8,0x3c68 (GhidraScript)  
INFO  DumpRange.java> 821b9924 subi r11,r11,0x5700 (GhidraScript)  
INFO  DumpRange.java> 821b9928 stwx r29,r31,r9 (GhidraScript)  
INFO  DumpRange.java> 821b992c li r10,-0x1 (GhidraScript)  
INFO  DumpRange.java> 821b9930 li r5,0x4 (GhidraScript)  
INFO  DumpRange.java> 821b9934 li r4,0x0 (GhidraScript)  
INFO  DumpRange.java> 821b9938 addi r3,r11,0x34 (GhidraScript)  
INFO  DumpRange.java> 821b993c stwx r8,r31,r7 (GhidraScript)  
INFO  DumpRange.java> 821b9940 stfs f0,0x14(r11) (GhidraScript)  
INFO  DumpRange.java> 821b9944 stw r30,0x4(r11) (GhidraScript)  
INFO  DumpRange.java> 821b9948 stw r30,0x18(r11) (GhidraScript)  
INFO  DumpRange.java> 821b994c stw r10,0x1c(r11) (GhidraScript)  
INFO  DumpRange.java> 821b9950 stw r10,0x20(r11) (GhidraScript)  
INFO  DumpRange.java> 821b9954 stw r10,0x24(r11) (GhidraScript)  
INFO  DumpRange.java> 821b9958 stw r30,0x28(r11) (GhidraScript)  
INFO  DumpRange.java> 821b995c stw r30,0x2c(r11) (GhidraScript)  
INFO  DumpRange.java> 821b9960 stw r30,0x30(r11) (GhidraScript)  
INFO  DumpRange.java> 821b9964 bl 0x821f3bb0 (GhidraScript)  
INFO  DumpRange.java> 821b9968 lis r3,0x40 (GhidraScript)  
INFO  DumpRange.java> 821b996c bl 0x820d9218 (GhidraScript)  
INFO  DumpRange.java> 821b9970 addis r3,r31,0x16 (GhidraScript)  
INFO  DumpRange.java> 821b9974 subi r3,r3,0x56ac (GhidraScript)  
INFO  DumpRange.java> 821b9978 bl 0x82153838 (GhidraScript)  
INFO  DumpRange.java> 821b997c stb r30,0x20(r31) (GhidraScript)  
INFO  DumpRange.java> 821b9980 stw r30,0x24(r31) (GhidraScript)  
INFO  DumpRange.java> 821b9984 stb r30,0x28(r31) (GhidraScript)  
INFO  DumpRange.java> 821b9988 stb r30,0x29(r31) (GhidraScript)  
INFO  DumpRange.java> 821b998c stb r30,0x2a(r31) (GhidraScript)  
INFO  DumpRange.java> 821b9990 stw r30,0x2c(r31) (GhidraScript)  
INFO  DumpRange.java> 821b9994 stw r30,0x30(r31) (GhidraScript)  
INFO  DumpRange.java> 821b9998 stw r30,0x14(r31) (GhidraScript)  
INFO  DumpRange.java> 821b999c stb r30,0x38(r31) (GhidraScript)  
INFO  DumpRange.java> 821b99a0 stb r30,0x39(r31) (GhidraScript)  
INFO  DumpRange.java> 821b99a4 stw r30,0x3c(r31) (GhidraScript)  
INFO  DumpRange.java> 821b99a8 stw r30,0x40(r31) (GhidraScript)  
INFO  DumpRange.java> 821b99ac addi r1,r1,0x70 (GhidraScript)  
INFO  DumpRange.java> 821b99b0 b 0x82382f4c (GhidraScript)  
INFO  DumpRange.java> 821b99b4 <not-disassembled> (GhidraScript)  
INFO  DumpRange.java> 821b99b8 mfspr r12,LR (GhidraScript)  
INFO  DumpRange.java> 821b99bc bl 0x82382ee4 (GhidraScript)  
INFO  DumpRange.java> 821b99c0 stwu r1,-0xa0(r1) (GhidraScript)  
INFO  DumpRange.java> 821b99c4 or r31,r3,r3 (GhidraScript)  
INFO  REPORT: Discarding changes to the following read-only file: /default.xex (HeadlessAnalyzer)  
