openjdk version "21.0.11" 2026-04-21
OpenJDK Runtime Environment (build 21.0.11+10-1-26.04.2-Ubuntu)
OpenJDK 64-Bit Server VM (build 21.0.11+10-1-26.04.2-Ubuntu, mixed mode)
INFO  Using log config file: jar:file:/fastdata/lavaulta/auto-re-agent/.tools/ghidra_12.1.2_PUBLIC/Ghidra/Framework/Generic/lib/Generic.jar!/generic.log4j.xml (LoggingInitialization)  
INFO  Using log file: /home/lavaulta/.config/ghidra/ghidra_12.1.2_PUBLIC/application.log (LoggingInitialization)  
INFO  Loading user preferences: /home/lavaulta/.config/ghidra/ghidra_12.1.2_PUBLIC/preferences (Preferences)  
INFO  Searching for classes... (ClassSearcher)  
INFO  Ignoring class 'xexloaderwv.XEXLoaderWVLoader' from '/fastdata/lavaulta/auto-re-agent/.tools/ghidra_12.1.2_PUBLIC/Ghidra/Extensions/XEXLoaderWV/lib/XEXLoaderWV.jar'. Already found at '/fastdata/lavaulta/auto-re-agent/.tools/ghidra_12.1.2_PUBLIC/Ghidra/patch/XEXLoaderWV-java21.jar'. (ClassSearcher)  
INFO  Class search complete (1501 ms) (ClassSearcher)  
INFO  Initializing SSL Context (DefaultSSLContextInitializer)  
INFO  Initializing Random Number Generator... (SecureRandomFactory)  
INFO  Random Number Generator initialization complete: NativePRNGNonBlocking (SecureRandomFactory)  
INFO  Trust manager disabled, cacerts have not been set (DefaultTrustManagerFactory)  
INFO  Headless startup complete (2992 ms) (AnalyzeHeadless)  
INFO  Class searcher loaded 59 extension points (20 false positives) (ClassSearcher)  
INFO  HEADLESS Script Paths:
    /fastdata/lavaulta/auto-re-agent/.tools/ghidra_12.1.2_PUBLIC/Ghidra/Features/MicrosoftCodeAnalyzer/ghidra_scripts
    /fastdata/lavaulta/auto-re-agent/.tools/ghidra_12.1.2_PUBLIC/Ghidra/Features/PDB/ghidra_scripts
    /fastdata/lavaulta/auto-re-agent/.tools/ghidra_12.1.2_PUBLIC/Ghidra/Processors/8051/ghidra_scripts
    /fastdata/lavaulta/auto-re-agent/.tools/ghidra_12.1.2_PUBLIC/Ghidra/Features/Base/ghidra_scripts
    /fastdata/lavaulta/auto-re-agent/workspaces/ace-combat-6/scripts
    /fastdata/lavaulta/auto-re-agent/.tools/ghidra_12.1.2_PUBLIC/Ghidra/Features/FileFormats/ghidra_scripts
    /fastdata/lavaulta/auto-re-agent/.tools/ghidra_12.1.2_PUBLIC/Ghidra/Features/GnuDemangler/ghidra_scripts
    /fastdata/lavaulta/auto-re-agent/.tools/ghidra_12.1.2_PUBLIC/Ghidra/Extensions/ghidra-emotionengine-reloaded/ghidra_scripts
    /fastdata/lavaulta/auto-re-agent/.tools/ghidra_12.1.2_PUBLIC/Ghidra/Features/Decompiler/ghidra_scripts
    /fastdata/lavaulta/auto-re-agent/.tools/ghidra_12.1.2_PUBLIC/Ghidra/Features/FunctionID/ghidra_scripts
    /fastdata/lavaulta/auto-re-agent/.tools/ghidra_12.1.2_PUBLIC/Ghidra/Features/DecompilerDependent/ghidra_scripts
    /fastdata/lavaulta/auto-re-agent/.tools/ghidra_12.1.2_PUBLIC/Ghidra/Processors/DATA/ghidra_scripts
    /fastdata/lavaulta/auto-re-agent/.tools/ghidra_12.1.2_PUBLIC/Ghidra/Debug/Debugger-rmi-trace/ghidra_scripts
    /fastdata/lavaulta/auto-re-agent/.tools/ghidra_12.1.2_PUBLIC/Ghidra/Features/SwiftDemangler/ghidra_scripts
    /fastdata/lavaulta/auto-re-agent/.tools/ghidra_12.1.2_PUBLIC/Ghidra/Debug/Debugger/ghidra_scripts
    /fastdata/lavaulta/auto-re-agent/.tools/ghidra_12.1.2_PUBLIC/Ghidra/Processors/PIC/ghidra_scripts
    /fastdata/lavaulta/auto-re-agent/.tools/ghidra_12.1.2_PUBLIC/Ghidra/Extensions/XEXLoaderWV/ghidra_scripts
    /fastdata/lavaulta/auto-re-agent/.tools/ghidra_12.1.2_PUBLIC/Ghidra/Features/WildcardAssembler/ghidra_scripts
    /fastdata/lavaulta/auto-re-agent/.tools/ghidra_12.1.2_PUBLIC/Ghidra/Features/PyGhidra/ghidra_scripts
    /fastdata/lavaulta/auto-re-agent/.tools/ghidra_12.1.2_PUBLIC/Ghidra/Features/BSim/ghidra_scripts
    /fastdata/lavaulta/auto-re-agent/.tools/ghidra_12.1.2_PUBLIC/Ghidra/Features/VersionTracking/ghidra_scripts
    /fastdata/lavaulta/auto-re-agent/.tools/ghidra_12.1.2_PUBLIC/Ghidra/Features/BytePatterns/ghidra_scripts
    /fastdata/lavaulta/auto-re-agent/.tools/ghidra_12.1.2_PUBLIC/Ghidra/Processors/Atmel/ghidra_scripts
    /fastdata/lavaulta/auto-re-agent/.tools/ghidra_12.1.2_PUBLIC/Ghidra/Features/SystemEmulation/ghidra_scripts
    /fastdata/lavaulta/auto-re-agent/.tools/ghidra_12.1.2_PUBLIC/Ghidra/Processors/JVM/ghidra_scripts (HeadlessAnalyzer)  
INFO  HEADLESS: execution starts (HeadlessAnalyzer)  
INFO  Opening existing project: /fastdata/lavaulta/auto-re-agent/workspaces/ace-combat-6/ghidra-projects/ace-combat-6 (HeadlessAnalyzer)  
INFO  Opening project: /fastdata/lavaulta/auto-re-agent/workspaces/ace-combat-6/ghidra-projects/ace-combat-6 (HeadlessProject)  
INFO  REPORT: Processing read-only project file: /default.xex (HeadlessAnalyzer)  
INFO  REPORT: Execute script: FindPpcRawBranchesTo.java '0x821b9408'  (HeadlessAnalyzer)  
INFO  SCRIPT: /fastdata/lavaulta/auto-re-agent/workspaces/ace-combat-6/scripts/FindPpcRawBranchesTo.java (HeadlessAnalyzer)  
INFO  FindPpcRawBranchesTo.java> 821d6654 -> 0x821b9408 raw=0x4bfe2db5 (GhidraScript)  
INFO  REPORT: Execute script: DumpRange.java '0x821d6500' '0x821d66e0'  (HeadlessAnalyzer)  
INFO  SCRIPT: /fastdata/lavaulta/auto-re-agent/workspaces/ace-combat-6/scripts/DumpRange.java (HeadlessAnalyzer)  
INFO  DumpRange.java> 821d6500 li r6,0x0 (GhidraScript)  
INFO  DumpRange.java> 821d6504 li r5,0x10 (GhidraScript)  
INFO  DumpRange.java> 821d6508 lwz r3,-0x70d0(r24) (GhidraScript)  
INFO  DumpRange.java> 821d650c li r4,0x5658 (GhidraScript)  
INFO  DumpRange.java> 821d6510 lwz r31,0x4eb4(r28) (GhidraScript)  
INFO  DumpRange.java> 821d6514 bl 0x82222e98 (GhidraScript)  
INFO  DumpRange.java> 821d6518 cmplwi cr6,r3,0x0 (GhidraScript)  
INFO  DumpRange.java> 821d651c bne cr6,0x821d6528 (GhidraScript)  
INFO  DumpRange.java> 821d6520 or r30,r23,r23 (GhidraScript)  
INFO  DumpRange.java> 821d6524 b 0x821d6530 (GhidraScript)  
INFO  DumpRange.java> 821d6528 bl 0x8215a7c8 (GhidraScript)  
INFO  DumpRange.java> 821d652c or r30,r3,r3 (GhidraScript)  
INFO  DumpRange.java> 821d6530 lis r4,0x0 (GhidraScript)  
INFO  DumpRange.java> 821d6534 lwz r3,-0x70d0(r24) (GhidraScript)  
INFO  DumpRange.java> 821d6538 li r6,0x0 (GhidraScript)  
INFO  DumpRange.java> 821d653c stw r30,0xa4(r31) (GhidraScript)  
INFO  DumpRange.java> 821d6540 li r5,0x10 (GhidraScript)  
INFO  DumpRange.java> 821d6544 ori r4,r4,0x83f8 (GhidraScript)  
INFO  DumpRange.java> 821d6548 bl 0x82222e98 (GhidraScript)  
INFO  DumpRange.java> 821d654c cmplwi cr6,r3,0x0 (GhidraScript)  
INFO  DumpRange.java> 821d6550 bne cr6,0x821d655c (GhidraScript)  
INFO  DumpRange.java> 821d6554 or r27,r23,r23 (GhidraScript)  
INFO  DumpRange.java> 821d6558 b 0x821d6564 (GhidraScript)  
INFO  DumpRange.java> 821d655c bl 0x82165750 (GhidraScript)  
INFO  DumpRange.java> 821d6560 or r27,r3,r3 (GhidraScript)  
INFO  DumpRange.java> 821d6564 li r6,0x0 (GhidraScript)  
INFO  DumpRange.java> 821d6568 lwz r3,-0x70d0(r24) (GhidraScript)  
INFO  DumpRange.java> 821d656c li r5,0x10 (GhidraScript)  
INFO  DumpRange.java> 821d6570 li r4,0x17f8 (GhidraScript)  
INFO  DumpRange.java> 821d6574 bl 0x82222e98 (GhidraScript)  
INFO  DumpRange.java> 821d6578 cmplwi cr6,r3,0x0 (GhidraScript)  
INFO  DumpRange.java> 821d657c bne cr6,0x821d6588 (GhidraScript)  
INFO  DumpRange.java> 821d6580 or r29,r23,r23 (GhidraScript)  
INFO  DumpRange.java> 821d6584 b 0x821d6590 (GhidraScript)  
INFO  DumpRange.java> 821d6588 bl 0x82171098 (GhidraScript)  
INFO  DumpRange.java> 821d658c or r29,r3,r3 (GhidraScript)  
INFO  DumpRange.java> 821d6590 li r6,0x0 (GhidraScript)  
INFO  DumpRange.java> 821d6594 lwz r3,-0x70d0(r24) (GhidraScript)  
INFO  DumpRange.java> 821d6598 li r5,0x10 (GhidraScript)  
INFO  DumpRange.java> 821d659c li r4,0x20 (GhidraScript)  
INFO  DumpRange.java> 821d65a0 bl 0x82222e98 (GhidraScript)  
INFO  DumpRange.java> 821d65a4 cmplwi cr6,r3,0x0 (GhidraScript)  
INFO  DumpRange.java> 821d65a8 bne cr6,0x821d65b4 (GhidraScript)  
INFO  DumpRange.java> 821d65ac or r11,r23,r23 (GhidraScript)  
INFO  DumpRange.java> 821d65b0 b 0x821d65e4 (GhidraScript)  
INFO  DumpRange.java> 821d65b4 lis r11,-0x7dfa (GhidraScript)  
INFO  DumpRange.java> 821d65b8 li r10,0x2 (GhidraScript)  
INFO  DumpRange.java> 821d65bc subi r11,r11,0x1f3c (GhidraScript)  
INFO  DumpRange.java> 821d65c0 stw r11,0x0(r3) (GhidraScript)  
INFO  DumpRange.java> 821d65c4 or r11,r3,r3 (GhidraScript)  
INFO  DumpRange.java> 821d65c8 stw r21,0x8(r3) (GhidraScript)  
INFO  DumpRange.java> 821d65cc stw r21,0xc(r3) (GhidraScript)  
INFO  DumpRange.java> 821d65d0 stw r21,0x10(r3) (GhidraScript)  
INFO  DumpRange.java> 821d65d4 stw r21,0x14(r3) (GhidraScript)  
INFO  DumpRange.java> 821d65d8 stw r23,0x18(r3) (GhidraScript)  
INFO  DumpRange.java> 821d65dc stw r10,0x1c(r3) (GhidraScript)  
INFO  DumpRange.java> 821d65e0 stw r23,0x4(r3) (GhidraScript)  
INFO  DumpRange.java> 821d65e4 stw r27,0x8c(r30) (GhidraScript)  
INFO  DumpRange.java> 821d65e8 li r6,0x0 (GhidraScript)  
INFO  DumpRange.java> 821d65ec stw r29,0xa0(r30) (GhidraScript)  
INFO  DumpRange.java> 821d65f0 li r5,0x10 (GhidraScript)  
INFO  DumpRange.java> 821d65f4 stw r27,0xd4(r31) (GhidraScript)  
INFO  DumpRange.java> 821d65f8 li r4,0x264 (GhidraScript)  
INFO  DumpRange.java> 821d65fc stw r29,0xdc(r31) (GhidraScript)  
INFO  DumpRange.java> 821d6600 stw r30,0x17f0(r29) (GhidraScript)  
INFO  DumpRange.java> 821d6604 lwz r3,-0x70d0(r24) (GhidraScript)  
INFO  DumpRange.java> 821d6608 stw r11,0xe8(r31) (GhidraScript)  
INFO  DumpRange.java> 821d660c stb r21,0xa0(r31) (GhidraScript)  
INFO  DumpRange.java> 821d6610 bl 0x82222e98 (GhidraScript)  
INFO  DumpRange.java> 821d6614 cmplwi cr6,r3,0x0 (GhidraScript)  
INFO  DumpRange.java> 821d6618 bne cr6,0x821d6624 (GhidraScript)  
INFO  DumpRange.java> 821d661c or r11,r23,r23 (GhidraScript)  
INFO  DumpRange.java> 821d6620 b 0x821d662c (GhidraScript)  
INFO  DumpRange.java> 821d6624 bl 0x822ab2e8 (GhidraScript)  
INFO  DumpRange.java> 821d6628 or r11,r3,r3 (GhidraScript)  
INFO  DumpRange.java> 821d662c lis r22,-0x7d8a (GhidraScript)  
INFO  DumpRange.java> 821d6630 lwz r3,-0x70d0(r24) (GhidraScript)  
INFO  DumpRange.java> 821d6634 lis r4,0x15 (GhidraScript)  
INFO  DumpRange.java> 821d6638 li r6,0x0 (GhidraScript)  
INFO  DumpRange.java> 821d663c li r5,0x10 (GhidraScript)  
INFO  DumpRange.java> 821d6640 ori r4,r4,0xb798 (GhidraScript)  
INFO  DumpRange.java> 821d6644 stw r11,0x5b88(r22) (GhidraScript)  
INFO  DumpRange.java> 821d6648 bl 0x82222e98 (GhidraScript)  
INFO  DumpRange.java> 821d664c cmplwi cr6,r3,0x0 (GhidraScript)  
INFO  DumpRange.java> 821d6650 beq cr6,0x821d6658 (GhidraScript)  
INFO  DumpRange.java> 821d6654 bl 0x821b9408 (GhidraScript)  
INFO  DumpRange.java> 821d6658 lis r29,-0x7d6c (GhidraScript)  
INFO  DumpRange.java> 821d665c lis r11,0x15 (GhidraScript)  
INFO  DumpRange.java> 821d6660 or r4,r26,r26 (GhidraScript)  
INFO  DumpRange.java> 821d6664 ori r31,r11,0xaa78 (GhidraScript)  
INFO  DumpRange.java> 821d6668 lwz r11,-0x45f0(r29) (GhidraScript)  
INFO  DumpRange.java> 821d666c add r3,r11,r31 (GhidraScript)  
INFO  DumpRange.java> 821d6670 bl 0x82234c18 (GhidraScript)  
INFO  DumpRange.java> 821d6674 or r11,r21,r21 (GhidraScript)  
INFO  DumpRange.java> 821d6678 lis r26,-0x7d6c (GhidraScript)  
INFO  DumpRange.java> 821d667c lwz r3,-0x45f0(r29) (GhidraScript)  
INFO  DumpRange.java> 821d6680 lis r27,-0x7d8a (GhidraScript)  
INFO  DumpRange.java> 821d6684 stb r11,-0x4806(r26) (GhidraScript)  
INFO  DumpRange.java> 821d6688 stb r11,0x5438(r27) (GhidraScript)  
INFO  DumpRange.java> 821d668c bl 0x821bb118 (GhidraScript)  
INFO  DumpRange.java> 821d6690 lwz r11,-0x45f0(r29) (GhidraScript)  
INFO  DumpRange.java> 821d6694 or r3,r25,r25 (GhidraScript)  
INFO  DumpRange.java> 821d6698 lwz r4,0x44(r11) (GhidraScript)  
INFO  DumpRange.java> 821d669c bl 0x821d2fc0 (GhidraScript)  
INFO  DumpRange.java> 821d66a0 or r25,r3,r3 (GhidraScript)  
INFO  DumpRange.java> 821d66a4 bl 0x821d27f0 (GhidraScript)  
INFO  DumpRange.java> 821d66a8 or r3,r25,r25 (GhidraScript)  
INFO  DumpRange.java> 821d66ac bl 0x821d2860 (GhidraScript)  
INFO  DumpRange.java> 821d66b0 cmpwi cr6,r3,0x0 (GhidraScript)  
INFO  DumpRange.java> 821d66b4 beq cr6,0x821d66a8 (GhidraScript)  
INFO  DumpRange.java> 821d66b8 blt cr6,0x821d60e8 (GhidraScript)  
INFO  DumpRange.java> 821d66bc lwz r3,-0x45f0(r29) (GhidraScript)  
INFO  DumpRange.java> 821d66c0 bl 0x821bb348 (GhidraScript)  
INFO  DumpRange.java> 821d66c4 lwz r11,-0x45f0(r29) (GhidraScript)  
INFO  DumpRange.java> 821d66c8 li r4,0x26 (GhidraScript)  
INFO  DumpRange.java> 821d66cc add r3,r11,r31 (GhidraScript)  
INFO  DumpRange.java> 821d66d0 or r11,r23,r23 (GhidraScript)  
INFO  DumpRange.java> 821d66d4 stb r11,-0x4806(r26) (GhidraScript)  
INFO  DumpRange.java> 821d66d8 stb r11,0x5438(r27) (GhidraScript)  
INFO  DumpRange.java> 821d66dc bl 0x82234dd0 (GhidraScript)  
INFO  REPORT: Execute script: DumpRange.java '0x821d78f0' '0x821d7a90'  (HeadlessAnalyzer)  
INFO  SCRIPT: /fastdata/lavaulta/auto-re-agent/workspaces/ace-combat-6/scripts/DumpRange.java (HeadlessAnalyzer)  
INFO  DumpRange.java> 821d78f0 ld r30,-0x18(r1) (GhidraScript)  
INFO  DumpRange.java> 821d78f4 ld r31,-0x10(r1) (GhidraScript)  
INFO  DumpRange.java> 821d78f8 blr (GhidraScript)  
INFO  DumpRange.java> 821d78fc <not-disassembled> (GhidraScript)  
INFO  DumpRange.java> 821d7900 mfspr r12,LR (GhidraScript)  
INFO  DumpRange.java> 821d7904 bl 0x82382ef4 (GhidraScript)  
INFO  DumpRange.java> 821d7908 stwu r1,-0x80(r1) (GhidraScript)  
INFO  DumpRange.java> 821d790c or r27,r4,r4 (GhidraScript)  
INFO  DumpRange.java> 821d7910 or r31,r3,r3 (GhidraScript)  
INFO  DumpRange.java> 821d7914 rlwinm r11,r27,0x0,0x1e,0x1e (GhidraScript)  
INFO  DumpRange.java> 821d7918 cmplwi cr6,r11,0x0 (GhidraScript)  
INFO  DumpRange.java> 821d791c beq cr6,0x821d79c0 (GhidraScript)  
INFO  DumpRange.java> 821d7920 lwz r11,-0x4(r31) (GhidraScript)  
INFO  DumpRange.java> 821d7924 subi r28,r31,0x4 (GhidraScript)  
INFO  DumpRange.java> 821d7928 mulli r10,r11,0x264 (GhidraScript)  
INFO  DumpRange.java> 821d792c subi r30,r11,0x1 (GhidraScript)  
INFO  DumpRange.java> 821d7930 add r31,r10,r31 (GhidraScript)  
INFO  DumpRange.java> 821d7934 cmpwi cr6,r30,0x0 (GhidraScript)  
INFO  DumpRange.java> 821d7938 blt cr6,0x821d79a0 (GhidraScript)  
INFO  DumpRange.java> 821d793c lis r11,-0x7dfa (GhidraScript)  
INFO  DumpRange.java> 821d7940 addi r29,r11,0x7e04 (GhidraScript)  
INFO  DumpRange.java> 821d7944 subi r31,r31,0x264 (GhidraScript)  
INFO  DumpRange.java> 821d7948 lis r11,-0x7de3 (GhidraScript)  
INFO  DumpRange.java> 821d794c li r5,0x3 (GhidraScript)  
INFO  DumpRange.java> 821d7950 addi r6,r11,0x5070 (GhidraScript)  
INFO  DumpRange.java> 821d7954 li r4,0x10 (GhidraScript)  
INFO  DumpRange.java> 821d7958 addi r3,r31,0x234 (GhidraScript)  
INFO  DumpRange.java> 821d795c stw r29,0x0(r31) (GhidraScript)  
INFO  DumpRange.java> 821d7960 bl 0x82090270 (GhidraScript)  
INFO  DumpRange.java> 821d7964 lis r11,-0x7de3 (GhidraScript)  
INFO  DumpRange.java> 821d7968 li r5,0x3 (GhidraScript)  
INFO  DumpRange.java> 821d796c addi r6,r11,0x5070 (GhidraScript)  
INFO  DumpRange.java> 821d7970 li r4,0x10 (GhidraScript)  
INFO  DumpRange.java> 821d7974 addi r3,r31,0x204 (GhidraScript)  
INFO  DumpRange.java> 821d7978 bl 0x82090270 (GhidraScript)  
INFO  DumpRange.java> 821d797c lis r11,-0x7de3 (GhidraScript)  
INFO  DumpRange.java> 821d7980 li r5,0x20 (GhidraScript)  
INFO  DumpRange.java> 821d7984 addi r6,r11,0x5070 (GhidraScript)  
INFO  DumpRange.java> 821d7988 li r4,0x10 (GhidraScript)  
INFO  DumpRange.java> 821d798c addi r3,r31,0x4 (GhidraScript)  
INFO  DumpRange.java> 821d7990 bl 0x82090270 (GhidraScript)  
INFO  DumpRange.java> 821d7994 subi r30,r30,0x1 (GhidraScript)  
INFO  DumpRange.java> 821d7998 cmpwi cr6,r30,0x0 (GhidraScript)  
INFO  DumpRange.java> 821d799c bge cr6,0x821d7944 (GhidraScript)  
INFO  DumpRange.java> 821d79a0 rlwinm r11,r27,0x0,0x1f,0x1f (GhidraScript)  
INFO  DumpRange.java> 821d79a4 cmplwi cr6,r11,0x0 (GhidraScript)  
INFO  DumpRange.java> 821d79a8 beq cr6,0x821d79b4 (GhidraScript)  
INFO  DumpRange.java> 821d79ac or r3,r28,r28 (GhidraScript)  
INFO  DumpRange.java> 821d79b0 bl 0x82380208 (GhidraScript)  
INFO  DumpRange.java> 821d79b4 or r3,r28,r28 (GhidraScript)  
INFO  DumpRange.java> 821d79b8 addi r1,r1,0x80 (GhidraScript)  
INFO  DumpRange.java> 821d79bc b 0x82382f44 (GhidraScript)  
INFO  DumpRange.java> 821d79c0 or r3,r31,r31 (GhidraScript)  
INFO  DumpRange.java> 821d79c4 bl 0x821d50c8 (GhidraScript)  
INFO  DumpRange.java> 821d79c8 rlwinm r11,r27,0x0,0x1f,0x1f (GhidraScript)  
INFO  DumpRange.java> 821d79cc cmplwi cr6,r11,0x0 (GhidraScript)  
INFO  DumpRange.java> 821d79d0 beq cr6,0x821d79dc (GhidraScript)  
INFO  DumpRange.java> 821d79d4 or r3,r31,r31 (GhidraScript)  
INFO  DumpRange.java> 821d79d8 bl 0x82380070 (GhidraScript)  
INFO  DumpRange.java> 821d79dc or r3,r31,r31 (GhidraScript)  
INFO  DumpRange.java> 821d79e0 addi r1,r1,0x80 (GhidraScript)  
INFO  DumpRange.java> 821d79e4 b 0x82382f44 (GhidraScript)  
INFO  DumpRange.java> 821d79e8 mfspr r12,LR (GhidraScript)  
INFO  DumpRange.java> 821d79ec bl 0x82382ef4 (GhidraScript)  
INFO  DumpRange.java> 821d79f0 stwu r1,-0x80(r1) (GhidraScript)  
INFO  DumpRange.java> 821d79f4 or r27,r4,r4 (GhidraScript)  
INFO  DumpRange.java> 821d79f8 or r30,r3,r3 (GhidraScript)  
INFO  DumpRange.java> 821d79fc rlwinm r11,r27,0x0,0x1e,0x1e (GhidraScript)  
INFO  DumpRange.java> 821d7a00 cmplwi cr6,r11,0x0 (GhidraScript)  
INFO  DumpRange.java> 821d7a04 beq cr6,0x821d7a64 (GhidraScript)  
INFO  DumpRange.java> 821d7a08 lis r10,0x15 (GhidraScript)  
INFO  DumpRange.java> 821d7a0c lwz r11,-0x8(r30) (GhidraScript)  
INFO  DumpRange.java> 821d7a10 subi r28,r30,0x8 (GhidraScript)  
INFO  DumpRange.java> 821d7a14 ori r29,r10,0xb798 (GhidraScript)  
INFO  DumpRange.java> 821d7a18 subi r31,r11,0x1 (GhidraScript)  
INFO  DumpRange.java> 821d7a1c mullw r10,r11,r29 (GhidraScript)  
INFO  DumpRange.java> 821d7a20 add r30,r10,r30 (GhidraScript)  
INFO  DumpRange.java> 821d7a24 cmpwi cr6,r31,0x0 (GhidraScript)  
INFO  DumpRange.java> 821d7a28 blt cr6,0x821d7a44 (GhidraScript)  
INFO  DumpRange.java> 821d7a2c subf r30,r29,r30 (GhidraScript)  
INFO  DumpRange.java> 821d7a30 or r3,r30,r30 (GhidraScript)  
INFO  DumpRange.java> 821d7a34 bl 0x821b9740 (GhidraScript)  
INFO  DumpRange.java> 821d7a38 subi r31,r31,0x1 (GhidraScript)  
INFO  DumpRange.java> 821d7a3c cmpwi cr6,r31,0x0 (GhidraScript)  
INFO  DumpRange.java> 821d7a40 bge cr6,0x821d7a2c (GhidraScript)  
INFO  DumpRange.java> 821d7a44 rlwinm r11,r27,0x0,0x1f,0x1f (GhidraScript)  
INFO  DumpRange.java> 821d7a48 cmplwi cr6,r11,0x0 (GhidraScript)  
INFO  DumpRange.java> 821d7a4c beq cr6,0x821d7a58 (GhidraScript)  
INFO  DumpRange.java> 821d7a50 or r3,r28,r28 (GhidraScript)  
INFO  DumpRange.java> 821d7a54 bl 0x82380208 (GhidraScript)  
INFO  DumpRange.java> 821d7a58 or r3,r28,r28 (GhidraScript)  
INFO  DumpRange.java> 821d7a5c addi r1,r1,0x80 (GhidraScript)  
INFO  DumpRange.java> 821d7a60 b 0x82382f44 (GhidraScript)  
INFO  DumpRange.java> 821d7a64 or r3,r30,r30 (GhidraScript)  
INFO  DumpRange.java> 821d7a68 bl 0x821b9740 (GhidraScript)  
INFO  DumpRange.java> 821d7a6c rlwinm r11,r27,0x0,0x1f,0x1f (GhidraScript)  
INFO  DumpRange.java> 821d7a70 cmplwi cr6,r11,0x0 (GhidraScript)  
INFO  DumpRange.java> 821d7a74 beq cr6,0x821d7a80 (GhidraScript)  
INFO  DumpRange.java> 821d7a78 or r3,r30,r30 (GhidraScript)  
INFO  DumpRange.java> 821d7a7c bl 0x82380070 (GhidraScript)  
INFO  DumpRange.java> 821d7a80 or r3,r30,r30 (GhidraScript)  
INFO  DumpRange.java> 821d7a84 addi r1,r1,0x80 (GhidraScript)  
INFO  DumpRange.java> 821d7a88 b 0x82382f44 (GhidraScript)  
INFO  DumpRange.java> 821d7a8c <not-disassembled> (GhidraScript)  
INFO  REPORT: Discarding changes to the following read-only file: /default.xex (HeadlessAnalyzer)  
