openjdk version "21.0.11" 2026-04-21
OpenJDK Runtime Environment (build 21.0.11+10-1-26.04.2-Ubuntu)
OpenJDK 64-Bit Server VM (build 21.0.11+10-1-26.04.2-Ubuntu, mixed mode)
INFO  Using log config file: jar:file:/fastdata/lavaulta/auto-re-agent/.tools/ghidra_12.1.2_PUBLIC/Ghidra/Framework/Generic/lib/Generic.jar!/generic.log4j.xml (LoggingInitialization)  
INFO  Using log file: /home/lavaulta/.config/ghidra/ghidra_12.1.2_PUBLIC/application.log (LoggingInitialization)  
INFO  Loading user preferences: /home/lavaulta/.config/ghidra/ghidra_12.1.2_PUBLIC/preferences (Preferences)  
INFO  Searching for classes... (ClassSearcher)  
INFO  Ignoring class 'xexloaderwv.XEXLoaderWVLoader' from '/fastdata/lavaulta/auto-re-agent/.tools/ghidra_12.1.2_PUBLIC/Ghidra/Extensions/XEXLoaderWV/lib/XEXLoaderWV.jar'. Already found at '/fastdata/lavaulta/auto-re-agent/.tools/ghidra_12.1.2_PUBLIC/Ghidra/patch/XEXLoaderWV-java21.jar'. (ClassSearcher)  
INFO  Class search complete (1618 ms) (ClassSearcher)  
INFO  Initializing SSL Context (DefaultSSLContextInitializer)  
INFO  Initializing Random Number Generator... (SecureRandomFactory)  
INFO  Random Number Generator initialization complete: NativePRNGNonBlocking (SecureRandomFactory)  
INFO  Trust manager disabled, cacerts have not been set (DefaultTrustManagerFactory)  
INFO  Headless startup complete (3166 ms) (AnalyzeHeadless)  
INFO  Class searcher loaded 59 extension points (20 false positives) (ClassSearcher)  
INFO  HEADLESS Script Paths:
    /fastdata/lavaulta/auto-re-agent/.tools/ghidra_12.1.2_PUBLIC/Ghidra/Features/MicrosoftCodeAnalyzer/ghidra_scripts
    /fastdata/lavaulta/auto-re-agent/.tools/ghidra_12.1.2_PUBLIC/Ghidra/Features/PDB/ghidra_scripts
    /fastdata/lavaulta/auto-re-agent/.tools/ghidra_12.1.2_PUBLIC/Ghidra/Processors/8051/ghidra_scripts
    /fastdata/lavaulta/auto-re-agent/.tools/ghidra_12.1.2_PUBLIC/Ghidra/Features/Base/ghidra_scripts
    /fastdata/lavaulta/auto-re-agent/workspaces/ace-combat-6/scripts
    /fastdata/lavaulta/auto-re-agent/.tools/ghidra_12.1.2_PUBLIC/Ghidra/Features/FileFormats/ghidra_scripts
    /fastdata/lavaulta/auto-re-agent/.tools/ghidra_12.1.2_PUBLIC/Ghidra/Features/GnuDemangler/ghidra_scripts
    /fastdata/lavaulta/auto-re-agent/.tools/ghidra_12.1.2_PUBLIC/Ghidra/Extensions/ghidra-emotionengine-reloaded/ghidra_scripts
    /fastdata/lavaulta/auto-re-agent/.tools/ghidra_12.1.2_PUBLIC/Ghidra/Features/Decompiler/ghidra_scripts
    /fastdata/lavaulta/auto-re-agent/.tools/ghidra_12.1.2_PUBLIC/Ghidra/Features/FunctionID/ghidra_scripts
    /fastdata/lavaulta/auto-re-agent/.tools/ghidra_12.1.2_PUBLIC/Ghidra/Features/DecompilerDependent/ghidra_scripts
    /fastdata/lavaulta/auto-re-agent/.tools/ghidra_12.1.2_PUBLIC/Ghidra/Processors/DATA/ghidra_scripts
    /fastdata/lavaulta/auto-re-agent/.tools/ghidra_12.1.2_PUBLIC/Ghidra/Debug/Debugger-rmi-trace/ghidra_scripts
    /fastdata/lavaulta/auto-re-agent/.tools/ghidra_12.1.2_PUBLIC/Ghidra/Features/SwiftDemangler/ghidra_scripts
    /fastdata/lavaulta/auto-re-agent/.tools/ghidra_12.1.2_PUBLIC/Ghidra/Debug/Debugger/ghidra_scripts
    /fastdata/lavaulta/auto-re-agent/.tools/ghidra_12.1.2_PUBLIC/Ghidra/Processors/PIC/ghidra_scripts
    /fastdata/lavaulta/auto-re-agent/.tools/ghidra_12.1.2_PUBLIC/Ghidra/Extensions/XEXLoaderWV/ghidra_scripts
    /fastdata/lavaulta/auto-re-agent/.tools/ghidra_12.1.2_PUBLIC/Ghidra/Features/WildcardAssembler/ghidra_scripts
    /fastdata/lavaulta/auto-re-agent/.tools/ghidra_12.1.2_PUBLIC/Ghidra/Features/PyGhidra/ghidra_scripts
    /fastdata/lavaulta/auto-re-agent/.tools/ghidra_12.1.2_PUBLIC/Ghidra/Features/BSim/ghidra_scripts
    /fastdata/lavaulta/auto-re-agent/.tools/ghidra_12.1.2_PUBLIC/Ghidra/Features/VersionTracking/ghidra_scripts
    /fastdata/lavaulta/auto-re-agent/.tools/ghidra_12.1.2_PUBLIC/Ghidra/Features/BytePatterns/ghidra_scripts
    /fastdata/lavaulta/auto-re-agent/.tools/ghidra_12.1.2_PUBLIC/Ghidra/Processors/Atmel/ghidra_scripts
    /fastdata/lavaulta/auto-re-agent/.tools/ghidra_12.1.2_PUBLIC/Ghidra/Features/SystemEmulation/ghidra_scripts
    /fastdata/lavaulta/auto-re-agent/.tools/ghidra_12.1.2_PUBLIC/Ghidra/Processors/JVM/ghidra_scripts (HeadlessAnalyzer)  
INFO  HEADLESS: execution starts (HeadlessAnalyzer)  
INFO  Opening existing project: /fastdata/lavaulta/auto-re-agent/workspaces/ace-combat-6/ghidra-projects/ace-combat-6 (HeadlessAnalyzer)  
INFO  Opening project: /fastdata/lavaulta/auto-re-agent/workspaces/ace-combat-6/ghidra-projects/ace-combat-6 (HeadlessProject)  
INFO  REPORT: Processing read-only project file: /default.xex (HeadlessAnalyzer)  
INFO  REPORT: Execute script: DumpRange.java '0x821b9300' '0x821b9748'  (HeadlessAnalyzer)  
INFO  SCRIPT: /fastdata/lavaulta/auto-re-agent/workspaces/ace-combat-6/scripts/DumpRange.java (HeadlessAnalyzer)  
INFO  DumpRange.java> 821b9300 lis r11,-0x7dfa (GhidraScript)  
INFO  DumpRange.java> 821b9304 lis r10,-0x7dfa (GhidraScript)  
INFO  DumpRange.java> 821b9308 lis r9,-0x7dfa (GhidraScript)  
INFO  DumpRange.java> 821b930c subi r11,r11,0x5e34 (GhidraScript)  
INFO  DumpRange.java> 821b9310 addi r10,r10,0x7244 (GhidraScript)  
INFO  DumpRange.java> 821b9314 addi r9,r9,0x7294 (GhidraScript)  
INFO  DumpRange.java> 821b9318 li r8,0x20 (GhidraScript)  
INFO  DumpRange.java> 821b931c or r3,r31,r31 (GhidraScript)  
INFO  DumpRange.java> 821b9320 stw r11,0x268(r31) (GhidraScript)  
INFO  DumpRange.java> 821b9324 stw r10,0x0(r31) (GhidraScript)  
INFO  DumpRange.java> 821b9328 stw r9,0x268(r31) (GhidraScript)  
INFO  DumpRange.java> 821b932c stw r8,0x270(r31) (GhidraScript)  
INFO  DumpRange.java> 821b9330 addi r1,r1,0x60 (GhidraScript)  
INFO  DumpRange.java> 821b9334 lwz r12,-0x8(r1) (GhidraScript)  
INFO  DumpRange.java> 821b9338 mtspr LR,r12 (GhidraScript)  
INFO  DumpRange.java> 821b933c ld r31,-0x10(r1) (GhidraScript)  
INFO  DumpRange.java> 821b9340 blr (GhidraScript)  
INFO  DumpRange.java> 821b9344 <not-disassembled> (GhidraScript)  
INFO  DumpRange.java> 821b9348 mfspr r12,LR (GhidraScript)  
INFO  DumpRange.java> 821b934c stw r12,-0x8(r1) (GhidraScript)  
INFO  DumpRange.java> 821b9350 std r31,-0x10(r1) (GhidraScript)  
INFO  DumpRange.java> 821b9354 stwu r1,-0x60(r1) (GhidraScript)  
INFO  DumpRange.java> 821b9358 or r31,r3,r3 (GhidraScript)  
INFO  DumpRange.java> 821b935c bl 0x8218d138 (GhidraScript)  
INFO  DumpRange.java> 821b9360 lis r11,-0x7dfa (GhidraScript)  
INFO  DumpRange.java> 821b9364 lis r10,-0x7dfa (GhidraScript)  
INFO  DumpRange.java> 821b9368 lis r9,-0x7dfa (GhidraScript)  
INFO  DumpRange.java> 821b936c subi r11,r11,0x5e34 (GhidraScript)  
INFO  DumpRange.java> 821b9370 addi r10,r10,0x72f4 (GhidraScript)  
INFO  DumpRange.java> 821b9374 addi r9,r9,0x7344 (GhidraScript)  
INFO  DumpRange.java> 821b9378 li r8,0x20 (GhidraScript)  
INFO  DumpRange.java> 821b937c or r3,r31,r31 (GhidraScript)  
INFO  DumpRange.java> 821b9380 stw r11,0x268(r31) (GhidraScript)  
INFO  DumpRange.java> 821b9384 stw r10,0x0(r31) (GhidraScript)  
INFO  DumpRange.java> 821b9388 stw r9,0x268(r31) (GhidraScript)  
INFO  DumpRange.java> 821b938c stw r8,0x270(r31) (GhidraScript)  
INFO  DumpRange.java> 821b9390 addi r1,r1,0x60 (GhidraScript)  
INFO  DumpRange.java> 821b9394 lwz r12,-0x8(r1) (GhidraScript)  
INFO  DumpRange.java> 821b9398 mtspr LR,r12 (GhidraScript)  
INFO  DumpRange.java> 821b939c ld r31,-0x10(r1) (GhidraScript)  
INFO  DumpRange.java> 821b93a0 blr (GhidraScript)  
INFO  DumpRange.java> 821b93a4 <not-disassembled> (GhidraScript)  
INFO  DumpRange.java> 821b93a8 mfspr r12,LR (GhidraScript)  
INFO  DumpRange.java> 821b93ac stw r12,-0x8(r1) (GhidraScript)  
INFO  DumpRange.java> 821b93b0 std r31,-0x10(r1) (GhidraScript)  
INFO  DumpRange.java> 821b93b4 stwu r1,-0x60(r1) (GhidraScript)  
INFO  DumpRange.java> 821b93b8 or r31,r3,r3 (GhidraScript)  
INFO  DumpRange.java> 821b93bc bl 0x8218d138 (GhidraScript)  
INFO  DumpRange.java> 821b93c0 lis r11,-0x7dfa (GhidraScript)  
INFO  DumpRange.java> 821b93c4 lis r10,-0x7dfa (GhidraScript)  
INFO  DumpRange.java> 821b93c8 lis r9,-0x7dfa (GhidraScript)  
INFO  DumpRange.java> 821b93cc subi r11,r11,0x5e34 (GhidraScript)  
INFO  DumpRange.java> 821b93d0 addi r10,r10,0x73a4 (GhidraScript)  
INFO  DumpRange.java> 821b93d4 addi r9,r9,0x73f4 (GhidraScript)  
INFO  DumpRange.java> 821b93d8 li r8,0x0 (GhidraScript)  
INFO  DumpRange.java> 821b93dc or r3,r31,r31 (GhidraScript)  
INFO  DumpRange.java> 821b93e0 stw r11,0x268(r31) (GhidraScript)  
INFO  DumpRange.java> 821b93e4 stw r10,0x0(r31) (GhidraScript)  
INFO  DumpRange.java> 821b93e8 stw r9,0x268(r31) (GhidraScript)  
INFO  DumpRange.java> 821b93ec stb r8,0x270(r31) (GhidraScript)  
INFO  DumpRange.java> 821b93f0 addi r1,r1,0x60 (GhidraScript)  
INFO  DumpRange.java> 821b93f4 lwz r12,-0x8(r1) (GhidraScript)  
INFO  DumpRange.java> 821b93f8 mtspr LR,r12 (GhidraScript)  
INFO  DumpRange.java> 821b93fc ld r31,-0x10(r1) (GhidraScript)  
INFO  DumpRange.java> 821b9400 blr (GhidraScript)  
INFO  DumpRange.java> 821b9404 <not-disassembled> (GhidraScript)  
INFO  DumpRange.java> 821b9408 mfspr r12,LR (GhidraScript)  
INFO  DumpRange.java> 821b940c bl 0x82382ef0 (GhidraScript)  
INFO  DumpRange.java> 821b9410 stwu r1,-0x90(r1) (GhidraScript)  
INFO  DumpRange.java> 821b9414 lis r10,-0x7dfa (GhidraScript)  
INFO  DumpRange.java> 821b9418 or r30,r3,r3 (GhidraScript)  
INFO  DumpRange.java> 821b941c addi r10,r10,0x5ac4 (GhidraScript)  
INFO  DumpRange.java> 821b9420 lis r9,-0x7dfa (GhidraScript)  
INFO  DumpRange.java> 821b9424 lis r8,-0x7dfa (GhidraScript)  
INFO  DumpRange.java> 821b9428 li r31,0x0 (GhidraScript)  
INFO  DumpRange.java> 821b942c li r27,0x1 (GhidraScript)  
INFO  DumpRange.java> 821b9430 stw r10,0x0(r30) (GhidraScript)  
INFO  DumpRange.java> 821b9434 addi r11,r30,0x60 (GhidraScript)  
INFO  DumpRange.java> 821b9438 addi r9,r9,0x79f4 (GhidraScript)  
INFO  DumpRange.java> 821b943c addi r8,r8,0x766c (GhidraScript)  
INFO  DumpRange.java> 821b9440 li r10,-0x1 (GhidraScript)  
INFO  DumpRange.java> 821b9444 stw r31,0x8(r30) (GhidraScript)  
INFO  DumpRange.java> 821b9448 addis r3,r30,0x1 (GhidraScript)  
INFO  DumpRange.java> 821b944c stw r27,0x4(r30) (GhidraScript)  
INFO  DumpRange.java> 821b9450 stw r31,0xc(r30) (GhidraScript)  
INFO  DumpRange.java> 821b9454 stw r31,0x18(r30) (GhidraScript)  
INFO  DumpRange.java> 821b9458 subi r3,r3,0x3c68 (GhidraScript)  
INFO  DumpRange.java> 821b945c stb r31,0x20(r30) (GhidraScript)  
INFO  DumpRange.java> 821b9460 stb r31,0x21(r30) (GhidraScript)  
INFO  DumpRange.java> 821b9464 stw r9,0x0(r11) (GhidraScript)  
INFO  DumpRange.java> 821b9468 stw r31,0x8(r11) (GhidraScript)  
INFO  DumpRange.java> 821b946c stb r31,0xd(r11) (GhidraScript)  
INFO  DumpRange.java> 821b9470 stb r31,0xe(r11) (GhidraScript)  
INFO  DumpRange.java> 821b9474 stb r31,0x11(r11) (GhidraScript)  
INFO  DumpRange.java> 821b9478 stw r31,0x24(r11) (GhidraScript)  
INFO  DumpRange.java> 821b947c stw r31,0x134(r11) (GhidraScript)  
INFO  DumpRange.java> 821b9480 stw r31,0x138(r11) (GhidraScript)  
INFO  DumpRange.java> 821b9484 stw r8,0x1b8(r11) (GhidraScript)  
INFO  DumpRange.java> 821b9488 stw r10,0x220(r11) (GhidraScript)  
INFO  DumpRange.java> 821b948c bl 0x821d3940 (GhidraScript)  
INFO  DumpRange.java> 821b9490 lis r11,-0x7dfa (GhidraScript)  
INFO  DumpRange.java> 821b9494 addi r10,r11,0x79a0 (GhidraScript)  
INFO  DumpRange.java> 821b9498 addis r11,r30,0x1 (GhidraScript)  
INFO  DumpRange.java> 821b949c addi r11,r11,0x7de0 (GhidraScript)  
INFO  DumpRange.java> 821b94a0 addi r3,r11,0x190 (GhidraScript)  
INFO  DumpRange.java> 821b94a4 stw r10,0x0(r11) (GhidraScript)  
INFO  DumpRange.java> 821b94a8 bl 0x822ef678 (GhidraScript)  
INFO  DumpRange.java> 821b94ac lis r11,-0x7dfa (GhidraScript)  
INFO  DumpRange.java> 821b94b0 addis r10,r30,0xe (GhidraScript)  
INFO  DumpRange.java> 821b94b4 addi r9,r11,0x7aa8 (GhidraScript)  
INFO  DumpRange.java> 821b94b8 lis r11,-0x7dfa (GhidraScript)  
INFO  DumpRange.java> 821b94bc addis r29,r30,0x16 (GhidraScript)  
INFO  DumpRange.java> 821b94c0 subi r10,r10,0x5700 (GhidraScript)  
INFO  DumpRange.java> 821b94c4 li r6,0x4 (GhidraScript)  
INFO  DumpRange.java> 821b94c8 li r5,-0x1 (GhidraScript)  
INFO  DumpRange.java> 821b94cc subi r29,r29,0x56c4 (GhidraScript)  
INFO  DumpRange.java> 821b94d0 addi r8,r11,0x5a24 (GhidraScript)  
INFO  DumpRange.java> 821b94d4 lis r11,-0x7dfa (GhidraScript)  
INFO  DumpRange.java> 821b94d8 stw r9,0x0(r10) (GhidraScript)  
INFO  DumpRange.java> 821b94dc stw r6,0xc(r10) (GhidraScript)  
INFO  DumpRange.java> 821b94e0 li r26,0x2 (GhidraScript)  
INFO  DumpRange.java> 821b94e4 stw r5,0x10(r10) (GhidraScript)  
INFO  DumpRange.java> 821b94e8 subi r7,r11,0x2234 (GhidraScript)  
INFO  DumpRange.java> 821b94ec lis r10,-0x7dfb (GhidraScript)  
INFO  DumpRange.java> 821b94f0 stb r31,0x8(r29) (GhidraScript)  
INFO  DumpRange.java> 821b94f4 stw r8,0x0(r29) (GhidraScript)  
INFO  DumpRange.java> 821b94f8 addis r11,r30,0x16 (GhidraScript)  
INFO  DumpRange.java> 821b94fc lis r8,-0x7dfa (GhidraScript)  
INFO  DumpRange.java> 821b9500 stb r31,0x9(r29) (GhidraScript)  
INFO  DumpRange.java> 821b9504 subi r11,r11,0x56ac (GhidraScript)  
INFO  DumpRange.java> 821b9508 stb r27,0xa(r29) (GhidraScript)  
INFO  DumpRange.java> 821b950c addi r9,r10,0x42bc (GhidraScript)  
INFO  DumpRange.java> 821b9510 stw r31,0xc(r29) (GhidraScript)  
INFO  DumpRange.java> 821b9514 subi r8,r8,0x5748 (GhidraScript)  
INFO  DumpRange.java> 821b9518 stb r31,0x10(r29) (GhidraScript)  
INFO  DumpRange.java> 821b951c addis r10,r30,0x16 (GhidraScript)  
INFO  DumpRange.java> 821b9520 stw r26,0x4(r29) (GhidraScript)  
INFO  DumpRange.java> 821b9524 addis r3,r30,0x16 (GhidraScript)  
INFO  DumpRange.java> 821b9528 stw r7,0x0(r11) (GhidraScript)  
INFO  DumpRange.java> 821b952c subi r10,r10,0x5588 (GhidraScript)  
INFO  DumpRange.java> 821b9530 lfs f0,-0x4(r9) (GhidraScript)  
INFO  DumpRange.java> 821b9534 subi r3,r3,0x5550 (GhidraScript)  
INFO  DumpRange.java> 821b9538 lfs f13,0x0(r9) (GhidraScript)  
INFO  DumpRange.java> 821b953c stw r8,0x4(r11) (GhidraScript)  
INFO  DumpRange.java> 821b9540 stfs f0,0xc(r11) (GhidraScript)  
INFO  DumpRange.java> 821b9544 stw r31,0x8(r11) (GhidraScript)  
INFO  DumpRange.java> 821b9548 stfs f0,0x10(r11) (GhidraScript)  
INFO  DumpRange.java> 821b954c stw r31,0x1c(r11) (GhidraScript)  
INFO  DumpRange.java> 821b9550 stfs f13,0x14(r11) (GhidraScript)  
INFO  DumpRange.java> 821b9554 stfs f13,0x18(r11) (GhidraScript)  
INFO  DumpRange.java> 821b9558 stw r31,0x20(r11) (GhidraScript)  
INFO  DumpRange.java> 821b955c stw r31,0x24(r11) (GhidraScript)  
INFO  DumpRange.java> 821b9560 stw r31,0x28(r11) (GhidraScript)  
INFO  DumpRange.java> 821b9564 stw r31,0x2c(r11) (GhidraScript)  
INFO  DumpRange.java> 821b9568 stb r31,0x30(r11) (GhidraScript)  
INFO  DumpRange.java> 821b956c stw r31,0x0(r10) (GhidraScript)  
INFO  DumpRange.java> 821b9570 stw r31,0x4(r10) (GhidraScript)  
INFO  DumpRange.java> 821b9574 sth r31,0x8(r10) (GhidraScript)  
INFO  DumpRange.java> 821b9578 stb r27,0xa(r10) (GhidraScript)  
INFO  DumpRange.java> 821b957c stb r31,0xb(r10) (GhidraScript)  
INFO  DumpRange.java> 821b9580 stw r31,0xc(r10) (GhidraScript)  
INFO  DumpRange.java> 821b9584 stw r31,0x10(r10) (GhidraScript)  
INFO  DumpRange.java> 821b9588 stw r31,0x14(r10) (GhidraScript)  
INFO  DumpRange.java> 821b958c stw r31,0x18(r10) (GhidraScript)  
INFO  DumpRange.java> 821b9590 stw r31,0x1c(r10) (GhidraScript)  
INFO  DumpRange.java> 821b9594 stw r31,0x20(r10) (GhidraScript)  
INFO  DumpRange.java> 821b9598 bl 0x8228b680 (GhidraScript)  
INFO  DumpRange.java> 821b959c addis r3,r30,0x16 (GhidraScript)  
INFO  DumpRange.java> 821b95a0 subi r3,r3,0x48f0 (GhidraScript)  
INFO  DumpRange.java> 821b95a4 bl 0x8228c1a0 (GhidraScript)  
INFO  DumpRange.java> 821b95a8 lis r11,-0x7d6e (GhidraScript)  
INFO  DumpRange.java> 821b95ac li r5,0x80 (GhidraScript)  
INFO  DumpRange.java> 821b95b0 stw r26,0x4(r30) (GhidraScript)  
INFO  DumpRange.java> 821b95b4 subi r3,r11,0x7528 (GhidraScript)  
INFO  DumpRange.java> 821b95b8 lis r11,-0x7d6c (GhidraScript)  
INFO  DumpRange.java> 821b95bc li r4,0x0 (GhidraScript)  
INFO  DumpRange.java> 821b95c0 stw r30,-0x45f0(r11) (GhidraScript)  
INFO  DumpRange.java> 821b95c4 bl 0x823835d0 (GhidraScript)  
INFO  DumpRange.java> 821b95c8 or r3,r30,r30 (GhidraScript)  
INFO  DumpRange.java> 821b95cc bl 0x821bab70 (GhidraScript)  
INFO  DumpRange.java> 821b95d0 lis r11,-0x7dfa (GhidraScript)  
INFO  DumpRange.java> 821b95d4 addi r4,r11,0x5a50 (GhidraScript)  
INFO  DumpRange.java> 821b95d8 lis r11,-0x7d62 (GhidraScript)  
INFO  DumpRange.java> 821b95dc addi r28,r11,0x6218 (GhidraScript)  
INFO  DumpRange.java> 821b95e0 or r3,r28,r28 (GhidraScript)  
INFO  DumpRange.java> 821b95e4 bl 0x821d2ad8 (GhidraScript)  
INFO  DumpRange.java> 821b95e8 or r10,r3,r3 (GhidraScript)  
INFO  DumpRange.java> 821b95ec lis r11,-0x7dfa (GhidraScript)  
INFO  DumpRange.java> 821b95f0 or r3,r28,r28 (GhidraScript)  
INFO  DumpRange.java> 821b95f4 addi r4,r11,0x5a68 (GhidraScript)  
INFO  DumpRange.java> 821b95f8 stw r10,0x44(r30) (GhidraScript)  
INFO  DumpRange.java> 821b95fc bl 0x821d2ad8 (GhidraScript)  
INFO  DumpRange.java> 821b9600 lis r11,-0x7dfa (GhidraScript)  
INFO  DumpRange.java> 821b9604 stw r3,0x48(r30) (GhidraScript)  
INFO  DumpRange.java> 821b9608 or r3,r28,r28 (GhidraScript)  
INFO  DumpRange.java> 821b960c addi r4,r11,0x5a7c (GhidraScript)  
INFO  DumpRange.java> 821b9610 bl 0x821d2ad8 (GhidraScript)  
INFO  DumpRange.java> 821b9614 or r10,r3,r3 (GhidraScript)  
INFO  DumpRange.java> 821b9618 lis r11,-0x7dfa (GhidraScript)  
INFO  DumpRange.java> 821b961c stw r31,0x50(r30) (GhidraScript)  
INFO  DumpRange.java> 821b9620 or r3,r28,r28 (GhidraScript)  
INFO  DumpRange.java> 821b9624 addi r4,r11,0x5a90 (GhidraScript)  
INFO  DumpRange.java> 821b9628 stw r10,0x4c(r30) (GhidraScript)  
INFO  DumpRange.java> 821b962c bl 0x821d2ad8 (GhidraScript)  
INFO  DumpRange.java> 821b9630 or r10,r3,r3 (GhidraScript)  
INFO  DumpRange.java> 821b9634 lis r11,-0x7dfa (GhidraScript)  
INFO  DumpRange.java> 821b9638 or r3,r28,r28 (GhidraScript)  
INFO  DumpRange.java> 821b963c addi r4,r11,0x5aa0 (GhidraScript)  
INFO  DumpRange.java> 821b9640 stw r10,0x54(r30) (GhidraScript)  
INFO  DumpRange.java> 821b9644 bl 0x821d2ad8 (GhidraScript)  
INFO  DumpRange.java> 821b9648 lis r11,0x15 (GhidraScript)  
INFO  DumpRange.java> 821b964c stw r3,0x58(r30) (GhidraScript)  
INFO  DumpRange.java> 821b9650 lis r10,0x15 (GhidraScript)  
INFO  DumpRange.java> 821b9654 lwz r4,0x48(r30) (GhidraScript)  
INFO  DumpRange.java> 821b9658 lis r9,0x15 (GhidraScript)  
INFO  DumpRange.java> 821b965c lis r8,0x15 (GhidraScript)  
INFO  DumpRange.java> 821b9660 ori r11,r11,0xaa9c (GhidraScript)  
INFO  DumpRange.java> 821b9664 ori r10,r10,0xaaa0 (GhidraScript)  
INFO  DumpRange.java> 821b9668 ori r9,r9,0xaaa4 (GhidraScript)  
INFO  DumpRange.java> 821b966c ori r8,r8,0xaaa8 (GhidraScript)  
INFO  DumpRange.java> 821b9670 or r3,r28,r28 (GhidraScript)  
INFO  DumpRange.java> 821b9674 stwx r31,r30,r11 (GhidraScript)  
INFO  DumpRange.java> 821b9678 stwx r31,r30,r10 (GhidraScript)  
INFO  DumpRange.java> 821b967c stwx r31,r30,r9 (GhidraScript)  
INFO  DumpRange.java> 821b9680 stwx r31,r30,r8 (GhidraScript)  
INFO  DumpRange.java> 821b9684 bl 0x821d2fc0 (GhidraScript)  
INFO  DumpRange.java> 821b9688 cmplwi cr6,r3,0x0 (GhidraScript)  
INFO  DumpRange.java> 821b968c beq cr6,0x821b9698 (GhidraScript)  
INFO  DumpRange.java> 821b9690 stw r31,0x2c(r3) (GhidraScript)  
INFO  DumpRange.java> 821b9694 stb r27,0x30(r3) (GhidraScript)  
INFO  DumpRange.java> 821b9698 or r3,r28,r28 (GhidraScript)  
INFO  DumpRange.java> 821b969c lwz r4,0x4c(r30) (GhidraScript)  
INFO  DumpRange.java> 821b96a0 bl 0x821d2fc0 (GhidraScript)  
INFO  DumpRange.java> 821b96a4 cmplwi cr6,r3,0x0 (GhidraScript)  
INFO  DumpRange.java> 821b96a8 beq cr6,0x821b96b4 (GhidraScript)  
INFO  DumpRange.java> 821b96ac stw r31,0x2c(r3) (GhidraScript)  
INFO  DumpRange.java> 821b96b0 stb r27,0x30(r3) (GhidraScript)  
INFO  DumpRange.java> 821b96b4 or r3,r28,r28 (GhidraScript)  
INFO  DumpRange.java> 821b96b8 lwz r4,0x54(r30) (GhidraScript)  
INFO  DumpRange.java> 821b96bc bl 0x821d2fc0 (GhidraScript)  
INFO  DumpRange.java> 821b96c0 cmplwi cr6,r3,0x0 (GhidraScript)  
INFO  DumpRange.java> 821b96c4 beq cr6,0x821b96d0 (GhidraScript)  
INFO  DumpRange.java> 821b96c8 stw r26,0x2c(r3) (GhidraScript)  
INFO  DumpRange.java> 821b96cc stb r31,0x30(r3) (GhidraScript)  
INFO  DumpRange.java> 821b96d0 or r3,r28,r28 (GhidraScript)  
INFO  DumpRange.java> 821b96d4 lwz r4,0x58(r30) (GhidraScript)  
INFO  DumpRange.java> 821b96d8 bl 0x821d2fc0 (GhidraScript)  
INFO  DumpRange.java> 821b96dc cmplwi cr6,r3,0x0 (GhidraScript)  
INFO  DumpRange.java> 821b96e0 beq cr6,0x821b96ec (GhidraScript)  
INFO  DumpRange.java> 821b96e4 stw r27,0x2c(r3) (GhidraScript)  
INFO  DumpRange.java> 821b96e8 stb r31,0x30(r3) (GhidraScript)  
INFO  DumpRange.java> 821b96ec lis r11,-0x7d8a (GhidraScript)  
INFO  DumpRange.java> 821b96f0 stw r31,0x24(r30) (GhidraScript)  
INFO  DumpRange.java> 821b96f4 stb r31,0x28(r30) (GhidraScript)  
INFO  DumpRange.java> 821b96f8 or r4,r29,r29 (GhidraScript)  
INFO  DumpRange.java> 821b96fc stb r31,0x29(r30) (GhidraScript)  
INFO  DumpRange.java> 821b9700 stb r31,0x2a(r30) (GhidraScript)  
INFO  DumpRange.java> 821b9704 stw r31,0x2c(r30) (GhidraScript)  
INFO  DumpRange.java> 821b9708 lwz r3,0x5b88(r11) (GhidraScript)  
INFO  DumpRange.java> 821b970c stw r31,0x30(r30) (GhidraScript)  
INFO  DumpRange.java> 821b9710 stw r31,0x14(r30) (GhidraScript)  
INFO  DumpRange.java> 821b9714 stb r31,0x38(r30) (GhidraScript)  
INFO  DumpRange.java> 821b9718 stb r31,0x39(r30) (GhidraScript)  
INFO  DumpRange.java> 821b971c stw r31,0x3c(r30) (GhidraScript)  
INFO  DumpRange.java> 821b9720 stw r31,0x40(r30) (GhidraScript)  
INFO  DumpRange.java> 821b9724 lwz r11,0x0(r3) (GhidraScript)  
INFO  DumpRange.java> 821b9728 lwz r11,0xc(r11) (GhidraScript)  
INFO  DumpRange.java> 821b972c mtspr CTR,r11 (GhidraScript)  
INFO  DumpRange.java> 821b9730 bctrl (GhidraScript)  
INFO  DumpRange.java> 821b9734 or r3,r30,r30 (GhidraScript)  
INFO  DumpRange.java> 821b9738 addi r1,r1,0x90 (GhidraScript)  
INFO  DumpRange.java> 821b973c b 0x82382f40 (GhidraScript)  
INFO  DumpRange.java> 821b9740 mfspr r12,LR (GhidraScript)  
INFO  DumpRange.java> 821b9744 bl 0x82382ef8 (GhidraScript)  
INFO  REPORT: Discarding changes to the following read-only file: /default.xex (HeadlessAnalyzer)  
