openjdk version "21.0.11" 2026-04-21
OpenJDK Runtime Environment (build 21.0.11+10-1-26.04.2-Ubuntu)
OpenJDK 64-Bit Server VM (build 21.0.11+10-1-26.04.2-Ubuntu, mixed mode)
INFO  Using log config file: jar:file:/fastdata/lavaulta/auto-re-agent/.tools/ghidra_12.1.2_PUBLIC/Ghidra/Framework/Generic/lib/Generic.jar!/generic.log4j.xml (LoggingInitialization)  
INFO  Using log file: /home/lavaulta/.config/ghidra/ghidra_12.1.2_PUBLIC/application.log (LoggingInitialization)  
INFO  Loading user preferences: /home/lavaulta/.config/ghidra/ghidra_12.1.2_PUBLIC/preferences (Preferences)  
INFO  Searching for classes... (ClassSearcher)  
INFO  Ignoring class 'xexloaderwv.XEXLoaderWVLoader' from '/fastdata/lavaulta/auto-re-agent/.tools/ghidra_12.1.2_PUBLIC/Ghidra/Extensions/XEXLoaderWV/lib/XEXLoaderWV.jar'. Already found at '/fastdata/lavaulta/auto-re-agent/.tools/ghidra_12.1.2_PUBLIC/Ghidra/patch/XEXLoaderWV-java21.jar'. (ClassSearcher)  
INFO  Class search complete (1497 ms) (ClassSearcher)  
INFO  Initializing SSL Context (DefaultSSLContextInitializer)  
INFO  Initializing Random Number Generator... (SecureRandomFactory)  
INFO  Random Number Generator initialization complete: NativePRNGNonBlocking (SecureRandomFactory)  
INFO  Trust manager disabled, cacerts have not been set (DefaultTrustManagerFactory)  
INFO  Headless startup complete (3034 ms) (AnalyzeHeadless)  
INFO  Class searcher loaded 59 extension points (20 false positives) (ClassSearcher)  
INFO  HEADLESS Script Paths:
    /fastdata/lavaulta/auto-re-agent/.tools/ghidra_12.1.2_PUBLIC/Ghidra/Features/MicrosoftCodeAnalyzer/ghidra_scripts
    /fastdata/lavaulta/auto-re-agent/.tools/ghidra_12.1.2_PUBLIC/Ghidra/Features/PDB/ghidra_scripts
    /fastdata/lavaulta/auto-re-agent/.tools/ghidra_12.1.2_PUBLIC/Ghidra/Processors/8051/ghidra_scripts
    /fastdata/lavaulta/auto-re-agent/.tools/ghidra_12.1.2_PUBLIC/Ghidra/Features/Base/ghidra_scripts
    /fastdata/lavaulta/auto-re-agent/workspaces/ace-combat-6/scripts
    /fastdata/lavaulta/auto-re-agent/.tools/ghidra_12.1.2_PUBLIC/Ghidra/Features/FileFormats/ghidra_scripts
    /fastdata/lavaulta/auto-re-agent/.tools/ghidra_12.1.2_PUBLIC/Ghidra/Features/GnuDemangler/ghidra_scripts
    /fastdata/lavaulta/auto-re-agent/.tools/ghidra_12.1.2_PUBLIC/Ghidra/Extensions/ghidra-emotionengine-reloaded/ghidra_scripts
    /fastdata/lavaulta/auto-re-agent/.tools/ghidra_12.1.2_PUBLIC/Ghidra/Features/Decompiler/ghidra_scripts
    /fastdata/lavaulta/auto-re-agent/.tools/ghidra_12.1.2_PUBLIC/Ghidra/Features/FunctionID/ghidra_scripts
    /fastdata/lavaulta/auto-re-agent/.tools/ghidra_12.1.2_PUBLIC/Ghidra/Features/DecompilerDependent/ghidra_scripts
    /fastdata/lavaulta/auto-re-agent/.tools/ghidra_12.1.2_PUBLIC/Ghidra/Processors/DATA/ghidra_scripts
    /fastdata/lavaulta/auto-re-agent/.tools/ghidra_12.1.2_PUBLIC/Ghidra/Debug/Debugger-rmi-trace/ghidra_scripts
    /fastdata/lavaulta/auto-re-agent/.tools/ghidra_12.1.2_PUBLIC/Ghidra/Features/SwiftDemangler/ghidra_scripts
    /fastdata/lavaulta/auto-re-agent/.tools/ghidra_12.1.2_PUBLIC/Ghidra/Debug/Debugger/ghidra_scripts
    /fastdata/lavaulta/auto-re-agent/.tools/ghidra_12.1.2_PUBLIC/Ghidra/Processors/PIC/ghidra_scripts
    /fastdata/lavaulta/auto-re-agent/.tools/ghidra_12.1.2_PUBLIC/Ghidra/Extensions/XEXLoaderWV/ghidra_scripts
    /fastdata/lavaulta/auto-re-agent/.tools/ghidra_12.1.2_PUBLIC/Ghidra/Features/WildcardAssembler/ghidra_scripts
    /fastdata/lavaulta/auto-re-agent/.tools/ghidra_12.1.2_PUBLIC/Ghidra/Features/PyGhidra/ghidra_scripts
    /fastdata/lavaulta/auto-re-agent/.tools/ghidra_12.1.2_PUBLIC/Ghidra/Features/BSim/ghidra_scripts
    /fastdata/lavaulta/auto-re-agent/.tools/ghidra_12.1.2_PUBLIC/Ghidra/Features/VersionTracking/ghidra_scripts
    /fastdata/lavaulta/auto-re-agent/.tools/ghidra_12.1.2_PUBLIC/Ghidra/Features/BytePatterns/ghidra_scripts
    /fastdata/lavaulta/auto-re-agent/.tools/ghidra_12.1.2_PUBLIC/Ghidra/Processors/Atmel/ghidra_scripts
    /fastdata/lavaulta/auto-re-agent/.tools/ghidra_12.1.2_PUBLIC/Ghidra/Features/SystemEmulation/ghidra_scripts
    /fastdata/lavaulta/auto-re-agent/.tools/ghidra_12.1.2_PUBLIC/Ghidra/Processors/JVM/ghidra_scripts (HeadlessAnalyzer)  
INFO  HEADLESS: execution starts (HeadlessAnalyzer)  
INFO  Opening existing project: /fastdata/lavaulta/auto-re-agent/workspaces/ace-combat-6/ghidra-projects/ace-combat-6 (HeadlessAnalyzer)  
INFO  Opening project: /fastdata/lavaulta/auto-re-agent/workspaces/ace-combat-6/ghidra-projects/ace-combat-6 (HeadlessProject)  
INFO  REPORT: Processing read-only project file: /default.xex (HeadlessAnalyzer)  
INFO  REPORT: Execute script: DumpRange.java '0x82141570' '0x821415d0'  (HeadlessAnalyzer)  
INFO  SCRIPT: /fastdata/lavaulta/auto-re-agent/workspaces/ace-combat-6/scripts/DumpRange.java (HeadlessAnalyzer)  
INFO  DumpRange.java> 82141570 lwz r10,0xacc(r3) (GhidraScript)  
INFO  DumpRange.java> 82141574 addi r11,r3,0x4b8 (GhidraScript)  
INFO  DumpRange.java> 82141578 li r8,0x20 (GhidraScript)  
INFO  DumpRange.java> 8214157c stw r10,0x0(r31) (GhidraScript)  
INFO  DumpRange.java> 82141580 lhz r10,0x4(r11) (GhidraScript)  
INFO  DumpRange.java> 82141584 cmplwi cr6,r10,0x0 (GhidraScript)  
INFO  DumpRange.java> 82141588 beq cr6,0x8214159c (GhidraScript)  
INFO  DumpRange.java> 8214158c lwz r10,0x0(r11) (GhidraScript)  
INFO  DumpRange.java> 82141590 lwz r9,0x0(r31) (GhidraScript)  
INFO  DumpRange.java> 82141594 add r10,r10,r9 (GhidraScript)  
INFO  DumpRange.java> 82141598 stw r10,0x0(r31) (GhidraScript)  
INFO  DumpRange.java> 8214159c lhz r10,0x10(r11) (GhidraScript)  
INFO  DumpRange.java> 821415a0 cmplwi cr6,r10,0x0 (GhidraScript)  
INFO  DumpRange.java> 821415a4 beq cr6,0x821415b8 (GhidraScript)  
INFO  DumpRange.java> 821415a8 lwz r10,0xc(r11) (GhidraScript)  
INFO  DumpRange.java> 821415ac lwz r9,0x0(r31) (GhidraScript)  
INFO  DumpRange.java> 821415b0 add r10,r10,r9 (GhidraScript)  
INFO  DumpRange.java> 821415b4 stw r10,0x0(r31) (GhidraScript)  
INFO  DumpRange.java> 821415b8 lhz r10,0x1c(r11) (GhidraScript)  
INFO  DumpRange.java> 821415bc cmplwi cr6,r10,0x0 (GhidraScript)  
INFO  DumpRange.java> 821415c0 beq cr6,0x821415d4 (GhidraScript)  
INFO  DumpRange.java> 821415c4 lwz r10,0x18(r11) (GhidraScript)  
INFO  DumpRange.java> 821415c8 lwz r9,0x0(r31) (GhidraScript)  
INFO  DumpRange.java> 821415cc add r10,r10,r9 (GhidraScript)  
INFO  REPORT: Execute script: DumpRange.java '0x82186f70' '0x82186fa8'  (HeadlessAnalyzer)  
INFO  SCRIPT: /fastdata/lavaulta/auto-re-agent/workspaces/ace-combat-6/scripts/DumpRange.java (HeadlessAnalyzer)  
INFO  DumpRange.java> 82186f70 lis r10,-0x7df9 (GhidraScript)  
INFO  DumpRange.java> 82186f74 lfs f0,-0x640c(r10) (GhidraScript)  
INFO  DumpRange.java> 82186f78 lfs f12,0x50(r1) (GhidraScript)  
INFO  DumpRange.java> 82186f7c fmuls f12,f12,f0 (GhidraScript)  
INFO  DumpRange.java> 82186f80 stfs f12,0x14(r11) (GhidraScript)  
INFO  DumpRange.java> 82186f84 lwz r10,0xc(r3) (GhidraScript)  
INFO  DumpRange.java> 82186f88 stw r10,0x50(r1) (GhidraScript)  
INFO  DumpRange.java> 82186f8c lfs f12,0x50(r1) (GhidraScript)  
INFO  DumpRange.java> 82186f90 stfs f12,0x8(r11) (GhidraScript)  
INFO  DumpRange.java> 82186f94 lwz r10,0x4(r3) (GhidraScript)  
INFO  DumpRange.java> 82186f98 stw r10,0x50(r1) (GhidraScript)  
INFO  DumpRange.java> 82186f9c lfs f12,0x50(r1) (GhidraScript)  
INFO  DumpRange.java> 82186fa0 stfs f12,0xc(r11) (GhidraScript)  
INFO  DumpRange.java> 82186fa4 lwz r10,0x10(r3) (GhidraScript)  
INFO  REPORT: Execute script: DumpRange.java '0x821876d8' '0x82187724'  (HeadlessAnalyzer)  
INFO  SCRIPT: /fastdata/lavaulta/auto-re-agent/workspaces/ace-combat-6/scripts/DumpRange.java (HeadlessAnalyzer)  
INFO  DumpRange.java> 821876d8 stfs f12,0x24(r11) (GhidraScript)  
INFO  DumpRange.java> 821876dc lwz r10,0x20(r3) (GhidraScript)  
INFO  DumpRange.java> 821876e0 stw r10,0x50(r1) (GhidraScript)  
INFO  DumpRange.java> 821876e4 lfs f12,0x50(r1) (GhidraScript)  
INFO  DumpRange.java> 821876e8 stfs f12,0x28(r11) (GhidraScript)  
INFO  DumpRange.java> 821876ec lwz r10,0x14(r3) (GhidraScript)  
INFO  DumpRange.java> 821876f0 stw r10,0x50(r1) (GhidraScript)  
INFO  DumpRange.java> 821876f4 lfs f12,0x50(r1) (GhidraScript)  
INFO  DumpRange.java> 821876f8 stfs f12,0x2c(r11) (GhidraScript)  
INFO  DumpRange.java> 821876fc lwz r10,0xc(r3) (GhidraScript)  
INFO  DumpRange.java> 82187700 stw r10,0x50(r1) (GhidraScript)  
INFO  DumpRange.java> 82187704 lfs f12,0x50(r1) (GhidraScript)  
INFO  DumpRange.java> 82187708 stfs f12,0x30(r11) (GhidraScript)  
INFO  DumpRange.java> 8218770c lwz r10,0x18(r3) (GhidraScript)  
INFO  DumpRange.java> 82187710 stw r10,0x50(r1) (GhidraScript)  
INFO  DumpRange.java> 82187714 lfs f12,0x50(r1) (GhidraScript)  
INFO  DumpRange.java> 82187718 stfs f12,0x34(r11) (GhidraScript)  
INFO  DumpRange.java> 8218771c lwz r10,0x10(r3) (GhidraScript)  
INFO  DumpRange.java> 82187720 stw r10,0x50(r1) (GhidraScript)  
INFO  REPORT: Execute script: DumpRange.java '0x82187ee0' '0x82187f20'  (HeadlessAnalyzer)  
INFO  SCRIPT: /fastdata/lavaulta/auto-re-agent/workspaces/ace-combat-6/scripts/DumpRange.java (HeadlessAnalyzer)  
INFO  DumpRange.java> 82187ee0 stw r10,0x50(r1) (GhidraScript)  
INFO  DumpRange.java> 82187ee4 lfs f12,0x50(r1) (GhidraScript)  
INFO  DumpRange.java> 82187ee8 stfs f12,0x50(r11) (GhidraScript)  
INFO  DumpRange.java> 82187eec lwz r10,0x14(r3) (GhidraScript)  
INFO  DumpRange.java> 82187ef0 stw r10,0x50(r1) (GhidraScript)  
INFO  DumpRange.java> 82187ef4 lfs f12,0x50(r1) (GhidraScript)  
INFO  DumpRange.java> 82187ef8 stfs f12,0x24(r11) (GhidraScript)  
INFO  DumpRange.java> 82187efc lwz r10,0x10(r3) (GhidraScript)  
INFO  DumpRange.java> 82187f00 stw r10,0x50(r1) (GhidraScript)  
INFO  DumpRange.java> 82187f04 lfs f12,0x50(r1) (GhidraScript)  
INFO  DumpRange.java> 82187f08 stfs f12,0x2c(r11) (GhidraScript)  
INFO  DumpRange.java> 82187f0c lwz r10,0xc(r3) (GhidraScript)  
INFO  DumpRange.java> 82187f10 stw r10,0x50(r1) (GhidraScript)  
INFO  DumpRange.java> 82187f14 lfs f12,0x50(r1) (GhidraScript)  
INFO  DumpRange.java> 82187f18 stfs f12,0x30(r11) (GhidraScript)  
INFO  DumpRange.java> 82187f1c lwz r10,0x1c(r3) (GhidraScript)  
INFO  REPORT: Execute script: DumpRange.java '0x82188430' '0x82188470'  (HeadlessAnalyzer)  
INFO  SCRIPT: /fastdata/lavaulta/auto-re-agent/workspaces/ace-combat-6/scripts/DumpRange.java (HeadlessAnalyzer)  
INFO  DumpRange.java> 82188430 stw r11,0x50(r1) (GhidraScript)  
INFO  DumpRange.java> 82188434 lfs f12,0x50(r1) (GhidraScript)  
INFO  DumpRange.java> 82188438 stfs f12,0x8(r10) (GhidraScript)  
INFO  DumpRange.java> 8218843c lwz r11,0x26(r3) (GhidraScript)  
INFO  DumpRange.java> 82188440 stw r11,0x50(r1) (GhidraScript)  
INFO  DumpRange.java> 82188444 lfs f12,0x50(r1) (GhidraScript)  
INFO  DumpRange.java> 82188448 stfs f12,0xc(r10) (GhidraScript)  
INFO  DumpRange.java> 8218844c lwz r11,0x4(r3) (GhidraScript)  
INFO  DumpRange.java> 82188450 stw r11,0x50(r1) (GhidraScript)  
INFO  DumpRange.java> 82188454 lfs f12,0x50(r1) (GhidraScript)  
INFO  DumpRange.java> 82188458 stfs f12,0x10(r10) (GhidraScript)  
INFO  DumpRange.java> 8218845c lwz r11,0xc(r3) (GhidraScript)  
INFO  DumpRange.java> 82188460 stw r11,0x50(r1) (GhidraScript)  
INFO  DumpRange.java> 82188464 lfs f12,0x50(r1) (GhidraScript)  
INFO  DumpRange.java> 82188468 stfs f12,0x14(r10) (GhidraScript)  
INFO  DumpRange.java> 8218846c lwz r11,0x0(r3) (GhidraScript)  
