openjdk version "21.0.11" 2026-04-21
OpenJDK Runtime Environment (build 21.0.11+10-1-26.04.2-Ubuntu)
OpenJDK 64-Bit Server VM (build 21.0.11+10-1-26.04.2-Ubuntu, mixed mode)
INFO  Using log config file: jar:file:/fastdata/lavaulta/auto-re-agent/.tools/ghidra_12.1.2_PUBLIC/Ghidra/Framework/Generic/lib/Generic.jar!/generic.log4j.xml (LoggingInitialization)  
INFO  Using log file: /home/lavaulta/.config/ghidra/ghidra_12.1.2_PUBLIC/application.log (LoggingInitialization)  
INFO  Loading user preferences: /home/lavaulta/.config/ghidra/ghidra_12.1.2_PUBLIC/preferences (Preferences)  
INFO  Searching for classes... (ClassSearcher)  
INFO  Ignoring class 'xexloaderwv.XEXLoaderWVLoader' from '/fastdata/lavaulta/auto-re-agent/.tools/ghidra_12.1.2_PUBLIC/Ghidra/Extensions/XEXLoaderWV/lib/XEXLoaderWV.jar'. Already found at '/fastdata/lavaulta/auto-re-agent/.tools/ghidra_12.1.2_PUBLIC/Ghidra/patch/XEXLoaderWV-java21.jar'. (ClassSearcher)  
INFO  Class search complete (1554 ms) (ClassSearcher)  
INFO  Initializing SSL Context (DefaultSSLContextInitializer)  
INFO  Initializing Random Number Generator... (SecureRandomFactory)  
INFO  Random Number Generator initialization complete: NativePRNGNonBlocking (SecureRandomFactory)  
INFO  Trust manager disabled, cacerts have not been set (DefaultTrustManagerFactory)  
INFO  Headless startup complete (3144 ms) (AnalyzeHeadless)  
INFO  Class searcher loaded 59 extension points (20 false positives) (ClassSearcher)  
INFO  HEADLESS Script Paths:
    /fastdata/lavaulta/auto-re-agent/.tools/ghidra_12.1.2_PUBLIC/Ghidra/Features/MicrosoftCodeAnalyzer/ghidra_scripts
    /fastdata/lavaulta/auto-re-agent/.tools/ghidra_12.1.2_PUBLIC/Ghidra/Features/PDB/ghidra_scripts
    /fastdata/lavaulta/auto-re-agent/.tools/ghidra_12.1.2_PUBLIC/Ghidra/Processors/8051/ghidra_scripts
    /fastdata/lavaulta/auto-re-agent/.tools/ghidra_12.1.2_PUBLIC/Ghidra/Features/Base/ghidra_scripts
    /fastdata/lavaulta/auto-re-agent/workspaces/ace-combat-6/scripts
    /fastdata/lavaulta/auto-re-agent/.tools/ghidra_12.1.2_PUBLIC/Ghidra/Features/FileFormats/ghidra_scripts
    /fastdata/lavaulta/auto-re-agent/.tools/ghidra_12.1.2_PUBLIC/Ghidra/Features/GnuDemangler/ghidra_scripts
    /fastdata/lavaulta/auto-re-agent/.tools/ghidra_12.1.2_PUBLIC/Ghidra/Extensions/ghidra-emotionengine-reloaded/ghidra_scripts
    /fastdata/lavaulta/auto-re-agent/.tools/ghidra_12.1.2_PUBLIC/Ghidra/Features/Decompiler/ghidra_scripts
    /fastdata/lavaulta/auto-re-agent/.tools/ghidra_12.1.2_PUBLIC/Ghidra/Features/FunctionID/ghidra_scripts
    /fastdata/lavaulta/auto-re-agent/.tools/ghidra_12.1.2_PUBLIC/Ghidra/Features/DecompilerDependent/ghidra_scripts
    /fastdata/lavaulta/auto-re-agent/.tools/ghidra_12.1.2_PUBLIC/Ghidra/Processors/DATA/ghidra_scripts
    /fastdata/lavaulta/auto-re-agent/.tools/ghidra_12.1.2_PUBLIC/Ghidra/Debug/Debugger-rmi-trace/ghidra_scripts
    /fastdata/lavaulta/auto-re-agent/.tools/ghidra_12.1.2_PUBLIC/Ghidra/Features/SwiftDemangler/ghidra_scripts
    /fastdata/lavaulta/auto-re-agent/.tools/ghidra_12.1.2_PUBLIC/Ghidra/Debug/Debugger/ghidra_scripts
    /fastdata/lavaulta/auto-re-agent/.tools/ghidra_12.1.2_PUBLIC/Ghidra/Processors/PIC/ghidra_scripts
    /fastdata/lavaulta/auto-re-agent/.tools/ghidra_12.1.2_PUBLIC/Ghidra/Extensions/XEXLoaderWV/ghidra_scripts
    /fastdata/lavaulta/auto-re-agent/.tools/ghidra_12.1.2_PUBLIC/Ghidra/Features/WildcardAssembler/ghidra_scripts
    /fastdata/lavaulta/auto-re-agent/.tools/ghidra_12.1.2_PUBLIC/Ghidra/Features/PyGhidra/ghidra_scripts
    /fastdata/lavaulta/auto-re-agent/.tools/ghidra_12.1.2_PUBLIC/Ghidra/Features/BSim/ghidra_scripts
    /fastdata/lavaulta/auto-re-agent/.tools/ghidra_12.1.2_PUBLIC/Ghidra/Features/VersionTracking/ghidra_scripts
    /fastdata/lavaulta/auto-re-agent/.tools/ghidra_12.1.2_PUBLIC/Ghidra/Features/BytePatterns/ghidra_scripts
    /fastdata/lavaulta/auto-re-agent/.tools/ghidra_12.1.2_PUBLIC/Ghidra/Processors/Atmel/ghidra_scripts
    /fastdata/lavaulta/auto-re-agent/.tools/ghidra_12.1.2_PUBLIC/Ghidra/Features/SystemEmulation/ghidra_scripts
    /fastdata/lavaulta/auto-re-agent/.tools/ghidra_12.1.2_PUBLIC/Ghidra/Processors/JVM/ghidra_scripts (HeadlessAnalyzer)  
INFO  HEADLESS: execution starts (HeadlessAnalyzer)  
INFO  Opening existing project: /fastdata/lavaulta/auto-re-agent/workspaces/ace-combat-6/ghidra-projects/ace-combat-6 (HeadlessAnalyzer)  
INFO  Opening project: /fastdata/lavaulta/auto-re-agent/workspaces/ace-combat-6/ghidra-projects/ace-combat-6 (HeadlessProject)  
INFO  REPORT: Processing project file: /default.xex (HeadlessAnalyzer)  
INFO  REPORT: Execute script: DumpRange.java '0x823461b8' '0x823462a8'  (HeadlessAnalyzer)  
INFO  SCRIPT: /fastdata/lavaulta/auto-re-agent/workspaces/ace-combat-6/scripts/DumpRange.java (HeadlessAnalyzer)  
INFO  DumpRange.java> 823461b8 mfspr r12,LR (GhidraScript)  
INFO  DumpRange.java> 823461bc bl 0x82382efc (GhidraScript)  
INFO  DumpRange.java> 823461c0 stwu r1,-0x70(r1) (GhidraScript)  
INFO  DumpRange.java> 823461c4 or r31,r3,r3 (GhidraScript)  
INFO  DumpRange.java> 823461c8 or r30,r4,r4 (GhidraScript)  
INFO  DumpRange.java> 823461cc addi r29,r31,0xc (GhidraScript)  
INFO  DumpRange.java> 823461d0 or r3,r29,r29 (GhidraScript)  
INFO  DumpRange.java> 823461d4 bl 0x823d6a7c (GhidraScript)  
INFO  DumpRange.java> 823461d8 lwz r3,0x4(r31) (GhidraScript)  
INFO  DumpRange.java> 823461dc or r4,r30,r30 (GhidraScript)  
INFO  DumpRange.java> 823461e0 lwz r11,0x0(r3) (GhidraScript)  
INFO  DumpRange.java> 823461e4 lwz r11,0x10(r11) (GhidraScript)  
INFO  DumpRange.java> 823461e8 mtspr CTR,r11 (GhidraScript)  
INFO  DumpRange.java> 823461ec bctrl (GhidraScript)  
INFO  DumpRange.java> 823461f0 or r3,r29,r29 (GhidraScript)  
INFO  DumpRange.java> 823461f4 stw r30,0x4(r31) (GhidraScript)  
INFO  DumpRange.java> 823461f8 bl 0x823d6a8c (GhidraScript)  
INFO  DumpRange.java> 823461fc addi r1,r1,0x70 (GhidraScript)  
INFO  DumpRange.java> 82346200 b 0x82382f4c (GhidraScript)  
INFO  DumpRange.java> 82346204 <not-disassembled> (GhidraScript)  
INFO  DumpRange.java> 82346208 mfspr r12,LR (GhidraScript)  
INFO  DumpRange.java> 8234620c stw r12,-0x8(r1) (GhidraScript)  
INFO  DumpRange.java> 82346210 std r31,-0x10(r1) (GhidraScript)  
INFO  DumpRange.java> 82346214 stwu r1,-0x60(r1) (GhidraScript)  
INFO  DumpRange.java> 82346218 lwz r31,0x8(r3) (GhidraScript)  
INFO  DumpRange.java> 8234621c cmplwi r31,0x0 (GhidraScript)  
INFO  DumpRange.java> 82346220 beq 0x82346254 (GhidraScript)  
INFO  DumpRange.java> 82346224 lwz r11,0x0(r31) (GhidraScript)  
INFO  DumpRange.java> 82346228 or r3,r31,r31 (GhidraScript)  
INFO  DumpRange.java> 8234622c lwz r11,0x14(r11) (GhidraScript)  
INFO  DumpRange.java> 82346230 mtspr CTR,r11 (GhidraScript)  
INFO  DumpRange.java> 82346234 bctrl (GhidraScript)  
INFO  DumpRange.java> 82346238 lwz r11,0x0(r31) (GhidraScript)  
INFO  DumpRange.java> 8234623c or r3,r31,r31 (GhidraScript)  
INFO  DumpRange.java> 82346240 lwz r11,0xc(r11) (GhidraScript)  
INFO  DumpRange.java> 82346244 mtspr CTR,r11 (GhidraScript)  
INFO  DumpRange.java> 82346248 bctrl (GhidraScript)  
INFO  DumpRange.java> 8234624c or. r31,r3,r3 (GhidraScript)  
INFO  DumpRange.java> 82346250 bne 0x82346224 (GhidraScript)  
INFO  DumpRange.java> 82346254 li r3,0x0 (GhidraScript)  
INFO  DumpRange.java> 82346258 addi r1,r1,0x60 (GhidraScript)  
INFO  DumpRange.java> 8234625c lwz r12,-0x8(r1) (GhidraScript)  
INFO  DumpRange.java> 82346260 mtspr LR,r12 (GhidraScript)  
INFO  DumpRange.java> 82346264 ld r31,-0x10(r1) (GhidraScript)  
INFO  DumpRange.java> 82346268 blr (GhidraScript)  
INFO  DumpRange.java> 8234626c <not-disassembled> (GhidraScript)  
INFO  DumpRange.java> 82346270 mfspr r12,LR (GhidraScript)  
INFO  DumpRange.java> 82346274 stw r12,-0x8(r1) (GhidraScript)  
INFO  DumpRange.java> 82346278 stwu r1,-0x60(r1) (GhidraScript)  
INFO  DumpRange.java> 8234627c bl 0x8234e880 (GhidraScript)  
INFO  DumpRange.java> 82346280 lis r11,-0x7d79 (GhidraScript)  
INFO  DumpRange.java> 82346284 or r4,r3,r3 (GhidraScript)  
INFO  DumpRange.java> 82346288 addi r11,r11,0x780 (GhidraScript)  
INFO  DumpRange.java> 8234628c addi r3,r11,0x4 (GhidraScript)  
INFO  DumpRange.java> 82346290 bl 0x8233a968 (GhidraScript)  
INFO  DumpRange.java> 82346294 bl 0x8234e858 (GhidraScript)  
INFO  DumpRange.java> 82346298 addi r1,r1,0x60 (GhidraScript)  
INFO  DumpRange.java> 8234629c lwz r12,-0x8(r1) (GhidraScript)  
INFO  DumpRange.java> 823462a0 mtspr LR,r12 (GhidraScript)  
INFO  DumpRange.java> 823462a4 blr (GhidraScript)  
INFO  REPORT: Save succeeded for processed file: /default.xex (HeadlessAnalyzer)  
