openjdk version "21.0.11" 2026-04-21
OpenJDK Runtime Environment (build 21.0.11+10-1-26.04.2-Ubuntu)
OpenJDK 64-Bit Server VM (build 21.0.11+10-1-26.04.2-Ubuntu, mixed mode)
INFO  Using log config file: jar:file:/fastdata/lavaulta/auto-re-agent/.tools/ghidra_12.1.2_PUBLIC/Ghidra/Framework/Generic/lib/Generic.jar!/generic.log4j.xml (LoggingInitialization)  
INFO  Using log file: /home/lavaulta/.config/ghidra/ghidra_12.1.2_PUBLIC/application.log (LoggingInitialization)  
INFO  Loading user preferences: /home/lavaulta/.config/ghidra/ghidra_12.1.2_PUBLIC/preferences (Preferences)  
INFO  Searching for classes... (ClassSearcher)  
INFO  Ignoring class 'xexloaderwv.XEXLoaderWVLoader' from '/fastdata/lavaulta/auto-re-agent/.tools/ghidra_12.1.2_PUBLIC/Ghidra/Extensions/XEXLoaderWV/lib/XEXLoaderWV.jar'. Already found at '/fastdata/lavaulta/auto-re-agent/.tools/ghidra_12.1.2_PUBLIC/Ghidra/patch/XEXLoaderWV-java21.jar'. (ClassSearcher)  
INFO  Class search complete (1493 ms) (ClassSearcher)  
INFO  Initializing SSL Context (DefaultSSLContextInitializer)  
INFO  Initializing Random Number Generator... (SecureRandomFactory)  
INFO  Random Number Generator initialization complete: NativePRNGNonBlocking (SecureRandomFactory)  
INFO  Trust manager disabled, cacerts have not been set (DefaultTrustManagerFactory)  
INFO  Headless startup complete (3001 ms) (AnalyzeHeadless)  
INFO  Class searcher loaded 59 extension points (20 false positives) (ClassSearcher)  
INFO  HEADLESS Script Paths:
    /fastdata/lavaulta/auto-re-agent/.tools/ghidra_12.1.2_PUBLIC/Ghidra/Features/MicrosoftCodeAnalyzer/ghidra_scripts
    /fastdata/lavaulta/auto-re-agent/.tools/ghidra_12.1.2_PUBLIC/Ghidra/Features/PDB/ghidra_scripts
    /fastdata/lavaulta/auto-re-agent/.tools/ghidra_12.1.2_PUBLIC/Ghidra/Processors/8051/ghidra_scripts
    /fastdata/lavaulta/auto-re-agent/.tools/ghidra_12.1.2_PUBLIC/Ghidra/Features/Base/ghidra_scripts
    /fastdata/lavaulta/auto-re-agent/workspaces/ace-combat-6/scripts
    /fastdata/lavaulta/auto-re-agent/.tools/ghidra_12.1.2_PUBLIC/Ghidra/Features/FileFormats/ghidra_scripts
    /fastdata/lavaulta/auto-re-agent/.tools/ghidra_12.1.2_PUBLIC/Ghidra/Features/GnuDemangler/ghidra_scripts
    /fastdata/lavaulta/auto-re-agent/.tools/ghidra_12.1.2_PUBLIC/Ghidra/Extensions/ghidra-emotionengine-reloaded/ghidra_scripts
    /fastdata/lavaulta/auto-re-agent/.tools/ghidra_12.1.2_PUBLIC/Ghidra/Features/Decompiler/ghidra_scripts
    /fastdata/lavaulta/auto-re-agent/.tools/ghidra_12.1.2_PUBLIC/Ghidra/Features/FunctionID/ghidra_scripts
    /fastdata/lavaulta/auto-re-agent/.tools/ghidra_12.1.2_PUBLIC/Ghidra/Features/DecompilerDependent/ghidra_scripts
    /fastdata/lavaulta/auto-re-agent/.tools/ghidra_12.1.2_PUBLIC/Ghidra/Processors/DATA/ghidra_scripts
    /fastdata/lavaulta/auto-re-agent/.tools/ghidra_12.1.2_PUBLIC/Ghidra/Debug/Debugger-rmi-trace/ghidra_scripts
    /fastdata/lavaulta/auto-re-agent/.tools/ghidra_12.1.2_PUBLIC/Ghidra/Features/SwiftDemangler/ghidra_scripts
    /fastdata/lavaulta/auto-re-agent/.tools/ghidra_12.1.2_PUBLIC/Ghidra/Debug/Debugger/ghidra_scripts
    /fastdata/lavaulta/auto-re-agent/.tools/ghidra_12.1.2_PUBLIC/Ghidra/Processors/PIC/ghidra_scripts
    /fastdata/lavaulta/auto-re-agent/.tools/ghidra_12.1.2_PUBLIC/Ghidra/Extensions/XEXLoaderWV/ghidra_scripts
    /fastdata/lavaulta/auto-re-agent/.tools/ghidra_12.1.2_PUBLIC/Ghidra/Features/WildcardAssembler/ghidra_scripts
    /fastdata/lavaulta/auto-re-agent/.tools/ghidra_12.1.2_PUBLIC/Ghidra/Features/PyGhidra/ghidra_scripts
    /fastdata/lavaulta/auto-re-agent/.tools/ghidra_12.1.2_PUBLIC/Ghidra/Features/BSim/ghidra_scripts
    /fastdata/lavaulta/auto-re-agent/.tools/ghidra_12.1.2_PUBLIC/Ghidra/Features/VersionTracking/ghidra_scripts
    /fastdata/lavaulta/auto-re-agent/.tools/ghidra_12.1.2_PUBLIC/Ghidra/Features/BytePatterns/ghidra_scripts
    /fastdata/lavaulta/auto-re-agent/.tools/ghidra_12.1.2_PUBLIC/Ghidra/Processors/Atmel/ghidra_scripts
    /fastdata/lavaulta/auto-re-agent/.tools/ghidra_12.1.2_PUBLIC/Ghidra/Features/SystemEmulation/ghidra_scripts
    /fastdata/lavaulta/auto-re-agent/.tools/ghidra_12.1.2_PUBLIC/Ghidra/Processors/JVM/ghidra_scripts (HeadlessAnalyzer)  
INFO  HEADLESS: execution starts (HeadlessAnalyzer)  
INFO  Opening existing project: /fastdata/lavaulta/auto-re-agent/workspaces/ace-combat-6/ghidra-projects/ace-combat-6 (HeadlessAnalyzer)  
INFO  Opening project: /fastdata/lavaulta/auto-re-agent/workspaces/ace-combat-6/ghidra-projects/ace-combat-6 (HeadlessProject)  
INFO  REPORT: Processing read-only project file: /default.xex (HeadlessAnalyzer)  
INFO  REPORT: Execute script: DumpRange.java '0x821f47a0' '0x821f49a8'  (HeadlessAnalyzer)  
INFO  SCRIPT: /fastdata/lavaulta/auto-re-agent/workspaces/ace-combat-6/scripts/DumpRange.java (HeadlessAnalyzer)  
INFO  DumpRange.java> 821f47a0 stwu r1,-0x60(r1) (GhidraScript)  
INFO  DumpRange.java> 821f47a4 lis r11,-0x7dc1 (GhidraScript)  
INFO  DumpRange.java> 821f47a8 lwz r11,0x7cc(r11) (GhidraScript)  
INFO  DumpRange.java> 821f47ac lwz r11,0x4(r11) (GhidraScript)  
INFO  DumpRange.java> 821f47b0 mtspr CTR,r11 (GhidraScript)  
INFO  DumpRange.java> 821f47b4 bctrl (GhidraScript)  
INFO  DumpRange.java> 821f47b8 cmpwi r3,0x0 (GhidraScript)  
INFO  DumpRange.java> 821f47bc blt 0x821f47c8 (GhidraScript)  
INFO  DumpRange.java> 821f47c0 li r3,0x1 (GhidraScript)  
INFO  DumpRange.java> 821f47c4 b 0x821f47d0 (GhidraScript)  
INFO  DumpRange.java> 821f47c8 bl 0x821f7578 (GhidraScript)  
INFO  DumpRange.java> 821f47cc li r3,0x0 (GhidraScript)  
INFO  DumpRange.java> 821f47d0 addi r1,r1,0x60 (GhidraScript)  
INFO  DumpRange.java> 821f47d4 lwz r12,-0x8(r1) (GhidraScript)  
INFO  DumpRange.java> 821f47d8 mtspr LR,r12 (GhidraScript)  
INFO  DumpRange.java> 821f47dc blr (GhidraScript)  
INFO  DumpRange.java> 821f47e0 mfspr r12,LR (GhidraScript)  
INFO  DumpRange.java> 821f47e4 stw r12,-0x8(r1) (GhidraScript)  
INFO  DumpRange.java> 821f47e8 std r31,-0x10(r1) (GhidraScript)  
INFO  DumpRange.java> 821f47ec stwu r1,-0xd0(r1) (GhidraScript)  
INFO  DumpRange.java> 821f47f0 li r11,0x68 (GhidraScript)  
INFO  DumpRange.java> 821f47f4 or r31,r3,r3 (GhidraScript)  
INFO  DumpRange.java> 821f47f8 addi r3,r1,0x50 (GhidraScript)  
INFO  DumpRange.java> 821f47fc stw r11,0x50(r1) (GhidraScript)  
INFO  DumpRange.java> 821f4800 bl 0x823d6bbc (GhidraScript)  
INFO  DumpRange.java> 821f4804 li r10,0x20 (GhidraScript)  
INFO  DumpRange.java> 821f4808 lwz r9,0x54(r1) (GhidraScript)  
INFO  DumpRange.java> 821f480c lwz r8,0x5c(r1) (GhidraScript)  
INFO  DumpRange.java> 821f4810 li r11,0x0 (GhidraScript)  
INFO  DumpRange.java> 821f4814 lwz r7,0x64(r1) (GhidraScript)  
INFO  DumpRange.java> 821f4818 rlwinm r9,r9,0xc,0x0,0x13 (GhidraScript)  
INFO  DumpRange.java> 821f481c rlwinm r8,r8,0xc,0x0,0x13 (GhidraScript)  
INFO  DumpRange.java> 821f4820 stw r10,0x0(r31) (GhidraScript)  
INFO  DumpRange.java> 821f4824 lwz r10,0x60(r1) (GhidraScript)  
INFO  DumpRange.java> 821f4828 stw r11,0x4(r31) (GhidraScript)  
INFO  DumpRange.java> 821f482c subf r7,r7,r10 (GhidraScript)  
INFO  DumpRange.java> 821f4830 stw r11,0x10(r31) (GhidraScript)  
INFO  DumpRange.java> 821f4834 stw r11,0x14(r31) (GhidraScript)  
INFO  DumpRange.java> 821f4838 stw r9,0x8(r31) (GhidraScript)  
INFO  DumpRange.java> 821f483c stw r8,0xc(r31) (GhidraScript)  
INFO  DumpRange.java> 821f4840 stw r10,0x18(r31) (GhidraScript)  
INFO  DumpRange.java> 821f4844 stw r7,0x1c(r31) (GhidraScript)  
INFO  DumpRange.java> 821f4848 addi r1,r1,0xd0 (GhidraScript)  
INFO  DumpRange.java> 821f484c lwz r12,-0x8(r1) (GhidraScript)  
INFO  DumpRange.java> 821f4850 mtspr LR,r12 (GhidraScript)  
INFO  DumpRange.java> 821f4854 ld r31,-0x10(r1) (GhidraScript)  
INFO  DumpRange.java> 821f4858 blr (GhidraScript)  
INFO  DumpRange.java> 821f485c <not-disassembled> (GhidraScript)  
INFO  DumpRange.java> 821f4860 or r8,r7,r7 (GhidraScript)  
INFO  DumpRange.java> 821f4864 or r7,r6,r6 (GhidraScript)  
INFO  DumpRange.java> 821f4868 or r6,r5,r5 (GhidraScript)  
INFO  DumpRange.java> 821f486c or r5,r4,r4 (GhidraScript)  
INFO  DumpRange.java> 821f4870 li r4,0x0 (GhidraScript)  
INFO  DumpRange.java> 821f4874 b 0x823d697c (GhidraScript)  
INFO  DumpRange.java> 821f4878 mfspr r12,LR (GhidraScript)  
INFO  DumpRange.java> 821f487c stw r12,-0x8(r1) (GhidraScript)  
INFO  DumpRange.java> 821f4880 stwu r1,-0x60(r1) (GhidraScript)  
INFO  DumpRange.java> 821f4884 li r11,0x0 (GhidraScript)  
INFO  DumpRange.java> 821f4888 addi r7,r1,0x52 (GhidraScript)  
INFO  DumpRange.java> 821f488c li r6,0x1 (GhidraScript)  
INFO  DumpRange.java> 821f4890 addi r5,r1,0x50 (GhidraScript)  
INFO  DumpRange.java> 821f4894 li r4,0xe (GhidraScript)  
INFO  DumpRange.java> 821f4898 li r3,0x3 (GhidraScript)  
INFO  DumpRange.java> 821f489c sth r11,0x52(r1) (GhidraScript)  
INFO  DumpRange.java> 821f48a0 bl 0x823d6bcc (GhidraScript)  
INFO  DumpRange.java> 821f48a4 cmpwi r3,0x0 (GhidraScript)  
INFO  DumpRange.java> 821f48a8 blt 0x821f4a14 (GhidraScript)  
INFO  DumpRange.java> 821f48ac lbz r11,0x50(r1) (GhidraScript)  
INFO  DumpRange.java> 821f48b0 cmplwi cr6,r11,0x6e (GhidraScript)  
INFO  DumpRange.java> 821f48b4 bgt cr6,0x821f4a14 (GhidraScript)  
INFO  DumpRange.java> 821f48b8 subi r11,r11,0x5 (GhidraScript)  
INFO  DumpRange.java> 821f48bc cmplwi cr6,r11,0x68 (GhidraScript)  
INFO  DumpRange.java> 821f48c0 bgt cr6,0x821f4a14 (GhidraScript)  
INFO  DumpRange.java> 821f48c4 lis r12,-0x7e00 (GhidraScript)  
INFO  DumpRange.java> 821f48c8 addi r12,r12,0x830 (GhidraScript)  
INFO  DumpRange.java> 821f48cc lbzx r0,r12,r11 (GhidraScript)  
INFO  DumpRange.java> 821f48d0 rlwinm r0,r0,0x2,0x0,0x1d (GhidraScript)  
INFO  DumpRange.java> 821f48d4 lis r12,-0x7de1 (GhidraScript)  
INFO  DumpRange.java> 821f48d8 addi r12,r12,0x48ec (GhidraScript)  
INFO  DumpRange.java> 821f48dc add r12,r12,r0 (GhidraScript)  
INFO  DumpRange.java> 821f48e0 mtspr CTR,r12 (GhidraScript)  
INFO  DumpRange.java> 821f48e4 ori r0,r0,0x0 (GhidraScript)  
INFO  DumpRange.java> 821f48e8 bctr (GhidraScript)  
INFO  DumpRange.java> 821f48ec li r11,0x1 (GhidraScript)  
INFO  DumpRange.java> 821f48f0 b 0x821f4a18 (GhidraScript)  
INFO  DumpRange.java> 821f48f4 li r11,0x2 (GhidraScript)  
INFO  DumpRange.java> 821f48f8 b 0x821f4a18 (GhidraScript)  
INFO  DumpRange.java> 821f48fc li r11,0x3 (GhidraScript)  
INFO  DumpRange.java> 821f4900 b 0x821f4a18 (GhidraScript)  
INFO  DumpRange.java> 821f4904 li r11,0x4 (GhidraScript)  
INFO  DumpRange.java> 821f4908 b 0x821f4a18 (GhidraScript)  
INFO  DumpRange.java> 821f490c li r11,0x5 (GhidraScript)  
INFO  DumpRange.java> 821f4910 b 0x821f4a18 (GhidraScript)  
INFO  DumpRange.java> 821f4914 li r11,0x6 (GhidraScript)  
INFO  DumpRange.java> 821f4918 b 0x821f4a18 (GhidraScript)  
INFO  DumpRange.java> 821f491c li r11,0x7 (GhidraScript)  
INFO  DumpRange.java> 821f4920 b 0x821f4a18 (GhidraScript)  
INFO  DumpRange.java> 821f4924 li r11,0x8 (GhidraScript)  
INFO  DumpRange.java> 821f4928 b 0x821f4a18 (GhidraScript)  
INFO  DumpRange.java> 821f492c li r11,0x9 (GhidraScript)  
INFO  DumpRange.java> 821f4930 b 0x821f4a18 (GhidraScript)  
INFO  DumpRange.java> 821f4934 li r11,0xa (GhidraScript)  
INFO  DumpRange.java> 821f4938 b 0x821f4a18 (GhidraScript)  
INFO  DumpRange.java> 821f493c li r11,0xb (GhidraScript)  
INFO  DumpRange.java> 821f4940 b 0x821f4a18 (GhidraScript)  
INFO  DumpRange.java> 821f4944 li r11,0xc (GhidraScript)  
INFO  DumpRange.java> 821f4948 b 0x821f4a18 (GhidraScript)  
INFO  DumpRange.java> 821f494c li r11,0xd (GhidraScript)  
INFO  DumpRange.java> 821f4950 b 0x821f4a18 (GhidraScript)  
INFO  DumpRange.java> 821f4954 li r11,0xe (GhidraScript)  
INFO  DumpRange.java> 821f4958 b 0x821f4a18 (GhidraScript)  
INFO  DumpRange.java> 821f495c li r11,0xf (GhidraScript)  
INFO  DumpRange.java> 821f4960 b 0x821f4a18 (GhidraScript)  
INFO  DumpRange.java> 821f4964 li r11,0x10 (GhidraScript)  
INFO  DumpRange.java> 821f4968 b 0x821f4a18 (GhidraScript)  
INFO  DumpRange.java> 821f496c li r11,0x11 (GhidraScript)  
INFO  DumpRange.java> 821f4970 b 0x821f4a18 (GhidraScript)  
INFO  DumpRange.java> 821f4974 li r11,0x12 (GhidraScript)  
INFO  DumpRange.java> 821f4978 b 0x821f4a18 (GhidraScript)  
INFO  DumpRange.java> 821f497c li r11,0x13 (GhidraScript)  
INFO  DumpRange.java> 821f4980 b 0x821f4a18 (GhidraScript)  
INFO  DumpRange.java> 821f4984 li r11,0x14 (GhidraScript)  
INFO  DumpRange.java> 821f4988 b 0x821f4a18 (GhidraScript)  
INFO  DumpRange.java> 821f498c li r11,0x15 (GhidraScript)  
INFO  DumpRange.java> 821f4990 b 0x821f4a18 (GhidraScript)  
INFO  DumpRange.java> 821f4994 li r11,0x16 (GhidraScript)  
INFO  DumpRange.java> 821f4998 b 0x821f4a18 (GhidraScript)  
INFO  DumpRange.java> 821f499c li r11,0x17 (GhidraScript)  
INFO  DumpRange.java> 821f49a0 b 0x821f4a18 (GhidraScript)  
INFO  DumpRange.java> 821f49a4 li r11,0x18 (GhidraScript)  
INFO  REPORT: Execute script: DumpRange.java '0x821f4860' '0x821f4918'  (HeadlessAnalyzer)  
INFO  SCRIPT: /fastdata/lavaulta/auto-re-agent/workspaces/ace-combat-6/scripts/DumpRange.java (HeadlessAnalyzer)  
INFO  DumpRange.java> 821f4860 or r8,r7,r7 (GhidraScript)  
INFO  DumpRange.java> 821f4864 or r7,r6,r6 (GhidraScript)  
INFO  DumpRange.java> 821f4868 or r6,r5,r5 (GhidraScript)  
INFO  DumpRange.java> 821f486c or r5,r4,r4 (GhidraScript)  
INFO  DumpRange.java> 821f4870 li r4,0x0 (GhidraScript)  
INFO  DumpRange.java> 821f4874 b 0x823d697c (GhidraScript)  
INFO  DumpRange.java> 821f4878 mfspr r12,LR (GhidraScript)  
INFO  DumpRange.java> 821f487c stw r12,-0x8(r1) (GhidraScript)  
INFO  DumpRange.java> 821f4880 stwu r1,-0x60(r1) (GhidraScript)  
INFO  DumpRange.java> 821f4884 li r11,0x0 (GhidraScript)  
INFO  DumpRange.java> 821f4888 addi r7,r1,0x52 (GhidraScript)  
INFO  DumpRange.java> 821f488c li r6,0x1 (GhidraScript)  
INFO  DumpRange.java> 821f4890 addi r5,r1,0x50 (GhidraScript)  
INFO  DumpRange.java> 821f4894 li r4,0xe (GhidraScript)  
INFO  DumpRange.java> 821f4898 li r3,0x3 (GhidraScript)  
INFO  DumpRange.java> 821f489c sth r11,0x52(r1) (GhidraScript)  
INFO  DumpRange.java> 821f48a0 bl 0x823d6bcc (GhidraScript)  
INFO  DumpRange.java> 821f48a4 cmpwi r3,0x0 (GhidraScript)  
INFO  DumpRange.java> 821f48a8 blt 0x821f4a14 (GhidraScript)  
INFO  DumpRange.java> 821f48ac lbz r11,0x50(r1) (GhidraScript)  
INFO  DumpRange.java> 821f48b0 cmplwi cr6,r11,0x6e (GhidraScript)  
INFO  DumpRange.java> 821f48b4 bgt cr6,0x821f4a14 (GhidraScript)  
INFO  DumpRange.java> 821f48b8 subi r11,r11,0x5 (GhidraScript)  
INFO  DumpRange.java> 821f48bc cmplwi cr6,r11,0x68 (GhidraScript)  
INFO  DumpRange.java> 821f48c0 bgt cr6,0x821f4a14 (GhidraScript)  
INFO  DumpRange.java> 821f48c4 lis r12,-0x7e00 (GhidraScript)  
INFO  DumpRange.java> 821f48c8 addi r12,r12,0x830 (GhidraScript)  
INFO  DumpRange.java> 821f48cc lbzx r0,r12,r11 (GhidraScript)  
INFO  DumpRange.java> 821f48d0 rlwinm r0,r0,0x2,0x0,0x1d (GhidraScript)  
INFO  DumpRange.java> 821f48d4 lis r12,-0x7de1 (GhidraScript)  
INFO  DumpRange.java> 821f48d8 addi r12,r12,0x48ec (GhidraScript)  
INFO  DumpRange.java> 821f48dc add r12,r12,r0 (GhidraScript)  
INFO  DumpRange.java> 821f48e0 mtspr CTR,r12 (GhidraScript)  
INFO  DumpRange.java> 821f48e4 ori r0,r0,0x0 (GhidraScript)  
INFO  DumpRange.java> 821f48e8 bctr (GhidraScript)  
INFO  DumpRange.java> 821f48ec li r11,0x1 (GhidraScript)  
INFO  DumpRange.java> 821f48f0 b 0x821f4a18 (GhidraScript)  
INFO  DumpRange.java> 821f48f4 li r11,0x2 (GhidraScript)  
INFO  DumpRange.java> 821f48f8 b 0x821f4a18 (GhidraScript)  
INFO  DumpRange.java> 821f48fc li r11,0x3 (GhidraScript)  
INFO  DumpRange.java> 821f4900 b 0x821f4a18 (GhidraScript)  
INFO  DumpRange.java> 821f4904 li r11,0x4 (GhidraScript)  
INFO  DumpRange.java> 821f4908 b 0x821f4a18 (GhidraScript)  
INFO  DumpRange.java> 821f490c li r11,0x5 (GhidraScript)  
INFO  DumpRange.java> 821f4910 b 0x821f4a18 (GhidraScript)  
INFO  DumpRange.java> 821f4914 li r11,0x6 (GhidraScript)  
INFO  REPORT: Execute script: FindDirectCallsTo.java '0x821f4a78'  (HeadlessAnalyzer)  
INFO  SCRIPT: /fastdata/lavaulta/auto-re-agent/workspaces/ace-combat-6/scripts/FindDirectCallsTo.java (HeadlessAnalyzer)  
INFO  FindDirectCallsTo.java> 821bab84 -> 821f4a78 bl 0x821f4a78 (GhidraScript)  
INFO  REPORT: Execute script: FindDirectCallsTo.java '0x821f4878'  (HeadlessAnalyzer)  
INFO  SCRIPT: /fastdata/lavaulta/auto-re-agent/workspaces/ace-combat-6/scripts/FindDirectCallsTo.java (HeadlessAnalyzer)  
INFO  FindDirectCallsTo.java> 821bab8c -> 821f4878 bl 0x821f4878 (GhidraScript)  
INFO  REPORT: Execute script: FindPpcRawBranchesTo.java '0x821f4a78'  (HeadlessAnalyzer)  
INFO  SCRIPT: /fastdata/lavaulta/auto-re-agent/workspaces/ace-combat-6/scripts/FindPpcRawBranchesTo.java (HeadlessAnalyzer)  
INFO  FindPpcRawBranchesTo.java> 821bab84 -> 0x821f4a78 raw=0x48039ef5 (GhidraScript)  
INFO  REPORT: Execute script: FindPpcRawBranchesTo.java '0x821f4878'  (HeadlessAnalyzer)  
INFO  SCRIPT: /fastdata/lavaulta/auto-re-agent/workspaces/ace-combat-6/scripts/FindPpcRawBranchesTo.java (HeadlessAnalyzer)  
INFO  FindPpcRawBranchesTo.java> 821bab8c -> 0x821f4878 raw=0x48039ced (GhidraScript)  
INFO  REPORT: Discarding changes to the following read-only file: /default.xex (HeadlessAnalyzer)  
