INFO  Using log config file: jar:file:/fastdata/lavaulta/auto-re-agent/.tools/ghidra_12.1.2_PUBLIC/Ghidra/Framework/Generic/lib/Generic.jar!/generic.log4j.xml (LoggingInitialization)  
INFO  Using log file: /home/lavaulta/.config/ghidra/ghidra_12.1.2_PUBLIC/application.log (LoggingInitialization)  
INFO  Loading user preferences: /home/lavaulta/.config/ghidra/ghidra_12.1.2_PUBLIC/preferences (Preferences)  
INFO  Searching for classes... (ClassSearcher)  
INFO  Ignoring class 'xexloaderwv.XEXLoaderWVLoader' from '/fastdata/lavaulta/auto-re-agent/.tools/ghidra_12.1.2_PUBLIC/Ghidra/Extensions/XEXLoaderWV/lib/XEXLoaderWV.jar'. Already found at '/fastdata/lavaulta/auto-re-agent/.tools/ghidra_12.1.2_PUBLIC/Ghidra/patch/XEXLoaderWV-java21.jar'. (ClassSearcher)  
INFO  Class search complete (1489 ms) (ClassSearcher)  
INFO  Initializing SSL Context (DefaultSSLContextInitializer)  
INFO  Initializing Random Number Generator... (SecureRandomFactory)  
INFO  Random Number Generator initialization complete: NativePRNGNonBlocking (SecureRandomFactory)  
INFO  Trust manager disabled, cacerts have not been set (DefaultTrustManagerFactory)  
INFO  Headless startup complete (3116 ms) (AnalyzeHeadless)  
INFO  Class searcher loaded 59 extension points (20 false positives) (ClassSearcher)  
INFO  HEADLESS Script Paths:
    /fastdata/lavaulta/auto-re-agent/.tools/ghidra_12.1.2_PUBLIC/Ghidra/Features/MicrosoftCodeAnalyzer/ghidra_scripts
    /fastdata/lavaulta/auto-re-agent/.tools/ghidra_12.1.2_PUBLIC/Ghidra/Features/PDB/ghidra_scripts
    /fastdata/lavaulta/auto-re-agent/.tools/ghidra_12.1.2_PUBLIC/Ghidra/Processors/8051/ghidra_scripts
    /fastdata/lavaulta/auto-re-agent/.tools/ghidra_12.1.2_PUBLIC/Ghidra/Features/Base/ghidra_scripts
    /fastdata/lavaulta/auto-re-agent/workspaces/ace-combat-6/scripts
    /fastdata/lavaulta/auto-re-agent/.tools/ghidra_12.1.2_PUBLIC/Ghidra/Features/FileFormats/ghidra_scripts
    /fastdata/lavaulta/auto-re-agent/.tools/ghidra_12.1.2_PUBLIC/Ghidra/Features/GnuDemangler/ghidra_scripts
    /fastdata/lavaulta/auto-re-agent/.tools/ghidra_12.1.2_PUBLIC/Ghidra/Extensions/ghidra-emotionengine-reloaded/ghidra_scripts
    /fastdata/lavaulta/auto-re-agent/.tools/ghidra_12.1.2_PUBLIC/Ghidra/Features/Decompiler/ghidra_scripts
    /fastdata/lavaulta/auto-re-agent/.tools/ghidra_12.1.2_PUBLIC/Ghidra/Features/FunctionID/ghidra_scripts
    /fastdata/lavaulta/auto-re-agent/.tools/ghidra_12.1.2_PUBLIC/Ghidra/Features/DecompilerDependent/ghidra_scripts
    /fastdata/lavaulta/auto-re-agent/.tools/ghidra_12.1.2_PUBLIC/Ghidra/Processors/DATA/ghidra_scripts
    /fastdata/lavaulta/auto-re-agent/.tools/ghidra_12.1.2_PUBLIC/Ghidra/Debug/Debugger-rmi-trace/ghidra_scripts
    /fastdata/lavaulta/auto-re-agent/.tools/ghidra_12.1.2_PUBLIC/Ghidra/Features/SwiftDemangler/ghidra_scripts
    /fastdata/lavaulta/auto-re-agent/.tools/ghidra_12.1.2_PUBLIC/Ghidra/Debug/Debugger/ghidra_scripts
    /fastdata/lavaulta/auto-re-agent/.tools/ghidra_12.1.2_PUBLIC/Ghidra/Processors/PIC/ghidra_scripts
    /fastdata/lavaulta/auto-re-agent/.tools/ghidra_12.1.2_PUBLIC/Ghidra/Extensions/XEXLoaderWV/ghidra_scripts
    /fastdata/lavaulta/auto-re-agent/.tools/ghidra_12.1.2_PUBLIC/Ghidra/Features/WildcardAssembler/ghidra_scripts
    /fastdata/lavaulta/auto-re-agent/.tools/ghidra_12.1.2_PUBLIC/Ghidra/Features/PyGhidra/ghidra_scripts
    /fastdata/lavaulta/auto-re-agent/.tools/ghidra_12.1.2_PUBLIC/Ghidra/Features/BSim/ghidra_scripts
    /fastdata/lavaulta/auto-re-agent/.tools/ghidra_12.1.2_PUBLIC/Ghidra/Features/VersionTracking/ghidra_scripts
    /fastdata/lavaulta/auto-re-agent/.tools/ghidra_12.1.2_PUBLIC/Ghidra/Features/BytePatterns/ghidra_scripts
    /fastdata/lavaulta/auto-re-agent/.tools/ghidra_12.1.2_PUBLIC/Ghidra/Processors/Atmel/ghidra_scripts
    /fastdata/lavaulta/auto-re-agent/.tools/ghidra_12.1.2_PUBLIC/Ghidra/Features/SystemEmulation/ghidra_scripts
    /fastdata/lavaulta/auto-re-agent/.tools/ghidra_12.1.2_PUBLIC/Ghidra/Processors/JVM/ghidra_scripts (HeadlessAnalyzer)  
INFO  HEADLESS: execution starts (HeadlessAnalyzer)  
INFO  Opening existing project: /fastdata/lavaulta/auto-re-agent/workspaces/ace-combat-6/ghidra-projects/ace-combat-6 (HeadlessAnalyzer)  
INFO  Opening project: /fastdata/lavaulta/auto-re-agent/workspaces/ace-combat-6/ghidra-projects/ace-combat-6 (HeadlessProject)  
INFO  REPORT: Processing project file: /default.xex (HeadlessAnalyzer)  
INFO  REPORT: Execute script: VerifyPpcAbiSaveRestoreHelpers.java  (HeadlessAnalyzer)  
INFO  SCRIPT: /fastdata/lavaulta/auto-re-agent/workspaces/ace-combat-6/scripts/VerifyPpcAbiSaveRestoreHelpers.java (HeadlessAnalyzer)  
INFO  VerifyPpcAbiSaveRestoreHelpers.java> AC6_ABI_HELPER=82382ec0 std r14,-0x98(r1) (GhidraScript)  
INFO  VerifyPpcAbiSaveRestoreHelpers.java> AC6_ABI_HELPER=82382ec4 std r15,-0x90(r1) (GhidraScript)  
INFO  VerifyPpcAbiSaveRestoreHelpers.java> AC6_ABI_HELPER=82382ec8 std r16,-0x88(r1) (GhidraScript)  
INFO  VerifyPpcAbiSaveRestoreHelpers.java> AC6_ABI_HELPER=82382ecc std r17,-0x80(r1) (GhidraScript)  
INFO  VerifyPpcAbiSaveRestoreHelpers.java> AC6_ABI_HELPER=82382ed0 std r18,-0x78(r1) (GhidraScript)  
INFO  VerifyPpcAbiSaveRestoreHelpers.java> AC6_ABI_HELPER=82382ed4 std r19,-0x70(r1) (GhidraScript)  
INFO  VerifyPpcAbiSaveRestoreHelpers.java> AC6_ABI_HELPER=82382ed8 std r20,-0x68(r1) (GhidraScript)  
INFO  VerifyPpcAbiSaveRestoreHelpers.java> AC6_ABI_HELPER=82382edc std r21,-0x60(r1) (GhidraScript)  
INFO  VerifyPpcAbiSaveRestoreHelpers.java> AC6_ABI_HELPER=82382ee0 std r22,-0x58(r1) (GhidraScript)  
INFO  VerifyPpcAbiSaveRestoreHelpers.java> AC6_ABI_HELPER=82382ee4 std r23,-0x50(r1) (GhidraScript)  
INFO  VerifyPpcAbiSaveRestoreHelpers.java> AC6_ABI_HELPER=82382ee8 std r24,-0x48(r1) (GhidraScript)  
INFO  VerifyPpcAbiSaveRestoreHelpers.java> AC6_ABI_HELPER=82382eec std r25,-0x40(r1) (GhidraScript)  
INFO  VerifyPpcAbiSaveRestoreHelpers.java> AC6_ABI_HELPER=82382ef0 std r26,-0x38(r1) (GhidraScript)  
INFO  VerifyPpcAbiSaveRestoreHelpers.java> AC6_ABI_HELPER=82382ef4 std r27,-0x30(r1) (GhidraScript)  
INFO  VerifyPpcAbiSaveRestoreHelpers.java> AC6_ABI_HELPER=82382ef8 std r28,-0x28(r1) (GhidraScript)  
INFO  VerifyPpcAbiSaveRestoreHelpers.java> AC6_ABI_HELPER=82382efc std r29,-0x20(r1) (GhidraScript)  
INFO  VerifyPpcAbiSaveRestoreHelpers.java> AC6_ABI_HELPER=82382f00 std r30,-0x18(r1) (GhidraScript)  
INFO  VerifyPpcAbiSaveRestoreHelpers.java> AC6_ABI_HELPER=82382f04 std r31,-0x10(r1) (GhidraScript)  
INFO  VerifyPpcAbiSaveRestoreHelpers.java> AC6_ABI_HELPER=82382f08 stw r12,-0x8(r1) (GhidraScript)  
INFO  VerifyPpcAbiSaveRestoreHelpers.java> AC6_ABI_HELPER=82382f0c blr (GhidraScript)  
INFO  VerifyPpcAbiSaveRestoreHelpers.java> AC6_ABI_HELPER=82382f10 ld r14,-0x98(r1) (GhidraScript)  
INFO  VerifyPpcAbiSaveRestoreHelpers.java> AC6_ABI_HELPER=82382f14 ld r15,-0x90(r1) (GhidraScript)  
INFO  VerifyPpcAbiSaveRestoreHelpers.java> AC6_ABI_HELPER=82382f18 ld r16,-0x88(r1) (GhidraScript)  
INFO  VerifyPpcAbiSaveRestoreHelpers.java> AC6_ABI_HELPER=82382f1c ld r17,-0x80(r1) (GhidraScript)  
INFO  VerifyPpcAbiSaveRestoreHelpers.java> AC6_ABI_HELPER=82382f20 ld r18,-0x78(r1) (GhidraScript)  
INFO  VerifyPpcAbiSaveRestoreHelpers.java> AC6_ABI_HELPER=82382f24 ld r19,-0x70(r1) (GhidraScript)  
INFO  VerifyPpcAbiSaveRestoreHelpers.java> AC6_ABI_HELPER=82382f28 ld r20,-0x68(r1) (GhidraScript)  
INFO  VerifyPpcAbiSaveRestoreHelpers.java> AC6_ABI_HELPER=82382f2c ld r21,-0x60(r1) (GhidraScript)  
INFO  VerifyPpcAbiSaveRestoreHelpers.java> AC6_ABI_HELPER=82382f30 ld r22,-0x58(r1) (GhidraScript)  
INFO  VerifyPpcAbiSaveRestoreHelpers.java> AC6_ABI_HELPER=82382f34 ld r23,-0x50(r1) (GhidraScript)  
INFO  VerifyPpcAbiSaveRestoreHelpers.java> AC6_ABI_HELPER=82382f38 ld r24,-0x48(r1) (GhidraScript)  
INFO  VerifyPpcAbiSaveRestoreHelpers.java> AC6_ABI_HELPER=82382f3c ld r25,-0x40(r1) (GhidraScript)  
INFO  VerifyPpcAbiSaveRestoreHelpers.java> AC6_ABI_HELPER=82382f40 ld r26,-0x38(r1) (GhidraScript)  
INFO  VerifyPpcAbiSaveRestoreHelpers.java> AC6_ABI_HELPER=82382f44 ld r27,-0x30(r1) (GhidraScript)  
INFO  VerifyPpcAbiSaveRestoreHelpers.java> AC6_ABI_HELPER=82382f48 ld r28,-0x28(r1) (GhidraScript)  
INFO  VerifyPpcAbiSaveRestoreHelpers.java> AC6_ABI_HELPER=82382f4c ld r29,-0x20(r1) (GhidraScript)  
INFO  VerifyPpcAbiSaveRestoreHelpers.java> AC6_ABI_HELPER=82382f50 ld r30,-0x18(r1) (GhidraScript)  
INFO  VerifyPpcAbiSaveRestoreHelpers.java> AC6_ABI_HELPER=82382f54 ld r31,-0x10(r1) (GhidraScript)  
INFO  VerifyPpcAbiSaveRestoreHelpers.java> AC6_ABI_HELPER=82382f58 lwz r12,-0x8(r1) (GhidraScript)  
INFO  VerifyPpcAbiSaveRestoreHelpers.java> AC6_ABI_HELPER=82382f5c mtspr LR,r12 (GhidraScript)  
INFO  VerifyPpcAbiSaveRestoreHelpers.java> AC6_ABI_HELPER=82382f60 blr (GhidraScript)  
INFO  REPORT: Save succeeded for processed file: /default.xex (HeadlessAnalyzer)  
