openjdk version "21.0.11" 2026-04-21
OpenJDK Runtime Environment (build 21.0.11+10-1-26.04.2-Ubuntu)
OpenJDK 64-Bit Server VM (build 21.0.11+10-1-26.04.2-Ubuntu, mixed mode)
INFO  Using log config file: jar:file:/fastdata/lavaulta/auto-re-agent/.tools/ghidra_12.1.2_PUBLIC/Ghidra/Framework/Generic/lib/Generic.jar!/generic.log4j.xml (LoggingInitialization)  
INFO  Using log file: /home/lavaulta/.config/ghidra/ghidra_12.1.2_PUBLIC/application.log (LoggingInitialization)  
INFO  Loading user preferences: /home/lavaulta/.config/ghidra/ghidra_12.1.2_PUBLIC/preferences (Preferences)  
INFO  Searching for classes... (ClassSearcher)  
INFO  Ignoring class 'xexloaderwv.XEXLoaderWVLoader' from '/fastdata/lavaulta/auto-re-agent/.tools/ghidra_12.1.2_PUBLIC/Ghidra/Extensions/XEXLoaderWV/lib/XEXLoaderWV.jar'. Already found at '/fastdata/lavaulta/auto-re-agent/.tools/ghidra_12.1.2_PUBLIC/Ghidra/patch/XEXLoaderWV-java21.jar'. (ClassSearcher)  
INFO  Class search complete (1628 ms) (ClassSearcher)  
INFO  Initializing SSL Context (DefaultSSLContextInitializer)  
INFO  Initializing Random Number Generator... (SecureRandomFactory)  
INFO  Random Number Generator initialization complete: NativePRNGNonBlocking (SecureRandomFactory)  
INFO  Trust manager disabled, cacerts have not been set (DefaultTrustManagerFactory)  
INFO  Headless startup complete (3147 ms) (AnalyzeHeadless)  
INFO  Class searcher loaded 59 extension points (20 false positives) (ClassSearcher)  
INFO  HEADLESS Script Paths:
    /fastdata/lavaulta/auto-re-agent/.tools/ghidra_12.1.2_PUBLIC/Ghidra/Features/MicrosoftCodeAnalyzer/ghidra_scripts
    /fastdata/lavaulta/auto-re-agent/.tools/ghidra_12.1.2_PUBLIC/Ghidra/Features/PDB/ghidra_scripts
    /fastdata/lavaulta/auto-re-agent/.tools/ghidra_12.1.2_PUBLIC/Ghidra/Processors/8051/ghidra_scripts
    /fastdata/lavaulta/auto-re-agent/.tools/ghidra_12.1.2_PUBLIC/Ghidra/Features/Base/ghidra_scripts
    /fastdata/lavaulta/auto-re-agent/workspaces/ace-combat-6/scripts
    /fastdata/lavaulta/auto-re-agent/.tools/ghidra_12.1.2_PUBLIC/Ghidra/Features/FileFormats/ghidra_scripts
    /fastdata/lavaulta/auto-re-agent/.tools/ghidra_12.1.2_PUBLIC/Ghidra/Features/GnuDemangler/ghidra_scripts
    /fastdata/lavaulta/auto-re-agent/.tools/ghidra_12.1.2_PUBLIC/Ghidra/Extensions/ghidra-emotionengine-reloaded/ghidra_scripts
    /fastdata/lavaulta/auto-re-agent/.tools/ghidra_12.1.2_PUBLIC/Ghidra/Features/Decompiler/ghidra_scripts
    /fastdata/lavaulta/auto-re-agent/.tools/ghidra_12.1.2_PUBLIC/Ghidra/Features/FunctionID/ghidra_scripts
    /fastdata/lavaulta/auto-re-agent/.tools/ghidra_12.1.2_PUBLIC/Ghidra/Features/DecompilerDependent/ghidra_scripts
    /fastdata/lavaulta/auto-re-agent/.tools/ghidra_12.1.2_PUBLIC/Ghidra/Processors/DATA/ghidra_scripts
    /fastdata/lavaulta/auto-re-agent/.tools/ghidra_12.1.2_PUBLIC/Ghidra/Debug/Debugger-rmi-trace/ghidra_scripts
    /fastdata/lavaulta/auto-re-agent/.tools/ghidra_12.1.2_PUBLIC/Ghidra/Features/SwiftDemangler/ghidra_scripts
    /fastdata/lavaulta/auto-re-agent/.tools/ghidra_12.1.2_PUBLIC/Ghidra/Debug/Debugger/ghidra_scripts
    /fastdata/lavaulta/auto-re-agent/.tools/ghidra_12.1.2_PUBLIC/Ghidra/Processors/PIC/ghidra_scripts
    /fastdata/lavaulta/auto-re-agent/.tools/ghidra_12.1.2_PUBLIC/Ghidra/Extensions/XEXLoaderWV/ghidra_scripts
    /fastdata/lavaulta/auto-re-agent/.tools/ghidra_12.1.2_PUBLIC/Ghidra/Features/WildcardAssembler/ghidra_scripts
    /fastdata/lavaulta/auto-re-agent/.tools/ghidra_12.1.2_PUBLIC/Ghidra/Features/PyGhidra/ghidra_scripts
    /fastdata/lavaulta/auto-re-agent/.tools/ghidra_12.1.2_PUBLIC/Ghidra/Features/BSim/ghidra_scripts
    /fastdata/lavaulta/auto-re-agent/.tools/ghidra_12.1.2_PUBLIC/Ghidra/Features/VersionTracking/ghidra_scripts
    /fastdata/lavaulta/auto-re-agent/.tools/ghidra_12.1.2_PUBLIC/Ghidra/Features/BytePatterns/ghidra_scripts
    /fastdata/lavaulta/auto-re-agent/.tools/ghidra_12.1.2_PUBLIC/Ghidra/Processors/Atmel/ghidra_scripts
    /fastdata/lavaulta/auto-re-agent/.tools/ghidra_12.1.2_PUBLIC/Ghidra/Features/SystemEmulation/ghidra_scripts
    /fastdata/lavaulta/auto-re-agent/.tools/ghidra_12.1.2_PUBLIC/Ghidra/Processors/JVM/ghidra_scripts (HeadlessAnalyzer)  
INFO  HEADLESS: execution starts (HeadlessAnalyzer)  
INFO  Opening existing project: /fastdata/lavaulta/auto-re-agent/workspaces/ace-combat-6/ghidra-projects/ace-combat-6 (HeadlessAnalyzer)  
INFO  Opening project: /fastdata/lavaulta/auto-re-agent/workspaces/ace-combat-6/ghidra-projects/ace-combat-6 (HeadlessProject)  
INFO  REPORT: Processing project file: /default.xex (HeadlessAnalyzer)  
INFO  REPORT: Execute script: DumpRange.java '0x8226a280' '0x8226a430'  (HeadlessAnalyzer)  
INFO  SCRIPT: /fastdata/lavaulta/auto-re-agent/workspaces/ace-combat-6/scripts/DumpRange.java (HeadlessAnalyzer)  
INFO  DumpRange.java> 8226a280 bl 0x82256228 (GhidraScript)  
INFO  DumpRange.java> 8226a284 li r4,0x1 (GhidraScript)  
INFO  DumpRange.java> 8226a288 or r3,r31,r31 (GhidraScript)  
INFO  DumpRange.java> 8226a28c bl 0x82267fc8 (GhidraScript)  
INFO  DumpRange.java> 8226a290 or r3,r31,r31 (GhidraScript)  
INFO  DumpRange.java> 8226a294 bl 0x822680c8 (GhidraScript)  
INFO  DumpRange.java> 8226a298 lis r11,-0x7dc0 (GhidraScript)  
INFO  DumpRange.java> 8226a29c li r4,0x0 (GhidraScript)  
INFO  DumpRange.java> 8226a2a0 lwz r3,-0x64d8(r11) (GhidraScript)  
INFO  DumpRange.java> 8226a2a4 lwz r11,0x0(r3) (GhidraScript)  
INFO  DumpRange.java> 8226a2a8 lwz r11,0x98(r11) (GhidraScript)  
INFO  DumpRange.java> 8226a2ac mtspr CTR,r11 (GhidraScript)  
INFO  DumpRange.java> 8226a2b0 bctrl (GhidraScript)  
INFO  DumpRange.java> 8226a2b4 lwz r11,0x4eb4(r30) (GhidraScript)  
INFO  DumpRange.java> 8226a2b8 li r4,0x0 (GhidraScript)  
INFO  DumpRange.java> 8226a2bc addi r3,r11,0x70 (GhidraScript)  
INFO  DumpRange.java> 8226a2c0 bl 0x82144b88 (GhidraScript)  
INFO  DumpRange.java> 8226a2c4 stw r3,0x324(r31) (GhidraScript)  
INFO  DumpRange.java> 8226a2c8 lwz r11,0x4eb4(r30) (GhidraScript)  
INFO  DumpRange.java> 8226a2cc li r4,0x1 (GhidraScript)  
INFO  DumpRange.java> 8226a2d0 addi r3,r11,0x70 (GhidraScript)  
INFO  DumpRange.java> 8226a2d4 bl 0x82144b88 (GhidraScript)  
INFO  DumpRange.java> 8226a2d8 stw r3,0x328(r31) (GhidraScript)  
INFO  DumpRange.java> 8226a2dc lwz r11,0x4eb4(r30) (GhidraScript)  
INFO  DumpRange.java> 8226a2e0 lwzx r3,r11,r29 (GhidraScript)  
INFO  DumpRange.java> 8226a2e4 bl 0x822560c8 (GhidraScript)  
INFO  DumpRange.java> 8226a2e8 lwz r11,0x4eb4(r30) (GhidraScript)  
INFO  DumpRange.java> 8226a2ec lwzx r3,r11,r29 (GhidraScript)  
INFO  DumpRange.java> 8226a2f0 lwz r11,0x0(r3) (GhidraScript)  
INFO  DumpRange.java> 8226a2f4 lwz r11,0x10(r11) (GhidraScript)  
INFO  DumpRange.java> 8226a2f8 mtspr CTR,r11 (GhidraScript)  
INFO  DumpRange.java> 8226a2fc bctrl (GhidraScript)  
INFO  DumpRange.java> 8226a300 lwz r11,0x22c(r31) (GhidraScript)  
INFO  DumpRange.java> 8226a304 stw r11,0x25c(r31) (GhidraScript)  
INFO  DumpRange.java> 8226a308 addi r1,r1,0x80 (GhidraScript)  
INFO  DumpRange.java> 8226a30c b 0x82382f44 (GhidraScript)  
INFO  DumpRange.java> 8226a310 mfspr r12,LR (GhidraScript)  
INFO  DumpRange.java> 8226a314 bl 0x82382efc (GhidraScript)  
INFO  DumpRange.java> 8226a318 stfd f31,-0x28(r1) (GhidraScript)  
INFO  DumpRange.java> 8226a31c stwu r1,-0x80(r1) (GhidraScript)  
INFO  DumpRange.java> 8226a320 lis r30,-0x7d92 (GhidraScript)  
INFO  DumpRange.java> 8226a324 lis r11,0x3 (GhidraScript)  
INFO  DumpRange.java> 8226a328 or r31,r3,r3 (GhidraScript)  
INFO  DumpRange.java> 8226a32c ori r29,r11,0x6054 (GhidraScript)  
INFO  DumpRange.java> 8226a330 lwz r11,0x4eb4(r30) (GhidraScript)  
INFO  DumpRange.java> 8226a334 lwzx r3,r11,r29 (GhidraScript)  
INFO  DumpRange.java> 8226a338 lwz r11,0x0(r3) (GhidraScript)  
INFO  DumpRange.java> 8226a33c lwz r11,0xd4(r11) (GhidraScript)  
INFO  DumpRange.java> 8226a340 mtspr CTR,r11 (GhidraScript)  
INFO  DumpRange.java> 8226a344 bctrl (GhidraScript)  
INFO  DumpRange.java> 8226a348 li r4,0x1 (GhidraScript)  
INFO  DumpRange.java> 8226a34c or r3,r31,r31 (GhidraScript)  
INFO  DumpRange.java> 8226a350 bl 0x82269b40 (GhidraScript)  
INFO  DumpRange.java> 8226a354 lis r11,0x2 (GhidraScript)  
INFO  DumpRange.java> 8226a358 lwz r10,0x2b0(r31) (GhidraScript)  
INFO  DumpRange.java> 8226a35c li r4,0x0 (GhidraScript)  
INFO  DumpRange.java> 8226a360 ori r9,r11,0xd7cc (GhidraScript)  
INFO  DumpRange.java> 8226a364 lwz r11,0x4eb4(r30) (GhidraScript)  
INFO  DumpRange.java> 8226a368 stwx r10,r11,r9 (GhidraScript)  
INFO  DumpRange.java> 8226a36c lwz r11,0x4eb4(r30) (GhidraScript)  
INFO  DumpRange.java> 8226a370 lwzx r3,r11,r29 (GhidraScript)  
INFO  DumpRange.java> 8226a374 lwz r11,0x0(r3) (GhidraScript)  
INFO  DumpRange.java> 8226a378 lwz r11,0xd8(r11) (GhidraScript)  
INFO  DumpRange.java> 8226a37c mtspr CTR,r11 (GhidraScript)  
INFO  DumpRange.java> 8226a380 bctrl (GhidraScript)  
INFO  DumpRange.java> 8226a384 li r4,0x1 (GhidraScript)  
INFO  DumpRange.java> 8226a388 or r3,r31,r31 (GhidraScript)  
INFO  DumpRange.java> 8226a38c bl 0x82269be0 (GhidraScript)  
INFO  DumpRange.java> 8226a390 li r4,0x1 (GhidraScript)  
INFO  DumpRange.java> 8226a394 or r3,r31,r31 (GhidraScript)  
INFO  DumpRange.java> 8226a398 bl 0x82269cc8 (GhidraScript)  
INFO  DumpRange.java> 8226a39c lwz r11,0x4eb4(r30) (GhidraScript)  
INFO  DumpRange.java> 8226a3a0 li r4,0x0 (GhidraScript)  
INFO  DumpRange.java> 8226a3a4 lwzx r3,r11,r29 (GhidraScript)  
INFO  DumpRange.java> 8226a3a8 lwz r11,0x0(r3) (GhidraScript)  
INFO  DumpRange.java> 8226a3ac lwz r11,0x4c(r11) (GhidraScript)  
INFO  DumpRange.java> 8226a3b0 mtspr CTR,r11 (GhidraScript)  
INFO  DumpRange.java> 8226a3b4 bctrl (GhidraScript)  
INFO  DumpRange.java> 8226a3b8 lis r11,0x3 (GhidraScript)  
INFO  DumpRange.java> 8226a3bc ori r29,r11,0x6240 (GhidraScript)  
INFO  DumpRange.java> 8226a3c0 lwz r11,0x4eb4(r30) (GhidraScript)  
INFO  DumpRange.java> 8226a3c4 lwzx r10,r11,r29 (GhidraScript)  
INFO  DumpRange.java> 8226a3c8 lwz r10,0x24(r10) (GhidraScript)  
INFO  DumpRange.java> 8226a3cc cmpwi cr6,r10,0x3 (GhidraScript)  
INFO  DumpRange.java> 8226a3d0 bne cr6,0x8226a3e0 (GhidraScript)  
INFO  DumpRange.java> 8226a3d4 li r11,0x0 (GhidraScript)  
INFO  DumpRange.java> 8226a3d8 stw r11,0x26c(r31) (GhidraScript)  
INFO  DumpRange.java> 8226a3dc lwz r11,0x4eb4(r30) (GhidraScript)  
INFO  DumpRange.java> 8226a3e0 li r4,0x0 (GhidraScript)  
INFO  DumpRange.java> 8226a3e4 lwzx r3,r11,r29 (GhidraScript)  
INFO  DumpRange.java> 8226a3e8 bl 0x8224f710 (GhidraScript)  
INFO  DumpRange.java> 8226a3ec lwz r10,0x4eb4(r30) (GhidraScript)  
INFO  DumpRange.java> 8226a3f0 lis r11,-0x7e00 (GhidraScript)  
INFO  DumpRange.java> 8226a3f4 addis r10,r10,0x3 (GhidraScript)  
INFO  DumpRange.java> 8226a3f8 addi r10,r10,0x7038 (GhidraScript)  
INFO  DumpRange.java> 8226a3fc lfs f31,0x82c(r11) (GhidraScript)  
INFO  DumpRange.java> 8226a400 addi r11,r31,0x140 (GhidraScript)  
INFO  DumpRange.java> 8226a404 lwz r9,0x0(r10) (GhidraScript)  
INFO  DumpRange.java> 8226a408 ori r9,r9,0x2 (GhidraScript)  
INFO  DumpRange.java> 8226a40c stw r9,0x0(r10) (GhidraScript)  
INFO  DumpRange.java> 8226a410 stfs f31,0x8(r11) (GhidraScript)  
INFO  DumpRange.java> 8226a414 lwz r10,0xc(r11) (GhidraScript)  
INFO  DumpRange.java> 8226a418 stfs f31,0x4(r11) (GhidraScript)  
INFO  DumpRange.java> 8226a41c rlwinm r10,r10,0x0,0x1f,0x1c (GhidraScript)  
INFO  DumpRange.java> 8226a420 rlwinm r9,r10,0x0,0x0,0x1e (GhidraScript)  
INFO  DumpRange.java> 8226a424 rlwinm r8,r10,0x1f,0x1,0x1f (GhidraScript)  
INFO  DumpRange.java> 8226a428 stw r10,0xc(r11) (GhidraScript)  
INFO  DumpRange.java> 8226a42c rlwinm r8,r8,0x0,0x18,0x1f (GhidraScript)  
INFO  REPORT: Execute script: DumpRange.java '0x8226a5f0' '0x8226a720'  (HeadlessAnalyzer)  
INFO  SCRIPT: /fastdata/lavaulta/auto-re-agent/workspaces/ace-combat-6/scripts/DumpRange.java (HeadlessAnalyzer)  
INFO  DumpRange.java> 8226a5f0 lfs f0,-0x10(r1) (GhidraScript)  
INFO  DumpRange.java> 8226a5f4 fsqrts f0,f0 (GhidraScript)  
INFO  DumpRange.java> 8226a5f8 fcmpu cr6,f0,f1 (GhidraScript)  
INFO  DumpRange.java> 8226a5fc ble cr6,0x8226a604 (GhidraScript)  
INFO  DumpRange.java> 8226a600 li r11,0x0 (GhidraScript)  
INFO  DumpRange.java> 8226a604 rlwinm r3,r11,0x0,0x18,0x1f (GhidraScript)  
INFO  DumpRange.java> 8226a608 blr (GhidraScript)  
INFO  DumpRange.java> 8226a60c <not-disassembled> (GhidraScript)  
INFO  DumpRange.java> 8226a610 mfspr r12,LR (GhidraScript)  
INFO  DumpRange.java> 8226a614 bl 0x82382ef8 (GhidraScript)  
INFO  DumpRange.java> 8226a618 stwu r1,-0x80(r1) (GhidraScript)  
INFO  DumpRange.java> 8226a61c lis r10,-0x7e00 (GhidraScript)  
INFO  DumpRange.java> 8226a620 or r31,r3,r3 (GhidraScript)  
INFO  DumpRange.java> 8226a624 li r30,0x0 (GhidraScript)  
INFO  DumpRange.java> 8226a628 addi r11,r31,0x30 (GhidraScript)  
INFO  DumpRange.java> 8226a62c addi r28,r31,0x60 (GhidraScript)  
INFO  DumpRange.java> 8226a630 lfs f0,0x82c(r10) (GhidraScript)  
INFO  DumpRange.java> 8226a634 lis r10,-0x7dfb (GhidraScript)  
INFO  DumpRange.java> 8226a638 li r29,0x17 (GhidraScript)  
INFO  DumpRange.java> 8226a63c addi r10,r10,0x4f7c (GhidraScript)  
INFO  DumpRange.java> 8226a640 stw r30,0x4(r31) (GhidraScript)  
INFO  DumpRange.java> 8226a644 stw r30,0x8(r31) (GhidraScript)  
INFO  DumpRange.java> 8226a648 stw r30,0xc(r31) (GhidraScript)  
INFO  DumpRange.java> 8226a64c stw r30,0x10(r31) (GhidraScript)  
INFO  DumpRange.java> 8226a650 stw r30,0x14(r31) (GhidraScript)  
INFO  DumpRange.java> 8226a654 stw r10,0x0(r31) (GhidraScript)  
INFO  DumpRange.java> 8226a658 stw r30,0x18(r31) (GhidraScript)  
INFO  DumpRange.java> 8226a65c stw r30,0x1c(r31) (GhidraScript)  
INFO  DumpRange.java> 8226a660 stw r30,0x20(r31) (GhidraScript)  
INFO  DumpRange.java> 8226a664 stw r30,0x24(r31) (GhidraScript)  
INFO  DumpRange.java> 8226a668 stw r30,0x28(r31) (GhidraScript)  
INFO  DumpRange.java> 8226a66c stw r30,0x2c(r31) (GhidraScript)  
INFO  DumpRange.java> 8226a670 stfs f0,0x0(r11) (GhidraScript)  
INFO  DumpRange.java> 8226a674 stfs f0,0x4(r11) (GhidraScript)  
INFO  DumpRange.java> 8226a678 stfs f0,0x8(r11) (GhidraScript)  
INFO  DumpRange.java> 8226a67c stfs f0,0xc(r11) (GhidraScript)  
INFO  DumpRange.java> 8226a680 stfs f0,0x48(r31) (GhidraScript)  
INFO  DumpRange.java> 8226a684 stfs f0,0x4c(r31) (GhidraScript)  
INFO  DumpRange.java> 8226a688 stfs f0,0x50(r31) (GhidraScript)  
INFO  DumpRange.java> 8226a68c stfs f0,0x54(r31) (GhidraScript)  
INFO  DumpRange.java> 8226a690 stw r30,0x58(r31) (GhidraScript)  
INFO  DumpRange.java> 8226a694 stw r30,0x5c(r31) (GhidraScript)  
INFO  DumpRange.java> 8226a698 or r3,r28,r28 (GhidraScript)  
INFO  DumpRange.java> 8226a69c bl 0x82317d60 (GhidraScript)  
INFO  DumpRange.java> 8226a6a0 subi r29,r29,0x1 (GhidraScript)  
INFO  DumpRange.java> 8226a6a4 addi r28,r28,0x10 (GhidraScript)  
INFO  DumpRange.java> 8226a6a8 cmpwi cr6,r29,0x0 (GhidraScript)  
INFO  DumpRange.java> 8226a6ac bge cr6,0x8226a698 (GhidraScript)  
INFO  DumpRange.java> 8226a6b0 li r11,-0x1 (GhidraScript)  
INFO  DumpRange.java> 8226a6b4 stw r30,0x260(r31) (GhidraScript)  
INFO  DumpRange.java> 8226a6b8 addi r3,r31,0x2cc (GhidraScript)  
INFO  DumpRange.java> 8226a6bc stw r30,0x268(r31) (GhidraScript)  
INFO  DumpRange.java> 8226a6c0 stw r30,0x26c(r31) (GhidraScript)  
INFO  DumpRange.java> 8226a6c4 stw r30,0x270(r31) (GhidraScript)  
INFO  DumpRange.java> 8226a6c8 stw r30,0x274(r31) (GhidraScript)  
INFO  DumpRange.java> 8226a6cc stw r11,0x1e0(r31) (GhidraScript)  
INFO  DumpRange.java> 8226a6d0 stw r30,0x278(r31) (GhidraScript)  
INFO  DumpRange.java> 8226a6d4 stw r30,0x27c(r31) (GhidraScript)  
INFO  DumpRange.java> 8226a6d8 stw r30,0x280(r31) (GhidraScript)  
INFO  DumpRange.java> 8226a6dc stw r30,0x29c(r31) (GhidraScript)  
INFO  DumpRange.java> 8226a6e0 stw r30,0x2a0(r31) (GhidraScript)  
INFO  DumpRange.java> 8226a6e4 stw r30,0x2a4(r31) (GhidraScript)  
INFO  DumpRange.java> 8226a6e8 stw r30,0x2a8(r31) (GhidraScript)  
INFO  DumpRange.java> 8226a6ec stw r30,0x2ac(r31) (GhidraScript)  
INFO  DumpRange.java> 8226a6f0 stw r30,0x2b0(r31) (GhidraScript)  
INFO  DumpRange.java> 8226a6f4 stw r30,0x2b4(r31) (GhidraScript)  
INFO  DumpRange.java> 8226a6f8 stw r30,0x2b8(r31) (GhidraScript)  
INFO  DumpRange.java> 8226a6fc stw r30,0x2bc(r31) (GhidraScript)  
INFO  DumpRange.java> 8226a700 stw r30,0x2c0(r31) (GhidraScript)  
INFO  DumpRange.java> 8226a704 stw r30,0x2c4(r31) (GhidraScript)  
INFO  DumpRange.java> 8226a708 stw r30,0x2c8(r31) (GhidraScript)  
INFO  DumpRange.java> 8226a70c bl 0x82281148 (GhidraScript)  
INFO  DumpRange.java> 8226a710 addi r3,r31,0x2d8 (GhidraScript)  
INFO  DumpRange.java> 8226a714 bl 0x82281148 (GhidraScript)  
INFO  DumpRange.java> 8226a718 addi r3,r31,0x2e4 (GhidraScript)  
INFO  DumpRange.java> 8226a71c bl 0x8226f828 (GhidraScript)  
INFO  REPORT: Execute script: FindDirectCallsTo.java '0x8226a310'  (HeadlessAnalyzer)  
INFO  SCRIPT: /fastdata/lavaulta/auto-re-agent/workspaces/ace-combat-6/scripts/FindDirectCallsTo.java (HeadlessAnalyzer)  
INFO  FindDirectCallsTo.java> 822e35d4 -> 8226a310 bl 0x8226a310 (GhidraScript)  
INFO  REPORT: Save succeeded for processed file: /default.xex (HeadlessAnalyzer)  
