openjdk version "21.0.11" 2026-04-21
OpenJDK Runtime Environment (build 21.0.11+10-1-26.04.2-Ubuntu)
OpenJDK 64-Bit Server VM (build 21.0.11+10-1-26.04.2-Ubuntu, mixed mode)
INFO  Using log config file: jar:file:/fastdata/lavaulta/auto-re-agent/.tools/ghidra_12.1.2_PUBLIC/Ghidra/Framework/Generic/lib/Generic.jar!/generic.log4j.xml (LoggingInitialization)  
INFO  Using log file: /home/lavaulta/.config/ghidra/ghidra_12.1.2_PUBLIC/application.log (LoggingInitialization)  
INFO  Loading user preferences: /home/lavaulta/.config/ghidra/ghidra_12.1.2_PUBLIC/preferences (Preferences)  
INFO  Searching for classes... (ClassSearcher)  
INFO  Ignoring class 'xexloaderwv.XEXLoaderWVLoader' from '/fastdata/lavaulta/auto-re-agent/.tools/ghidra_12.1.2_PUBLIC/Ghidra/Extensions/XEXLoaderWV/lib/XEXLoaderWV.jar'. Already found at '/fastdata/lavaulta/auto-re-agent/.tools/ghidra_12.1.2_PUBLIC/Ghidra/patch/XEXLoaderWV-java21.jar'. (ClassSearcher)  
INFO  Class search complete (1610 ms) (ClassSearcher)  
INFO  Initializing SSL Context (DefaultSSLContextInitializer)  
INFO  Initializing Random Number Generator... (SecureRandomFactory)  
INFO  Random Number Generator initialization complete: NativePRNGNonBlocking (SecureRandomFactory)  
INFO  Trust manager disabled, cacerts have not been set (DefaultTrustManagerFactory)  
INFO  Headless startup complete (3133 ms) (AnalyzeHeadless)  
INFO  Class searcher loaded 59 extension points (20 false positives) (ClassSearcher)  
INFO  HEADLESS Script Paths:
    /fastdata/lavaulta/auto-re-agent/.tools/ghidra_12.1.2_PUBLIC/Ghidra/Features/MicrosoftCodeAnalyzer/ghidra_scripts
    /fastdata/lavaulta/auto-re-agent/.tools/ghidra_12.1.2_PUBLIC/Ghidra/Features/PDB/ghidra_scripts
    /fastdata/lavaulta/auto-re-agent/.tools/ghidra_12.1.2_PUBLIC/Ghidra/Processors/8051/ghidra_scripts
    /fastdata/lavaulta/auto-re-agent/.tools/ghidra_12.1.2_PUBLIC/Ghidra/Features/Base/ghidra_scripts
    /fastdata/lavaulta/auto-re-agent/workspaces/ace-combat-6/scripts
    /fastdata/lavaulta/auto-re-agent/.tools/ghidra_12.1.2_PUBLIC/Ghidra/Features/FileFormats/ghidra_scripts
    /fastdata/lavaulta/auto-re-agent/.tools/ghidra_12.1.2_PUBLIC/Ghidra/Features/GnuDemangler/ghidra_scripts
    /fastdata/lavaulta/auto-re-agent/.tools/ghidra_12.1.2_PUBLIC/Ghidra/Extensions/ghidra-emotionengine-reloaded/ghidra_scripts
    /fastdata/lavaulta/auto-re-agent/.tools/ghidra_12.1.2_PUBLIC/Ghidra/Features/Decompiler/ghidra_scripts
    /fastdata/lavaulta/auto-re-agent/.tools/ghidra_12.1.2_PUBLIC/Ghidra/Features/FunctionID/ghidra_scripts
    /fastdata/lavaulta/auto-re-agent/.tools/ghidra_12.1.2_PUBLIC/Ghidra/Features/DecompilerDependent/ghidra_scripts
    /fastdata/lavaulta/auto-re-agent/.tools/ghidra_12.1.2_PUBLIC/Ghidra/Processors/DATA/ghidra_scripts
    /fastdata/lavaulta/auto-re-agent/.tools/ghidra_12.1.2_PUBLIC/Ghidra/Debug/Debugger-rmi-trace/ghidra_scripts
    /fastdata/lavaulta/auto-re-agent/.tools/ghidra_12.1.2_PUBLIC/Ghidra/Features/SwiftDemangler/ghidra_scripts
    /fastdata/lavaulta/auto-re-agent/.tools/ghidra_12.1.2_PUBLIC/Ghidra/Debug/Debugger/ghidra_scripts
    /fastdata/lavaulta/auto-re-agent/.tools/ghidra_12.1.2_PUBLIC/Ghidra/Processors/PIC/ghidra_scripts
    /fastdata/lavaulta/auto-re-agent/.tools/ghidra_12.1.2_PUBLIC/Ghidra/Extensions/XEXLoaderWV/ghidra_scripts
    /fastdata/lavaulta/auto-re-agent/.tools/ghidra_12.1.2_PUBLIC/Ghidra/Features/WildcardAssembler/ghidra_scripts
    /fastdata/lavaulta/auto-re-agent/.tools/ghidra_12.1.2_PUBLIC/Ghidra/Features/PyGhidra/ghidra_scripts
    /fastdata/lavaulta/auto-re-agent/.tools/ghidra_12.1.2_PUBLIC/Ghidra/Features/BSim/ghidra_scripts
    /fastdata/lavaulta/auto-re-agent/.tools/ghidra_12.1.2_PUBLIC/Ghidra/Features/VersionTracking/ghidra_scripts
    /fastdata/lavaulta/auto-re-agent/.tools/ghidra_12.1.2_PUBLIC/Ghidra/Features/BytePatterns/ghidra_scripts
    /fastdata/lavaulta/auto-re-agent/.tools/ghidra_12.1.2_PUBLIC/Ghidra/Processors/Atmel/ghidra_scripts
    /fastdata/lavaulta/auto-re-agent/.tools/ghidra_12.1.2_PUBLIC/Ghidra/Features/SystemEmulation/ghidra_scripts
    /fastdata/lavaulta/auto-re-agent/.tools/ghidra_12.1.2_PUBLIC/Ghidra/Processors/JVM/ghidra_scripts (HeadlessAnalyzer)  
INFO  HEADLESS: execution starts (HeadlessAnalyzer)  
INFO  Opening existing project: /fastdata/lavaulta/auto-re-agent/workspaces/ace-combat-6/ghidra-projects/ace-combat-6 (HeadlessAnalyzer)  
INFO  Opening project: /fastdata/lavaulta/auto-re-agent/workspaces/ace-combat-6/ghidra-projects/ace-combat-6 (HeadlessProject)  
INFO  REPORT: Processing read-only project file: /default.xex (HeadlessAnalyzer)  
INFO  REPORT: Execute script: DumpRange.java '0x821f4a00' '0x821f4b80'  (HeadlessAnalyzer)  
INFO  SCRIPT: /fastdata/lavaulta/auto-re-agent/workspaces/ace-combat-6/scripts/DumpRange.java (HeadlessAnalyzer)  
INFO  DumpRange.java> 821f4a00 b 0x821f4a18 (GhidraScript)  
INFO  DumpRange.java> 821f4a04 li r11,0x23 (GhidraScript)  
INFO  DumpRange.java> 821f4a08 b 0x821f4a18 (GhidraScript)  
INFO  DumpRange.java> 821f4a0c li r11,0x24 (GhidraScript)  
INFO  DumpRange.java> 821f4a10 b 0x821f4a18 (GhidraScript)  
INFO  DumpRange.java> 821f4a14 li r11,0x0 (GhidraScript)  
INFO  DumpRange.java> 821f4a18 rlwinm. r10,r11,0x0,0x18,0x1f (GhidraScript)  
INFO  DumpRange.java> 821f4a1c beq 0x821f4a28 (GhidraScript)  
INFO  DumpRange.java> 821f4a20 cmplwi cr6,r10,0x25 (GhidraScript)  
INFO  DumpRange.java> 821f4a24 ble cr6,0x821f4a64 (GhidraScript)  
INFO  DumpRange.java> 821f4a28 bl 0x823d682c (GhidraScript)  
INFO  DumpRange.java> 821f4a2c rlwinm r11,r3,0x18,0x18,0x1f (GhidraScript)  
INFO  DumpRange.java> 821f4a30 cmplwi cr6,r11,0x1 (GhidraScript)  
INFO  DumpRange.java> 821f4a34 bne cr6,0x821f4a50 (GhidraScript)  
INFO  DumpRange.java> 821f4a38 subi r11,r3,0x101 (GhidraScript)  
INFO  DumpRange.java> 821f4a3c cntlzw r11,r11 (GhidraScript)  
INFO  DumpRange.java> 821f4a40 rlwinm r11,r11,0x1b,0x1f,0x1f (GhidraScript)  
INFO  DumpRange.java> 821f4a44 xori r11,r11,0x1 (GhidraScript)  
INFO  DumpRange.java> 821f4a48 addi r11,r11,0x14 (GhidraScript)  
INFO  DumpRange.java> 821f4a4c b 0x821f4a64 (GhidraScript)  
INFO  DumpRange.java> 821f4a50 subi r11,r11,0x2 (GhidraScript)  
INFO  DumpRange.java> 821f4a54 cntlzw r11,r11 (GhidraScript)  
INFO  DumpRange.java> 821f4a58 rlwinm r11,r11,0x1b,0x1f,0x1f (GhidraScript)  
INFO  DumpRange.java> 821f4a5c xori r11,r11,0x1 (GhidraScript)  
INFO  DumpRange.java> 821f4a60 addi r11,r11,0x23 (GhidraScript)  
INFO  DumpRange.java> 821f4a64 rlwinm r3,r11,0x0,0x18,0x1f (GhidraScript)  
INFO  DumpRange.java> 821f4a68 addi r1,r1,0x60 (GhidraScript)  
INFO  DumpRange.java> 821f4a6c lwz r12,-0x8(r1) (GhidraScript)  
INFO  DumpRange.java> 821f4a70 mtspr LR,r12 (GhidraScript)  
INFO  DumpRange.java> 821f4a74 blr (GhidraScript)  
INFO  DumpRange.java> 821f4a78 mfspr r12,LR (GhidraScript)  
INFO  DumpRange.java> 821f4a7c stw r12,-0x8(r1) (GhidraScript)  
INFO  DumpRange.java> 821f4a80 stwu r1,-0x60(r1) (GhidraScript)  
INFO  DumpRange.java> 821f4a84 li r11,0x0 (GhidraScript)  
INFO  DumpRange.java> 821f4a88 addi r7,r1,0x50 (GhidraScript)  
INFO  DumpRange.java> 821f4a8c li r6,0x4 (GhidraScript)  
INFO  DumpRange.java> 821f4a90 addi r5,r1,0x54 (GhidraScript)  
INFO  DumpRange.java> 821f4a94 li r4,0x9 (GhidraScript)  
INFO  DumpRange.java> 821f4a98 li r3,0x3 (GhidraScript)  
INFO  DumpRange.java> 821f4a9c sth r11,0x50(r1) (GhidraScript)  
INFO  DumpRange.java> 821f4aa0 bl 0x823d6bcc (GhidraScript)  
INFO  DumpRange.java> 821f4aa4 cmpwi r3,0x0 (GhidraScript)  
INFO  DumpRange.java> 821f4aa8 bge 0x821f4ab8 (GhidraScript)  
INFO  DumpRange.java> 821f4aac li r3,0x0 (GhidraScript)  
INFO  DumpRange.java> 821f4ab0 stw r3,0x54(r1) (GhidraScript)  
INFO  DumpRange.java> 821f4ab4 b 0x821f4abc (GhidraScript)  
INFO  DumpRange.java> 821f4ab8 lwz r3,0x54(r1) (GhidraScript)  
INFO  DumpRange.java> 821f4abc cmplwi cr6,r3,0x0 (GhidraScript)  
INFO  DumpRange.java> 821f4ac0 beq cr6,0x821f4acc (GhidraScript)  
INFO  DumpRange.java> 821f4ac4 cmplwi cr6,r3,0xc (GhidraScript)  
INFO  DumpRange.java> 821f4ac8 ble cr6,0x821f4af8 (GhidraScript)  
INFO  DumpRange.java> 821f4acc bl 0x823d682c (GhidraScript)  
INFO  DumpRange.java> 821f4ad0 rlwinm r11,r3,0x0,0x10,0x17 (GhidraScript)  
INFO  DumpRange.java> 821f4ad4 cmplwi cr6,r11,0x100 (GhidraScript)  
INFO  DumpRange.java> 821f4ad8 bne cr6,0x821f4af4 (GhidraScript)  
INFO  DumpRange.java> 821f4adc cmplwi cr6,r3,0x101 (GhidraScript)  
INFO  DumpRange.java> 821f4ae0 bne cr6,0x821f4aec (GhidraScript)  
INFO  DumpRange.java> 821f4ae4 li r3,0x2 (GhidraScript)  
INFO  DumpRange.java> 821f4ae8 b 0x821f4af8 (GhidraScript)  
INFO  DumpRange.java> 821f4aec li r3,0x7 (GhidraScript)  
INFO  DumpRange.java> 821f4af0 b 0x821f4af8 (GhidraScript)  
INFO  DumpRange.java> 821f4af4 li r3,0x1 (GhidraScript)  
INFO  DumpRange.java> 821f4af8 addi r1,r1,0x60 (GhidraScript)  
INFO  DumpRange.java> 821f4afc lwz r12,-0x8(r1) (GhidraScript)  
INFO  DumpRange.java> 821f4b00 mtspr LR,r12 (GhidraScript)  
INFO  DumpRange.java> 821f4b04 blr (GhidraScript)  
INFO  DumpRange.java> 821f4b08 or r11,r3,r3 (GhidraScript)  
INFO  DumpRange.java> 821f4b0c lbz r10,0x0(r3) (GhidraScript)  
INFO  DumpRange.java> 821f4b10 addi r3,r3,0x1 (GhidraScript)  
INFO  DumpRange.java> 821f4b14 cmplwi cr6,r10,0x0 (GhidraScript)  
INFO  DumpRange.java> 821f4b18 bne cr6,0x821f4b0c (GhidraScript)  
INFO  DumpRange.java> 821f4b1c subf r11,r11,r3 (GhidraScript)  
INFO  DumpRange.java> 821f4b20 subi r11,r11,0x1 (GhidraScript)  
INFO  DumpRange.java> 821f4b24 rlwinm r3,r11,0x0,0x0,0x1f (GhidraScript)  
INFO  DumpRange.java> 821f4b28 blr (GhidraScript)  
INFO  DumpRange.java> 821f4b2c <not-disassembled> (GhidraScript)  
INFO  DumpRange.java> 821f4b30 b 0x82383540 (GhidraScript)  
INFO  DumpRange.java> 821f4b34 <not-disassembled> (GhidraScript)  
INFO  DumpRange.java> 821f4b38 mfspr r12,LR (GhidraScript)  
INFO  DumpRange.java> 821f4b3c stw r12,-0x8(r1) (GhidraScript)  
INFO  DumpRange.java> 821f4b40 std r31,-0x10(r1) (GhidraScript)  
INFO  DumpRange.java> 821f4b44 stwu r1,-0x90(r1) (GhidraScript)  
INFO  DumpRange.java> 821f4b48 or r31,r3,r3 (GhidraScript)  
INFO  DumpRange.java> 821f4b4c addi r3,r1,0x50 (GhidraScript)  
INFO  DumpRange.java> 821f4b50 bl 0x823d6bec (GhidraScript)  
INFO  DumpRange.java> 821f4b54 addi r3,r1,0x58 (GhidraScript)  
INFO  DumpRange.java> 821f4b58 bl 0x821f7880 (GhidraScript)  
INFO  DumpRange.java> 821f4b5c ld r11,0x50(r1) (GhidraScript)  
INFO  DumpRange.java> 821f4b60 ld r10,0x58(r1) (GhidraScript)  
INFO  DumpRange.java> 821f4b64 addi r4,r1,0x70 (GhidraScript)  
INFO  DumpRange.java> 821f4b68 addi r3,r1,0x60 (GhidraScript)  
INFO  DumpRange.java> 821f4b6c subf r11,r10,r11 (GhidraScript)  
INFO  DumpRange.java> 821f4b70 std r11,0x60(r1) (GhidraScript)  
INFO  DumpRange.java> 821f4b74 bl 0x823d6bdc (GhidraScript)  
INFO  DumpRange.java> 821f4b78 lhz r11,0x70(r1) (GhidraScript)  
INFO  DumpRange.java> 821f4b7c lhz r10,0x72(r1) (GhidraScript)  
INFO  REPORT: Execute script: DumpRange.java '0x821f4b80' '0x821f4d00'  (HeadlessAnalyzer)  
INFO  SCRIPT: /fastdata/lavaulta/auto-re-agent/workspaces/ace-combat-6/scripts/DumpRange.java (HeadlessAnalyzer)  
INFO  DumpRange.java> 821f4b80 lhz r9,0x7e(r1) (GhidraScript)  
INFO  DumpRange.java> 821f4b84 lhz r8,0x74(r1) (GhidraScript)  
INFO  DumpRange.java> 821f4b88 lhz r7,0x76(r1) (GhidraScript)  
INFO  DumpRange.java> 821f4b8c sth r11,0x0(r31) (GhidraScript)  
INFO  DumpRange.java> 821f4b90 sth r10,0x2(r31) (GhidraScript)  
INFO  DumpRange.java> 821f4b94 lhz r6,0x78(r1) (GhidraScript)  
INFO  DumpRange.java> 821f4b98 lhz r11,0x7a(r1) (GhidraScript)  
INFO  DumpRange.java> 821f4b9c lhz r10,0x7c(r1) (GhidraScript)  
INFO  DumpRange.java> 821f4ba0 sth r9,0x4(r31) (GhidraScript)  
INFO  DumpRange.java> 821f4ba4 sth r8,0x6(r31) (GhidraScript)  
INFO  DumpRange.java> 821f4ba8 sth r7,0x8(r31) (GhidraScript)  
INFO  DumpRange.java> 821f4bac sth r6,0xa(r31) (GhidraScript)  
INFO  DumpRange.java> 821f4bb0 sth r11,0xc(r31) (GhidraScript)  
INFO  DumpRange.java> 821f4bb4 sth r10,0xe(r31) (GhidraScript)  
INFO  DumpRange.java> 821f4bb8 addi r1,r1,0x90 (GhidraScript)  
INFO  DumpRange.java> 821f4bbc lwz r12,-0x8(r1) (GhidraScript)  
INFO  DumpRange.java> 821f4bc0 mtspr LR,r12 (GhidraScript)  
INFO  DumpRange.java> 821f4bc4 ld r31,-0x10(r1) (GhidraScript)  
INFO  DumpRange.java> 821f4bc8 blr (GhidraScript)  
INFO  DumpRange.java> 821f4bcc <not-disassembled> (GhidraScript)  
INFO  DumpRange.java> 821f4bd0 mfspr r12,LR (GhidraScript)  
INFO  DumpRange.java> 821f4bd4 bl 0x82382ef0 (GhidraScript)  
INFO  DumpRange.java> 821f4bd8 stwu r1,-0xc0(r1) (GhidraScript)  
INFO  DumpRange.java> 821f4bdc or r26,r7,r7 (GhidraScript)  
INFO  DumpRange.java> 821f4be0 or r28,r3,r3 (GhidraScript)  
INFO  DumpRange.java> 821f4be4 or r29,r4,r4 (GhidraScript)  
INFO  DumpRange.java> 821f4be8 or r27,r5,r5 (GhidraScript)  
INFO  DumpRange.java> 821f4bec or r31,r8,r8 (GhidraScript)  
INFO  DumpRange.java> 821f4bf0 cmplwi cr6,r26,0x1 (GhidraScript)  
INFO  DumpRange.java> 821f4bf4 beq cr6,0x821f4c50 (GhidraScript)  
INFO  DumpRange.java> 821f4bf8 cmplwi cr6,r26,0x2 (GhidraScript)  
INFO  DumpRange.java> 821f4bfc beq cr6,0x821f4c48 (GhidraScript)  
INFO  DumpRange.java> 821f4c00 cmplwi cr6,r26,0x3 (GhidraScript)  
INFO  DumpRange.java> 821f4c04 beq cr6,0x821f4c40 (GhidraScript)  
INFO  DumpRange.java> 821f4c08 cmplwi cr6,r26,0x4 (GhidraScript)  
INFO  DumpRange.java> 821f4c0c beq cr6,0x821f4c38 (GhidraScript)  
INFO  DumpRange.java> 821f4c10 cmplwi cr6,r26,0x5 (GhidraScript)  
INFO  DumpRange.java> 821f4c14 bne cr6,0x821f4c24 (GhidraScript)  
INFO  DumpRange.java> 821f4c18 rlwinm. r11,r29,0x0,0x1,0x1 (GhidraScript)  
INFO  DumpRange.java> 821f4c1c li r30,0x4 (GhidraScript)  
INFO  DumpRange.java> 821f4c20 bne 0x821f4c54 (GhidraScript)  
INFO  DumpRange.java> 821f4c24 lis r3,-0x4000 (GhidraScript)  
INFO  DumpRange.java> 821f4c28 ori r3,r3,0xd (GhidraScript)  
INFO  DumpRange.java> 821f4c2c bl 0x821f7578 (GhidraScript)  
INFO  DumpRange.java> 821f4c30 li r3,-0x1 (GhidraScript)  
INFO  DumpRange.java> 821f4c34 b 0x821f4dbc (GhidraScript)  
INFO  DumpRange.java> 821f4c38 li r30,0x3 (GhidraScript)  
INFO  DumpRange.java> 821f4c3c b 0x821f4c54 (GhidraScript)  
INFO  DumpRange.java> 821f4c40 li r30,0x1 (GhidraScript)  
INFO  DumpRange.java> 821f4c44 b 0x821f4c54 (GhidraScript)  
INFO  DumpRange.java> 821f4c48 li r30,0x5 (GhidraScript)  
INFO  DumpRange.java> 821f4c4c b 0x821f4c54 (GhidraScript)  
INFO  DumpRange.java> 821f4c50 li r30,0x2 (GhidraScript)  
INFO  DumpRange.java> 821f4c54 or r4,r28,r28 (GhidraScript)  
INFO  DumpRange.java> 821f4c58 addi r3,r1,0x68 (GhidraScript)  
INFO  DumpRange.java> 821f4c5c bl 0x823d6bfc (GhidraScript)  
INFO  DumpRange.java> 821f4c60 lhz r11,0x68(r1) (GhidraScript)  
INFO  DumpRange.java> 821f4c64 cmplwi cr6,r11,0x1 (GhidraScript)  
INFO  DumpRange.java> 821f4c68 ble cr6,0x821f4c80 (GhidraScript)  
INFO  DumpRange.java> 821f4c6c add r11,r11,r28 (GhidraScript)  
INFO  DumpRange.java> 821f4c70 li r28,0x1 (GhidraScript)  
INFO  DumpRange.java> 821f4c74 lbz r11,-0x1(r11) (GhidraScript)  
INFO  DumpRange.java> 821f4c78 cmplwi cr6,r11,0x5c (GhidraScript)  
INFO  DumpRange.java> 821f4c7c beq cr6,0x821f4c84 (GhidraScript)  
INFO  DumpRange.java> 821f4c80 li r28,0x0 (GhidraScript)  
INFO  DumpRange.java> 821f4c84 or r10,r31,r31 (GhidraScript)  
INFO  DumpRange.java> 821f4c88 rlwinm r9,r31,0x0,0x4,0x4 (GhidraScript)  
INFO  DumpRange.java> 821f4c8c rlwimi r10,r31,0x1c,0x4,0x4 (GhidraScript)  
INFO  DumpRange.java> 821f4c90 li r7,-0x3 (GhidraScript)  
INFO  DumpRange.java> 821f4c94 rlwinm r10,r10,0x1f,0x3,0x5 (GhidraScript)  
INFO  DumpRange.java> 821f4c98 rlwinm r8,r31,0x0,0x3,0x3 (GhidraScript)  
INFO  DumpRange.java> 821f4c9c rlwinm r10,r10,0x0,0x5,0x3 (GhidraScript)  
INFO  DumpRange.java> 821f4ca0 rlwinm r11,r31,0x0,0x6,0x6 (GhidraScript)  
INFO  DumpRange.java> 821f4ca4 or r10,r10,r9 (GhidraScript)  
INFO  DumpRange.java> 821f4ca8 stw r7,0x78(r1) (GhidraScript)  
INFO  DumpRange.java> 821f4cac li r7,0x40 (GhidraScript)  
INFO  DumpRange.java> 821f4cb0 rlwinm r10,r10,0x18,0x8,0x1f (GhidraScript)  
INFO  DumpRange.java> 821f4cb4 nor r9,r31,r31 (GhidraScript)  
INFO  DumpRange.java> 821f4cb8 or r10,r10,r8 (GhidraScript)  
INFO  DumpRange.java> 821f4cbc rlwinm r9,r9,0x7,0x1a,0x1a (GhidraScript)  
INFO  DumpRange.java> 821f4cc0 rlwinm r10,r10,0x1a,0x6,0x1f (GhidraScript)  
INFO  DumpRange.java> 821f4cc4 stw r7,0x80(r1) (GhidraScript)  
INFO  DumpRange.java> 821f4cc8 addi r7,r1,0x68 (GhidraScript)  
INFO  DumpRange.java> 821f4ccc or r10,r10,r11 (GhidraScript)  
INFO  DumpRange.java> 821f4cd0 rlwinm r10,r10,0x15,0xb,0x1f (GhidraScript)  
INFO  DumpRange.java> 821f4cd4 rlwinm. r8,r31,0x0,0x5,0x5 (GhidraScript)  
INFO  DumpRange.java> 821f4cd8 stw r7,0x7c(r1) (GhidraScript)  
INFO  DumpRange.java> 821f4cdc or r10,r10,r9 (GhidraScript)  
INFO  DumpRange.java> 821f4ce0 beq 0x821f4cec (GhidraScript)  
INFO  DumpRange.java> 821f4ce4 ori r10,r10,0x1000 (GhidraScript)  
INFO  DumpRange.java> 821f4ce8 oris r29,r29,0x1 (GhidraScript)  
INFO  DumpRange.java> 821f4cec cmplwi cr6,r11,0x0 (GhidraScript)  
INFO  DumpRange.java> 821f4cf0 bne cr6,0x821f4cf8 (GhidraScript)  
INFO  DumpRange.java> 821f4cf4 ori r10,r10,0x40 (GhidraScript)  
INFO  DumpRange.java> 821f4cf8 lis r11,-0x7dc1 (GhidraScript)  
INFO  DumpRange.java> 821f4cfc stw r10,0x54(r1) (GhidraScript)  
INFO  REPORT: Discarding changes to the following read-only file: /default.xex (HeadlessAnalyzer)  
