openjdk version "21.0.11" 2026-04-21
OpenJDK Runtime Environment (build 21.0.11+10-1-26.04.2-Ubuntu)
OpenJDK 64-Bit Server VM (build 21.0.11+10-1-26.04.2-Ubuntu, mixed mode)
INFO  Using log config file: jar:file:/fastdata/lavaulta/auto-re-agent/.tools/ghidra_12.1.2_PUBLIC/Ghidra/Framework/Generic/lib/Generic.jar!/generic.log4j.xml (LoggingInitialization)  
INFO  Using log file: /home/lavaulta/.config/ghidra/ghidra_12.1.2_PUBLIC/application.log (LoggingInitialization)  
INFO  Loading user preferences: /home/lavaulta/.config/ghidra/ghidra_12.1.2_PUBLIC/preferences (Preferences)  
INFO  Searching for classes... (ClassSearcher)  
INFO  Ignoring class 'xexloaderwv.XEXLoaderWVLoader' from '/fastdata/lavaulta/auto-re-agent/.tools/ghidra_12.1.2_PUBLIC/Ghidra/Extensions/XEXLoaderWV/lib/XEXLoaderWV.jar'. Already found at '/fastdata/lavaulta/auto-re-agent/.tools/ghidra_12.1.2_PUBLIC/Ghidra/patch/XEXLoaderWV-java21.jar'. (ClassSearcher)  
INFO  Class search complete (1593 ms) (ClassSearcher)  
INFO  Initializing SSL Context (DefaultSSLContextInitializer)  
INFO  Initializing Random Number Generator... (SecureRandomFactory)  
INFO  Random Number Generator initialization complete: NativePRNGNonBlocking (SecureRandomFactory)  
INFO  Trust manager disabled, cacerts have not been set (DefaultTrustManagerFactory)  
INFO  Headless startup complete (3142 ms) (AnalyzeHeadless)  
INFO  Class searcher loaded 59 extension points (20 false positives) (ClassSearcher)  
INFO  HEADLESS Script Paths:
    /fastdata/lavaulta/auto-re-agent/.tools/ghidra_12.1.2_PUBLIC/Ghidra/Features/MicrosoftCodeAnalyzer/ghidra_scripts
    /fastdata/lavaulta/auto-re-agent/.tools/ghidra_12.1.2_PUBLIC/Ghidra/Features/PDB/ghidra_scripts
    /fastdata/lavaulta/auto-re-agent/.tools/ghidra_12.1.2_PUBLIC/Ghidra/Processors/8051/ghidra_scripts
    /fastdata/lavaulta/auto-re-agent/.tools/ghidra_12.1.2_PUBLIC/Ghidra/Features/Base/ghidra_scripts
    /fastdata/lavaulta/auto-re-agent/workspaces/ace-combat-6/scripts
    /fastdata/lavaulta/auto-re-agent/.tools/ghidra_12.1.2_PUBLIC/Ghidra/Features/FileFormats/ghidra_scripts
    /fastdata/lavaulta/auto-re-agent/.tools/ghidra_12.1.2_PUBLIC/Ghidra/Features/GnuDemangler/ghidra_scripts
    /fastdata/lavaulta/auto-re-agent/.tools/ghidra_12.1.2_PUBLIC/Ghidra/Extensions/ghidra-emotionengine-reloaded/ghidra_scripts
    /fastdata/lavaulta/auto-re-agent/.tools/ghidra_12.1.2_PUBLIC/Ghidra/Features/Decompiler/ghidra_scripts
    /fastdata/lavaulta/auto-re-agent/.tools/ghidra_12.1.2_PUBLIC/Ghidra/Features/FunctionID/ghidra_scripts
    /fastdata/lavaulta/auto-re-agent/.tools/ghidra_12.1.2_PUBLIC/Ghidra/Features/DecompilerDependent/ghidra_scripts
    /fastdata/lavaulta/auto-re-agent/.tools/ghidra_12.1.2_PUBLIC/Ghidra/Processors/DATA/ghidra_scripts
    /fastdata/lavaulta/auto-re-agent/.tools/ghidra_12.1.2_PUBLIC/Ghidra/Debug/Debugger-rmi-trace/ghidra_scripts
    /fastdata/lavaulta/auto-re-agent/.tools/ghidra_12.1.2_PUBLIC/Ghidra/Features/SwiftDemangler/ghidra_scripts
    /fastdata/lavaulta/auto-re-agent/.tools/ghidra_12.1.2_PUBLIC/Ghidra/Debug/Debugger/ghidra_scripts
    /fastdata/lavaulta/auto-re-agent/.tools/ghidra_12.1.2_PUBLIC/Ghidra/Processors/PIC/ghidra_scripts
    /fastdata/lavaulta/auto-re-agent/.tools/ghidra_12.1.2_PUBLIC/Ghidra/Extensions/XEXLoaderWV/ghidra_scripts
    /fastdata/lavaulta/auto-re-agent/.tools/ghidra_12.1.2_PUBLIC/Ghidra/Features/WildcardAssembler/ghidra_scripts
    /fastdata/lavaulta/auto-re-agent/.tools/ghidra_12.1.2_PUBLIC/Ghidra/Features/PyGhidra/ghidra_scripts
    /fastdata/lavaulta/auto-re-agent/.tools/ghidra_12.1.2_PUBLIC/Ghidra/Features/BSim/ghidra_scripts
    /fastdata/lavaulta/auto-re-agent/.tools/ghidra_12.1.2_PUBLIC/Ghidra/Features/VersionTracking/ghidra_scripts
    /fastdata/lavaulta/auto-re-agent/.tools/ghidra_12.1.2_PUBLIC/Ghidra/Features/BytePatterns/ghidra_scripts
    /fastdata/lavaulta/auto-re-agent/.tools/ghidra_12.1.2_PUBLIC/Ghidra/Processors/Atmel/ghidra_scripts
    /fastdata/lavaulta/auto-re-agent/.tools/ghidra_12.1.2_PUBLIC/Ghidra/Features/SystemEmulation/ghidra_scripts
    /fastdata/lavaulta/auto-re-agent/.tools/ghidra_12.1.2_PUBLIC/Ghidra/Processors/JVM/ghidra_scripts (HeadlessAnalyzer)  
INFO  HEADLESS: execution starts (HeadlessAnalyzer)  
INFO  Opening existing project: /fastdata/lavaulta/auto-re-agent/workspaces/ace-combat-6/ghidra-projects/ace-combat-6 (HeadlessAnalyzer)  
INFO  Opening project: /fastdata/lavaulta/auto-re-agent/workspaces/ace-combat-6/ghidra-projects/ace-combat-6 (HeadlessProject)  
INFO  REPORT: Processing read-only project file: /default.xex (HeadlessAnalyzer)  
INFO  REPORT: Execute script: FindDirectCallsTo.java '0x821b9740'  (HeadlessAnalyzer)  
INFO  SCRIPT: /fastdata/lavaulta/auto-re-agent/workspaces/ace-combat-6/scripts/FindDirectCallsTo.java (HeadlessAnalyzer)  
INFO  REPORT: Execute script: FindPpcRawBranchesTo.java '0x821b9740'  (HeadlessAnalyzer)  
INFO  SCRIPT: /fastdata/lavaulta/auto-re-agent/workspaces/ace-combat-6/scripts/FindPpcRawBranchesTo.java (HeadlessAnalyzer)  
INFO  FindPpcRawBranchesTo.java> 821d7a34 -> 0x821b9740 raw=0x4bfe1d0d (GhidraScript)  
INFO  FindPpcRawBranchesTo.java> 821d7a68 -> 0x821b9740 raw=0x4bfe1cd9 (GhidraScript)  
INFO  REPORT: Execute script: DumpRange.java '0x822221f0' '0x82222300'  (HeadlessAnalyzer)  
INFO  SCRIPT: /fastdata/lavaulta/auto-re-agent/workspaces/ace-combat-6/scripts/DumpRange.java (HeadlessAnalyzer)  
INFO  DumpRange.java> 822221f0 lhz r7,0x1c6(r31) (GhidraScript)  
INFO  DumpRange.java> 822221f4 lhz r9,0xa(r9) (GhidraScript)  
INFO  DumpRange.java> 822221f8 stb r8,0xc(r11) (GhidraScript)  
INFO  DumpRange.java> 822221fc subf r9,r9,r7 (GhidraScript)  
INFO  DumpRange.java> 82222200 stw r4,0x4(r11) (GhidraScript)  
INFO  DumpRange.java> 82222204 sth r9,0xa(r11) (GhidraScript)  
INFO  DumpRange.java> 82222208 lwz r9,0x0(r4) (GhidraScript)  
INFO  DumpRange.java> 8222220c stw r9,0x0(r11) (GhidraScript)  
INFO  DumpRange.java> 82222210 stw r11,0x0(r4) (GhidraScript)  
INFO  DumpRange.java> 82222214 lwz r9,0x0(r11) (GhidraScript)  
INFO  DumpRange.java> 82222218 stw r11,0x4(r9) (GhidraScript)  
INFO  DumpRange.java> 8222221c stb r10,0x1c8(r31) (GhidraScript)  
INFO  DumpRange.java> 82222220 stb r10,0x1c9(r31) (GhidraScript)  
INFO  DumpRange.java> 82222224 bl 0x823d6a8c (GhidraScript)  
INFO  DumpRange.java> 82222228 addi r1,r1,0x80 (GhidraScript)  
INFO  DumpRange.java> 8222222c b 0x82382f44 (GhidraScript)  
INFO  DumpRange.java> 82222230 mfspr r12,LR (GhidraScript)  
INFO  DumpRange.java> 82222234 bl 0x82382efc (GhidraScript)  
INFO  DumpRange.java> 82222238 stwu r1,-0x70(r1) (GhidraScript)  
INFO  DumpRange.java> 8222223c lis r11,-0x7d8a (GhidraScript)  
INFO  DumpRange.java> 82222240 or r30,r3,r3 (GhidraScript)  
INFO  DumpRange.java> 82222244 subi r29,r11,0x70cc (GhidraScript)  
INFO  DumpRange.java> 82222248 or r3,r29,r29 (GhidraScript)  
INFO  DumpRange.java> 8222224c bl 0x823d6a7c (GhidraScript)  
INFO  DumpRange.java> 82222250 lbz r11,0x1c8(r30) (GhidraScript)  
INFO  DumpRange.java> 82222254 li r31,0x0 (GhidraScript)  
INFO  DumpRange.java> 82222258 cmplwi cr6,r11,0xff (GhidraScript)  
INFO  DumpRange.java> 8222225c beq cr6,0x8222226c (GhidraScript)  
INFO  DumpRange.java> 82222260 addi r11,r11,0x1 (GhidraScript)  
INFO  DumpRange.java> 82222264 rlwinm r31,r11,0x0,0x18,0x1f (GhidraScript)  
INFO  DumpRange.java> 82222268 stb r31,0x1c8(r30) (GhidraScript)  
INFO  DumpRange.java> 8222226c or r3,r29,r29 (GhidraScript)  
INFO  DumpRange.java> 82222270 bl 0x823d6a8c (GhidraScript)  
INFO  DumpRange.java> 82222274 or r3,r31,r31 (GhidraScript)  
INFO  DumpRange.java> 82222278 addi r1,r1,0x70 (GhidraScript)  
INFO  DumpRange.java> 8222227c b 0x82382f4c (GhidraScript)  
INFO  DumpRange.java> 82222280 mfspr r12,LR (GhidraScript)  
INFO  DumpRange.java> 82222284 bl 0x82382efc (GhidraScript)  
INFO  DumpRange.java> 82222288 stwu r1,-0x70(r1) (GhidraScript)  
INFO  DumpRange.java> 8222228c lis r11,-0x7d8a (GhidraScript)  
INFO  DumpRange.java> 82222290 or r30,r3,r3 (GhidraScript)  
INFO  DumpRange.java> 82222294 subi r31,r11,0x70cc (GhidraScript)  
INFO  DumpRange.java> 82222298 or r29,r4,r4 (GhidraScript)  
INFO  DumpRange.java> 8222229c or r3,r31,r31 (GhidraScript)  
INFO  DumpRange.java> 822222a0 bl 0x823d6a7c (GhidraScript)  
INFO  DumpRange.java> 822222a4 or r3,r31,r31 (GhidraScript)  
INFO  DumpRange.java> 822222a8 stb r29,0x1c9(r30) (GhidraScript)  
INFO  DumpRange.java> 822222ac bl 0x823d6a8c (GhidraScript)  
INFO  DumpRange.java> 822222b0 addi r1,r1,0x70 (GhidraScript)  
INFO  DumpRange.java> 822222b4 b 0x82382f4c (GhidraScript)  
INFO  DumpRange.java> 822222b8 mfspr r12,LR (GhidraScript)  
INFO  DumpRange.java> 822222bc stw r12,-0x8(r1) (GhidraScript)  
INFO  DumpRange.java> 822222c0 std r30,-0x18(r1) (GhidraScript)  
INFO  DumpRange.java> 822222c4 std r31,-0x10(r1) (GhidraScript)  
INFO  DumpRange.java> 822222c8 stwu r1,-0x70(r1) (GhidraScript)  
INFO  DumpRange.java> 822222cc lis r11,-0x7d8a (GhidraScript)  
INFO  DumpRange.java> 822222d0 or r31,r3,r3 (GhidraScript)  
INFO  DumpRange.java> 822222d4 subi r30,r11,0x70cc (GhidraScript)  
INFO  DumpRange.java> 822222d8 or r3,r30,r30 (GhidraScript)  
INFO  DumpRange.java> 822222dc bl 0x823d6a7c (GhidraScript)  
INFO  DumpRange.java> 822222e0 lwz r11,0x34(r31) (GhidraScript)  
INFO  DumpRange.java> 822222e4 addi r9,r31,0x44 (GhidraScript)  
INFO  DumpRange.java> 822222e8 li r31,0x0 (GhidraScript)  
INFO  DumpRange.java> 822222ec cmplw cr6,r11,r9 (GhidraScript)  
INFO  DumpRange.java> 822222f0 beq cr6,0x82222318 (GhidraScript)  
INFO  DumpRange.java> 822222f4 lhz r10,0xa(r11) (GhidraScript)  
INFO  DumpRange.java> 822222f8 rlwinm r8,r31,0x0,0x10,0x1f (GhidraScript)  
INFO  DumpRange.java> 822222fc or r7,r10,r10 (GhidraScript)  
INFO  REPORT: Execute script: DecompileAt.java '0x821b9740'  (HeadlessAnalyzer)  
INFO  SCRIPT: /fastdata/lavaulta/auto-re-agent/workspaces/ace-combat-6/scripts/DecompileAt.java (HeadlessAnalyzer)  
INFO  DecompileAt.java> FUNCTION 821b9740 Function_821B9740 (GhidraScript)  
INFO  DecompileAt.java> 
void Function_821B9740(void)

{
                    /* WARNING: Subroutine does not return */
  FUN_82382ef8();
}

 (GhidraScript)  
INFO  REPORT: Execute script: DecompileAt.java '0x82222230'  (HeadlessAnalyzer)  
INFO  SCRIPT: /fastdata/lavaulta/auto-re-agent/workspaces/ace-combat-6/scripts/DecompileAt.java (HeadlessAnalyzer)  
INFO  DecompileAt.java> FUNCTION 82222230 Function_82222230 (GhidraScript)  
INFO  DecompileAt.java> 
void Function_82222230(void)

{
                    /* WARNING: Subroutine does not return */
  FUN_82382efc();
}

 (GhidraScript)  
INFO  REPORT: Discarding changes to the following read-only file: /default.xex (HeadlessAnalyzer)  
