openjdk version "21.0.11" 2026-04-21
OpenJDK Runtime Environment (build 21.0.11+10-1-26.04.2-Ubuntu)
OpenJDK 64-Bit Server VM (build 21.0.11+10-1-26.04.2-Ubuntu, mixed mode)
INFO  Using log config file: jar:file:/fastdata/lavaulta/auto-re-agent/.tools/ghidra_12.1.2_PUBLIC/Ghidra/Framework/Generic/lib/Generic.jar!/generic.log4j.xml (LoggingInitialization)  
INFO  Using log file: /home/lavaulta/.config/ghidra/ghidra_12.1.2_PUBLIC/application.log (LoggingInitialization)  
INFO  Loading user preferences: /home/lavaulta/.config/ghidra/ghidra_12.1.2_PUBLIC/preferences (Preferences)  
INFO  Searching for classes... (ClassSearcher)  
INFO  Ignoring class 'xexloaderwv.XEXLoaderWVLoader' from '/fastdata/lavaulta/auto-re-agent/.tools/ghidra_12.1.2_PUBLIC/Ghidra/Extensions/XEXLoaderWV/lib/XEXLoaderWV.jar'. Already found at '/fastdata/lavaulta/auto-re-agent/.tools/ghidra_12.1.2_PUBLIC/Ghidra/patch/XEXLoaderWV-java21.jar'. (ClassSearcher)  
INFO  Class search complete (1450 ms) (ClassSearcher)  
INFO  Initializing SSL Context (DefaultSSLContextInitializer)  
INFO  Initializing Random Number Generator... (SecureRandomFactory)  
INFO  Random Number Generator initialization complete: NativePRNGNonBlocking (SecureRandomFactory)  
INFO  Trust manager disabled, cacerts have not been set (DefaultTrustManagerFactory)  
INFO  Headless startup complete (2982 ms) (AnalyzeHeadless)  
INFO  Class searcher loaded 59 extension points (20 false positives) (ClassSearcher)  
INFO  HEADLESS Script Paths:
    /fastdata/lavaulta/auto-re-agent/.tools/ghidra_12.1.2_PUBLIC/Ghidra/Features/MicrosoftCodeAnalyzer/ghidra_scripts
    /fastdata/lavaulta/auto-re-agent/.tools/ghidra_12.1.2_PUBLIC/Ghidra/Features/PDB/ghidra_scripts
    /fastdata/lavaulta/auto-re-agent/.tools/ghidra_12.1.2_PUBLIC/Ghidra/Processors/8051/ghidra_scripts
    /fastdata/lavaulta/auto-re-agent/.tools/ghidra_12.1.2_PUBLIC/Ghidra/Features/Base/ghidra_scripts
    /fastdata/lavaulta/auto-re-agent/workspaces/ace-combat-6/scripts
    /fastdata/lavaulta/auto-re-agent/.tools/ghidra_12.1.2_PUBLIC/Ghidra/Features/FileFormats/ghidra_scripts
    /fastdata/lavaulta/auto-re-agent/.tools/ghidra_12.1.2_PUBLIC/Ghidra/Features/GnuDemangler/ghidra_scripts
    /fastdata/lavaulta/auto-re-agent/.tools/ghidra_12.1.2_PUBLIC/Ghidra/Extensions/ghidra-emotionengine-reloaded/ghidra_scripts
    /fastdata/lavaulta/auto-re-agent/.tools/ghidra_12.1.2_PUBLIC/Ghidra/Features/Decompiler/ghidra_scripts
    /fastdata/lavaulta/auto-re-agent/.tools/ghidra_12.1.2_PUBLIC/Ghidra/Features/FunctionID/ghidra_scripts
    /fastdata/lavaulta/auto-re-agent/.tools/ghidra_12.1.2_PUBLIC/Ghidra/Features/DecompilerDependent/ghidra_scripts
    /fastdata/lavaulta/auto-re-agent/.tools/ghidra_12.1.2_PUBLIC/Ghidra/Processors/DATA/ghidra_scripts
    /fastdata/lavaulta/auto-re-agent/.tools/ghidra_12.1.2_PUBLIC/Ghidra/Debug/Debugger-rmi-trace/ghidra_scripts
    /fastdata/lavaulta/auto-re-agent/.tools/ghidra_12.1.2_PUBLIC/Ghidra/Features/SwiftDemangler/ghidra_scripts
    /fastdata/lavaulta/auto-re-agent/.tools/ghidra_12.1.2_PUBLIC/Ghidra/Debug/Debugger/ghidra_scripts
    /fastdata/lavaulta/auto-re-agent/.tools/ghidra_12.1.2_PUBLIC/Ghidra/Processors/PIC/ghidra_scripts
    /fastdata/lavaulta/auto-re-agent/.tools/ghidra_12.1.2_PUBLIC/Ghidra/Extensions/XEXLoaderWV/ghidra_scripts
    /fastdata/lavaulta/auto-re-agent/.tools/ghidra_12.1.2_PUBLIC/Ghidra/Features/WildcardAssembler/ghidra_scripts
    /fastdata/lavaulta/auto-re-agent/.tools/ghidra_12.1.2_PUBLIC/Ghidra/Features/PyGhidra/ghidra_scripts
    /fastdata/lavaulta/auto-re-agent/.tools/ghidra_12.1.2_PUBLIC/Ghidra/Features/BSim/ghidra_scripts
    /fastdata/lavaulta/auto-re-agent/.tools/ghidra_12.1.2_PUBLIC/Ghidra/Features/VersionTracking/ghidra_scripts
    /fastdata/lavaulta/auto-re-agent/.tools/ghidra_12.1.2_PUBLIC/Ghidra/Features/BytePatterns/ghidra_scripts
    /fastdata/lavaulta/auto-re-agent/.tools/ghidra_12.1.2_PUBLIC/Ghidra/Processors/Atmel/ghidra_scripts
    /fastdata/lavaulta/auto-re-agent/.tools/ghidra_12.1.2_PUBLIC/Ghidra/Features/SystemEmulation/ghidra_scripts
    /fastdata/lavaulta/auto-re-agent/.tools/ghidra_12.1.2_PUBLIC/Ghidra/Processors/JVM/ghidra_scripts (HeadlessAnalyzer)  
INFO  HEADLESS: execution starts (HeadlessAnalyzer)  
INFO  Opening existing project: /fastdata/lavaulta/auto-re-agent/workspaces/ace-combat-6/ghidra-projects/ace-combat-6 (HeadlessAnalyzer)  
INFO  Opening project: /fastdata/lavaulta/auto-re-agent/workspaces/ace-combat-6/ghidra-projects/ace-combat-6 (HeadlessProject)  
INFO  REPORT: Processing read-only project file: /default.xex (HeadlessAnalyzer)  
INFO  REPORT: Execute script: ReferencesTo.java '0x8293ba10'  (HeadlessAnalyzer)  
INFO  SCRIPT: /fastdata/lavaulta/auto-re-agent/workspaces/ace-combat-6/scripts/ReferencesTo.java (HeadlessAnalyzer)  
INFO  ReferencesTo.java> 82193ae8 READ (GhidraScript)  
INFO  ReferencesTo.java> 82193b14 READ (GhidraScript)  
INFO  ReferencesTo.java> 821cbb70 READ (GhidraScript)  
INFO  ReferencesTo.java> 821b3dc0 READ (GhidraScript)  
INFO  ReferencesTo.java> 821b3d88 READ (GhidraScript)  
INFO  ReferencesTo.java> 821b3d50 READ (GhidraScript)  
INFO  ReferencesTo.java> 821b3d18 READ (GhidraScript)  
INFO  ReferencesTo.java> 82163440 READ (GhidraScript)  
INFO  ReferencesTo.java> 8219a3fc READ (GhidraScript)  
INFO  ReferencesTo.java> 8219a454 READ (GhidraScript)  
INFO  ReferencesTo.java> 8219a4ac READ (GhidraScript)  
INFO  ReferencesTo.java> 821b1bc8 READ (GhidraScript)  
INFO  ReferencesTo.java> 821b1e00 READ (GhidraScript)  
INFO  ReferencesTo.java> 82199214 READ (GhidraScript)  
INFO  ReferencesTo.java> 821a9208 READ (GhidraScript)  
INFO  ReferencesTo.java> 82159750 READ (GhidraScript)  
INFO  ReferencesTo.java> 8219178c READ (GhidraScript)  
INFO  ReferencesTo.java> 821917b8 READ (GhidraScript)  
INFO  ReferencesTo.java> 82191484 READ (GhidraScript)  
INFO  ReferencesTo.java> 82141d94 READ (GhidraScript)  
INFO  ReferencesTo.java> 8209083c READ (GhidraScript)  
INFO  ReferencesTo.java> 8219894c READ (GhidraScript)  
INFO  ReferencesTo.java> 82198988 READ (GhidraScript)  
INFO  ReferencesTo.java> 8218899c READ (GhidraScript)  
INFO  ReferencesTo.java> 821a8ec8 READ (GhidraScript)  
INFO  ReferencesTo.java> 82198fe4 READ (GhidraScript)  
INFO  ReferencesTo.java> 82198d80 READ (GhidraScript)  
INFO  ReferencesTo.java> 82198dac READ (GhidraScript)  
INFO  ReferencesTo.java> 821413fc READ (GhidraScript)  
INFO  ReferencesTo.java> 821413d0 READ (GhidraScript)  
INFO  ReferencesTo.java> 821413ac READ (GhidraScript)  
INFO  ReferencesTo.java> 82188224 READ (GhidraScript)  
INFO  ReferencesTo.java> 82198098 READ (GhidraScript)  
INFO  ReferencesTo.java> 82198114 READ (GhidraScript)  
INFO  ReferencesTo.java> 821b00c8 READ (GhidraScript)  
INFO  ReferencesTo.java> 821b0194 READ (GhidraScript)  
INFO  ReferencesTo.java> 821900f8 READ (GhidraScript)  
INFO  ReferencesTo.java> 82190124 READ (GhidraScript)  
INFO  ReferencesTo.java> 821982c8 READ (GhidraScript)  
INFO  ReferencesTo.java> 821982f4 READ (GhidraScript)  
INFO  ReferencesTo.java> 821b0230 READ (GhidraScript)  
INFO  ReferencesTo.java> 821b02dc READ (GhidraScript)  
INFO  ReferencesTo.java> 821b0484 READ (GhidraScript)  
INFO  ReferencesTo.java> 821b0518 READ (GhidraScript)  
INFO  ReferencesTo.java> 821b058c READ (GhidraScript)  
INFO  ReferencesTo.java> 820a8604 READ (GhidraScript)  
INFO  ReferencesTo.java> 82197bbc READ (GhidraScript)  
INFO  ReferencesTo.java> 82187c04 READ (GhidraScript)  
INFO  ReferencesTo.java> 821afc14 READ (GhidraScript)  
INFO  ReferencesTo.java> 821afc48 READ (GhidraScript)  
INFO  ReferencesTo.java> 8218f928 READ (GhidraScript)  
INFO  ReferencesTo.java> 8218f954 READ (GhidraScript)  
INFO  ReferencesTo.java> 821a79f0 READ (GhidraScript)  
INFO  ReferencesTo.java> 821a7a1c READ (GhidraScript)  
INFO  ReferencesTo.java> 8218fa1c READ (GhidraScript)  
INFO  ReferencesTo.java> 821afe84 READ (GhidraScript)  
INFO  ReferencesTo.java> 821aff04 READ (GhidraScript)  
INFO  ReferencesTo.java> 82198004 READ (GhidraScript)  
INFO  ReferencesTo.java> 82197cd8 READ (GhidraScript)  
INFO  ReferencesTo.java> 82197d4c READ (GhidraScript)  
INFO  ReferencesTo.java> 821afcec READ (GhidraScript)  
INFO  ReferencesTo.java> 821afd40 READ (GhidraScript)  
INFO  ReferencesTo.java> 821af310 READ (GhidraScript)  
INFO  ReferencesTo.java> 8219713c READ (GhidraScript)  
INFO  ReferencesTo.java> 821af5bc READ (GhidraScript)  
INFO  ReferencesTo.java> 821af5c8 READ (GhidraScript)  
INFO  ReferencesTo.java> 821875f8 READ (GhidraScript)  
INFO  ReferencesTo.java> 82196eac READ (GhidraScript)  
INFO  ReferencesTo.java> 82186f14 READ (GhidraScript)  
INFO  ReferencesTo.java> 821aec9c READ (GhidraScript)  
INFO  ReferencesTo.java> 821aecd0 READ (GhidraScript)  
INFO  ReferencesTo.java> 82196d54 READ (GhidraScript)  
INFO  ReferencesTo.java> 82196d74 READ (GhidraScript)  
INFO  ReferencesTo.java> 82196db8 READ (GhidraScript)  
INFO  ReferencesTo.java> 821ae700 READ (GhidraScript)  
INFO  ReferencesTo.java> 821ae638 READ (GhidraScript)  
INFO  ReferencesTo.java> 821ae5d8 READ (GhidraScript)  
INFO  ReferencesTo.java> 821ae590 READ (GhidraScript)  
INFO  ReferencesTo.java> 821ae548 READ (GhidraScript)  
INFO  ReferencesTo.java> 821a606c READ (GhidraScript)  
INFO  ReferencesTo.java> 821ae0d0 READ (GhidraScript)  
INFO  ReferencesTo.java> 821a60a0 READ (GhidraScript)  
INFO  ReferencesTo.java> 821ae0fc READ (GhidraScript)  
INFO  ReferencesTo.java> 821ae158 READ (GhidraScript)  
INFO  ReferencesTo.java> 821ae1d0 READ (GhidraScript)  
INFO  ReferencesTo.java> 82096714 READ (GhidraScript)  
INFO  ReferencesTo.java> 821b66b0 READ (GhidraScript)  
INFO  ReferencesTo.java> 821b675c READ (GhidraScript)  
INFO  ReferencesTo.java> 8219673c READ (GhidraScript)  
INFO  ReferencesTo.java> 82196790 READ (GhidraScript)  
INFO  ReferencesTo.java> 82096774 READ (GhidraScript)  
INFO  ReferencesTo.java> 821a64a4 READ (GhidraScript)  
INFO  ReferencesTo.java> 821a64d0 READ (GhidraScript)  
INFO  ReferencesTo.java> 82196448 READ (GhidraScript)  
INFO  ReferencesTo.java> 821a65dc READ (GhidraScript)  
INFO  ReferencesTo.java> 821a6604 READ (GhidraScript)  
INFO  ReferencesTo.java> 821a6618 READ (GhidraScript)  
INFO  ReferencesTo.java> 82096620 READ (GhidraScript)  
INFO  ReferencesTo.java> 821b5abc READ (GhidraScript)  
INFO  ReferencesTo.java> 821b5840 READ (GhidraScript)  
INFO  ReferencesTo.java> 821b5874 READ (GhidraScript)  
INFO  ReferencesTo.java> 821b58d4 READ (GhidraScript)  
INFO  ReferencesTo.java> 821ade4c READ (GhidraScript)  
INFO  ReferencesTo.java> 821aded4 READ (GhidraScript)  
INFO  ReferencesTo.java> 821adf08 READ (GhidraScript)  
INFO  ReferencesTo.java> 82195e6c READ (GhidraScript)  
INFO  ReferencesTo.java> 821b5e7c READ (GhidraScript)  
INFO  ReferencesTo.java> 821b5eb0 READ (GhidraScript)  
INFO  ReferencesTo.java> 821a5ed0 READ (GhidraScript)  
INFO  ReferencesTo.java> 821b5fcc READ (GhidraScript)  
INFO  ReferencesTo.java> 821b6020 READ (GhidraScript)  
INFO  ReferencesTo.java> 821b5c64 READ (GhidraScript)  
INFO  ReferencesTo.java> 821b5c90 READ (GhidraScript)  
INFO  ReferencesTo.java> 82195c94 READ (GhidraScript)  
INFO  ReferencesTo.java> 821a5d4c READ (GhidraScript)  
INFO  ReferencesTo.java> 821a5d78 READ (GhidraScript)  
INFO  ReferencesTo.java> 82195d1c READ (GhidraScript)  
INFO  ReferencesTo.java> 82195dcc READ (GhidraScript)  
INFO  ReferencesTo.java> 821a5e00 READ (GhidraScript)  
INFO  ReferencesTo.java> 82195e1c READ (GhidraScript)  
INFO  ReferencesTo.java> 821a52b8 READ (GhidraScript)  
INFO  ReferencesTo.java> 821b5464 READ (GhidraScript)  
INFO  ReferencesTo.java> 821b56d8 READ (GhidraScript)  
INFO  ReferencesTo.java> 8218d6f4 READ (GhidraScript)  
INFO  ReferencesTo.java> 821b574c READ (GhidraScript)  
INFO  ReferencesTo.java> 821a57d8 READ (GhidraScript)  
INFO  ReferencesTo.java> 821a5838 READ (GhidraScript)  
INFO  ReferencesTo.java> 821b5610 READ (GhidraScript)  
INFO  ReferencesTo.java> 8218d5c8 READ (GhidraScript)  
INFO  ReferencesTo.java> 82124a34 READ (GhidraScript)  
INFO  ReferencesTo.java> 82124b58 READ (GhidraScript)  
INFO  ReferencesTo.java> 8212cf4c READ (GhidraScript)  
INFO  ReferencesTo.java> 8212cf94 READ (GhidraScript)  
INFO  ReferencesTo.java> 821a5068 READ (GhidraScript)  
INFO  ReferencesTo.java> 821a5094 READ (GhidraScript)  
INFO  ReferencesTo.java> 821a4c54 READ (GhidraScript)  
INFO  ReferencesTo.java> 821a4c88 READ (GhidraScript)  
INFO  ReferencesTo.java> 8218ce7c READ (GhidraScript)  
INFO  ReferencesTo.java> 8218cea8 READ (GhidraScript)  
INFO  ReferencesTo.java> 821ac3ec READ (GhidraScript)  
INFO  ReferencesTo.java> 821946ac READ (GhidraScript)  
INFO  ReferencesTo.java> 82194664 READ (GhidraScript)  
INFO  ReferencesTo.java> 821b44d4 READ (GhidraScript)  
INFO  ReferencesTo.java> 82164550 READ (GhidraScript)  
INFO  ReferencesTo.java> 8212c908 READ (GhidraScript)  
INFO  ReferencesTo.java> 8212c930 READ (GhidraScript)  
INFO  ReferencesTo.java> 8212d08c READ (GhidraScript)  
INFO  ReferencesTo.java> 8212d0a8 READ (GhidraScript)  
INFO  ReferencesTo.java> 82133c8c READ (GhidraScript)  
INFO  ReferencesTo.java> 82133cf8 READ (GhidraScript)  
INFO  ReferencesTo.java> 8214805c READ (GhidraScript)  
INFO  ReferencesTo.java> 821480ac READ (GhidraScript)  
INFO  ReferencesTo.java> 82148114 READ (GhidraScript)  
INFO  ReferencesTo.java> 8215a070 READ (GhidraScript)  
INFO  ReferencesTo.java> 8215a080 READ (GhidraScript)  
INFO  ReferencesTo.java> 8215a0c8 READ (GhidraScript)  
INFO  ReferencesTo.java> 8215a11c READ (GhidraScript)  
INFO  ReferencesTo.java> 8215a154 READ (GhidraScript)  
INFO  ReferencesTo.java> 8215a220 READ (GhidraScript)  
INFO  ReferencesTo.java> 8215a2ac READ (GhidraScript)  
INFO  ReferencesTo.java> 8215a2e0 READ (GhidraScript)  
INFO  ReferencesTo.java> 8215a2f8 READ (GhidraScript)  
INFO  ReferencesTo.java> 821865b8 READ (GhidraScript)  
INFO  ReferencesTo.java> 821865e4 READ (GhidraScript)  
INFO  ReferencesTo.java> 82186614 READ (GhidraScript)  
INFO  ReferencesTo.java> 82186638 READ (GhidraScript)  
INFO  ReferencesTo.java> 821866b4 READ (GhidraScript)  
INFO  ReferencesTo.java> 821866d4 READ (GhidraScript)  
INFO  ReferencesTo.java> 82186704 READ (GhidraScript)  
INFO  ReferencesTo.java> 82186778 READ (GhidraScript)  
INFO  ReferencesTo.java> 821867b0 READ (GhidraScript)  
INFO  ReferencesTo.java> 821867e0 READ (GhidraScript)  
INFO  ReferencesTo.java> 82186840 READ (GhidraScript)  
INFO  ReferencesTo.java> 82186870 READ (GhidraScript)  
INFO  ReferencesTo.java> 821868a0 READ (GhidraScript)  
INFO  ReferencesTo.java> 821868c4 READ (GhidraScript)  
INFO  ReferencesTo.java> 82186970 READ (GhidraScript)  
INFO  ReferencesTo.java> 821869a4 READ (GhidraScript)  
INFO  ReferencesTo.java> 821869dc READ (GhidraScript)  
INFO  ReferencesTo.java> 82186a0c READ (GhidraScript)  
INFO  ReferencesTo.java> 821b75fc READ (GhidraScript)  
INFO  ReferencesTo.java> 821b7774 READ (GhidraScript)  
INFO  ReferencesTo.java> 821b79c0 READ (GhidraScript)  
INFO  ReferencesTo.java> 821b8234 READ (GhidraScript)  
INFO  ReferencesTo.java> 821b8464 READ (GhidraScript)  
INFO  ReferencesTo.java> 821b95c0 WRITE (GhidraScript)  
INFO  ReferencesTo.java> 821bb29c READ (GhidraScript)  
INFO  ReferencesTo.java> 821bb2cc READ (GhidraScript)  
INFO  ReferencesTo.java> 821bb304 READ (GhidraScript)  
INFO  ReferencesTo.java> 821ce22c READ (GhidraScript)  
INFO  ReferencesTo.java> 821594ac READ (GhidraScript)  
INFO  ReferencesTo.java> 8215935c READ (GhidraScript)  
INFO  ReferencesTo.java> 82159414 READ (GhidraScript)  
INFO  ReferencesTo.java> 82159444 READ (GhidraScript)  
INFO  ReferencesTo.java> 82159624 READ (GhidraScript)  
INFO  ReferencesTo.java> 8218d030 READ (GhidraScript)  
INFO  ReferencesTo.java> 8218d050 READ (GhidraScript)  
INFO  ReferencesTo.java> 82190708 READ (GhidraScript)  
INFO  ReferencesTo.java> 82190728 READ (GhidraScript)  
INFO  ReferencesTo.java> 821913a0 READ (GhidraScript)  
INFO  ReferencesTo.java> 8219202c READ (GhidraScript)  
INFO  ReferencesTo.java> 82192280 READ (GhidraScript)  
INFO  ReferencesTo.java> 821922a0 READ (GhidraScript)  
INFO  ReferencesTo.java> 821945c4 READ (GhidraScript)  
INFO  ReferencesTo.java> 8219640c READ (GhidraScript)  
INFO  ReferencesTo.java> 82196f08 READ (GhidraScript)  
INFO  ReferencesTo.java> 82196f28 READ (GhidraScript)  
INFO  ReferencesTo.java> 82197198 READ (GhidraScript)  
INFO  ReferencesTo.java> 821971b8 READ (GhidraScript)  
INFO  ReferencesTo.java> 82197e00 READ (GhidraScript)  
INFO  ReferencesTo.java> 82197e20 READ (GhidraScript)  
INFO  ReferencesTo.java> 82198670 READ (GhidraScript)  
INFO  ReferencesTo.java> 82198690 READ (GhidraScript)  
INFO  ReferencesTo.java> 82198e78 READ (GhidraScript)  
INFO  ReferencesTo.java> 82199040 READ (GhidraScript)  
INFO  ReferencesTo.java> 82199060 READ (GhidraScript)  
INFO  ReferencesTo.java> 82199288 READ (GhidraScript)  
INFO  ReferencesTo.java> 82199e88 READ (GhidraScript)  
INFO  ReferencesTo.java> 821a50e4 READ (GhidraScript)  
INFO  ReferencesTo.java> 821a543c READ (GhidraScript)  
INFO  ReferencesTo.java> 821a54e0 READ (GhidraScript)  
INFO  ReferencesTo.java> 821a5524 READ (GhidraScript)  
INFO  ReferencesTo.java> 821a561c READ (GhidraScript)  
INFO  ReferencesTo.java> 821a67d8 READ (GhidraScript)  
INFO  ReferencesTo.java> 821a67f8 READ (GhidraScript)  
INFO  ReferencesTo.java> 821a7a80 READ (GhidraScript)  
INFO  ReferencesTo.java> 821a7aa0 READ (GhidraScript)  
INFO  ReferencesTo.java> 821a7ca0 READ (GhidraScript)  
INFO  ReferencesTo.java> 821aa860 READ (GhidraScript)  
INFO  ReferencesTo.java> 821aa880 READ (GhidraScript)  
INFO  ReferencesTo.java> 821aa928 READ (GhidraScript)  
INFO  ReferencesTo.java> 821aa948 READ (GhidraScript)  
INFO  ReferencesTo.java> 821ac338 READ (GhidraScript)  
INFO  ReferencesTo.java> 821ac358 READ (GhidraScript)  
INFO  ReferencesTo.java> 821af680 READ (GhidraScript)  
INFO  ReferencesTo.java> 821b03ac READ (GhidraScript)  
INFO  ReferencesTo.java> 821b0ef8 READ (GhidraScript)  
INFO  ReferencesTo.java> 821b0f18 READ (GhidraScript)  
INFO  ReferencesTo.java> 821b1130 READ (GhidraScript)  
INFO  ReferencesTo.java> 821b1150 READ (GhidraScript)  
INFO  ReferencesTo.java> 821b1c90 READ (GhidraScript)  
INFO  ReferencesTo.java> 821b1cb0 READ (GhidraScript)  
INFO  ReferencesTo.java> 821b54cc READ (GhidraScript)  
INFO  ReferencesTo.java> 821b5ce4 READ (GhidraScript)  
INFO  ReferencesTo.java> 821b6140 READ (GhidraScript)  
INFO  ReferencesTo.java> 8218f2b4 READ (GhidraScript)  
INFO  ReferencesTo.java> 8218f2cc READ (GhidraScript)  
INFO  ReferencesTo.java> 8218f2e4 READ (GhidraScript)  
INFO  ReferencesTo.java> 82190174 READ (GhidraScript)  
INFO  ReferencesTo.java> 821901a4 READ (GhidraScript)  
INFO  ReferencesTo.java> 821901ec READ (GhidraScript)  
INFO  ReferencesTo.java> 8219021c READ (GhidraScript)  
INFO  ReferencesTo.java> 8219024c READ (GhidraScript)  
INFO  ReferencesTo.java> 8219027c READ (GhidraScript)  
INFO  ReferencesTo.java> 82192044 READ (GhidraScript)  
INFO  ReferencesTo.java> 821964e4 READ (GhidraScript)  
INFO  ReferencesTo.java> 82196f48 READ (GhidraScript)  
INFO  ReferencesTo.java> 82196f68 READ (GhidraScript)  
INFO  ReferencesTo.java> 821971d8 READ (GhidraScript)  
INFO  ReferencesTo.java> 821971f8 READ (GhidraScript)  
INFO  ReferencesTo.java> 82197e40 READ (GhidraScript)  
INFO  ReferencesTo.java> 82197e60 READ (GhidraScript)  
INFO  ReferencesTo.java> 821986c8 READ (GhidraScript)  
INFO  ReferencesTo.java> 82198ee0 READ (GhidraScript)  
INFO  ReferencesTo.java> 82199098 READ (GhidraScript)  
INFO  ReferencesTo.java> 821993c8 READ (GhidraScript)  
INFO  ReferencesTo.java> 821a5574 READ (GhidraScript)  
INFO  ReferencesTo.java> 821a566c READ (GhidraScript)  
INFO  ReferencesTo.java> 821a56bc READ (GhidraScript)  
INFO  ReferencesTo.java> 821a7ac0 READ (GhidraScript)  
INFO  ReferencesTo.java> 821a7ae0 READ (GhidraScript)  
INFO  ReferencesTo.java> 821a7b00 READ (GhidraScript)  
INFO  ReferencesTo.java> 821a7b20 READ (GhidraScript)  
INFO  ReferencesTo.java> 821a7b40 READ (GhidraScript)  
INFO  ReferencesTo.java> 821a7b60 READ (GhidraScript)  
INFO  ReferencesTo.java> 821a7b80 READ (GhidraScript)  
INFO  ReferencesTo.java> 821a7ba0 READ (GhidraScript)  
INFO  ReferencesTo.java> 821a7bc0 READ (GhidraScript)  
INFO  ReferencesTo.java> 821a7be0 READ (GhidraScript)  
INFO  ReferencesTo.java> 821a7c00 READ (GhidraScript)  
INFO  ReferencesTo.java> 821a7c20 READ (GhidraScript)  
INFO  ReferencesTo.java> 821b0f38 READ (GhidraScript)  
INFO  ReferencesTo.java> 821b0f58 READ (GhidraScript)  
INFO  ReferencesTo.java> 821b61a8 READ (GhidraScript)  
INFO  ReferencesTo.java> 821b6220 READ (GhidraScript)  
INFO  ReferencesTo.java> 821b6e44 READ (GhidraScript)  
INFO  ReferencesTo.java> 82098b2c READ (GhidraScript)  
INFO  ReferencesTo.java> 8212c9cc READ (GhidraScript)  
INFO  ReferencesTo.java> 8215f068 READ (GhidraScript)  
INFO  ReferencesTo.java> 82185904 READ (GhidraScript)  
INFO  ReferencesTo.java> 82185940 READ (GhidraScript)  
INFO  ReferencesTo.java> 82185954 READ (GhidraScript)  
INFO  ReferencesTo.java> 82185970 READ (GhidraScript)  
INFO  ReferencesTo.java> 8218c28c READ (GhidraScript)  
INFO  ReferencesTo.java> 8218c2d8 READ (GhidraScript)  
INFO  ReferencesTo.java> 8218c310 READ (GhidraScript)  
INFO  ReferencesTo.java> 8218c328 READ (GhidraScript)  
INFO  ReferencesTo.java> 8218c550 READ (GhidraScript)  
INFO  ReferencesTo.java> 8218c6b8 READ (GhidraScript)  
INFO  ReferencesTo.java> 8218c81c READ (GhidraScript)  
INFO  ReferencesTo.java> 8218c900 READ (GhidraScript)  
INFO  ReferencesTo.java> 8218cc70 READ (GhidraScript)  
INFO  ReferencesTo.java> 82190e48 READ (GhidraScript)  
INFO  ReferencesTo.java> 82190ecc READ (GhidraScript)  
INFO  ReferencesTo.java> 82192adc READ (GhidraScript)  
INFO  ReferencesTo.java> 82192bc8 READ (GhidraScript)  
INFO  ReferencesTo.java> 82192fc4 READ (GhidraScript)  
INFO  ReferencesTo.java> 82193020 READ (GhidraScript)  
INFO  ReferencesTo.java> 821936e4 READ (GhidraScript)  
INFO  ReferencesTo.java> 82193798 READ (GhidraScript)  
INFO  ReferencesTo.java> 821953e0 READ (GhidraScript)  
INFO  ReferencesTo.java> 8219541c READ (GhidraScript)  
INFO  ReferencesTo.java> 82195224 READ (GhidraScript)  
INFO  ReferencesTo.java> 82195468 READ (GhidraScript)  
INFO  ReferencesTo.java> 8219549c READ (GhidraScript)  
INFO  ReferencesTo.java> 821956e4 READ (GhidraScript)  
INFO  ReferencesTo.java> 82195710 READ (GhidraScript)  
INFO  ReferencesTo.java> 82196b70 READ (GhidraScript)  
INFO  ReferencesTo.java> 8219d3a4 READ (GhidraScript)  
INFO  ReferencesTo.java> 821a0e90 READ (GhidraScript)  
INFO  ReferencesTo.java> 821a715c READ (GhidraScript)  
INFO  ReferencesTo.java> 821a7224 READ (GhidraScript)  
INFO  ReferencesTo.java> 821a7594 READ (GhidraScript)  
INFO  ReferencesTo.java> 821a7630 READ (GhidraScript)  
INFO  ReferencesTo.java> 821a76d0 READ (GhidraScript)  
INFO  ReferencesTo.java> 821a76f8 READ (GhidraScript)  
INFO  ReferencesTo.java> 821a7758 READ (GhidraScript)  
INFO  ReferencesTo.java> 821a7768 READ (GhidraScript)  
INFO  ReferencesTo.java> 821a7890 READ (GhidraScript)  
INFO  ReferencesTo.java> 821a7910 READ (GhidraScript)  
INFO  ReferencesTo.java> 821a8328 READ (GhidraScript)  
INFO  ReferencesTo.java> 821a8360 READ (GhidraScript)  
INFO  ReferencesTo.java> 821a8a1c READ (GhidraScript)  
INFO  ReferencesTo.java> 821a8a54 READ (GhidraScript)  
INFO  ReferencesTo.java> 821aa79c READ (GhidraScript)  
INFO  ReferencesTo.java> 821aeab0 READ (GhidraScript)  
INFO  ReferencesTo.java> 821aeae4 READ (GhidraScript)  
INFO  ReferencesTo.java> 821ae860 READ (GhidraScript)  
INFO  ReferencesTo.java> 821ae888 READ (GhidraScript)  
INFO  ReferencesTo.java> 821ae8e4 READ (GhidraScript)  
INFO  ReferencesTo.java> 821ae914 READ (GhidraScript)  
INFO  ReferencesTo.java> 821ae97c READ (GhidraScript)  
INFO  ReferencesTo.java> 821ae9bc READ (GhidraScript)  
INFO  ReferencesTo.java> 821ae9f4 READ (GhidraScript)  
INFO  ReferencesTo.java> 821aea2c READ (GhidraScript)  
INFO  ReferencesTo.java> 821aea64 READ (GhidraScript)  
INFO  ReferencesTo.java> 821aed80 READ (GhidraScript)  
INFO  ReferencesTo.java> 821aee0c READ (GhidraScript)  
INFO  ReferencesTo.java> 821aee68 READ (GhidraScript)  
INFO  ReferencesTo.java> 821aefb8 READ (GhidraScript)  
INFO  ReferencesTo.java> 821b1984 READ (GhidraScript)  
INFO  ReferencesTo.java> 821b1a54 READ (GhidraScript)  
INFO  ReferencesTo.java> 821b29bc READ (GhidraScript)  
INFO  ReferencesTo.java> 821b2ef0 READ (GhidraScript)  
INFO  ReferencesTo.java> 821b306c READ (GhidraScript)  
INFO  ReferencesTo.java> 821b30fc READ (GhidraScript)  
INFO  REPORT: Execute script: DumpU32Range.java '0x8293ba00' '0x20'  (HeadlessAnalyzer)  
INFO  SCRIPT: /fastdata/lavaulta/auto-re-agent/workspaces/ace-combat-6/scripts/DumpU32Range.java (HeadlessAnalyzer)  
