2026-07-14 23:28:54 INFO  (LoggingInitialization) Using log config file: jar:file:/fastdata/lavaulta/auto-re-agent/.tools/ghidra_12.1.2_PUBLIC/Ghidra/Framework/Generic/lib/Generic.jar!/generic.log4j.xml  
2026-07-14 23:28:54 INFO  (LoggingInitialization) Using log file: /fastdata/lavaulta/auto-re-agent/workspaces/ace-combat-6/reports/ghidra-xex-import-isolated.log  
2026-07-14 23:28:54 DEBUG (GhidraObjectInputFilter) Including serial input filter: FileSystem/data/client.rmi.serial.filter  
2026-07-14 23:28:54 INFO  (Preferences) Loading user preferences: /fastdata/lavaulta/auto-re-agent/workspaces/ace-combat-6/ghidra-user/.config/ghidra/ghidra_12.1.2_PUBLIC/preferences  
2026-07-14 23:28:54 INFO  (ClassSearcher) Searching for classes...  
2026-07-14 23:28:55 INFO  (ClassSearcher) Class search complete (1775 ms)  
2026-07-14 23:28:56 INFO  (DefaultSSLContextInitializer) Initializing SSL Context  
2026-07-14 23:28:56 INFO  (SecureRandomFactory) Initializing Random Number Generator...  
2026-07-14 23:28:56 INFO  (SecureRandomFactory) Random Number Generator initialization complete: NativePRNGNonBlocking  
2026-07-14 23:28:56 INFO  (DefaultTrustManagerFactory) Trust manager disabled, cacerts have not been set  
2026-07-14 23:28:56 INFO  (AnalyzeHeadless) Headless startup complete (3429 ms)  
2026-07-14 23:28:56 INFO  (ClassSearcher) Class searcher loaded 59 extension points (20 false positives)  
2026-07-14 23:28:57 INFO  (HeadlessAnalyzer) HEADLESS Script Paths:
    /fastdata/lavaulta/auto-re-agent/.tools/ghidra_12.1.2_PUBLIC/Ghidra/Features/MicrosoftCodeAnalyzer/ghidra_scripts
    /fastdata/lavaulta/auto-re-agent/.tools/ghidra_12.1.2_PUBLIC/Ghidra/Features/PDB/ghidra_scripts
    /fastdata/lavaulta/auto-re-agent/.tools/ghidra_12.1.2_PUBLIC/Ghidra/Processors/8051/ghidra_scripts
    /fastdata/lavaulta/auto-re-agent/.tools/ghidra_12.1.2_PUBLIC/Ghidra/Debug/Debugger-rmi-trace/ghidra_scripts
    /fastdata/lavaulta/auto-re-agent/.tools/ghidra_12.1.2_PUBLIC/Ghidra/Features/SwiftDemangler/ghidra_scripts
    /fastdata/lavaulta/auto-re-agent/.tools/ghidra_12.1.2_PUBLIC/Ghidra/Debug/Debugger/ghidra_scripts
    /fastdata/lavaulta/auto-re-agent/.tools/ghidra_12.1.2_PUBLIC/Ghidra/Processors/PIC/ghidra_scripts
    /fastdata/lavaulta/auto-re-agent/.tools/ghidra_12.1.2_PUBLIC/Ghidra/Features/Base/ghidra_scripts
    /fastdata/lavaulta/auto-re-agent/.tools/ghidra_12.1.2_PUBLIC/Ghidra/Features/WildcardAssembler/ghidra_scripts
    /fastdata/lavaulta/auto-re-agent/.tools/ghidra_12.1.2_PUBLIC/Ghidra/Features/PyGhidra/ghidra_scripts
    /fastdata/lavaulta/auto-re-agent/.tools/ghidra_12.1.2_PUBLIC/Ghidra/Features/FileFormats/ghidra_scripts
    /fastdata/lavaulta/auto-re-agent/.tools/ghidra_12.1.2_PUBLIC/Ghidra/Features/GnuDemangler/ghidra_scripts
    /fastdata/lavaulta/auto-re-agent/.tools/ghidra_12.1.2_PUBLIC/Ghidra/Features/BSim/ghidra_scripts
    /fastdata/lavaulta/auto-re-agent/.tools/ghidra_12.1.2_PUBLIC/Ghidra/Features/VersionTracking/ghidra_scripts
    /fastdata/lavaulta/auto-re-agent/.tools/ghidra_12.1.2_PUBLIC/Ghidra/Features/BytePatterns/ghidra_scripts
    /fastdata/lavaulta/auto-re-agent/.tools/ghidra_12.1.2_PUBLIC/Ghidra/Processors/Atmel/ghidra_scripts
    /fastdata/lavaulta/auto-re-agent/.tools/ghidra_12.1.2_PUBLIC/Ghidra/Extensions/ghidra-emotionengine-reloaded/ghidra_scripts
    /fastdata/lavaulta/auto-re-agent/.tools/ghidra_12.1.2_PUBLIC/Ghidra/Features/SystemEmulation/ghidra_scripts
    /fastdata/lavaulta/auto-re-agent/.tools/ghidra_12.1.2_PUBLIC/Ghidra/Features/Decompiler/ghidra_scripts
    /fastdata/lavaulta/auto-re-agent/.tools/ghidra_12.1.2_PUBLIC/Ghidra/Features/FunctionID/ghidra_scripts
    /fastdata/lavaulta/auto-re-agent/.tools/ghidra_12.1.2_PUBLIC/Ghidra/Features/DecompilerDependent/ghidra_scripts
    /fastdata/lavaulta/auto-re-agent/.tools/ghidra_12.1.2_PUBLIC/Ghidra/Processors/DATA/ghidra_scripts
    /fastdata/lavaulta/auto-re-agent/.tools/ghidra_12.1.2_PUBLIC/Ghidra/Processors/JVM/ghidra_scripts  
2026-07-14 23:28:57 INFO  (HeadlessAnalyzer) HEADLESS: execution starts  
2026-07-14 23:28:57 INFO  (HeadlessAnalyzer) Opening existing project: /fastdata/lavaulta/auto-re-agent/workspaces/ace-combat-6/ghidra-projects/ace-combat-6  
2026-07-14 23:28:57 DEBUG (DefaultProjectManager) No tools found; Installing default tools  
2026-07-14 23:28:57 DEBUG (DefaultProjectManager) 	no recent project directories found  
2026-07-14 23:28:57 INFO  (HeadlessProject) Opening project: /fastdata/lavaulta/auto-re-agent/workspaces/ace-combat-6/ghidra-projects/ace-combat-6  
2026-07-14 23:28:57 INFO  (HeadlessAnalyzer) REPORT: Processing input files:   
2026-07-14 23:28:57 INFO  (HeadlessAnalyzer)      project: /fastdata/lavaulta/auto-re-agent/workspaces/ace-combat-6/ghidra-projects/ace-combat-6  
2026-07-14 23:28:57 INFO  (HeadlessAnalyzer) IMPORTING: file:///fastdata/lavaulta/auto-re-agent/workspaces/ace-combat-6/game-files/default.xex  
2026-07-14 23:28:58 INFO  (ProgramLoader) No load spec found for import file: default.xex  
2026-07-14 23:28:58 ERROR (HeadlessAnalyzer) The ProgramLoader could not successfully load file:///fastdata/lavaulta/auto-re-agent/workspaces/ace-combat-6/game-files/default.xex with the provided import parameters. Please ensure that any specified processor/cspec arguments are compatible with the loader that is used during import and try again.  
2026-07-14 23:28:58 ERROR (HeadlessAnalyzer) REPORT: Import failed for file: file:///fastdata/lavaulta/auto-re-agent/workspaces/ace-combat-6/game-files/default.xex  
