openjdk version "21.0.11" 2026-04-21
OpenJDK Runtime Environment (build 21.0.11+10-1-26.04.2-Ubuntu)
OpenJDK 64-Bit Server VM (build 21.0.11+10-1-26.04.2-Ubuntu, mixed mode)
INFO  Using log config file: jar:file:/fastdata/lavaulta/auto-re-agent/.tools/ghidra_12.1.2_PUBLIC/Ghidra/Framework/Generic/lib/Generic.jar!/generic.log4j.xml (LoggingInitialization)  
INFO  Using log file: /home/lavaulta/.config/ghidra/ghidra_12.1.2_PUBLIC/application.log (LoggingInitialization)  
INFO  Loading user preferences: /home/lavaulta/.config/ghidra/ghidra_12.1.2_PUBLIC/preferences (Preferences)  
INFO  Searching for classes... (ClassSearcher)  
INFO  Ignoring class 'xexloaderwv.XEXLoaderWVLoader' from '/fastdata/lavaulta/auto-re-agent/.tools/ghidra_12.1.2_PUBLIC/Ghidra/Extensions/XEXLoaderWV/lib/XEXLoaderWV.jar'. Already found at '/fastdata/lavaulta/auto-re-agent/.tools/ghidra_12.1.2_PUBLIC/Ghidra/patch/XEXLoaderWV-java21.jar'. (ClassSearcher)  
INFO  Class search complete (1494 ms) (ClassSearcher)  
INFO  Initializing SSL Context (DefaultSSLContextInitializer)  
INFO  Initializing Random Number Generator... (SecureRandomFactory)  
INFO  Random Number Generator initialization complete: NativePRNGNonBlocking (SecureRandomFactory)  
INFO  Trust manager disabled, cacerts have not been set (DefaultTrustManagerFactory)  
INFO  Headless startup complete (3036 ms) (AnalyzeHeadless)  
INFO  Class searcher loaded 59 extension points (20 false positives) (ClassSearcher)  
INFO  HEADLESS Script Paths:
    /fastdata/lavaulta/auto-re-agent/.tools/ghidra_12.1.2_PUBLIC/Ghidra/Features/MicrosoftCodeAnalyzer/ghidra_scripts
    /fastdata/lavaulta/auto-re-agent/.tools/ghidra_12.1.2_PUBLIC/Ghidra/Features/PDB/ghidra_scripts
    /fastdata/lavaulta/auto-re-agent/.tools/ghidra_12.1.2_PUBLIC/Ghidra/Processors/8051/ghidra_scripts
    /fastdata/lavaulta/auto-re-agent/.tools/ghidra_12.1.2_PUBLIC/Ghidra/Features/Base/ghidra_scripts
    /fastdata/lavaulta/auto-re-agent/workspaces/ace-combat-6/scripts
    /fastdata/lavaulta/auto-re-agent/.tools/ghidra_12.1.2_PUBLIC/Ghidra/Features/FileFormats/ghidra_scripts
    /fastdata/lavaulta/auto-re-agent/.tools/ghidra_12.1.2_PUBLIC/Ghidra/Features/GnuDemangler/ghidra_scripts
    /fastdata/lavaulta/auto-re-agent/.tools/ghidra_12.1.2_PUBLIC/Ghidra/Extensions/ghidra-emotionengine-reloaded/ghidra_scripts
    /fastdata/lavaulta/auto-re-agent/.tools/ghidra_12.1.2_PUBLIC/Ghidra/Features/Decompiler/ghidra_scripts
    /fastdata/lavaulta/auto-re-agent/.tools/ghidra_12.1.2_PUBLIC/Ghidra/Features/FunctionID/ghidra_scripts
    /fastdata/lavaulta/auto-re-agent/.tools/ghidra_12.1.2_PUBLIC/Ghidra/Features/DecompilerDependent/ghidra_scripts
    /fastdata/lavaulta/auto-re-agent/.tools/ghidra_12.1.2_PUBLIC/Ghidra/Processors/DATA/ghidra_scripts
    /fastdata/lavaulta/auto-re-agent/.tools/ghidra_12.1.2_PUBLIC/Ghidra/Debug/Debugger-rmi-trace/ghidra_scripts
    /fastdata/lavaulta/auto-re-agent/.tools/ghidra_12.1.2_PUBLIC/Ghidra/Features/SwiftDemangler/ghidra_scripts
    /fastdata/lavaulta/auto-re-agent/.tools/ghidra_12.1.2_PUBLIC/Ghidra/Debug/Debugger/ghidra_scripts
    /fastdata/lavaulta/auto-re-agent/.tools/ghidra_12.1.2_PUBLIC/Ghidra/Processors/PIC/ghidra_scripts
    /fastdata/lavaulta/auto-re-agent/.tools/ghidra_12.1.2_PUBLIC/Ghidra/Extensions/XEXLoaderWV/ghidra_scripts
    /fastdata/lavaulta/auto-re-agent/.tools/ghidra_12.1.2_PUBLIC/Ghidra/Features/WildcardAssembler/ghidra_scripts
    /fastdata/lavaulta/auto-re-agent/.tools/ghidra_12.1.2_PUBLIC/Ghidra/Features/PyGhidra/ghidra_scripts
    /fastdata/lavaulta/auto-re-agent/.tools/ghidra_12.1.2_PUBLIC/Ghidra/Features/BSim/ghidra_scripts
    /fastdata/lavaulta/auto-re-agent/.tools/ghidra_12.1.2_PUBLIC/Ghidra/Features/VersionTracking/ghidra_scripts
    /fastdata/lavaulta/auto-re-agent/.tools/ghidra_12.1.2_PUBLIC/Ghidra/Features/BytePatterns/ghidra_scripts
    /fastdata/lavaulta/auto-re-agent/.tools/ghidra_12.1.2_PUBLIC/Ghidra/Processors/Atmel/ghidra_scripts
    /fastdata/lavaulta/auto-re-agent/.tools/ghidra_12.1.2_PUBLIC/Ghidra/Features/SystemEmulation/ghidra_scripts
    /fastdata/lavaulta/auto-re-agent/.tools/ghidra_12.1.2_PUBLIC/Ghidra/Processors/JVM/ghidra_scripts (HeadlessAnalyzer)  
INFO  HEADLESS: execution starts (HeadlessAnalyzer)  
INFO  Opening existing project: /fastdata/lavaulta/auto-re-agent/workspaces/ace-combat-6/ghidra-projects/ace-combat-6 (HeadlessAnalyzer)  
INFO  Opening project: /fastdata/lavaulta/auto-re-agent/workspaces/ace-combat-6/ghidra-projects/ace-combat-6 (HeadlessProject)  
INFO  REPORT: Processing read-only project file: /default.xex (HeadlessAnalyzer)  
INFO  REPORT: Execute script: TraceGlobalVirtualSlot.java '0x8293ba10' '0x8' '0xc'  (HeadlessAnalyzer)  
INFO  SCRIPT: /fastdata/lavaulta/auto-re-agent/workspaces/ace-combat-6/scripts/TraceGlobalVirtualSlot.java (HeadlessAnalyzer)  
INFO  REPORT: Execute script: TraceGlobalVirtualSlot.java '0x8293ba10' '0x8' '0x10'  (HeadlessAnalyzer)  
INFO  SCRIPT: /fastdata/lavaulta/auto-re-agent/workspaces/ace-combat-6/scripts/TraceGlobalVirtualSlot.java (HeadlessAnalyzer)  
INFO  REPORT: Execute script: TraceGlobalVirtualSlot.java '0x8293ba10' '0x8' '0x14'  (HeadlessAnalyzer)  
INFO  SCRIPT: /fastdata/lavaulta/auto-re-agent/workspaces/ace-combat-6/scripts/TraceGlobalVirtualSlot.java (HeadlessAnalyzer)  
INFO  REPORT: Execute script: TraceGlobalVirtualSlot.java '0x8293ba10' '0x8' '0x18'  (HeadlessAnalyzer)  
INFO  SCRIPT: /fastdata/lavaulta/auto-re-agent/workspaces/ace-combat-6/scripts/TraceGlobalVirtualSlot.java (HeadlessAnalyzer)  
INFO  REPORT: Execute script: TraceGlobalVirtualSlot.java '0x8293ba10' '0x8' '0x20'  (HeadlessAnalyzer)  
INFO  SCRIPT: /fastdata/lavaulta/auto-re-agent/workspaces/ace-combat-6/scripts/TraceGlobalVirtualSlot.java (HeadlessAnalyzer)  
INFO  TraceGlobalVirtualSlot.java> DISPATCH function=821b5f80 owner_load=[821b5fcc] receiver_load=[821b5fd0] vtable_load=[821b5fe4] slot_load=821b5fec ctr=821b5ff0 (GhidraScript)  
INFO  TraceGlobalVirtualSlot.java> DISPATCH function=821ade00 owner_load=[821ade4c] receiver_load=[821ade50] vtable_load=[821ade64] slot_load=821ade6c ctr=821ade70 (GhidraScript)  
INFO  TraceGlobalVirtualSlot.java> DISPATCH function=82197c08 owner_load=[82197cd8] receiver_load=[82197cdc] vtable_load=[82197cf0] slot_load=82197cf8 ctr=82197cfc (GhidraScript)  
INFO  TraceGlobalVirtualSlot.java> DISPATCH function=821b5690 owner_load=[821b56d8] receiver_load=[821b56dc] vtable_load=[821b56f0] slot_load=821b56f8 ctr=821b56fc (GhidraScript)  
INFO  TraceGlobalVirtualSlot.java> DISPATCH function=821afca0 owner_load=[821afcec] receiver_load=[821afcf0] vtable_load=[821afd04] slot_load=821afd0c ctr=821afd10 (GhidraScript)  
INFO  TraceGlobalVirtualSlot.java> DISPATCH function=821b5a48 owner_load=[821b5abc] receiver_load=[821b5ac0] vtable_load=[821b5ad4] slot_load=821b5adc ctr=821b5ae0 (GhidraScript)  
INFO  TraceGlobalVirtualSlot.java> DISPATCH function=821b04d0 owner_load=[821b0518] receiver_load=[821b051c] vtable_load=[821b0530] slot_load=821b0538 ctr=821b053c (GhidraScript)  
INFO  TraceGlobalVirtualSlot.java> DISPATCH function=82198050 owner_load=[82198098] receiver_load=[8219809c] vtable_load=[821980b0] slot_load=821980b8 ctr=821980bc (GhidraScript)  
INFO  TraceGlobalVirtualSlot.java> DISPATCH function=821b01e8 owner_load=[821b0230] receiver_load=[821b0234] vtable_load=[821b0248] slot_load=821b0250 ctr=821b0254 (GhidraScript)  
INFO  TraceGlobalVirtualSlot.java> DISPATCH function=821b6668 owner_load=[821b66b0] receiver_load=[821b66b4] vtable_load=[821b66c8] slot_load=821b66d0 ctr=821b66d4 (GhidraScript)  
INFO  TraceGlobalVirtualSlot.java> DISPATCH function=821966f0 owner_load=[8219673c] receiver_load=[82196740] vtable_load=[82196754] slot_load=8219675c ctr=82196760 (GhidraScript)  
INFO  TraceGlobalVirtualSlot.java> DISPATCH function=8219a378 owner_load=[8219a3fc] receiver_load=[8219a400] vtable_load=[8219a414] slot_load=8219a41c ctr=8219a420 (GhidraScript)  
INFO  TraceGlobalVirtualSlot.java> DISPATCH function=8219a378 owner_load=[8219a454] receiver_load=[8219a458] vtable_load=[8219a46c] slot_load=8219a474 ctr=8219a478 (GhidraScript)  
INFO  TraceGlobalVirtualSlot.java> DISPATCH function=8219a378 owner_load=[8219a4ac] receiver_load=[8219a4b0] vtable_load=[8219a4c4] slot_load=8219a4cc ctr=8219a4d0 (GhidraScript)  
