Picked up JAVA_TOOL_OPTIONS: -Duser.home=/tmp/ac6-ghidra-home-corrected
Picked up JAVA_TOOL_OPTIONS: -Duser.home=/tmp/ac6-ghidra-home-corrected
Picked up JAVA_TOOL_OPTIONS: -Duser.home=/tmp/ac6-ghidra-home-corrected
Picked up JAVA_TOOL_OPTIONS: -Duser.home=/tmp/ac6-ghidra-home-corrected
openjdk version "21.0.11" 2026-04-21
OpenJDK Runtime Environment (build 21.0.11+10-1-26.04.2-Ubuntu)
OpenJDK 64-Bit Server VM (build 21.0.11+10-1-26.04.2-Ubuntu, mixed mode)
INFO  Using log config file: jar:file:/fastdata/lavaulta/auto-re-agent/.tools/ghidra_12.1.2_PUBLIC/Ghidra/Framework/Generic/lib/Generic.jar!/generic.log4j.xml (LoggingInitialization)  
INFO  Using log file: /tmp/ac6-ghidra-home-corrected/.config/ghidra/ghidra_12.1.2_PUBLIC/application.log (LoggingInitialization)  
INFO  Loading user preferences: /tmp/ac6-ghidra-home-corrected/.config/ghidra/ghidra_12.1.2_PUBLIC/preferences (Preferences)  
INFO  Searching for classes... (ClassSearcher)  
INFO  Ignoring class 'xexloaderwv.XEXLoaderWVLoader' from '/fastdata/lavaulta/auto-re-agent/.tools/ghidra_12.1.2_PUBLIC/Ghidra/Extensions/XEXLoaderWV/lib/XEXLoaderWV.jar'. Already found at '/fastdata/lavaulta/auto-re-agent/.tools/ghidra_12.1.2_PUBLIC/Ghidra/patch/XEXLoaderWV-java21.jar'. (ClassSearcher)  
INFO  Class search complete (1644 ms) (ClassSearcher)  
INFO  Initializing SSL Context (DefaultSSLContextInitializer)  
INFO  Initializing Random Number Generator... (SecureRandomFactory)  
INFO  Random Number Generator initialization complete: NativePRNGNonBlocking (SecureRandomFactory)  
INFO  Trust manager disabled, cacerts have not been set (DefaultTrustManagerFactory)  
INFO  Headless startup complete (3310 ms) (AnalyzeHeadless)  
INFO  Class searcher loaded 59 extension points (20 false positives) (ClassSearcher)  
INFO  HEADLESS Script Paths:
    /fastdata/lavaulta/auto-re-agent/.tools/ghidra_12.1.2_PUBLIC/Ghidra/Features/MicrosoftCodeAnalyzer/ghidra_scripts
    /fastdata/lavaulta/auto-re-agent/.tools/ghidra_12.1.2_PUBLIC/Ghidra/Features/PDB/ghidra_scripts
    /fastdata/lavaulta/auto-re-agent/.tools/ghidra_12.1.2_PUBLIC/Ghidra/Processors/8051/ghidra_scripts
    /fastdata/lavaulta/auto-re-agent/.tools/ghidra_12.1.2_PUBLIC/Ghidra/Features/Base/ghidra_scripts
    /fastdata/lavaulta/auto-re-agent/workspaces/ace-combat-6/scripts
    /fastdata/lavaulta/auto-re-agent/.tools/ghidra_12.1.2_PUBLIC/Ghidra/Features/FileFormats/ghidra_scripts
    /fastdata/lavaulta/auto-re-agent/.tools/ghidra_12.1.2_PUBLIC/Ghidra/Features/GnuDemangler/ghidra_scripts
    /fastdata/lavaulta/auto-re-agent/.tools/ghidra_12.1.2_PUBLIC/Ghidra/Extensions/ghidra-emotionengine-reloaded/ghidra_scripts
    /fastdata/lavaulta/auto-re-agent/.tools/ghidra_12.1.2_PUBLIC/Ghidra/Features/Decompiler/ghidra_scripts
    /fastdata/lavaulta/auto-re-agent/.tools/ghidra_12.1.2_PUBLIC/Ghidra/Features/FunctionID/ghidra_scripts
    /fastdata/lavaulta/auto-re-agent/.tools/ghidra_12.1.2_PUBLIC/Ghidra/Features/DecompilerDependent/ghidra_scripts
    /fastdata/lavaulta/auto-re-agent/.tools/ghidra_12.1.2_PUBLIC/Ghidra/Processors/DATA/ghidra_scripts
    /fastdata/lavaulta/auto-re-agent/.tools/ghidra_12.1.2_PUBLIC/Ghidra/Debug/Debugger-rmi-trace/ghidra_scripts
    /fastdata/lavaulta/auto-re-agent/.tools/ghidra_12.1.2_PUBLIC/Ghidra/Features/SwiftDemangler/ghidra_scripts
    /fastdata/lavaulta/auto-re-agent/.tools/ghidra_12.1.2_PUBLIC/Ghidra/Debug/Debugger/ghidra_scripts
    /fastdata/lavaulta/auto-re-agent/.tools/ghidra_12.1.2_PUBLIC/Ghidra/Processors/PIC/ghidra_scripts
    /fastdata/lavaulta/auto-re-agent/.tools/ghidra_12.1.2_PUBLIC/Ghidra/Extensions/XEXLoaderWV/ghidra_scripts
    /fastdata/lavaulta/auto-re-agent/.tools/ghidra_12.1.2_PUBLIC/Ghidra/Features/WildcardAssembler/ghidra_scripts
    /fastdata/lavaulta/auto-re-agent/.tools/ghidra_12.1.2_PUBLIC/Ghidra/Features/PyGhidra/ghidra_scripts
    /fastdata/lavaulta/auto-re-agent/.tools/ghidra_12.1.2_PUBLIC/Ghidra/Features/BSim/ghidra_scripts
    /fastdata/lavaulta/auto-re-agent/.tools/ghidra_12.1.2_PUBLIC/Ghidra/Features/VersionTracking/ghidra_scripts
    /fastdata/lavaulta/auto-re-agent/.tools/ghidra_12.1.2_PUBLIC/Ghidra/Features/BytePatterns/ghidra_scripts
    /fastdata/lavaulta/auto-re-agent/.tools/ghidra_12.1.2_PUBLIC/Ghidra/Processors/Atmel/ghidra_scripts
    /fastdata/lavaulta/auto-re-agent/.tools/ghidra_12.1.2_PUBLIC/Ghidra/Features/SystemEmulation/ghidra_scripts
    /fastdata/lavaulta/auto-re-agent/.tools/ghidra_12.1.2_PUBLIC/Ghidra/Processors/JVM/ghidra_scripts (HeadlessAnalyzer)  
INFO  HEADLESS: execution starts (HeadlessAnalyzer)  
INFO  Opening existing project: /fastdata/lavaulta/auto-re-agent/workspaces/ace-combat-6/ghidra-projects/ace-combat-6-corrected (HeadlessAnalyzer)  
INFO  Opening project: /fastdata/lavaulta/auto-re-agent/workspaces/ace-combat-6/ghidra-projects/ace-combat-6-corrected (HeadlessProject)  
INFO  REPORT: Processing project file: /default.xex (HeadlessAnalyzer)  
INFO  REPORT: Execute script: DumpRange.java '0x8236e900' '0x8236ec20'  (HeadlessAnalyzer)  
INFO  SCRIPT: /fastdata/lavaulta/auto-re-agent/workspaces/ace-combat-6/scripts/DumpRange.java (HeadlessAnalyzer)  
INFO  DumpRange.java> 8236e900 li r11,0x0 (GhidraScript)  
INFO  DumpRange.java> 8236e904 stw r4,0x0(r3) (GhidraScript)  
INFO  DumpRange.java> 8236e908 stw r11,0x4(r3) (GhidraScript)  
INFO  DumpRange.java> 8236e90c stw r11,0x8(r3) (GhidraScript)  
INFO  DumpRange.java> 8236e910 stw r11,0xc(r3) (GhidraScript)  
INFO  DumpRange.java> 8236e914 stw r11,0x10(r3) (GhidraScript)  
INFO  DumpRange.java> 8236e918 stw r11,0x14(r3) (GhidraScript)  
INFO  DumpRange.java> 8236e91c stw r11,0x18(r3) (GhidraScript)  
INFO  DumpRange.java> 8236e920 stw r11,0x1c(r3) (GhidraScript)  
INFO  DumpRange.java> 8236e924 stw r11,0x20(r3) (GhidraScript)  
INFO  DumpRange.java> 8236e928 blr (GhidraScript)  
INFO  DumpRange.java> 8236e92c <not-disassembled> (GhidraScript)  
INFO  DumpRange.java> 8236e930 mfspr r12,LR (GhidraScript)  
INFO  DumpRange.java> 8236e934 bl 0x823864f8 (GhidraScript)  
INFO  DumpRange.java> 8236e938 stwu r1,-0x80(r1) (GhidraScript)  
INFO  DumpRange.java> 8236e93c or r30,r3,r3 (GhidraScript)  
INFO  DumpRange.java> 8236e940 li r28,0x0 (GhidraScript)  
INFO  DumpRange.java> 8236e944 or r29,r28,r28 (GhidraScript)  
INFO  DumpRange.java> 8236e948 lwz r11,0x4(r30) (GhidraScript)  
INFO  DumpRange.java> 8236e94c cmplwi cr6,r11,0x0 (GhidraScript)  
INFO  DumpRange.java> 8236e950 ble cr6,0x8236e998 (GhidraScript)  
INFO  DumpRange.java> 8236e954 or r31,r28,r28 (GhidraScript)  
INFO  DumpRange.java> 8236e958 lwz r11,0x10(r30) (GhidraScript)  
INFO  DumpRange.java> 8236e95c lwzx r10,r11,r31 (GhidraScript)  
INFO  DumpRange.java> 8236e960 cmplwi cr6,r10,0x0 (GhidraScript)  
INFO  DumpRange.java> 8236e964 beq cr6,0x8236e984 (GhidraScript)  
INFO  DumpRange.java> 8236e968 rlwinm r3,r10,0x0,0x0,0x1f (GhidraScript)  
INFO  DumpRange.java> 8236e96c cmplwi r3,0x0 (GhidraScript)  
INFO  DumpRange.java> 8236e970 beq 0x8236e97c (GhidraScript)  
INFO  DumpRange.java> 8236e974 li r4,0x1 (GhidraScript)  
INFO  DumpRange.java> 8236e978 bl 0x8236a7c0 (GhidraScript)  
INFO  DumpRange.java> 8236e97c lwz r11,0x10(r30) (GhidraScript)  
INFO  DumpRange.java> 8236e980 stwx r28,r11,r31 (GhidraScript)  
INFO  DumpRange.java> 8236e984 lwz r11,0x4(r30) (GhidraScript)  
INFO  DumpRange.java> 8236e988 addi r29,r29,0x1 (GhidraScript)  
INFO  DumpRange.java> 8236e98c addi r31,r31,0x4 (GhidraScript)  
INFO  DumpRange.java> 8236e990 cmplw cr6,r29,r11 (GhidraScript)  
INFO  DumpRange.java> 8236e994 blt cr6,0x8236e958 (GhidraScript)  
INFO  DumpRange.java> 8236e998 addi r3,r30,0x14 (GhidraScript)  
INFO  DumpRange.java> 8236e99c bl 0x8236ca20 (GhidraScript)  
INFO  DumpRange.java> 8236e9a0 lwz r3,0x10(r30) (GhidraScript)  
INFO  DumpRange.java> 8236e9a4 cmplwi r3,0x0 (GhidraScript)  
INFO  DumpRange.java> 8236e9a8 beq 0x8236e9b4 (GhidraScript)  
INFO  DumpRange.java> 8236e9ac bl 0x82383670 (GhidraScript)  
INFO  DumpRange.java> 8236e9b0 stw r28,0x10(r30) (GhidraScript)  
INFO  DumpRange.java> 8236e9b4 addi r1,r1,0x80 (GhidraScript)  
INFO  DumpRange.java> 8236e9b8 b 0x82386548 (GhidraScript)  
INFO  DumpRange.java> 8236e9bc <not-disassembled> (GhidraScript)  
INFO  DumpRange.java> 8236e9c0 mfspr r12,LR (GhidraScript)  
INFO  DumpRange.java> 8236e9c4 bl 0x823864f4 (GhidraScript)  
INFO  DumpRange.java> 8236e9c8 stwu r1,-0x80(r1) (GhidraScript)  
INFO  DumpRange.java> 8236e9cc or r28,r3,r3 (GhidraScript)  
INFO  DumpRange.java> 8236e9d0 lis r11,0x3fff (GhidraScript)  
INFO  DumpRange.java> 8236e9d4 li r27,-0x1 (GhidraScript)  
INFO  DumpRange.java> 8236e9d8 ori r11,r11,0xffff (GhidraScript)  
INFO  DumpRange.java> 8236e9dc rlwinm r3,r4,0x2,0x0,0x1d (GhidraScript)  
INFO  DumpRange.java> 8236e9e0 cmplw cr6,r4,r11 (GhidraScript)  
INFO  DumpRange.java> 8236e9e4 stw r4,0x4(r28) (GhidraScript)  
INFO  DumpRange.java> 8236e9e8 ble cr6,0x8236e9f0 (GhidraScript)  
INFO  DumpRange.java> 8236e9ec or r3,r27,r27 (GhidraScript)  
INFO  DumpRange.java> 8236e9f0 bl 0x82203318 (GhidraScript)  
INFO  DumpRange.java> 8236e9f4 addi r31,r28,0x10 (GhidraScript)  
INFO  DumpRange.java> 8236e9f8 or r4,r3,r3 (GhidraScript)  
INFO  DumpRange.java> 8236e9fc or r3,r31,r31 (GhidraScript)  
INFO  DumpRange.java> 8236ea00 bl 0x8236ed50 (GhidraScript)  
INFO  DumpRange.java> 8236ea04 lwz r10,0x4(r28) (GhidraScript)  
INFO  DumpRange.java> 8236ea08 li r30,0x0 (GhidraScript)  
INFO  DumpRange.java> 8236ea0c cmplwi cr6,r10,0x0 (GhidraScript)  
INFO  DumpRange.java> 8236ea10 or r11,r30,r30 (GhidraScript)  
INFO  DumpRange.java> 8236ea14 ble cr6,0x8236ea38 (GhidraScript)  
INFO  DumpRange.java> 8236ea18 or r10,r30,r30 (GhidraScript)  
INFO  DumpRange.java> 8236ea1c lwz r9,0x0(r31) (GhidraScript)  
INFO  DumpRange.java> 8236ea20 addi r11,r11,0x1 (GhidraScript)  
INFO  DumpRange.java> 8236ea24 stwx r30,r9,r10 (GhidraScript)  
INFO  DumpRange.java> 8236ea28 addi r10,r10,0x4 (GhidraScript)  
INFO  DumpRange.java> 8236ea2c lwz r9,0x4(r28) (GhidraScript)  
INFO  DumpRange.java> 8236ea30 cmplw cr6,r11,r9 (GhidraScript)  
INFO  DumpRange.java> 8236ea34 blt cr6,0x8236ea1c (GhidraScript)  
INFO  DumpRange.java> 8236ea38 lis r11,0x1fff (GhidraScript)  
INFO  DumpRange.java> 8236ea3c lwz r29,0x4(r28) (GhidraScript)  
INFO  DumpRange.java> 8236ea40 ori r11,r11,0xffff (GhidraScript)  
INFO  DumpRange.java> 8236ea44 rlwinm r31,r29,0x3,0x0,0x1c (GhidraScript)  
INFO  DumpRange.java> 8236ea48 cmplw cr6,r29,r11 (GhidraScript)  
INFO  DumpRange.java> 8236ea4c ble cr6,0x8236ea54 (GhidraScript)  
INFO  DumpRange.java> 8236ea50 or r31,r27,r27 (GhidraScript)  
INFO  DumpRange.java> 8236ea54 bl 0x82369358 (GhidraScript)  
INFO  DumpRange.java> 8236ea58 lwz r11,0x0(r3) (GhidraScript)  
INFO  DumpRange.java> 8236ea5c or r4,r31,r31 (GhidraScript)  
INFO  DumpRange.java> 8236ea60 lwz r11,0x4(r11) (GhidraScript)  
INFO  DumpRange.java> 8236ea64 mtspr CTR,r11 (GhidraScript)  
INFO  DumpRange.java> 8236ea68 bctrl (GhidraScript)  
INFO  DumpRange.java> 8236ea6c cmplwi r3,0x0 (GhidraScript)  
INFO  DumpRange.java> 8236ea70 beq 0x8236ea98 (GhidraScript)  
INFO  DumpRange.java> 8236ea74 subic. r11,r29,0x1 (GhidraScript)  
INFO  DumpRange.java> 8236ea78 or r10,r3,r3 (GhidraScript)  
INFO  DumpRange.java> 8236ea7c blt 0x8236ea94 (GhidraScript)  
INFO  DumpRange.java> 8236ea80 stw r30,0x0(r10) (GhidraScript)  
INFO  DumpRange.java> 8236ea84 subic. r11,r11,0x1 (GhidraScript)  
INFO  DumpRange.java> 8236ea88 stw r30,0x4(r10) (GhidraScript)  
INFO  DumpRange.java> 8236ea8c addi r10,r10,0x8 (GhidraScript)  
INFO  DumpRange.java> 8236ea90 bge 0x8236ea80 (GhidraScript)  
INFO  DumpRange.java> 8236ea94 or r30,r3,r3 (GhidraScript)  
INFO  DumpRange.java> 8236ea98 addi r31,r28,0x14 (GhidraScript)  
INFO  DumpRange.java> 8236ea9c or r3,r31,r31 (GhidraScript)  
INFO  DumpRange.java> 8236eaa0 bl 0x8236ca20 (GhidraScript)  
INFO  DumpRange.java> 8236eaa4 stw r30,0x0(r31) (GhidraScript)  
INFO  DumpRange.java> 8236eaa8 addi r1,r1,0x80 (GhidraScript)  
INFO  DumpRange.java> 8236eaac b 0x82386544 (GhidraScript)  
INFO  DumpRange.java> 8236eab0 mfspr r12,LR (GhidraScript)  
INFO  DumpRange.java> 8236eab4 stw r12,-0x8(r1) (GhidraScript)  
INFO  DumpRange.java> 8236eab8 std r30,-0x18(r1) (GhidraScript)  
INFO  DumpRange.java> 8236eabc std r31,-0x10(r1) (GhidraScript)  
INFO  DumpRange.java> 8236eac0 stfd f30,-0x28(r1) (GhidraScript)  
INFO  DumpRange.java> 8236eac4 stfd f31,-0x20(r1) (GhidraScript)  
INFO  DumpRange.java> 8236eac8 stwu r1,-0x90(r1) (GhidraScript)  
INFO  DumpRange.java> 8236eacc or r31,r3,r3 (GhidraScript)  
INFO  DumpRange.java> 8236ead0 fmr f31,f1 (GhidraScript)  
INFO  DumpRange.java> 8236ead4 or r30,r4,r4 (GhidraScript)  
INFO  DumpRange.java> 8236ead8 fmr f30,f2 (GhidraScript)  
INFO  DumpRange.java> 8236eadc lwz r11,0x20(r31) (GhidraScript)  
INFO  DumpRange.java> 8236eae0 cmplwi cr6,r11,0x0 (GhidraScript)  
INFO  DumpRange.java> 8236eae4 bne cr6,0x8236eb4c (GhidraScript)  
INFO  DumpRange.java> 8236eae8 addi r10,r1,0x50 (GhidraScript)  
INFO  DumpRange.java> 8236eaec fctidz f0,f31 (GhidraScript)  
INFO  DumpRange.java> 8236eaf0 addi r5,r1,0x54 (GhidraScript)  
INFO  DumpRange.java> 8236eaf4 stw r11,0x54(r1) (GhidraScript)  
INFO  DumpRange.java> 8236eaf8 addi r4,r1,0x58 (GhidraScript)  
INFO  DumpRange.java> 8236eafc stw r11,0x58(r1) (GhidraScript)  
INFO  DumpRange.java> 8236eb00 stfiwx f0,0,r10 (GhidraScript)  
INFO  DumpRange.java> 8236eb04 lwz r6,0x50(r1) (GhidraScript)  
INFO  DumpRange.java> 8236eb08 bl 0x8236e658 (GhidraScript)  
INFO  DumpRange.java> 8236eb0c cmplwi r3,0x0 (GhidraScript)  
INFO  DumpRange.java> 8236eb10 beq 0x8236eb4c (GhidraScript)  
INFO  DumpRange.java> 8236eb14 lwz r11,0x54(r1) (GhidraScript)  
INFO  DumpRange.java> 8236eb18 or r4,r30,r30 (GhidraScript)  
INFO  DumpRange.java> 8236eb1c lwz r9,0x58(r1) (GhidraScript)  
INFO  DumpRange.java> 8236eb20 fmr f2,f30 (GhidraScript)  
INFO  DumpRange.java> 8236eb24 lwz r10,0x10(r31) (GhidraScript)  
INFO  DumpRange.java> 8236eb28 rlwinm r9,r9,0x2,0x0,0x1d (GhidraScript)  
INFO  DumpRange.java> 8236eb2c lwz r5,0x8(r31) (GhidraScript)  
INFO  DumpRange.java> 8236eb30 std r11,0x58(r1) (GhidraScript)  
INFO  DumpRange.java> 8236eb34 lfd f0,0x58(r1) (GhidraScript)  
INFO  DumpRange.java> 8236eb38 fcfid f0,f0 (GhidraScript)  
INFO  DumpRange.java> 8236eb3c lwzx r3,r9,r10 (GhidraScript)  
INFO  DumpRange.java> 8236eb40 frsp f0,f0 (GhidraScript)  
INFO  DumpRange.java> 8236eb44 fsubs f1,f31,f0 (GhidraScript)  
INFO  DumpRange.java> 8236eb48 bl 0x8236bac0 (GhidraScript)  
INFO  DumpRange.java> 8236eb4c addi r1,r1,0x90 (GhidraScript)  
INFO  DumpRange.java> 8236eb50 lwz r12,-0x8(r1) (GhidraScript)  
INFO  DumpRange.java> 8236eb54 mtspr LR,r12 (GhidraScript)  
INFO  DumpRange.java> 8236eb58 lfd f30,-0x28(r1) (GhidraScript)  
INFO  DumpRange.java> 8236eb5c lfd f31,-0x20(r1) (GhidraScript)  
INFO  DumpRange.java> 8236eb60 ld r30,-0x18(r1) (GhidraScript)  
INFO  DumpRange.java> 8236eb64 ld r31,-0x10(r1) (GhidraScript)  
INFO  DumpRange.java> 8236eb68 blr (GhidraScript)  
INFO  DumpRange.java> 8236eb6c <not-disassembled> (GhidraScript)  
INFO  DumpRange.java> 8236eb70 lwz r9,0x4(r3) (GhidraScript)  
INFO  DumpRange.java> 8236eb74 li r11,0x0 (GhidraScript)  
INFO  DumpRange.java> 8236eb78 cmplwi r9,0x0 (GhidraScript)  
INFO  DumpRange.java> 8236eb7c beq 0x8236eba0 (GhidraScript)  
INFO  DumpRange.java> 8236eb80 lwz r10,0x14(r3) (GhidraScript)  
INFO  DumpRange.java> 8236eb84 lwz r8,0x0(r10) (GhidraScript)  
INFO  DumpRange.java> 8236eb88 cmplw cr6,r8,r4 (GhidraScript)  
INFO  DumpRange.java> 8236eb8c beq cr6,0x8236eba8 (GhidraScript)  
INFO  DumpRange.java> 8236eb90 addi r11,r11,0x1 (GhidraScript)  
INFO  DumpRange.java> 8236eb94 addi r10,r10,0x8 (GhidraScript)  
INFO  DumpRange.java> 8236eb98 cmplw cr6,r11,r9 (GhidraScript)  
INFO  DumpRange.java> 8236eb9c blt cr6,0x8236eb84 (GhidraScript)  
INFO  DumpRange.java> 8236eba0 li r3,0x0 (GhidraScript)  
INFO  DumpRange.java> 8236eba4 blr (GhidraScript)  
INFO  DumpRange.java> 8236eba8 li r3,0x1 (GhidraScript)  
INFO  DumpRange.java> 8236ebac blr (GhidraScript)  
INFO  DumpRange.java> 8236ebb0 mfspr r12,LR (GhidraScript)  
INFO  DumpRange.java> 8236ebb4 stw r12,-0x8(r1) (GhidraScript)  
INFO  DumpRange.java> 8236ebb8 stwu r1,-0x60(r1) (GhidraScript)  
INFO  DumpRange.java> 8236ebbc addi r5,r1,0x50 (GhidraScript)  
INFO  DumpRange.java> 8236ebc0 bl 0x8236e708 (GhidraScript)  
INFO  DumpRange.java> 8236ebc4 addi r1,r1,0x60 (GhidraScript)  
INFO  DumpRange.java> 8236ebc8 lwz r12,-0x8(r1) (GhidraScript)  
INFO  DumpRange.java> 8236ebcc mtspr LR,r12 (GhidraScript)  
INFO  DumpRange.java> 8236ebd0 blr (GhidraScript)  
INFO  DumpRange.java> 8236ebd4 <not-disassembled> (GhidraScript)  
INFO  DumpRange.java> 8236ebd8 mfspr r12,LR (GhidraScript)  
INFO  DumpRange.java> 8236ebdc stw r12,-0x8(r1) (GhidraScript)  
INFO  DumpRange.java> 8236ebe0 std r31,-0x10(r1) (GhidraScript)  
INFO  DumpRange.java> 8236ebe4 stwu r1,-0x70(r1) (GhidraScript)  
INFO  DumpRange.java> 8236ebe8 addi r11,r1,0x50 (GhidraScript)  
INFO  DumpRange.java> 8236ebec fctidz f0,f1 (GhidraScript)  
INFO  DumpRange.java> 8236ebf0 li r10,0x0 (GhidraScript)  
INFO  DumpRange.java> 8236ebf4 addi r5,r1,0x50 (GhidraScript)  
INFO  DumpRange.java> 8236ebf8 addi r4,r1,0x54 (GhidraScript)  
INFO  DumpRange.java> 8236ebfc or r31,r3,r3 (GhidraScript)  
INFO  DumpRange.java> 8236ec00 stfiwx f0,0,r11 (GhidraScript)  
INFO  DumpRange.java> 8236ec04 lwz r6,0x50(r1) (GhidraScript)  
INFO  DumpRange.java> 8236ec08 stw r10,0x54(r1) (GhidraScript)  
INFO  DumpRange.java> 8236ec0c bl 0x8236e658 (GhidraScript)  
INFO  DumpRange.java> 8236ec10 cmplwi r3,0x0 (GhidraScript)  
INFO  DumpRange.java> 8236ec14 beq 0x8236ec2c (GhidraScript)  
INFO  DumpRange.java> 8236ec18 lwz r11,0x54(r1) (GhidraScript)  
INFO  DumpRange.java> 8236ec1c lwz r10,0x10(r31) (GhidraScript)  
INFO  REPORT: Execute script: ReferencesTo.java '0x8236eab0'  (HeadlessAnalyzer)  
INFO  SCRIPT: /fastdata/lavaulta/auto-re-agent/workspaces/ace-combat-6/scripts/ReferencesTo.java (HeadlessAnalyzer)  
INFO  ReferencesTo.java> 8236c048 UNCONDITIONAL_CALL (GhidraScript)  
INFO  ReferencesTo.java> 8236c08c UNCONDITIONAL_CALL (GhidraScript)  
INFO  ReferencesTo.java> 8236c004 UNCONDITIONAL_CALL (GhidraScript)  
INFO  REPORT: Save succeeded for processed file: /default.xex (HeadlessAnalyzer)  
