Picked up JAVA_TOOL_OPTIONS: -Duser.home=/tmp/ac6-ghidra-home-corrected
Picked up JAVA_TOOL_OPTIONS: -Duser.home=/tmp/ac6-ghidra-home-corrected
Picked up JAVA_TOOL_OPTIONS: -Duser.home=/tmp/ac6-ghidra-home-corrected
Picked up JAVA_TOOL_OPTIONS: -Duser.home=/tmp/ac6-ghidra-home-corrected
openjdk version "21.0.11" 2026-04-21
OpenJDK Runtime Environment (build 21.0.11+10-1-26.04.2-Ubuntu)
OpenJDK 64-Bit Server VM (build 21.0.11+10-1-26.04.2-Ubuntu, mixed mode)
INFO  Using log config file: jar:file:/fastdata/lavaulta/auto-re-agent/.tools/ghidra_12.1.2_PUBLIC/Ghidra/Framework/Generic/lib/Generic.jar!/generic.log4j.xml (LoggingInitialization)  
INFO  Using log file: /tmp/ac6-ghidra-home-corrected/.config/ghidra/ghidra_12.1.2_PUBLIC/application.log (LoggingInitialization)  
INFO  Loading user preferences: /tmp/ac6-ghidra-home-corrected/.config/ghidra/ghidra_12.1.2_PUBLIC/preferences (Preferences)  
INFO  Searching for classes... (ClassSearcher)  
INFO  Ignoring class 'xexloaderwv.XEXLoaderWVLoader' from '/fastdata/lavaulta/auto-re-agent/.tools/ghidra_12.1.2_PUBLIC/Ghidra/Extensions/XEXLoaderWV/lib/XEXLoaderWV.jar'. Already found at '/fastdata/lavaulta/auto-re-agent/.tools/ghidra_12.1.2_PUBLIC/Ghidra/patch/XEXLoaderWV-java21.jar'. (ClassSearcher)  
INFO  Class search complete (1591 ms) (ClassSearcher)  
INFO  Initializing SSL Context (DefaultSSLContextInitializer)  
INFO  Initializing Random Number Generator... (SecureRandomFactory)  
INFO  Random Number Generator initialization complete: NativePRNGNonBlocking (SecureRandomFactory)  
INFO  Trust manager disabled, cacerts have not been set (DefaultTrustManagerFactory)  
INFO  Headless startup complete (3217 ms) (AnalyzeHeadless)  
INFO  Class searcher loaded 59 extension points (20 false positives) (ClassSearcher)  
INFO  HEADLESS Script Paths:
    /fastdata/lavaulta/auto-re-agent/.tools/ghidra_12.1.2_PUBLIC/Ghidra/Features/MicrosoftCodeAnalyzer/ghidra_scripts
    /fastdata/lavaulta/auto-re-agent/.tools/ghidra_12.1.2_PUBLIC/Ghidra/Features/PDB/ghidra_scripts
    /fastdata/lavaulta/auto-re-agent/.tools/ghidra_12.1.2_PUBLIC/Ghidra/Processors/8051/ghidra_scripts
    /fastdata/lavaulta/auto-re-agent/.tools/ghidra_12.1.2_PUBLIC/Ghidra/Features/Base/ghidra_scripts
    /fastdata/lavaulta/auto-re-agent/workspaces/ace-combat-6/scripts
    /fastdata/lavaulta/auto-re-agent/.tools/ghidra_12.1.2_PUBLIC/Ghidra/Features/FileFormats/ghidra_scripts
    /fastdata/lavaulta/auto-re-agent/.tools/ghidra_12.1.2_PUBLIC/Ghidra/Features/GnuDemangler/ghidra_scripts
    /fastdata/lavaulta/auto-re-agent/.tools/ghidra_12.1.2_PUBLIC/Ghidra/Extensions/ghidra-emotionengine-reloaded/ghidra_scripts
    /fastdata/lavaulta/auto-re-agent/.tools/ghidra_12.1.2_PUBLIC/Ghidra/Features/Decompiler/ghidra_scripts
    /fastdata/lavaulta/auto-re-agent/.tools/ghidra_12.1.2_PUBLIC/Ghidra/Features/FunctionID/ghidra_scripts
    /fastdata/lavaulta/auto-re-agent/.tools/ghidra_12.1.2_PUBLIC/Ghidra/Features/DecompilerDependent/ghidra_scripts
    /fastdata/lavaulta/auto-re-agent/.tools/ghidra_12.1.2_PUBLIC/Ghidra/Processors/DATA/ghidra_scripts
    /fastdata/lavaulta/auto-re-agent/.tools/ghidra_12.1.2_PUBLIC/Ghidra/Debug/Debugger-rmi-trace/ghidra_scripts
    /fastdata/lavaulta/auto-re-agent/.tools/ghidra_12.1.2_PUBLIC/Ghidra/Features/SwiftDemangler/ghidra_scripts
    /fastdata/lavaulta/auto-re-agent/.tools/ghidra_12.1.2_PUBLIC/Ghidra/Debug/Debugger/ghidra_scripts
    /fastdata/lavaulta/auto-re-agent/.tools/ghidra_12.1.2_PUBLIC/Ghidra/Processors/PIC/ghidra_scripts
    /fastdata/lavaulta/auto-re-agent/.tools/ghidra_12.1.2_PUBLIC/Ghidra/Extensions/XEXLoaderWV/ghidra_scripts
    /fastdata/lavaulta/auto-re-agent/.tools/ghidra_12.1.2_PUBLIC/Ghidra/Features/WildcardAssembler/ghidra_scripts
    /fastdata/lavaulta/auto-re-agent/.tools/ghidra_12.1.2_PUBLIC/Ghidra/Features/PyGhidra/ghidra_scripts
    /fastdata/lavaulta/auto-re-agent/.tools/ghidra_12.1.2_PUBLIC/Ghidra/Features/BSim/ghidra_scripts
    /fastdata/lavaulta/auto-re-agent/.tools/ghidra_12.1.2_PUBLIC/Ghidra/Features/VersionTracking/ghidra_scripts
    /fastdata/lavaulta/auto-re-agent/.tools/ghidra_12.1.2_PUBLIC/Ghidra/Features/BytePatterns/ghidra_scripts
    /fastdata/lavaulta/auto-re-agent/.tools/ghidra_12.1.2_PUBLIC/Ghidra/Processors/Atmel/ghidra_scripts
    /fastdata/lavaulta/auto-re-agent/.tools/ghidra_12.1.2_PUBLIC/Ghidra/Features/SystemEmulation/ghidra_scripts
    /fastdata/lavaulta/auto-re-agent/.tools/ghidra_12.1.2_PUBLIC/Ghidra/Processors/JVM/ghidra_scripts (HeadlessAnalyzer)  
INFO  HEADLESS: execution starts (HeadlessAnalyzer)  
INFO  Opening existing project: /fastdata/lavaulta/auto-re-agent/workspaces/ace-combat-6/ghidra-projects/ace-combat-6-corrected (HeadlessAnalyzer)  
INFO  Opening project: /fastdata/lavaulta/auto-re-agent/workspaces/ace-combat-6/ghidra-projects/ace-combat-6-corrected (HeadlessProject)  
INFO  REPORT: Processing project file: /default.xex (HeadlessAnalyzer)  
INFO  REPORT: Execute script: DumpRange.java '0x8236ed50' '0x8236ef30'  (HeadlessAnalyzer)  
INFO  SCRIPT: /fastdata/lavaulta/auto-re-agent/workspaces/ace-combat-6/scripts/DumpRange.java (HeadlessAnalyzer)  
INFO  DumpRange.java> 8236ed50 mfspr r12,LR (GhidraScript)  
INFO  DumpRange.java> 8236ed54 stw r12,-0x8(r1) (GhidraScript)  
INFO  DumpRange.java> 8236ed58 std r30,-0x18(r1) (GhidraScript)  
INFO  DumpRange.java> 8236ed5c std r31,-0x10(r1) (GhidraScript)  
INFO  DumpRange.java> 8236ed60 stwu r1,-0x70(r1) (GhidraScript)  
INFO  DumpRange.java> 8236ed64 or r31,r3,r3 (GhidraScript)  
INFO  DumpRange.java> 8236ed68 or r30,r4,r4 (GhidraScript)  
INFO  DumpRange.java> 8236ed6c lwz r3,0x0(r31) (GhidraScript)  
INFO  DumpRange.java> 8236ed70 cmplwi r3,0x0 (GhidraScript)  
INFO  DumpRange.java> 8236ed74 beq 0x8236ed84 (GhidraScript)  
INFO  DumpRange.java> 8236ed78 bl 0x82383670 (GhidraScript)  
INFO  DumpRange.java> 8236ed7c li r11,0x0 (GhidraScript)  
INFO  DumpRange.java> 8236ed80 stw r11,0x0(r31) (GhidraScript)  
INFO  DumpRange.java> 8236ed84 stw r30,0x0(r31) (GhidraScript)  
INFO  DumpRange.java> 8236ed88 addi r1,r1,0x70 (GhidraScript)  
INFO  DumpRange.java> 8236ed8c lwz r12,-0x8(r1) (GhidraScript)  
INFO  DumpRange.java> 8236ed90 mtspr LR,r12 (GhidraScript)  
INFO  DumpRange.java> 8236ed94 ld r30,-0x18(r1) (GhidraScript)  
INFO  DumpRange.java> 8236ed98 ld r31,-0x10(r1) (GhidraScript)  
INFO  DumpRange.java> 8236ed9c blr (GhidraScript)  
INFO  DumpRange.java> 8236eda0 mfspr r12,LR (GhidraScript)  
INFO  DumpRange.java> 8236eda4 bl 0x823864fc (GhidraScript)  
INFO  DumpRange.java> 8236eda8 stwu r1,-0x70(r1) (GhidraScript)  
INFO  DumpRange.java> 8236edac or r31,r3,r3 (GhidraScript)  
INFO  DumpRange.java> 8236edb0 li r29,0x0 (GhidraScript)  
INFO  DumpRange.java> 8236edb4 addi r30,r31,0x18 (GhidraScript)  
INFO  DumpRange.java> 8236edb8 li r11,0x10 (GhidraScript)  
INFO  DumpRange.java> 8236edbc std r5,0x8(r31) (GhidraScript)  
INFO  DumpRange.java> 8236edc0 stw r4,0x0(r31) (GhidraScript)  
INFO  DumpRange.java> 8236edc4 stw r4,0x10(r31) (GhidraScript)  
INFO  DumpRange.java> 8236edc8 stw r29,0x14(r31) (GhidraScript)  
INFO  DumpRange.java> 8236edcc stw r29,0x0(r30) (GhidraScript)  
INFO  DumpRange.java> 8236edd0 ld r10,0x8(r31) (GhidraScript)  
INFO  DumpRange.java> 8236edd4 cmpdi cr6,r10,0x10 (GhidraScript)  
INFO  DumpRange.java> 8236edd8 ble cr6,0x8236ee0c (GhidraScript)  
INFO  DumpRange.java> 8236eddc lwz r9,0x0(r31) (GhidraScript)  
INFO  DumpRange.java> 8236ede0 lwz r10,0x14(r31) (GhidraScript)  
INFO  DumpRange.java> 8236ede4 add r8,r9,r11 (GhidraScript)  
INFO  DumpRange.java> 8236ede8 addi r10,r10,0x1 (GhidraScript)  
INFO  DumpRange.java> 8236edec stw r10,0x14(r31) (GhidraScript)  
INFO  DumpRange.java> 8236edf0 lwz r10,0x4(r8) (GhidraScript)  
INFO  DumpRange.java> 8236edf4 ld r8,0x8(r31) (GhidraScript)  
INFO  DumpRange.java> 8236edf8 add r11,r10,r11 (GhidraScript)  
INFO  DumpRange.java> 8236edfc addi r11,r11,0x8 (GhidraScript)  
INFO  DumpRange.java> 8236ee00 rldicl r10,r11,0x0,0x20 (GhidraScript)  
INFO  DumpRange.java> 8236ee04 cmpd cr6,r10,r8 (GhidraScript)  
INFO  DumpRange.java> 8236ee08 blt cr6,0x8236ede0 (GhidraScript)  
INFO  DumpRange.java> 8236ee0c lwz r11,0x14(r31) (GhidraScript)  
INFO  DumpRange.java> 8236ee10 cmplwi r11,0x0 (GhidraScript)  
INFO  DumpRange.java> 8236ee14 beq 0x8236ee88 (GhidraScript)  
INFO  DumpRange.java> 8236ee18 lis r10,0x3fff (GhidraScript)  
INFO  DumpRange.java> 8236ee1c rlwinm r3,r11,0x2,0x0,0x1d (GhidraScript)  
INFO  DumpRange.java> 8236ee20 ori r10,r10,0xffff (GhidraScript)  
INFO  DumpRange.java> 8236ee24 cmplw cr6,r11,r10 (GhidraScript)  
INFO  DumpRange.java> 8236ee28 ble cr6,0x8236ee30 (GhidraScript)  
INFO  DumpRange.java> 8236ee2c li r3,-0x1 (GhidraScript)  
INFO  DumpRange.java> 8236ee30 bl 0x82203318 (GhidraScript)  
INFO  DumpRange.java> 8236ee34 or r4,r3,r3 (GhidraScript)  
INFO  DumpRange.java> 8236ee38 or r3,r30,r30 (GhidraScript)  
INFO  DumpRange.java> 8236ee3c bl 0x8236ed50 (GhidraScript)  
INFO  DumpRange.java> 8236ee40 lwz r9,0x14(r31) (GhidraScript)  
INFO  DumpRange.java> 8236ee44 li r10,0x10 (GhidraScript)  
INFO  DumpRange.java> 8236ee48 or r11,r29,r29 (GhidraScript)  
INFO  DumpRange.java> 8236ee4c cmplwi cr6,r9,0x0 (GhidraScript)  
INFO  DumpRange.java> 8236ee50 ble cr6,0x8236ee88 (GhidraScript)  
INFO  DumpRange.java> 8236ee54 or r9,r29,r29 (GhidraScript)  
INFO  DumpRange.java> 8236ee58 lwz r8,0x0(r31) (GhidraScript)  
INFO  DumpRange.java> 8236ee5c addi r11,r11,0x1 (GhidraScript)  
INFO  DumpRange.java> 8236ee60 lwz r7,0x0(r30) (GhidraScript)  
INFO  DumpRange.java> 8236ee64 add r8,r8,r10 (GhidraScript)  
INFO  DumpRange.java> 8236ee68 stwx r8,r7,r9 (GhidraScript)  
INFO  DumpRange.java> 8236ee6c addi r9,r9,0x4 (GhidraScript)  
INFO  DumpRange.java> 8236ee70 lwz r8,0x4(r8) (GhidraScript)  
INFO  DumpRange.java> 8236ee74 lwz r7,0x14(r31) (GhidraScript)  
INFO  DumpRange.java> 8236ee78 add r10,r8,r10 (GhidraScript)  
INFO  DumpRange.java> 8236ee7c cmplw cr6,r11,r7 (GhidraScript)  
INFO  DumpRange.java> 8236ee80 addi r10,r10,0x8 (GhidraScript)  
INFO  DumpRange.java> 8236ee84 blt cr6,0x8236ee58 (GhidraScript)  
INFO  DumpRange.java> 8236ee88 or r3,r31,r31 (GhidraScript)  
INFO  DumpRange.java> 8236ee8c addi r1,r1,0x70 (GhidraScript)  
INFO  DumpRange.java> 8236ee90 b 0x8238654c (GhidraScript)  
INFO  DumpRange.java> 8236ee94 <not-disassembled> (GhidraScript)  
INFO  DumpRange.java> 8236ee98 mfspr r12,LR (GhidraScript)  
INFO  DumpRange.java> 8236ee9c stw r12,-0x8(r1) (GhidraScript)  
INFO  DumpRange.java> 8236eea0 std r31,-0x10(r1) (GhidraScript)  
INFO  DumpRange.java> 8236eea4 stwu r1,-0x60(r1) (GhidraScript)  
INFO  DumpRange.java> 8236eea8 or r31,r3,r3 (GhidraScript)  
INFO  DumpRange.java> 8236eeac lwz r3,0x18(r31) (GhidraScript)  
INFO  DumpRange.java> 8236eeb0 cmplwi r3,0x0 (GhidraScript)  
INFO  DumpRange.java> 8236eeb4 beq 0x8236eec4 (GhidraScript)  
INFO  DumpRange.java> 8236eeb8 bl 0x82383670 (GhidraScript)  
INFO  DumpRange.java> 8236eebc li r11,0x0 (GhidraScript)  
INFO  DumpRange.java> 8236eec0 stw r11,0x18(r31) (GhidraScript)  
INFO  DumpRange.java> 8236eec4 addi r1,r1,0x60 (GhidraScript)  
INFO  DumpRange.java> 8236eec8 lwz r12,-0x8(r1) (GhidraScript)  
INFO  DumpRange.java> 8236eecc mtspr LR,r12 (GhidraScript)  
INFO  DumpRange.java> 8236eed0 ld r31,-0x10(r1) (GhidraScript)  
INFO  DumpRange.java> 8236eed4 blr (GhidraScript)  
INFO  DumpRange.java> 8236eed8 mfspr r12,LR (GhidraScript)  
INFO  DumpRange.java> 8236eedc bl 0x823864f4 (GhidraScript)  
INFO  DumpRange.java> 8236eee0 stwu r1,-0x80(r1) (GhidraScript)  
INFO  DumpRange.java> 8236eee4 or r27,r3,r3 (GhidraScript)  
INFO  DumpRange.java> 8236eee8 or r30,r4,r4 (GhidraScript)  
INFO  DumpRange.java> 8236eeec bl 0x82371998 (GhidraScript)  
INFO  DumpRange.java> 8236eef0 lis r11,-0x7d6f (GhidraScript)  
INFO  DumpRange.java> 8236eef4 or r28,r3,r3 (GhidraScript)  
INFO  DumpRange.java> 8236eef8 addi r31,r11,0x294c (GhidraScript)  
INFO  DumpRange.java> 8236eefc lwz r11,0x0(r31) (GhidraScript)  
INFO  DumpRange.java> 8236ef00 cmplwi cr6,r11,0x0 (GhidraScript)  
INFO  DumpRange.java> 8236ef04 bne cr6,0x8236eff8 (GhidraScript)  
INFO  DumpRange.java> 8236ef08 lis r29,-0x7d98 (GhidraScript)  
INFO  DumpRange.java> 8236ef0c lis r3,0x0 (GhidraScript)  
INFO  DumpRange.java> 8236ef10 ori r3,r3,0xa3b4 (GhidraScript)  
INFO  DumpRange.java> 8236ef14 lwz r11,-0x5fb8(r29) (GhidraScript)  
INFO  DumpRange.java> 8236ef18 mtspr CTR,r11 (GhidraScript)  
INFO  DumpRange.java> 8236ef1c bctrl (GhidraScript)  
INFO  DumpRange.java> 8236ef20 cmplwi r3,0x0 (GhidraScript)  
INFO  DumpRange.java> 8236ef24 beq 0x8236ef30 (GhidraScript)  
INFO  DumpRange.java> 8236ef28 bl 0x82371f38 (GhidraScript)  
INFO  DumpRange.java> 8236ef2c b 0x8236ef34 (GhidraScript)  
INFO  REPORT: Save succeeded for processed file: /default.xex (HeadlessAnalyzer)  
