Picked up JAVA_TOOL_OPTIONS: -Duser.home=/tmp/ac6-ghidra-home-corrected
Picked up JAVA_TOOL_OPTIONS: -Duser.home=/tmp/ac6-ghidra-home-corrected
Picked up JAVA_TOOL_OPTIONS: -Duser.home=/tmp/ac6-ghidra-home-corrected
Picked up JAVA_TOOL_OPTIONS: -Duser.home=/tmp/ac6-ghidra-home-corrected
openjdk version "21.0.11" 2026-04-21
OpenJDK Runtime Environment (build 21.0.11+10-1-26.04.2-Ubuntu)
OpenJDK 64-Bit Server VM (build 21.0.11+10-1-26.04.2-Ubuntu, mixed mode)
INFO  Using log config file: jar:file:/fastdata/lavaulta/auto-re-agent/.tools/ghidra_12.1.2_PUBLIC/Ghidra/Framework/Generic/lib/Generic.jar!/generic.log4j.xml (LoggingInitialization)  
INFO  Using log file: /tmp/ac6-ghidra-home-corrected/.config/ghidra/ghidra_12.1.2_PUBLIC/application.log (LoggingInitialization)  
INFO  Loading user preferences: /tmp/ac6-ghidra-home-corrected/.config/ghidra/ghidra_12.1.2_PUBLIC/preferences (Preferences)  
INFO  Searching for classes... (ClassSearcher)  
INFO  Ignoring class 'xexloaderwv.XEXLoaderWVLoader' from '/fastdata/lavaulta/auto-re-agent/.tools/ghidra_12.1.2_PUBLIC/Ghidra/Extensions/XEXLoaderWV/lib/XEXLoaderWV.jar'. Already found at '/fastdata/lavaulta/auto-re-agent/.tools/ghidra_12.1.2_PUBLIC/Ghidra/patch/XEXLoaderWV-java21.jar'. (ClassSearcher)  
INFO  Class search complete (1588 ms) (ClassSearcher)  
INFO  Initializing SSL Context (DefaultSSLContextInitializer)  
INFO  Initializing Random Number Generator... (SecureRandomFactory)  
INFO  Random Number Generator initialization complete: NativePRNGNonBlocking (SecureRandomFactory)  
INFO  Trust manager disabled, cacerts have not been set (DefaultTrustManagerFactory)  
INFO  Headless startup complete (3231 ms) (AnalyzeHeadless)  
INFO  Class searcher loaded 59 extension points (20 false positives) (ClassSearcher)  
INFO  HEADLESS Script Paths:
    /fastdata/lavaulta/auto-re-agent/.tools/ghidra_12.1.2_PUBLIC/Ghidra/Features/MicrosoftCodeAnalyzer/ghidra_scripts
    /fastdata/lavaulta/auto-re-agent/.tools/ghidra_12.1.2_PUBLIC/Ghidra/Features/PDB/ghidra_scripts
    /fastdata/lavaulta/auto-re-agent/.tools/ghidra_12.1.2_PUBLIC/Ghidra/Processors/8051/ghidra_scripts
    /fastdata/lavaulta/auto-re-agent/.tools/ghidra_12.1.2_PUBLIC/Ghidra/Features/Base/ghidra_scripts
    /fastdata/lavaulta/auto-re-agent/workspaces/ace-combat-6/scripts
    /fastdata/lavaulta/auto-re-agent/.tools/ghidra_12.1.2_PUBLIC/Ghidra/Features/FileFormats/ghidra_scripts
    /fastdata/lavaulta/auto-re-agent/.tools/ghidra_12.1.2_PUBLIC/Ghidra/Features/GnuDemangler/ghidra_scripts
    /fastdata/lavaulta/auto-re-agent/.tools/ghidra_12.1.2_PUBLIC/Ghidra/Extensions/ghidra-emotionengine-reloaded/ghidra_scripts
    /fastdata/lavaulta/auto-re-agent/.tools/ghidra_12.1.2_PUBLIC/Ghidra/Features/Decompiler/ghidra_scripts
    /fastdata/lavaulta/auto-re-agent/.tools/ghidra_12.1.2_PUBLIC/Ghidra/Features/FunctionID/ghidra_scripts
    /fastdata/lavaulta/auto-re-agent/.tools/ghidra_12.1.2_PUBLIC/Ghidra/Features/DecompilerDependent/ghidra_scripts
    /fastdata/lavaulta/auto-re-agent/.tools/ghidra_12.1.2_PUBLIC/Ghidra/Processors/DATA/ghidra_scripts
    /fastdata/lavaulta/auto-re-agent/.tools/ghidra_12.1.2_PUBLIC/Ghidra/Debug/Debugger-rmi-trace/ghidra_scripts
    /fastdata/lavaulta/auto-re-agent/.tools/ghidra_12.1.2_PUBLIC/Ghidra/Features/SwiftDemangler/ghidra_scripts
    /fastdata/lavaulta/auto-re-agent/.tools/ghidra_12.1.2_PUBLIC/Ghidra/Debug/Debugger/ghidra_scripts
    /fastdata/lavaulta/auto-re-agent/.tools/ghidra_12.1.2_PUBLIC/Ghidra/Processors/PIC/ghidra_scripts
    /fastdata/lavaulta/auto-re-agent/.tools/ghidra_12.1.2_PUBLIC/Ghidra/Extensions/XEXLoaderWV/ghidra_scripts
    /fastdata/lavaulta/auto-re-agent/.tools/ghidra_12.1.2_PUBLIC/Ghidra/Features/WildcardAssembler/ghidra_scripts
    /fastdata/lavaulta/auto-re-agent/.tools/ghidra_12.1.2_PUBLIC/Ghidra/Features/PyGhidra/ghidra_scripts
    /fastdata/lavaulta/auto-re-agent/.tools/ghidra_12.1.2_PUBLIC/Ghidra/Features/BSim/ghidra_scripts
    /fastdata/lavaulta/auto-re-agent/.tools/ghidra_12.1.2_PUBLIC/Ghidra/Features/VersionTracking/ghidra_scripts
    /fastdata/lavaulta/auto-re-agent/.tools/ghidra_12.1.2_PUBLIC/Ghidra/Features/BytePatterns/ghidra_scripts
    /fastdata/lavaulta/auto-re-agent/.tools/ghidra_12.1.2_PUBLIC/Ghidra/Processors/Atmel/ghidra_scripts
    /fastdata/lavaulta/auto-re-agent/.tools/ghidra_12.1.2_PUBLIC/Ghidra/Features/SystemEmulation/ghidra_scripts
    /fastdata/lavaulta/auto-re-agent/.tools/ghidra_12.1.2_PUBLIC/Ghidra/Processors/JVM/ghidra_scripts (HeadlessAnalyzer)  
INFO  HEADLESS: execution starts (HeadlessAnalyzer)  
INFO  Opening existing project: /fastdata/lavaulta/auto-re-agent/workspaces/ace-combat-6/ghidra-projects/ace-combat-6-corrected (HeadlessAnalyzer)  
INFO  Opening project: /fastdata/lavaulta/auto-re-agent/workspaces/ace-combat-6/ghidra-projects/ace-combat-6-corrected (HeadlessProject)  
INFO  REPORT: Processing project file: /default.xex (HeadlessAnalyzer)  
INFO  REPORT: Execute script: FindU32.java '0x00003040'  (HeadlessAnalyzer)  
INFO  SCRIPT: /fastdata/lavaulta/auto-re-agent/workspaces/ace-combat-6/scripts/FindU32.java (HeadlessAnalyzer)  
INFO  REPORT: Execute script: FindU32.java '0x00003041'  (HeadlessAnalyzer)  
INFO  SCRIPT: /fastdata/lavaulta/auto-re-agent/workspaces/ace-combat-6/scripts/FindU32.java (HeadlessAnalyzer)  
INFO  REPORT: Execute script: FindU32.java '0x00011e00'  (HeadlessAnalyzer)  
INFO  SCRIPT: /fastdata/lavaulta/auto-re-agent/workspaces/ace-combat-6/scripts/FindU32.java (HeadlessAnalyzer)  
INFO  REPORT: Execute script: FindU32.java '0x9e7562af'  (HeadlessAnalyzer)  
INFO  SCRIPT: /fastdata/lavaulta/auto-re-agent/workspaces/ace-combat-6/scripts/FindU32.java (HeadlessAnalyzer)  
INFO  REPORT: Execute script: FindInstructionScalar.java '0x8001'  (HeadlessAnalyzer)  
INFO  SCRIPT: /fastdata/lavaulta/auto-re-agent/workspaces/ace-combat-6/scripts/FindInstructionScalar.java (HeadlessAnalyzer)  
INFO  FindInstructionScalar.java> 820b2948 ori r4,r4,0x8001 (GhidraScript)  
INFO  FindInstructionScalar.java> 82123bc4 ori r4,r4,0x8001 (GhidraScript)  
INFO  FindInstructionScalar.java> 82123c7c ori r4,r4,0x8001 (GhidraScript)  
INFO  FindInstructionScalar.java> 82123ddc ori r4,r4,0x8001 (GhidraScript)  
INFO  FindInstructionScalar.java> 8213c0a0 ori r4,r4,0x8001 (GhidraScript)  
INFO  FindInstructionScalar.java> 821ddbe0 ori r7,r7,0x8001 (GhidraScript)  
INFO  FindInstructionScalar.java> 821e4a3c ori r10,r10,0x8001 (GhidraScript)  
INFO  FindInstructionScalar.java> 8236b8cc cmplwi cr6,r11,0x8001 (GhidraScript)  
INFO  REPORT: Execute script: FindInstructionScalar.java '0x8002'  (HeadlessAnalyzer)  
INFO  SCRIPT: /fastdata/lavaulta/auto-re-agent/workspaces/ace-combat-6/scripts/FindInstructionScalar.java (HeadlessAnalyzer)  
INFO  FindInstructionScalar.java> 8209dc20 ori r3,r3,0x8002 (GhidraScript)  
INFO  FindInstructionScalar.java> 820b202c ori r30,r11,0x8002 (GhidraScript)  
INFO  FindInstructionScalar.java> 82120510 ori r30,r11,0x8002 (GhidraScript)  
INFO  FindInstructionScalar.java> 82120e94 ori r11,r11,0x8002 (GhidraScript)  
INFO  FindInstructionScalar.java> 8212225c ori r11,r11,0x8002 (GhidraScript)  
INFO  FindInstructionScalar.java> 82123c90 ori r3,r3,0x8002 (GhidraScript)  
INFO  FindInstructionScalar.java> 82133e6c ori r3,r3,0x8002 (GhidraScript)  
INFO  FindInstructionScalar.java> 82133f84 ori r3,r3,0x8002 (GhidraScript)  
INFO  FindInstructionScalar.java> 8236b8bc cmplwi cr6,r11,0x8002 (GhidraScript)  
INFO  FindInstructionScalar.java> 8236b8ec cmplwi cr6,r11,0x8002 (GhidraScript)  
INFO  REPORT: Execute script: FindInstructionScalar.java '0x1001'  (HeadlessAnalyzer)  
INFO  SCRIPT: /fastdata/lavaulta/auto-re-agent/workspaces/ace-combat-6/scripts/FindInstructionScalar.java (HeadlessAnalyzer)  
INFO  FindInstructionScalar.java> 820b454c addi r10,r10,0x1001 (GhidraScript)  
INFO  FindInstructionScalar.java> 8216ff3c li r5,0x1001 (GhidraScript)  
INFO  FindInstructionScalar.java> 8216ffd0 li r5,0x1001 (GhidraScript)  
INFO  FindInstructionScalar.java> 82170114 li r5,0x1001 (GhidraScript)  
INFO  FindInstructionScalar.java> 821701a4 li r5,0x1001 (GhidraScript)  
INFO  FindInstructionScalar.java> 8217049c li r5,0x1001 (GhidraScript)  
INFO  FindInstructionScalar.java> 822ba98c addi r11,r11,0x1001 (GhidraScript)  
INFO  FindInstructionScalar.java> 8236c9f0 li r4,0x1001 (GhidraScript)  
INFO  REPORT: Save succeeded for processed file: /default.xex (HeadlessAnalyzer)  
