Picked up JAVA_TOOL_OPTIONS: -Duser.home=/tmp/ac6-ghidra-home-corrected
Picked up JAVA_TOOL_OPTIONS: -Duser.home=/tmp/ac6-ghidra-home-corrected
Picked up JAVA_TOOL_OPTIONS: -Duser.home=/tmp/ac6-ghidra-home-corrected
Picked up JAVA_TOOL_OPTIONS: -Duser.home=/tmp/ac6-ghidra-home-corrected
openjdk version "21.0.11" 2026-04-21
OpenJDK Runtime Environment (build 21.0.11+10-1-26.04.2-Ubuntu)
OpenJDK 64-Bit Server VM (build 21.0.11+10-1-26.04.2-Ubuntu, mixed mode)
INFO  Using log config file: jar:file:/fastdata/lavaulta/auto-re-agent/.tools/ghidra_12.1.2_PUBLIC/Ghidra/Framework/Generic/lib/Generic.jar!/generic.log4j.xml (LoggingInitialization)  
INFO  Using log file: /tmp/ac6-ghidra-home-corrected/.config/ghidra/ghidra_12.1.2_PUBLIC/application.log (LoggingInitialization)  
INFO  Loading user preferences: /tmp/ac6-ghidra-home-corrected/.config/ghidra/ghidra_12.1.2_PUBLIC/preferences (Preferences)  
INFO  Searching for classes... (ClassSearcher)  
INFO  Ignoring class 'xexloaderwv.XEXLoaderWVLoader' from '/fastdata/lavaulta/auto-re-agent/.tools/ghidra_12.1.2_PUBLIC/Ghidra/Extensions/XEXLoaderWV/lib/XEXLoaderWV.jar'. Already found at '/fastdata/lavaulta/auto-re-agent/.tools/ghidra_12.1.2_PUBLIC/Ghidra/patch/XEXLoaderWV-java21.jar'. (ClassSearcher)  
INFO  Class search complete (1495 ms) (ClassSearcher)  
INFO  Initializing SSL Context (DefaultSSLContextInitializer)  
INFO  Initializing Random Number Generator... (SecureRandomFactory)  
INFO  Random Number Generator initialization complete: NativePRNGNonBlocking (SecureRandomFactory)  
INFO  Trust manager disabled, cacerts have not been set (DefaultTrustManagerFactory)  
INFO  Headless startup complete (3147 ms) (AnalyzeHeadless)  
INFO  Class searcher loaded 59 extension points (20 false positives) (ClassSearcher)  
INFO  HEADLESS Script Paths:
    /fastdata/lavaulta/auto-re-agent/.tools/ghidra_12.1.2_PUBLIC/Ghidra/Features/MicrosoftCodeAnalyzer/ghidra_scripts
    /fastdata/lavaulta/auto-re-agent/.tools/ghidra_12.1.2_PUBLIC/Ghidra/Features/PDB/ghidra_scripts
    /fastdata/lavaulta/auto-re-agent/.tools/ghidra_12.1.2_PUBLIC/Ghidra/Processors/8051/ghidra_scripts
    /fastdata/lavaulta/auto-re-agent/.tools/ghidra_12.1.2_PUBLIC/Ghidra/Features/Base/ghidra_scripts
    /fastdata/lavaulta/auto-re-agent/workspaces/ace-combat-6/scripts
    /fastdata/lavaulta/auto-re-agent/.tools/ghidra_12.1.2_PUBLIC/Ghidra/Features/FileFormats/ghidra_scripts
    /fastdata/lavaulta/auto-re-agent/.tools/ghidra_12.1.2_PUBLIC/Ghidra/Features/GnuDemangler/ghidra_scripts
    /fastdata/lavaulta/auto-re-agent/.tools/ghidra_12.1.2_PUBLIC/Ghidra/Extensions/ghidra-emotionengine-reloaded/ghidra_scripts
    /fastdata/lavaulta/auto-re-agent/.tools/ghidra_12.1.2_PUBLIC/Ghidra/Features/Decompiler/ghidra_scripts
    /fastdata/lavaulta/auto-re-agent/.tools/ghidra_12.1.2_PUBLIC/Ghidra/Features/FunctionID/ghidra_scripts
    /fastdata/lavaulta/auto-re-agent/.tools/ghidra_12.1.2_PUBLIC/Ghidra/Features/DecompilerDependent/ghidra_scripts
    /fastdata/lavaulta/auto-re-agent/.tools/ghidra_12.1.2_PUBLIC/Ghidra/Processors/DATA/ghidra_scripts
    /fastdata/lavaulta/auto-re-agent/.tools/ghidra_12.1.2_PUBLIC/Ghidra/Debug/Debugger-rmi-trace/ghidra_scripts
    /fastdata/lavaulta/auto-re-agent/.tools/ghidra_12.1.2_PUBLIC/Ghidra/Features/SwiftDemangler/ghidra_scripts
    /fastdata/lavaulta/auto-re-agent/.tools/ghidra_12.1.2_PUBLIC/Ghidra/Debug/Debugger/ghidra_scripts
    /fastdata/lavaulta/auto-re-agent/.tools/ghidra_12.1.2_PUBLIC/Ghidra/Processors/PIC/ghidra_scripts
    /fastdata/lavaulta/auto-re-agent/.tools/ghidra_12.1.2_PUBLIC/Ghidra/Extensions/XEXLoaderWV/ghidra_scripts
    /fastdata/lavaulta/auto-re-agent/.tools/ghidra_12.1.2_PUBLIC/Ghidra/Features/WildcardAssembler/ghidra_scripts
    /fastdata/lavaulta/auto-re-agent/.tools/ghidra_12.1.2_PUBLIC/Ghidra/Features/PyGhidra/ghidra_scripts
    /fastdata/lavaulta/auto-re-agent/.tools/ghidra_12.1.2_PUBLIC/Ghidra/Features/BSim/ghidra_scripts
    /fastdata/lavaulta/auto-re-agent/.tools/ghidra_12.1.2_PUBLIC/Ghidra/Features/VersionTracking/ghidra_scripts
    /fastdata/lavaulta/auto-re-agent/.tools/ghidra_12.1.2_PUBLIC/Ghidra/Features/BytePatterns/ghidra_scripts
    /fastdata/lavaulta/auto-re-agent/.tools/ghidra_12.1.2_PUBLIC/Ghidra/Processors/Atmel/ghidra_scripts
    /fastdata/lavaulta/auto-re-agent/.tools/ghidra_12.1.2_PUBLIC/Ghidra/Features/SystemEmulation/ghidra_scripts
    /fastdata/lavaulta/auto-re-agent/.tools/ghidra_12.1.2_PUBLIC/Ghidra/Processors/JVM/ghidra_scripts (HeadlessAnalyzer)  
INFO  HEADLESS: execution starts (HeadlessAnalyzer)  
INFO  Opening existing project: /fastdata/lavaulta/auto-re-agent/workspaces/ace-combat-6/ghidra-projects/ace-combat-6-corrected (HeadlessAnalyzer)  
INFO  Opening project: /fastdata/lavaulta/auto-re-agent/workspaces/ace-combat-6/ghidra-projects/ace-combat-6-corrected (HeadlessProject)  
INFO  REPORT: Processing project file: /default.xex (HeadlessAnalyzer)  
INFO  REPORT: Execute script: DumpRange.java '0x8236d300' '0x8236d430'  (HeadlessAnalyzer)  
INFO  SCRIPT: /fastdata/lavaulta/auto-re-agent/workspaces/ace-combat-6/scripts/DumpRange.java (HeadlessAnalyzer)  
INFO  DumpRange.java> 8236d300 mulli r11,r31,0xc (GhidraScript)  
INFO  DumpRange.java> 8236d304 ble cr6,0x8236d30c (GhidraScript)  
INFO  DumpRange.java> 8236d308 or r11,r30,r30 (GhidraScript)  
INFO  DumpRange.java> 8236d30c li r10,-0x5 (GhidraScript)  
INFO  DumpRange.java> 8236d310 cmplw cr6,r11,r10 (GhidraScript)  
INFO  DumpRange.java> 8236d314 bgt cr6,0x8236d31c (GhidraScript)  
INFO  DumpRange.java> 8236d318 addi r30,r11,0x4 (GhidraScript)  
INFO  DumpRange.java> 8236d31c bl 0x82369358 (GhidraScript)  
INFO  DumpRange.java> 8236d320 lwz r11,0x0(r3) (GhidraScript)  
INFO  DumpRange.java> 8236d324 or r4,r30,r30 (GhidraScript)  
INFO  DumpRange.java> 8236d328 lwz r11,0x4(r11) (GhidraScript)  
INFO  DumpRange.java> 8236d32c mtspr CTR,r11 (GhidraScript)  
INFO  DumpRange.java> 8236d330 bctrl (GhidraScript)  
INFO  DumpRange.java> 8236d334 cmplwi r3,0x0 (GhidraScript)  
INFO  DumpRange.java> 8236d338 beq 0x8236d370 (GhidraScript)  
INFO  DumpRange.java> 8236d33c addi r8,r3,0x4 (GhidraScript)  
INFO  DumpRange.java> 8236d340 stw r31,0x0(r3) (GhidraScript)  
INFO  DumpRange.java> 8236d344 subic. r10,r31,0x1 (GhidraScript)  
INFO  DumpRange.java> 8236d348 or r11,r8,r8 (GhidraScript)  
INFO  DumpRange.java> 8236d34c blt 0x8236d374 (GhidraScript)  
INFO  DumpRange.java> 8236d350 li r9,0x0 (GhidraScript)  
INFO  DumpRange.java> 8236d354 stw r9,0x0(r11) (GhidraScript)  
INFO  DumpRange.java> 8236d358 subic. r10,r10,0x1 (GhidraScript)  
INFO  DumpRange.java> 8236d35c stw r9,0x4(r11) (GhidraScript)  
INFO  DumpRange.java> 8236d360 stw r9,0x8(r11) (GhidraScript)  
INFO  DumpRange.java> 8236d364 addi r11,r11,0xc (GhidraScript)  
INFO  DumpRange.java> 8236d368 bge 0x8236d354 (GhidraScript)  
INFO  DumpRange.java> 8236d36c b 0x8236d374 (GhidraScript)  
INFO  DumpRange.java> 8236d370 li r8,0x0 (GhidraScript)  
INFO  DumpRange.java> 8236d374 or r4,r8,r8 (GhidraScript)  
INFO  DumpRange.java> 8236d378 addi r3,r29,0x1c (GhidraScript)  
INFO  DumpRange.java> 8236d37c bl 0x8236d1c8 (GhidraScript)  
INFO  DumpRange.java> 8236d380 addi r1,r1,0x70 (GhidraScript)  
INFO  DumpRange.java> 8236d384 b 0x8238654c (GhidraScript)  
INFO  DumpRange.java> 8236d388 mfspr r12,LR (GhidraScript)  
INFO  DumpRange.java> 8236d38c stw r12,-0x8(r1) (GhidraScript)  
INFO  DumpRange.java> 8236d390 std r30,-0x18(r1) (GhidraScript)  
INFO  DumpRange.java> 8236d394 std r31,-0x10(r1) (GhidraScript)  
INFO  DumpRange.java> 8236d398 stwu r1,-0x70(r1) (GhidraScript)  
INFO  DumpRange.java> 8236d39c or r31,r3,r3 (GhidraScript)  
INFO  DumpRange.java> 8236d3a0 li r30,0x0 (GhidraScript)  
INFO  DumpRange.java> 8236d3a4 addi r3,r31,0x20 (GhidraScript)  
INFO  DumpRange.java> 8236d3a8 stw r30,0x0(r31) (GhidraScript)  
INFO  DumpRange.java> 8236d3ac stw r30,0x4(r31) (GhidraScript)  
INFO  DumpRange.java> 8236d3b0 stw r30,0xc(r31) (GhidraScript)  
INFO  DumpRange.java> 8236d3b4 stw r30,0x10(r31) (GhidraScript)  
INFO  DumpRange.java> 8236d3b8 stw r30,0x14(r31) (GhidraScript)  
INFO  DumpRange.java> 8236d3bc stw r30,0x18(r31) (GhidraScript)  
INFO  DumpRange.java> 8236d3c0 stw r30,0x8(r31) (GhidraScript)  
INFO  DumpRange.java> 8236d3c4 stw r30,0x1c(r31) (GhidraScript)  
INFO  DumpRange.java> 8236d3c8 bl 0x8236eda0 (GhidraScript)  
INFO  DumpRange.java> 8236d3cc or r3,r31,r31 (GhidraScript)  
INFO  DumpRange.java> 8236d3d0 bl 0x8236d270 (GhidraScript)  
INFO  DumpRange.java> 8236d3d4 or r3,r31,r31 (GhidraScript)  
INFO  DumpRange.java> 8236d3d8 bl 0x8236c9d8 (GhidraScript)  
INFO  DumpRange.java> 8236d3dc lwz r11,0x8(r31) (GhidraScript)  
INFO  DumpRange.java> 8236d3e0 cmplwi cr6,r11,0x0 (GhidraScript)  
INFO  DumpRange.java> 8236d3e4 ble cr6,0x8236d428 (GhidraScript)  
INFO  DumpRange.java> 8236d3e8 or r4,r30,r30 (GhidraScript)  
INFO  DumpRange.java> 8236d3ec or r3,r31,r31 (GhidraScript)  
INFO  DumpRange.java> 8236d3f0 bl 0x8236d028 (GhidraScript)  
INFO  DumpRange.java> 8236d3f4 or r4,r30,r30 (GhidraScript)  
INFO  DumpRange.java> 8236d3f8 or r3,r31,r31 (GhidraScript)  
INFO  DumpRange.java> 8236d3fc bl 0x8236cbc0 (GhidraScript)  
INFO  DumpRange.java> 8236d400 or r4,r30,r30 (GhidraScript)  
INFO  DumpRange.java> 8236d404 or r3,r31,r31 (GhidraScript)  
INFO  DumpRange.java> 8236d408 bl 0x8236cc20 (GhidraScript)  
INFO  DumpRange.java> 8236d40c or r4,r30,r30 (GhidraScript)  
INFO  DumpRange.java> 8236d410 or r3,r31,r31 (GhidraScript)  
INFO  DumpRange.java> 8236d414 bl 0x8236cd88 (GhidraScript)  
INFO  DumpRange.java> 8236d418 lwz r11,0x8(r31) (GhidraScript)  
INFO  DumpRange.java> 8236d41c addi r30,r30,0x1 (GhidraScript)  
INFO  DumpRange.java> 8236d420 cmplw cr6,r30,r11 (GhidraScript)  
INFO  DumpRange.java> 8236d424 blt cr6,0x8236d3e8 (GhidraScript)  
INFO  DumpRange.java> 8236d428 or r3,r31,r31 (GhidraScript)  
INFO  DumpRange.java> 8236d42c addi r1,r1,0x70 (GhidraScript)  
INFO  REPORT: Execute script: DumpRange.java '0x8236e300' '0x8236e430'  (HeadlessAnalyzer)  
INFO  SCRIPT: /fastdata/lavaulta/auto-re-agent/workspaces/ace-combat-6/scripts/DumpRange.java (HeadlessAnalyzer)  
INFO  DumpRange.java> 8236e300 stw r30,0x4(r31) (GhidraScript)  
INFO  DumpRange.java> 8236e304 stw r30,0x8(r31) (GhidraScript)  
INFO  DumpRange.java> 8236e308 stw r30,0xc(r31) (GhidraScript)  
INFO  DumpRange.java> 8236e30c stw r30,0x10(r31) (GhidraScript)  
INFO  DumpRange.java> 8236e310 stw r30,0x14(r31) (GhidraScript)  
INFO  DumpRange.java> 8236e314 stw r30,0x18(r31) (GhidraScript)  
INFO  DumpRange.java> 8236e318 stw r30,0x1c(r31) (GhidraScript)  
INFO  DumpRange.java> 8236e31c stw r30,0x20(r31) (GhidraScript)  
INFO  DumpRange.java> 8236e320 stw r30,0x24(r31) (GhidraScript)  
INFO  DumpRange.java> 8236e324 stw r30,0x28(r31) (GhidraScript)  
INFO  DumpRange.java> 8236e328 stw r30,0x2c(r31) (GhidraScript)  
INFO  DumpRange.java> 8236e32c stw r30,0x30(r31) (GhidraScript)  
INFO  DumpRange.java> 8236e330 bl 0x8236eda0 (GhidraScript)  
INFO  DumpRange.java> 8236e334 li r5,0x0 (GhidraScript)  
INFO  DumpRange.java> 8236e338 stw r30,0x58(r31) (GhidraScript)  
INFO  DumpRange.java> 8236e33c li r4,0x3000 (GhidraScript)  
INFO  DumpRange.java> 8236e340 stw r30,0x5c(r31) (GhidraScript)  
INFO  DumpRange.java> 8236e344 or r3,r29,r29 (GhidraScript)  
INFO  DumpRange.java> 8236e348 stw r30,0x60(r31) (GhidraScript)  
INFO  DumpRange.java> 8236e34c stw r30,0x64(r31) (GhidraScript)  
INFO  DumpRange.java> 8236e350 stw r30,0x68(r31) (GhidraScript)  
INFO  DumpRange.java> 8236e354 stw r30,0x6c(r31) (GhidraScript)  
INFO  DumpRange.java> 8236e358 stw r30,0x70(r31) (GhidraScript)  
INFO  DumpRange.java> 8236e35c stw r30,0x74(r31) (GhidraScript)  
INFO  DumpRange.java> 8236e360 stw r30,0x78(r31) (GhidraScript)  
INFO  DumpRange.java> 8236e364 stw r30,0x7c(r31) (GhidraScript)  
INFO  DumpRange.java> 8236e368 stw r30,0x80(r31) (GhidraScript)  
INFO  DumpRange.java> 8236e36c stw r30,0x84(r31) (GhidraScript)  
INFO  DumpRange.java> 8236e370 bl 0x8236ece8 (GhidraScript)  
INFO  DumpRange.java> 8236e374 or r11,r3,r3 (GhidraScript)  
INFO  DumpRange.java> 8236e378 or r3,r31,r31 (GhidraScript)  
INFO  DumpRange.java> 8236e37c lwz r11,0x0(r11) (GhidraScript)  
INFO  DumpRange.java> 8236e380 stw r11,0x0(r31) (GhidraScript)  
INFO  DumpRange.java> 8236e384 bl 0x8236d4c0 (GhidraScript)  
INFO  DumpRange.java> 8236e388 or r3,r31,r31 (GhidraScript)  
INFO  DumpRange.java> 8236e38c bl 0x8236d8c8 (GhidraScript)  
INFO  DumpRange.java> 8236e390 or r3,r31,r31 (GhidraScript)  
INFO  DumpRange.java> 8236e394 bl 0x8236dd20 (GhidraScript)  
INFO  DumpRange.java> 8236e398 or r3,r31,r31 (GhidraScript)  
INFO  DumpRange.java> 8236e39c bl 0x8236de90 (GhidraScript)  
INFO  DumpRange.java> 8236e3a0 or r3,r31,r31 (GhidraScript)  
INFO  DumpRange.java> 8236e3a4 bl 0x8236d9a8 (GhidraScript)  
INFO  DumpRange.java> 8236e3a8 or r3,r31,r31 (GhidraScript)  
INFO  DumpRange.java> 8236e3ac bl 0x8236e000 (GhidraScript)  
INFO  DumpRange.java> 8236e3b0 or r3,r31,r31 (GhidraScript)  
INFO  DumpRange.java> 8236e3b4 bl 0x8236da78 (GhidraScript)  
INFO  DumpRange.java> 8236e3b8 or r3,r31,r31 (GhidraScript)  
INFO  DumpRange.java> 8236e3bc bl 0x8236e170 (GhidraScript)  
INFO  DumpRange.java> 8236e3c0 or r3,r31,r31 (GhidraScript)  
INFO  DumpRange.java> 8236e3c4 addi r1,r1,0x70 (GhidraScript)  
INFO  DumpRange.java> 8236e3c8 b 0x8238654c (GhidraScript)  
INFO  DumpRange.java> 8236e3cc <not-disassembled> (GhidraScript)  
INFO  DumpRange.java> 8236e3d0 stw r4,0x8(r3) (GhidraScript)  
INFO  DumpRange.java> 8236e3d4 blr (GhidraScript)  
INFO  DumpRange.java> 8236e3d8 stw r4,0xc(r3) (GhidraScript)  
INFO  DumpRange.java> 8236e3dc blr (GhidraScript)  
INFO  DumpRange.java> 8236e3e0 lwz r3,0xc(r3) (GhidraScript)  
INFO  DumpRange.java> 8236e3e4 blr (GhidraScript)  
INFO  DumpRange.java> 8236e3e8 lwz r11,0x20(r3) (GhidraScript)  
INFO  DumpRange.java> 8236e3ec cmplwi cr6,r11,0x0 (GhidraScript)  
INFO  DumpRange.java> 8236e3f0 beq cr6,0x8236e3fc (GhidraScript)  
INFO  DumpRange.java> 8236e3f4 li r3,0x0 (GhidraScript)  
INFO  DumpRange.java> 8236e3f8 blr (GhidraScript)  
INFO  DumpRange.java> 8236e3fc lwz r3,0x18(r3) (GhidraScript)  
INFO  DumpRange.java> 8236e400 blr (GhidraScript)  
INFO  DumpRange.java> 8236e404 <not-disassembled> (GhidraScript)  
INFO  DumpRange.java> 8236e408 lwz r11,0x20(r3) (GhidraScript)  
INFO  DumpRange.java> 8236e40c cmplwi cr6,r11,0x0 (GhidraScript)  
INFO  DumpRange.java> 8236e410 beq cr6,0x8236e41c (GhidraScript)  
INFO  DumpRange.java> 8236e414 li r3,0x0 (GhidraScript)  
INFO  DumpRange.java> 8236e418 blr (GhidraScript)  
INFO  DumpRange.java> 8236e41c lwz r3,0x1c(r3) (GhidraScript)  
INFO  DumpRange.java> 8236e420 blr (GhidraScript)  
INFO  DumpRange.java> 8236e424 <not-disassembled> (GhidraScript)  
INFO  DumpRange.java> 8236e428 li r11,0x1 (GhidraScript)  
INFO  DumpRange.java> 8236e42c stw r11,0x20(r3) (GhidraScript)  
INFO  REPORT: Execute script: DumpRange.java '0x8236bb00' '0x8236be00'  (HeadlessAnalyzer)  
INFO  SCRIPT: /fastdata/lavaulta/auto-re-agent/workspaces/ace-combat-6/scripts/DumpRange.java (HeadlessAnalyzer)  
INFO  DumpRange.java> 8236bb00 bge cr6,0x8236bb0c (GhidraScript)  
INFO  DumpRange.java> 8236bb04 li r3,0x0 (GhidraScript)  
INFO  DumpRange.java> 8236bb08 b 0x8236bb88 (GhidraScript)  
INFO  DumpRange.java> 8236bb0c addi r29,r30,0x8 (GhidraScript)  
INFO  DumpRange.java> 8236bb10 or r3,r29,r29 (GhidraScript)  
INFO  DumpRange.java> 8236bb14 bl 0x8236d4b8 (GhidraScript)  
INFO  DumpRange.java> 8236bb18 li r4,0x0 (GhidraScript)  
INFO  DumpRange.java> 8236bb1c or r3,r29,r29 (GhidraScript)  
INFO  DumpRange.java> 8236bb20 bl 0x8236dd10 (GhidraScript)  
INFO  DumpRange.java> 8236bb24 lwz r11,0x90(r30) (GhidraScript)  
INFO  DumpRange.java> 8236bb28 cmplw cr6,r31,r11 (GhidraScript)  
INFO  DumpRange.java> 8236bb2c beq cr6,0x8236bb84 (GhidraScript)  
INFO  DumpRange.java> 8236bb30 lwz r10,0x9c(r30) (GhidraScript)  
INFO  DumpRange.java> 8236bb34 cmpwi r10,0x0 (GhidraScript)  
INFO  DumpRange.java> 8236bb38 beq 0x8236bb58 (GhidraScript)  
INFO  DumpRange.java> 8236bb3c cmplwi cr6,r31,0x1 (GhidraScript)  
INFO  DumpRange.java> 8236bb40 blt cr6,0x8236bb58 (GhidraScript)  
INFO  DumpRange.java> 8236bb44 rlwinm r11,r31,0x3,0x0,0x1c (GhidraScript)  
INFO  DumpRange.java> 8236bb48 or r3,r29,r29 (GhidraScript)  
INFO  DumpRange.java> 8236bb4c add r11,r11,r10 (GhidraScript)  
INFO  DumpRange.java> 8236bb50 subi r4,r11,0x8 (GhidraScript)  
INFO  DumpRange.java> 8236bb54 bl 0x8236d4a0 (GhidraScript)  
INFO  DumpRange.java> 8236bb58 or r3,r30,r30 (GhidraScript)  
INFO  DumpRange.java> 8236bb5c bl 0x8236b828 (GhidraScript)  
INFO  DumpRange.java> 8236bb60 cmplwi r3,0x0 (GhidraScript)  
INFO  DumpRange.java> 8236bb64 beq 0x8236bb78 (GhidraScript)  
INFO  DumpRange.java> 8236bb68 or r3,r30,r30 (GhidraScript)  
INFO  DumpRange.java> 8236bb6c bl 0x8236b880 (GhidraScript)  
INFO  DumpRange.java> 8236bb70 cmplw cr6,r3,r31 (GhidraScript)  
INFO  DumpRange.java> 8236bb74 beq cr6,0x8236bb84 (GhidraScript)  
INFO  DumpRange.java> 8236bb78 or r3,r29,r29 (GhidraScript)  
INFO  DumpRange.java> 8236bb7c bl 0x8236dd00 (GhidraScript)  
INFO  DumpRange.java> 8236bb80 b 0x8236bb58 (GhidraScript)  
INFO  DumpRange.java> 8236bb84 li r3,0x1 (GhidraScript)  
INFO  DumpRange.java> 8236bb88 addi r1,r1,0x70 (GhidraScript)  
INFO  DumpRange.java> 8236bb8c b 0x8238654c (GhidraScript)  
INFO  DumpRange.java> 8236bb90 mfspr r12,LR (GhidraScript)  
INFO  DumpRange.java> 8236bb94 bl 0x823864fc (GhidraScript)  
INFO  DumpRange.java> 8236bb98 stfd f31,-0x28(r1) (GhidraScript)  
INFO  DumpRange.java> 8236bb9c stwu r1,-0x80(r1) (GhidraScript)  
INFO  DumpRange.java> 8236bba0 fmr f31,f1 (GhidraScript)  
INFO  DumpRange.java> 8236bba4 addi r11,r1,0x50 (GhidraScript)  
INFO  DumpRange.java> 8236bba8 or r31,r3,r3 (GhidraScript)  
INFO  DumpRange.java> 8236bbac or r30,r4,r4 (GhidraScript)  
INFO  DumpRange.java> 8236bbb0 or r29,r5,r5 (GhidraScript)  
INFO  DumpRange.java> 8236bbb4 lwz r3,0x4(r31) (GhidraScript)  
INFO  DumpRange.java> 8236bbb8 fctidz f0,f31 (GhidraScript)  
INFO  DumpRange.java> 8236bbbc stfiwx f0,0,r11 (GhidraScript)  
INFO  DumpRange.java> 8236bbc0 lwz r4,0x50(r1) (GhidraScript)  
INFO  DumpRange.java> 8236bbc4 bl 0x8236bad8 (GhidraScript)  
INFO  DumpRange.java> 8236bbc8 cmplwi r3,0x0 (GhidraScript)  
INFO  DumpRange.java> 8236bbcc beq 0x8236bbe4 (GhidraScript)  
INFO  DumpRange.java> 8236bbd0 or r5,r29,r29 (GhidraScript)  
INFO  DumpRange.java> 8236bbd4 fmr f1,f31 (GhidraScript)  
INFO  DumpRange.java> 8236bbd8 or r4,r30,r30 (GhidraScript)  
INFO  DumpRange.java> 8236bbdc or r3,r31,r31 (GhidraScript)  
INFO  DumpRange.java> 8236bbe0 bl 0x8236b920 (GhidraScript)  
INFO  DumpRange.java> 8236bbe4 addi r1,r1,0x80 (GhidraScript)  
INFO  DumpRange.java> 8236bbe8 lfd f31,-0x28(r1) (GhidraScript)  
INFO  DumpRange.java> 8236bbec b 0x8238654c (GhidraScript)  
INFO  DumpRange.java> 8236bbf0 mfspr r12,LR (GhidraScript)  
INFO  DumpRange.java> 8236bbf4 bl 0x823864f0 (GhidraScript)  
INFO  DumpRange.java> 8236bbf8 stwu r1,-0x90(r1) (GhidraScript)  
INFO  DumpRange.java> 8236bbfc or r31,r3,r3 (GhidraScript)  
INFO  DumpRange.java> 8236bc00 or r11,r4,r4 (GhidraScript)  
INFO  DumpRange.java> 8236bc04 addi r27,r31,0x8 (GhidraScript)  
INFO  DumpRange.java> 8236bc08 or r4,r5,r5 (GhidraScript)  
INFO  DumpRange.java> 8236bc0c or r5,r6,r6 (GhidraScript)  
INFO  DumpRange.java> 8236bc10 or r3,r27,r27 (GhidraScript)  
INFO  DumpRange.java> 8236bc14 stw r11,0x0(r31) (GhidraScript)  
INFO  DumpRange.java> 8236bc18 bl 0x8236e2e0 (GhidraScript)  
INFO  DumpRange.java> 8236bc1c li r29,0x0 (GhidraScript)  
INFO  DumpRange.java> 8236bc20 addi r30,r31,0x98 (GhidraScript)  
INFO  DumpRange.java> 8236bc24 addi r26,r31,0x9c (GhidraScript)  
INFO  DumpRange.java> 8236bc28 stw r29,0x90(r31) (GhidraScript)  
INFO  DumpRange.java> 8236bc2c stw r29,0x94(r31) (GhidraScript)  
INFO  DumpRange.java> 8236bc30 stw r29,0x0(r30) (GhidraScript)  
INFO  DumpRange.java> 8236bc34 stw r29,0x0(r26) (GhidraScript)  
INFO  DumpRange.java> 8236bc38 bl 0x82369358 (GhidraScript)  
INFO  DumpRange.java> 8236bc3c lwz r11,0x0(r3) (GhidraScript)  
INFO  DumpRange.java> 8236bc40 li r4,0x8 (GhidraScript)  
INFO  DumpRange.java> 8236bc44 lwz r11,0x4(r11) (GhidraScript)  
INFO  DumpRange.java> 8236bc48 mtspr CTR,r11 (GhidraScript)  
INFO  DumpRange.java> 8236bc4c bctrl (GhidraScript)  
INFO  DumpRange.java> 8236bc50 cmplwi r3,0x0 (GhidraScript)  
INFO  DumpRange.java> 8236bc54 beq 0x8236bc70 (GhidraScript)  
INFO  DumpRange.java> 8236bc58 lis r11,-0x7dff (GhidraScript)  
INFO  DumpRange.java> 8236bc5c stw r31,0x4(r3) (GhidraScript)  
INFO  DumpRange.java> 8236bc60 or r28,r3,r3 (GhidraScript)  
INFO  DumpRange.java> 8236bc64 addi r11,r11,0x556c (GhidraScript)  
INFO  DumpRange.java> 8236bc68 stw r11,0x0(r3) (GhidraScript)  
INFO  DumpRange.java> 8236bc6c b 0x8236bc74 (GhidraScript)  
INFO  DumpRange.java> 8236bc70 or r28,r29,r29 (GhidraScript)  
INFO  DumpRange.java> 8236bc74 or r3,r30,r30 (GhidraScript)  
INFO  DumpRange.java> 8236bc78 bl 0x82369368 (GhidraScript)  
INFO  DumpRange.java> 8236bc7c li r4,0x0 (GhidraScript)  
INFO  DumpRange.java> 8236bc80 or r3,r27,r27 (GhidraScript)  
INFO  DumpRange.java> 8236bc84 stw r28,0x0(r30) (GhidraScript)  
INFO  DumpRange.java> 8236bc88 bl 0x8236dd10 (GhidraScript)  
INFO  DumpRange.java> 8236bc8c or r3,r27,r27 (GhidraScript)  
INFO  DumpRange.java> 8236bc90 bl 0x8236dd00 (GhidraScript)  
INFO  DumpRange.java> 8236bc94 or r3,r31,r31 (GhidraScript)  
INFO  DumpRange.java> 8236bc98 bl 0x8236b880 (GhidraScript)  
INFO  DumpRange.java> 8236bc9c stw r3,0x90(r31) (GhidraScript)  
INFO  DumpRange.java> 8236bca0 or r3,r31,r31 (GhidraScript)  
INFO  DumpRange.java> 8236bca4 bl 0x8236b880 (GhidraScript)  
INFO  DumpRange.java> 8236bca8 cmplwi r3,0x0 (GhidraScript)  
INFO  DumpRange.java> 8236bcac beq 0x8236bcbc (GhidraScript)  
INFO  DumpRange.java> 8236bcb0 or r3,r31,r31 (GhidraScript)  
INFO  DumpRange.java> 8236bcb4 bl 0x8236b880 (GhidraScript)  
INFO  DumpRange.java> 8236bcb8 stw r3,0x94(r31) (GhidraScript)  
INFO  DumpRange.java> 8236bcbc or r3,r27,r27 (GhidraScript)  
INFO  DumpRange.java> 8236bcc0 bl 0x8236dd00 (GhidraScript)  
INFO  DumpRange.java> 8236bcc4 cmplwi r3,0x0 (GhidraScript)  
INFO  DumpRange.java> 8236bcc8 bne 0x8236bca0 (GhidraScript)  
INFO  DumpRange.java> 8236bccc li r4,0x0 (GhidraScript)  
INFO  DumpRange.java> 8236bcd0 or r3,r27,r27 (GhidraScript)  
INFO  DumpRange.java> 8236bcd4 bl 0x8236dd10 (GhidraScript)  
INFO  DumpRange.java> 8236bcd8 lwz r30,0x94(r31) (GhidraScript)  
INFO  DumpRange.java> 8236bcdc cmplwi r30,0x0 (GhidraScript)  
INFO  DumpRange.java> 8236bce0 stw r30,0xa0(r31) (GhidraScript)  
INFO  DumpRange.java> 8236bce4 beq 0x8236bdac (GhidraScript)  
INFO  DumpRange.java> 8236bce8 lis r11,0x1fff (GhidraScript)  
INFO  DumpRange.java> 8236bcec rlwinm r28,r30,0x3,0x0,0x1c (GhidraScript)  
INFO  DumpRange.java> 8236bcf0 ori r11,r11,0xffff (GhidraScript)  
INFO  DumpRange.java> 8236bcf4 cmplw cr6,r30,r11 (GhidraScript)  
INFO  DumpRange.java> 8236bcf8 ble cr6,0x8236bd00 (GhidraScript)  
INFO  DumpRange.java> 8236bcfc li r28,-0x1 (GhidraScript)  
INFO  DumpRange.java> 8236bd00 bl 0x82369358 (GhidraScript)  
INFO  DumpRange.java> 8236bd04 lwz r11,0x0(r3) (GhidraScript)  
INFO  DumpRange.java> 8236bd08 or r4,r28,r28 (GhidraScript)  
INFO  DumpRange.java> 8236bd0c lwz r11,0x4(r11) (GhidraScript)  
INFO  DumpRange.java> 8236bd10 mtspr CTR,r11 (GhidraScript)  
INFO  DumpRange.java> 8236bd14 bctrl (GhidraScript)  
INFO  DumpRange.java> 8236bd18 cmplwi r3,0x0 (GhidraScript)  
INFO  DumpRange.java> 8236bd1c beq 0x8236bd48 (GhidraScript)  
INFO  DumpRange.java> 8236bd20 subic. r11,r30,0x1 (GhidraScript)  
INFO  DumpRange.java> 8236bd24 or r10,r3,r3 (GhidraScript)  
INFO  DumpRange.java> 8236bd28 blt 0x8236bd40 (GhidraScript)  
INFO  DumpRange.java> 8236bd2c stw r29,0x0(r10) (GhidraScript)  
INFO  DumpRange.java> 8236bd30 subic. r11,r11,0x1 (GhidraScript)  
INFO  DumpRange.java> 8236bd34 stw r29,0x4(r10) (GhidraScript)  
INFO  DumpRange.java> 8236bd38 addi r10,r10,0x8 (GhidraScript)  
INFO  DumpRange.java> 8236bd3c bge 0x8236bd2c (GhidraScript)  
INFO  DumpRange.java> 8236bd40 or r30,r3,r3 (GhidraScript)  
INFO  DumpRange.java> 8236bd44 b 0x8236bd4c (GhidraScript)  
INFO  DumpRange.java> 8236bd48 or r30,r29,r29 (GhidraScript)  
INFO  DumpRange.java> 8236bd4c or r3,r26,r26 (GhidraScript)  
INFO  DumpRange.java> 8236bd50 bl 0x8236ca20 (GhidraScript)  
INFO  DumpRange.java> 8236bd54 stw r30,0x0(r26) (GhidraScript)  
INFO  DumpRange.java> 8236bd58 or r3,r31,r31 (GhidraScript)  
INFO  DumpRange.java> 8236bd5c bl 0x8236b880 (GhidraScript)  
INFO  DumpRange.java> 8236bd60 or r30,r3,r3 (GhidraScript)  
INFO  DumpRange.java> 8236bd64 or r3,r31,r31 (GhidraScript)  
INFO  DumpRange.java> 8236bd68 bl 0x8236b828 (GhidraScript)  
INFO  DumpRange.java> 8236bd6c cmplwi r3,0x0 (GhidraScript)  
INFO  DumpRange.java> 8236bd70 beq 0x8236bd90 (GhidraScript)  
INFO  DumpRange.java> 8236bd74 cmplwi cr6,r30,0x1 (GhidraScript)  
INFO  DumpRange.java> 8236bd78 blt cr6,0x8236bd90 (GhidraScript)  
INFO  DumpRange.java> 8236bd7c lwz r11,0x0(r26) (GhidraScript)  
INFO  DumpRange.java> 8236bd80 or r3,r27,r27 (GhidraScript)  
INFO  DumpRange.java> 8236bd84 add r4,r29,r11 (GhidraScript)  
INFO  DumpRange.java> 8236bd88 bl 0x8236d488 (GhidraScript)  
INFO  DumpRange.java> 8236bd8c addi r29,r29,0x8 (GhidraScript)  
INFO  DumpRange.java> 8236bd90 or r3,r27,r27 (GhidraScript)  
INFO  DumpRange.java> 8236bd94 bl 0x8236dd00 (GhidraScript)  
INFO  DumpRange.java> 8236bd98 cmplwi r3,0x0 (GhidraScript)  
INFO  DumpRange.java> 8236bd9c bne 0x8236bd58 (GhidraScript)  
INFO  DumpRange.java> 8236bda0 li r4,0x0 (GhidraScript)  
INFO  DumpRange.java> 8236bda4 or r3,r27,r27 (GhidraScript)  
INFO  DumpRange.java> 8236bda8 bl 0x8236dd10 (GhidraScript)  
INFO  DumpRange.java> 8236bdac or r3,r31,r31 (GhidraScript)  
INFO  DumpRange.java> 8236bdb0 addi r1,r1,0x90 (GhidraScript)  
INFO  DumpRange.java> 8236bdb4 b 0x82386540 (GhidraScript)  
INFO  DumpRange.java> 8236bdb8 mfspr r12,LR (GhidraScript)  
INFO  DumpRange.java> 8236bdbc stw r12,-0x8(r1) (GhidraScript)  
INFO  DumpRange.java> 8236bdc0 std r31,-0x10(r1) (GhidraScript)  
INFO  DumpRange.java> 8236bdc4 stwu r1,-0x60(r1) (GhidraScript)  
INFO  DumpRange.java> 8236bdc8 or r31,r3,r3 (GhidraScript)  
INFO  DumpRange.java> 8236bdcc addi r3,r31,0x9c (GhidraScript)  
INFO  DumpRange.java> 8236bdd0 bl 0x8236ca20 (GhidraScript)  
INFO  DumpRange.java> 8236bdd4 addi r3,r31,0x98 (GhidraScript)  
INFO  DumpRange.java> 8236bdd8 bl 0x82369368 (GhidraScript)  
INFO  DumpRange.java> 8236bddc addi r3,r31,0x8 (GhidraScript)  
INFO  DumpRange.java> 8236bde0 bl 0x8236dc20 (GhidraScript)  
INFO  DumpRange.java> 8236bde4 addi r1,r1,0x60 (GhidraScript)  
INFO  DumpRange.java> 8236bde8 lwz r12,-0x8(r1) (GhidraScript)  
INFO  DumpRange.java> 8236bdec mtspr LR,r12 (GhidraScript)  
INFO  DumpRange.java> 8236bdf0 ld r31,-0x10(r1) (GhidraScript)  
INFO  DumpRange.java> 8236bdf4 blr (GhidraScript)  
INFO  DumpRange.java> 8236bdf8 mfspr r12,LR (GhidraScript)  
INFO  DumpRange.java> 8236bdfc stw r12,-0x8(r1) (GhidraScript)  
INFO  REPORT: Execute script: ReferencesTo.java '0x8236e300'  (HeadlessAnalyzer)  
INFO  SCRIPT: /fastdata/lavaulta/auto-re-agent/workspaces/ace-combat-6/scripts/ReferencesTo.java (HeadlessAnalyzer)  
INFO  REPORT: Execute script: ReferencesTo.java '0x8236d300'  (HeadlessAnalyzer)  
INFO  SCRIPT: /fastdata/lavaulta/auto-re-agent/workspaces/ace-combat-6/scripts/ReferencesTo.java (HeadlessAnalyzer)  
INFO  REPORT: Execute script: ReferencesTo.java '0x8236bb00'  (HeadlessAnalyzer)  
INFO  SCRIPT: /fastdata/lavaulta/auto-re-agent/workspaces/ace-combat-6/scripts/ReferencesTo.java (HeadlessAnalyzer)  
INFO  REPORT: Save succeeded for processed file: /default.xex (HeadlessAnalyzer)  
