Picked up JAVA_TOOL_OPTIONS: -Duser.home=/tmp/ac6-ghidra-home-corrected
Picked up JAVA_TOOL_OPTIONS: -Duser.home=/tmp/ac6-ghidra-home-corrected
Picked up JAVA_TOOL_OPTIONS: -Duser.home=/tmp/ac6-ghidra-home-corrected
Picked up JAVA_TOOL_OPTIONS: -Duser.home=/tmp/ac6-ghidra-home-corrected
openjdk version "21.0.11" 2026-04-21
OpenJDK Runtime Environment (build 21.0.11+10-1-26.04.2-Ubuntu)
OpenJDK 64-Bit Server VM (build 21.0.11+10-1-26.04.2-Ubuntu, mixed mode)
INFO  Using log config file: jar:file:/fastdata/lavaulta/auto-re-agent/.tools/ghidra_12.1.2_PUBLIC/Ghidra/Framework/Generic/lib/Generic.jar!/generic.log4j.xml (LoggingInitialization)  
INFO  Using log file: /tmp/ac6-ghidra-home-corrected/.config/ghidra/ghidra_12.1.2_PUBLIC/application.log (LoggingInitialization)  
INFO  Loading user preferences: /tmp/ac6-ghidra-home-corrected/.config/ghidra/ghidra_12.1.2_PUBLIC/preferences (Preferences)  
INFO  Searching for classes... (ClassSearcher)  
INFO  Ignoring class 'xexloaderwv.XEXLoaderWVLoader' from '/fastdata/lavaulta/auto-re-agent/.tools/ghidra_12.1.2_PUBLIC/Ghidra/Extensions/XEXLoaderWV/lib/XEXLoaderWV.jar'. Already found at '/fastdata/lavaulta/auto-re-agent/.tools/ghidra_12.1.2_PUBLIC/Ghidra/patch/XEXLoaderWV-java21.jar'. (ClassSearcher)  
INFO  Class search complete (1716 ms) (ClassSearcher)  
INFO  Initializing SSL Context (DefaultSSLContextInitializer)  
INFO  Initializing Random Number Generator... (SecureRandomFactory)  
INFO  Random Number Generator initialization complete: NativePRNGNonBlocking (SecureRandomFactory)  
INFO  Trust manager disabled, cacerts have not been set (DefaultTrustManagerFactory)  
INFO  Headless startup complete (3335 ms) (AnalyzeHeadless)  
INFO  Class searcher loaded 59 extension points (20 false positives) (ClassSearcher)  
INFO  HEADLESS Script Paths:
    /fastdata/lavaulta/auto-re-agent/.tools/ghidra_12.1.2_PUBLIC/Ghidra/Features/MicrosoftCodeAnalyzer/ghidra_scripts
    /fastdata/lavaulta/auto-re-agent/.tools/ghidra_12.1.2_PUBLIC/Ghidra/Features/PDB/ghidra_scripts
    /fastdata/lavaulta/auto-re-agent/.tools/ghidra_12.1.2_PUBLIC/Ghidra/Processors/8051/ghidra_scripts
    /fastdata/lavaulta/auto-re-agent/.tools/ghidra_12.1.2_PUBLIC/Ghidra/Features/Base/ghidra_scripts
    /fastdata/lavaulta/auto-re-agent/workspaces/ace-combat-6/scripts
    /fastdata/lavaulta/auto-re-agent/.tools/ghidra_12.1.2_PUBLIC/Ghidra/Features/FileFormats/ghidra_scripts
    /fastdata/lavaulta/auto-re-agent/.tools/ghidra_12.1.2_PUBLIC/Ghidra/Features/GnuDemangler/ghidra_scripts
    /fastdata/lavaulta/auto-re-agent/.tools/ghidra_12.1.2_PUBLIC/Ghidra/Extensions/ghidra-emotionengine-reloaded/ghidra_scripts
    /fastdata/lavaulta/auto-re-agent/.tools/ghidra_12.1.2_PUBLIC/Ghidra/Features/Decompiler/ghidra_scripts
    /fastdata/lavaulta/auto-re-agent/.tools/ghidra_12.1.2_PUBLIC/Ghidra/Features/FunctionID/ghidra_scripts
    /fastdata/lavaulta/auto-re-agent/.tools/ghidra_12.1.2_PUBLIC/Ghidra/Features/DecompilerDependent/ghidra_scripts
    /fastdata/lavaulta/auto-re-agent/.tools/ghidra_12.1.2_PUBLIC/Ghidra/Processors/DATA/ghidra_scripts
    /fastdata/lavaulta/auto-re-agent/.tools/ghidra_12.1.2_PUBLIC/Ghidra/Debug/Debugger-rmi-trace/ghidra_scripts
    /fastdata/lavaulta/auto-re-agent/.tools/ghidra_12.1.2_PUBLIC/Ghidra/Features/SwiftDemangler/ghidra_scripts
    /fastdata/lavaulta/auto-re-agent/.tools/ghidra_12.1.2_PUBLIC/Ghidra/Debug/Debugger/ghidra_scripts
    /fastdata/lavaulta/auto-re-agent/.tools/ghidra_12.1.2_PUBLIC/Ghidra/Processors/PIC/ghidra_scripts
    /fastdata/lavaulta/auto-re-agent/.tools/ghidra_12.1.2_PUBLIC/Ghidra/Extensions/XEXLoaderWV/ghidra_scripts
    /fastdata/lavaulta/auto-re-agent/.tools/ghidra_12.1.2_PUBLIC/Ghidra/Features/WildcardAssembler/ghidra_scripts
    /fastdata/lavaulta/auto-re-agent/.tools/ghidra_12.1.2_PUBLIC/Ghidra/Features/PyGhidra/ghidra_scripts
    /fastdata/lavaulta/auto-re-agent/.tools/ghidra_12.1.2_PUBLIC/Ghidra/Features/BSim/ghidra_scripts
    /fastdata/lavaulta/auto-re-agent/.tools/ghidra_12.1.2_PUBLIC/Ghidra/Features/VersionTracking/ghidra_scripts
    /fastdata/lavaulta/auto-re-agent/.tools/ghidra_12.1.2_PUBLIC/Ghidra/Features/BytePatterns/ghidra_scripts
    /fastdata/lavaulta/auto-re-agent/.tools/ghidra_12.1.2_PUBLIC/Ghidra/Processors/Atmel/ghidra_scripts
    /fastdata/lavaulta/auto-re-agent/.tools/ghidra_12.1.2_PUBLIC/Ghidra/Features/SystemEmulation/ghidra_scripts
    /fastdata/lavaulta/auto-re-agent/.tools/ghidra_12.1.2_PUBLIC/Ghidra/Processors/JVM/ghidra_scripts (HeadlessAnalyzer)  
INFO  HEADLESS: execution starts (HeadlessAnalyzer)  
INFO  Opening existing project: /fastdata/lavaulta/auto-re-agent/workspaces/ace-combat-6/ghidra-projects/ace-combat-6-corrected (HeadlessAnalyzer)  
INFO  Opening project: /fastdata/lavaulta/auto-re-agent/workspaces/ace-combat-6/ghidra-projects/ace-combat-6-corrected (HeadlessProject)  
INFO  REPORT: Processing project file: /default.xex (HeadlessAnalyzer)  
INFO  REPORT: Execute script: DumpRange.java '0x8236b300' '0x8236b780'  (HeadlessAnalyzer)  
INFO  SCRIPT: /fastdata/lavaulta/auto-re-agent/workspaces/ace-combat-6/scripts/DumpRange.java (HeadlessAnalyzer)  
INFO  DumpRange.java> 8236b300 rlwinm r3,r3,0x2,0x0,0x1d (GhidraScript)  
INFO  DumpRange.java> 8236b304 ble cr6,0x8236b30c (GhidraScript)  
INFO  DumpRange.java> 8236b308 li r3,-0x1 (GhidraScript)  
INFO  DumpRange.java> 8236b30c bl 0x82203318 (GhidraScript)  
INFO  DumpRange.java> 8236b310 addi r26,r24,0x48 (GhidraScript)  
INFO  DumpRange.java> 8236b314 or r4,r3,r3 (GhidraScript)  
INFO  DumpRange.java> 8236b318 or r3,r26,r26 (GhidraScript)  
INFO  DumpRange.java> 8236b31c bl 0x8236ed50 (GhidraScript)  
INFO  DumpRange.java> 8236b320 or r3,r31,r31 (GhidraScript)  
INFO  DumpRange.java> 8236b324 li r27,0x0 (GhidraScript)  
INFO  DumpRange.java> 8236b328 bl 0x8236e3e0 (GhidraScript)  
INFO  DumpRange.java> 8236b32c cmplwi r3,0x0 (GhidraScript)  
INFO  DumpRange.java> 8236b330 beq 0x8236b4e0 (GhidraScript)  
INFO  DumpRange.java> 8236b334 li r28,0x0 (GhidraScript)  
INFO  DumpRange.java> 8236b338 bl 0x82369358 (GhidraScript)  
INFO  DumpRange.java> 8236b33c lwz r11,0x0(r3) (GhidraScript)  
INFO  DumpRange.java> 8236b340 li r4,0x30 (GhidraScript)  
INFO  DumpRange.java> 8236b344 lwz r11,0x4(r11) (GhidraScript)  
INFO  DumpRange.java> 8236b348 mtspr CTR,r11 (GhidraScript)  
INFO  DumpRange.java> 8236b34c bctrl (GhidraScript)  
INFO  DumpRange.java> 8236b350 cmplwi r3,0x0 (GhidraScript)  
INFO  DumpRange.java> 8236b354 beq 0x8236b36c (GhidraScript)  
INFO  DumpRange.java> 8236b358 addi r5,r27,0x1 (GhidraScript)  
INFO  DumpRange.java> 8236b35c lwz r4,0x0(r24) (GhidraScript)  
INFO  DumpRange.java> 8236b360 bl 0x8236c658 (GhidraScript)  
INFO  DumpRange.java> 8236b364 or r11,r3,r3 (GhidraScript)  
INFO  DumpRange.java> 8236b368 b 0x8236b370 (GhidraScript)  
INFO  DumpRange.java> 8236b36c li r11,0x0 (GhidraScript)  
INFO  DumpRange.java> 8236b370 lwz r10,0x0(r26) (GhidraScript)  
INFO  DumpRange.java> 8236b374 or r3,r31,r31 (GhidraScript)  
INFO  DumpRange.java> 8236b378 stwx r11,r10,r28 (GhidraScript)  
INFO  DumpRange.java> 8236b37c lwz r30,0x0(r26) (GhidraScript)  
INFO  DumpRange.java> 8236b380 bl 0x8236c9d0 (GhidraScript)  
INFO  DumpRange.java> 8236b384 or r29,r3,r3 (GhidraScript)  
INFO  DumpRange.java> 8236b388 or r3,r31,r31 (GhidraScript)  
INFO  DumpRange.java> 8236b38c bl 0x8236c9c8 (GhidraScript)  
INFO  DumpRange.java> 8236b390 or r25,r3,r3 (GhidraScript)  
INFO  DumpRange.java> 8236b394 or r3,r31,r31 (GhidraScript)  
INFO  DumpRange.java> 8236b398 bl 0x8236c9c0 (GhidraScript)  
INFO  DumpRange.java> 8236b39c or r4,r3,r3 (GhidraScript)  
INFO  DumpRange.java> 8236b3a0 or r5,r25,r25 (GhidraScript)  
INFO  DumpRange.java> 8236b3a4 lwzx r3,r30,r28 (GhidraScript)  
INFO  DumpRange.java> 8236b3a8 or r6,r29,r29 (GhidraScript)  
INFO  DumpRange.java> 8236b3ac bl 0x8236be58 (GhidraScript)  
INFO  DumpRange.java> 8236b3b0 or r3,r31,r31 (GhidraScript)  
INFO  DumpRange.java> 8236b3b4 lwz r30,0x0(r26) (GhidraScript)  
INFO  DumpRange.java> 8236b3b8 bl 0x82356180 (GhidraScript)  
INFO  DumpRange.java> 8236b3bc or r4,r3,r3 (GhidraScript)  
INFO  DumpRange.java> 8236b3c0 lwzx r3,r30,r28 (GhidraScript)  
INFO  DumpRange.java> 8236b3c4 bl 0x8236c718 (GhidraScript)  
INFO  DumpRange.java> 8236b3c8 or r3,r31,r31 (GhidraScript)  
INFO  DumpRange.java> 8236b3cc li r30,0x0 (GhidraScript)  
INFO  DumpRange.java> 8236b3d0 bl 0x82356180 (GhidraScript)  
INFO  DumpRange.java> 8236b3d4 cmplwi r3,0x0 (GhidraScript)  
INFO  DumpRange.java> 8236b3d8 beq 0x8236b4c8 (GhidraScript)  
INFO  DumpRange.java> 8236b3dc or r4,r30,r30 (GhidraScript)  
INFO  DumpRange.java> 8236b3e0 lwz r29,0x0(r26) (GhidraScript)  
INFO  DumpRange.java> 8236b3e4 or r3,r31,r31 (GhidraScript)  
INFO  DumpRange.java> 8236b3e8 bl 0x8236caa8 (GhidraScript)  
INFO  DumpRange.java> 8236b3ec or r25,r3,r3 (GhidraScript)  
INFO  DumpRange.java> 8236b3f0 or r4,r30,r30 (GhidraScript)  
INFO  DumpRange.java> 8236b3f4 or r3,r31,r31 (GhidraScript)  
INFO  DumpRange.java> 8236b3f8 bl 0x8236ca80 (GhidraScript)  
INFO  DumpRange.java> 8236b3fc or r5,r3,r3 (GhidraScript)  
INFO  DumpRange.java> 8236b400 or r4,r30,r30 (GhidraScript)  
INFO  DumpRange.java> 8236b404 lwzx r3,r29,r28 (GhidraScript)  
INFO  DumpRange.java> 8236b408 or r6,r25,r25 (GhidraScript)  
INFO  DumpRange.java> 8236b40c bl 0x8236beb8 (GhidraScript)  
INFO  DumpRange.java> 8236b410 or r5,r27,r27 (GhidraScript)  
INFO  DumpRange.java> 8236b414 or r4,r30,r30 (GhidraScript)  
INFO  DumpRange.java> 8236b418 lwz r29,0x0(r26) (GhidraScript)  
INFO  DumpRange.java> 8236b41c or r3,r31,r31 (GhidraScript)  
INFO  DumpRange.java> 8236b420 bl 0x8236cad0 (GhidraScript)  
INFO  DumpRange.java> 8236b424 or r5,r3,r3 (GhidraScript)  
INFO  DumpRange.java> 8236b428 or r4,r30,r30 (GhidraScript)  
INFO  DumpRange.java> 8236b42c lwzx r3,r29,r28 (GhidraScript)  
INFO  DumpRange.java> 8236b430 bl 0x8236bea0 (GhidraScript)  
INFO  DumpRange.java> 8236b434 or r5,r27,r27 (GhidraScript)  
INFO  DumpRange.java> 8236b438 or r4,r30,r30 (GhidraScript)  
INFO  DumpRange.java> 8236b43c or r3,r31,r31 (GhidraScript)  
INFO  DumpRange.java> 8236b440 li r29,0x0 (GhidraScript)  
INFO  DumpRange.java> 8236b444 bl 0x8236cad0 (GhidraScript)  
INFO  DumpRange.java> 8236b448 cmplwi r3,0x0 (GhidraScript)  
INFO  DumpRange.java> 8236b44c beq 0x8236b4b4 (GhidraScript)  
INFO  DumpRange.java> 8236b450 or r6,r29,r29 (GhidraScript)  
INFO  DumpRange.java> 8236b454 lwz r25,0x0(r26) (GhidraScript)  
INFO  DumpRange.java> 8236b458 or r5,r27,r27 (GhidraScript)  
INFO  DumpRange.java> 8236b45c or r4,r30,r30 (GhidraScript)  
INFO  DumpRange.java> 8236b460 or r3,r31,r31 (GhidraScript)  
INFO  DumpRange.java> 8236b464 bl 0x8236cb68 (GhidraScript)  
INFO  DumpRange.java> 8236b468 or r23,r3,r3 (GhidraScript)  
INFO  DumpRange.java> 8236b46c or r6,r29,r29 (GhidraScript)  
INFO  DumpRange.java> 8236b470 or r5,r27,r27 (GhidraScript)  
INFO  DumpRange.java> 8236b474 or r4,r30,r30 (GhidraScript)  
INFO  DumpRange.java> 8236b478 or r3,r31,r31 (GhidraScript)  
INFO  DumpRange.java> 8236b47c bl 0x8236cb10 (GhidraScript)  
INFO  DumpRange.java> 8236b480 or r6,r3,r3 (GhidraScript)  
INFO  DumpRange.java> 8236b484 or r5,r29,r29 (GhidraScript)  
INFO  DumpRange.java> 8236b488 lwzx r3,r25,r28 (GhidraScript)  
INFO  DumpRange.java> 8236b48c or r4,r30,r30 (GhidraScript)  
INFO  DumpRange.java> 8236b490 or r7,r23,r23 (GhidraScript)  
INFO  DumpRange.java> 8236b494 bl 0x8236bf00 (GhidraScript)  
INFO  DumpRange.java> 8236b498 or r5,r27,r27 (GhidraScript)  
INFO  DumpRange.java> 8236b49c or r4,r30,r30 (GhidraScript)  
INFO  DumpRange.java> 8236b4a0 or r3,r31,r31 (GhidraScript)  
INFO  DumpRange.java> 8236b4a4 addi r29,r29,0x1 (GhidraScript)  
INFO  DumpRange.java> 8236b4a8 bl 0x8236cad0 (GhidraScript)  
INFO  DumpRange.java> 8236b4ac cmplw cr6,r29,r3 (GhidraScript)  
INFO  DumpRange.java> 8236b4b0 blt cr6,0x8236b450 (GhidraScript)  
INFO  DumpRange.java> 8236b4b4 or r3,r31,r31 (GhidraScript)  
INFO  DumpRange.java> 8236b4b8 addi r30,r30,0x1 (GhidraScript)  
INFO  DumpRange.java> 8236b4bc bl 0x82356180 (GhidraScript)  
INFO  DumpRange.java> 8236b4c0 cmplw cr6,r30,r3 (GhidraScript)  
INFO  DumpRange.java> 8236b4c4 blt cr6,0x8236b3dc (GhidraScript)  
INFO  DumpRange.java> 8236b4c8 or r3,r31,r31 (GhidraScript)  
INFO  DumpRange.java> 8236b4cc addi r27,r27,0x1 (GhidraScript)  
INFO  DumpRange.java> 8236b4d0 addi r28,r28,0x4 (GhidraScript)  
INFO  DumpRange.java> 8236b4d4 bl 0x8236e3e0 (GhidraScript)  
INFO  DumpRange.java> 8236b4d8 cmplw cr6,r27,r3 (GhidraScript)  
INFO  DumpRange.java> 8236b4dc blt cr6,0x8236b338 (GhidraScript)  
INFO  DumpRange.java> 8236b4e0 or r3,r31,r31 (GhidraScript)  
INFO  DumpRange.java> 8236b4e4 li r29,0x0 (GhidraScript)  
INFO  DumpRange.java> 8236b4e8 bl 0x82356180 (GhidraScript)  
INFO  DumpRange.java> 8236b4ec cmplwi r3,0x0 (GhidraScript)  
INFO  DumpRange.java> 8236b4f0 beq 0x8236b5a0 (GhidraScript)  
INFO  DumpRange.java> 8236b4f4 lwz r11,0x0(r24) (GhidraScript)  
INFO  DumpRange.java> 8236b4f8 or r4,r29,r29 (GhidraScript)  
INFO  DumpRange.java> 8236b4fc or r3,r31,r31 (GhidraScript)  
INFO  DumpRange.java> 8236b500 lwz r30,0x8(r11) (GhidraScript)  
INFO  DumpRange.java> 8236b504 lwz r28,0x0(r30) (GhidraScript)  
INFO  DumpRange.java> 8236b508 bl 0x8236ca80 (GhidraScript)  
INFO  DumpRange.java> 8236b50c or r4,r3,r3 (GhidraScript)  
INFO  DumpRange.java> 8236b510 lwz r11,0xc(r28) (GhidraScript)  
INFO  DumpRange.java> 8236b514 or r3,r30,r30 (GhidraScript)  
INFO  DumpRange.java> 8236b518 mtspr CTR,r11 (GhidraScript)  
INFO  DumpRange.java> 8236b51c bctrl (GhidraScript)  
INFO  DumpRange.java> 8236b520 or r25,r3,r3 (GhidraScript)  
INFO  DumpRange.java> 8236b524 or r3,r31,r31 (GhidraScript)  
INFO  DumpRange.java> 8236b528 li r27,0x0 (GhidraScript)  
INFO  DumpRange.java> 8236b52c bl 0x8236e3e0 (GhidraScript)  
INFO  DumpRange.java> 8236b530 cmplwi r3,0x0 (GhidraScript)  
INFO  DumpRange.java> 8236b534 beq 0x8236b58c (GhidraScript)  
INFO  DumpRange.java> 8236b538 li r30,0x0 (GhidraScript)  
INFO  DumpRange.java> 8236b53c lwz r28,0x0(r26) (GhidraScript)  
INFO  DumpRange.java> 8236b540 cmplwi cr6,r25,0x0 (GhidraScript)  
INFO  DumpRange.java> 8236b544 or r4,r29,r29 (GhidraScript)  
INFO  DumpRange.java> 8236b548 or r3,r31,r31 (GhidraScript)  
INFO  DumpRange.java> 8236b54c beq cr6,0x8236b564 (GhidraScript)  
INFO  DumpRange.java> 8236b550 bl 0x8236ca80 (GhidraScript)  
INFO  DumpRange.java> 8236b554 or r4,r3,r3 (GhidraScript)  
INFO  DumpRange.java> 8236b558 lwzx r3,r28,r30 (GhidraScript)  
INFO  DumpRange.java> 8236b55c bl 0x8236c240 (GhidraScript)  
INFO  DumpRange.java> 8236b560 b 0x8236b574 (GhidraScript)  
INFO  DumpRange.java> 8236b564 bl 0x8236ca80 (GhidraScript)  
INFO  DumpRange.java> 8236b568 or r4,r3,r3 (GhidraScript)  
INFO  DumpRange.java> 8236b56c lwzx r3,r28,r30 (GhidraScript)  
INFO  DumpRange.java> 8236b570 bl 0x8236c258 (GhidraScript)  
INFO  DumpRange.java> 8236b574 or r3,r31,r31 (GhidraScript)  
INFO  DumpRange.java> 8236b578 addi r27,r27,0x1 (GhidraScript)  
INFO  DumpRange.java> 8236b57c addi r30,r30,0x4 (GhidraScript)  
INFO  DumpRange.java> 8236b580 bl 0x8236e3e0 (GhidraScript)  
INFO  DumpRange.java> 8236b584 cmplw cr6,r27,r3 (GhidraScript)  
INFO  DumpRange.java> 8236b588 blt cr6,0x8236b53c (GhidraScript)  
INFO  DumpRange.java> 8236b58c or r3,r31,r31 (GhidraScript)  
INFO  DumpRange.java> 8236b590 addi r29,r29,0x1 (GhidraScript)  
INFO  DumpRange.java> 8236b594 bl 0x82356180 (GhidraScript)  
INFO  DumpRange.java> 8236b598 cmplw cr6,r29,r3 (GhidraScript)  
INFO  DumpRange.java> 8236b59c blt cr6,0x8236b4f4 (GhidraScript)  
INFO  DumpRange.java> 8236b5a0 addi r1,r1,0xa0 (GhidraScript)  
INFO  DumpRange.java> 8236b5a4 b 0x82386534 (GhidraScript)  
INFO  DumpRange.java> 8236b5a8 b 0x8236b2d8 (GhidraScript)  
INFO  DumpRange.java> 8236b5ac <not-disassembled> (GhidraScript)  
INFO  DumpRange.java> 8236b5b0 mfspr r12,LR (GhidraScript)  
INFO  DumpRange.java> 8236b5b4 stw r12,-0x8(r1) (GhidraScript)  
INFO  DumpRange.java> 8236b5b8 std r31,-0x10(r1) (GhidraScript)  
INFO  DumpRange.java> 8236b5bc stwu r1,-0x60(r1) (GhidraScript)  
INFO  DumpRange.java> 8236b5c0 lis r11,-0x7dff (GhidraScript)  
INFO  DumpRange.java> 8236b5c4 or r31,r3,r3 (GhidraScript)  
INFO  DumpRange.java> 8236b5c8 addi r11,r11,0x5564 (GhidraScript)  
INFO  DumpRange.java> 8236b5cc rlwinm. r10,r4,0x0,0x1f,0x1f (GhidraScript)  
INFO  DumpRange.java> 8236b5d0 stw r11,0x0(r31) (GhidraScript)  
INFO  DumpRange.java> 8236b5d4 beq 0x8236b5f0 (GhidraScript)  
INFO  DumpRange.java> 8236b5d8 bl 0x82369358 (GhidraScript)  
INFO  DumpRange.java> 8236b5dc lwz r11,0x0(r3) (GhidraScript)  
INFO  DumpRange.java> 8236b5e0 or r4,r31,r31 (GhidraScript)  
INFO  DumpRange.java> 8236b5e4 lwz r11,0x8(r11) (GhidraScript)  
INFO  DumpRange.java> 8236b5e8 mtspr CTR,r11 (GhidraScript)  
INFO  DumpRange.java> 8236b5ec bctrl (GhidraScript)  
INFO  DumpRange.java> 8236b5f0 or r3,r31,r31 (GhidraScript)  
INFO  DumpRange.java> 8236b5f4 addi r1,r1,0x60 (GhidraScript)  
INFO  DumpRange.java> 8236b5f8 lwz r12,-0x8(r1) (GhidraScript)  
INFO  DumpRange.java> 8236b5fc mtspr LR,r12 (GhidraScript)  
INFO  DumpRange.java> 8236b600 ld r31,-0x10(r1) (GhidraScript)  
INFO  DumpRange.java> 8236b604 blr (GhidraScript)  
INFO  DumpRange.java> 8236b608 addi r3,r3,0x8 (GhidraScript)  
INFO  DumpRange.java> 8236b60c b 0x8236d528 (GhidraScript)  
INFO  DumpRange.java> 8236b610 addi r3,r3,0x8 (GhidraScript)  
INFO  DumpRange.java> 8236b614 b 0x8236d578 (GhidraScript)  
INFO  DumpRange.java> 8236b618 addi r3,r3,0x8 (GhidraScript)  
INFO  DumpRange.java> 8236b61c b 0x8236d700 (GhidraScript)  
INFO  DumpRange.java> 8236b620 addi r3,r3,0x8 (GhidraScript)  
INFO  DumpRange.java> 8236b624 b 0x8236d878 (GhidraScript)  
INFO  DumpRange.java> 8236b628 mfspr r12,LR (GhidraScript)  
INFO  DumpRange.java> 8236b62c bl 0x823864d8 (GhidraScript)  
INFO  DumpRange.java> 8236b630 stwu r1,-0xd0(r1) (GhidraScript)  
INFO  DumpRange.java> 8236b634 or r30,r3,r3 (GhidraScript)  
INFO  DumpRange.java> 8236b638 or r24,r4,r4 (GhidraScript)  
INFO  DumpRange.java> 8236b63c addi r31,r30,0x8 (GhidraScript)  
INFO  DumpRange.java> 8236b640 or r3,r31,r31 (GhidraScript)  
INFO  DumpRange.java> 8236b644 lwz r11,0x0(r30) (GhidraScript)  
INFO  DumpRange.java> 8236b648 lwz r29,0x8(r11) (GhidraScript)  
INFO  DumpRange.java> 8236b64c lwz r28,0x0(r29) (GhidraScript)  
INFO  DumpRange.java> 8236b650 bl 0x8236d448 (GhidraScript)  
INFO  DumpRange.java> 8236b654 or r27,r3,r3 (GhidraScript)  
INFO  DumpRange.java> 8236b658 or r3,r31,r31 (GhidraScript)  
INFO  DumpRange.java> 8236b65c bl 0x8236d478 (GhidraScript)  
INFO  DumpRange.java> 8236b660 or r26,r3,r3 (GhidraScript)  
INFO  DumpRange.java> 8236b664 or r3,r31,r31 (GhidraScript)  
INFO  DumpRange.java> 8236b668 bl 0x8236d470 (GhidraScript)  
INFO  DumpRange.java> 8236b66c or r4,r3,r3 (GhidraScript)  
INFO  DumpRange.java> 8236b670 lwz r11,0x4(r28) (GhidraScript)  
INFO  DumpRange.java> 8236b674 or r3,r29,r29 (GhidraScript)  
INFO  DumpRange.java> 8236b678 or r5,r26,r26 (GhidraScript)  
INFO  DumpRange.java> 8236b67c or r6,r27,r27 (GhidraScript)  
INFO  DumpRange.java> 8236b680 mtspr CTR,r11 (GhidraScript)  
INFO  DumpRange.java> 8236b684 bctrl (GhidraScript)  
INFO  DumpRange.java> 8236b688 lwz r11,0x0(r30) (GhidraScript)  
INFO  DumpRange.java> 8236b68c li r26,0x0 (GhidraScript)  
INFO  DumpRange.java> 8236b690 or r3,r31,r31 (GhidraScript)  
INFO  DumpRange.java> 8236b694 or r29,r26,r26 (GhidraScript)  
INFO  DumpRange.java> 8236b698 lwz r27,0x10(r11) (GhidraScript)  
INFO  DumpRange.java> 8236b69c bl 0x82356180 (GhidraScript)  
INFO  DumpRange.java> 8236b6a0 cmplwi r3,0x0 (GhidraScript)  
INFO  DumpRange.java> 8236b6a4 beq 0x8236b748 (GhidraScript)  
INFO  DumpRange.java> 8236b6a8 addi r7,r1,0x54 (GhidraScript)  
INFO  DumpRange.java> 8236b6ac sth r26,0x52(r1) (GhidraScript)  
INFO  DumpRange.java> 8236b6b0 addi r6,r1,0x58 (GhidraScript)  
INFO  DumpRange.java> 8236b6b4 sth r26,0x50(r1) (GhidraScript)  
INFO  DumpRange.java> 8236b6b8 addi r5,r1,0x50 (GhidraScript)  
INFO  DumpRange.java> 8236b6bc stw r26,0x58(r1) (GhidraScript)  
INFO  DumpRange.java> 8236b6c0 addi r4,r1,0x52 (GhidraScript)  
INFO  DumpRange.java> 8236b6c4 stw r26,0x54(r1) (GhidraScript)  
INFO  DumpRange.java> 8236b6c8 or r3,r31,r31 (GhidraScript)  
INFO  DumpRange.java> 8236b6cc bl 0x8236d5c8 (GhidraScript)  
INFO  DumpRange.java> 8236b6d0 lwz r11,0x0(r30) (GhidraScript)  
INFO  DumpRange.java> 8236b6d4 cmplwi r11,0x0 (GhidraScript)  
INFO  DumpRange.java> 8236b6d8 addi r25,r11,0x4 (GhidraScript)  
INFO  DumpRange.java> 8236b6dc bne 0x8236b6e4 (GhidraScript)  
INFO  DumpRange.java> 8236b6e0 or r25,r26,r26 (GhidraScript)  
INFO  DumpRange.java> 8236b6e4 or r3,r31,r31 (GhidraScript)  
INFO  DumpRange.java> 8236b6e8 lwz r28,0x0(r27) (GhidraScript)  
INFO  DumpRange.java> 8236b6ec lwz r23,0x54(r1) (GhidraScript)  
INFO  DumpRange.java> 8236b6f0 lwz r22,0x58(r1) (GhidraScript)  
INFO  DumpRange.java> 8236b6f4 lhz r21,0x50(r1) (GhidraScript)  
INFO  DumpRange.java> 8236b6f8 lhz r20,0x52(r1) (GhidraScript)  
INFO  DumpRange.java> 8236b6fc bl 0x82339fe0 (GhidraScript)  
INFO  DumpRange.java> 8236b700 or r6,r3,r3 (GhidraScript)  
INFO  DumpRange.java> 8236b704 lwz r11,0x4(r28) (GhidraScript)  
INFO  DumpRange.java> 8236b708 or r5,r24,r24 (GhidraScript)  
INFO  DumpRange.java> 8236b70c or r4,r25,r25 (GhidraScript)  
INFO  DumpRange.java> 8236b710 or r3,r27,r27 (GhidraScript)  
INFO  DumpRange.java> 8236b714 or r7,r20,r20 (GhidraScript)  
INFO  DumpRange.java> 8236b718 or r8,r21,r21 (GhidraScript)  
INFO  DumpRange.java> 8236b71c or r9,r22,r22 (GhidraScript)  
INFO  DumpRange.java> 8236b720 or r10,r23,r23 (GhidraScript)  
INFO  DumpRange.java> 8236b724 mtspr CTR,r11 (GhidraScript)  
INFO  DumpRange.java> 8236b728 bctrl (GhidraScript)  
INFO  DumpRange.java> 8236b72c or r3,r31,r31 (GhidraScript)  
INFO  DumpRange.java> 8236b730 bl 0x8236d620 (GhidraScript)  
INFO  DumpRange.java> 8236b734 or r3,r31,r31 (GhidraScript)  
INFO  DumpRange.java> 8236b738 addi r29,r29,0x1 (GhidraScript)  
INFO  DumpRange.java> 8236b73c bl 0x82356180 (GhidraScript)  
INFO  DumpRange.java> 8236b740 cmplw cr6,r29,r3 (GhidraScript)  
INFO  DumpRange.java> 8236b744 blt cr6,0x8236b6a8 (GhidraScript)  
INFO  DumpRange.java> 8236b748 li r4,0x0 (GhidraScript)  
INFO  DumpRange.java> 8236b74c or r3,r31,r31 (GhidraScript)  
INFO  DumpRange.java> 8236b750 bl 0x8236d670 (GhidraScript)  
INFO  DumpRange.java> 8236b754 lwz r11,0x0(r30) (GhidraScript)  
INFO  DumpRange.java> 8236b758 or r3,r31,r31 (GhidraScript)  
INFO  DumpRange.java> 8236b75c or r29,r26,r26 (GhidraScript)  
INFO  DumpRange.java> 8236b760 lwz r25,0x10(r11) (GhidraScript)  
INFO  DumpRange.java> 8236b764 bl 0x8236d480 (GhidraScript)  
INFO  DumpRange.java> 8236b768 cmplwi r3,0x0 (GhidraScript)  
INFO  DumpRange.java> 8236b76c beq 0x8236b800 (GhidraScript)  
INFO  DumpRange.java> 8236b770 addi r6,r1,0x58 (GhidraScript)  
INFO  DumpRange.java> 8236b774 sth r26,0x52(r1) (GhidraScript)  
INFO  DumpRange.java> 8236b778 addi r5,r1,0x54 (GhidraScript)  
INFO  DumpRange.java> 8236b77c stw r26,0x54(r1) (GhidraScript)  
INFO  REPORT: Execute script: DumpRange.java '0x8236dc00' '0x8236de20'  (HeadlessAnalyzer)  
INFO  SCRIPT: /fastdata/lavaulta/auto-re-agent/workspaces/ace-combat-6/scripts/DumpRange.java (HeadlessAnalyzer)  
INFO  DumpRange.java> 8236dc00 bl 0x8236db48 (GhidraScript)  
INFO  DumpRange.java> 8236dc04 subic. r6,r6,0x1 (GhidraScript)  
INFO  DumpRange.java> 8236dc08 bne 0x8236dbfc (GhidraScript)  
INFO  DumpRange.java> 8236dc0c li r3,0x1 (GhidraScript)  
INFO  DumpRange.java> 8236dc10 addi r1,r1,0x60 (GhidraScript)  
INFO  DumpRange.java> 8236dc14 lwz r12,-0x8(r1) (GhidraScript)  
INFO  DumpRange.java> 8236dc18 mtspr LR,r12 (GhidraScript)  
INFO  DumpRange.java> 8236dc1c blr (GhidraScript)  
INFO  DumpRange.java> 8236dc20 mfspr r12,LR (GhidraScript)  
INFO  DumpRange.java> 8236dc24 stw r12,-0x8(r1) (GhidraScript)  
INFO  DumpRange.java> 8236dc28 std r31,-0x10(r1) (GhidraScript)  
INFO  DumpRange.java> 8236dc2c stwu r1,-0x60(r1) (GhidraScript)  
INFO  DumpRange.java> 8236dc30 or r31,r3,r3 (GhidraScript)  
INFO  DumpRange.java> 8236dc34 addi r3,r31,0x38 (GhidraScript)  
INFO  DumpRange.java> 8236dc38 bl 0x8236ee98 (GhidraScript)  
INFO  DumpRange.java> 8236dc3c addi r3,r31,0x30 (GhidraScript)  
INFO  DumpRange.java> 8236dc40 bl 0x8236ca20 (GhidraScript)  
INFO  DumpRange.java> 8236dc44 addi r3,r31,0x24 (GhidraScript)  
INFO  DumpRange.java> 8236dc48 bl 0x8236ca20 (GhidraScript)  
INFO  DumpRange.java> 8236dc4c addi r3,r31,0x18 (GhidraScript)  
INFO  DumpRange.java> 8236dc50 bl 0x8236ca20 (GhidraScript)  
INFO  DumpRange.java> 8236dc54 addi r3,r31,0x14 (GhidraScript)  
INFO  DumpRange.java> 8236dc58 bl 0x8236ca20 (GhidraScript)  
INFO  DumpRange.java> 8236dc5c addi r1,r1,0x60 (GhidraScript)  
INFO  DumpRange.java> 8236dc60 lwz r12,-0x8(r1) (GhidraScript)  
INFO  DumpRange.java> 8236dc64 mtspr LR,r12 (GhidraScript)  
INFO  DumpRange.java> 8236dc68 ld r31,-0x10(r1) (GhidraScript)  
INFO  DumpRange.java> 8236dc6c blr (GhidraScript)  
INFO  DumpRange.java> 8236dc70 lwz r11,0x80(r3) (GhidraScript)  
INFO  DumpRange.java> 8236dc74 lhz r11,0x0(r11) (GhidraScript)  
INFO  DumpRange.java> 8236dc78 sth r11,0x0(r4) (GhidraScript)  
INFO  DumpRange.java> 8236dc7c lwz r11,0x80(r3) (GhidraScript)  
INFO  DumpRange.java> 8236dc80 addi r11,r11,0x8 (GhidraScript)  
INFO  DumpRange.java> 8236dc84 stw r11,0x0(r5) (GhidraScript)  
INFO  DumpRange.java> 8236dc88 lwz r11,0x80(r3) (GhidraScript)  
INFO  DumpRange.java> 8236dc8c lwz r11,0x4(r11) (GhidraScript)  
INFO  DumpRange.java> 8236dc90 stw r11,0x0(r6) (GhidraScript)  
INFO  DumpRange.java> 8236dc94 blr (GhidraScript)  
INFO  DumpRange.java> 8236dc98 mfspr r12,LR (GhidraScript)  
INFO  DumpRange.java> 8236dc9c stw r12,-0x8(r1) (GhidraScript)  
INFO  DumpRange.java> 8236dca0 stwu r1,-0x60(r1) (GhidraScript)  
INFO  DumpRange.java> 8236dca4 lwz r11,0x80(r3) (GhidraScript)  
INFO  DumpRange.java> 8236dca8 or r9,r4,r4 (GhidraScript)  
INFO  DumpRange.java> 8236dcac or r8,r5,r5 (GhidraScript)  
INFO  DumpRange.java> 8236dcb0 addi r5,r1,0x54 (GhidraScript)  
INFO  DumpRange.java> 8236dcb4 addi r4,r1,0x50 (GhidraScript)  
INFO  DumpRange.java> 8236dcb8 stw r11,0x50(r1) (GhidraScript)  
INFO  DumpRange.java> 8236dcbc lwz r11,0x84(r3) (GhidraScript)  
INFO  DumpRange.java> 8236dcc0 stw r11,0x54(r1) (GhidraScript)  
INFO  DumpRange.java> 8236dcc4 bl 0x8236db48 (GhidraScript)  
INFO  DumpRange.java> 8236dcc8 cmplwi r3,0x0 (GhidraScript)  
INFO  DumpRange.java> 8236dccc beq 0x8236dcf0 (GhidraScript)  
INFO  DumpRange.java> 8236dcd0 lwz r11,0x50(r1) (GhidraScript)  
INFO  DumpRange.java> 8236dcd4 li r3,0x1 (GhidraScript)  
INFO  DumpRange.java> 8236dcd8 addi r7,r11,0x8 (GhidraScript)  
INFO  DumpRange.java> 8236dcdc lhz r10,0x0(r11) (GhidraScript)  
INFO  DumpRange.java> 8236dce0 sth r10,0x0(r9) (GhidraScript)  
INFO  DumpRange.java> 8236dce4 stw r7,0x0(r8) (GhidraScript)  
INFO  DumpRange.java> 8236dce8 lwz r11,0x4(r11) (GhidraScript)  
INFO  DumpRange.java> 8236dcec stw r11,0x0(r6) (GhidraScript)  
INFO  DumpRange.java> 8236dcf0 addi r1,r1,0x60 (GhidraScript)  
INFO  DumpRange.java> 8236dcf4 lwz r12,-0x8(r1) (GhidraScript)  
INFO  DumpRange.java> 8236dcf8 mtspr LR,r12 (GhidraScript)  
INFO  DumpRange.java> 8236dcfc blr (GhidraScript)  
INFO  DumpRange.java> 8236dd00 addi r5,r3,0x84 (GhidraScript)  
INFO  DumpRange.java> 8236dd04 addi r4,r3,0x80 (GhidraScript)  
INFO  DumpRange.java> 8236dd08 b 0x8236db48 (GhidraScript)  
INFO  DumpRange.java> 8236dd0c <not-disassembled> (GhidraScript)  
INFO  DumpRange.java> 8236dd10 or r6,r4,r4 (GhidraScript)  
INFO  DumpRange.java> 8236dd14 addi r5,r3,0x84 (GhidraScript)  
INFO  DumpRange.java> 8236dd18 addi r4,r3,0x80 (GhidraScript)  
INFO  DumpRange.java> 8236dd1c b 0x8236db98 (GhidraScript)  
INFO  DumpRange.java> 8236dd20 mfspr r12,LR (GhidraScript)  
INFO  DumpRange.java> 8236dd24 bl 0x823864f4 (GhidraScript)  
INFO  DumpRange.java> 8236dd28 stwu r1,-0x80(r1) (GhidraScript)  
INFO  DumpRange.java> 8236dd2c or r30,r3,r3 (GhidraScript)  
INFO  DumpRange.java> 8236dd30 li r5,0x0 (GhidraScript)  
INFO  DumpRange.java> 8236dd34 addi r31,r30,0x38 (GhidraScript)  
INFO  DumpRange.java> 8236dd38 li r4,0x3021 (GhidraScript)  
INFO  DumpRange.java> 8236dd3c or r3,r31,r31 (GhidraScript)  
INFO  DumpRange.java> 8236dd40 bl 0x8236ece8 (GhidraScript)  
INFO  DumpRange.java> 8236dd44 or. r28,r3,r3 (GhidraScript)  
INFO  DumpRange.java> 8236dd48 beq 0x8236de84 (GhidraScript)  
INFO  DumpRange.java> 8236dd4c li r5,0x0 (GhidraScript)  
INFO  DumpRange.java> 8236dd50 li r4,0x3021 (GhidraScript)  
INFO  DumpRange.java> 8236dd54 or r3,r31,r31 (GhidraScript)  
INFO  DumpRange.java> 8236dd58 bl 0x8236ec88 (GhidraScript)  
INFO  DumpRange.java> 8236dd5c cmplwi r3,0x0 (GhidraScript)  
INFO  DumpRange.java> 8236dd60 beq 0x8236de84 (GhidraScript)  
INFO  DumpRange.java> 8236dd64 lwz r10,0x4(r3) (GhidraScript)  
INFO  DumpRange.java> 8236dd68 li r27,0x0 (GhidraScript)  
INFO  DumpRange.java> 8236dd6c or r11,r27,r27 (GhidraScript)  
INFO  DumpRange.java> 8236dd70 cmplwi cr6,r10,0x0 (GhidraScript)  
INFO  DumpRange.java> 8236dd74 ble cr6,0x8236ddac (GhidraScript)  
INFO  DumpRange.java> 8236dd78 add r9,r11,r28 (GhidraScript)  
INFO  DumpRange.java> 8236dd7c lhz r10,0x0(r9) (GhidraScript)  
INFO  DumpRange.java> 8236dd80 cmplwi r10,0x0 (GhidraScript)  
INFO  DumpRange.java> 8236dd84 beq 0x8236ddac (GhidraScript)  
INFO  DumpRange.java> 8236dd88 lwz r10,0xc(r30) (GhidraScript)  
INFO  DumpRange.java> 8236dd8c addi r10,r10,0x1 (GhidraScript)  
INFO  DumpRange.java> 8236dd90 stw r10,0xc(r30) (GhidraScript)  
INFO  DumpRange.java> 8236dd94 lhz r10,0x2(r9) (GhidraScript)  
INFO  DumpRange.java> 8236dd98 lwz r9,0x4(r3) (GhidraScript)  
INFO  DumpRange.java> 8236dd9c add r11,r10,r11 (GhidraScript)  
INFO  DumpRange.java> 8236dda0 addi r11,r11,0x4 (GhidraScript)  
INFO  DumpRange.java> 8236dda4 cmplw cr6,r11,r9 (GhidraScript)  
INFO  DumpRange.java> 8236dda8 blt cr6,0x8236dd78 (GhidraScript)  
INFO  DumpRange.java> 8236ddac lwz r31,0xc(r30) (GhidraScript)  
INFO  DumpRange.java> 8236ddb0 cmplwi r31,0x0 (GhidraScript)  
INFO  DumpRange.java> 8236ddb4 beq 0x8236de84 (GhidraScript)  
INFO  DumpRange.java> 8236ddb8 lis r11,0x1fff (GhidraScript)  
INFO  DumpRange.java> 8236ddbc rlwinm r29,r31,0x3,0x0,0x1c (GhidraScript)  
INFO  DumpRange.java> 8236ddc0 ori r11,r11,0xffff (GhidraScript)  
INFO  DumpRange.java> 8236ddc4 cmplw cr6,r31,r11 (GhidraScript)  
INFO  DumpRange.java> 8236ddc8 ble cr6,0x8236ddd0 (GhidraScript)  
INFO  DumpRange.java> 8236ddcc li r29,-0x1 (GhidraScript)  
INFO  DumpRange.java> 8236ddd0 bl 0x82369358 (GhidraScript)  
INFO  DumpRange.java> 8236ddd4 lwz r11,0x0(r3) (GhidraScript)  
INFO  DumpRange.java> 8236ddd8 or r4,r29,r29 (GhidraScript)  
INFO  DumpRange.java> 8236dddc lwz r11,0x4(r11) (GhidraScript)  
INFO  DumpRange.java> 8236dde0 mtspr CTR,r11 (GhidraScript)  
INFO  DumpRange.java> 8236dde4 bctrl (GhidraScript)  
INFO  DumpRange.java> 8236dde8 cmplwi r3,0x0 (GhidraScript)  
INFO  DumpRange.java> 8236ddec beq 0x8236de18 (GhidraScript)  
INFO  DumpRange.java> 8236ddf0 subic. r11,r31,0x1 (GhidraScript)  
INFO  DumpRange.java> 8236ddf4 or r10,r3,r3 (GhidraScript)  
INFO  DumpRange.java> 8236ddf8 blt 0x8236de10 (GhidraScript)  
INFO  DumpRange.java> 8236ddfc sth r27,0x0(r10) (GhidraScript)  
INFO  DumpRange.java> 8236de00 subic. r11,r11,0x1 (GhidraScript)  
INFO  DumpRange.java> 8236de04 stw r27,0x4(r10) (GhidraScript)  
INFO  DumpRange.java> 8236de08 addi r10,r10,0x8 (GhidraScript)  
INFO  DumpRange.java> 8236de0c bge 0x8236ddfc (GhidraScript)  
INFO  DumpRange.java> 8236de10 or r29,r3,r3 (GhidraScript)  
INFO  DumpRange.java> 8236de14 b 0x8236de1c (GhidraScript)  
INFO  DumpRange.java> 8236de18 or r29,r27,r27 (GhidraScript)  
INFO  DumpRange.java> 8236de1c addi r31,r30,0x14 (GhidraScript)  
INFO  REPORT: Execute script: DumpRange.java '0x8236ec40' '0x8236ed50'  (HeadlessAnalyzer)  
INFO  SCRIPT: /fastdata/lavaulta/auto-re-agent/workspaces/ace-combat-6/scripts/DumpRange.java (HeadlessAnalyzer)  
INFO  DumpRange.java> 8236ec40 lwz r11,0x10(r3) (GhidraScript)  
INFO  DumpRange.java> 8236ec44 lbz r11,0x8(r11) (GhidraScript)  
INFO  DumpRange.java> 8236ec48 cmpwi cr6,r11,0x1 (GhidraScript)  
INFO  DumpRange.java> 8236ec4c beq cr6,0x8236ec60 (GhidraScript)  
INFO  DumpRange.java> 8236ec50 subi r11,r11,0x2 (GhidraScript)  
INFO  DumpRange.java> 8236ec54 cntlzw r11,r11 (GhidraScript)  
INFO  DumpRange.java> 8236ec58 rlwinm r3,r11,0x1c,0x1e,0x1e (GhidraScript)  
INFO  DumpRange.java> 8236ec5c blr (GhidraScript)  
INFO  DumpRange.java> 8236ec60 li r3,0x1 (GhidraScript)  
INFO  DumpRange.java> 8236ec64 blr (GhidraScript)  
INFO  DumpRange.java> 8236ec68 lwz r11,0x10(r3) (GhidraScript)  
INFO  DumpRange.java> 8236ec6c lbz r3,0xa(r11) (GhidraScript)  
INFO  DumpRange.java> 8236ec70 blr (GhidraScript)  
INFO  DumpRange.java> 8236ec74 <not-disassembled> (GhidraScript)  
INFO  DumpRange.java> 8236ec78 lwz r11,0x10(r3) (GhidraScript)  
INFO  DumpRange.java> 8236ec7c lbz r3,0xb(r11) (GhidraScript)  
INFO  DumpRange.java> 8236ec80 blr (GhidraScript)  
INFO  DumpRange.java> 8236ec84 <not-disassembled> (GhidraScript)  
INFO  DumpRange.java> 8236ec88 lwz r9,0x14(r3) (GhidraScript)  
INFO  DumpRange.java> 8236ec8c li r7,0x0 (GhidraScript)  
INFO  DumpRange.java> 8236ec90 li r10,0x0 (GhidraScript)  
INFO  DumpRange.java> 8236ec94 cmplwi r9,0x0 (GhidraScript)  
INFO  DumpRange.java> 8236ec98 beq 0x8236ecd4 (GhidraScript)  
INFO  DumpRange.java> 8236ec9c lwz r8,0x18(r3) (GhidraScript)  
INFO  DumpRange.java> 8236eca0 rlwinm r6,r4,0x0,0x10,0x1f (GhidraScript)  
INFO  DumpRange.java> 8236eca4 or r11,r8,r8 (GhidraScript)  
INFO  DumpRange.java> 8236eca8 lwz r4,0x0(r11) (GhidraScript)  
INFO  DumpRange.java> 8236ecac lhz r4,0x0(r4) (GhidraScript)  
INFO  DumpRange.java> 8236ecb0 cmplw cr6,r4,r6 (GhidraScript)  
INFO  DumpRange.java> 8236ecb4 bne cr6,0x8236ecc4 (GhidraScript)  
INFO  DumpRange.java> 8236ecb8 cmplw cr6,r5,r7 (GhidraScript)  
INFO  DumpRange.java> 8236ecbc beq cr6,0x8236ecdc (GhidraScript)  
INFO  DumpRange.java> 8236ecc0 addi r7,r7,0x1 (GhidraScript)  
INFO  DumpRange.java> 8236ecc4 addi r10,r10,0x1 (GhidraScript)  
INFO  DumpRange.java> 8236ecc8 addi r11,r11,0x4 (GhidraScript)  
INFO  DumpRange.java> 8236eccc cmplw cr6,r10,r9 (GhidraScript)  
INFO  DumpRange.java> 8236ecd0 blt cr6,0x8236eca8 (GhidraScript)  
INFO  DumpRange.java> 8236ecd4 li r3,0x0 (GhidraScript)  
INFO  DumpRange.java> 8236ecd8 blr (GhidraScript)  
INFO  DumpRange.java> 8236ecdc rlwinm r11,r10,0x2,0x0,0x1d (GhidraScript)  
INFO  DumpRange.java> 8236ece0 lwzx r3,r11,r8 (GhidraScript)  
INFO  DumpRange.java> 8236ece4 blr (GhidraScript)  
INFO  DumpRange.java> 8236ece8 lwz r9,0x14(r3) (GhidraScript)  
INFO  DumpRange.java> 8236ecec li r7,0x0 (GhidraScript)  
INFO  DumpRange.java> 8236ecf0 li r10,0x0 (GhidraScript)  
INFO  DumpRange.java> 8236ecf4 cmplwi r9,0x0 (GhidraScript)  
INFO  DumpRange.java> 8236ecf8 beq 0x8236ed34 (GhidraScript)  
INFO  DumpRange.java> 8236ecfc lwz r8,0x18(r3) (GhidraScript)  
INFO  DumpRange.java> 8236ed00 rlwinm r6,r4,0x0,0x10,0x1f (GhidraScript)  
INFO  DumpRange.java> 8236ed04 or r11,r8,r8 (GhidraScript)  
INFO  DumpRange.java> 8236ed08 lwz r4,0x0(r11) (GhidraScript)  
INFO  DumpRange.java> 8236ed0c lhz r4,0x0(r4) (GhidraScript)  
INFO  DumpRange.java> 8236ed10 cmplw cr6,r4,r6 (GhidraScript)  
INFO  DumpRange.java> 8236ed14 bne cr6,0x8236ed24 (GhidraScript)  
INFO  DumpRange.java> 8236ed18 cmplw cr6,r5,r7 (GhidraScript)  
INFO  DumpRange.java> 8236ed1c beq cr6,0x8236ed3c (GhidraScript)  
INFO  DumpRange.java> 8236ed20 addi r7,r7,0x1 (GhidraScript)  
INFO  DumpRange.java> 8236ed24 addi r10,r10,0x1 (GhidraScript)  
INFO  DumpRange.java> 8236ed28 addi r11,r11,0x4 (GhidraScript)  
INFO  DumpRange.java> 8236ed2c cmplw cr6,r10,r9 (GhidraScript)  
INFO  DumpRange.java> 8236ed30 blt cr6,0x8236ed08 (GhidraScript)  
INFO  DumpRange.java> 8236ed34 li r3,0x0 (GhidraScript)  
INFO  DumpRange.java> 8236ed38 blr (GhidraScript)  
INFO  DumpRange.java> 8236ed3c rlwinm r11,r10,0x2,0x0,0x1d (GhidraScript)  
INFO  DumpRange.java> 8236ed40 lwzx r11,r11,r8 (GhidraScript)  
INFO  DumpRange.java> 8236ed44 addi r3,r11,0x8 (GhidraScript)  
INFO  DumpRange.java> 8236ed48 blr (GhidraScript)  
INFO  DumpRange.java> 8236ed4c <not-disassembled> (GhidraScript)  
INFO  REPORT: Execute script: ReferencesTo.java '0x8236b880'  (HeadlessAnalyzer)  
INFO  SCRIPT: /fastdata/lavaulta/auto-re-agent/workspaces/ace-combat-6/scripts/ReferencesTo.java (HeadlessAnalyzer)  
INFO  ReferencesTo.java> 8236bc98 UNCONDITIONAL_CALL (GhidraScript)  
INFO  ReferencesTo.java> 8236bca4 UNCONDITIONAL_CALL (GhidraScript)  
INFO  ReferencesTo.java> 8236bcb4 UNCONDITIONAL_CALL (GhidraScript)  
INFO  ReferencesTo.java> 8236bd5c UNCONDITIONAL_CALL (GhidraScript)  
INFO  REPORT: Execute script: ReferencesTo.java '0x8236b920'  (HeadlessAnalyzer)  
INFO  SCRIPT: /fastdata/lavaulta/auto-re-agent/workspaces/ace-combat-6/scripts/ReferencesTo.java (HeadlessAnalyzer)  
INFO  ReferencesTo.java> 8236bbe0 UNCONDITIONAL_CALL (GhidraScript)  
INFO  REPORT: Execute script: ReferencesTo.java '0x8236c9d8'  (HeadlessAnalyzer)  
INFO  SCRIPT: /fastdata/lavaulta/auto-re-agent/workspaces/ace-combat-6/scripts/ReferencesTo.java (HeadlessAnalyzer)  
INFO  ReferencesTo.java> 8236d3d8 UNCONDITIONAL_CALL (GhidraScript)  
INFO  REPORT: Execute script: ReferencesTo.java '0x8236dc70'  (HeadlessAnalyzer)  
INFO  SCRIPT: /fastdata/lavaulta/auto-re-agent/workspaces/ace-combat-6/scripts/ReferencesTo.java (HeadlessAnalyzer)  
INFO  ReferencesTo.java> 8236b8b4 UNCONDITIONAL_CALL (GhidraScript)  
INFO  ReferencesTo.java> 8236b9f8 UNCONDITIONAL_CALL (GhidraScript)  
INFO  ReferencesTo.java> 8236b854 UNCONDITIONAL_CALL (GhidraScript)  
INFO  ReferencesTo.java> 8236b9a0 UNCONDITIONAL_CALL (GhidraScript)  
INFO  REPORT: Execute script: ReferencesTo.java '0x8236dc98'  (HeadlessAnalyzer)  
INFO  SCRIPT: /fastdata/lavaulta/auto-re-agent/workspaces/ace-combat-6/scripts/ReferencesTo.java (HeadlessAnalyzer)  
INFO  ReferencesTo.java> 8236b8e4 UNCONDITIONAL_CALL (GhidraScript)  
INFO  ReferencesTo.java> 8236ba54 UNCONDITIONAL_CALL (GhidraScript)  
INFO  REPORT: Execute script: ReferencesTo.java '0x8236ece8'  (HeadlessAnalyzer)  
INFO  SCRIPT: /fastdata/lavaulta/auto-re-agent/workspaces/ace-combat-6/scripts/ReferencesTo.java (HeadlessAnalyzer)  
INFO  ReferencesTo.java> 8236c9f8 UNCONDITIONAL_CALL (GhidraScript)  
INFO  ReferencesTo.java> 8236cdac UNCONDITIONAL_CALL (GhidraScript)  
INFO  ReferencesTo.java> 8236cdc4 UNCONDITIONAL_CALL (GhidraScript)  
INFO  ReferencesTo.java> 8236d048 UNCONDITIONAL_CALL (GhidraScript)  
INFO  ReferencesTo.java> 8236d28c UNCONDITIONAL_CALL (GhidraScript)  
INFO  ReferencesTo.java> 8236e370 UNCONDITIONAL_CALL (GhidraScript)  
INFO  ReferencesTo.java> 8236d4e8 UNCONDITIONAL_CALL (GhidraScript)  
INFO  ReferencesTo.java> 8236d500 UNCONDITIONAL_CALL (GhidraScript)  
INFO  ReferencesTo.java> 8236da98 UNCONDITIONAL_CALL (GhidraScript)  
INFO  ReferencesTo.java> 8236cbe8 UNCONDITIONAL_CALL (GhidraScript)  
INFO  ReferencesTo.java> 8236dd40 UNCONDITIONAL_CALL (GhidraScript)  
INFO  REPORT: Save succeeded for processed file: /default.xex (HeadlessAnalyzer)  
