Picked up JAVA_TOOL_OPTIONS: -Duser.home=/tmp/ac6-ghidra-home-corrected
Picked up JAVA_TOOL_OPTIONS: -Duser.home=/tmp/ac6-ghidra-home-corrected
Picked up JAVA_TOOL_OPTIONS: -Duser.home=/tmp/ac6-ghidra-home-corrected
Picked up JAVA_TOOL_OPTIONS: -Duser.home=/tmp/ac6-ghidra-home-corrected
openjdk version "21.0.11" 2026-04-21
OpenJDK Runtime Environment (build 21.0.11+10-1-26.04.2-Ubuntu)
OpenJDK 64-Bit Server VM (build 21.0.11+10-1-26.04.2-Ubuntu, mixed mode)
INFO  Using log config file: jar:file:/fastdata/lavaulta/auto-re-agent/.tools/ghidra_12.1.2_PUBLIC/Ghidra/Framework/Generic/lib/Generic.jar!/generic.log4j.xml (LoggingInitialization)  
INFO  Using log file: /tmp/ac6-ghidra-home-corrected/.config/ghidra/ghidra_12.1.2_PUBLIC/application.log (LoggingInitialization)  
INFO  Loading user preferences: /tmp/ac6-ghidra-home-corrected/.config/ghidra/ghidra_12.1.2_PUBLIC/preferences (Preferences)  
INFO  Searching for classes... (ClassSearcher)  
INFO  Ignoring class 'xexloaderwv.XEXLoaderWVLoader' from '/fastdata/lavaulta/auto-re-agent/.tools/ghidra_12.1.2_PUBLIC/Ghidra/Extensions/XEXLoaderWV/lib/XEXLoaderWV.jar'. Already found at '/fastdata/lavaulta/auto-re-agent/.tools/ghidra_12.1.2_PUBLIC/Ghidra/patch/XEXLoaderWV-java21.jar'. (ClassSearcher)  
INFO  Class search complete (1542 ms) (ClassSearcher)  
INFO  Initializing SSL Context (DefaultSSLContextInitializer)  
INFO  Initializing Random Number Generator... (SecureRandomFactory)  
INFO  Random Number Generator initialization complete: NativePRNGNonBlocking (SecureRandomFactory)  
INFO  Trust manager disabled, cacerts have not been set (DefaultTrustManagerFactory)  
INFO  Headless startup complete (3175 ms) (AnalyzeHeadless)  
INFO  Class searcher loaded 59 extension points (20 false positives) (ClassSearcher)  
INFO  HEADLESS Script Paths:
    /fastdata/lavaulta/auto-re-agent/.tools/ghidra_12.1.2_PUBLIC/Ghidra/Features/MicrosoftCodeAnalyzer/ghidra_scripts
    /fastdata/lavaulta/auto-re-agent/.tools/ghidra_12.1.2_PUBLIC/Ghidra/Features/PDB/ghidra_scripts
    /fastdata/lavaulta/auto-re-agent/.tools/ghidra_12.1.2_PUBLIC/Ghidra/Processors/8051/ghidra_scripts
    /fastdata/lavaulta/auto-re-agent/.tools/ghidra_12.1.2_PUBLIC/Ghidra/Features/Base/ghidra_scripts
    /fastdata/lavaulta/auto-re-agent/workspaces/ace-combat-6/scripts
    /fastdata/lavaulta/auto-re-agent/.tools/ghidra_12.1.2_PUBLIC/Ghidra/Features/FileFormats/ghidra_scripts
    /fastdata/lavaulta/auto-re-agent/.tools/ghidra_12.1.2_PUBLIC/Ghidra/Features/GnuDemangler/ghidra_scripts
    /fastdata/lavaulta/auto-re-agent/.tools/ghidra_12.1.2_PUBLIC/Ghidra/Extensions/ghidra-emotionengine-reloaded/ghidra_scripts
    /fastdata/lavaulta/auto-re-agent/.tools/ghidra_12.1.2_PUBLIC/Ghidra/Features/Decompiler/ghidra_scripts
    /fastdata/lavaulta/auto-re-agent/.tools/ghidra_12.1.2_PUBLIC/Ghidra/Features/FunctionID/ghidra_scripts
    /fastdata/lavaulta/auto-re-agent/.tools/ghidra_12.1.2_PUBLIC/Ghidra/Features/DecompilerDependent/ghidra_scripts
    /fastdata/lavaulta/auto-re-agent/.tools/ghidra_12.1.2_PUBLIC/Ghidra/Processors/DATA/ghidra_scripts
    /fastdata/lavaulta/auto-re-agent/.tools/ghidra_12.1.2_PUBLIC/Ghidra/Debug/Debugger-rmi-trace/ghidra_scripts
    /fastdata/lavaulta/auto-re-agent/.tools/ghidra_12.1.2_PUBLIC/Ghidra/Features/SwiftDemangler/ghidra_scripts
    /fastdata/lavaulta/auto-re-agent/.tools/ghidra_12.1.2_PUBLIC/Ghidra/Debug/Debugger/ghidra_scripts
    /fastdata/lavaulta/auto-re-agent/.tools/ghidra_12.1.2_PUBLIC/Ghidra/Processors/PIC/ghidra_scripts
    /fastdata/lavaulta/auto-re-agent/.tools/ghidra_12.1.2_PUBLIC/Ghidra/Extensions/XEXLoaderWV/ghidra_scripts
    /fastdata/lavaulta/auto-re-agent/.tools/ghidra_12.1.2_PUBLIC/Ghidra/Features/WildcardAssembler/ghidra_scripts
    /fastdata/lavaulta/auto-re-agent/.tools/ghidra_12.1.2_PUBLIC/Ghidra/Features/PyGhidra/ghidra_scripts
    /fastdata/lavaulta/auto-re-agent/.tools/ghidra_12.1.2_PUBLIC/Ghidra/Features/BSim/ghidra_scripts
    /fastdata/lavaulta/auto-re-agent/.tools/ghidra_12.1.2_PUBLIC/Ghidra/Features/VersionTracking/ghidra_scripts
    /fastdata/lavaulta/auto-re-agent/.tools/ghidra_12.1.2_PUBLIC/Ghidra/Features/BytePatterns/ghidra_scripts
    /fastdata/lavaulta/auto-re-agent/.tools/ghidra_12.1.2_PUBLIC/Ghidra/Processors/Atmel/ghidra_scripts
    /fastdata/lavaulta/auto-re-agent/.tools/ghidra_12.1.2_PUBLIC/Ghidra/Features/SystemEmulation/ghidra_scripts
    /fastdata/lavaulta/auto-re-agent/.tools/ghidra_12.1.2_PUBLIC/Ghidra/Processors/JVM/ghidra_scripts (HeadlessAnalyzer)  
INFO  HEADLESS: execution starts (HeadlessAnalyzer)  
INFO  Opening existing project: /fastdata/lavaulta/auto-re-agent/workspaces/ace-combat-6/ghidra-projects/ace-combat-6-corrected (HeadlessAnalyzer)  
INFO  Opening project: /fastdata/lavaulta/auto-re-agent/workspaces/ace-combat-6/ghidra-projects/ace-combat-6-corrected (HeadlessProject)  
INFO  REPORT: Processing project file: /default.xex (HeadlessAnalyzer)  
INFO  REPORT: Execute script: DumpRange.java '0x8236b780' '0x8236ba20'  (HeadlessAnalyzer)  
INFO  SCRIPT: /fastdata/lavaulta/auto-re-agent/workspaces/ace-combat-6/scripts/DumpRange.java (HeadlessAnalyzer)  
INFO  DumpRange.java> 8236b780 addi r4,r1,0x52 (GhidraScript)  
INFO  DumpRange.java> 8236b784 stw r26,0x58(r1) (GhidraScript)  
INFO  DumpRange.java> 8236b788 or r3,r31,r31 (GhidraScript)  
INFO  DumpRange.java> 8236b78c bl 0x8236d750 (GhidraScript)  
INFO  DumpRange.java> 8236b790 lwz r11,0x0(r30) (GhidraScript)  
INFO  DumpRange.java> 8236b794 cmplwi r11,0x0 (GhidraScript)  
INFO  DumpRange.java> 8236b798 addi r27,r11,0x4 (GhidraScript)  
INFO  DumpRange.java> 8236b79c bne 0x8236b7a4 (GhidraScript)  
INFO  DumpRange.java> 8236b7a0 or r27,r26,r26 (GhidraScript)  
INFO  DumpRange.java> 8236b7a4 or r3,r31,r31 (GhidraScript)  
INFO  DumpRange.java> 8236b7a8 lwz r28,0x0(r25) (GhidraScript)  
INFO  DumpRange.java> 8236b7ac lwz r23,0x58(r1) (GhidraScript)  
INFO  DumpRange.java> 8236b7b0 lwz r22,0x54(r1) (GhidraScript)  
INFO  DumpRange.java> 8236b7b4 lhz r21,0x52(r1) (GhidraScript)  
INFO  DumpRange.java> 8236b7b8 bl 0x82339fe0 (GhidraScript)  
INFO  DumpRange.java> 8236b7bc or r6,r3,r3 (GhidraScript)  
INFO  DumpRange.java> 8236b7c0 lwz r11,0x8(r28) (GhidraScript)  
INFO  DumpRange.java> 8236b7c4 or r5,r24,r24 (GhidraScript)  
INFO  DumpRange.java> 8236b7c8 or r4,r27,r27 (GhidraScript)  
INFO  DumpRange.java> 8236b7cc or r3,r25,r25 (GhidraScript)  
INFO  DumpRange.java> 8236b7d0 or r7,r21,r21 (GhidraScript)  
INFO  DumpRange.java> 8236b7d4 or r8,r22,r22 (GhidraScript)  
INFO  DumpRange.java> 8236b7d8 or r9,r23,r23 (GhidraScript)  
INFO  DumpRange.java> 8236b7dc mtspr CTR,r11 (GhidraScript)  
INFO  DumpRange.java> 8236b7e0 bctrl (GhidraScript)  
INFO  DumpRange.java> 8236b7e4 or r3,r31,r31 (GhidraScript)  
INFO  DumpRange.java> 8236b7e8 bl 0x8236d798 (GhidraScript)  
INFO  DumpRange.java> 8236b7ec or r3,r31,r31 (GhidraScript)  
INFO  DumpRange.java> 8236b7f0 addi r29,r29,0x1 (GhidraScript)  
INFO  DumpRange.java> 8236b7f4 bl 0x8236d480 (GhidraScript)  
INFO  DumpRange.java> 8236b7f8 cmplw cr6,r29,r3 (GhidraScript)  
INFO  DumpRange.java> 8236b7fc blt cr6,0x8236b770 (GhidraScript)  
INFO  DumpRange.java> 8236b800 li r4,0x0 (GhidraScript)  
INFO  DumpRange.java> 8236b804 or r3,r31,r31 (GhidraScript)  
INFO  DumpRange.java> 8236b808 bl 0x8236d7e8 (GhidraScript)  
INFO  DumpRange.java> 8236b80c addi r1,r1,0xd0 (GhidraScript)  
INFO  DumpRange.java> 8236b810 b 0x82386528 (GhidraScript)  
INFO  DumpRange.java> 8236b814 <not-disassembled> (GhidraScript)  
INFO  DumpRange.java> 8236b818 lwz r3,0x90(r3) (GhidraScript)  
INFO  DumpRange.java> 8236b81c blr (GhidraScript)  
INFO  DumpRange.java> 8236b820 lwz r3,0x94(r3) (GhidraScript)  
INFO  DumpRange.java> 8236b824 blr (GhidraScript)  
INFO  DumpRange.java> 8236b828 mfspr r12,LR (GhidraScript)  
INFO  DumpRange.java> 8236b82c stw r12,-0x8(r1) (GhidraScript)  
INFO  DumpRange.java> 8236b830 stwu r1,-0x70(r1) (GhidraScript)  
INFO  DumpRange.java> 8236b834 li r11,0x0 (GhidraScript)  
INFO  DumpRange.java> 8236b838 addi r6,r1,0x58 (GhidraScript)  
INFO  DumpRange.java> 8236b83c addi r5,r1,0x54 (GhidraScript)  
INFO  DumpRange.java> 8236b840 addi r4,r1,0x50 (GhidraScript)  
INFO  DumpRange.java> 8236b844 addi r3,r3,0x8 (GhidraScript)  
INFO  DumpRange.java> 8236b848 sth r11,0x50(r1) (GhidraScript)  
INFO  DumpRange.java> 8236b84c stw r11,0x54(r1) (GhidraScript)  
INFO  DumpRange.java> 8236b850 stw r11,0x58(r1) (GhidraScript)  
INFO  DumpRange.java> 8236b854 bl 0x8236dc70 (GhidraScript)  
INFO  DumpRange.java> 8236b858 lhz r11,0x50(r1) (GhidraScript)  
INFO  DumpRange.java> 8236b85c subis r11,r11,0x1 (GhidraScript)  
INFO  DumpRange.java> 8236b860 addi r11,r11,0x7ffe (GhidraScript)  
INFO  DumpRange.java> 8236b864 cntlzw r11,r11 (GhidraScript)  
INFO  DumpRange.java> 8236b868 rlwinm r3,r11,0x1b,0x1f,0x1f (GhidraScript)  
INFO  DumpRange.java> 8236b86c addi r1,r1,0x70 (GhidraScript)  
INFO  DumpRange.java> 8236b870 lwz r12,-0x8(r1) (GhidraScript)  
INFO  DumpRange.java> 8236b874 mtspr LR,r12 (GhidraScript)  
INFO  DumpRange.java> 8236b878 blr (GhidraScript)  
INFO  DumpRange.java> 8236b87c <not-disassembled> (GhidraScript)  
INFO  DumpRange.java> 8236b880 mfspr r12,LR (GhidraScript)  
INFO  DumpRange.java> 8236b884 stw r12,-0x8(r1) (GhidraScript)  
INFO  DumpRange.java> 8236b888 std r31,-0x10(r1) (GhidraScript)  
INFO  DumpRange.java> 8236b88c stwu r1,-0x70(r1) (GhidraScript)  
INFO  DumpRange.java> 8236b890 li r11,0x0 (GhidraScript)  
INFO  DumpRange.java> 8236b894 addi r31,r3,0x8 (GhidraScript)  
INFO  DumpRange.java> 8236b898 addi r6,r1,0x58 (GhidraScript)  
INFO  DumpRange.java> 8236b89c addi r5,r1,0x54 (GhidraScript)  
INFO  DumpRange.java> 8236b8a0 addi r4,r1,0x50 (GhidraScript)  
INFO  DumpRange.java> 8236b8a4 or r3,r31,r31 (GhidraScript)  
INFO  DumpRange.java> 8236b8a8 sth r11,0x50(r1) (GhidraScript)  
INFO  DumpRange.java> 8236b8ac stw r11,0x54(r1) (GhidraScript)  
INFO  DumpRange.java> 8236b8b0 stw r11,0x58(r1) (GhidraScript)  
INFO  DumpRange.java> 8236b8b4 bl 0x8236dc70 (GhidraScript)  
INFO  DumpRange.java> 8236b8b8 lhz r11,0x50(r1) (GhidraScript)  
INFO  DumpRange.java> 8236b8bc cmplwi cr6,r11,0x8002 (GhidraScript)  
INFO  DumpRange.java> 8236b8c0 beq cr6,0x8236b904 (GhidraScript)  
INFO  DumpRange.java> 8236b8c4 cmplwi cr6,r11,0x8003 (GhidraScript)  
INFO  DumpRange.java> 8236b8c8 beq cr6,0x8236b904 (GhidraScript)  
INFO  DumpRange.java> 8236b8cc cmplwi cr6,r11,0x8001 (GhidraScript)  
INFO  DumpRange.java> 8236b8d0 bne cr6,0x8236b8fc (GhidraScript)  
INFO  DumpRange.java> 8236b8d4 addi r6,r1,0x58 (GhidraScript)  
INFO  DumpRange.java> 8236b8d8 addi r5,r1,0x54 (GhidraScript)  
INFO  DumpRange.java> 8236b8dc addi r4,r1,0x50 (GhidraScript)  
INFO  DumpRange.java> 8236b8e0 or r3,r31,r31 (GhidraScript)  
INFO  DumpRange.java> 8236b8e4 bl 0x8236dc98 (GhidraScript)  
INFO  DumpRange.java> 8236b8e8 lhz r11,0x50(r1) (GhidraScript)  
INFO  DumpRange.java> 8236b8ec cmplwi cr6,r11,0x8002 (GhidraScript)  
INFO  DumpRange.java> 8236b8f0 beq cr6,0x8236b904 (GhidraScript)  
INFO  DumpRange.java> 8236b8f4 cmplwi cr6,r11,0x8003 (GhidraScript)  
INFO  DumpRange.java> 8236b8f8 beq cr6,0x8236b904 (GhidraScript)  
INFO  DumpRange.java> 8236b8fc li r3,0x0 (GhidraScript)  
INFO  DumpRange.java> 8236b900 b 0x8236b90c (GhidraScript)  
INFO  DumpRange.java> 8236b904 lwz r11,0x54(r1) (GhidraScript)  
INFO  DumpRange.java> 8236b908 lwz r3,0x0(r11) (GhidraScript)  
INFO  DumpRange.java> 8236b90c addi r1,r1,0x70 (GhidraScript)  
INFO  DumpRange.java> 8236b910 lwz r12,-0x8(r1) (GhidraScript)  
INFO  DumpRange.java> 8236b914 mtspr LR,r12 (GhidraScript)  
INFO  DumpRange.java> 8236b918 ld r31,-0x10(r1) (GhidraScript)  
INFO  DumpRange.java> 8236b91c blr (GhidraScript)  
INFO  DumpRange.java> 8236b920 mfspr r12,LR (GhidraScript)  
INFO  DumpRange.java> 8236b924 bl 0x823864ec (GhidraScript)  
INFO  DumpRange.java> 8236b928 stfd f31,-0x48(r1) (GhidraScript)  
INFO  DumpRange.java> 8236b92c stwu r1,-0xc0(r1) (GhidraScript)  
INFO  DumpRange.java> 8236b930 or r31,r3,r3 (GhidraScript)  
INFO  DumpRange.java> 8236b934 fmr f31,f1 (GhidraScript)  
INFO  DumpRange.java> 8236b938 or r26,r4,r4 (GhidraScript)  
INFO  DumpRange.java> 8236b93c or r25,r5,r5 (GhidraScript)  
INFO  DumpRange.java> 8236b940 li r27,0x0 (GhidraScript)  
INFO  DumpRange.java> 8236b944 lwz r11,0x4(r31) (GhidraScript)  
INFO  DumpRange.java> 8236b948 lwz r10,0x0(r11) (GhidraScript)  
INFO  DumpRange.java> 8236b94c rlwinm r11,r10,0x0,0x0,0x1f (GhidraScript)  
INFO  DumpRange.java> 8236b950 cmplwi cr6,r11,0x0 (GhidraScript)  
INFO  DumpRange.java> 8236b954 lwz r30,0x10(r10) (GhidraScript)  
INFO  DumpRange.java> 8236b958 beq cr6,0x8236b96c (GhidraScript)  
INFO  DumpRange.java> 8236b95c lwz r11,0x4(r31) (GhidraScript)  
INFO  DumpRange.java> 8236b960 lwz r11,0x0(r11) (GhidraScript)  
INFO  DumpRange.java> 8236b964 addi r28,r11,0x4 (GhidraScript)  
INFO  DumpRange.java> 8236b968 b 0x8236b970 (GhidraScript)  
INFO  DumpRange.java> 8236b96c or r28,r27,r27 (GhidraScript)  
INFO  DumpRange.java> 8236b970 lwz r11,0x4(r31) (GhidraScript)  
INFO  DumpRange.java> 8236b974 addi r3,r11,0x8 (GhidraScript)  
INFO  DumpRange.java> 8236b978 bl 0x82339fe0 (GhidraScript)  
INFO  DumpRange.java> 8236b97c lwz r11,0x4(r31) (GhidraScript)  
INFO  DumpRange.java> 8236b980 or r29,r3,r3 (GhidraScript)  
INFO  DumpRange.java> 8236b984 sth r27,0x60(r1) (GhidraScript)  
INFO  DumpRange.java> 8236b988 addi r6,r1,0x64 (GhidraScript)  
INFO  DumpRange.java> 8236b98c stw r27,0x68(r1) (GhidraScript)  
INFO  DumpRange.java> 8236b990 addi r5,r1,0x68 (GhidraScript)  
INFO  DumpRange.java> 8236b994 stw r27,0x64(r1) (GhidraScript)  
INFO  DumpRange.java> 8236b998 addi r4,r1,0x60 (GhidraScript)  
INFO  DumpRange.java> 8236b99c addi r3,r11,0x8 (GhidraScript)  
INFO  DumpRange.java> 8236b9a0 bl 0x8236dc70 (GhidraScript)  
INFO  DumpRange.java> 8236b9a4 lwz r9,0x64(r1) (GhidraScript)  
INFO  DumpRange.java> 8236b9a8 lwz r11,0x0(r30) (GhidraScript)  
INFO  DumpRange.java> 8236b9ac fmr f1,f31 (GhidraScript)  
INFO  DumpRange.java> 8236b9b0 lwz r10,0x68(r1) (GhidraScript)  
INFO  DumpRange.java> 8236b9b4 or r7,r29,r29 (GhidraScript)  
INFO  DumpRange.java> 8236b9b8 or r6,r25,r25 (GhidraScript)  
INFO  DumpRange.java> 8236b9bc or r5,r26,r26 (GhidraScript)  
INFO  DumpRange.java> 8236b9c0 stw r9,0x54(r1) (GhidraScript)  
INFO  DumpRange.java> 8236b9c4 or r4,r28,r28 (GhidraScript)  
INFO  DumpRange.java> 8236b9c8 lhz r9,0x60(r1) (GhidraScript)  
INFO  DumpRange.java> 8236b9cc or r3,r30,r30 (GhidraScript)  
INFO  DumpRange.java> 8236b9d0 lwz r11,0x20(r11) (GhidraScript)  
INFO  DumpRange.java> 8236b9d4 mtspr CTR,r11 (GhidraScript)  
INFO  DumpRange.java> 8236b9d8 bctrl (GhidraScript)  
INFO  DumpRange.java> 8236b9dc b 0x8236ba34 (GhidraScript)  
INFO  DumpRange.java> 8236b9e0 bl 0x8236dd00 (GhidraScript)  
INFO  DumpRange.java> 8236b9e4 lwz r11,0x4(r31) (GhidraScript)  
INFO  DumpRange.java> 8236b9e8 addi r6,r1,0x64 (GhidraScript)  
INFO  DumpRange.java> 8236b9ec addi r5,r1,0x68 (GhidraScript)  
INFO  DumpRange.java> 8236b9f0 addi r4,r1,0x60 (GhidraScript)  
INFO  DumpRange.java> 8236b9f4 addi r3,r11,0x8 (GhidraScript)  
INFO  DumpRange.java> 8236b9f8 bl 0x8236dc70 (GhidraScript)  
INFO  DumpRange.java> 8236b9fc lwz r10,0x64(r1) (GhidraScript)  
INFO  DumpRange.java> 8236ba00 lwz r11,0x0(r30) (GhidraScript)  
INFO  DumpRange.java> 8236ba04 fmr f1,f31 (GhidraScript)  
INFO  DumpRange.java> 8236ba08 lhz r9,0x60(r1) (GhidraScript)  
INFO  DumpRange.java> 8236ba0c or r7,r29,r29 (GhidraScript)  
INFO  DumpRange.java> 8236ba10 or r6,r25,r25 (GhidraScript)  
INFO  DumpRange.java> 8236ba14 or r5,r26,r26 (GhidraScript)  
INFO  DumpRange.java> 8236ba18 stw r10,0x54(r1) (GhidraScript)  
INFO  DumpRange.java> 8236ba1c or r4,r28,r28 (GhidraScript)  
INFO  REPORT: Execute script: DumpRange.java '0x8236c900' '0x8236cac0'  (HeadlessAnalyzer)  
INFO  SCRIPT: /fastdata/lavaulta/auto-re-agent/workspaces/ace-combat-6/scripts/DumpRange.java (HeadlessAnalyzer)  
INFO  DumpRange.java> 8236c900 b 0x8236c808 (GhidraScript)  
INFO  DumpRange.java> 8236c904 or r3,r31,r31 (GhidraScript)  
INFO  DumpRange.java> 8236c908 bl 0x8236c3d0 (GhidraScript)  
INFO  DumpRange.java> 8236c90c b 0x8236c918 (GhidraScript)  
INFO  DumpRange.java> 8236c910 or r3,r31,r31 (GhidraScript)  
INFO  DumpRange.java> 8236c914 bl 0x8236c350 (GhidraScript)  
INFO  DumpRange.java> 8236c918 cmplwi cr6,r28,0x0 (GhidraScript)  
INFO  DumpRange.java> 8236c91c stw r27,0x24(r31) (GhidraScript)  
INFO  DumpRange.java> 8236c920 beq cr6,0x8236c92c (GhidraScript)  
INFO  DumpRange.java> 8236c924 or r3,r28,r28 (GhidraScript)  
INFO  DumpRange.java> 8236c928 bl 0x82383670 (GhidraScript)  
INFO  DumpRange.java> 8236c92c li r3,0x1 (GhidraScript)  
INFO  DumpRange.java> 8236c930 addi r1,r1,0x90 (GhidraScript)  
INFO  DumpRange.java> 8236c934 b 0x82386544 (GhidraScript)  
INFO  DumpRange.java> 8236c938 mfspr r12,LR (GhidraScript)  
INFO  DumpRange.java> 8236c93c stw r12,-0x8(r1) (GhidraScript)  
INFO  DumpRange.java> 8236c940 stwu r1,-0x60(r1) (GhidraScript)  
INFO  DumpRange.java> 8236c944 addi r5,r1,0x50 (GhidraScript)  
INFO  DumpRange.java> 8236c948 bl 0x8236c270 (GhidraScript)  
INFO  DumpRange.java> 8236c94c addi r1,r1,0x60 (GhidraScript)  
INFO  DumpRange.java> 8236c950 lwz r12,-0x8(r1) (GhidraScript)  
INFO  DumpRange.java> 8236c954 mtspr LR,r12 (GhidraScript)  
INFO  DumpRange.java> 8236c958 blr (GhidraScript)  
INFO  DumpRange.java> 8236c95c <not-disassembled> (GhidraScript)  
INFO  DumpRange.java> 8236c960 mfspr r12,LR (GhidraScript)  
INFO  DumpRange.java> 8236c964 stw r12,-0x8(r1) (GhidraScript)  
INFO  DumpRange.java> 8236c968 stwu r1,-0x60(r1) (GhidraScript)  
INFO  DumpRange.java> 8236c96c addi r5,r1,0x50 (GhidraScript)  
INFO  DumpRange.java> 8236c970 bl 0x8236c2e0 (GhidraScript)  
INFO  DumpRange.java> 8236c974 addi r1,r1,0x60 (GhidraScript)  
INFO  DumpRange.java> 8236c978 lwz r12,-0x8(r1) (GhidraScript)  
INFO  DumpRange.java> 8236c97c mtspr LR,r12 (GhidraScript)  
INFO  DumpRange.java> 8236c980 blr (GhidraScript)  
INFO  DumpRange.java> 8236c984 <not-disassembled> (GhidraScript)  
INFO  DumpRange.java> 8236c988 mfspr r12,LR (GhidraScript)  
INFO  DumpRange.java> 8236c98c stw r12,-0x8(r1) (GhidraScript)  
INFO  DumpRange.java> 8236c990 stwu r1,-0x60(r1) (GhidraScript)  
INFO  DumpRange.java> 8236c994 addi r3,r3,0x20 (GhidraScript)  
INFO  DumpRange.java> 8236c998 bl 0x8236ec40 (GhidraScript)  
INFO  DumpRange.java> 8236c99c rlwinm r3,r3,0x0,0x18,0x1f (GhidraScript)  
INFO  DumpRange.java> 8236c9a0 addi r1,r1,0x60 (GhidraScript)  
INFO  DumpRange.java> 8236c9a4 lwz r12,-0x8(r1) (GhidraScript)  
INFO  DumpRange.java> 8236c9a8 mtspr LR,r12 (GhidraScript)  
INFO  DumpRange.java> 8236c9ac blr (GhidraScript)  
INFO  DumpRange.java> 8236c9b0 addi r3,r3,0x20 (GhidraScript)  
INFO  DumpRange.java> 8236c9b4 b 0x8236ec68 (GhidraScript)  
INFO  DumpRange.java> 8236c9b8 addi r3,r3,0x20 (GhidraScript)  
INFO  DumpRange.java> 8236c9bc b 0x8236ec78 (GhidraScript)  
INFO  DumpRange.java> 8236c9c0 lwz r3,0x10(r3) (GhidraScript)  
INFO  DumpRange.java> 8236c9c4 blr (GhidraScript)  
INFO  DumpRange.java> 8236c9c8 lwz r3,0x14(r3) (GhidraScript)  
INFO  DumpRange.java> 8236c9cc blr (GhidraScript)  
INFO  DumpRange.java> 8236c9d0 lwz r3,0x18(r3) (GhidraScript)  
INFO  DumpRange.java> 8236c9d4 blr (GhidraScript)  
INFO  DumpRange.java> 8236c9d8 mfspr r12,LR (GhidraScript)  
INFO  DumpRange.java> 8236c9dc stw r12,-0x8(r1) (GhidraScript)  
INFO  DumpRange.java> 8236c9e0 std r31,-0x10(r1) (GhidraScript)  
INFO  DumpRange.java> 8236c9e4 stwu r1,-0x60(r1) (GhidraScript)  
INFO  DumpRange.java> 8236c9e8 or r31,r3,r3 (GhidraScript)  
INFO  DumpRange.java> 8236c9ec li r5,0x0 (GhidraScript)  
INFO  DumpRange.java> 8236c9f0 li r4,0x1001 (GhidraScript)  
INFO  DumpRange.java> 8236c9f4 addi r3,r31,0x20 (GhidraScript)  
INFO  DumpRange.java> 8236c9f8 bl 0x8236ece8 (GhidraScript)  
INFO  DumpRange.java> 8236c9fc cmplwi r3,0x0 (GhidraScript)  
INFO  DumpRange.java> 8236ca00 beq 0x8236ca0c (GhidraScript)  
INFO  DumpRange.java> 8236ca04 addi r11,r3,0x2 (GhidraScript)  
INFO  DumpRange.java> 8236ca08 stw r11,0x4(r31) (GhidraScript)  
INFO  DumpRange.java> 8236ca0c addi r1,r1,0x60 (GhidraScript)  
INFO  DumpRange.java> 8236ca10 lwz r12,-0x8(r1) (GhidraScript)  
INFO  DumpRange.java> 8236ca14 mtspr LR,r12 (GhidraScript)  
INFO  DumpRange.java> 8236ca18 ld r31,-0x10(r1) (GhidraScript)  
INFO  DumpRange.java> 8236ca1c blr (GhidraScript)  
INFO  DumpRange.java> 8236ca20 mfspr r12,LR (GhidraScript)  
INFO  DumpRange.java> 8236ca24 stw r12,-0x8(r1) (GhidraScript)  
INFO  DumpRange.java> 8236ca28 std r30,-0x18(r1) (GhidraScript)  
INFO  DumpRange.java> 8236ca2c std r31,-0x10(r1) (GhidraScript)  
INFO  DumpRange.java> 8236ca30 stwu r1,-0x70(r1) (GhidraScript)  
INFO  DumpRange.java> 8236ca34 or r31,r3,r3 (GhidraScript)  
INFO  DumpRange.java> 8236ca38 lwz r30,0x0(r31) (GhidraScript)  
INFO  DumpRange.java> 8236ca3c cmplwi r30,0x0 (GhidraScript)  
INFO  DumpRange.java> 8236ca40 beq 0x8236ca64 (GhidraScript)  
INFO  DumpRange.java> 8236ca44 bl 0x82369358 (GhidraScript)  
INFO  DumpRange.java> 8236ca48 lwz r11,0x0(r3) (GhidraScript)  
INFO  DumpRange.java> 8236ca4c or r4,r30,r30 (GhidraScript)  
INFO  DumpRange.java> 8236ca50 lwz r11,0x8(r11) (GhidraScript)  
INFO  DumpRange.java> 8236ca54 mtspr CTR,r11 (GhidraScript)  
INFO  DumpRange.java> 8236ca58 bctrl (GhidraScript)  
INFO  DumpRange.java> 8236ca5c li r11,0x0 (GhidraScript)  
INFO  DumpRange.java> 8236ca60 stw r11,0x0(r31) (GhidraScript)  
INFO  DumpRange.java> 8236ca64 addi r1,r1,0x70 (GhidraScript)  
INFO  DumpRange.java> 8236ca68 lwz r12,-0x8(r1) (GhidraScript)  
INFO  DumpRange.java> 8236ca6c mtspr LR,r12 (GhidraScript)  
INFO  DumpRange.java> 8236ca70 ld r30,-0x18(r1) (GhidraScript)  
INFO  DumpRange.java> 8236ca74 ld r31,-0x10(r1) (GhidraScript)  
INFO  DumpRange.java> 8236ca78 blr (GhidraScript)  
INFO  DumpRange.java> 8236ca7c <not-disassembled> (GhidraScript)  
INFO  DumpRange.java> 8236ca80 lwz r11,0x8(r3) (GhidraScript)  
INFO  DumpRange.java> 8236ca84 cmplw cr6,r11,r4 (GhidraScript)  
INFO  DumpRange.java> 8236ca88 bgt cr6,0x8236ca94 (GhidraScript)  
INFO  DumpRange.java> 8236ca8c li r3,0x0 (GhidraScript)  
INFO  DumpRange.java> 8236ca90 blr (GhidraScript)  
INFO  DumpRange.java> 8236ca94 lwz r11,0x1c(r3) (GhidraScript)  
INFO  DumpRange.java> 8236ca98 mulli r10,r4,0xc (GhidraScript)  
INFO  DumpRange.java> 8236ca9c lwzx r3,r10,r11 (GhidraScript)  
INFO  DumpRange.java> 8236caa0 blr (GhidraScript)  
INFO  DumpRange.java> 8236caa4 <not-disassembled> (GhidraScript)  
INFO  DumpRange.java> 8236caa8 lwz r11,0x8(r3) (GhidraScript)  
INFO  DumpRange.java> 8236caac cmplw cr6,r11,r4 (GhidraScript)  
INFO  DumpRange.java> 8236cab0 bgt cr6,0x8236cabc (GhidraScript)  
INFO  DumpRange.java> 8236cab4 li r3,0x0 (GhidraScript)  
INFO  DumpRange.java> 8236cab8 blr (GhidraScript)  
INFO  DumpRange.java> 8236cabc lwz r10,0x1c(r3) (GhidraScript)  
INFO  REPORT: Execute script: ReferencesTo.java '0x8236b780'  (HeadlessAnalyzer)  
INFO  SCRIPT: /fastdata/lavaulta/auto-re-agent/workspaces/ace-combat-6/scripts/ReferencesTo.java (HeadlessAnalyzer)  
INFO  REPORT: Execute script: ReferencesTo.java '0x8236b8a0'  (HeadlessAnalyzer)  
INFO  SCRIPT: /fastdata/lavaulta/auto-re-agent/workspaces/ace-combat-6/scripts/ReferencesTo.java (HeadlessAnalyzer)  
INFO  REPORT: Execute script: ReferencesTo.java '0x8236c9c0'  (HeadlessAnalyzer)  
INFO  SCRIPT: /fastdata/lavaulta/auto-re-agent/workspaces/ace-combat-6/scripts/ReferencesTo.java (HeadlessAnalyzer)  
INFO  ReferencesTo.java> 8236b398 UNCONDITIONAL_CALL (GhidraScript)  
INFO  REPORT: Save succeeded for processed file: /default.xex (HeadlessAnalyzer)  
