Picked up JAVA_TOOL_OPTIONS: -Duser.home=/tmp/ac6-ghidra-home-corrected
Picked up JAVA_TOOL_OPTIONS: -Duser.home=/tmp/ac6-ghidra-home-corrected
Picked up JAVA_TOOL_OPTIONS: -Duser.home=/tmp/ac6-ghidra-home-corrected
Picked up JAVA_TOOL_OPTIONS: -Duser.home=/tmp/ac6-ghidra-home-corrected
openjdk version "21.0.11" 2026-04-21
OpenJDK Runtime Environment (build 21.0.11+10-1-26.04.2-Ubuntu)
OpenJDK 64-Bit Server VM (build 21.0.11+10-1-26.04.2-Ubuntu, mixed mode)
INFO  Using log config file: jar:file:/fastdata/lavaulta/auto-re-agent/.tools/ghidra_12.1.2_PUBLIC/Ghidra/Framework/Generic/lib/Generic.jar!/generic.log4j.xml (LoggingInitialization)  
INFO  Using log file: /tmp/ac6-ghidra-home-corrected/.config/ghidra/ghidra_12.1.2_PUBLIC/application.log (LoggingInitialization)  
INFO  Loading user preferences: /tmp/ac6-ghidra-home-corrected/.config/ghidra/ghidra_12.1.2_PUBLIC/preferences (Preferences)  
INFO  Searching for classes... (ClassSearcher)  
INFO  Ignoring class 'xexloaderwv.XEXLoaderWVLoader' from '/fastdata/lavaulta/auto-re-agent/.tools/ghidra_12.1.2_PUBLIC/Ghidra/Extensions/XEXLoaderWV/lib/XEXLoaderWV.jar'. Already found at '/fastdata/lavaulta/auto-re-agent/.tools/ghidra_12.1.2_PUBLIC/Ghidra/patch/XEXLoaderWV-java21.jar'. (ClassSearcher)  
INFO  Class search complete (1747 ms) (ClassSearcher)  
INFO  Initializing SSL Context (DefaultSSLContextInitializer)  
INFO  Initializing Random Number Generator... (SecureRandomFactory)  
INFO  Random Number Generator initialization complete: NativePRNGNonBlocking (SecureRandomFactory)  
INFO  Trust manager disabled, cacerts have not been set (DefaultTrustManagerFactory)  
INFO  Headless startup complete (3379 ms) (AnalyzeHeadless)  
INFO  Class searcher loaded 59 extension points (20 false positives) (ClassSearcher)  
INFO  HEADLESS Script Paths:
    /fastdata/lavaulta/auto-re-agent/.tools/ghidra_12.1.2_PUBLIC/Ghidra/Features/MicrosoftCodeAnalyzer/ghidra_scripts
    /fastdata/lavaulta/auto-re-agent/.tools/ghidra_12.1.2_PUBLIC/Ghidra/Features/PDB/ghidra_scripts
    /fastdata/lavaulta/auto-re-agent/.tools/ghidra_12.1.2_PUBLIC/Ghidra/Processors/8051/ghidra_scripts
    /fastdata/lavaulta/auto-re-agent/.tools/ghidra_12.1.2_PUBLIC/Ghidra/Features/Base/ghidra_scripts
    /fastdata/lavaulta/auto-re-agent/workspaces/ace-combat-6/scripts
    /fastdata/lavaulta/auto-re-agent/.tools/ghidra_12.1.2_PUBLIC/Ghidra/Features/FileFormats/ghidra_scripts
    /fastdata/lavaulta/auto-re-agent/.tools/ghidra_12.1.2_PUBLIC/Ghidra/Features/GnuDemangler/ghidra_scripts
    /fastdata/lavaulta/auto-re-agent/.tools/ghidra_12.1.2_PUBLIC/Ghidra/Extensions/ghidra-emotionengine-reloaded/ghidra_scripts
    /fastdata/lavaulta/auto-re-agent/.tools/ghidra_12.1.2_PUBLIC/Ghidra/Features/Decompiler/ghidra_scripts
    /fastdata/lavaulta/auto-re-agent/.tools/ghidra_12.1.2_PUBLIC/Ghidra/Features/FunctionID/ghidra_scripts
    /fastdata/lavaulta/auto-re-agent/.tools/ghidra_12.1.2_PUBLIC/Ghidra/Features/DecompilerDependent/ghidra_scripts
    /fastdata/lavaulta/auto-re-agent/.tools/ghidra_12.1.2_PUBLIC/Ghidra/Processors/DATA/ghidra_scripts
    /fastdata/lavaulta/auto-re-agent/.tools/ghidra_12.1.2_PUBLIC/Ghidra/Debug/Debugger-rmi-trace/ghidra_scripts
    /fastdata/lavaulta/auto-re-agent/.tools/ghidra_12.1.2_PUBLIC/Ghidra/Features/SwiftDemangler/ghidra_scripts
    /fastdata/lavaulta/auto-re-agent/.tools/ghidra_12.1.2_PUBLIC/Ghidra/Debug/Debugger/ghidra_scripts
    /fastdata/lavaulta/auto-re-agent/.tools/ghidra_12.1.2_PUBLIC/Ghidra/Processors/PIC/ghidra_scripts
    /fastdata/lavaulta/auto-re-agent/.tools/ghidra_12.1.2_PUBLIC/Ghidra/Extensions/XEXLoaderWV/ghidra_scripts
    /fastdata/lavaulta/auto-re-agent/.tools/ghidra_12.1.2_PUBLIC/Ghidra/Features/WildcardAssembler/ghidra_scripts
    /fastdata/lavaulta/auto-re-agent/.tools/ghidra_12.1.2_PUBLIC/Ghidra/Features/PyGhidra/ghidra_scripts
    /fastdata/lavaulta/auto-re-agent/.tools/ghidra_12.1.2_PUBLIC/Ghidra/Features/BSim/ghidra_scripts
    /fastdata/lavaulta/auto-re-agent/.tools/ghidra_12.1.2_PUBLIC/Ghidra/Features/VersionTracking/ghidra_scripts
    /fastdata/lavaulta/auto-re-agent/.tools/ghidra_12.1.2_PUBLIC/Ghidra/Features/BytePatterns/ghidra_scripts
    /fastdata/lavaulta/auto-re-agent/.tools/ghidra_12.1.2_PUBLIC/Ghidra/Processors/Atmel/ghidra_scripts
    /fastdata/lavaulta/auto-re-agent/.tools/ghidra_12.1.2_PUBLIC/Ghidra/Features/SystemEmulation/ghidra_scripts
    /fastdata/lavaulta/auto-re-agent/.tools/ghidra_12.1.2_PUBLIC/Ghidra/Processors/JVM/ghidra_scripts (HeadlessAnalyzer)  
INFO  HEADLESS: execution starts (HeadlessAnalyzer)  
INFO  Opening existing project: /fastdata/lavaulta/auto-re-agent/workspaces/ace-combat-6/ghidra-projects/ace-combat-6-corrected (HeadlessAnalyzer)  
INFO  Opening project: /fastdata/lavaulta/auto-re-agent/workspaces/ace-combat-6/ghidra-projects/ace-combat-6-corrected (HeadlessProject)  
INFO  REPORT: Processing project file: /default.xex (HeadlessAnalyzer)  
INFO  REPORT: Execute script: DumpRange.java '0x8236d880' '0x8236dc20'  (HeadlessAnalyzer)  
INFO  SCRIPT: /fastdata/lavaulta/auto-re-agent/workspaces/ace-combat-6/scripts/DumpRange.java (HeadlessAnalyzer)  
INFO  DumpRange.java> 8236d880 cmplwi r7,0x0 (GhidraScript)  
INFO  DumpRange.java> 8236d884 beq 0x8236d8b0 (GhidraScript)  
INFO  DumpRange.java> 8236d888 lwz r9,0x30(r3) (GhidraScript)  
INFO  DumpRange.java> 8236d88c rlwinm r8,r4,0x0,0x10,0x1f (GhidraScript)  
INFO  DumpRange.java> 8236d890 or r11,r9,r9 (GhidraScript)  
INFO  DumpRange.java> 8236d894 lhz r6,0x0(r11) (GhidraScript)  
INFO  DumpRange.java> 8236d898 cmplw cr6,r8,r6 (GhidraScript)  
INFO  DumpRange.java> 8236d89c beq cr6,0x8236d8b8 (GhidraScript)  
INFO  DumpRange.java> 8236d8a0 addi r10,r10,0x1 (GhidraScript)  
INFO  DumpRange.java> 8236d8a4 addi r11,r11,0x8 (GhidraScript)  
INFO  DumpRange.java> 8236d8a8 cmplw cr6,r10,r7 (GhidraScript)  
INFO  DumpRange.java> 8236d8ac blt cr6,0x8236d894 (GhidraScript)  
INFO  DumpRange.java> 8236d8b0 li r3,0x0 (GhidraScript)  
INFO  DumpRange.java> 8236d8b4 blr (GhidraScript)  
INFO  DumpRange.java> 8236d8b8 rlwinm r11,r10,0x3,0x0,0x1c (GhidraScript)  
INFO  DumpRange.java> 8236d8bc add r11,r11,r9 (GhidraScript)  
INFO  DumpRange.java> 8236d8c0 lwz r3,0x4(r11) (GhidraScript)  
INFO  DumpRange.java> 8236d8c4 blr (GhidraScript)  
INFO  DumpRange.java> 8236d8c8 mfspr r12,LR (GhidraScript)  
INFO  DumpRange.java> 8236d8cc bl 0x823864fc (GhidraScript)  
INFO  DumpRange.java> 8236d8d0 stwu r1,-0x70(r1) (GhidraScript)  
INFO  DumpRange.java> 8236d8d4 or r31,r3,r3 (GhidraScript)  
INFO  DumpRange.java> 8236d8d8 li r5,0x0 (GhidraScript)  
INFO  DumpRange.java> 8236d8dc addi r29,r31,0x38 (GhidraScript)  
INFO  DumpRange.java> 8236d8e0 li r4,0x3020 (GhidraScript)  
INFO  DumpRange.java> 8236d8e4 or r3,r29,r29 (GhidraScript)  
INFO  DumpRange.java> 8236d8e8 bl 0x8236ece8 (GhidraScript)  
INFO  DumpRange.java> 8236d8ec or. r30,r3,r3 (GhidraScript)  
INFO  DumpRange.java> 8236d8f0 beq 0x8236d99c (GhidraScript)  
INFO  DumpRange.java> 8236d8f4 li r5,0x0 (GhidraScript)  
INFO  DumpRange.java> 8236d8f8 li r4,0x3020 (GhidraScript)  
INFO  DumpRange.java> 8236d8fc or r3,r29,r29 (GhidraScript)  
INFO  DumpRange.java> 8236d900 bl 0x8236ec88 (GhidraScript)  
INFO  DumpRange.java> 8236d904 cmplwi r3,0x0 (GhidraScript)  
INFO  DumpRange.java> 8236d908 beq 0x8236d99c (GhidraScript)  
INFO  DumpRange.java> 8236d90c lwz r10,0x4(r3) (GhidraScript)  
INFO  DumpRange.java> 8236d910 li r11,0x0 (GhidraScript)  
INFO  DumpRange.java> 8236d914 cmplwi cr6,r10,0x0 (GhidraScript)  
INFO  DumpRange.java> 8236d918 ble cr6,0x8236d95c (GhidraScript)  
INFO  DumpRange.java> 8236d91c add r10,r11,r30 (GhidraScript)  
INFO  DumpRange.java> 8236d920 lhz r9,0x0(r10) (GhidraScript)  
INFO  DumpRange.java> 8236d924 cmplwi r9,0x0 (GhidraScript)  
INFO  DumpRange.java> 8236d928 beq 0x8236d95c (GhidraScript)  
INFO  DumpRange.java> 8236d92c lhz r9,0x2(r10) (GhidraScript)  
INFO  DumpRange.java> 8236d930 cmplwi r9,0x0 (GhidraScript)  
INFO  DumpRange.java> 8236d934 beq 0x8236d95c (GhidraScript)  
INFO  DumpRange.java> 8236d938 lwz r9,0x8(r31) (GhidraScript)  
INFO  DumpRange.java> 8236d93c addi r9,r9,0x1 (GhidraScript)  
INFO  DumpRange.java> 8236d940 stw r9,0x8(r31) (GhidraScript)  
INFO  DumpRange.java> 8236d944 lwz r10,0x4(r10) (GhidraScript)  
INFO  DumpRange.java> 8236d948 lwz r9,0x4(r3) (GhidraScript)  
INFO  DumpRange.java> 8236d94c add r11,r10,r11 (GhidraScript)  
INFO  DumpRange.java> 8236d950 addi r11,r11,0x8 (GhidraScript)  
INFO  DumpRange.java> 8236d954 cmplw cr6,r11,r9 (GhidraScript)  
INFO  DumpRange.java> 8236d958 blt cr6,0x8236d91c (GhidraScript)  
INFO  DumpRange.java> 8236d95c lwz r10,0x8(r31) (GhidraScript)  
INFO  DumpRange.java> 8236d960 cmplwi r10,0x0 (GhidraScript)  
INFO  DumpRange.java> 8236d964 beq 0x8236d99c (GhidraScript)  
INFO  DumpRange.java> 8236d968 li r11,0x0 (GhidraScript)  
INFO  DumpRange.java> 8236d96c stw r30,0x58(r31) (GhidraScript)  
INFO  DumpRange.java> 8236d970 cmplwi cr6,r10,0x0 (GhidraScript)  
INFO  DumpRange.java> 8236d974 stw r30,0x60(r31) (GhidraScript)  
INFO  DumpRange.java> 8236d978 beq cr6,0x8236d99c (GhidraScript)  
INFO  DumpRange.java> 8236d97c stw r30,0x5c(r31) (GhidraScript)  
INFO  DumpRange.java> 8236d980 addi r11,r11,0x1 (GhidraScript)  
INFO  DumpRange.java> 8236d984 lwz r10,0x4(r30) (GhidraScript)  
INFO  DumpRange.java> 8236d988 lwz r9,0x8(r31) (GhidraScript)  
INFO  DumpRange.java> 8236d98c add r10,r10,r30 (GhidraScript)  
INFO  DumpRange.java> 8236d990 cmplw cr6,r11,r9 (GhidraScript)  
INFO  DumpRange.java> 8236d994 addi r30,r10,0x8 (GhidraScript)  
INFO  DumpRange.java> 8236d998 blt cr6,0x8236d97c (GhidraScript)  
INFO  DumpRange.java> 8236d99c addi r1,r1,0x70 (GhidraScript)  
INFO  DumpRange.java> 8236d9a0 b 0x8238654c (GhidraScript)  
INFO  DumpRange.java> 8236d9a4 <not-disassembled> (GhidraScript)  
INFO  DumpRange.java> 8236d9a8 mfspr r12,LR (GhidraScript)  
INFO  DumpRange.java> 8236d9ac bl 0x823864fc (GhidraScript)  
INFO  DumpRange.java> 8236d9b0 stwu r1,-0x70(r1) (GhidraScript)  
INFO  DumpRange.java> 8236d9b4 or r31,r3,r3 (GhidraScript)  
INFO  DumpRange.java> 8236d9b8 li r5,0x0 (GhidraScript)  
INFO  DumpRange.java> 8236d9bc addi r29,r31,0x38 (GhidraScript)  
INFO  DumpRange.java> 8236d9c0 li r4,0x3030 (GhidraScript)  
INFO  DumpRange.java> 8236d9c4 or r3,r29,r29 (GhidraScript)  
INFO  DumpRange.java> 8236d9c8 bl 0x8236ece8 (GhidraScript)  
INFO  DumpRange.java> 8236d9cc or. r30,r3,r3 (GhidraScript)  
INFO  DumpRange.java> 8236d9d0 beq 0x8236da70 (GhidraScript)  
INFO  DumpRange.java> 8236d9d4 li r5,0x0 (GhidraScript)  
INFO  DumpRange.java> 8236d9d8 li r4,0x3030 (GhidraScript)  
INFO  DumpRange.java> 8236d9dc or r3,r29,r29 (GhidraScript)  
INFO  DumpRange.java> 8236d9e0 bl 0x8236ec88 (GhidraScript)  
INFO  DumpRange.java> 8236d9e4 cmplwi r3,0x0 (GhidraScript)  
INFO  DumpRange.java> 8236d9e8 beq 0x8236da70 (GhidraScript)  
INFO  DumpRange.java> 8236d9ec lwz r10,0x4(r3) (GhidraScript)  
INFO  DumpRange.java> 8236d9f0 li r11,0x0 (GhidraScript)  
INFO  DumpRange.java> 8236d9f4 cmplwi cr6,r10,0x0 (GhidraScript)  
INFO  DumpRange.java> 8236d9f8 ble cr6,0x8236da30 (GhidraScript)  
INFO  DumpRange.java> 8236d9fc add r9,r11,r30 (GhidraScript)  
INFO  DumpRange.java> 8236da00 lhz r10,0x0(r9) (GhidraScript)  
INFO  DumpRange.java> 8236da04 cmplwi r10,0x0 (GhidraScript)  
INFO  DumpRange.java> 8236da08 beq 0x8236da30 (GhidraScript)  
INFO  DumpRange.java> 8236da0c lwz r10,0x1c(r31) (GhidraScript)  
INFO  DumpRange.java> 8236da10 addi r10,r10,0x1 (GhidraScript)  
INFO  DumpRange.java> 8236da14 stw r10,0x1c(r31) (GhidraScript)  
INFO  DumpRange.java> 8236da18 lwz r10,0x4(r9) (GhidraScript)  
INFO  DumpRange.java> 8236da1c lwz r9,0x4(r3) (GhidraScript)  
INFO  DumpRange.java> 8236da20 add r11,r10,r11 (GhidraScript)  
INFO  DumpRange.java> 8236da24 addi r11,r11,0x8 (GhidraScript)  
INFO  DumpRange.java> 8236da28 cmplw cr6,r11,r9 (GhidraScript)  
INFO  DumpRange.java> 8236da2c blt cr6,0x8236d9fc (GhidraScript)  
INFO  DumpRange.java> 8236da30 lwz r10,0x1c(r31) (GhidraScript)  
INFO  DumpRange.java> 8236da34 cmplwi r10,0x0 (GhidraScript)  
INFO  DumpRange.java> 8236da38 beq 0x8236da70 (GhidraScript)  
INFO  DumpRange.java> 8236da3c li r11,0x0 (GhidraScript)  
INFO  DumpRange.java> 8236da40 stw r30,0x68(r31) (GhidraScript)  
INFO  DumpRange.java> 8236da44 cmplwi cr6,r10,0x0 (GhidraScript)  
INFO  DumpRange.java> 8236da48 stw r30,0x70(r31) (GhidraScript)  
INFO  DumpRange.java> 8236da4c beq cr6,0x8236da70 (GhidraScript)  
INFO  DumpRange.java> 8236da50 stw r30,0x6c(r31) (GhidraScript)  
INFO  DumpRange.java> 8236da54 addi r11,r11,0x1 (GhidraScript)  
INFO  DumpRange.java> 8236da58 lwz r10,0x4(r30) (GhidraScript)  
INFO  DumpRange.java> 8236da5c lwz r9,0x1c(r31) (GhidraScript)  
INFO  DumpRange.java> 8236da60 add r10,r10,r30 (GhidraScript)  
INFO  DumpRange.java> 8236da64 cmplw cr6,r11,r9 (GhidraScript)  
INFO  DumpRange.java> 8236da68 addi r30,r10,0x8 (GhidraScript)  
INFO  DumpRange.java> 8236da6c blt cr6,0x8236da50 (GhidraScript)  
INFO  DumpRange.java> 8236da70 addi r1,r1,0x70 (GhidraScript)  
INFO  DumpRange.java> 8236da74 b 0x8238654c (GhidraScript)  
INFO  DumpRange.java> 8236da78 mfspr r12,LR (GhidraScript)  
INFO  DumpRange.java> 8236da7c bl 0x823864fc (GhidraScript)  
INFO  DumpRange.java> 8236da80 stwu r1,-0x70(r1) (GhidraScript)  
INFO  DumpRange.java> 8236da84 or r31,r3,r3 (GhidraScript)  
INFO  DumpRange.java> 8236da88 li r5,0x0 (GhidraScript)  
INFO  DumpRange.java> 8236da8c addi r29,r31,0x38 (GhidraScript)  
INFO  DumpRange.java> 8236da90 li r4,0x3040 (GhidraScript)  
INFO  DumpRange.java> 8236da94 or r3,r29,r29 (GhidraScript)  
INFO  DumpRange.java> 8236da98 bl 0x8236ece8 (GhidraScript)  
INFO  DumpRange.java> 8236da9c or r30,r3,r3 (GhidraScript)  
INFO  DumpRange.java> 8236daa0 li r5,0x0 (GhidraScript)  
INFO  DumpRange.java> 8236daa4 li r4,0x3040 (GhidraScript)  
INFO  DumpRange.java> 8236daa8 or r3,r29,r29 (GhidraScript)  
INFO  DumpRange.java> 8236daac bl 0x8236ec88 (GhidraScript)  
INFO  DumpRange.java> 8236dab0 lwz r10,0x4(r3) (GhidraScript)  
INFO  DumpRange.java> 8236dab4 li r11,0x0 (GhidraScript)  
INFO  DumpRange.java> 8236dab8 cmplwi cr6,r10,0x0 (GhidraScript)  
INFO  DumpRange.java> 8236dabc ble cr6,0x8236daf4 (GhidraScript)  
INFO  DumpRange.java> 8236dac0 add r9,r11,r30 (GhidraScript)  
INFO  DumpRange.java> 8236dac4 lhz r10,0x0(r9) (GhidraScript)  
INFO  DumpRange.java> 8236dac8 cmplwi r10,0x0 (GhidraScript)  
INFO  DumpRange.java> 8236dacc beq 0x8236daf4 (GhidraScript)  
INFO  DumpRange.java> 8236dad0 lwz r10,0x28(r31) (GhidraScript)  
INFO  DumpRange.java> 8236dad4 addi r10,r10,0x1 (GhidraScript)  
INFO  DumpRange.java> 8236dad8 stw r10,0x28(r31) (GhidraScript)  
INFO  DumpRange.java> 8236dadc lwz r10,0x4(r9) (GhidraScript)  
INFO  DumpRange.java> 8236dae0 lwz r9,0x4(r3) (GhidraScript)  
INFO  DumpRange.java> 8236dae4 add r11,r10,r11 (GhidraScript)  
INFO  DumpRange.java> 8236dae8 addi r11,r11,0x8 (GhidraScript)  
INFO  DumpRange.java> 8236daec cmplw cr6,r11,r9 (GhidraScript)  
INFO  DumpRange.java> 8236daf0 blt cr6,0x8236dac0 (GhidraScript)  
INFO  DumpRange.java> 8236daf4 lwz r10,0x28(r31) (GhidraScript)  
INFO  DumpRange.java> 8236daf8 li r11,0x0 (GhidraScript)  
INFO  DumpRange.java> 8236dafc stw r30,0x78(r31) (GhidraScript)  
INFO  DumpRange.java> 8236db00 stw r30,0x80(r31) (GhidraScript)  
INFO  DumpRange.java> 8236db04 cmplwi cr6,r10,0x0 (GhidraScript)  
INFO  DumpRange.java> 8236db08 ble cr6,0x8236db3c (GhidraScript)  
INFO  DumpRange.java> 8236db0c lhz r10,0x0(r30) (GhidraScript)  
INFO  DumpRange.java> 8236db10 cmplwi cr6,r10,0x8004 (GhidraScript)  
INFO  DumpRange.java> 8236db14 beq cr6,0x8236db38 (GhidraScript)  
INFO  DumpRange.java> 8236db18 lwz r10,0x4(r30) (GhidraScript)  
INFO  DumpRange.java> 8236db1c addi r11,r11,0x1 (GhidraScript)  
INFO  DumpRange.java> 8236db20 lwz r9,0x28(r31) (GhidraScript)  
INFO  DumpRange.java> 8236db24 add r10,r10,r30 (GhidraScript)  
INFO  DumpRange.java> 8236db28 cmplw cr6,r11,r9 (GhidraScript)  
INFO  DumpRange.java> 8236db2c addi r30,r10,0x8 (GhidraScript)  
INFO  DumpRange.java> 8236db30 blt cr6,0x8236db0c (GhidraScript)  
INFO  DumpRange.java> 8236db34 b 0x8236db3c (GhidraScript)  
INFO  DumpRange.java> 8236db38 stw r30,0x7c(r31) (GhidraScript)  
INFO  DumpRange.java> 8236db3c addi r1,r1,0x70 (GhidraScript)  
INFO  DumpRange.java> 8236db40 b 0x8238654c (GhidraScript)  
INFO  DumpRange.java> 8236db44 <not-disassembled> (GhidraScript)  
INFO  DumpRange.java> 8236db48 lwz r11,0x80(r3) (GhidraScript)  
INFO  DumpRange.java> 8236db4c lhz r11,0x0(r11) (GhidraScript)  
INFO  DumpRange.java> 8236db50 cmplwi cr6,r11,0x8004 (GhidraScript)  
INFO  DumpRange.java> 8236db54 beq cr6,0x8236db6c (GhidraScript)  
INFO  DumpRange.java> 8236db58 lwz r10,0x28(r3) (GhidraScript)  
INFO  DumpRange.java> 8236db5c lwz r11,0x0(r5) (GhidraScript)  
INFO  DumpRange.java> 8236db60 subi r10,r10,0x1 (GhidraScript)  
INFO  DumpRange.java> 8236db64 cmplw cr6,r10,r11 (GhidraScript)  
INFO  DumpRange.java> 8236db68 bgt cr6,0x8236db74 (GhidraScript)  
INFO  DumpRange.java> 8236db6c li r3,0x0 (GhidraScript)  
INFO  DumpRange.java> 8236db70 blr (GhidraScript)  
INFO  DumpRange.java> 8236db74 addi r11,r11,0x1 (GhidraScript)  
INFO  DumpRange.java> 8236db78 li r3,0x1 (GhidraScript)  
INFO  DumpRange.java> 8236db7c stw r11,0x0(r5) (GhidraScript)  
INFO  DumpRange.java> 8236db80 lwz r11,0x0(r4) (GhidraScript)  
INFO  DumpRange.java> 8236db84 lwz r10,0x4(r11) (GhidraScript)  
INFO  DumpRange.java> 8236db88 add r11,r10,r11 (GhidraScript)  
INFO  DumpRange.java> 8236db8c addi r11,r11,0x8 (GhidraScript)  
INFO  DumpRange.java> 8236db90 stw r11,0x0(r4) (GhidraScript)  
INFO  DumpRange.java> 8236db94 blr (GhidraScript)  
INFO  DumpRange.java> 8236db98 mfspr r12,LR (GhidraScript)  
INFO  DumpRange.java> 8236db9c stw r12,-0x8(r1) (GhidraScript)  
INFO  DumpRange.java> 8236dba0 stwu r1,-0x60(r1) (GhidraScript)  
INFO  DumpRange.java> 8236dba4 or r9,r3,r3 (GhidraScript)  
INFO  DumpRange.java> 8236dba8 lwz r11,0x28(r9) (GhidraScript)  
INFO  DumpRange.java> 8236dbac subi r11,r11,0x1 (GhidraScript)  
INFO  DumpRange.java> 8236dbb0 cmplw cr6,r11,r6 (GhidraScript)  
INFO  DumpRange.java> 8236dbb4 bge cr6,0x8236dbc0 (GhidraScript)  
INFO  DumpRange.java> 8236dbb8 li r3,0x0 (GhidraScript)  
INFO  DumpRange.java> 8236dbbc b 0x8236dc10 (GhidraScript)  
INFO  DumpRange.java> 8236dbc0 lwz r11,0x0(r5) (GhidraScript)  
INFO  DumpRange.java> 8236dbc4 cmplw cr6,r6,r11 (GhidraScript)  
INFO  DumpRange.java> 8236dbc8 beq cr6,0x8236dc0c (GhidraScript)  
INFO  DumpRange.java> 8236dbcc addi r11,r11,0x1 (GhidraScript)  
INFO  DumpRange.java> 8236dbd0 cmplw cr6,r6,r11 (GhidraScript)  
INFO  DumpRange.java> 8236dbd4 bne cr6,0x8236dbe4 (GhidraScript)  
INFO  DumpRange.java> 8236dbd8 or r3,r9,r9 (GhidraScript)  
INFO  DumpRange.java> 8236dbdc bl 0x8236db48 (GhidraScript)  
INFO  DumpRange.java> 8236dbe0 b 0x8236dc10 (GhidraScript)  
INFO  DumpRange.java> 8236dbe4 li r11,0x0 (GhidraScript)  
INFO  DumpRange.java> 8236dbe8 cmplwi cr6,r6,0x0 (GhidraScript)  
INFO  DumpRange.java> 8236dbec stw r11,0x0(r5) (GhidraScript)  
INFO  DumpRange.java> 8236dbf0 lwz r11,0x78(r9) (GhidraScript)  
INFO  DumpRange.java> 8236dbf4 stw r11,0x0(r4) (GhidraScript)  
INFO  DumpRange.java> 8236dbf8 beq cr6,0x8236dc0c (GhidraScript)  
INFO  DumpRange.java> 8236dbfc or r3,r9,r9 (GhidraScript)  
INFO  DumpRange.java> 8236dc00 bl 0x8236db48 (GhidraScript)  
INFO  DumpRange.java> 8236dc04 subic. r6,r6,0x1 (GhidraScript)  
INFO  DumpRange.java> 8236dc08 bne 0x8236dbfc (GhidraScript)  
INFO  DumpRange.java> 8236dc0c li r3,0x1 (GhidraScript)  
INFO  DumpRange.java> 8236dc10 addi r1,r1,0x60 (GhidraScript)  
INFO  DumpRange.java> 8236dc14 lwz r12,-0x8(r1) (GhidraScript)  
INFO  DumpRange.java> 8236dc18 mtspr LR,r12 (GhidraScript)  
INFO  DumpRange.java> 8236dc1c blr (GhidraScript)  
INFO  REPORT: Execute script: ReferencesTo.java '0x8236da40'  (HeadlessAnalyzer)  
INFO  SCRIPT: /fastdata/lavaulta/auto-re-agent/workspaces/ace-combat-6/scripts/ReferencesTo.java (HeadlessAnalyzer)  
INFO  REPORT: Execute script: ReferencesTo.java '0x8236d880'  (HeadlessAnalyzer)  
INFO  SCRIPT: /fastdata/lavaulta/auto-re-agent/workspaces/ace-combat-6/scripts/ReferencesTo.java (HeadlessAnalyzer)  
INFO  REPORT: Execute script: ReferencesTo.java '0x8236da70'  (HeadlessAnalyzer)  
INFO  SCRIPT: /fastdata/lavaulta/auto-re-agent/workspaces/ace-combat-6/scripts/ReferencesTo.java (HeadlessAnalyzer)  
INFO  ReferencesTo.java> 8236d9d0 CONDITIONAL_JUMP (GhidraScript)  
INFO  ReferencesTo.java> 8236d9e8 CONDITIONAL_JUMP (GhidraScript)  
INFO  ReferencesTo.java> 8236da38 CONDITIONAL_JUMP (GhidraScript)  
INFO  ReferencesTo.java> 8236da4c CONDITIONAL_JUMP (GhidraScript)  
INFO  REPORT: Save succeeded for processed file: /default.xex (HeadlessAnalyzer)  
