Picked up JAVA_TOOL_OPTIONS: -Duser.home=/tmp/ac6-ghidra-home-corrected
Picked up JAVA_TOOL_OPTIONS: -Duser.home=/tmp/ac6-ghidra-home-corrected
Picked up JAVA_TOOL_OPTIONS: -Duser.home=/tmp/ac6-ghidra-home-corrected
Picked up JAVA_TOOL_OPTIONS: -Duser.home=/tmp/ac6-ghidra-home-corrected
openjdk version "21.0.11" 2026-04-21
OpenJDK Runtime Environment (build 21.0.11+10-1-26.04.2-Ubuntu)
OpenJDK 64-Bit Server VM (build 21.0.11+10-1-26.04.2-Ubuntu, mixed mode)
INFO  Using log config file: jar:file:/fastdata/lavaulta/auto-re-agent/.tools/ghidra_12.1.2_PUBLIC/Ghidra/Framework/Generic/lib/Generic.jar!/generic.log4j.xml (LoggingInitialization)  
INFO  Using log file: /tmp/ac6-ghidra-home-corrected/.config/ghidra/ghidra_12.1.2_PUBLIC/application.log (LoggingInitialization)  
INFO  Loading user preferences: /tmp/ac6-ghidra-home-corrected/.config/ghidra/ghidra_12.1.2_PUBLIC/preferences (Preferences)  
INFO  Searching for classes... (ClassSearcher)  
INFO  Ignoring class 'xexloaderwv.XEXLoaderWVLoader' from '/fastdata/lavaulta/auto-re-agent/.tools/ghidra_12.1.2_PUBLIC/Ghidra/Extensions/XEXLoaderWV/lib/XEXLoaderWV.jar'. Already found at '/fastdata/lavaulta/auto-re-agent/.tools/ghidra_12.1.2_PUBLIC/Ghidra/patch/XEXLoaderWV-java21.jar'. (ClassSearcher)  
INFO  Class search complete (1746 ms) (ClassSearcher)  
INFO  Initializing SSL Context (DefaultSSLContextInitializer)  
INFO  Initializing Random Number Generator... (SecureRandomFactory)  
INFO  Random Number Generator initialization complete: NativePRNGNonBlocking (SecureRandomFactory)  
INFO  Trust manager disabled, cacerts have not been set (DefaultTrustManagerFactory)  
INFO  Headless startup complete (3384 ms) (AnalyzeHeadless)  
INFO  Class searcher loaded 59 extension points (20 false positives) (ClassSearcher)  
INFO  HEADLESS Script Paths:
    /fastdata/lavaulta/auto-re-agent/.tools/ghidra_12.1.2_PUBLIC/Ghidra/Features/MicrosoftCodeAnalyzer/ghidra_scripts
    /fastdata/lavaulta/auto-re-agent/.tools/ghidra_12.1.2_PUBLIC/Ghidra/Features/PDB/ghidra_scripts
    /fastdata/lavaulta/auto-re-agent/.tools/ghidra_12.1.2_PUBLIC/Ghidra/Processors/8051/ghidra_scripts
    /fastdata/lavaulta/auto-re-agent/.tools/ghidra_12.1.2_PUBLIC/Ghidra/Features/Base/ghidra_scripts
    /fastdata/lavaulta/auto-re-agent/workspaces/ace-combat-6/scripts
    /fastdata/lavaulta/auto-re-agent/.tools/ghidra_12.1.2_PUBLIC/Ghidra/Features/FileFormats/ghidra_scripts
    /fastdata/lavaulta/auto-re-agent/.tools/ghidra_12.1.2_PUBLIC/Ghidra/Features/GnuDemangler/ghidra_scripts
    /fastdata/lavaulta/auto-re-agent/.tools/ghidra_12.1.2_PUBLIC/Ghidra/Extensions/ghidra-emotionengine-reloaded/ghidra_scripts
    /fastdata/lavaulta/auto-re-agent/.tools/ghidra_12.1.2_PUBLIC/Ghidra/Features/Decompiler/ghidra_scripts
    /fastdata/lavaulta/auto-re-agent/.tools/ghidra_12.1.2_PUBLIC/Ghidra/Features/FunctionID/ghidra_scripts
    /fastdata/lavaulta/auto-re-agent/.tools/ghidra_12.1.2_PUBLIC/Ghidra/Features/DecompilerDependent/ghidra_scripts
    /fastdata/lavaulta/auto-re-agent/.tools/ghidra_12.1.2_PUBLIC/Ghidra/Processors/DATA/ghidra_scripts
    /fastdata/lavaulta/auto-re-agent/.tools/ghidra_12.1.2_PUBLIC/Ghidra/Debug/Debugger-rmi-trace/ghidra_scripts
    /fastdata/lavaulta/auto-re-agent/.tools/ghidra_12.1.2_PUBLIC/Ghidra/Features/SwiftDemangler/ghidra_scripts
    /fastdata/lavaulta/auto-re-agent/.tools/ghidra_12.1.2_PUBLIC/Ghidra/Debug/Debugger/ghidra_scripts
    /fastdata/lavaulta/auto-re-agent/.tools/ghidra_12.1.2_PUBLIC/Ghidra/Processors/PIC/ghidra_scripts
    /fastdata/lavaulta/auto-re-agent/.tools/ghidra_12.1.2_PUBLIC/Ghidra/Extensions/XEXLoaderWV/ghidra_scripts
    /fastdata/lavaulta/auto-re-agent/.tools/ghidra_12.1.2_PUBLIC/Ghidra/Features/WildcardAssembler/ghidra_scripts
    /fastdata/lavaulta/auto-re-agent/.tools/ghidra_12.1.2_PUBLIC/Ghidra/Features/PyGhidra/ghidra_scripts
    /fastdata/lavaulta/auto-re-agent/.tools/ghidra_12.1.2_PUBLIC/Ghidra/Features/BSim/ghidra_scripts
    /fastdata/lavaulta/auto-re-agent/.tools/ghidra_12.1.2_PUBLIC/Ghidra/Features/VersionTracking/ghidra_scripts
    /fastdata/lavaulta/auto-re-agent/.tools/ghidra_12.1.2_PUBLIC/Ghidra/Features/BytePatterns/ghidra_scripts
    /fastdata/lavaulta/auto-re-agent/.tools/ghidra_12.1.2_PUBLIC/Ghidra/Processors/Atmel/ghidra_scripts
    /fastdata/lavaulta/auto-re-agent/.tools/ghidra_12.1.2_PUBLIC/Ghidra/Features/SystemEmulation/ghidra_scripts
    /fastdata/lavaulta/auto-re-agent/.tools/ghidra_12.1.2_PUBLIC/Ghidra/Processors/JVM/ghidra_scripts (HeadlessAnalyzer)  
INFO  HEADLESS: execution starts (HeadlessAnalyzer)  
INFO  Opening existing project: /fastdata/lavaulta/auto-re-agent/workspaces/ace-combat-6/ghidra-projects/ace-combat-6-corrected (HeadlessAnalyzer)  
INFO  Opening project: /fastdata/lavaulta/auto-re-agent/workspaces/ace-combat-6/ghidra-projects/ace-combat-6-corrected (HeadlessProject)  
INFO  REPORT: Processing project file: /default.xex (HeadlessAnalyzer)  
INFO  REPORT: Execute script: DumpRange.java '0x8236e2b0' '0x8236e3d0'  (HeadlessAnalyzer)  
INFO  SCRIPT: /fastdata/lavaulta/auto-re-agent/workspaces/ace-combat-6/scripts/DumpRange.java (HeadlessAnalyzer)  
INFO  DumpRange.java> 8236e2b0 lwz r7,0x0(r31) (GhidraScript)  
INFO  DumpRange.java> 8236e2b4 add r7,r11,r7 (GhidraScript)  
INFO  DumpRange.java> 8236e2b8 addi r11,r11,0x8 (GhidraScript)  
INFO  DumpRange.java> 8236e2bc stw r5,0x4(r7) (GhidraScript)  
INFO  DumpRange.java> 8236e2c0 lhz r8,0x2(r8) (GhidraScript)  
INFO  DumpRange.java> 8236e2c4 lwz r7,0x2c(r30) (GhidraScript)  
INFO  DumpRange.java> 8236e2c8 add r9,r8,r9 (GhidraScript)  
INFO  DumpRange.java> 8236e2cc cmplw cr6,r10,r7 (GhidraScript)  
INFO  DumpRange.java> 8236e2d0 blt cr6,0x8236e294 (GhidraScript)  
INFO  DumpRange.java> 8236e2d4 addi r1,r1,0x80 (GhidraScript)  
INFO  DumpRange.java> 8236e2d8 b 0x82386544 (GhidraScript)  
INFO  DumpRange.java> 8236e2dc <not-disassembled> (GhidraScript)  
INFO  DumpRange.java> 8236e2e0 mfspr r12,LR (GhidraScript)  
INFO  DumpRange.java> 8236e2e4 bl 0x823864fc (GhidraScript)  
INFO  DumpRange.java> 8236e2e8 stwu r1,-0x70(r1) (GhidraScript)  
INFO  DumpRange.java> 8236e2ec or r31,r3,r3 (GhidraScript)  
INFO  DumpRange.java> 8236e2f0 li r30,0x0 (GhidraScript)  
INFO  DumpRange.java> 8236e2f4 addi r29,r31,0x38 (GhidraScript)  
INFO  DumpRange.java> 8236e2f8 or r3,r29,r29 (GhidraScript)  
INFO  DumpRange.java> 8236e2fc stw r30,0x0(r31) (GhidraScript)  
INFO  DumpRange.java> 8236e300 stw r30,0x4(r31) (GhidraScript)  
INFO  DumpRange.java> 8236e304 stw r30,0x8(r31) (GhidraScript)  
INFO  DumpRange.java> 8236e308 stw r30,0xc(r31) (GhidraScript)  
INFO  DumpRange.java> 8236e30c stw r30,0x10(r31) (GhidraScript)  
INFO  DumpRange.java> 8236e310 stw r30,0x14(r31) (GhidraScript)  
INFO  DumpRange.java> 8236e314 stw r30,0x18(r31) (GhidraScript)  
INFO  DumpRange.java> 8236e318 stw r30,0x1c(r31) (GhidraScript)  
INFO  DumpRange.java> 8236e31c stw r30,0x20(r31) (GhidraScript)  
INFO  DumpRange.java> 8236e320 stw r30,0x24(r31) (GhidraScript)  
INFO  DumpRange.java> 8236e324 stw r30,0x28(r31) (GhidraScript)  
INFO  DumpRange.java> 8236e328 stw r30,0x2c(r31) (GhidraScript)  
INFO  DumpRange.java> 8236e32c stw r30,0x30(r31) (GhidraScript)  
INFO  DumpRange.java> 8236e330 bl 0x8236eda0 (GhidraScript)  
INFO  DumpRange.java> 8236e334 li r5,0x0 (GhidraScript)  
INFO  DumpRange.java> 8236e338 stw r30,0x58(r31) (GhidraScript)  
INFO  DumpRange.java> 8236e33c li r4,0x3000 (GhidraScript)  
INFO  DumpRange.java> 8236e340 stw r30,0x5c(r31) (GhidraScript)  
INFO  DumpRange.java> 8236e344 or r3,r29,r29 (GhidraScript)  
INFO  DumpRange.java> 8236e348 stw r30,0x60(r31) (GhidraScript)  
INFO  DumpRange.java> 8236e34c stw r30,0x64(r31) (GhidraScript)  
INFO  DumpRange.java> 8236e350 stw r30,0x68(r31) (GhidraScript)  
INFO  DumpRange.java> 8236e354 stw r30,0x6c(r31) (GhidraScript)  
INFO  DumpRange.java> 8236e358 stw r30,0x70(r31) (GhidraScript)  
INFO  DumpRange.java> 8236e35c stw r30,0x74(r31) (GhidraScript)  
INFO  DumpRange.java> 8236e360 stw r30,0x78(r31) (GhidraScript)  
INFO  DumpRange.java> 8236e364 stw r30,0x7c(r31) (GhidraScript)  
INFO  DumpRange.java> 8236e368 stw r30,0x80(r31) (GhidraScript)  
INFO  DumpRange.java> 8236e36c stw r30,0x84(r31) (GhidraScript)  
INFO  DumpRange.java> 8236e370 bl 0x8236ece8 (GhidraScript)  
INFO  DumpRange.java> 8236e374 or r11,r3,r3 (GhidraScript)  
INFO  DumpRange.java> 8236e378 or r3,r31,r31 (GhidraScript)  
INFO  DumpRange.java> 8236e37c lwz r11,0x0(r11) (GhidraScript)  
INFO  DumpRange.java> 8236e380 stw r11,0x0(r31) (GhidraScript)  
INFO  DumpRange.java> 8236e384 bl 0x8236d4c0 (GhidraScript)  
INFO  DumpRange.java> 8236e388 or r3,r31,r31 (GhidraScript)  
INFO  DumpRange.java> 8236e38c bl 0x8236d8c8 (GhidraScript)  
INFO  DumpRange.java> 8236e390 or r3,r31,r31 (GhidraScript)  
INFO  DumpRange.java> 8236e394 bl 0x8236dd20 (GhidraScript)  
INFO  DumpRange.java> 8236e398 or r3,r31,r31 (GhidraScript)  
INFO  DumpRange.java> 8236e39c bl 0x8236de90 (GhidraScript)  
INFO  DumpRange.java> 8236e3a0 or r3,r31,r31 (GhidraScript)  
INFO  DumpRange.java> 8236e3a4 bl 0x8236d9a8 (GhidraScript)  
INFO  DumpRange.java> 8236e3a8 or r3,r31,r31 (GhidraScript)  
INFO  DumpRange.java> 8236e3ac bl 0x8236e000 (GhidraScript)  
INFO  DumpRange.java> 8236e3b0 or r3,r31,r31 (GhidraScript)  
INFO  DumpRange.java> 8236e3b4 bl 0x8236da78 (GhidraScript)  
INFO  DumpRange.java> 8236e3b8 or r3,r31,r31 (GhidraScript)  
INFO  DumpRange.java> 8236e3bc bl 0x8236e170 (GhidraScript)  
INFO  DumpRange.java> 8236e3c0 or r3,r31,r31 (GhidraScript)  
INFO  DumpRange.java> 8236e3c4 addi r1,r1,0x70 (GhidraScript)  
INFO  DumpRange.java> 8236e3c8 b 0x8238654c (GhidraScript)  
INFO  DumpRange.java> 8236e3cc <not-disassembled> (GhidraScript)  
INFO  REPORT: Execute script: ReferencesTo.java '0x8236e2e0'  (HeadlessAnalyzer)  
INFO  SCRIPT: /fastdata/lavaulta/auto-re-agent/workspaces/ace-combat-6/scripts/ReferencesTo.java (HeadlessAnalyzer)  
INFO  ReferencesTo.java> 8236bc18 UNCONDITIONAL_CALL (GhidraScript)  
INFO  REPORT: Execute script: ReferencesTo.java '0x8236e3d0'  (HeadlessAnalyzer)  
INFO  SCRIPT: /fastdata/lavaulta/auto-re-agent/workspaces/ace-combat-6/scripts/ReferencesTo.java (HeadlessAnalyzer)  
INFO  ReferencesTo.java> 8236bee0 UNCONDITIONAL_CALL (GhidraScript)  
INFO  REPORT: Save succeeded for processed file: /default.xex (HeadlessAnalyzer)  
