Picked up JAVA_TOOL_OPTIONS: -Duser.home=/tmp/ac6-ghidra-home-corrected
Picked up JAVA_TOOL_OPTIONS: -Duser.home=/tmp/ac6-ghidra-home-corrected
Picked up JAVA_TOOL_OPTIONS: -Duser.home=/tmp/ac6-ghidra-home-corrected
Picked up JAVA_TOOL_OPTIONS: -Duser.home=/tmp/ac6-ghidra-home-corrected
openjdk version "21.0.11" 2026-04-21
OpenJDK Runtime Environment (build 21.0.11+10-1-26.04.2-Ubuntu)
OpenJDK 64-Bit Server VM (build 21.0.11+10-1-26.04.2-Ubuntu, mixed mode)
INFO  Using log config file: jar:file:/fastdata/lavaulta/auto-re-agent/.tools/ghidra_12.1.2_PUBLIC/Ghidra/Framework/Generic/lib/Generic.jar!/generic.log4j.xml (LoggingInitialization)  
INFO  Using log file: /tmp/ac6-ghidra-home-corrected/.config/ghidra/ghidra_12.1.2_PUBLIC/application.log (LoggingInitialization)  
INFO  Loading user preferences: /tmp/ac6-ghidra-home-corrected/.config/ghidra/ghidra_12.1.2_PUBLIC/preferences (Preferences)  
INFO  Searching for classes... (ClassSearcher)  
INFO  Ignoring class 'xexloaderwv.XEXLoaderWVLoader' from '/fastdata/lavaulta/auto-re-agent/.tools/ghidra_12.1.2_PUBLIC/Ghidra/Extensions/XEXLoaderWV/lib/XEXLoaderWV.jar'. Already found at '/fastdata/lavaulta/auto-re-agent/.tools/ghidra_12.1.2_PUBLIC/Ghidra/patch/XEXLoaderWV-java21.jar'. (ClassSearcher)  
INFO  Class search complete (1595 ms) (ClassSearcher)  
INFO  Initializing SSL Context (DefaultSSLContextInitializer)  
INFO  Initializing Random Number Generator... (SecureRandomFactory)  
INFO  Random Number Generator initialization complete: NativePRNGNonBlocking (SecureRandomFactory)  
INFO  Trust manager disabled, cacerts have not been set (DefaultTrustManagerFactory)  
INFO  Headless startup complete (3206 ms) (AnalyzeHeadless)  
INFO  Class searcher loaded 59 extension points (20 false positives) (ClassSearcher)  
INFO  HEADLESS Script Paths:
    /fastdata/lavaulta/auto-re-agent/.tools/ghidra_12.1.2_PUBLIC/Ghidra/Features/MicrosoftCodeAnalyzer/ghidra_scripts
    /fastdata/lavaulta/auto-re-agent/.tools/ghidra_12.1.2_PUBLIC/Ghidra/Features/PDB/ghidra_scripts
    /fastdata/lavaulta/auto-re-agent/.tools/ghidra_12.1.2_PUBLIC/Ghidra/Processors/8051/ghidra_scripts
    /fastdata/lavaulta/auto-re-agent/.tools/ghidra_12.1.2_PUBLIC/Ghidra/Features/Base/ghidra_scripts
    /fastdata/lavaulta/auto-re-agent/.tools/ghidra_12.1.2_PUBLIC/Ghidra/Features/FileFormats/ghidra_scripts
    /fastdata/lavaulta/auto-re-agent/.tools/ghidra_12.1.2_PUBLIC/Ghidra/Features/GnuDemangler/ghidra_scripts
    /fastdata/lavaulta/auto-re-agent/.tools/ghidra_12.1.2_PUBLIC/Ghidra/Extensions/ghidra-emotionengine-reloaded/ghidra_scripts
    /fastdata/lavaulta/auto-re-agent/.tools/ghidra_12.1.2_PUBLIC/Ghidra/Features/Decompiler/ghidra_scripts
    /fastdata/lavaulta/auto-re-agent/.tools/ghidra_12.1.2_PUBLIC/Ghidra/Features/FunctionID/ghidra_scripts
    /fastdata/lavaulta/auto-re-agent/.tools/ghidra_12.1.2_PUBLIC/Ghidra/Features/DecompilerDependent/ghidra_scripts
    /fastdata/lavaulta/auto-re-agent/.tools/ghidra_12.1.2_PUBLIC/Ghidra/Processors/DATA/ghidra_scripts
    /fastdata/lavaulta/auto-re-agent/.tools/ghidra_12.1.2_PUBLIC/Ghidra/Debug/Debugger-rmi-trace/ghidra_scripts
    /fastdata/lavaulta/auto-re-agent/.tools/ghidra_12.1.2_PUBLIC/Ghidra/Features/SwiftDemangler/ghidra_scripts
    /fastdata/lavaulta/auto-re-agent/.tools/ghidra_12.1.2_PUBLIC/Ghidra/Debug/Debugger/ghidra_scripts
    /fastdata/lavaulta/auto-re-agent/.tools/ghidra_12.1.2_PUBLIC/Ghidra/Processors/PIC/ghidra_scripts
    /fastdata/lavaulta/auto-re-agent/.tools/ghidra_12.1.2_PUBLIC/Ghidra/Extensions/XEXLoaderWV/ghidra_scripts
    /fastdata/lavaulta/auto-re-agent/.tools/ghidra_12.1.2_PUBLIC/Ghidra/Features/WildcardAssembler/ghidra_scripts
    /fastdata/lavaulta/auto-re-agent/.tools/ghidra_12.1.2_PUBLIC/Ghidra/Features/PyGhidra/ghidra_scripts
    /fastdata/lavaulta/auto-re-agent/workspaces/ace-combat-6/scripts
    /fastdata/lavaulta/auto-re-agent/.tools/ghidra_12.1.2_PUBLIC/Ghidra/Features/BSim/ghidra_scripts
    /fastdata/lavaulta/auto-re-agent/.tools/ghidra_12.1.2_PUBLIC/Ghidra/Features/VersionTracking/ghidra_scripts
    /fastdata/lavaulta/auto-re-agent/.tools/ghidra_12.1.2_PUBLIC/Ghidra/Features/BytePatterns/ghidra_scripts
    /fastdata/lavaulta/auto-re-agent/.tools/ghidra_12.1.2_PUBLIC/Ghidra/Processors/Atmel/ghidra_scripts
    /fastdata/lavaulta/auto-re-agent/.tools/ghidra_12.1.2_PUBLIC/Ghidra/Features/SystemEmulation/ghidra_scripts
    /fastdata/lavaulta/auto-re-agent/.tools/ghidra_12.1.2_PUBLIC/Ghidra/Processors/JVM/ghidra_scripts (HeadlessAnalyzer)  
INFO  HEADLESS: execution starts (HeadlessAnalyzer)  
INFO  Opening existing project: /fastdata/lavaulta/auto-re-agent/workspaces/ace-combat-6/ghidra-projects/ace-combat-6-corrected (HeadlessAnalyzer)  
INFO  Opening project: /fastdata/lavaulta/auto-re-agent/workspaces/ace-combat-6/ghidra-projects/ace-combat-6-corrected (HeadlessProject)  
INFO  REPORT: Processing project file: /default.xex (HeadlessAnalyzer)  
INFO  REPORT: Execute script: DumpRange.java '0x82367f80' '0x82368040'  (HeadlessAnalyzer)  
INFO  SCRIPT: /fastdata/lavaulta/auto-re-agent/workspaces/ace-combat-6/scripts/DumpRange.java (HeadlessAnalyzer)  
INFO  DumpRange.java> 82367f80 mfspr r12,LR (GhidraScript)  
INFO  DumpRange.java> 82367f84 bl 0x823864ec (GhidraScript)  
INFO  DumpRange.java> 82367f88 stwu r1,-0xa0(r1) (GhidraScript)  
INFO  DumpRange.java> 82367f8c or r30,r3,r3 (GhidraScript)  
INFO  DumpRange.java> 82367f90 lwz r11,0xc(r30) (GhidraScript)  
INFO  DumpRange.java> 82367f94 rlwinm. r11,r11,0x0,0x1b,0x1b (GhidraScript)  
INFO  DumpRange.java> 82367f98 bne 0x82368374 (GhidraScript)  
INFO  DumpRange.java> 82367f9c lis r10,-0x7d79 (GhidraScript)  
INFO  DumpRange.java> 82367fa0 lwz r11,0x20(r30) (GhidraScript)  
INFO  DumpRange.java> 82367fa4 lwz r8,0x2c(r30) (GhidraScript)  
INFO  DumpRange.java> 82367fa8 addi r25,r10,0x1080 (GhidraScript)  
INFO  DumpRange.java> 82367fac lwz r10,0x1c(r30) (GhidraScript)  
INFO  DumpRange.java> 82367fb0 lwz r7,0x30(r30) (GhidraScript)  
INFO  DumpRange.java> 82367fb4 addi r9,r10,0x34 (GhidraScript)  
INFO  DumpRange.java> 82367fb8 addi r3,r25,0x170 (GhidraScript)  
INFO  DumpRange.java> 82367fbc lwz r10,0x4(r11) (GhidraScript)  
INFO  DumpRange.java> 82367fc0 lbz r5,0xf(r11) (GhidraScript)  
INFO  DumpRange.java> 82367fc4 lwz r31,0x4(r25) (GhidraScript)  
INFO  DumpRange.java> 82367fc8 lbz r4,0xe(r11) (GhidraScript)  
INFO  DumpRange.java> 82367fcc or r6,r31,r31 (GhidraScript)  
INFO  DumpRange.java> 82367fd0 bl 0x82348a50 (GhidraScript)  
INFO  DumpRange.java> 82367fd4 lwz r11,0x1c(r30) (GhidraScript)  
INFO  DumpRange.java> 82367fd8 or r3,r31,r31 (GhidraScript)  
INFO  DumpRange.java> 82367fdc addi r4,r11,0x14 (GhidraScript)  
INFO  DumpRange.java> 82367fe0 bl 0x821e0788 (GhidraScript)  
INFO  DumpRange.java> 82367fe4 lwz r11,0x24(r30) (GhidraScript)  
INFO  DumpRange.java> 82367fe8 li r28,0x0 (GhidraScript)  
INFO  DumpRange.java> 82367fec addi r29,r11,0x20 (GhidraScript)  
INFO  DumpRange.java> 82367ff0 lhz r26,0xa(r11) (GhidraScript)  
INFO  DumpRange.java> 82367ff4 cmpwi r26,0x0 (GhidraScript)  
INFO  DumpRange.java> 82367ff8 ble 0x82368144 (GhidraScript)  
INFO  DumpRange.java> 82367ffc addi r27,r31,0x480 (GhidraScript)  
INFO  DumpRange.java> 82368000 lhz r11,0xa(r29) (GhidraScript)  
INFO  DumpRange.java> 82368004 rlwinm. r11,r11,0x0,0x11,0x11 (GhidraScript)  
INFO  DumpRange.java> 82368008 beq 0x82368014 (GhidraScript)  
INFO  DumpRange.java> 8236800c lwz r3,0x4(r29) (GhidraScript)  
INFO  DumpRange.java> 82368010 b 0x8236801c (GhidraScript)  
INFO  DumpRange.java> 82368014 or r3,r29,r29 (GhidraScript)  
INFO  DumpRange.java> 82368018 bl 0x82342440 (GhidraScript)  
INFO  DumpRange.java> 8236801c lwz r11,0xc(r30) (GhidraScript)  
INFO  DumpRange.java> 82368020 rlwinm. r11,r11,0x0,0x1c,0x1c (GhidraScript)  
INFO  DumpRange.java> 82368024 beq 0x82368078 (GhidraScript)  
INFO  DumpRange.java> 82368028 lwz r11,0x0(r3) (GhidraScript)  
INFO  DumpRange.java> 8236802c li r9,0x8 (GhidraScript)  
INFO  DumpRange.java> 82368030 lwz r10,0x14(r29) (GhidraScript)  
INFO  DumpRange.java> 82368034 li r8,0x1 (GhidraScript)  
INFO  DumpRange.java> 82368038 li r7,0x4 (GhidraScript)  
INFO  DumpRange.java> 8236803c li r6,0x4 (GhidraScript)  
INFO  REPORT: Execute script: DumpRange.java '0x82368550' '0x82368648'  (HeadlessAnalyzer)  
INFO  SCRIPT: /fastdata/lavaulta/auto-re-agent/workspaces/ace-combat-6/scripts/DumpRange.java (HeadlessAnalyzer)  
INFO  DumpRange.java> 82368550 <not-disassembled> (GhidraScript)  
INFO  DumpRange.java> 82368554 <not-disassembled> (GhidraScript)  
INFO  DumpRange.java> 82368558 <not-disassembled> (GhidraScript)  
INFO  DumpRange.java> 8236855c bl 0x82343870 (GhidraScript)  
INFO  DumpRange.java> 82368560 or r4,r3,r3 (GhidraScript)  
INFO  DumpRange.java> 82368564 fmr f1,f31 (GhidraScript)  
INFO  DumpRange.java> 82368568 addi r3,r1,0x60 (GhidraScript)  
INFO  DumpRange.java> 8236856c bl 0x823437c8 (GhidraScript)  
INFO  DumpRange.java> 82368570 or r5,r3,r3 (GhidraScript)  
INFO  DumpRange.java> 82368574 addi r4,r1,0x50 (GhidraScript)  
INFO  DumpRange.java> 82368578 addi r3,r1,0x50 (GhidraScript)  
INFO  DumpRange.java> 8236857c bl 0x82343790 (GhidraScript)  
INFO  DumpRange.java> 82368580 lwz r11,0x8(r30) (GhidraScript)  
INFO  DumpRange.java> 82368584 addi r3,r1,0x60 (GhidraScript)  
INFO  DumpRange.java> 82368588 lfs f31,0x8(r29) (GhidraScript)  
INFO  DumpRange.java> 8236858c rlwinm r11,r11,0x6,0x0,0x19 (GhidraScript)  
INFO  DumpRange.java> 82368590 lwz r4,0x0(r25) (GhidraScript)  
INFO  DumpRange.java> 82368594 add r11,r11,r31 (GhidraScript)  
INFO  DumpRange.java> 82368598 <not-disassembled> (GhidraScript)  
INFO  DumpRange.java> 8236859c <not-disassembled> (GhidraScript)  
INFO  DumpRange.java> 823685a0 <not-disassembled> (GhidraScript)  
INFO  DumpRange.java> 823685a4 <not-disassembled> (GhidraScript)  
INFO  DumpRange.java> 823685a8 bl 0x82343870 (GhidraScript)  
INFO  DumpRange.java> 823685ac or r4,r3,r3 (GhidraScript)  
INFO  DumpRange.java> 823685b0 fmr f1,f31 (GhidraScript)  
INFO  DumpRange.java> 823685b4 addi r3,r1,0x60 (GhidraScript)  
INFO  DumpRange.java> 823685b8 bl 0x823437c8 (GhidraScript)  
INFO  DumpRange.java> 823685bc or r5,r3,r3 (GhidraScript)  
INFO  DumpRange.java> 823685c0 addi r4,r1,0x50 (GhidraScript)  
INFO  DumpRange.java> 823685c4 addi r3,r1,0x50 (GhidraScript)  
INFO  DumpRange.java> 823685c8 bl 0x82343790 (GhidraScript)  
INFO  DumpRange.java> 823685cc lwz r11,0xc(r30) (GhidraScript)  
INFO  DumpRange.java> 823685d0 addi r3,r1,0x60 (GhidraScript)  
INFO  DumpRange.java> 823685d4 lfs f31,0xc(r29) (GhidraScript)  
INFO  DumpRange.java> 823685d8 rlwinm r11,r11,0x6,0x0,0x19 (GhidraScript)  
INFO  DumpRange.java> 823685dc lwz r4,0x0(r25) (GhidraScript)  
INFO  DumpRange.java> 823685e0 add r11,r11,r31 (GhidraScript)  
INFO  DumpRange.java> 823685e4 <not-disassembled> (GhidraScript)  
INFO  DumpRange.java> 823685e8 <not-disassembled> (GhidraScript)  
INFO  DumpRange.java> 823685ec <not-disassembled> (GhidraScript)  
INFO  DumpRange.java> 823685f0 <not-disassembled> (GhidraScript)  
INFO  DumpRange.java> 823685f4 bl 0x82343870 (GhidraScript)  
INFO  DumpRange.java> 823685f8 or r4,r3,r3 (GhidraScript)  
INFO  DumpRange.java> 823685fc fmr f1,f31 (GhidraScript)  
INFO  DumpRange.java> 82368600 addi r3,r1,0x60 (GhidraScript)  
INFO  DumpRange.java> 82368604 bl 0x823437c8 (GhidraScript)  
INFO  DumpRange.java> 82368608 or r5,r3,r3 (GhidraScript)  
INFO  DumpRange.java> 8236860c addi r4,r1,0x50 (GhidraScript)  
INFO  DumpRange.java> 82368610 addi r3,r1,0x50 (GhidraScript)  
INFO  DumpRange.java> 82368614 bl 0x82343790 (GhidraScript)  
INFO  DumpRange.java> 82368618 addi r4,r1,0x50 (GhidraScript)  
INFO  DumpRange.java> 8236861c addi r3,r1,0x50 (GhidraScript)  
INFO  DumpRange.java> 82368620 lfs f1,0x0(r22) (GhidraScript)  
INFO  DumpRange.java> 82368624 bl 0x823437c8 (GhidraScript)  
INFO  DumpRange.java> 82368628 or r5,r3,r3 (GhidraScript)  
INFO  DumpRange.java> 8236862c or r4,r23,r23 (GhidraScript)  
INFO  DumpRange.java> 82368630 or r3,r23,r23 (GhidraScript)  
INFO  DumpRange.java> 82368634 bl 0x82343790 (GhidraScript)  
INFO  DumpRange.java> 82368638 subic. r24,r24,0x1 (GhidraScript)  
INFO  DumpRange.java> 8236863c addi r25,r25,0x4 (GhidraScript)  
INFO  DumpRange.java> 82368640 addi r22,r22,0x4 (GhidraScript)  
INFO  DumpRange.java> 82368644 bne 0x823684f8 (GhidraScript)  
INFO  REPORT: Execute script: ReferencesTo.java '0x82367fb0'  (HeadlessAnalyzer)  
INFO  SCRIPT: /fastdata/lavaulta/auto-re-agent/workspaces/ace-combat-6/scripts/ReferencesTo.java (HeadlessAnalyzer)  
INFO  ReferencesTo.java> 82015564 DATA (GhidraScript)  
INFO  ReferencesTo.java> 8201556c DATA (GhidraScript)  
INFO  REPORT: Execute script: ReferencesTo.java '0x82368590'  (HeadlessAnalyzer)  
INFO  SCRIPT: /fastdata/lavaulta/auto-re-agent/workspaces/ace-combat-6/scripts/ReferencesTo.java (HeadlessAnalyzer)  
INFO  ReferencesTo.java> 8236bd14 COMPUTED_CALL (GhidraScript)  
INFO  ReferencesTo.java> 82015570 DATA (GhidraScript)  
INFO  REPORT: Save succeeded for processed file: /default.xex (HeadlessAnalyzer)  
