Picked up JAVA_TOOL_OPTIONS: -Duser.home=/tmp/ac6-ghidra-home-corrected
Picked up JAVA_TOOL_OPTIONS: -Duser.home=/tmp/ac6-ghidra-home-corrected
Picked up JAVA_TOOL_OPTIONS: -Duser.home=/tmp/ac6-ghidra-home-corrected
Picked up JAVA_TOOL_OPTIONS: -Duser.home=/tmp/ac6-ghidra-home-corrected
openjdk version "21.0.11" 2026-04-21
OpenJDK Runtime Environment (build 21.0.11+10-1-26.04.2-Ubuntu)
OpenJDK 64-Bit Server VM (build 21.0.11+10-1-26.04.2-Ubuntu, mixed mode)
INFO  Using log config file: jar:file:/fastdata/lavaulta/auto-re-agent/.tools/ghidra_12.1.2_PUBLIC/Ghidra/Framework/Generic/lib/Generic.jar!/generic.log4j.xml (LoggingInitialization)  
INFO  Using log file: /tmp/ac6-ghidra-home-corrected/.config/ghidra/ghidra_12.1.2_PUBLIC/application.log (LoggingInitialization)  
INFO  Loading user preferences: /tmp/ac6-ghidra-home-corrected/.config/ghidra/ghidra_12.1.2_PUBLIC/preferences (Preferences)  
INFO  Searching for classes... (ClassSearcher)  
INFO  Ignoring class 'xexloaderwv.XEXLoaderWVLoader' from '/fastdata/lavaulta/auto-re-agent/.tools/ghidra_12.1.2_PUBLIC/Ghidra/Extensions/XEXLoaderWV/lib/XEXLoaderWV.jar'. Already found at '/fastdata/lavaulta/auto-re-agent/.tools/ghidra_12.1.2_PUBLIC/Ghidra/patch/XEXLoaderWV-java21.jar'. (ClassSearcher)  
INFO  Class search complete (1608 ms) (ClassSearcher)  
INFO  Initializing SSL Context (DefaultSSLContextInitializer)  
INFO  Initializing Random Number Generator... (SecureRandomFactory)  
INFO  Random Number Generator initialization complete: NativePRNGNonBlocking (SecureRandomFactory)  
INFO  Trust manager disabled, cacerts have not been set (DefaultTrustManagerFactory)  
INFO  Headless startup complete (3190 ms) (AnalyzeHeadless)  
INFO  Class searcher loaded 59 extension points (20 false positives) (ClassSearcher)  
INFO  HEADLESS Script Paths:
    /fastdata/lavaulta/auto-re-agent/.tools/ghidra_12.1.2_PUBLIC/Ghidra/Features/MicrosoftCodeAnalyzer/ghidra_scripts
    /fastdata/lavaulta/auto-re-agent/.tools/ghidra_12.1.2_PUBLIC/Ghidra/Features/PDB/ghidra_scripts
    /fastdata/lavaulta/auto-re-agent/.tools/ghidra_12.1.2_PUBLIC/Ghidra/Processors/8051/ghidra_scripts
    /fastdata/lavaulta/auto-re-agent/.tools/ghidra_12.1.2_PUBLIC/Ghidra/Features/Base/ghidra_scripts
    /fastdata/lavaulta/auto-re-agent/workspaces/ace-combat-6/scripts
    /fastdata/lavaulta/auto-re-agent/.tools/ghidra_12.1.2_PUBLIC/Ghidra/Features/FileFormats/ghidra_scripts
    /fastdata/lavaulta/auto-re-agent/.tools/ghidra_12.1.2_PUBLIC/Ghidra/Features/GnuDemangler/ghidra_scripts
    /fastdata/lavaulta/auto-re-agent/.tools/ghidra_12.1.2_PUBLIC/Ghidra/Extensions/ghidra-emotionengine-reloaded/ghidra_scripts
    /fastdata/lavaulta/auto-re-agent/.tools/ghidra_12.1.2_PUBLIC/Ghidra/Features/Decompiler/ghidra_scripts
    /fastdata/lavaulta/auto-re-agent/.tools/ghidra_12.1.2_PUBLIC/Ghidra/Features/FunctionID/ghidra_scripts
    /fastdata/lavaulta/auto-re-agent/.tools/ghidra_12.1.2_PUBLIC/Ghidra/Features/DecompilerDependent/ghidra_scripts
    /fastdata/lavaulta/auto-re-agent/.tools/ghidra_12.1.2_PUBLIC/Ghidra/Processors/DATA/ghidra_scripts
    /fastdata/lavaulta/auto-re-agent/.tools/ghidra_12.1.2_PUBLIC/Ghidra/Debug/Debugger-rmi-trace/ghidra_scripts
    /fastdata/lavaulta/auto-re-agent/.tools/ghidra_12.1.2_PUBLIC/Ghidra/Features/SwiftDemangler/ghidra_scripts
    /fastdata/lavaulta/auto-re-agent/.tools/ghidra_12.1.2_PUBLIC/Ghidra/Debug/Debugger/ghidra_scripts
    /fastdata/lavaulta/auto-re-agent/.tools/ghidra_12.1.2_PUBLIC/Ghidra/Processors/PIC/ghidra_scripts
    /fastdata/lavaulta/auto-re-agent/.tools/ghidra_12.1.2_PUBLIC/Ghidra/Extensions/XEXLoaderWV/ghidra_scripts
    /fastdata/lavaulta/auto-re-agent/.tools/ghidra_12.1.2_PUBLIC/Ghidra/Features/WildcardAssembler/ghidra_scripts
    /fastdata/lavaulta/auto-re-agent/.tools/ghidra_12.1.2_PUBLIC/Ghidra/Features/PyGhidra/ghidra_scripts
    /fastdata/lavaulta/auto-re-agent/.tools/ghidra_12.1.2_PUBLIC/Ghidra/Features/BSim/ghidra_scripts
    /fastdata/lavaulta/auto-re-agent/.tools/ghidra_12.1.2_PUBLIC/Ghidra/Features/VersionTracking/ghidra_scripts
    /fastdata/lavaulta/auto-re-agent/.tools/ghidra_12.1.2_PUBLIC/Ghidra/Features/BytePatterns/ghidra_scripts
    /fastdata/lavaulta/auto-re-agent/.tools/ghidra_12.1.2_PUBLIC/Ghidra/Processors/Atmel/ghidra_scripts
    /fastdata/lavaulta/auto-re-agent/.tools/ghidra_12.1.2_PUBLIC/Ghidra/Features/SystemEmulation/ghidra_scripts
    /fastdata/lavaulta/auto-re-agent/.tools/ghidra_12.1.2_PUBLIC/Ghidra/Processors/JVM/ghidra_scripts (HeadlessAnalyzer)  
INFO  HEADLESS: execution starts (HeadlessAnalyzer)  
INFO  Opening existing project: /fastdata/lavaulta/auto-re-agent/workspaces/ace-combat-6/ghidra-projects/ace-combat-6-corrected (HeadlessAnalyzer)  
INFO  Opening project: /fastdata/lavaulta/auto-re-agent/workspaces/ace-combat-6/ghidra-projects/ace-combat-6-corrected (HeadlessProject)  
INFO  REPORT: Processing project file: /default.xex (HeadlessAnalyzer)  
INFO  REPORT: Execute script: DecompileAt.java '0x8219b208'  (HeadlessAnalyzer)  
INFO  SCRIPT: /fastdata/lavaulta/auto-re-agent/workspaces/ace-combat-6/scripts/DecompileAt.java (HeadlessAnalyzer)  
INFO  DecompileAt.java> FUNCTION 8219b208 FUN_8219b208 (GhidraScript)  
INFO  DecompileAt.java> 
void FUN_8219b208(int param_1)

{
  int *piVar1;
  uint uVar2;
  char cVar3;
  longlong lVar4;
  int iVar5;
  char *pcVar6;
  
  uVar2 = *(uint *)(param_1 + 0xc);
  if (uVar2 == 0) {
                    /* WARNING: Subroutine does not return */
    FUN_821d65c0(0xffffffff829e6218,
                 *(undefined4 *)
                  (((*(int *)(DAT_8293ba10 + 0x50) == 0 ^ 1) + 0x12) * 4 + DAT_8293ba10));
  }
  if (uVar2 != 1) {
    if (uVar2 < 3) {
      lVar4 = (ulonglong)*(uint *)(param_1 + 0x48) - 1;
      *(int *)(param_1 + 0x48) = (int)lVar4;
      if (lVar4 < 1) {
        iVar5 = *(int *)(DAT_826e4eb4 + 0x24468);
        if ((iVar5 < 0) || (2 < iVar5)) {
          iVar5 = 0;
        }
        uVar2 = 0;
        pcVar6 = (char *)(iVar5 * 0xa7e0 + DAT_826e4eb4 + 0x7531);
        do {
          if (uVar2 < 0x35) {
            cVar3 = *pcVar6;
          }
          else {
            cVar3 = '\0';
          }
          if ((cVar3 != '\0') && (uVar2 < 0x35)) {
            *pcVar6 = '\0';
          }
          iVar5 = DAT_8293ba10;
          uVar2 = uVar2 + 1;
          pcVar6 = pcVar6 + 2;
        } while ((int)uVar2 < 0x35);
        piVar1 = *(int **)(DAT_8293ba10 + 8);
        *(undefined4 *)(DAT_8293ba10 + 0x18) = 1;
        *(undefined4 *)(iVar5 + 0x1c) = 3;
        if (piVar1 != (int *)0x0) {
          (**(code **)(*piVar1 + 0x20))(piVar1,3);
          return;
        }
      }
    }
    return;
  }
  (**(code **)(*(int *)(param_1 + 0x1c) + 0x20))(param_1 + 0x1c);
  return;
}

 (GhidraScript)  
INFO  REPORT: Save succeeded for processed file: /default.xex (HeadlessAnalyzer)  
