Picked up JAVA_TOOL_OPTIONS: -Duser.home=/tmp/ac6-ghidra-home-corrected
Picked up JAVA_TOOL_OPTIONS: -Duser.home=/tmp/ac6-ghidra-home-corrected
Picked up JAVA_TOOL_OPTIONS: -Duser.home=/tmp/ac6-ghidra-home-corrected
Picked up JAVA_TOOL_OPTIONS: -Duser.home=/tmp/ac6-ghidra-home-corrected
openjdk version "21.0.11" 2026-04-21
OpenJDK Runtime Environment (build 21.0.11+10-1-26.04.2-Ubuntu)
OpenJDK 64-Bit Server VM (build 21.0.11+10-1-26.04.2-Ubuntu, mixed mode)
INFO  Using log config file: jar:file:/fastdata/lavaulta/auto-re-agent/.tools/ghidra_12.1.2_PUBLIC/Ghidra/Framework/Generic/lib/Generic.jar!/generic.log4j.xml (LoggingInitialization)  
INFO  Using log file: /tmp/ac6-ghidra-home-corrected/.config/ghidra/ghidra_12.1.2_PUBLIC/application.log (LoggingInitialization)  
INFO  Loading user preferences: /tmp/ac6-ghidra-home-corrected/.config/ghidra/ghidra_12.1.2_PUBLIC/preferences (Preferences)  
INFO  Searching for classes... (ClassSearcher)  
INFO  Ignoring class 'xexloaderwv.XEXLoaderWVLoader' from '/fastdata/lavaulta/auto-re-agent/.tools/ghidra_12.1.2_PUBLIC/Ghidra/Extensions/XEXLoaderWV/lib/XEXLoaderWV.jar'. Already found at '/fastdata/lavaulta/auto-re-agent/.tools/ghidra_12.1.2_PUBLIC/Ghidra/patch/XEXLoaderWV-java21.jar'. (ClassSearcher)  
INFO  Class search complete (1511 ms) (ClassSearcher)  
INFO  Initializing SSL Context (DefaultSSLContextInitializer)  
INFO  Initializing Random Number Generator... (SecureRandomFactory)  
INFO  Random Number Generator initialization complete: NativePRNGNonBlocking (SecureRandomFactory)  
INFO  Trust manager disabled, cacerts have not been set (DefaultTrustManagerFactory)  
INFO  Headless startup complete (3064 ms) (AnalyzeHeadless)  
INFO  Class searcher loaded 59 extension points (20 false positives) (ClassSearcher)  
INFO  HEADLESS Script Paths:
    /fastdata/lavaulta/auto-re-agent/.tools/ghidra_12.1.2_PUBLIC/Ghidra/Features/MicrosoftCodeAnalyzer/ghidra_scripts
    /fastdata/lavaulta/auto-re-agent/.tools/ghidra_12.1.2_PUBLIC/Ghidra/Features/PDB/ghidra_scripts
    /fastdata/lavaulta/auto-re-agent/.tools/ghidra_12.1.2_PUBLIC/Ghidra/Processors/8051/ghidra_scripts
    /fastdata/lavaulta/auto-re-agent/.tools/ghidra_12.1.2_PUBLIC/Ghidra/Features/Base/ghidra_scripts
    /fastdata/lavaulta/auto-re-agent/workspaces/ace-combat-6/scripts
    /fastdata/lavaulta/auto-re-agent/.tools/ghidra_12.1.2_PUBLIC/Ghidra/Features/FileFormats/ghidra_scripts
    /fastdata/lavaulta/auto-re-agent/.tools/ghidra_12.1.2_PUBLIC/Ghidra/Features/GnuDemangler/ghidra_scripts
    /fastdata/lavaulta/auto-re-agent/.tools/ghidra_12.1.2_PUBLIC/Ghidra/Extensions/ghidra-emotionengine-reloaded/ghidra_scripts
    /fastdata/lavaulta/auto-re-agent/.tools/ghidra_12.1.2_PUBLIC/Ghidra/Features/Decompiler/ghidra_scripts
    /fastdata/lavaulta/auto-re-agent/.tools/ghidra_12.1.2_PUBLIC/Ghidra/Features/FunctionID/ghidra_scripts
    /fastdata/lavaulta/auto-re-agent/.tools/ghidra_12.1.2_PUBLIC/Ghidra/Features/DecompilerDependent/ghidra_scripts
    /fastdata/lavaulta/auto-re-agent/.tools/ghidra_12.1.2_PUBLIC/Ghidra/Processors/DATA/ghidra_scripts
    /fastdata/lavaulta/auto-re-agent/.tools/ghidra_12.1.2_PUBLIC/Ghidra/Debug/Debugger-rmi-trace/ghidra_scripts
    /fastdata/lavaulta/auto-re-agent/.tools/ghidra_12.1.2_PUBLIC/Ghidra/Features/SwiftDemangler/ghidra_scripts
    /fastdata/lavaulta/auto-re-agent/.tools/ghidra_12.1.2_PUBLIC/Ghidra/Debug/Debugger/ghidra_scripts
    /fastdata/lavaulta/auto-re-agent/.tools/ghidra_12.1.2_PUBLIC/Ghidra/Processors/PIC/ghidra_scripts
    /fastdata/lavaulta/auto-re-agent/.tools/ghidra_12.1.2_PUBLIC/Ghidra/Extensions/XEXLoaderWV/ghidra_scripts
    /fastdata/lavaulta/auto-re-agent/.tools/ghidra_12.1.2_PUBLIC/Ghidra/Features/WildcardAssembler/ghidra_scripts
    /fastdata/lavaulta/auto-re-agent/.tools/ghidra_12.1.2_PUBLIC/Ghidra/Features/PyGhidra/ghidra_scripts
    /fastdata/lavaulta/auto-re-agent/.tools/ghidra_12.1.2_PUBLIC/Ghidra/Features/BSim/ghidra_scripts
    /fastdata/lavaulta/auto-re-agent/.tools/ghidra_12.1.2_PUBLIC/Ghidra/Features/VersionTracking/ghidra_scripts
    /fastdata/lavaulta/auto-re-agent/.tools/ghidra_12.1.2_PUBLIC/Ghidra/Features/BytePatterns/ghidra_scripts
    /fastdata/lavaulta/auto-re-agent/.tools/ghidra_12.1.2_PUBLIC/Ghidra/Processors/Atmel/ghidra_scripts
    /fastdata/lavaulta/auto-re-agent/.tools/ghidra_12.1.2_PUBLIC/Ghidra/Features/SystemEmulation/ghidra_scripts
    /fastdata/lavaulta/auto-re-agent/.tools/ghidra_12.1.2_PUBLIC/Ghidra/Processors/JVM/ghidra_scripts (HeadlessAnalyzer)  
INFO  HEADLESS: execution starts (HeadlessAnalyzer)  
INFO  Opening existing project: /fastdata/lavaulta/auto-re-agent/workspaces/ace-combat-6/ghidra-projects/ace-combat-6-corrected (HeadlessAnalyzer)  
INFO  Opening project: /fastdata/lavaulta/auto-re-agent/workspaces/ace-combat-6/ghidra-projects/ace-combat-6-corrected (HeadlessProject)  
INFO  REPORT: Processing project file: /default.xex (HeadlessAnalyzer)  
INFO  REPORT: Execute script: DumpU32Range.java '0x8207e430' '0x8207edb0'  (HeadlessAnalyzer)  
INFO  SCRIPT: /fastdata/lavaulta/auto-re-agent/workspaces/ace-combat-6/scripts/DumpU32Range.java (HeadlessAnalyzer)  
INFO  DumpU32Range.java> 8207e430 0x82196bb8 (GhidraScript)  
INFO  DumpU32Range.java> 8207e434 0x40005903 (GhidraScript)  
INFO  DumpU32Range.java> 8207e438 0x82196d20 (GhidraScript)  
INFO  DumpU32Range.java> 8207e43c 0x40003205 (GhidraScript)  
INFO  DumpU32Range.java> 8207e440 0x82196df0 (GhidraScript)  
INFO  DumpU32Range.java> 8207e444 0x40001504 (GhidraScript)  
INFO  DumpU32Range.java> 8207e448 0x82196e48 (GhidraScript)  
INFO  DumpU32Range.java> 8207e44c 0x40002c04 (GhidraScript)  
INFO  DumpU32Range.java> 8207e450 0x82197080 (GhidraScript)  
INFO  DumpU32Range.java> 8207e454 0x40001504 (GhidraScript)  
INFO  DumpU32Range.java> 8207e458 0x821970d8 (GhidraScript)  
INFO  DumpU32Range.java> 8207e45c 0x40002c04 (GhidraScript)  
INFO  DumpU32Range.java> 8207e460 0x82197ab0 (GhidraScript)  
INFO  DumpU32Range.java> 8207e464 0x40001104 (GhidraScript)  
INFO  DumpU32Range.java> 8207e468 0x82197b00 (GhidraScript)  
INFO  DumpU32Range.java> 8207e46c 0x40001504 (GhidraScript)  
INFO  DumpU32Range.java> 8207e470 0x82197b58 (GhidraScript)  
INFO  DumpU32Range.java> 8207e474 0x40002c04 (GhidraScript)  
INFO  DumpU32Range.java> 8207e478 0x82197c08 (GhidraScript)  
INFO  DumpU32Range.java> 8207e47c 0x40007a04 (GhidraScript)  
INFO  DumpU32Range.java> 8207e480 0x82197f18 (GhidraScript)  
INFO  DumpU32Range.java> 8207e484 0x40001504 (GhidraScript)  
INFO  DumpU32Range.java> 8207e488 0x82197fa0 (GhidraScript)  
INFO  DumpU32Range.java> 8207e48c 0x40002c04 (GhidraScript)  
INFO  DumpU32Range.java> 8207e490 0x82198050 (GhidraScript)  
INFO  DumpU32Range.java> 8207e494 0x40005a04 (GhidraScript)  
INFO  DumpU32Range.java> 8207e498 0x821981b8 (GhidraScript)  
INFO  DumpU32Range.java> 8207e49c 0x40006005 (GhidraScript)  
INFO  DumpU32Range.java> 8207e4a0 0x82198338 (GhidraScript)  
INFO  DumpU32Range.java> 8207e4a4 0x40003305 (GhidraScript)  
INFO  DumpU32Range.java> 8207e4a8 0x82198408 (GhidraScript)  
INFO  DumpU32Range.java> 8207e4ac 0x40002003 (GhidraScript)  
INFO  DumpU32Range.java> 8207e4b0 0x82198488 (GhidraScript)  
INFO  DumpU32Range.java> 8207e4b4 0x40007505 (GhidraScript)  
INFO  DumpU32Range.java> 8207e4b8 0x82198700 (GhidraScript)  
INFO  DumpU32Range.java> 8207e4bc 0x40001905 (GhidraScript)  
INFO  DumpU32Range.java> 8207e4c0 0x821987c0 (GhidraScript)  
INFO  DumpU32Range.java> 8207e4c4 0x40003604 (GhidraScript)  
INFO  DumpU32Range.java> 8207e4c8 0x82198898 (GhidraScript)  
INFO  DumpU32Range.java> 8207e4cc 0x40002005 (GhidraScript)  
INFO  DumpU32Range.java> 8207e4d0 0x82198930 (GhidraScript)  
INFO  DumpU32Range.java> 8207e4d4 0x40002c05 (GhidraScript)  
INFO  DumpU32Range.java> 8207e4d8 0x821989e0 (GhidraScript)  
INFO  DumpU32Range.java> 8207e4dc 0x4000a003 (GhidraScript)  
INFO  DumpU32Range.java> 8207e4e0 0x82198c60 (GhidraScript)  
INFO  DumpU32Range.java> 8207e4e4 0x40002904 (GhidraScript)  
INFO  DumpU32Range.java> 8207e4e8 0x82198d08 (GhidraScript)  
INFO  DumpU32Range.java> 8207e4ec 0x40003a05 (GhidraScript)  
INFO  DumpU32Range.java> 8207e4f0 0x82198f38 (GhidraScript)  
INFO  DumpU32Range.java> 8207e4f4 0x40001704 (GhidraScript)  
INFO  DumpU32Range.java> 8207e4f8 0x82198f98 (GhidraScript)  
INFO  DumpU32Range.java> 8207e4fc 0x40002604 (GhidraScript)  
INFO  DumpU32Range.java> 8207e500 0x821990f0 (GhidraScript)  
INFO  DumpU32Range.java> 8207e504 0x40001e05 (GhidraScript)  
INFO  DumpU32Range.java> 8207e508 0x82199168 (GhidraScript)  
INFO  DumpU32Range.java> 8207e50c 0x40001704 (GhidraScript)  
INFO  DumpU32Range.java> 8207e510 0x821991c8 (GhidraScript)  
INFO  DumpU32Range.java> 8207e514 0x40002604 (GhidraScript)  
INFO  DumpU32Range.java> 8207e518 0x821996d8 (GhidraScript)  
INFO  DumpU32Range.java> 8207e51c 0x40001204 (GhidraScript)  
INFO  DumpU32Range.java> 8207e520 0x82199720 (GhidraScript)  
INFO  DumpU32Range.java> 8207e524 0x40001204 (GhidraScript)  
INFO  DumpU32Range.java> 8207e528 0x82199768 (GhidraScript)  
INFO  DumpU32Range.java> 8207e52c 0x40008903 (GhidraScript)  
INFO  DumpU32Range.java> 8207e530 0x821999b0 (GhidraScript)  
INFO  DumpU32Range.java> 8207e534 0x40001c03 (GhidraScript)  
INFO  DumpU32Range.java> 8207e538 0x82199a20 (GhidraScript)  
INFO  DumpU32Range.java> 8207e53c 0x40001405 (GhidraScript)  
INFO  DumpU32Range.java> 8207e540 0x82199a70 (GhidraScript)  
INFO  DumpU32Range.java> 8207e544 0x40002805 (GhidraScript)  
INFO  DumpU32Range.java> 8207e548 0x82199b78 (GhidraScript)  
INFO  DumpU32Range.java> 8207e54c 0x40001705 (GhidraScript)  
INFO  DumpU32Range.java> 8207e550 0x82199bd8 (GhidraScript)  
INFO  DumpU32Range.java> 8207e554 0x40002e05 (GhidraScript)  
INFO  DumpU32Range.java> 8207e558 0x82199c90 (GhidraScript)  
INFO  DumpU32Range.java> 8207e55c 0x40001e04 (GhidraScript)  
INFO  DumpU32Range.java> 8207e560 0x82199d08 (GhidraScript)  
INFO  DumpU32Range.java> 8207e564 0x40001203 (GhidraScript)  
INFO  DumpU32Range.java> 8207e568 0x82199da0 (GhidraScript)  
INFO  DumpU32Range.java> 8207e56c 0x40002104 (GhidraScript)  
INFO  DumpU32Range.java> 8207e570 0x82199ed8 (GhidraScript)  
INFO  DumpU32Range.java> 8207e574 0x40001604 (GhidraScript)  
INFO  DumpU32Range.java> 8207e578 0x82199f68 (GhidraScript)  
INFO  DumpU32Range.java> 8207e57c 0x40007503 (GhidraScript)  
INFO  DumpU32Range.java> 8207e580 0x8219a140 (GhidraScript)  
INFO  DumpU32Range.java> 8207e584 0x40008e03 (GhidraScript)  
INFO  DumpU32Range.java> 8207e588 0x8219a378 (GhidraScript)  
INFO  DumpU32Range.java> 8207e58c 0x40009c05 (GhidraScript)  
INFO  DumpU32Range.java> 8207e590 0x8219a5e8 (GhidraScript)  
INFO  DumpU32Range.java> 8207e594 0x40002403 (GhidraScript)  
INFO  DumpU32Range.java> 8207e598 0x8219a678 (GhidraScript)  
INFO  DumpU32Range.java> 8207e59c 0x40001603 (GhidraScript)  
INFO  DumpU32Range.java> 8207e5a0 0x8219a718 (GhidraScript)  
INFO  DumpU32Range.java> 8207e5a4 0x40002705 (GhidraScript)  
INFO  DumpU32Range.java> 8207e5a8 0x8219a7b8 (GhidraScript)  
INFO  DumpU32Range.java> 8207e5ac 0x40002405 (GhidraScript)  
INFO  DumpU32Range.java> 8207e5b0 0x8219a848 (GhidraScript)  
INFO  DumpU32Range.java> 8207e5b4 0x40003005 (GhidraScript)  
INFO  DumpU32Range.java> 8207e5b8 0x8219a908 (GhidraScript)  
INFO  DumpU32Range.java> 8207e5bc 0x40007705 (GhidraScript)  
INFO  DumpU32Range.java> 8207e5c0 0x8219aae8 (GhidraScript)  
INFO  DumpU32Range.java> 8207e5c4 0x40001b03 (GhidraScript)  
INFO  DumpU32Range.java> 8207e5c8 0x8219ab58 (GhidraScript)  
INFO  DumpU32Range.java> 8207e5cc 0x40002704 (GhidraScript)  
INFO  DumpU32Range.java> 8207e5d0 0x8219abf8 (GhidraScript)  
INFO  DumpU32Range.java> 8207e5d4 0x40001204 (GhidraScript)  
INFO  DumpU32Range.java> 8207e5d8 0x8219ac40 (GhidraScript)  
INFO  DumpU32Range.java> 8207e5dc 0x40001204 (GhidraScript)  
INFO  DumpU32Range.java> 8207e5e0 0x8219ac88 (GhidraScript)  
INFO  DumpU32Range.java> 8207e5e4 0x40002604 (GhidraScript)  
INFO  DumpU32Range.java> 8207e5e8 0x8219ad20 (GhidraScript)  
INFO  DumpU32Range.java> 8207e5ec 0x4001d203 (GhidraScript)  
INFO  DumpU32Range.java> 8207e5f0 0x8219b468 (GhidraScript)  
INFO  DumpU32Range.java> 8207e5f4 0x40008102 (GhidraScript)  
INFO  DumpU32Range.java> 8207e5f8 0x8219b768 (GhidraScript)  
INFO  DumpU32Range.java> 8207e5fc 0x40004203 (GhidraScript)  
INFO  DumpU32Range.java> 8207e600 0x8219b870 (GhidraScript)  
INFO  DumpU32Range.java> 8207e604 0x40003603 (GhidraScript)  
INFO  DumpU32Range.java> 8207e608 0x8219b948 (GhidraScript)  
INFO  DumpU32Range.java> 8207e60c 0x40008803 (GhidraScript)  
INFO  DumpU32Range.java> 8207e610 0x8219bb68 (GhidraScript)  
INFO  DumpU32Range.java> 8207e614 0x40008903 (GhidraScript)  
INFO  DumpU32Range.java> 8207e618 0x8219bd90 (GhidraScript)  
INFO  DumpU32Range.java> 8207e61c 0x40001204 (GhidraScript)  
INFO  DumpU32Range.java> 8207e620 0x8219bdd8 (GhidraScript)  
INFO  DumpU32Range.java> 8207e624 0x40069b06 (GhidraScript)  
INFO  DumpU32Range.java> 8207e628 0x8219d848 (GhidraScript)  
INFO  DumpU32Range.java> 8207e62c 0x4000e103 (GhidraScript)  
INFO  DumpU32Range.java> 8207e630 0x8219dbd0 (GhidraScript)  
INFO  DumpU32Range.java> 8207e634 0x40073605 (GhidraScript)  
INFO  DumpU32Range.java> 8207e638 0x8219f8c0 (GhidraScript)  
INFO  DumpU32Range.java> 8207e63c 0x40069c06 (GhidraScript)  
INFO  DumpU32Range.java> 8207e640 0x821a1330 (GhidraScript)  
INFO  DumpU32Range.java> 8207e644 0x4000e203 (GhidraScript)  
INFO  DumpU32Range.java> 8207e648 0x821a16b8 (GhidraScript)  
INFO  DumpU32Range.java> 8207e64c 0x40074005 (GhidraScript)  
INFO  DumpU32Range.java> 8207e650 0x821a33b8 (GhidraScript)  
INFO  DumpU32Range.java> 8207e654 0x40003503 (GhidraScript)  
INFO  DumpU32Range.java> 8207e658 0x821a3490 (GhidraScript)  
INFO  DumpU32Range.java> 8207e65c 0x40002903 (GhidraScript)  
INFO  DumpU32Range.java> 8207e660 0x821a3538 (GhidraScript)  
INFO  DumpU32Range.java> 8207e664 0x40002903 (GhidraScript)  
INFO  DumpU32Range.java> 8207e668 0x821a35e0 (GhidraScript)  
INFO  DumpU32Range.java> 8207e66c 0x40007203 (GhidraScript)  
INFO  DumpU32Range.java> 8207e670 0x821a37a8 (GhidraScript)  
INFO  DumpU32Range.java> 8207e674 0x40003504 (GhidraScript)  
INFO  DumpU32Range.java> 8207e678 0x821a3880 (GhidraScript)  
INFO  DumpU32Range.java> 8207e67c 0x40005803 (GhidraScript)  
INFO  DumpU32Range.java> 8207e680 0x821a39e0 (GhidraScript)  
INFO  DumpU32Range.java> 8207e684 0x40006e05 (GhidraScript)  
INFO  DumpU32Range.java> 8207e688 0x821a3b98 (GhidraScript)  
INFO  DumpU32Range.java> 8207e68c 0x40019005 (GhidraScript)  
INFO  DumpU32Range.java> 8207e690 0x821a41d8 (GhidraScript)  
INFO  DumpU32Range.java> 8207e694 0x40007603 (GhidraScript)  
INFO  DumpU32Range.java> 8207e698 0x821a43b0 (GhidraScript)  
INFO  DumpU32Range.java> 8207e69c 0x40003504 (GhidraScript)  
INFO  DumpU32Range.java> 8207e6a0 0x821a4488 (GhidraScript)  
INFO  DumpU32Range.java> 8207e6a4 0x40019005 (GhidraScript)  
INFO  DumpU32Range.java> 8207e6a8 0x821a4ae0 (GhidraScript)  
INFO  DumpU32Range.java> 8207e6ac 0x40003404 (GhidraScript)  
INFO  DumpU32Range.java> 8207e6b0 0x821a4bb0 (GhidraScript)  
INFO  DumpU32Range.java> 8207e6b4 0x40002005 (GhidraScript)  
INFO  DumpU32Range.java> 8207e6b8 0x821a4c30 (GhidraScript)  
INFO  DumpU32Range.java> 8207e6bc 0x40003005 (GhidraScript)  
INFO  DumpU32Range.java> 8207e6c0 0x821a4cf0 (GhidraScript)  
INFO  DumpU32Range.java> 8207e6c4 0x4000b903 (GhidraScript)  
INFO  DumpU32Range.java> 8207e6c8 0x821a4fd8 (GhidraScript)  
INFO  DumpU32Range.java> 8207e6cc 0x40004005 (GhidraScript)  
INFO  DumpU32Range.java> 8207e6d0 0x821a5108 (GhidraScript)  
INFO  DumpU32Range.java> 8207e6d4 0x40005803 (GhidraScript)  
INFO  DumpU32Range.java> 8207e6d8 0x821a5268 (GhidraScript)  
INFO  DumpU32Range.java> 8207e6dc 0x40003404 (GhidraScript)  
INFO  DumpU32Range.java> 8207e6e0 0x821a5360 (GhidraScript)  
INFO  DumpU32Range.java> 8207e6e4 0x40001304 (GhidraScript)  
INFO  DumpU32Range.java> 8207e6e8 0x821a53b8 (GhidraScript)  
INFO  DumpU32Range.java> 8207e6ec 0x40001604 (GhidraScript)  
INFO  DumpU32Range.java> 8207e6f0 0x821a5468 (GhidraScript)  
INFO  DumpU32Range.java> 8207e6f4 0x40001604 (GhidraScript)  
INFO  DumpU32Range.java> 8207e6f8 0x821a5598 (GhidraScript)  
INFO  DumpU32Range.java> 8207e6fc 0x40001604 (GhidraScript)  
INFO  DumpU32Range.java> 8207e700 0x821a56e8 (GhidraScript)  
INFO  DumpU32Range.java> 8207e704 0x40001a04 (GhidraScript)  
INFO  DumpU32Range.java> 8207e708 0x821a5750 (GhidraScript)  
INFO  DumpU32Range.java> 8207e70c 0x40001804 (GhidraScript)  
INFO  DumpU32Range.java> 8207e710 0x821a57b0 (GhidraScript)  
INFO  DumpU32Range.java> 8207e714 0x40003805 (GhidraScript)  
INFO  DumpU32Range.java> 8207e718 0x821a5890 (GhidraScript)  
INFO  DumpU32Range.java> 8207e71c 0x4000cf03 (GhidraScript)  
INFO  DumpU32Range.java> 8207e720 0x821a5bd0 (GhidraScript)  
INFO  DumpU32Range.java> 8207e724 0x40002c04 (GhidraScript)  
INFO  DumpU32Range.java> 8207e728 0x821a5c80 (GhidraScript)  
INFO  DumpU32Range.java> 8207e72c 0x40004f05 (GhidraScript)  
INFO  DumpU32Range.java> 8207e730 0x821a5de0 (GhidraScript)  
INFO  DumpU32Range.java> 8207e734 0x40002a04 (GhidraScript)  
INFO  DumpU32Range.java> 8207e738 0x821a5e88 (GhidraScript)  
INFO  DumpU32Range.java> 8207e73c 0x40001a04 (GhidraScript)  
INFO  DumpU32Range.java> 8207e740 0x821a5ef8 (GhidraScript)  
INFO  DumpU32Range.java> 8207e744 0x40003404 (GhidraScript)  
INFO  DumpU32Range.java> 8207e748 0x821a5fc8 (GhidraScript)  
INFO  DumpU32Range.java> 8207e74c 0x40002005 (GhidraScript)  
INFO  DumpU32Range.java> 8207e750 0x821a6048 (GhidraScript)  
INFO  DumpU32Range.java> 8207e754 0x40004005 (GhidraScript)  
INFO  DumpU32Range.java> 8207e758 0x821a6148 (GhidraScript)  
INFO  DumpU32Range.java> 8207e75c 0x40008003 (GhidraScript)  
INFO  DumpU32Range.java> 8207e760 0x821a6348 (GhidraScript)  
INFO  DumpU32Range.java> 8207e764 0x40002f04 (GhidraScript)  
INFO  DumpU32Range.java> 8207e768 0x821a6408 (GhidraScript)  
INFO  DumpU32Range.java> 8207e76c 0x40004305 (GhidraScript)  
INFO  DumpU32Range.java> 8207e770 0x821a65a8 (GhidraScript)  
INFO  DumpU32Range.java> 8207e774 0x40003105 (GhidraScript)  
INFO  DumpU32Range.java> 8207e778 0x821a6678 (GhidraScript)  
INFO  DumpU32Range.java> 8207e77c 0x40001704 (GhidraScript)  
INFO  DumpU32Range.java> 8207e780 0x821a66d8 (GhidraScript)  
INFO  DumpU32Range.java> 8207e784 0x40003c03 (GhidraScript)  
INFO  DumpU32Range.java> 8207e788 0x821a6808 (GhidraScript)  
INFO  DumpU32Range.java> 8207e78c 0x40029403 (GhidraScript)  
INFO  DumpU32Range.java> 8207e790 0x821a7260 (GhidraScript)  
INFO  DumpU32Range.java> 8207e794 0x40001704 (GhidraScript)  
INFO  DumpU32Range.java> 8207e798 0x821a72c0 (GhidraScript)  
INFO  DumpU32Range.java> 8207e79c 0x4000c403 (GhidraScript)  
INFO  DumpU32Range.java> 8207e7a0 0x821a75d0 (GhidraScript)  
INFO  DumpU32Range.java> 8207e7a4 0x4000e503 (GhidraScript)  
INFO  DumpU32Range.java> 8207e7a8 0x821a7968 (GhidraScript)  
INFO  DumpU32Range.java> 8207e7ac 0x40004205 (GhidraScript)  
INFO  DumpU32Range.java> 8207e7b0 0x821a7cd8 (GhidraScript)  
INFO  DumpU32Range.java> 8207e7b4 0x40002f03 (GhidraScript)  
INFO  DumpU32Range.java> 8207e7b8 0x821a7d98 (GhidraScript)  
INFO  DumpU32Range.java> 8207e7bc 0x40002e03 (GhidraScript)  
INFO  DumpU32Range.java> 8207e7c0 0x821a7e50 (GhidraScript)  
INFO  DumpU32Range.java> 8207e7c4 0x40003803 (GhidraScript)  
INFO  DumpU32Range.java> 8207e7c8 0x821a7f30 (GhidraScript)  
INFO  DumpU32Range.java> 8207e7cc 0x4001d403 (GhidraScript)  
INFO  DumpU32Range.java> 8207e7d0 0x821a8680 (GhidraScript)  
INFO  DumpU32Range.java> 8207e7d4 0x40016003 (GhidraScript)  
INFO  DumpU32Range.java> 8207e7d8 0x821a8c00 (GhidraScript)  
INFO  DumpU32Range.java> 8207e7dc 0x40002205 (GhidraScript)  
INFO  DumpU32Range.java> 8207e7e0 0x821a8c88 (GhidraScript)  
INFO  DumpU32Range.java> 8207e7e4 0x40001a05 (GhidraScript)  
INFO  DumpU32Range.java> 8207e7e8 0x821a8cf0 (GhidraScript)  
INFO  DumpU32Range.java> 8207e7ec 0x40004c03 (GhidraScript)  
INFO  DumpU32Range.java> 8207e7f0 0x821a8e28 (GhidraScript)  
INFO  DumpU32Range.java> 8207e7f4 0x40002205 (GhidraScript)  
INFO  DumpU32Range.java> 8207e7f8 0x821a8eb0 (GhidraScript)  
INFO  DumpU32Range.java> 8207e7fc 0x40001803 (GhidraScript)  
INFO  DumpU32Range.java> 8207e800 0x821a91d8 (GhidraScript)  
INFO  DumpU32Range.java> 8207e804 0x40001d03 (GhidraScript)  
INFO  DumpU32Range.java> 8207e808 0x821a9250 (GhidraScript)  
INFO  DumpU32Range.java> 8207e80c 0x40001b03 (GhidraScript)  
INFO  DumpU32Range.java> 8207e810 0x821a92c0 (GhidraScript)  
INFO  DumpU32Range.java> 8207e814 0x40002803 (GhidraScript)  
INFO  DumpU32Range.java> 8207e818 0x821a9360 (GhidraScript)  
INFO  DumpU32Range.java> 8207e81c 0x40002005 (GhidraScript)  
INFO  DumpU32Range.java> 8207e820 0x821a93e0 (GhidraScript)  
INFO  DumpU32Range.java> 8207e824 0x40001705 (GhidraScript)  
INFO  DumpU32Range.java> 8207e828 0x821a94f8 (GhidraScript)  
INFO  DumpU32Range.java> 8207e82c 0x40003304 (GhidraScript)  
INFO  DumpU32Range.java> 8207e830 0x821a95c8 (GhidraScript)  
INFO  DumpU32Range.java> 8207e834 0x40001c04 (GhidraScript)  
INFO  DumpU32Range.java> 8207e838 0x821a9638 (GhidraScript)  
INFO  DumpU32Range.java> 8207e83c 0x40001b04 (GhidraScript)  
INFO  DumpU32Range.java> 8207e840 0x821a9b70 (GhidraScript)  
INFO  DumpU32Range.java> 8207e844 0x40013604 (GhidraScript)  
INFO  DumpU32Range.java> 8207e848 0x821aa048 (GhidraScript)  
INFO  DumpU32Range.java> 8207e84c 0x4000a504 (GhidraScript)  
INFO  DumpU32Range.java> 8207e850 0x821aa2e0 (GhidraScript)  
INFO  DumpU32Range.java> 8207e854 0x40008004 (GhidraScript)  
INFO  DumpU32Range.java> 8207e858 0x821aa520 (GhidraScript)  
INFO  DumpU32Range.java> 8207e85c 0x40002b04 (GhidraScript)  
INFO  DumpU32Range.java> 8207e860 0x821aa5d0 (GhidraScript)  
INFO  DumpU32Range.java> 8207e864 0x40003e03 (GhidraScript)  
INFO  DumpU32Range.java> 8207e868 0x821aa6d0 (GhidraScript)  
INFO  DumpU32Range.java> 8207e86c 0x40001f05 (GhidraScript)  
INFO  DumpU32Range.java> 8207e870 0x821aa750 (GhidraScript)  
INFO  DumpU32Range.java> 8207e874 0x40002004 (GhidraScript)  
INFO  DumpU32Range.java> 8207e878 0x821aa7d0 (GhidraScript)  
INFO  DumpU32Range.java> 8207e87c 0x40002004 (GhidraScript)  
INFO  DumpU32Range.java> 8207e880 0x821aa890 (GhidraScript)  
INFO  DumpU32Range.java> 8207e884 0x40002104 (GhidraScript)  
INFO  DumpU32Range.java> 8207e888 0x821aa958 (GhidraScript)  
INFO  DumpU32Range.java> 8207e88c 0x40001304 (GhidraScript)  
INFO  DumpU32Range.java> 8207e890 0x821aa9a8 (GhidraScript)  
INFO  DumpU32Range.java> 8207e894 0x40004803 (GhidraScript)  
INFO  DumpU32Range.java> 8207e898 0x821aaac8 (GhidraScript)  
INFO  DumpU32Range.java> 8207e89c 0x40004d03 (GhidraScript)  
INFO  DumpU32Range.java> 8207e8a0 0x821aac00 (GhidraScript)  
INFO  DumpU32Range.java> 8207e8a4 0x40009104 (GhidraScript)  
INFO  DumpU32Range.java> 8207e8a8 0x821aae78 (GhidraScript)  
INFO  DumpU32Range.java> 8207e8ac 0x4004ba04 (GhidraScript)  
INFO  DumpU32Range.java> 8207e8b0 0x821ac1d0 (GhidraScript)  
INFO  DumpU32Range.java> 8207e8b4 0x40003203 (GhidraScript)  
INFO  DumpU32Range.java> 8207e8b8 0x821ac2a0 (GhidraScript)  
INFO  DumpU32Range.java> 8207e8bc 0x40002204 (GhidraScript)  
INFO  DumpU32Range.java> 8207e8c0 0x821ac368 (GhidraScript)  
INFO  DumpU32Range.java> 8207e8c4 0x40004905 (GhidraScript)  
INFO  DumpU32Range.java> 8207e8c8 0x821ac490 (GhidraScript)  
INFO  DumpU32Range.java> 8207e8cc 0x40004d03 (GhidraScript)  
INFO  DumpU32Range.java> 8207e8d0 0x821ac5c8 (GhidraScript)  
INFO  DumpU32Range.java> 8207e8d4 0x40014f03 (GhidraScript)  
INFO  DumpU32Range.java> 8207e8d8 0x821acb48 (GhidraScript)  
INFO  DumpU32Range.java> 8207e8dc 0x4002a503 (GhidraScript)  
INFO  DumpU32Range.java> 8207e8e0 0x821ad5e0 (GhidraScript)  
INFO  DumpU32Range.java> 8207e8e4 0x40002d05 (GhidraScript)  
INFO  DumpU32Range.java> 8207e8e8 0x821ad698 (GhidraScript)  
INFO  DumpU32Range.java> 8207e8ec 0x4000e803 (GhidraScript)  
INFO  DumpU32Range.java> 8207e8f0 0x821adb38 (GhidraScript)  
INFO  DumpU32Range.java> 8207e8f4 0x40002505 (GhidraScript)  
INFO  DumpU32Range.java> 8207e8f8 0x821adbd0 (GhidraScript)  
INFO  DumpU32Range.java> 8207e8fc 0x40001705 (GhidraScript)  
INFO  DumpU32Range.java> 8207e900 0x821adc30 (GhidraScript)  
INFO  DumpU32Range.java> 8207e904 0x40001704 (GhidraScript)  
INFO  DumpU32Range.java> 8207e908 0x821adc90 (GhidraScript)  
INFO  DumpU32Range.java> 8207e90c 0x40005b03 (GhidraScript)  
INFO  DumpU32Range.java> 8207e910 0x821ade00 (GhidraScript)  
INFO  DumpU32Range.java> 8207e914 0x40006c05 (GhidraScript)  
INFO  DumpU32Range.java> 8207e918 0x821adfb0 (GhidraScript)  
INFO  DumpU32Range.java> 8207e91c 0x40002604 (GhidraScript)  
INFO  DumpU32Range.java> 8207e920 0x821ae048 (GhidraScript)  
INFO  DumpU32Range.java> 8207e924 0x40003e05 (GhidraScript)  
INFO  DumpU32Range.java> 8207e928 0x821ae140 (GhidraScript)  
INFO  DumpU32Range.java> 8207e92c 0x40002c03 (GhidraScript)  
INFO  DumpU32Range.java> 8207e930 0x821ae288 (GhidraScript)  
INFO  DumpU32Range.java> 8207e934 0x40003903 (GhidraScript)  
INFO  DumpU32Range.java> 8207e938 0x821ae370 (GhidraScript)  
INFO  DumpU32Range.java> 8207e93c 0x4000f505 (GhidraScript)  
INFO  DumpU32Range.java> 8207e940 0x821ae748 (GhidraScript)  
INFO  DumpU32Range.java> 8207e944 0x40000c03 (GhidraScript)  
INFO  DumpU32Range.java> 8207e948 0x821ae778 (GhidraScript)  
INFO  DumpU32Range.java> 8207e94c 0x40001003 (GhidraScript)  
INFO  DumpU32Range.java> 8207e950 0x821ae7b8 (GhidraScript)  
INFO  DumpU32Range.java> 8207e954 0x4000d203 (GhidraScript)  
INFO  DumpU32Range.java> 8207e958 0x821aeb70 (GhidraScript)  
INFO  DumpU32Range.java> 8207e95c 0x40002704 (GhidraScript)  
INFO  DumpU32Range.java> 8207e960 0x821aec10 (GhidraScript)  
INFO  DumpU32Range.java> 8207e964 0x40001a04 (GhidraScript)  
INFO  DumpU32Range.java> 8207e968 0x821aec78 (GhidraScript)  
INFO  DumpU32Range.java> 8207e96c 0x40002c05 (GhidraScript)  
INFO  DumpU32Range.java> 8207e970 0x821aed28 (GhidraScript)  
INFO  DumpU32Range.java> 8207e974 0x4000b103 (GhidraScript)  
INFO  DumpU32Range.java> 8207e978 0x821aeff0 (GhidraScript)  
INFO  DumpU32Range.java> 8207e97c 0x40005104 (GhidraScript)  
INFO  DumpU32Range.java> 8207e980 0x821af138 (GhidraScript)  
INFO  DumpU32Range.java> 8207e984 0x40006203 (GhidraScript)  
INFO  DumpU32Range.java> 8207e988 0x821af2e0 (GhidraScript)  
INFO  DumpU32Range.java> 8207e98c 0x40002e04 (GhidraScript)  
INFO  DumpU32Range.java> 8207e990 0x821af398 (GhidraScript)  
INFO  DumpU32Range.java> 8207e994 0x40008203 (GhidraScript)  
INFO  DumpU32Range.java> 8207e998 0x821af5a0 (GhidraScript)  
INFO  DumpU32Range.java> 8207e99c 0x40002604 (GhidraScript)  
INFO  DumpU32Range.java> 8207e9a0 0x821af690 (GhidraScript)  
INFO  DumpU32Range.java> 8207e9a4 0x40014003 (GhidraScript)  
INFO  DumpU32Range.java> 8207e9a8 0x821afb98 (GhidraScript)  
INFO  DumpU32Range.java> 8207e9ac 0x40001504 (GhidraScript)  
INFO  DumpU32Range.java> 8207e9b0 0x821afbf0 (GhidraScript)  
INFO  DumpU32Range.java> 8207e9b4 0x40002c05 (GhidraScript)  
INFO  DumpU32Range.java> 8207e9b8 0x821afca0 (GhidraScript)  
INFO  DumpU32Range.java> 8207e9bc 0x40006605 (GhidraScript)  
INFO  DumpU32Range.java> 8207e9c0 0x821afe38 (GhidraScript)  
INFO  DumpU32Range.java> 8207e9c4 0x40005004 (GhidraScript)  
INFO  DumpU32Range.java> 8207e9c8 0x821b0048 (GhidraScript)  
INFO  DumpU32Range.java> 8207e9cc 0x40001504 (GhidraScript)  
INFO  DumpU32Range.java> 8207e9d0 0x821b00a0 (GhidraScript)  
INFO  DumpU32Range.java> 8207e9d4 0x40005105 (GhidraScript)  
INFO  DumpU32Range.java> 8207e9d8 0x821b01e8 (GhidraScript)  
INFO  DumpU32Range.java> 8207e9dc 0x40006604 (GhidraScript)  
INFO  DumpU32Range.java> 8207e9e0 0x821b03c8 (GhidraScript)  
INFO  DumpU32Range.java> 8207e9e4 0x40001504 (GhidraScript)  
INFO  DumpU32Range.java> 8207e9e8 0x821b0420 (GhidraScript)  
INFO  DumpU32Range.java> 8207e9ec 0x40002c04 (GhidraScript)  
INFO  DumpU32Range.java> 8207e9f0 0x821b04d0 (GhidraScript)  
INFO  DumpU32Range.java> 8207e9f4 0x40005804 (GhidraScript)  
INFO  DumpU32Range.java> 8207e9f8 0x821b0630 (GhidraScript)  
INFO  DumpU32Range.java> 8207e9fc 0x40011e04 (GhidraScript)  
INFO  DumpU32Range.java> 8207ea00 0x821b0ac8 (GhidraScript)  
INFO  DumpU32Range.java> 8207ea04 0x40010704 (GhidraScript)  
INFO  DumpU32Range.java> 8207ea08 0x821b0f68 (GhidraScript)  
INFO  DumpU32Range.java> 8207ea0c 0x40001704 (GhidraScript)  
INFO  DumpU32Range.java> 8207ea10 0x821b0fc8 (GhidraScript)  
INFO  DumpU32Range.java> 8207ea14 0x40005503 (GhidraScript)  
INFO  DumpU32Range.java> 8207ea18 0x821b1160 (GhidraScript)  
INFO  DumpU32Range.java> 8207ea1c 0x40024a03 (GhidraScript)  
INFO  DumpU32Range.java> 8207ea20 0x821b1a88 (GhidraScript)  
INFO  DumpU32Range.java> 8207ea24 0x40002005 (GhidraScript)  
INFO  DumpU32Range.java> 8207ea28 0x821b1b08 (GhidraScript)  
INFO  DumpU32Range.java> 8207ea2c 0x40001d04 (GhidraScript)  
INFO  DumpU32Range.java> 8207ea30 0x821b1b80 (GhidraScript)  
INFO  DumpU32Range.java> 8207ea34 0x40002004 (GhidraScript)  
INFO  DumpU32Range.java> 8207ea38 0x821b1c00 (GhidraScript)  
INFO  DumpU32Range.java> 8207ea3c 0x40001f04 (GhidraScript)  
INFO  DumpU32Range.java> 8207ea40 0x821b1cc0 (GhidraScript)  
INFO  DumpU32Range.java> 8207ea44 0x40002903 (GhidraScript)  
INFO  DumpU32Range.java> 8207ea48 0x821b1d68 (GhidraScript)  
INFO  DumpU32Range.java> 8207ea4c 0x40003705 (GhidraScript)  
INFO  DumpU32Range.java> 8207ea50 0x821b1e48 (GhidraScript)  
INFO  DumpU32Range.java> 8207ea54 0x40004d03 (GhidraScript)  
INFO  DumpU32Range.java> 8207ea58 0x821b1f80 (GhidraScript)  
INFO  DumpU32Range.java> 8207ea5c 0x40005603 (GhidraScript)  
INFO  DumpU32Range.java> 8207ea60 0x821b20d8 (GhidraScript)  
INFO  DumpU32Range.java> 8207ea64 0x40001a05 (GhidraScript)  
INFO  DumpU32Range.java> 8207ea68 0x821b2388 (GhidraScript)  
INFO  DumpU32Range.java> 8207ea6c 0x40016803 (GhidraScript)  
INFO  DumpU32Range.java> 8207ea70 0x821b2928 (GhidraScript)  
INFO  DumpU32Range.java> 8207ea74 0x40020203 (GhidraScript)  
INFO  DumpU32Range.java> 8207ea78 0x821b3138 (GhidraScript)  
INFO  DumpU32Range.java> 8207ea7c 0x40003903 (GhidraScript)  
INFO  DumpU32Range.java> 8207ea80 0x821b32c8 (GhidraScript)  
INFO  DumpU32Range.java> 8207ea84 0x40001504 (GhidraScript)  
INFO  DumpU32Range.java> 8207ea88 0x821b3398 (GhidraScript)  
INFO  DumpU32Range.java> 8207ea8c 0x40004605 (GhidraScript)  
INFO  DumpU32Range.java> 8207ea90 0x821b34b0 (GhidraScript)  
INFO  DumpU32Range.java> 8207ea94 0x4000bd03 (GhidraScript)  
INFO  DumpU32Range.java> 8207ea98 0x821b3870 (GhidraScript)  
INFO  DumpU32Range.java> 8207ea9c 0x40006b03 (GhidraScript)  
INFO  DumpU32Range.java> 8207eaa0 0x821b3ba0 (GhidraScript)  
INFO  DumpU32Range.java> 8207eaa4 0x40001c03 (GhidraScript)  
INFO  DumpU32Range.java> 8207eaa8 0x821b3c88 (GhidraScript)  
INFO  DumpU32Range.java> 8207eaac 0x40005e03 (GhidraScript)  
INFO  DumpU32Range.java> 8207eab0 0x821b3e00 (GhidraScript)  
INFO  DumpU32Range.java> 8207eab4 0x40001a04 (GhidraScript)  
INFO  DumpU32Range.java> 8207eab8 0x821b3e68 (GhidraScript)  
INFO  DumpU32Range.java> 8207eabc 0x40001a05 (GhidraScript)  
INFO  DumpU32Range.java> 8207eac0 0x821b3ed0 (GhidraScript)  
INFO  DumpU32Range.java> 8207eac4 0x40002503 (GhidraScript)  
INFO  DumpU32Range.java> 8207eac8 0x821b3f68 (GhidraScript)  
INFO  DumpU32Range.java> 8207eacc 0x40002304 (GhidraScript)  
INFO  DumpU32Range.java> 8207ead0 0x821b3ff8 (GhidraScript)  
INFO  DumpU32Range.java> 8207ead4 0x40002e03 (GhidraScript)  
INFO  DumpU32Range.java> 8207ead8 0x821b40b8 (GhidraScript)  
INFO  DumpU32Range.java> 8207eadc 0x40002203 (GhidraScript)  
INFO  DumpU32Range.java> 8207eae0 0x821b4140 (GhidraScript)  
INFO  DumpU32Range.java> 8207eae4 0x40002603 (GhidraScript)  
INFO  DumpU32Range.java> 8207eae8 0x821b41d8 (GhidraScript)  
INFO  DumpU32Range.java> 8207eaec 0x40001c03 (GhidraScript)  
INFO  DumpU32Range.java> 8207eaf0 0x821b4248 (GhidraScript)  
INFO  DumpU32Range.java> 8207eaf4 0x40002c03 (GhidraScript)  
INFO  DumpU32Range.java> 8207eaf8 0x821b42f8 (GhidraScript)  
INFO  DumpU32Range.java> 8207eafc 0x40001304 (GhidraScript)  
INFO  DumpU32Range.java> 8207eb00 0x821b4348 (GhidraScript)  
INFO  DumpU32Range.java> 8207eb04 0x40002904 (GhidraScript)  
INFO  DumpU32Range.java> 8207eb08 0x821b43f0 (GhidraScript)  
INFO  DumpU32Range.java> 8207eb0c 0x40002e05 (GhidraScript)  
INFO  DumpU32Range.java> 8207eb10 0x821b44a8 (GhidraScript)  
INFO  DumpU32Range.java> 8207eb14 0x40001b03 (GhidraScript)  
INFO  DumpU32Range.java> 8207eb18 0x821b4518 (GhidraScript)  
INFO  DumpU32Range.java> 8207eb1c 0x40004203 (GhidraScript)  
INFO  DumpU32Range.java> 8207eb20 0x821b4620 (GhidraScript)  
INFO  DumpU32Range.java> 8207eb24 0x40002403 (GhidraScript)  
INFO  DumpU32Range.java> 8207eb28 0x821b46b0 (GhidraScript)  
INFO  DumpU32Range.java> 8207eb2c 0x40002a03 (GhidraScript)  
INFO  DumpU32Range.java> 8207eb30 0x821b4758 (GhidraScript)  
INFO  DumpU32Range.java> 8207eb34 0x40002f03 (GhidraScript)  
INFO  DumpU32Range.java> 8207eb38 0x821b4818 (GhidraScript)  
INFO  DumpU32Range.java> 8207eb3c 0x40002703 (GhidraScript)  
INFO  DumpU32Range.java> 8207eb40 0x821b48b8 (GhidraScript)  
INFO  DumpU32Range.java> 8207eb44 0x40002503 (GhidraScript)  
INFO  DumpU32Range.java> 8207eb48 0x821b4950 (GhidraScript)  
INFO  DumpU32Range.java> 8207eb4c 0x40002703 (GhidraScript)  
INFO  DumpU32Range.java> 8207eb50 0x821b49f0 (GhidraScript)  
INFO  DumpU32Range.java> 8207eb54 0x40002503 (GhidraScript)  
INFO  DumpU32Range.java> 8207eb58 0x821b4a88 (GhidraScript)  
INFO  DumpU32Range.java> 8207eb5c 0x40002204 (GhidraScript)  
INFO  DumpU32Range.java> 8207eb60 0x821b4b10 (GhidraScript)  
INFO  DumpU32Range.java> 8207eb64 0x40003003 (GhidraScript)  
INFO  DumpU32Range.java> 8207eb68 0x821b4bd0 (GhidraScript)  
INFO  DumpU32Range.java> 8207eb6c 0x40003005 (GhidraScript)  
INFO  DumpU32Range.java> 8207eb70 0x821b4c90 (GhidraScript)  
INFO  DumpU32Range.java> 8207eb74 0x40003e04 (GhidraScript)  
INFO  DumpU32Range.java> 8207eb78 0x821b4d88 (GhidraScript)  
INFO  DumpU32Range.java> 8207eb7c 0x40003203 (GhidraScript)  
INFO  DumpU32Range.java> 8207eb80 0x821b5330 (GhidraScript)  
INFO  DumpU32Range.java> 8207eb84 0x40001a04 (GhidraScript)  
INFO  DumpU32Range.java> 8207eb88 0x821b5398 (GhidraScript)  
INFO  DumpU32Range.java> 8207eb8c 0x40004904 (GhidraScript)  
INFO  DumpU32Range.java> 8207eb90 0x821b54e0 (GhidraScript)  
INFO  DumpU32Range.java> 8207eb94 0x40001804 (GhidraScript)  
INFO  DumpU32Range.java> 8207eb98 0x821b5540 (GhidraScript)  
INFO  DumpU32Range.java> 8207eb9c 0x40005305 (GhidraScript)  
INFO  DumpU32Range.java> 8207eba0 0x821b5690 (GhidraScript)  
INFO  DumpU32Range.java> 8207eba4 0x40005d04 (GhidraScript)  
INFO  DumpU32Range.java> 8207eba8 0x821b5808 (GhidraScript)  
INFO  DumpU32Range.java> 8207ebac 0x40003805 (GhidraScript)  
INFO  DumpU32Range.java> 8207ebb0 0x821b58f0 (GhidraScript)  
INFO  DumpU32Range.java> 8207ebb4 0x40001c04 (GhidraScript)  
INFO  DumpU32Range.java> 8207ebb8 0x821b5960 (GhidraScript)  
INFO  DumpU32Range.java> 8207ebbc 0x40001803 (GhidraScript)  
INFO  DumpU32Range.java> 8207ebc0 0x821b59c0 (GhidraScript)  
INFO  DumpU32Range.java> 8207ebc4 0x40002204 (GhidraScript)  
INFO  DumpU32Range.java> 8207ebc8 0x821b5a48 (GhidraScript)  
INFO  DumpU32Range.java> 8207ebcc 0x40006304 (GhidraScript)  
INFO  DumpU32Range.java> 8207ebd0 0x821b5c00 (GhidraScript)  
INFO  DumpU32Range.java> 8207ebd4 0x40003505 (GhidraScript)  
INFO  DumpU32Range.java> 8207ebd8 0x821b5cf0 (GhidraScript)  
INFO  DumpU32Range.java> 8207ebdc 0x40001404 (GhidraScript)  
INFO  DumpU32Range.java> 8207ebe0 0x821b5d40 (GhidraScript)  
INFO  DumpU32Range.java> 8207ebe4 0x40002605 (GhidraScript)  
INFO  DumpU32Range.java> 8207ebe8 0x821b5de0 (GhidraScript)  
INFO  DumpU32Range.java> 8207ebec 0x40001704 (GhidraScript)  
INFO  DumpU32Range.java> 8207ebf0 0x821b5e58 (GhidraScript)  
INFO  DumpU32Range.java> 8207ebf4 0x40004905 (GhidraScript)  
INFO  DumpU32Range.java> 8207ebf8 0x821b5f80 (GhidraScript)  
INFO  DumpU32Range.java> 8207ebfc 0x40006605 (GhidraScript)  
INFO  DumpU32Range.java> 8207ec00 0x821b6258 (GhidraScript)  
INFO  DumpU32Range.java> 8207ec04 0x40003105 (GhidraScript)  
INFO  DumpU32Range.java> 8207ec08 0x821b6490 (GhidraScript)  
INFO  DumpU32Range.java> 8207ec0c 0x40001a05 (GhidraScript)  
INFO  DumpU32Range.java> 8207ec10 0x821b64f8 (GhidraScript)  
INFO  DumpU32Range.java> 8207ec14 0x40005c03 (GhidraScript)  
INFO  DumpU32Range.java> 8207ec18 0x821b6668 (GhidraScript)  
INFO  DumpU32Range.java> 8207ec1c 0x40006604 (GhidraScript)  
INFO  DumpU32Range.java> 8207ec20 0x821b6df0 (GhidraScript)  
INFO  DumpU32Range.java> 8207ec24 0x40001204 (GhidraScript)  
INFO  DumpU32Range.java> 8207ec28 0x821b6e58 (GhidraScript)  
INFO  DumpU32Range.java> 8207ec2c 0x40005504 (GhidraScript)  
INFO  DumpU32Range.java> 8207ec30 0x821b6fb0 (GhidraScript)  
INFO  DumpU32Range.java> 8207ec34 0x40002104 (GhidraScript)  
INFO  DumpU32Range.java> 8207ec38 0x821b7038 (GhidraScript)  
INFO  DumpU32Range.java> 8207ec3c 0x40003303 (GhidraScript)  
INFO  DumpU32Range.java> 8207ec40 0x821b7108 (GhidraScript)  
INFO  DumpU32Range.java> 8207ec44 0x40001e04 (GhidraScript)  
INFO  DumpU32Range.java> 8207ec48 0x821b7180 (GhidraScript)  
INFO  DumpU32Range.java> 8207ec4c 0x40002203 (GhidraScript)  
INFO  DumpU32Range.java> 8207ec50 0x821b7208 (GhidraScript)  
INFO  DumpU32Range.java> 8207ec54 0x40003e05 (GhidraScript)  
INFO  DumpU32Range.java> 8207ec58 0x821b7300 (GhidraScript)  
INFO  DumpU32Range.java> 8207ec5c 0x40004c03 (GhidraScript)  
INFO  DumpU32Range.java> 8207ec60 0x821b7590 (GhidraScript)  
INFO  DumpU32Range.java> 8207ec64 0x4000d503 (GhidraScript)  
INFO  DumpU32Range.java> 8207ec68 0x821b78e8 (GhidraScript)  
INFO  DumpU32Range.java> 8207ec6c 0x40001204 (GhidraScript)  
INFO  DumpU32Range.java> 8207ec70 0x821b7960 (GhidraScript)  
INFO  DumpU32Range.java> 8207ec74 0x40011903 (GhidraScript)  
INFO  DumpU32Range.java> 8207ec78 0x821b7dc8 (GhidraScript)  
INFO  DumpU32Range.java> 8207ec7c 0x4000a103 (GhidraScript)  
INFO  DumpU32Range.java> 8207ec80 0x821b8050 (GhidraScript)  
INFO  DumpU32Range.java> 8207ec84 0x40007203 (GhidraScript)  
INFO  DumpU32Range.java> 8207ec88 0x821b8218 (GhidraScript)  
INFO  DumpU32Range.java> 8207ec8c 0x40004003 (GhidraScript)  
INFO  DumpU32Range.java> 8207ec90 0x821b8318 (GhidraScript)  
INFO  DumpU32Range.java> 8207ec94 0x40004603 (GhidraScript)  
INFO  DumpU32Range.java> 8207ec98 0x821b8430 (GhidraScript)  
INFO  DumpU32Range.java> 8207ec9c 0x40002d04 (GhidraScript)  
INFO  DumpU32Range.java> 8207eca0 0x821b8620 (GhidraScript)  
INFO  DumpU32Range.java> 8207eca4 0x40001804 (GhidraScript)  
INFO  DumpU32Range.java> 8207eca8 0x821b8680 (GhidraScript)  
INFO  DumpU32Range.java> 8207ecac 0x40001804 (GhidraScript)  
INFO  DumpU32Range.java> 8207ecb0 0x821b86e0 (GhidraScript)  
INFO  DumpU32Range.java> 8207ecb4 0x40001904 (GhidraScript)  
INFO  DumpU32Range.java> 8207ecb8 0x821b8748 (GhidraScript)  
INFO  DumpU32Range.java> 8207ecbc 0x40001204 (GhidraScript)  
INFO  DumpU32Range.java> 8207ecc0 0x821b8790 (GhidraScript)  
INFO  DumpU32Range.java> 8207ecc4 0x40001204 (GhidraScript)  
INFO  DumpU32Range.java> 8207ecc8 0x821b87d8 (GhidraScript)  
INFO  DumpU32Range.java> 8207eccc 0x40001204 (GhidraScript)  
INFO  DumpU32Range.java> 8207ecd0 0x821b8820 (GhidraScript)  
INFO  DumpU32Range.java> 8207ecd4 0x40001204 (GhidraScript)  
INFO  DumpU32Range.java> 8207ecd8 0x821b8868 (GhidraScript)  
INFO  DumpU32Range.java> 8207ecdc 0x40001204 (GhidraScript)  
INFO  DumpU32Range.java> 8207ece0 0x821b88b0 (GhidraScript)  
INFO  DumpU32Range.java> 8207ece4 0x40001204 (GhidraScript)  
INFO  DumpU32Range.java> 8207ece8 0x821b88f8 (GhidraScript)  
INFO  DumpU32Range.java> 8207ecec 0x40001404 (GhidraScript)  
INFO  DumpU32Range.java> 8207ecf0 0x821b8948 (GhidraScript)  
INFO  DumpU32Range.java> 8207ecf4 0x40001204 (GhidraScript)  
INFO  DumpU32Range.java> 8207ecf8 0x821b8990 (GhidraScript)  
INFO  DumpU32Range.java> 8207ecfc 0x40001704 (GhidraScript)  
INFO  DumpU32Range.java> 8207ed00 0x821b89f0 (GhidraScript)  
INFO  DumpU32Range.java> 8207ed04 0x40002f05 (GhidraScript)  
INFO  DumpU32Range.java> 8207ed08 0x821b8ab0 (GhidraScript)  
INFO  DumpU32Range.java> 8207ed0c 0x40001804 (GhidraScript)  
INFO  DumpU32Range.java> 8207ed10 0x821b8b10 (GhidraScript)  
INFO  DumpU32Range.java> 8207ed14 0x40001e04 (GhidraScript)  
INFO  DumpU32Range.java> 8207ed18 0x821b8b88 (GhidraScript)  
INFO  DumpU32Range.java> 8207ed1c 0x40001e04 (GhidraScript)  
INFO  DumpU32Range.java> 8207ed20 0x821b8c00 (GhidraScript)  
INFO  DumpU32Range.java> 8207ed24 0x40001204 (GhidraScript)  
INFO  DumpU32Range.java> 8207ed28 0x821b8c48 (GhidraScript)  
INFO  DumpU32Range.java> 8207ed2c 0x40001504 (GhidraScript)  
INFO  DumpU32Range.java> 8207ed30 0x821b8ca0 (GhidraScript)  
INFO  DumpU32Range.java> 8207ed34 0x40001504 (GhidraScript)  
INFO  DumpU32Range.java> 8207ed38 0x821b8cf8 (GhidraScript)  
INFO  DumpU32Range.java> 8207ed3c 0x40001504 (GhidraScript)  
INFO  DumpU32Range.java> 8207ed40 0x821b8d50 (GhidraScript)  
INFO  DumpU32Range.java> 8207ed44 0x40001504 (GhidraScript)  
INFO  DumpU32Range.java> 8207ed48 0x821b8da8 (GhidraScript)  
INFO  DumpU32Range.java> 8207ed4c 0x40001404 (GhidraScript)  
INFO  DumpU32Range.java> 8207ed50 0x821b8df8 (GhidraScript)  
INFO  DumpU32Range.java> 8207ed54 0x40001704 (GhidraScript)  
INFO  DumpU32Range.java> 8207ed58 0x821b8e58 (GhidraScript)  
INFO  DumpU32Range.java> 8207ed5c 0x40001704 (GhidraScript)  
INFO  DumpU32Range.java> 8207ed60 0x821b8eb8 (GhidraScript)  
INFO  DumpU32Range.java> 8207ed64 0x40001204 (GhidraScript)  
INFO  DumpU32Range.java> 8207ed68 0x821b8f00 (GhidraScript)  
INFO  DumpU32Range.java> 8207ed6c 0x40001c04 (GhidraScript)  
INFO  DumpU32Range.java> 8207ed70 0x821b8f70 (GhidraScript)  
INFO  DumpU32Range.java> 8207ed74 0x40001c04 (GhidraScript)  
INFO  DumpU32Range.java> 8207ed78 0x821b8fe0 (GhidraScript)  
INFO  DumpU32Range.java> 8207ed7c 0x40001c04 (GhidraScript)  
INFO  DumpU32Range.java> 8207ed80 0x821b9050 (GhidraScript)  
INFO  DumpU32Range.java> 8207ed84 0x40001704 (GhidraScript)  
INFO  DumpU32Range.java> 8207ed88 0x821b90b0 (GhidraScript)  
INFO  DumpU32Range.java> 8207ed8c 0x40001704 (GhidraScript)  
INFO  DumpU32Range.java> 8207ed90 0x821b9110 (GhidraScript)  
INFO  DumpU32Range.java> 8207ed94 0x40001704 (GhidraScript)  
INFO  DumpU32Range.java> 8207ed98 0x821b9170 (GhidraScript)  
INFO  DumpU32Range.java> 8207ed9c 0x40001704 (GhidraScript)  
INFO  DumpU32Range.java> 8207eda0 0x821b91d0 (GhidraScript)  
INFO  DumpU32Range.java> 8207eda4 0x40001704 (GhidraScript)  
INFO  DumpU32Range.java> 8207eda8 0x821b9230 (GhidraScript)  
INFO  DumpU32Range.java> 8207edac 0x40001704 (GhidraScript)  
INFO  REPORT: Save succeeded for processed file: /default.xex (HeadlessAnalyzer)  
