openjdk version "21.0.11" 2026-04-21
OpenJDK Runtime Environment (build 21.0.11+10-1-26.04.2-Ubuntu)
OpenJDK 64-Bit Server VM (build 21.0.11+10-1-26.04.2-Ubuntu, mixed mode)
INFO  Using log config file: jar:file:/fastdata/lavaulta/auto-re-agent/.tools/ghidra_12.1.2_PUBLIC/Ghidra/Framework/Generic/lib/Generic.jar!/generic.log4j.xml (LoggingInitialization)  
INFO  Using log file: /home/lavaulta/.config/ghidra/ghidra_12.1.2_PUBLIC/application.log (LoggingInitialization)  
INFO  Loading user preferences: /home/lavaulta/.config/ghidra/ghidra_12.1.2_PUBLIC/preferences (Preferences)  
INFO  Searching for classes... (ClassSearcher)  
INFO  Ignoring class 'xexloaderwv.XEXLoaderWVLoader' from '/fastdata/lavaulta/auto-re-agent/.tools/ghidra_12.1.2_PUBLIC/Ghidra/Extensions/XEXLoaderWV/lib/XEXLoaderWV.jar'. Already found at '/fastdata/lavaulta/auto-re-agent/.tools/ghidra_12.1.2_PUBLIC/Ghidra/patch/XEXLoaderWV-java21.jar'. (ClassSearcher)  
INFO  Class search complete (1676 ms) (ClassSearcher)  
INFO  Initializing SSL Context (DefaultSSLContextInitializer)  
INFO  Initializing Random Number Generator... (SecureRandomFactory)  
INFO  Random Number Generator initialization complete: NativePRNGNonBlocking (SecureRandomFactory)  
INFO  Trust manager disabled, cacerts have not been set (DefaultTrustManagerFactory)  
INFO  Headless startup complete (3310 ms) (AnalyzeHeadless)  
INFO  Class searcher loaded 59 extension points (20 false positives) (ClassSearcher)  
INFO  HEADLESS Script Paths:
    /fastdata/lavaulta/auto-re-agent/.tools/ghidra_12.1.2_PUBLIC/Ghidra/Features/MicrosoftCodeAnalyzer/ghidra_scripts
    /fastdata/lavaulta/auto-re-agent/.tools/ghidra_12.1.2_PUBLIC/Ghidra/Features/PDB/ghidra_scripts
    /fastdata/lavaulta/auto-re-agent/.tools/ghidra_12.1.2_PUBLIC/Ghidra/Processors/8051/ghidra_scripts
    /fastdata/lavaulta/auto-re-agent/.tools/ghidra_12.1.2_PUBLIC/Ghidra/Features/Base/ghidra_scripts
    /fastdata/lavaulta/auto-re-agent/workspaces/ace-combat-6/scripts
    /fastdata/lavaulta/auto-re-agent/.tools/ghidra_12.1.2_PUBLIC/Ghidra/Features/FileFormats/ghidra_scripts
    /fastdata/lavaulta/auto-re-agent/.tools/ghidra_12.1.2_PUBLIC/Ghidra/Features/GnuDemangler/ghidra_scripts
    /fastdata/lavaulta/auto-re-agent/.tools/ghidra_12.1.2_PUBLIC/Ghidra/Extensions/ghidra-emotionengine-reloaded/ghidra_scripts
    /fastdata/lavaulta/auto-re-agent/.tools/ghidra_12.1.2_PUBLIC/Ghidra/Features/Decompiler/ghidra_scripts
    /fastdata/lavaulta/auto-re-agent/.tools/ghidra_12.1.2_PUBLIC/Ghidra/Features/FunctionID/ghidra_scripts
    /fastdata/lavaulta/auto-re-agent/.tools/ghidra_12.1.2_PUBLIC/Ghidra/Features/DecompilerDependent/ghidra_scripts
    /fastdata/lavaulta/auto-re-agent/.tools/ghidra_12.1.2_PUBLIC/Ghidra/Processors/DATA/ghidra_scripts
    /fastdata/lavaulta/auto-re-agent/.tools/ghidra_12.1.2_PUBLIC/Ghidra/Debug/Debugger-rmi-trace/ghidra_scripts
    /fastdata/lavaulta/auto-re-agent/.tools/ghidra_12.1.2_PUBLIC/Ghidra/Features/SwiftDemangler/ghidra_scripts
    /fastdata/lavaulta/auto-re-agent/.tools/ghidra_12.1.2_PUBLIC/Ghidra/Debug/Debugger/ghidra_scripts
    /fastdata/lavaulta/auto-re-agent/.tools/ghidra_12.1.2_PUBLIC/Ghidra/Processors/PIC/ghidra_scripts
    /fastdata/lavaulta/auto-re-agent/.tools/ghidra_12.1.2_PUBLIC/Ghidra/Extensions/XEXLoaderWV/ghidra_scripts
    /fastdata/lavaulta/auto-re-agent/.tools/ghidra_12.1.2_PUBLIC/Ghidra/Features/WildcardAssembler/ghidra_scripts
    /fastdata/lavaulta/auto-re-agent/.tools/ghidra_12.1.2_PUBLIC/Ghidra/Features/PyGhidra/ghidra_scripts
    /fastdata/lavaulta/auto-re-agent/.tools/ghidra_12.1.2_PUBLIC/Ghidra/Features/BSim/ghidra_scripts
    /fastdata/lavaulta/auto-re-agent/.tools/ghidra_12.1.2_PUBLIC/Ghidra/Features/VersionTracking/ghidra_scripts
    /fastdata/lavaulta/auto-re-agent/.tools/ghidra_12.1.2_PUBLIC/Ghidra/Features/BytePatterns/ghidra_scripts
    /fastdata/lavaulta/auto-re-agent/.tools/ghidra_12.1.2_PUBLIC/Ghidra/Processors/Atmel/ghidra_scripts
    /fastdata/lavaulta/auto-re-agent/.tools/ghidra_12.1.2_PUBLIC/Ghidra/Features/SystemEmulation/ghidra_scripts
    /fastdata/lavaulta/auto-re-agent/.tools/ghidra_12.1.2_PUBLIC/Ghidra/Processors/JVM/ghidra_scripts (HeadlessAnalyzer)  
INFO  HEADLESS: execution starts (HeadlessAnalyzer)  
INFO  Opening existing project: /fastdata/lavaulta/auto-re-agent/workspaces/ace-combat-6/ghidra-projects/ace-combat-6-corrected (HeadlessAnalyzer)  
INFO  Opening project: /fastdata/lavaulta/auto-re-agent/workspaces/ace-combat-6/ghidra-projects/ace-combat-6-corrected (HeadlessProject)  
INFO  REPORT: Processing project file: /default.xex (HeadlessAnalyzer)  
INFO  REPORT: Execute script: DumpRange.java '0x821bca00' '0x821bcc20'  (HeadlessAnalyzer)  
INFO  SCRIPT: /fastdata/lavaulta/auto-re-agent/workspaces/ace-combat-6/scripts/DumpRange.java (HeadlessAnalyzer)  
INFO  DumpRange.java> 821bca00 blr (GhidraScript)  
INFO  DumpRange.java> 821bca04 <not-disassembled> (GhidraScript)  
INFO  DumpRange.java> 821bca08 mfspr r12,LR (GhidraScript)  
INFO  DumpRange.java> 821bca0c bl 0x823864f0 (GhidraScript)  
INFO  DumpRange.java> 821bca10 stwu r1,-0x90(r1) (GhidraScript)  
INFO  DumpRange.java> 821bca14 lis r10,-0x7dfa (GhidraScript)  
INFO  DumpRange.java> 821bca18 or r30,r3,r3 (GhidraScript)  
INFO  DumpRange.java> 821bca1c addi r10,r10,0x5ac4 (GhidraScript)  
INFO  DumpRange.java> 821bca20 lis r9,-0x7dfa (GhidraScript)  
INFO  DumpRange.java> 821bca24 lis r8,-0x7dfa (GhidraScript)  
INFO  DumpRange.java> 821bca28 li r31,0x0 (GhidraScript)  
INFO  DumpRange.java> 821bca2c li r27,0x1 (GhidraScript)  
INFO  DumpRange.java> 821bca30 stw r10,0x0(r30) (GhidraScript)  
INFO  DumpRange.java> 821bca34 addi r11,r30,0x60 (GhidraScript)  
INFO  DumpRange.java> 821bca38 addi r9,r9,0x79f4 (GhidraScript)  
INFO  DumpRange.java> 821bca3c addi r8,r8,0x766c (GhidraScript)  
INFO  DumpRange.java> 821bca40 li r10,-0x1 (GhidraScript)  
INFO  DumpRange.java> 821bca44 stw r31,0x8(r30) (GhidraScript)  
INFO  DumpRange.java> 821bca48 addis r3,r30,0x1 (GhidraScript)  
INFO  DumpRange.java> 821bca4c stw r27,0x4(r30) (GhidraScript)  
INFO  DumpRange.java> 821bca50 stw r31,0xc(r30) (GhidraScript)  
INFO  DumpRange.java> 821bca54 stw r31,0x18(r30) (GhidraScript)  
INFO  DumpRange.java> 821bca58 subi r3,r3,0x3c68 (GhidraScript)  
INFO  DumpRange.java> 821bca5c stb r31,0x20(r30) (GhidraScript)  
INFO  DumpRange.java> 821bca60 stb r31,0x21(r30) (GhidraScript)  
INFO  DumpRange.java> 821bca64 stw r9,0x0(r11) (GhidraScript)  
INFO  DumpRange.java> 821bca68 stw r31,0x8(r11) (GhidraScript)  
INFO  DumpRange.java> 821bca6c stb r31,0xd(r11) (GhidraScript)  
INFO  DumpRange.java> 821bca70 stb r31,0xe(r11) (GhidraScript)  
INFO  DumpRange.java> 821bca74 stb r31,0x11(r11) (GhidraScript)  
INFO  DumpRange.java> 821bca78 stw r31,0x24(r11) (GhidraScript)  
INFO  DumpRange.java> 821bca7c stw r31,0x134(r11) (GhidraScript)  
INFO  DumpRange.java> 821bca80 stw r31,0x138(r11) (GhidraScript)  
INFO  DumpRange.java> 821bca84 stw r8,0x1b8(r11) (GhidraScript)  
INFO  DumpRange.java> 821bca88 stw r10,0x220(r11) (GhidraScript)  
INFO  DumpRange.java> 821bca8c bl 0x821d6f40 (GhidraScript)  
INFO  DumpRange.java> 821bca90 lis r11,-0x7dfa (GhidraScript)  
INFO  DumpRange.java> 821bca94 addi r10,r11,0x79a0 (GhidraScript)  
INFO  DumpRange.java> 821bca98 addis r11,r30,0x1 (GhidraScript)  
INFO  DumpRange.java> 821bca9c addi r11,r11,0x7de0 (GhidraScript)  
INFO  DumpRange.java> 821bcaa0 addi r3,r11,0x190 (GhidraScript)  
INFO  DumpRange.java> 821bcaa4 stw r10,0x0(r11) (GhidraScript)  
INFO  DumpRange.java> 821bcaa8 bl 0x822f2c78 (GhidraScript)  
INFO  DumpRange.java> 821bcaac lis r11,-0x7dfa (GhidraScript)  
INFO  DumpRange.java> 821bcab0 addis r10,r30,0xe (GhidraScript)  
INFO  DumpRange.java> 821bcab4 addi r9,r11,0x7aa8 (GhidraScript)  
INFO  DumpRange.java> 821bcab8 lis r11,-0x7dfa (GhidraScript)  
INFO  DumpRange.java> 821bcabc addis r29,r30,0x16 (GhidraScript)  
INFO  DumpRange.java> 821bcac0 subi r10,r10,0x5700 (GhidraScript)  
INFO  DumpRange.java> 821bcac4 li r6,0x4 (GhidraScript)  
INFO  DumpRange.java> 821bcac8 li r5,-0x1 (GhidraScript)  
INFO  DumpRange.java> 821bcacc subi r29,r29,0x56c4 (GhidraScript)  
INFO  DumpRange.java> 821bcad0 addi r8,r11,0x5a24 (GhidraScript)  
INFO  DumpRange.java> 821bcad4 lis r11,-0x7dfa (GhidraScript)  
INFO  DumpRange.java> 821bcad8 stw r9,0x0(r10) (GhidraScript)  
INFO  DumpRange.java> 821bcadc stw r6,0xc(r10) (GhidraScript)  
INFO  DumpRange.java> 821bcae0 li r26,0x2 (GhidraScript)  
INFO  DumpRange.java> 821bcae4 stw r5,0x10(r10) (GhidraScript)  
INFO  DumpRange.java> 821bcae8 subi r7,r11,0x2234 (GhidraScript)  
INFO  DumpRange.java> 821bcaec lis r10,-0x7dfb (GhidraScript)  
INFO  DumpRange.java> 821bcaf0 stb r31,0x8(r29) (GhidraScript)  
INFO  DumpRange.java> 821bcaf4 stw r8,0x0(r29) (GhidraScript)  
INFO  DumpRange.java> 821bcaf8 addis r11,r30,0x16 (GhidraScript)  
INFO  DumpRange.java> 821bcafc lis r8,-0x7dfa (GhidraScript)  
INFO  DumpRange.java> 821bcb00 stb r31,0x9(r29) (GhidraScript)  
INFO  DumpRange.java> 821bcb04 subi r11,r11,0x56ac (GhidraScript)  
INFO  DumpRange.java> 821bcb08 stb r27,0xa(r29) (GhidraScript)  
INFO  DumpRange.java> 821bcb0c addi r9,r10,0x42bc (GhidraScript)  
INFO  DumpRange.java> 821bcb10 stw r31,0xc(r29) (GhidraScript)  
INFO  DumpRange.java> 821bcb14 subi r8,r8,0x5748 (GhidraScript)  
INFO  DumpRange.java> 821bcb18 stb r31,0x10(r29) (GhidraScript)  
INFO  DumpRange.java> 821bcb1c addis r10,r30,0x16 (GhidraScript)  
INFO  DumpRange.java> 821bcb20 stw r26,0x4(r29) (GhidraScript)  
INFO  DumpRange.java> 821bcb24 addis r3,r30,0x16 (GhidraScript)  
INFO  DumpRange.java> 821bcb28 stw r7,0x0(r11) (GhidraScript)  
INFO  DumpRange.java> 821bcb2c subi r10,r10,0x5588 (GhidraScript)  
INFO  DumpRange.java> 821bcb30 lfs f0,-0x4(r9) (GhidraScript)  
INFO  DumpRange.java> 821bcb34 subi r3,r3,0x5550 (GhidraScript)  
INFO  DumpRange.java> 821bcb38 lfs f13,0x0(r9) (GhidraScript)  
INFO  DumpRange.java> 821bcb3c stw r8,0x4(r11) (GhidraScript)  
INFO  DumpRange.java> 821bcb40 stfs f0,0xc(r11) (GhidraScript)  
INFO  DumpRange.java> 821bcb44 stw r31,0x8(r11) (GhidraScript)  
INFO  DumpRange.java> 821bcb48 stfs f0,0x10(r11) (GhidraScript)  
INFO  DumpRange.java> 821bcb4c stw r31,0x1c(r11) (GhidraScript)  
INFO  DumpRange.java> 821bcb50 stfs f13,0x14(r11) (GhidraScript)  
INFO  DumpRange.java> 821bcb54 stfs f13,0x18(r11) (GhidraScript)  
INFO  DumpRange.java> 821bcb58 stw r31,0x20(r11) (GhidraScript)  
INFO  DumpRange.java> 821bcb5c stw r31,0x24(r11) (GhidraScript)  
INFO  DumpRange.java> 821bcb60 stw r31,0x28(r11) (GhidraScript)  
INFO  DumpRange.java> 821bcb64 stw r31,0x2c(r11) (GhidraScript)  
INFO  DumpRange.java> 821bcb68 stb r31,0x30(r11) (GhidraScript)  
INFO  DumpRange.java> 821bcb6c stw r31,0x0(r10) (GhidraScript)  
INFO  DumpRange.java> 821bcb70 stw r31,0x4(r10) (GhidraScript)  
INFO  DumpRange.java> 821bcb74 sth r31,0x8(r10) (GhidraScript)  
INFO  DumpRange.java> 821bcb78 stb r27,0xa(r10) (GhidraScript)  
INFO  DumpRange.java> 821bcb7c stb r31,0xb(r10) (GhidraScript)  
INFO  DumpRange.java> 821bcb80 stw r31,0xc(r10) (GhidraScript)  
INFO  DumpRange.java> 821bcb84 stw r31,0x10(r10) (GhidraScript)  
INFO  DumpRange.java> 821bcb88 stw r31,0x14(r10) (GhidraScript)  
INFO  DumpRange.java> 821bcb8c stw r31,0x18(r10) (GhidraScript)  
INFO  DumpRange.java> 821bcb90 stw r31,0x1c(r10) (GhidraScript)  
INFO  DumpRange.java> 821bcb94 stw r31,0x20(r10) (GhidraScript)  
INFO  DumpRange.java> 821bcb98 bl 0x8228ec80 (GhidraScript)  
INFO  DumpRange.java> 821bcb9c addis r3,r30,0x16 (GhidraScript)  
INFO  DumpRange.java> 821bcba0 subi r3,r3,0x48f0 (GhidraScript)  
INFO  DumpRange.java> 821bcba4 bl 0x8228f7a0 (GhidraScript)  
INFO  DumpRange.java> 821bcba8 lis r11,-0x7d6e (GhidraScript)  
INFO  DumpRange.java> 821bcbac li r5,0x80 (GhidraScript)  
INFO  DumpRange.java> 821bcbb0 stw r26,0x4(r30) (GhidraScript)  
INFO  DumpRange.java> 821bcbb4 subi r3,r11,0x7528 (GhidraScript)  
INFO  DumpRange.java> 821bcbb8 lis r11,-0x7d6c (GhidraScript)  
INFO  DumpRange.java> 821bcbbc li r4,0x0 (GhidraScript)  
INFO  DumpRange.java> 821bcbc0 stw r30,-0x45f0(r11) (GhidraScript)  
INFO  DumpRange.java> 821bcbc4 bl 0x82386bd0 (GhidraScript)  
INFO  DumpRange.java> 821bcbc8 or r3,r30,r30 (GhidraScript)  
INFO  DumpRange.java> 821bcbcc bl 0x821be170 (GhidraScript)  
INFO  DumpRange.java> 821bcbd0 lis r11,-0x7dfa (GhidraScript)  
INFO  DumpRange.java> 821bcbd4 addi r4,r11,0x5a50 (GhidraScript)  
INFO  DumpRange.java> 821bcbd8 lis r11,-0x7d62 (GhidraScript)  
INFO  DumpRange.java> 821bcbdc addi r28,r11,0x6218 (GhidraScript)  
INFO  DumpRange.java> 821bcbe0 or r3,r28,r28 (GhidraScript)  
INFO  DumpRange.java> 821bcbe4 bl 0x821d60d8 (GhidraScript)  
INFO  DumpRange.java> 821bcbe8 or r10,r3,r3 (GhidraScript)  
INFO  DumpRange.java> 821bcbec lis r11,-0x7dfa (GhidraScript)  
INFO  DumpRange.java> 821bcbf0 or r3,r28,r28 (GhidraScript)  
INFO  DumpRange.java> 821bcbf4 addi r4,r11,0x5a68 (GhidraScript)  
INFO  DumpRange.java> 821bcbf8 stw r10,0x44(r30) (GhidraScript)  
INFO  DumpRange.java> 821bcbfc bl 0x821d60d8 (GhidraScript)  
INFO  DumpRange.java> 821bcc00 lis r11,-0x7dfa (GhidraScript)  
INFO  DumpRange.java> 821bcc04 stw r3,0x48(r30) (GhidraScript)  
INFO  DumpRange.java> 821bcc08 or r3,r28,r28 (GhidraScript)  
INFO  DumpRange.java> 821bcc0c addi r4,r11,0x5a7c (GhidraScript)  
INFO  DumpRange.java> 821bcc10 bl 0x821d60d8 (GhidraScript)  
INFO  DumpRange.java> 821bcc14 or r10,r3,r3 (GhidraScript)  
INFO  DumpRange.java> 821bcc18 lis r11,-0x7dfa (GhidraScript)  
INFO  DumpRange.java> 821bcc1c stw r31,0x50(r30) (GhidraScript)  
INFO  REPORT: Save succeeded for processed file: /default.xex (HeadlessAnalyzer)  
