openjdk version "21.0.11" 2026-04-21
OpenJDK Runtime Environment (build 21.0.11+10-1-26.04.2-Ubuntu)
OpenJDK 64-Bit Server VM (build 21.0.11+10-1-26.04.2-Ubuntu, mixed mode)
INFO  Using log config file: jar:file:/fastdata/lavaulta/auto-re-agent/.tools/ghidra_12.1.2_PUBLIC/Ghidra/Framework/Generic/lib/Generic.jar!/generic.log4j.xml (LoggingInitialization)  
INFO  Using log file: /home/lavaulta/.config/ghidra/ghidra_12.1.2_PUBLIC/application.log (LoggingInitialization)  
INFO  Loading user preferences: /home/lavaulta/.config/ghidra/ghidra_12.1.2_PUBLIC/preferences (Preferences)  
INFO  Searching for classes... (ClassSearcher)  
INFO  Ignoring class 'xexloaderwv.XEXLoaderWVLoader' from '/fastdata/lavaulta/auto-re-agent/.tools/ghidra_12.1.2_PUBLIC/Ghidra/Extensions/XEXLoaderWV/lib/XEXLoaderWV.jar'. Already found at '/fastdata/lavaulta/auto-re-agent/.tools/ghidra_12.1.2_PUBLIC/Ghidra/patch/XEXLoaderWV-java21.jar'. (ClassSearcher)  
INFO  Class search complete (1518 ms) (ClassSearcher)  
INFO  Initializing SSL Context (DefaultSSLContextInitializer)  
INFO  Initializing Random Number Generator... (SecureRandomFactory)  
INFO  Random Number Generator initialization complete: NativePRNGNonBlocking (SecureRandomFactory)  
INFO  Trust manager disabled, cacerts have not been set (DefaultTrustManagerFactory)  
INFO  Headless startup complete (3143 ms) (AnalyzeHeadless)  
INFO  Class searcher loaded 59 extension points (20 false positives) (ClassSearcher)  
INFO  HEADLESS Script Paths:
    /fastdata/lavaulta/auto-re-agent/.tools/ghidra_12.1.2_PUBLIC/Ghidra/Features/MicrosoftCodeAnalyzer/ghidra_scripts
    /fastdata/lavaulta/auto-re-agent/.tools/ghidra_12.1.2_PUBLIC/Ghidra/Features/PDB/ghidra_scripts
    /fastdata/lavaulta/auto-re-agent/.tools/ghidra_12.1.2_PUBLIC/Ghidra/Processors/8051/ghidra_scripts
    /fastdata/lavaulta/auto-re-agent/.tools/ghidra_12.1.2_PUBLIC/Ghidra/Features/Base/ghidra_scripts
    /fastdata/lavaulta/auto-re-agent/workspaces/ace-combat-6/scripts
    /fastdata/lavaulta/auto-re-agent/.tools/ghidra_12.1.2_PUBLIC/Ghidra/Features/FileFormats/ghidra_scripts
    /fastdata/lavaulta/auto-re-agent/.tools/ghidra_12.1.2_PUBLIC/Ghidra/Features/GnuDemangler/ghidra_scripts
    /fastdata/lavaulta/auto-re-agent/.tools/ghidra_12.1.2_PUBLIC/Ghidra/Extensions/ghidra-emotionengine-reloaded/ghidra_scripts
    /fastdata/lavaulta/auto-re-agent/.tools/ghidra_12.1.2_PUBLIC/Ghidra/Features/Decompiler/ghidra_scripts
    /fastdata/lavaulta/auto-re-agent/.tools/ghidra_12.1.2_PUBLIC/Ghidra/Features/FunctionID/ghidra_scripts
    /fastdata/lavaulta/auto-re-agent/.tools/ghidra_12.1.2_PUBLIC/Ghidra/Features/DecompilerDependent/ghidra_scripts
    /fastdata/lavaulta/auto-re-agent/.tools/ghidra_12.1.2_PUBLIC/Ghidra/Processors/DATA/ghidra_scripts
    /fastdata/lavaulta/auto-re-agent/.tools/ghidra_12.1.2_PUBLIC/Ghidra/Debug/Debugger-rmi-trace/ghidra_scripts
    /fastdata/lavaulta/auto-re-agent/.tools/ghidra_12.1.2_PUBLIC/Ghidra/Features/SwiftDemangler/ghidra_scripts
    /fastdata/lavaulta/auto-re-agent/.tools/ghidra_12.1.2_PUBLIC/Ghidra/Debug/Debugger/ghidra_scripts
    /fastdata/lavaulta/auto-re-agent/.tools/ghidra_12.1.2_PUBLIC/Ghidra/Processors/PIC/ghidra_scripts
    /fastdata/lavaulta/auto-re-agent/.tools/ghidra_12.1.2_PUBLIC/Ghidra/Extensions/XEXLoaderWV/ghidra_scripts
    /fastdata/lavaulta/auto-re-agent/.tools/ghidra_12.1.2_PUBLIC/Ghidra/Features/WildcardAssembler/ghidra_scripts
    /fastdata/lavaulta/auto-re-agent/.tools/ghidra_12.1.2_PUBLIC/Ghidra/Features/PyGhidra/ghidra_scripts
    /fastdata/lavaulta/auto-re-agent/.tools/ghidra_12.1.2_PUBLIC/Ghidra/Features/BSim/ghidra_scripts
    /fastdata/lavaulta/auto-re-agent/.tools/ghidra_12.1.2_PUBLIC/Ghidra/Features/VersionTracking/ghidra_scripts
    /fastdata/lavaulta/auto-re-agent/.tools/ghidra_12.1.2_PUBLIC/Ghidra/Features/BytePatterns/ghidra_scripts
    /fastdata/lavaulta/auto-re-agent/.tools/ghidra_12.1.2_PUBLIC/Ghidra/Processors/Atmel/ghidra_scripts
    /fastdata/lavaulta/auto-re-agent/.tools/ghidra_12.1.2_PUBLIC/Ghidra/Features/SystemEmulation/ghidra_scripts
    /fastdata/lavaulta/auto-re-agent/.tools/ghidra_12.1.2_PUBLIC/Ghidra/Processors/JVM/ghidra_scripts (HeadlessAnalyzer)  
INFO  HEADLESS: execution starts (HeadlessAnalyzer)  
INFO  Opening existing project: /fastdata/lavaulta/auto-re-agent/workspaces/ace-combat-6/ghidra-projects/ace-combat-6-corrected (HeadlessAnalyzer)  
INFO  Opening project: /fastdata/lavaulta/auto-re-agent/workspaces/ace-combat-6/ghidra-projects/ace-combat-6-corrected (HeadlessProject)  
INFO  REPORT: Processing project file: /default.xex (HeadlessAnalyzer)  
INFO  REPORT: Execute script: FindGlobalFieldWrites.java '0x8293ba10' '0x8'  (HeadlessAnalyzer)  
INFO  SCRIPT: /fastdata/lavaulta/auto-re-agent/workspaces/ace-combat-6/scripts/FindGlobalFieldWrites.java (HeadlessAnalyzer)  
INFO  FindGlobalFieldWrites.java> 821b5180 stw r12,-0x8(r1) (GhidraScript)  
INFO  FindGlobalFieldWrites.java> 821b5180 stw r10,0x8(r5) (GhidraScript)  
INFO  FindGlobalFieldWrites.java> 82197b00 stw r11,0x48(r30) (GhidraScript)  
INFO  FindGlobalFieldWrites.java> 8218a500 stw r12,-0x8(r1) (GhidraScript)  
INFO  FindGlobalFieldWrites.java> 821a9488 stw r12,-0x8(r1) (GhidraScript)  
INFO  FindGlobalFieldWrites.java> 821a9488 stw r11,0x4e58(r10) (GhidraScript)  
INFO  FindGlobalFieldWrites.java> 82199d08 stw r11,0x48(r30) (GhidraScript)  
INFO  FindGlobalFieldWrites.java> 82199d08 stw r10,0x18(r11) (GhidraScript)  
INFO  FindGlobalFieldWrites.java> 8219b208 stw r12,-0x8(r1) (GhidraScript)  
INFO  FindGlobalFieldWrites.java> 8219b208 stw r11,0x48(r31) (GhidraScript)  
INFO  FindGlobalFieldWrites.java> 8219b208 stw r10,0x18(r11) (GhidraScript)  
INFO  FindGlobalFieldWrites.java> 8218fc88 stw r11,0x4e58(r10) (GhidraScript)  
INFO  FindGlobalFieldWrites.java> 82149918 stw r29,0x1398(r30) (GhidraScript)  
INFO  FindGlobalFieldWrites.java> 82190c90 stw r12,-0x8(r1) (GhidraScript)  
INFO  FindGlobalFieldWrites.java> 821b5398 stw r30,0x8(r11) (GhidraScript)  
INFO  FindGlobalFieldWrites.java> 82190b98 stw r12,-0x8(r1) (GhidraScript)  
INFO  FindGlobalFieldWrites.java> 82190b98 stw r11,0x48(r31) (GhidraScript)  
INFO  FindGlobalFieldWrites.java> 82192e98 stw r12,-0x8(r1) (GhidraScript)  
INFO  FindGlobalFieldWrites.java> 82199398 stw r12,-0x8(r1) (GhidraScript)  
INFO  FindGlobalFieldWrites.java> 821b8ca0 stw r11,0x48(r31) (GhidraScript)  
INFO  FindGlobalFieldWrites.java> 821b8ca0 stw r10,0x18(r11) (GhidraScript)  
INFO  FindGlobalFieldWrites.java> 821b4620 stw r11,0xc8(r7) (GhidraScript)  
INFO  FindGlobalFieldWrites.java> 821b4620 stw r30,0x968(r11) (GhidraScript)  
INFO  FindGlobalFieldWrites.java> 821b2ba0 stw r12,-0x8(r1) (GhidraScript)  
INFO  FindGlobalFieldWrites.java> 821b32a0 stw r12,-0x8(r1) (GhidraScript)  
INFO  FindGlobalFieldWrites.java> 821903a0 stw r11,0x4e58(r10) (GhidraScript)  
INFO  FindGlobalFieldWrites.java> 8219b5a0 stw r12,-0x8(r1) (GhidraScript)  
INFO  FindGlobalFieldWrites.java> 82137220 stw r11,0x188(r28) (GhidraScript)  
INFO  FindGlobalFieldWrites.java> 821b7aa8 stw r12,-0x8(r1) (GhidraScript)  
INFO  FindGlobalFieldWrites.java> 821a9ba8 stw r12,-0x8(r1) (GhidraScript)  
INFO  FindGlobalFieldWrites.java> 821bba30 stw r12,-0x8(r1) (GhidraScript)  
INFO  FindGlobalFieldWrites.java> 821b90b0 stw r10,0x18(r11) (GhidraScript)  
INFO  FindGlobalFieldWrites.java> 821be830 stw r31,0x18(r3) (GhidraScript)  
INFO  FindGlobalFieldWrites.java> 821b5330 stw r10,0xc8(r8) (GhidraScript)  
INFO  FindGlobalFieldWrites.java> 821b5330 stw r7,0x8(r11) (GhidraScript)  
INFO  FindGlobalFieldWrites.java> 821ac4b0 stw r12,-0x8(r1) (GhidraScript)  
INFO  FindGlobalFieldWrites.java> 821a8230 stw r12,-0x8(r1) (GhidraScript)  
INFO  FindGlobalFieldWrites.java> 821a8db0 stw r12,-0x8(r1) (GhidraScript)  
INFO  FindGlobalFieldWrites.java> 82167b30 stw r12,-0x8(r1) (GhidraScript)  
INFO  FindGlobalFieldWrites.java> 821b3438 stw r12,-0x8(r1) (GhidraScript)  
INFO  FindGlobalFieldWrites.java> 82194a38 stw r12,-0x8(r1) (GhidraScript)  
INFO  FindGlobalFieldWrites.java> 821b1740 stw r12,-0x8(r1) (GhidraScript)  
INFO  FindGlobalFieldWrites.java> 821b1740 stw r10,0x78(r11) (GhidraScript)  
INFO  FindGlobalFieldWrites.java> 821b1740 stw r11,0x8(r3) (GhidraScript)  
INFO  FindGlobalFieldWrites.java> 821b32c8 stw r11,0x48(r30) (GhidraScript)  
INFO  FindGlobalFieldWrites.java> 821b32c8 stw r10,0x18(r11) (GhidraScript)  
INFO  FindGlobalFieldWrites.java> 821b1e48 stw r29,0x78(r11) (GhidraScript)  
INFO  FindGlobalFieldWrites.java> 821b1648 stw r12,-0x8(r1) (GhidraScript)  
INFO  FindGlobalFieldWrites.java> 821a9648 stw r12,-0x8(r1) (GhidraScript)  
INFO  FindGlobalFieldWrites.java> 821992c8 stw r12,-0x8(r1) (GhidraScript)  
INFO  FindGlobalFieldWrites.java> 821b3ad0 stw r12,-0x8(r1) (GhidraScript)  
INFO  FindGlobalFieldWrites.java> 821b3ad0 stw r11,0x48(r31) (GhidraScript)  
INFO  FindGlobalFieldWrites.java> 821b3ad0 stw r10,0x18(r11) (GhidraScript)  
INFO  FindGlobalFieldWrites.java> 821aa750 stw r30,0x288(r31) (GhidraScript)  
INFO  FindGlobalFieldWrites.java> 821add50 stw r12,-0x8(r1) (GhidraScript)  
INFO  FindGlobalFieldWrites.java> 82198050 stw r10,0x18(r11) (GhidraScript)  
INFO  FindGlobalFieldWrites.java> 82099d40 stw r12,-0x8(r1) (GhidraScript)  
INFO  FindGlobalFieldWrites.java> 821936d0 stw r12,-0x8(r1) (GhidraScript)  
INFO  FindGlobalFieldWrites.java> 8219b650 stw r12,-0x8(r1) (GhidraScript)  
INFO  FindGlobalFieldWrites.java> 8219b650 stw r11,0x48(r31) (GhidraScript)  
INFO  FindGlobalFieldWrites.java> 8219b650 stw r10,0x18(r11) (GhidraScript)  
INFO  FindGlobalFieldWrites.java> 821cf158 stw r12,-0x8(r1) (GhidraScript)  
INFO  FindGlobalFieldWrites.java> 821ac7d8 stw r12,-0x8(r1) (GhidraScript)  
INFO  FindGlobalFieldWrites.java> 821a93e0 stw r12,-0x8(r1) (GhidraScript)  
INFO  FindGlobalFieldWrites.java> 8218abe0 stw r12,-0x8(r1) (GhidraScript)  
INFO  FindGlobalFieldWrites.java> 821ac368 stw r29,0x8(r3) (GhidraScript)  
INFO  FindGlobalFieldWrites.java> 821a8868 stw r12,-0x8(r1) (GhidraScript)  
INFO  FindGlobalFieldWrites.java> 82199268 stw r12,-0x8(r1) (GhidraScript)  
INFO  FindGlobalFieldWrites.java> 821bcb78 stw r31,0x18(r10) (GhidraScript)  
INFO  FindGlobalFieldWrites.java> 821b2278 stw r12,-0x8(r1) (GhidraScript)  
INFO  REPORT: Save succeeded for processed file: /default.xex (HeadlessAnalyzer)  
