openjdk version "21.0.11" 2026-04-21
OpenJDK Runtime Environment (build 21.0.11+10-1-26.04.2-Ubuntu)
OpenJDK 64-Bit Server VM (build 21.0.11+10-1-26.04.2-Ubuntu, mixed mode)
INFO  Using log config file: jar:file:/fastdata/lavaulta/auto-re-agent/.tools/ghidra_12.1.2_PUBLIC/Ghidra/Framework/Generic/lib/Generic.jar!/generic.log4j.xml (LoggingInitialization)  
INFO  Using log file: /home/lavaulta/.config/ghidra/ghidra_12.1.2_PUBLIC/application.log (LoggingInitialization)  
INFO  Loading user preferences: /home/lavaulta/.config/ghidra/ghidra_12.1.2_PUBLIC/preferences (Preferences)  
INFO  Searching for classes... (ClassSearcher)  
INFO  Ignoring class 'xexloaderwv.XEXLoaderWVLoader' from '/fastdata/lavaulta/auto-re-agent/.tools/ghidra_12.1.2_PUBLIC/Ghidra/Extensions/XEXLoaderWV/lib/XEXLoaderWV.jar'. Already found at '/fastdata/lavaulta/auto-re-agent/.tools/ghidra_12.1.2_PUBLIC/Ghidra/patch/XEXLoaderWV-java21.jar'. (ClassSearcher)  
INFO  Class search complete (1502 ms) (ClassSearcher)  
INFO  Initializing SSL Context (DefaultSSLContextInitializer)  
INFO  Initializing Random Number Generator... (SecureRandomFactory)  
INFO  Random Number Generator initialization complete: NativePRNGNonBlocking (SecureRandomFactory)  
INFO  Trust manager disabled, cacerts have not been set (DefaultTrustManagerFactory)  
INFO  Headless startup complete (3041 ms) (AnalyzeHeadless)  
INFO  Class searcher loaded 59 extension points (20 false positives) (ClassSearcher)  
INFO  HEADLESS Script Paths:
    /fastdata/lavaulta/auto-re-agent/.tools/ghidra_12.1.2_PUBLIC/Ghidra/Features/MicrosoftCodeAnalyzer/ghidra_scripts
    /fastdata/lavaulta/auto-re-agent/.tools/ghidra_12.1.2_PUBLIC/Ghidra/Features/PDB/ghidra_scripts
    /fastdata/lavaulta/auto-re-agent/.tools/ghidra_12.1.2_PUBLIC/Ghidra/Processors/8051/ghidra_scripts
    /fastdata/lavaulta/auto-re-agent/.tools/ghidra_12.1.2_PUBLIC/Ghidra/Features/Base/ghidra_scripts
    /fastdata/lavaulta/auto-re-agent/workspaces/ace-combat-6/scripts
    /fastdata/lavaulta/auto-re-agent/.tools/ghidra_12.1.2_PUBLIC/Ghidra/Features/FileFormats/ghidra_scripts
    /fastdata/lavaulta/auto-re-agent/.tools/ghidra_12.1.2_PUBLIC/Ghidra/Features/GnuDemangler/ghidra_scripts
    /fastdata/lavaulta/auto-re-agent/.tools/ghidra_12.1.2_PUBLIC/Ghidra/Extensions/ghidra-emotionengine-reloaded/ghidra_scripts
    /fastdata/lavaulta/auto-re-agent/.tools/ghidra_12.1.2_PUBLIC/Ghidra/Features/Decompiler/ghidra_scripts
    /fastdata/lavaulta/auto-re-agent/.tools/ghidra_12.1.2_PUBLIC/Ghidra/Features/FunctionID/ghidra_scripts
    /fastdata/lavaulta/auto-re-agent/.tools/ghidra_12.1.2_PUBLIC/Ghidra/Features/DecompilerDependent/ghidra_scripts
    /fastdata/lavaulta/auto-re-agent/.tools/ghidra_12.1.2_PUBLIC/Ghidra/Processors/DATA/ghidra_scripts
    /fastdata/lavaulta/auto-re-agent/.tools/ghidra_12.1.2_PUBLIC/Ghidra/Debug/Debugger-rmi-trace/ghidra_scripts
    /fastdata/lavaulta/auto-re-agent/.tools/ghidra_12.1.2_PUBLIC/Ghidra/Features/SwiftDemangler/ghidra_scripts
    /fastdata/lavaulta/auto-re-agent/.tools/ghidra_12.1.2_PUBLIC/Ghidra/Debug/Debugger/ghidra_scripts
    /fastdata/lavaulta/auto-re-agent/.tools/ghidra_12.1.2_PUBLIC/Ghidra/Processors/PIC/ghidra_scripts
    /fastdata/lavaulta/auto-re-agent/.tools/ghidra_12.1.2_PUBLIC/Ghidra/Extensions/XEXLoaderWV/ghidra_scripts
    /fastdata/lavaulta/auto-re-agent/.tools/ghidra_12.1.2_PUBLIC/Ghidra/Features/WildcardAssembler/ghidra_scripts
    /fastdata/lavaulta/auto-re-agent/.tools/ghidra_12.1.2_PUBLIC/Ghidra/Features/PyGhidra/ghidra_scripts
    /fastdata/lavaulta/auto-re-agent/.tools/ghidra_12.1.2_PUBLIC/Ghidra/Features/BSim/ghidra_scripts
    /fastdata/lavaulta/auto-re-agent/.tools/ghidra_12.1.2_PUBLIC/Ghidra/Features/VersionTracking/ghidra_scripts
    /fastdata/lavaulta/auto-re-agent/.tools/ghidra_12.1.2_PUBLIC/Ghidra/Features/BytePatterns/ghidra_scripts
    /fastdata/lavaulta/auto-re-agent/.tools/ghidra_12.1.2_PUBLIC/Ghidra/Processors/Atmel/ghidra_scripts
    /fastdata/lavaulta/auto-re-agent/.tools/ghidra_12.1.2_PUBLIC/Ghidra/Features/SystemEmulation/ghidra_scripts
    /fastdata/lavaulta/auto-re-agent/.tools/ghidra_12.1.2_PUBLIC/Ghidra/Processors/JVM/ghidra_scripts (HeadlessAnalyzer)  
INFO  HEADLESS: execution starts (HeadlessAnalyzer)  
INFO  Opening existing project: /fastdata/lavaulta/auto-re-agent/workspaces/ace-combat-6/ghidra-projects/ace-combat-6-corrected (HeadlessAnalyzer)  
INFO  Opening project: /fastdata/lavaulta/auto-re-agent/workspaces/ace-combat-6/ghidra-projects/ace-combat-6-corrected (HeadlessProject)  
INFO  REPORT: Processing project file: /default.xex (HeadlessAnalyzer)  
INFO  REPORT: Execute script: DumpRange.java '0x821b50c0' '0x821b5230'  (HeadlessAnalyzer)  
INFO  SCRIPT: /fastdata/lavaulta/auto-re-agent/workspaces/ace-combat-6/scripts/DumpRange.java (HeadlessAnalyzer)  
INFO  DumpRange.java> 821b50c0 lwz r11,0x2c(r10) (GhidraScript)  
INFO  DumpRange.java> 821b50c4 mtspr CTR,r11 (GhidraScript)  
INFO  DumpRange.java> 821b50c8 bctrl (GhidraScript)  
INFO  DumpRange.java> 821b50cc addis r31,r31,0x2 (GhidraScript)  
INFO  DumpRange.java> 821b50d0 li r6,0x1 (GhidraScript)  
INFO  DumpRange.java> 821b50d4 addi r31,r31,0x910 (GhidraScript)  
INFO  DumpRange.java> 821b50d8 li r5,0x0 (GhidraScript)  
INFO  DumpRange.java> 821b50dc or r4,r30,r30 (GhidraScript)  
INFO  DumpRange.java> 821b50e0 or r3,r31,r31 (GhidraScript)  
INFO  DumpRange.java> 821b50e4 bl 0x821c2e50 (GhidraScript)  
INFO  DumpRange.java> 821b50e8 li r11,0x0 (GhidraScript)  
INFO  DumpRange.java> 821b50ec stw r11,0x8(r31) (GhidraScript)  
INFO  DumpRange.java> 821b50f0 addi r1,r1,0x70 (GhidraScript)  
INFO  DumpRange.java> 821b50f4 lwz r12,-0x8(r1) (GhidraScript)  
INFO  DumpRange.java> 821b50f8 mtspr LR,r12 (GhidraScript)  
INFO  DumpRange.java> 821b50fc ld r30,-0x18(r1) (GhidraScript)  
INFO  DumpRange.java> 821b5100 ld r31,-0x10(r1) (GhidraScript)  
INFO  DumpRange.java> 821b5104 blr (GhidraScript)  
INFO  DumpRange.java> 821b5108 mfspr r12,LR (GhidraScript)  
INFO  DumpRange.java> 821b510c stw r12,-0x8(r1) (GhidraScript)  
INFO  DumpRange.java> 821b5110 std r31,-0x10(r1) (GhidraScript)  
INFO  DumpRange.java> 821b5114 stwu r1,-0x60(r1) (GhidraScript)  
INFO  DumpRange.java> 821b5118 or r31,r3,r3 (GhidraScript)  
INFO  DumpRange.java> 821b511c lis r11,-0x7dfa (GhidraScript)  
INFO  DumpRange.java> 821b5120 addi r3,r31,0x1c (GhidraScript)  
INFO  DumpRange.java> 821b5124 addi r4,r11,0x7464 (GhidraScript)  
INFO  DumpRange.java> 821b5128 li r7,0x0 (GhidraScript)  
INFO  DumpRange.java> 821b512c lwz r10,0x1c(r31) (GhidraScript)  
INFO  DumpRange.java> 821b5130 li r6,0x0 (GhidraScript)  
INFO  DumpRange.java> 821b5134 li r5,0x0 (GhidraScript)  
INFO  DumpRange.java> 821b5138 lwz r11,0x2c(r10) (GhidraScript)  
INFO  DumpRange.java> 821b513c mtspr CTR,r11 (GhidraScript)  
INFO  DumpRange.java> 821b5140 bctrl (GhidraScript)  
INFO  DumpRange.java> 821b5144 addis r31,r31,0x2 (GhidraScript)  
INFO  DumpRange.java> 821b5148 li r6,0x1 (GhidraScript)  
INFO  DumpRange.java> 821b514c addi r31,r31,0x910 (GhidraScript)  
INFO  DumpRange.java> 821b5150 li r5,0x3 (GhidraScript)  
INFO  DumpRange.java> 821b5154 li r4,0x1c (GhidraScript)  
INFO  DumpRange.java> 821b5158 or r3,r31,r31 (GhidraScript)  
INFO  DumpRange.java> 821b515c bl 0x821c2e50 (GhidraScript)  
INFO  DumpRange.java> 821b5160 li r11,0x3 (GhidraScript)  
INFO  DumpRange.java> 821b5164 stw r11,0x8(r31) (GhidraScript)  
INFO  DumpRange.java> 821b5168 addi r1,r1,0x60 (GhidraScript)  
INFO  DumpRange.java> 821b516c lwz r12,-0x8(r1) (GhidraScript)  
INFO  DumpRange.java> 821b5170 mtspr LR,r12 (GhidraScript)  
INFO  DumpRange.java> 821b5174 ld r31,-0x10(r1) (GhidraScript)  
INFO  DumpRange.java> 821b5178 blr (GhidraScript)  
INFO  DumpRange.java> 821b517c <not-disassembled> (GhidraScript)  
INFO  DumpRange.java> 821b5180 mfspr r12,LR (GhidraScript)  
INFO  DumpRange.java> 821b5184 stw r12,-0x8(r1) (GhidraScript)  
INFO  DumpRange.java> 821b5188 std r31,-0x10(r1) (GhidraScript)  
INFO  DumpRange.java> 821b518c stwu r1,-0x60(r1) (GhidraScript)  
INFO  DumpRange.java> 821b5190 or r31,r3,r3 (GhidraScript)  
INFO  DumpRange.java> 821b5194 lis r11,-0x7dfa (GhidraScript)  
INFO  DumpRange.java> 821b5198 addi r3,r31,0x1c (GhidraScript)  
INFO  DumpRange.java> 821b519c addi r4,r11,0x744c (GhidraScript)  
INFO  DumpRange.java> 821b51a0 li r7,0x0 (GhidraScript)  
INFO  DumpRange.java> 821b51a4 lwz r10,0x1c(r31) (GhidraScript)  
INFO  DumpRange.java> 821b51a8 li r6,0x0 (GhidraScript)  
INFO  DumpRange.java> 821b51ac li r5,0x0 (GhidraScript)  
INFO  DumpRange.java> 821b51b0 lwz r11,0x2c(r10) (GhidraScript)  
INFO  DumpRange.java> 821b51b4 mtspr CTR,r11 (GhidraScript)  
INFO  DumpRange.java> 821b51b8 bctrl (GhidraScript)  
INFO  DumpRange.java> 821b51bc lis r11,-0x7d6c (GhidraScript)  
INFO  DumpRange.java> 821b51c0 addis r5,r31,0x2 (GhidraScript)  
INFO  DumpRange.java> 821b51c4 addi r5,r5,0x910 (GhidraScript)  
INFO  DumpRange.java> 821b51c8 lwz r11,-0x45f0(r11) (GhidraScript)  
INFO  DumpRange.java> 821b51cc addis r3,r11,0x16 (GhidraScript)  
INFO  DumpRange.java> 821b51d0 lwz r4,0x0(r5) (GhidraScript)  
INFO  DumpRange.java> 821b51d4 subi r3,r3,0x56ac (GhidraScript)  
INFO  DumpRange.java> 821b51d8 bl 0x821570c8 (GhidraScript)  
INFO  DumpRange.java> 821b51dc li r11,0x0 (GhidraScript)  
INFO  DumpRange.java> 821b51e0 li r10,-0x1 (GhidraScript)  
INFO  DumpRange.java> 821b51e4 stw r11,0x0(r5) (GhidraScript)  
INFO  DumpRange.java> 821b51e8 stw r10,0x8(r5) (GhidraScript)  
INFO  DumpRange.java> 821b51ec addi r1,r1,0x60 (GhidraScript)  
INFO  DumpRange.java> 821b51f0 lwz r12,-0x8(r1) (GhidraScript)  
INFO  DumpRange.java> 821b51f4 mtspr LR,r12 (GhidraScript)  
INFO  DumpRange.java> 821b51f8 ld r31,-0x10(r1) (GhidraScript)  
INFO  DumpRange.java> 821b51fc blr (GhidraScript)  
INFO  DumpRange.java> 821b5200 mfspr r12,LR (GhidraScript)  
INFO  DumpRange.java> 821b5204 stw r12,-0x8(r1) (GhidraScript)  
INFO  DumpRange.java> 821b5208 std r31,-0x10(r1) (GhidraScript)  
INFO  DumpRange.java> 821b520c stwu r1,-0x60(r1) (GhidraScript)  
INFO  DumpRange.java> 821b5210 or r31,r3,r3 (GhidraScript)  
INFO  DumpRange.java> 821b5214 bl 0x82190738 (GhidraScript)  
INFO  DumpRange.java> 821b5218 lis r11,-0x7dfa (GhidraScript)  
INFO  DumpRange.java> 821b521c lis r10,-0x7dfa (GhidraScript)  
INFO  DumpRange.java> 821b5220 lis r9,-0x7dfa (GhidraScript)  
INFO  DumpRange.java> 821b5224 subi r11,r11,0x5e34 (GhidraScript)  
INFO  DumpRange.java> 821b5228 addi r10,r10,0x5324 (GhidraScript)  
INFO  DumpRange.java> 821b522c addi r9,r9,0x5374 (GhidraScript)  
INFO  REPORT: Save succeeded for processed file: /default.xex (HeadlessAnalyzer)  
