openjdk version "21.0.11" 2026-04-21
OpenJDK Runtime Environment (build 21.0.11+10-1-26.04.2-Ubuntu)
OpenJDK 64-Bit Server VM (build 21.0.11+10-1-26.04.2-Ubuntu, mixed mode)
INFO  Using log config file: jar:file:/fastdata/lavaulta/auto-re-agent/.tools/ghidra_12.1.2_PUBLIC/Ghidra/Framework/Generic/lib/Generic.jar!/generic.log4j.xml (LoggingInitialization)  
INFO  Using log file: /home/lavaulta/.config/ghidra/ghidra_12.1.2_PUBLIC/application.log (LoggingInitialization)  
INFO  Loading user preferences: /home/lavaulta/.config/ghidra/ghidra_12.1.2_PUBLIC/preferences (Preferences)  
INFO  Searching for classes... (ClassSearcher)  
INFO  Ignoring class 'xexloaderwv.XEXLoaderWVLoader' from '/fastdata/lavaulta/auto-re-agent/.tools/ghidra_12.1.2_PUBLIC/Ghidra/Extensions/XEXLoaderWV/lib/XEXLoaderWV.jar'. Already found at '/fastdata/lavaulta/auto-re-agent/.tools/ghidra_12.1.2_PUBLIC/Ghidra/patch/XEXLoaderWV-java21.jar'. (ClassSearcher)  
INFO  Class search complete (1498 ms) (ClassSearcher)  
INFO  Initializing SSL Context (DefaultSSLContextInitializer)  
INFO  Initializing Random Number Generator... (SecureRandomFactory)  
INFO  Random Number Generator initialization complete: NativePRNGNonBlocking (SecureRandomFactory)  
INFO  Trust manager disabled, cacerts have not been set (DefaultTrustManagerFactory)  
INFO  Headless startup complete (3114 ms) (AnalyzeHeadless)  
INFO  Class searcher loaded 59 extension points (20 false positives) (ClassSearcher)  
INFO  HEADLESS Script Paths:
    /fastdata/lavaulta/auto-re-agent/.tools/ghidra_12.1.2_PUBLIC/Ghidra/Features/MicrosoftCodeAnalyzer/ghidra_scripts
    /fastdata/lavaulta/auto-re-agent/.tools/ghidra_12.1.2_PUBLIC/Ghidra/Features/PDB/ghidra_scripts
    /fastdata/lavaulta/auto-re-agent/.tools/ghidra_12.1.2_PUBLIC/Ghidra/Processors/8051/ghidra_scripts
    /fastdata/lavaulta/auto-re-agent/.tools/ghidra_12.1.2_PUBLIC/Ghidra/Features/Base/ghidra_scripts
    /fastdata/lavaulta/auto-re-agent/workspaces/ace-combat-6/scripts
    /fastdata/lavaulta/auto-re-agent/.tools/ghidra_12.1.2_PUBLIC/Ghidra/Features/FileFormats/ghidra_scripts
    /fastdata/lavaulta/auto-re-agent/.tools/ghidra_12.1.2_PUBLIC/Ghidra/Features/GnuDemangler/ghidra_scripts
    /fastdata/lavaulta/auto-re-agent/.tools/ghidra_12.1.2_PUBLIC/Ghidra/Extensions/ghidra-emotionengine-reloaded/ghidra_scripts
    /fastdata/lavaulta/auto-re-agent/.tools/ghidra_12.1.2_PUBLIC/Ghidra/Features/Decompiler/ghidra_scripts
    /fastdata/lavaulta/auto-re-agent/.tools/ghidra_12.1.2_PUBLIC/Ghidra/Features/FunctionID/ghidra_scripts
    /fastdata/lavaulta/auto-re-agent/.tools/ghidra_12.1.2_PUBLIC/Ghidra/Features/DecompilerDependent/ghidra_scripts
    /fastdata/lavaulta/auto-re-agent/.tools/ghidra_12.1.2_PUBLIC/Ghidra/Processors/DATA/ghidra_scripts
    /fastdata/lavaulta/auto-re-agent/.tools/ghidra_12.1.2_PUBLIC/Ghidra/Debug/Debugger-rmi-trace/ghidra_scripts
    /fastdata/lavaulta/auto-re-agent/.tools/ghidra_12.1.2_PUBLIC/Ghidra/Features/SwiftDemangler/ghidra_scripts
    /fastdata/lavaulta/auto-re-agent/.tools/ghidra_12.1.2_PUBLIC/Ghidra/Debug/Debugger/ghidra_scripts
    /fastdata/lavaulta/auto-re-agent/.tools/ghidra_12.1.2_PUBLIC/Ghidra/Processors/PIC/ghidra_scripts
    /fastdata/lavaulta/auto-re-agent/.tools/ghidra_12.1.2_PUBLIC/Ghidra/Extensions/XEXLoaderWV/ghidra_scripts
    /fastdata/lavaulta/auto-re-agent/.tools/ghidra_12.1.2_PUBLIC/Ghidra/Features/WildcardAssembler/ghidra_scripts
    /fastdata/lavaulta/auto-re-agent/.tools/ghidra_12.1.2_PUBLIC/Ghidra/Features/PyGhidra/ghidra_scripts
    /fastdata/lavaulta/auto-re-agent/.tools/ghidra_12.1.2_PUBLIC/Ghidra/Features/BSim/ghidra_scripts
    /fastdata/lavaulta/auto-re-agent/.tools/ghidra_12.1.2_PUBLIC/Ghidra/Features/VersionTracking/ghidra_scripts
    /fastdata/lavaulta/auto-re-agent/.tools/ghidra_12.1.2_PUBLIC/Ghidra/Features/BytePatterns/ghidra_scripts
    /fastdata/lavaulta/auto-re-agent/.tools/ghidra_12.1.2_PUBLIC/Ghidra/Processors/Atmel/ghidra_scripts
    /fastdata/lavaulta/auto-re-agent/.tools/ghidra_12.1.2_PUBLIC/Ghidra/Features/SystemEmulation/ghidra_scripts
    /fastdata/lavaulta/auto-re-agent/.tools/ghidra_12.1.2_PUBLIC/Ghidra/Processors/JVM/ghidra_scripts (HeadlessAnalyzer)  
INFO  HEADLESS: execution starts (HeadlessAnalyzer)  
INFO  Opening existing project: /fastdata/lavaulta/auto-re-agent/workspaces/ace-combat-6/ghidra-projects/ace-combat-6-corrected (HeadlessAnalyzer)  
INFO  Opening project: /fastdata/lavaulta/auto-re-agent/workspaces/ace-combat-6/ghidra-projects/ace-combat-6-corrected (HeadlessProject)  
INFO  REPORT: Processing project file: /default.xex (HeadlessAnalyzer)  
INFO  REPORT: Execute script: DumpRange.java '0x821b5280' '0x821b5408'  (HeadlessAnalyzer)  
INFO  SCRIPT: /fastdata/lavaulta/auto-re-agent/workspaces/ace-combat-6/scripts/DumpRange.java (HeadlessAnalyzer)  
INFO  DumpRange.java> 821b5280 cmpwi cr6,r4,0x2 (GhidraScript)  
INFO  DumpRange.java> 821b5284 blt cr6,0x821b529c (GhidraScript)  
INFO  DumpRange.java> 821b5288 lis r10,-0x7d6c (GhidraScript)  
INFO  DumpRange.java> 821b528c li r11,0x0 (GhidraScript)  
INFO  DumpRange.java> 821b5290 lwz r10,-0x45f0(r10) (GhidraScript)  
INFO  DumpRange.java> 821b5294 stw r11,0x10(r10) (GhidraScript)  
INFO  DumpRange.java> 821b5298 blr (GhidraScript)  
INFO  DumpRange.java> 821b529c lis r11,-0x7d97 (GhidraScript)  
INFO  DumpRange.java> 821b52a0 rlwinm r10,r4,0x2,0x0,0x1d (GhidraScript)  
INFO  DumpRange.java> 821b52a4 addi r11,r11,0x1cf0 (GhidraScript)  
INFO  DumpRange.java> 821b52a8 lwzx r11,r10,r11 (GhidraScript)  
INFO  DumpRange.java> 821b52ac lis r10,-0x7d6c (GhidraScript)  
INFO  DumpRange.java> 821b52b0 lwz r10,-0x45f0(r10) (GhidraScript)  
INFO  DumpRange.java> 821b52b4 stw r11,0x10(r10) (GhidraScript)  
INFO  DumpRange.java> 821b52b8 blr (GhidraScript)  
INFO  DumpRange.java> 821b52bc <not-disassembled> (GhidraScript)  
INFO  DumpRange.java> 821b52c0 mfspr r12,LR (GhidraScript)  
INFO  DumpRange.java> 821b52c4 bl 0x823864fc (GhidraScript)  
INFO  DumpRange.java> 821b52c8 stwu r1,-0x70(r1) (GhidraScript)  
INFO  DumpRange.java> 821b52cc lis r11,-0x7d92 (GhidraScript)  
INFO  DumpRange.java> 821b52d0 lis r9,0x2 (GhidraScript)  
INFO  DumpRange.java> 821b52d4 or r31,r3,r3 (GhidraScript)  
INFO  DumpRange.java> 821b52d8 ori r9,r9,0x78c (GhidraScript)  
INFO  DumpRange.java> 821b52dc addis r30,r31,0x2 (GhidraScript)  
INFO  DumpRange.java> 821b52e0 lwz r10,0x4eb4(r11) (GhidraScript)  
INFO  DumpRange.java> 821b52e4 addi r30,r30,0x790 (GhidraScript)  
INFO  DumpRange.java> 821b52e8 lwz r10,0xdc(r10) (GhidraScript)  
INFO  DumpRange.java> 821b52ec stwx r10,r31,r9 (GhidraScript)  
INFO  DumpRange.java> 821b52f0 lwz r11,0x4eb4(r11) (GhidraScript)  
INFO  DumpRange.java> 821b52f4 lwz r3,0xa4(r11) (GhidraScript)  
INFO  DumpRange.java> 821b52f8 stw r3,0x0(r30) (GhidraScript)  
INFO  DumpRange.java> 821b52fc bl 0x8215e110 (GhidraScript)  
INFO  DumpRange.java> 821b5300 lwz r11,0x0(r30) (GhidraScript)  
INFO  DumpRange.java> 821b5304 addi r29,r11,0xa4 (GhidraScript)  
INFO  DumpRange.java> 821b5308 or r3,r29,r29 (GhidraScript)  
INFO  DumpRange.java> 821b530c bl 0x82200480 (GhidraScript)  
INFO  DumpRange.java> 821b5310 cmplwi cr6,r3,0x0 (GhidraScript)  
INFO  DumpRange.java> 821b5314 beq cr6,0x821b5308 (GhidraScript)  
INFO  DumpRange.java> 821b5318 lis r10,-0x7d6c (GhidraScript)  
INFO  DumpRange.java> 821b531c lwz r8,0x0(r30) (GhidraScript)  
INFO  DumpRange.java> 821b5320 addis r11,r31,0x2 (GhidraScript)  
INFO  DumpRange.java> 821b5324 li r9,0x0 (GhidraScript)  
INFO  DumpRange.java> 821b5328 addi r11,r11,0x910 (GhidraScript)  
INFO  DumpRange.java> 821b532c li r7,-0x1 (GhidraScript)  
INFO  DumpRange.java> 821b5330 lwz r10,-0x45f0(r10) (GhidraScript)  
INFO  DumpRange.java> 821b5334 li r3,0x1 (GhidraScript)  
INFO  DumpRange.java> 821b5338 lwz r10,0x84(r10) (GhidraScript)  
INFO  DumpRange.java> 821b533c stw r10,0xc8(r8) (GhidraScript)  
INFO  DumpRange.java> 821b5340 stw r9,0x0(r11) (GhidraScript)  
INFO  DumpRange.java> 821b5344 stw r9,0x4(r11) (GhidraScript)  
INFO  DumpRange.java> 821b5348 stw r7,0x8(r11) (GhidraScript)  
INFO  DumpRange.java> 821b534c bl 0x821f7d90 (GhidraScript)  
INFO  DumpRange.java> 821b5350 lis r11,0x2 (GhidraScript)  
INFO  DumpRange.java> 821b5354 ori r11,r11,0x8cc (GhidraScript)  
INFO  DumpRange.java> 821b5358 stwx r3,r31,r11 (GhidraScript)  
INFO  DumpRange.java> 821b535c addi r1,r1,0x70 (GhidraScript)  
INFO  DumpRange.java> 821b5360 b 0x8238654c (GhidraScript)  
INFO  DumpRange.java> 821b5364 <not-disassembled> (GhidraScript)  
INFO  DumpRange.java> 821b5368 mfspr r12,LR (GhidraScript)  
INFO  DumpRange.java> 821b536c stw r12,-0x8(r1) (GhidraScript)  
INFO  DumpRange.java> 821b5370 std r30,-0x18(r1) (GhidraScript)  
INFO  DumpRange.java> 821b5374 std r31,-0x10(r1) (GhidraScript)  
INFO  DumpRange.java> 821b5378 stwu r1,-0x70(r1) (GhidraScript)  
INFO  DumpRange.java> 821b537c or r31,r3,r3 (GhidraScript)  
INFO  DumpRange.java> 821b5380 li r4,0x0 (GhidraScript)  
INFO  DumpRange.java> 821b5384 lwz r11,0x0(r31) (GhidraScript)  
INFO  DumpRange.java> 821b5388 lwz r11,0x48(r11) (GhidraScript)  
INFO  DumpRange.java> 821b538c mtspr CTR,r11 (GhidraScript)  
INFO  DumpRange.java> 821b5390 bctrl (GhidraScript)  
INFO  DumpRange.java> 821b5394 lis r11,0x2 (GhidraScript)  
INFO  DumpRange.java> 821b5398 li r30,0x0 (GhidraScript)  
INFO  DumpRange.java> 821b539c ori r10,r11,0x798 (GhidraScript)  
INFO  DumpRange.java> 821b53a0 lis r9,0x2 (GhidraScript)  
INFO  DumpRange.java> 821b53a4 lis r8,0x2 (GhidraScript)  
INFO  DumpRange.java> 821b53a8 lis r7,0x2 (GhidraScript)  
INFO  DumpRange.java> 821b53ac addis r11,r31,0x2 (GhidraScript)  
INFO  DumpRange.java> 821b53b0 stwx r30,r31,r10 (GhidraScript)  
INFO  DumpRange.java> 821b53b4 lis r10,0x2 (GhidraScript)  
INFO  DumpRange.java> 821b53b8 ori r9,r9,0x79c (GhidraScript)  
INFO  DumpRange.java> 821b53bc ori r8,r8,0x7a0 (GhidraScript)  
INFO  DumpRange.java> 821b53c0 ori r7,r7,0x7a8 (GhidraScript)  
INFO  DumpRange.java> 821b53c4 ori r10,r10,0x7a4 (GhidraScript)  
INFO  DumpRange.java> 821b53c8 addi r11,r11,0x8ac (GhidraScript)  
INFO  DumpRange.java> 821b53cc stwx r30,r31,r9 (GhidraScript)  
INFO  DumpRange.java> 821b53d0 or r3,r31,r31 (GhidraScript)  
INFO  DumpRange.java> 821b53d4 stwx r30,r31,r8 (GhidraScript)  
INFO  DumpRange.java> 821b53d8 stwx r30,r31,r7 (GhidraScript)  
INFO  DumpRange.java> 821b53dc stwx r30,r31,r10 (GhidraScript)  
INFO  DumpRange.java> 821b53e0 stw r30,0x0(r11) (GhidraScript)  
INFO  DumpRange.java> 821b53e4 stw r30,0x4(r11) (GhidraScript)  
INFO  DumpRange.java> 821b53e8 stw r30,0x8(r11) (GhidraScript)  
INFO  DumpRange.java> 821b53ec stw r30,0xc(r11) (GhidraScript)  
INFO  DumpRange.java> 821b53f0 bl 0x821b5448 (GhidraScript)  
INFO  DumpRange.java> 821b53f4 lis r11,-0x7d6c (GhidraScript)  
INFO  DumpRange.java> 821b53f8 lis r10,-0x7d62 (GhidraScript)  
INFO  DumpRange.java> 821b53fc addi r3,r10,0x6218 (GhidraScript)  
INFO  DumpRange.java> 821b5400 lwz r11,-0x45f0(r11) (GhidraScript)  
INFO  DumpRange.java> 821b5404 lwz r9,0x50(r11) (GhidraScript)  
INFO  REPORT: Save succeeded for processed file: /default.xex (HeadlessAnalyzer)  
