openjdk version "21.0.11" 2026-04-21
OpenJDK Runtime Environment (build 21.0.11+10-1-26.04.2-Ubuntu)
OpenJDK 64-Bit Server VM (build 21.0.11+10-1-26.04.2-Ubuntu, mixed mode)
INFO  Using log config file: jar:file:/fastdata/lavaulta/auto-re-agent/.tools/ghidra_12.1.2_PUBLIC/Ghidra/Framework/Generic/lib/Generic.jar!/generic.log4j.xml (LoggingInitialization)  
INFO  Using log file: /home/lavaulta/.config/ghidra/ghidra_12.1.2_PUBLIC/application.log (LoggingInitialization)  
INFO  Loading user preferences: /home/lavaulta/.config/ghidra/ghidra_12.1.2_PUBLIC/preferences (Preferences)  
INFO  Searching for classes... (ClassSearcher)  
INFO  Ignoring class 'xexloaderwv.XEXLoaderWVLoader' from '/fastdata/lavaulta/auto-re-agent/.tools/ghidra_12.1.2_PUBLIC/Ghidra/Extensions/XEXLoaderWV/lib/XEXLoaderWV.jar'. Already found at '/fastdata/lavaulta/auto-re-agent/.tools/ghidra_12.1.2_PUBLIC/Ghidra/patch/XEXLoaderWV-java21.jar'. (ClassSearcher)  
INFO  Class search complete (1451 ms) (ClassSearcher)  
INFO  Initializing SSL Context (DefaultSSLContextInitializer)  
INFO  Initializing Random Number Generator... (SecureRandomFactory)  
INFO  Random Number Generator initialization complete: NativePRNGNonBlocking (SecureRandomFactory)  
INFO  Trust manager disabled, cacerts have not been set (DefaultTrustManagerFactory)  
INFO  Headless startup complete (3013 ms) (AnalyzeHeadless)  
INFO  Class searcher loaded 59 extension points (20 false positives) (ClassSearcher)  
INFO  HEADLESS Script Paths:
    /fastdata/lavaulta/auto-re-agent/.tools/ghidra_12.1.2_PUBLIC/Ghidra/Features/MicrosoftCodeAnalyzer/ghidra_scripts
    /fastdata/lavaulta/auto-re-agent/.tools/ghidra_12.1.2_PUBLIC/Ghidra/Features/PDB/ghidra_scripts
    /fastdata/lavaulta/auto-re-agent/.tools/ghidra_12.1.2_PUBLIC/Ghidra/Processors/8051/ghidra_scripts
    /fastdata/lavaulta/auto-re-agent/.tools/ghidra_12.1.2_PUBLIC/Ghidra/Features/Base/ghidra_scripts
    /fastdata/lavaulta/auto-re-agent/workspaces/ace-combat-6/scripts
    /fastdata/lavaulta/auto-re-agent/.tools/ghidra_12.1.2_PUBLIC/Ghidra/Features/FileFormats/ghidra_scripts
    /fastdata/lavaulta/auto-re-agent/.tools/ghidra_12.1.2_PUBLIC/Ghidra/Features/GnuDemangler/ghidra_scripts
    /fastdata/lavaulta/auto-re-agent/.tools/ghidra_12.1.2_PUBLIC/Ghidra/Extensions/ghidra-emotionengine-reloaded/ghidra_scripts
    /fastdata/lavaulta/auto-re-agent/.tools/ghidra_12.1.2_PUBLIC/Ghidra/Features/Decompiler/ghidra_scripts
    /fastdata/lavaulta/auto-re-agent/.tools/ghidra_12.1.2_PUBLIC/Ghidra/Features/FunctionID/ghidra_scripts
    /fastdata/lavaulta/auto-re-agent/.tools/ghidra_12.1.2_PUBLIC/Ghidra/Features/DecompilerDependent/ghidra_scripts
    /fastdata/lavaulta/auto-re-agent/.tools/ghidra_12.1.2_PUBLIC/Ghidra/Processors/DATA/ghidra_scripts
    /fastdata/lavaulta/auto-re-agent/.tools/ghidra_12.1.2_PUBLIC/Ghidra/Debug/Debugger-rmi-trace/ghidra_scripts
    /fastdata/lavaulta/auto-re-agent/.tools/ghidra_12.1.2_PUBLIC/Ghidra/Features/SwiftDemangler/ghidra_scripts
    /fastdata/lavaulta/auto-re-agent/.tools/ghidra_12.1.2_PUBLIC/Ghidra/Debug/Debugger/ghidra_scripts
    /fastdata/lavaulta/auto-re-agent/.tools/ghidra_12.1.2_PUBLIC/Ghidra/Processors/PIC/ghidra_scripts
    /fastdata/lavaulta/auto-re-agent/.tools/ghidra_12.1.2_PUBLIC/Ghidra/Extensions/XEXLoaderWV/ghidra_scripts
    /fastdata/lavaulta/auto-re-agent/.tools/ghidra_12.1.2_PUBLIC/Ghidra/Features/WildcardAssembler/ghidra_scripts
    /fastdata/lavaulta/auto-re-agent/.tools/ghidra_12.1.2_PUBLIC/Ghidra/Features/PyGhidra/ghidra_scripts
    /fastdata/lavaulta/auto-re-agent/.tools/ghidra_12.1.2_PUBLIC/Ghidra/Features/BSim/ghidra_scripts
    /fastdata/lavaulta/auto-re-agent/.tools/ghidra_12.1.2_PUBLIC/Ghidra/Features/VersionTracking/ghidra_scripts
    /fastdata/lavaulta/auto-re-agent/.tools/ghidra_12.1.2_PUBLIC/Ghidra/Features/BytePatterns/ghidra_scripts
    /fastdata/lavaulta/auto-re-agent/.tools/ghidra_12.1.2_PUBLIC/Ghidra/Processors/Atmel/ghidra_scripts
    /fastdata/lavaulta/auto-re-agent/.tools/ghidra_12.1.2_PUBLIC/Ghidra/Features/SystemEmulation/ghidra_scripts
    /fastdata/lavaulta/auto-re-agent/.tools/ghidra_12.1.2_PUBLIC/Ghidra/Processors/JVM/ghidra_scripts (HeadlessAnalyzer)  
INFO  HEADLESS: execution starts (HeadlessAnalyzer)  
INFO  Opening existing project: /fastdata/lavaulta/auto-re-agent/workspaces/ace-combat-6/ghidra-projects/ace-combat-6-corrected (HeadlessAnalyzer)  
INFO  Opening project: /fastdata/lavaulta/auto-re-agent/workspaces/ace-combat-6/ghidra-projects/ace-combat-6-corrected (HeadlessProject)  
INFO  REPORT: Processing project file: /default.xex (HeadlessAnalyzer)  
INFO  REPORT: Execute script: DumpRange.java '0x821d9780' '0x821d9880'  (HeadlessAnalyzer)  
INFO  SCRIPT: /fastdata/lavaulta/auto-re-agent/workspaces/ace-combat-6/scripts/DumpRange.java (HeadlessAnalyzer)  
INFO  DumpRange.java> 821d9780 cmplwi cr6,r3,0x0 (GhidraScript)  
INFO  DumpRange.java> 821d9784 bne cr6,0x821d9790 (GhidraScript)  
INFO  DumpRange.java> 821d9788 or r11,r23,r23 (GhidraScript)  
INFO  DumpRange.java> 821d978c b 0x821d9798 (GhidraScript)  
INFO  DumpRange.java> 821d9790 bl 0x822254e8 (GhidraScript)  
INFO  DumpRange.java> 821d9794 or r11,r3,r3 (GhidraScript)  
INFO  DumpRange.java> 821d9798 lis r31,-0x7d6c (GhidraScript)  
INFO  DumpRange.java> 821d979c lwz r3,-0x70d0(r24) (GhidraScript)  
INFO  DumpRange.java> 821d97a0 li r6,0x0 (GhidraScript)  
INFO  DumpRange.java> 821d97a4 li r5,0x10 (GhidraScript)  
INFO  DumpRange.java> 821d97a8 lis r4,0x40 (GhidraScript)  
INFO  DumpRange.java> 821d97ac lis r30,0x40 (GhidraScript)  
INFO  DumpRange.java> 821d97b0 stw r11,-0x45b0(r31) (GhidraScript)  
INFO  DumpRange.java> 821d97b4 bl 0x82226498 (GhidraScript)  
INFO  DumpRange.java> 821d97b8 or r4,r3,r3 (GhidraScript)  
INFO  DumpRange.java> 821d97bc lwz r3,-0x45b0(r31) (GhidraScript)  
INFO  DumpRange.java> 821d97c0 or r5,r30,r30 (GhidraScript)  
INFO  DumpRange.java> 821d97c4 li r6,0x40 (GhidraScript)  
INFO  DumpRange.java> 821d97c8 bl 0x82225658 (GhidraScript)  
INFO  DumpRange.java> 821d97cc lis r11,-0x7d6d (GhidraScript)  
INFO  DumpRange.java> 821d97d0 addi r3,r11,0x5e5c (GhidraScript)  
INFO  DumpRange.java> 821d97d4 bl 0x823da09c (GhidraScript)  
INFO  DumpRange.java> 821d97d8 lis r11,-0x7dfa (GhidraScript)  
INFO  DumpRange.java> 821d97dc lis r10,-0x7d62 (GhidraScript)  
INFO  DumpRange.java> 821d97e0 addi r3,r11,0x7dc0 (GhidraScript)  
INFO  DumpRange.java> 821d97e4 lwz r11,-0x70d0(r24) (GhidraScript)  
INFO  DumpRange.java> 821d97e8 addi r25,r10,0x6218 (GhidraScript)  
INFO  DumpRange.java> 821d97ec lis r10,-0x7d6c (GhidraScript)  
INFO  DumpRange.java> 821d97f0 stw r11,0x18(r25) (GhidraScript)  
INFO  DumpRange.java> 821d97f4 li r11,0x2 (GhidraScript)  
INFO  DumpRange.java> 821d97f8 stb r11,-0x45e8(r10) (GhidraScript)  
INFO  DumpRange.java> 821d97fc bl 0x821cf850 (GhidraScript)  
INFO  DumpRange.java> 821d9800 lis r11,-0x7dfa (GhidraScript)  
INFO  DumpRange.java> 821d9804 li r3,0x0 (GhidraScript)  
INFO  DumpRange.java> 821d9808 addi r4,r11,0x7dd0 (GhidraScript)  
INFO  DumpRange.java> 821d980c bl 0x821cf938 (GhidraScript)  
INFO  DumpRange.java> 821d9810 lis r11,-0x7dfa (GhidraScript)  
INFO  DumpRange.java> 821d9814 li r3,0x1 (GhidraScript)  
INFO  DumpRange.java> 821d9818 addi r4,r11,0x7de4 (GhidraScript)  
INFO  DumpRange.java> 821d981c bl 0x821cf938 (GhidraScript)  
INFO  DumpRange.java> 821d9820 lis r11,-0x7d96 (GhidraScript)  
INFO  DumpRange.java> 821d9824 lis r7,0x0 (GhidraScript)  
INFO  DumpRange.java> 821d9828 addi r11,r11,0x1968 (GhidraScript)  
INFO  DumpRange.java> 821d982c li r9,0x8 (GhidraScript)  
INFO  DumpRange.java> 821d9830 addis r10,r11,0x4 (GhidraScript)  
INFO  DumpRange.java> 821d9834 addi r8,r11,0x48 (GhidraScript)  
INFO  DumpRange.java> 821d9838 addi r10,r10,0x1e5c (GhidraScript)  
INFO  DumpRange.java> 821d983c ori r7,r7,0x83b8 (GhidraScript)  
INFO  DumpRange.java> 821d9840 subi r9,r9,0x1 (GhidraScript)  
INFO  DumpRange.java> 821d9844 stw r8,-0x54(r10) (GhidraScript)  
INFO  DumpRange.java> 821d9848 stw r23,0x0(r10) (GhidraScript)  
INFO  DumpRange.java> 821d984c add r8,r8,r7 (GhidraScript)  
INFO  DumpRange.java> 821d9850 stw r23,-0x20(r10) (GhidraScript)  
INFO  DumpRange.java> 821d9854 cmplwi cr6,r9,0x0 (GhidraScript)  
INFO  DumpRange.java> 821d9858 addi r10,r10,0x4 (GhidraScript)  
INFO  DumpRange.java> 821d985c bne cr6,0x821d9840 (GhidraScript)  
INFO  DumpRange.java> 821d9860 addis r10,r11,0x4 (GhidraScript)  
INFO  DumpRange.java> 821d9864 lis r9,0x4 (GhidraScript)  
INFO  DumpRange.java> 821d9868 addi r3,r11,0x10 (GhidraScript)  
INFO  DumpRange.java> 821d986c ori r9,r9,0x1e34 (GhidraScript)  
INFO  DumpRange.java> 821d9870 stw r23,0x1e28(r10) (GhidraScript)  
INFO  DumpRange.java> 821d9874 stw r23,0x1e2c(r10) (GhidraScript)  
INFO  DumpRange.java> 821d9878 stw r23,0x1e30(r10) (GhidraScript)  
INFO  DumpRange.java> 821d987c or r10,r23,r23 (GhidraScript)  
INFO  REPORT: Save succeeded for processed file: /default.xex (HeadlessAnalyzer)  
