openjdk version "21.0.11" 2026-04-21
OpenJDK Runtime Environment (build 21.0.11+10-1-26.04.2-Ubuntu)
OpenJDK 64-Bit Server VM (build 21.0.11+10-1-26.04.2-Ubuntu, mixed mode)
INFO  Using log config file: jar:file:/fastdata/lavaulta/auto-re-agent/.tools/ghidra_12.1.2_PUBLIC/Ghidra/Framework/Generic/lib/Generic.jar!/generic.log4j.xml (LoggingInitialization)  
INFO  Using log file: /home/lavaulta/.config/ghidra/ghidra_12.1.2_PUBLIC/application.log (LoggingInitialization)  
INFO  Loading user preferences: /home/lavaulta/.config/ghidra/ghidra_12.1.2_PUBLIC/preferences (Preferences)  
INFO  Searching for classes... (ClassSearcher)  
INFO  Ignoring class 'xexloaderwv.XEXLoaderWVLoader' from '/fastdata/lavaulta/auto-re-agent/.tools/ghidra_12.1.2_PUBLIC/Ghidra/Extensions/XEXLoaderWV/lib/XEXLoaderWV.jar'. Already found at '/fastdata/lavaulta/auto-re-agent/.tools/ghidra_12.1.2_PUBLIC/Ghidra/patch/XEXLoaderWV-java21.jar'. (ClassSearcher)  
INFO  Class search complete (1574 ms) (ClassSearcher)  
INFO  Initializing SSL Context (DefaultSSLContextInitializer)  
INFO  Initializing Random Number Generator... (SecureRandomFactory)  
INFO  Random Number Generator initialization complete: NativePRNGNonBlocking (SecureRandomFactory)  
INFO  Trust manager disabled, cacerts have not been set (DefaultTrustManagerFactory)  
INFO  Headless startup complete (3167 ms) (AnalyzeHeadless)  
INFO  Class searcher loaded 59 extension points (20 false positives) (ClassSearcher)  
INFO  HEADLESS Script Paths:
    /fastdata/lavaulta/auto-re-agent/.tools/ghidra_12.1.2_PUBLIC/Ghidra/Features/MicrosoftCodeAnalyzer/ghidra_scripts
    /fastdata/lavaulta/auto-re-agent/.tools/ghidra_12.1.2_PUBLIC/Ghidra/Features/PDB/ghidra_scripts
    /fastdata/lavaulta/auto-re-agent/.tools/ghidra_12.1.2_PUBLIC/Ghidra/Processors/8051/ghidra_scripts
    /fastdata/lavaulta/auto-re-agent/.tools/ghidra_12.1.2_PUBLIC/Ghidra/Features/Base/ghidra_scripts
    /fastdata/lavaulta/auto-re-agent/workspaces/ace-combat-6/scripts
    /fastdata/lavaulta/auto-re-agent/.tools/ghidra_12.1.2_PUBLIC/Ghidra/Features/FileFormats/ghidra_scripts
    /fastdata/lavaulta/auto-re-agent/.tools/ghidra_12.1.2_PUBLIC/Ghidra/Features/GnuDemangler/ghidra_scripts
    /fastdata/lavaulta/auto-re-agent/.tools/ghidra_12.1.2_PUBLIC/Ghidra/Extensions/ghidra-emotionengine-reloaded/ghidra_scripts
    /fastdata/lavaulta/auto-re-agent/.tools/ghidra_12.1.2_PUBLIC/Ghidra/Features/Decompiler/ghidra_scripts
    /fastdata/lavaulta/auto-re-agent/.tools/ghidra_12.1.2_PUBLIC/Ghidra/Features/FunctionID/ghidra_scripts
    /fastdata/lavaulta/auto-re-agent/.tools/ghidra_12.1.2_PUBLIC/Ghidra/Features/DecompilerDependent/ghidra_scripts
    /fastdata/lavaulta/auto-re-agent/.tools/ghidra_12.1.2_PUBLIC/Ghidra/Processors/DATA/ghidra_scripts
    /fastdata/lavaulta/auto-re-agent/.tools/ghidra_12.1.2_PUBLIC/Ghidra/Debug/Debugger-rmi-trace/ghidra_scripts
    /fastdata/lavaulta/auto-re-agent/.tools/ghidra_12.1.2_PUBLIC/Ghidra/Features/SwiftDemangler/ghidra_scripts
    /fastdata/lavaulta/auto-re-agent/.tools/ghidra_12.1.2_PUBLIC/Ghidra/Debug/Debugger/ghidra_scripts
    /fastdata/lavaulta/auto-re-agent/.tools/ghidra_12.1.2_PUBLIC/Ghidra/Processors/PIC/ghidra_scripts
    /fastdata/lavaulta/auto-re-agent/.tools/ghidra_12.1.2_PUBLIC/Ghidra/Extensions/XEXLoaderWV/ghidra_scripts
    /fastdata/lavaulta/auto-re-agent/.tools/ghidra_12.1.2_PUBLIC/Ghidra/Features/WildcardAssembler/ghidra_scripts
    /fastdata/lavaulta/auto-re-agent/.tools/ghidra_12.1.2_PUBLIC/Ghidra/Features/PyGhidra/ghidra_scripts
    /fastdata/lavaulta/auto-re-agent/.tools/ghidra_12.1.2_PUBLIC/Ghidra/Features/BSim/ghidra_scripts
    /fastdata/lavaulta/auto-re-agent/.tools/ghidra_12.1.2_PUBLIC/Ghidra/Features/VersionTracking/ghidra_scripts
    /fastdata/lavaulta/auto-re-agent/.tools/ghidra_12.1.2_PUBLIC/Ghidra/Features/BytePatterns/ghidra_scripts
    /fastdata/lavaulta/auto-re-agent/.tools/ghidra_12.1.2_PUBLIC/Ghidra/Processors/Atmel/ghidra_scripts
    /fastdata/lavaulta/auto-re-agent/.tools/ghidra_12.1.2_PUBLIC/Ghidra/Features/SystemEmulation/ghidra_scripts
    /fastdata/lavaulta/auto-re-agent/.tools/ghidra_12.1.2_PUBLIC/Ghidra/Processors/JVM/ghidra_scripts (HeadlessAnalyzer)  
INFO  HEADLESS: execution starts (HeadlessAnalyzer)  
INFO  Opening existing project: /fastdata/lavaulta/auto-re-agent/workspaces/ace-combat-6/ghidra-projects/ace-combat-6-corrected (HeadlessAnalyzer)  
INFO  Opening project: /fastdata/lavaulta/auto-re-agent/workspaces/ace-combat-6/ghidra-projects/ace-combat-6-corrected (HeadlessProject)  
INFO  REPORT: Processing project file: /default.xex (HeadlessAnalyzer)  
INFO  REPORT: Execute script: DumpRange.java '0x821d9c20' '0x821d9ce0'  (HeadlessAnalyzer)  
INFO  SCRIPT: /fastdata/lavaulta/auto-re-agent/workspaces/ace-combat-6/scripts/DumpRange.java (HeadlessAnalyzer)  
INFO  DumpRange.java> 821d9c20 b 0x821d9c2c (GhidraScript)  
INFO  DumpRange.java> 821d9c24 bl 0x822ae8e8 (GhidraScript)  
INFO  DumpRange.java> 821d9c28 or r11,r3,r3 (GhidraScript)  
INFO  DumpRange.java> 821d9c2c lis r22,-0x7d8a (GhidraScript)  
INFO  DumpRange.java> 821d9c30 lwz r3,-0x70d0(r24) (GhidraScript)  
INFO  DumpRange.java> 821d9c34 lis r4,0x15 (GhidraScript)  
INFO  DumpRange.java> 821d9c38 li r6,0x0 (GhidraScript)  
INFO  DumpRange.java> 821d9c3c li r5,0x10 (GhidraScript)  
INFO  DumpRange.java> 821d9c40 ori r4,r4,0xb798 (GhidraScript)  
INFO  DumpRange.java> 821d9c44 stw r11,0x5b88(r22) (GhidraScript)  
INFO  DumpRange.java> 821d9c48 bl 0x82226498 (GhidraScript)  
INFO  DumpRange.java> 821d9c4c cmplwi cr6,r3,0x0 (GhidraScript)  
INFO  DumpRange.java> 821d9c50 beq cr6,0x821d9c58 (GhidraScript)  
INFO  DumpRange.java> 821d9c54 bl 0x821bca08 (GhidraScript)  
INFO  DumpRange.java> 821d9c58 lis r29,-0x7d6c (GhidraScript)  
INFO  DumpRange.java> 821d9c5c lis r11,0x15 (GhidraScript)  
INFO  DumpRange.java> 821d9c60 or r4,r26,r26 (GhidraScript)  
INFO  DumpRange.java> 821d9c64 ori r31,r11,0xaa78 (GhidraScript)  
INFO  DumpRange.java> 821d9c68 lwz r11,-0x45f0(r29) (GhidraScript)  
INFO  DumpRange.java> 821d9c6c add r3,r11,r31 (GhidraScript)  
INFO  DumpRange.java> 821d9c70 bl 0x82238218 (GhidraScript)  
INFO  DumpRange.java> 821d9c74 or r11,r21,r21 (GhidraScript)  
INFO  DumpRange.java> 821d9c78 lis r26,-0x7d6c (GhidraScript)  
INFO  DumpRange.java> 821d9c7c lwz r3,-0x45f0(r29) (GhidraScript)  
INFO  DumpRange.java> 821d9c80 lis r27,-0x7d8a (GhidraScript)  
INFO  DumpRange.java> 821d9c84 stb r11,-0x4806(r26) (GhidraScript)  
INFO  DumpRange.java> 821d9c88 stb r11,0x5438(r27) (GhidraScript)  
INFO  DumpRange.java> 821d9c8c bl 0x821be718 (GhidraScript)  
INFO  DumpRange.java> 821d9c90 lwz r11,-0x45f0(r29) (GhidraScript)  
INFO  DumpRange.java> 821d9c94 or r3,r25,r25 (GhidraScript)  
INFO  DumpRange.java> 821d9c98 lwz r4,0x44(r11) (GhidraScript)  
INFO  DumpRange.java> 821d9c9c bl 0x821d65c0 (GhidraScript)  
INFO  DumpRange.java> 821d9ca0 or r25,r3,r3 (GhidraScript)  
INFO  DumpRange.java> 821d9ca4 bl 0x821d5df0 (GhidraScript)  
INFO  DumpRange.java> 821d9ca8 or r3,r25,r25 (GhidraScript)  
INFO  DumpRange.java> 821d9cac bl 0x821d5e60 (GhidraScript)  
INFO  DumpRange.java> 821d9cb0 cmpwi cr6,r3,0x0 (GhidraScript)  
INFO  DumpRange.java> 821d9cb4 beq cr6,0x821d9ca8 (GhidraScript)  
INFO  DumpRange.java> 821d9cb8 blt cr6,0x821d96e8 (GhidraScript)  
INFO  DumpRange.java> 821d9cbc lwz r3,-0x45f0(r29) (GhidraScript)  
INFO  DumpRange.java> 821d9cc0 bl 0x821be948 (GhidraScript)  
INFO  DumpRange.java> 821d9cc4 lwz r11,-0x45f0(r29) (GhidraScript)  
INFO  DumpRange.java> 821d9cc8 li r4,0x26 (GhidraScript)  
INFO  DumpRange.java> 821d9ccc add r3,r11,r31 (GhidraScript)  
INFO  DumpRange.java> 821d9cd0 or r11,r23,r23 (GhidraScript)  
INFO  DumpRange.java> 821d9cd4 stb r11,-0x4806(r26) (GhidraScript)  
INFO  DumpRange.java> 821d9cd8 stb r11,0x5438(r27) (GhidraScript)  
INFO  DumpRange.java> 821d9cdc bl 0x822383d0 (GhidraScript)  
INFO  REPORT: Save succeeded for processed file: /default.xex (HeadlessAnalyzer)  
