openjdk version "21.0.11" 2026-04-21
OpenJDK Runtime Environment (build 21.0.11+10-1-26.04.2-Ubuntu)
OpenJDK 64-Bit Server VM (build 21.0.11+10-1-26.04.2-Ubuntu, mixed mode)
INFO  Using log config file: jar:file:/fastdata/lavaulta/auto-re-agent/.tools/ghidra_12.1.2_PUBLIC/Ghidra/Framework/Generic/lib/Generic.jar!/generic.log4j.xml (LoggingInitialization)  
INFO  Using log file: /home/lavaulta/.config/ghidra/ghidra_12.1.2_PUBLIC/application.log (LoggingInitialization)  
INFO  Loading user preferences: /home/lavaulta/.config/ghidra/ghidra_12.1.2_PUBLIC/preferences (Preferences)  
INFO  Searching for classes... (ClassSearcher)  
INFO  Ignoring class 'xexloaderwv.XEXLoaderWVLoader' from '/fastdata/lavaulta/auto-re-agent/.tools/ghidra_12.1.2_PUBLIC/Ghidra/Extensions/XEXLoaderWV/lib/XEXLoaderWV.jar'. Already found at '/fastdata/lavaulta/auto-re-agent/.tools/ghidra_12.1.2_PUBLIC/Ghidra/patch/XEXLoaderWV-java21.jar'. (ClassSearcher)  
INFO  Class search complete (1616 ms) (ClassSearcher)  
INFO  Initializing SSL Context (DefaultSSLContextInitializer)  
INFO  Initializing Random Number Generator... (SecureRandomFactory)  
INFO  Random Number Generator initialization complete: NativePRNGNonBlocking (SecureRandomFactory)  
INFO  Trust manager disabled, cacerts have not been set (DefaultTrustManagerFactory)  
INFO  Headless startup complete (3201 ms) (AnalyzeHeadless)  
INFO  Class searcher loaded 59 extension points (20 false positives) (ClassSearcher)  
INFO  HEADLESS Script Paths:
    /fastdata/lavaulta/auto-re-agent/.tools/ghidra_12.1.2_PUBLIC/Ghidra/Features/MicrosoftCodeAnalyzer/ghidra_scripts
    /fastdata/lavaulta/auto-re-agent/.tools/ghidra_12.1.2_PUBLIC/Ghidra/Features/PDB/ghidra_scripts
    /fastdata/lavaulta/auto-re-agent/.tools/ghidra_12.1.2_PUBLIC/Ghidra/Processors/8051/ghidra_scripts
    /fastdata/lavaulta/auto-re-agent/.tools/ghidra_12.1.2_PUBLIC/Ghidra/Features/Base/ghidra_scripts
    /fastdata/lavaulta/auto-re-agent/workspaces/ace-combat-6/scripts
    /fastdata/lavaulta/auto-re-agent/.tools/ghidra_12.1.2_PUBLIC/Ghidra/Features/FileFormats/ghidra_scripts
    /fastdata/lavaulta/auto-re-agent/.tools/ghidra_12.1.2_PUBLIC/Ghidra/Features/GnuDemangler/ghidra_scripts
    /fastdata/lavaulta/auto-re-agent/.tools/ghidra_12.1.2_PUBLIC/Ghidra/Extensions/ghidra-emotionengine-reloaded/ghidra_scripts
    /fastdata/lavaulta/auto-re-agent/.tools/ghidra_12.1.2_PUBLIC/Ghidra/Features/Decompiler/ghidra_scripts
    /fastdata/lavaulta/auto-re-agent/.tools/ghidra_12.1.2_PUBLIC/Ghidra/Features/FunctionID/ghidra_scripts
    /fastdata/lavaulta/auto-re-agent/.tools/ghidra_12.1.2_PUBLIC/Ghidra/Features/DecompilerDependent/ghidra_scripts
    /fastdata/lavaulta/auto-re-agent/.tools/ghidra_12.1.2_PUBLIC/Ghidra/Processors/DATA/ghidra_scripts
    /fastdata/lavaulta/auto-re-agent/.tools/ghidra_12.1.2_PUBLIC/Ghidra/Debug/Debugger-rmi-trace/ghidra_scripts
    /fastdata/lavaulta/auto-re-agent/.tools/ghidra_12.1.2_PUBLIC/Ghidra/Features/SwiftDemangler/ghidra_scripts
    /fastdata/lavaulta/auto-re-agent/.tools/ghidra_12.1.2_PUBLIC/Ghidra/Debug/Debugger/ghidra_scripts
    /fastdata/lavaulta/auto-re-agent/.tools/ghidra_12.1.2_PUBLIC/Ghidra/Processors/PIC/ghidra_scripts
    /fastdata/lavaulta/auto-re-agent/.tools/ghidra_12.1.2_PUBLIC/Ghidra/Extensions/XEXLoaderWV/ghidra_scripts
    /fastdata/lavaulta/auto-re-agent/.tools/ghidra_12.1.2_PUBLIC/Ghidra/Features/WildcardAssembler/ghidra_scripts
    /fastdata/lavaulta/auto-re-agent/.tools/ghidra_12.1.2_PUBLIC/Ghidra/Features/PyGhidra/ghidra_scripts
    /fastdata/lavaulta/auto-re-agent/.tools/ghidra_12.1.2_PUBLIC/Ghidra/Features/BSim/ghidra_scripts
    /fastdata/lavaulta/auto-re-agent/.tools/ghidra_12.1.2_PUBLIC/Ghidra/Features/VersionTracking/ghidra_scripts
    /fastdata/lavaulta/auto-re-agent/.tools/ghidra_12.1.2_PUBLIC/Ghidra/Features/BytePatterns/ghidra_scripts
    /fastdata/lavaulta/auto-re-agent/.tools/ghidra_12.1.2_PUBLIC/Ghidra/Processors/Atmel/ghidra_scripts
    /fastdata/lavaulta/auto-re-agent/.tools/ghidra_12.1.2_PUBLIC/Ghidra/Features/SystemEmulation/ghidra_scripts
    /fastdata/lavaulta/auto-re-agent/.tools/ghidra_12.1.2_PUBLIC/Ghidra/Processors/JVM/ghidra_scripts (HeadlessAnalyzer)  
INFO  HEADLESS: execution starts (HeadlessAnalyzer)  
INFO  Opening existing project: /fastdata/lavaulta/auto-re-agent/workspaces/ace-combat-6/ghidra-projects/ace-combat-6-corrected (HeadlessAnalyzer)  
INFO  Opening project: /fastdata/lavaulta/auto-re-agent/workspaces/ace-combat-6/ghidra-projects/ace-combat-6-corrected (HeadlessProject)  
INFO  REPORT: Processing project file: /default.xex (HeadlessAnalyzer)  
INFO  REPORT: Execute script: FindInstructionScalar.java '0x98'  (HeadlessAnalyzer)  
INFO  SCRIPT: /fastdata/lavaulta/auto-re-agent/workspaces/ace-combat-6/scripts/FindInstructionScalar.java (HeadlessAnalyzer)  
INFO  FindInstructionScalar.java> 82094078 lwz r6,0x98(r11) (GhidraScript)  
INFO  FindInstructionScalar.java> 8209e624 subi r12,r1,0x98 (GhidraScript)  
INFO  FindInstructionScalar.java> 820a4204 stfs f0,0x98(r1) (GhidraScript)  
INFO  FindInstructionScalar.java> 820a8e34 stw r16,0x98(r1) (GhidraScript)  
INFO  FindInstructionScalar.java> 820a8e74 stw r16,0x98(r1) (GhidraScript)  
INFO  FindInstructionScalar.java> 820a8ed0 stw r11,0x98(r1) (GhidraScript)  
INFO  FindInstructionScalar.java> 820a9c3c stw r11,0x98(r1) (GhidraScript)  
INFO  FindInstructionScalar.java> 820aa7f0 li r5,0x98 (GhidraScript)  
INFO  FindInstructionScalar.java> 820aaf2c li r5,0x98 (GhidraScript)  
INFO  FindInstructionScalar.java> 820aaf8c li r7,0x98 (GhidraScript)  
INFO  FindInstructionScalar.java> 820aaffc li r4,0x98 (GhidraScript)  
INFO  FindInstructionScalar.java> 820ab8d4 stw r11,0x98(r31) (GhidraScript)  
INFO  FindInstructionScalar.java> 820acb80 stw r26,0x98(r1) (GhidraScript)  
INFO  FindInstructionScalar.java> 820acd40 stw r26,0x98(r1) (GhidraScript)  
INFO  FindInstructionScalar.java> 820ae524 stfs f0,0x98(r31) (GhidraScript)  
INFO  FindInstructionScalar.java> 820aea30 stfs f0,0x98(r3) (GhidraScript)  
INFO  FindInstructionScalar.java> 820af868 stfs f31,0x98(r1) (GhidraScript)  
INFO  FindInstructionScalar.java> 820bcc88 stw r9,0x98(r11) (GhidraScript)  
INFO  FindInstructionScalar.java> 820befa8 addi r27,r31,0x98 (GhidraScript)  
INFO  FindInstructionScalar.java> 820bfe30 stw r9,0x98(r11) (GhidraScript)  
INFO  FindInstructionScalar.java> 820c0248 stw r10,0x98(r30) (GhidraScript)  
INFO  FindInstructionScalar.java> 820c0b14 stfs f31,0x98(r1) (GhidraScript)  
INFO  FindInstructionScalar.java> 820c13a8 std r8,0x98(r1) (GhidraScript)  
INFO  FindInstructionScalar.java> 820c13ac lfd f12,0x98(r1) (GhidraScript)  
INFO  FindInstructionScalar.java> 820c1f50 stfs f0,0x98(r3) (GhidraScript)  
INFO  FindInstructionScalar.java> 820c2e68 lfs f0,0x98(r31) (GhidraScript)  
INFO  FindInstructionScalar.java> 820c5018 lfs f10,0x98(r11) (GhidraScript)  
INFO  FindInstructionScalar.java> 820c5f24 lfs f2,0x98(r30) (GhidraScript)  
INFO  FindInstructionScalar.java> 820c8ac8 stw r9,0x98(r11) (GhidraScript)  
INFO  FindInstructionScalar.java> 820c936c lfs f0,0x98(r31) (GhidraScript)  
INFO  FindInstructionScalar.java> 820c9a68 stw r10,0x98(r11) (GhidraScript)  
INFO  FindInstructionScalar.java> 820c9a7c stw r9,0x98(r11) (GhidraScript)  
INFO  FindInstructionScalar.java> 820ca85c lhz r10,0x98(r10) (GhidraScript)  
INFO  FindInstructionScalar.java> 820cad8c std r11,0x98(r1) (GhidraScript)  
INFO  FindInstructionScalar.java> 820cad90 lfd f12,0x98(r1) (GhidraScript)  
INFO  FindInstructionScalar.java> 820caf24 lfs f0,0x98(r31) (GhidraScript)  
INFO  FindInstructionScalar.java> 820cb898 lfs f0,0x98(r31) (GhidraScript)  
INFO  FindInstructionScalar.java> 820cbcf4 lfs f0,0x98(r31) (GhidraScript)  
INFO  FindInstructionScalar.java> 820cbec8 lwz r9,0x98(r9) (GhidraScript)  
INFO  FindInstructionScalar.java> 820cbfd4 lfs f0,0x98(r3) (GhidraScript)  
INFO  FindInstructionScalar.java> 820ce03c stfs f0,0x98(r31) (GhidraScript)  
INFO  FindInstructionScalar.java> 820cf050 stfs f0,0x98(r31) (GhidraScript)  
INFO  FindInstructionScalar.java> 820d007c lfd f0,0x98(r1) (GhidraScript)  
INFO  FindInstructionScalar.java> 820d0104 std r10,0x98(r1) (GhidraScript)  
INFO  FindInstructionScalar.java> 820d019c lfd f13,0x98(r1) (GhidraScript)  
INFO  FindInstructionScalar.java> 820d29f4 lwz r11,0x98(r30) (GhidraScript)  
INFO  FindInstructionScalar.java> 820d2d28 lwz r6,0x98(r30) (GhidraScript)  
INFO  FindInstructionScalar.java> 820d2d74 lwz r11,0x98(r30) (GhidraScript)  
INFO  FindInstructionScalar.java> 820d43b0 std r10,0x98(r1) (GhidraScript)  
INFO  FindInstructionScalar.java> 820d4424 lfd f5,0x98(r1) (GhidraScript)  
INFO  FindInstructionScalar.java> 820d4468 std r10,0x98(r1) (GhidraScript)  
INFO  FindInstructionScalar.java> 820d448c lfd f13,0x98(r1) (GhidraScript)  
INFO  FindInstructionScalar.java> 820d7dc0 lwz r11,0x98(r30) (GhidraScript)  
INFO  FindInstructionScalar.java> 820e00b0 lwz r11,0x98(r11) (GhidraScript)  
INFO  FindInstructionScalar.java> 820e2ec4 lwz r11,0x98(r1) (GhidraScript)  
INFO  FindInstructionScalar.java> 820e2edc stw r11,0x98(r1) (GhidraScript)  
INFO  FindInstructionScalar.java> 820e30ac lwz r11,0x98(r1) (GhidraScript)  
INFO  FindInstructionScalar.java> 820e30c4 stw r11,0x98(r1) (GhidraScript)  
INFO  FindInstructionScalar.java> 820e86f8 stw r11,0x98(r3) (GhidraScript)  
INFO  FindInstructionScalar.java> 820e8aa8 stw r11,0x98(r3) (GhidraScript)  
INFO  FindInstructionScalar.java> 820e8d30 stw r11,0x98(r3) (GhidraScript)  
INFO  FindInstructionScalar.java> 820f0760 stw r30,0x98(r1) (GhidraScript)  
INFO  FindInstructionScalar.java> 820f07a4 lwz r11,0x98(r1) (GhidraScript)  
INFO  FindInstructionScalar.java> 820f07bc stw r30,0x98(r1) (GhidraScript)  
INFO  FindInstructionScalar.java> 820f8e0c lwz r11,0x98(r1) (GhidraScript)  
INFO  FindInstructionScalar.java> 820f8e20 stw r27,0x98(r1) (GhidraScript)  
INFO  FindInstructionScalar.java> 820fbda0 stfs f12,0x98(r1) (GhidraScript)  
INFO  FindInstructionScalar.java> 820fdc48 stfs f31,0x98(r30) (GhidraScript)  
INFO  FindInstructionScalar.java> 82105bec stfs f0,0x98(r1) (GhidraScript)  
INFO  FindInstructionScalar.java> 82106998 subi r12,r1,0x98 (GhidraScript)  
INFO  FindInstructionScalar.java> 82108224 stfs f0,0x98(r29) (GhidraScript)  
INFO  FindInstructionScalar.java> 8210834c stw r11,0x98(r1) (GhidraScript)  
INFO  FindInstructionScalar.java> 82108350 lfs f0,0x98(r1) (GhidraScript)  
INFO  FindInstructionScalar.java> 821097b8 stfs f31,0x98(r1) (GhidraScript)  
INFO  FindInstructionScalar.java> 821097e4 lfs f13,0x98(r1) (GhidraScript)  
INFO  FindInstructionScalar.java> 8210caa4 stw r31,0x98(r1) (GhidraScript)  
INFO  FindInstructionScalar.java> 8210fdf0 stw r11,0x98(r1) (GhidraScript)  
INFO  FindInstructionScalar.java> 8210fdf4 lwz r11,0x98(r1) (GhidraScript)  
INFO  FindInstructionScalar.java> 8210fdf8 stw r11,0x98(r1) (GhidraScript)  
INFO  FindInstructionScalar.java> 8210fe04 lwz r10,0x98(r1) (GhidraScript)  
INFO  FindInstructionScalar.java> 8210fe1c lwz r10,0x98(r1) (GhidraScript)  
INFO  FindInstructionScalar.java> 8210fe48 lwz r9,0x98(r1) (GhidraScript)  
INFO  FindInstructionScalar.java> 8210fe54 lwz r8,0x98(r1) (GhidraScript)  
INFO  FindInstructionScalar.java> 8210fe5c lwz r7,0x98(r1) (GhidraScript)  
INFO  FindInstructionScalar.java> 8211dfd0 lfs f2,0x98(r1) (GhidraScript)  
INFO  FindInstructionScalar.java> 821217c0 stfs f0,0x98(r1) (GhidraScript)  
INFO  FindInstructionScalar.java> 82121a1c stfs f0,0x98(r1) (GhidraScript)  
INFO  FindInstructionScalar.java> 82122504 lfs f0,0x98(r1) (GhidraScript)  
INFO  FindInstructionScalar.java> 821225ac stfs f0,0x98(r31) (GhidraScript)  
INFO  FindInstructionScalar.java> 82122608 lfs f9,0x98(r31) (GhidraScript)  
INFO  FindInstructionScalar.java> 82125194 stfs f0,0x98(r31) (GhidraScript)  
INFO  FindInstructionScalar.java> 82125484 stfs f0,0x98(r1) (GhidraScript)  
INFO  FindInstructionScalar.java> 82125cc4 addi r11,r11,0x98 (GhidraScript)  
INFO  FindInstructionScalar.java> 82132de0 stfs f0,0x98(r1) (GhidraScript)  
INFO  FindInstructionScalar.java> 8213e8d0 stfs f0,0x98(r1) (GhidraScript)  
INFO  FindInstructionScalar.java> 8213f664 subi r12,r1,0x98 (GhidraScript)  
INFO  FindInstructionScalar.java> 82142d6c stfs f31,0x98(r1) (GhidraScript)  
INFO  FindInstructionScalar.java> 82142df8 addi r10,r1,0x98 (GhidraScript)  
INFO  FindInstructionScalar.java> 82146ccc lfs f13,0x98(r31) (GhidraScript)  
INFO  FindInstructionScalar.java> 82146e20 stfs f22,0x98(r31) (GhidraScript)  
INFO  FindInstructionScalar.java> 82149990 stfs f0,0x98(r1) (GhidraScript)  
INFO  FindInstructionScalar.java> 8214a604 lwz r11,0x98(r11) (GhidraScript)  
INFO  FindInstructionScalar.java> 8214b22c lwz r11,0x98(r31) (GhidraScript)  
INFO  FindInstructionScalar.java> 8214b404 stfs f0,0x98(r1) (GhidraScript)  
INFO  FindInstructionScalar.java> 8214b5dc lwz r11,0x98(r31) (GhidraScript)  
INFO  FindInstructionScalar.java> 8214c848 subi r12,r1,0x98 (GhidraScript)  
INFO  FindInstructionScalar.java> 8214d3a8 stfs f0,0x98(r1) (GhidraScript)  
INFO  FindInstructionScalar.java> 8214df18 lwz r5,0x98(r30) (GhidraScript)  
INFO  FindInstructionScalar.java> 8214dfc8 lwz r31,0x98(r30) (GhidraScript)  
INFO  FindInstructionScalar.java> 8214e080 stw r11,0x98(r30) (GhidraScript)  
INFO  FindInstructionScalar.java> 8214e34c lwz r3,0x98(r30) (GhidraScript)  
INFO  FindInstructionScalar.java> 8214e360 stw r11,0x98(r30) (GhidraScript)  
INFO  FindInstructionScalar.java> 8214ef10 stfs f0,0x98(r1) (GhidraScript)  
INFO  FindInstructionScalar.java> 82150ebc subi r8,r4,0x98 (GhidraScript)  
INFO  FindInstructionScalar.java> 82153f24 stfs f2,0x98(r3) (GhidraScript)  
INFO  FindInstructionScalar.java> 82155204 subi r12,r1,0x98 (GhidraScript)  
INFO  FindInstructionScalar.java> 82158344 std r11,0x98(r1) (GhidraScript)  
INFO  FindInstructionScalar.java> 82158354 lfd f13,0x98(r1) (GhidraScript)  
INFO  FindInstructionScalar.java> 821586c8 subi r12,r1,0x98 (GhidraScript)  
INFO  FindInstructionScalar.java> 82158888 stfs f31,0x98(r1) (GhidraScript)  
INFO  FindInstructionScalar.java> 82158ab4 stfs f31,0x98(r1) (GhidraScript)  
INFO  FindInstructionScalar.java> 82158cdc stfs f31,0x98(r1) (GhidraScript)  
INFO  FindInstructionScalar.java> 82158df0 stfs f31,0x98(r1) (GhidraScript)  
INFO  FindInstructionScalar.java> 821590bc subi r12,r1,0x98 (GhidraScript)  
INFO  FindInstructionScalar.java> 8215a014 stw r3,0x98(r31) (GhidraScript)  
INFO  FindInstructionScalar.java> 8215a52c lwz r4,0x98(r31) (GhidraScript)  
INFO  FindInstructionScalar.java> 8215e160 stw r29,0x98(r30) (GhidraScript)  
INFO  FindInstructionScalar.java> 82160b8c lwz r11,0x98(r30) (GhidraScript)  
INFO  FindInstructionScalar.java> 82160c34 lwz r11,0x98(r30) (GhidraScript)  
INFO  FindInstructionScalar.java> 82160ca8 lwz r11,0x98(r30) (GhidraScript)  
INFO  FindInstructionScalar.java> 821653bc stw r11,0x98(r25) (GhidraScript)  
INFO  FindInstructionScalar.java> 821662c0 stw r10,0x98(r11) (GhidraScript)  
INFO  FindInstructionScalar.java> 821662dc lwz r9,0x98(r11) (GhidraScript)  
INFO  FindInstructionScalar.java> 8216650c lwz r8,0x98(r11) (GhidraScript)  
INFO  FindInstructionScalar.java> 821666d0 stw r11,0x98(r31) (GhidraScript)  
INFO  FindInstructionScalar.java> 82168378 lwz r11,0x98(r31) (GhidraScript)  
INFO  FindInstructionScalar.java> 8216a9c4 stw r11,0x98(r1) (GhidraScript)  
INFO  FindInstructionScalar.java> 8216a9d0 lfs f0,0x98(r1) (GhidraScript)  
INFO  FindInstructionScalar.java> 8216aa10 stfs f0,0x98(r1) (GhidraScript)  
INFO  FindInstructionScalar.java> 8216cd8c sth r27,0x98(r1) (GhidraScript)  
INFO  FindInstructionScalar.java> 8216d284 addi r10,r1,0x98 (GhidraScript)  
INFO  FindInstructionScalar.java> 8216d364 std r6,0x98(r1) (GhidraScript)  
INFO  FindInstructionScalar.java> 8216e57c sth r11,0x98(r1) (GhidraScript)  
INFO  FindInstructionScalar.java> 8217b0e8 lwz r10,0x98(r30) (GhidraScript)  
INFO  FindInstructionScalar.java> 8217b134 stw r11,0x98(r30) (GhidraScript)  
INFO  FindInstructionScalar.java> 82180ef4 stfs f0,0x98(r6) (GhidraScript)  
INFO  FindInstructionScalar.java> 82181218 lwz r10,0x98(r3) (GhidraScript)  
INFO  FindInstructionScalar.java> 82181474 stfs f0,0x98(r5) (GhidraScript)  
INFO  FindInstructionScalar.java> 82182dac stfs f0,0x98(r11) (GhidraScript)  
INFO  FindInstructionScalar.java> 82182ed8 lwz r8,0x98(r3) (GhidraScript)  
INFO  FindInstructionScalar.java> 821856a0 addi r10,r31,0x98 (GhidraScript)  
INFO  FindInstructionScalar.java> 8218a9f8 lwz r10,0x98(r3) (GhidraScript)  
INFO  FindInstructionScalar.java> 8218b0ac lwz r10,0x98(r3) (GhidraScript)  
INFO  FindInstructionScalar.java> 8218b2ec lwz r10,0x98(r3) (GhidraScript)  
INFO  FindInstructionScalar.java> 8218b440 stfs f12,0x98(r11) (GhidraScript)  
INFO  FindInstructionScalar.java> 8218b618 stfs f12,0x98(r11) (GhidraScript)  
INFO  FindInstructionScalar.java> 8218b7e4 stfs f13,0x98(r11) (GhidraScript)  
INFO  FindInstructionScalar.java> 8218bf70 stfs f0,0x98(r11) (GhidraScript)  
INFO  FindInstructionScalar.java> 8218c2ac lwz r10,0x98(r3) (GhidraScript)  
INFO  FindInstructionScalar.java> 8218c4e0 stfs f13,0x98(r11) (GhidraScript)  
INFO  FindInstructionScalar.java> 8218cbfc stfs f0,0x98(r11) (GhidraScript)  
INFO  FindInstructionScalar.java> 8218ce84 stfs f0,0x98(r11) (GhidraScript)  
INFO  FindInstructionScalar.java> 8218d10c stfs f0,0x98(r11) (GhidraScript)  
INFO  FindInstructionScalar.java> 8218d394 stfs f0,0x98(r11) (GhidraScript)  
INFO  FindInstructionScalar.java> 8218d61c stfs f0,0x98(r11) (GhidraScript)  
INFO  FindInstructionScalar.java> 8218d8a4 stfs f0,0x98(r11) (GhidraScript)  
INFO  FindInstructionScalar.java> 8218db04 lwz r10,0x98(r4) (GhidraScript)  
INFO  FindInstructionScalar.java> 8218db30 stfs f0,0x98(r11) (GhidraScript)  
INFO  FindInstructionScalar.java> 8218dec0 stfs f0,0x98(r3) (GhidraScript)  
INFO  FindInstructionScalar.java> 8218f250 lwz r11,0x98(r11) (GhidraScript)  
INFO  FindInstructionScalar.java> 8219008c stw r31,0x98(r1) (GhidraScript)  
INFO  FindInstructionScalar.java> 8219558c stfs f0,0x98(r1) (GhidraScript)  
INFO  FindInstructionScalar.java> 821a2e9c subi r12,r1,0x98 (GhidraScript)  
INFO  FindInstructionScalar.java> 821a69ac subi r12,r1,0x98 (GhidraScript)  
INFO  FindInstructionScalar.java> 821ade30 stb r10,0x98(r9) (GhidraScript)  
INFO  FindInstructionScalar.java> 821b71dc lis r11,0x98 (GhidraScript)  
INFO  FindInstructionScalar.java> 821b9a4c addi r10,r3,0x98 (GhidraScript)  
INFO  FindInstructionScalar.java> 821c36b4 stw r22,0x98(r1) (GhidraScript)  
INFO  FindInstructionScalar.java> 821c45c4 stw r31,0x98(r1) (GhidraScript)  
INFO  FindInstructionScalar.java> 821c4a38 lwz r11,0x98(r31) (GhidraScript)  
INFO  FindInstructionScalar.java> 821c4a50 lwz r11,0x98(r31) (GhidraScript)  
INFO  FindInstructionScalar.java> 821c4d8c stw r31,0x98(r1) (GhidraScript)  
INFO  FindInstructionScalar.java> 821ce964 stw r9,0x98(r23) (GhidraScript)  
INFO  FindInstructionScalar.java> 821cea1c lwz r11,0x98(r23) (GhidraScript)  
INFO  FindInstructionScalar.java> 821d2158 std r26,0x98(r1) (GhidraScript)  
INFO  FindInstructionScalar.java> 821d2264 std r26,0x98(r1) (GhidraScript)  
INFO  FindInstructionScalar.java> 821d22ec lis r11,0x98 (GhidraScript)  
INFO  FindInstructionScalar.java> 821d8038 mulli r10,r4,0x98 (GhidraScript)  
INFO  FindInstructionScalar.java> 821d804c subi r31,r11,0x98 (GhidraScript)  
INFO  FindInstructionScalar.java> 821d8380 addi r30,r30,0x98 (GhidraScript)  
INFO  FindInstructionScalar.java> 821d84e0 mulli r10,r3,0x98 (GhidraScript)  
INFO  FindInstructionScalar.java> 821e62e4 addi r9,r1,0x98 (GhidraScript)  
INFO  FindInstructionScalar.java> 821e6ce8 std r9,0x98(r1) (GhidraScript)  
INFO  FindInstructionScalar.java> 821e6cec lfd f11,0x98(r1) (GhidraScript)  
INFO  FindInstructionScalar.java> 821eb340 addi r9,r31,0x98 (GhidraScript)  
INFO  FindInstructionScalar.java> 821ee918 lwz r3,0x98(r31) (GhidraScript)  
INFO  FindInstructionScalar.java> 821eec94 subi r12,r1,0x98 (GhidraScript)  
INFO  FindInstructionScalar.java> 821f2d9c lwz r11,0x98(r31) (GhidraScript)  
INFO  FindInstructionScalar.java> 821f53b8 std r28,0x98(r1) (GhidraScript)  
INFO  FindInstructionScalar.java> 821f53bc lfd f13,0x98(r1) (GhidraScript)  
INFO  FindInstructionScalar.java> 821f68b0 lwz r11,0x98(r1) (GhidraScript)  
INFO  FindInstructionScalar.java> 821f6acc addi r3,r1,0x98 (GhidraScript)  
INFO  FindInstructionScalar.java> 821fb504 addi r3,r31,0x98 (GhidraScript)  
INFO  FindInstructionScalar.java> 821fb518 lis r11,0x98 (GhidraScript)  
INFO  FindInstructionScalar.java> 821fcf70 lwz r11,0x98(r31) (GhidraScript)  
INFO  FindInstructionScalar.java> 821fcf8c stw r11,0x98(r31) (GhidraScript)  
INFO  FindInstructionScalar.java> 821fd374 lwz r11,0x98(r31) (GhidraScript)  
INFO  FindInstructionScalar.java> 821fdc08 stw r24,0x98(r31) (GhidraScript)  
INFO  FindInstructionScalar.java> 822016c4 addi r6,r1,0x98 (GhidraScript)  
INFO  FindInstructionScalar.java> 82201764 lwz r9,0x98(r1) (GhidraScript)  
INFO  FindInstructionScalar.java> 82208a20 stb r11,0x98(r1) (GhidraScript)  
INFO  FindInstructionScalar.java> 8220bee8 addi r4,r1,0x98 (GhidraScript)  
INFO  FindInstructionScalar.java> 8220da98 stw r11,0x98(r31) (GhidraScript)  
INFO  FindInstructionScalar.java> 822148a4 lfs f7,0x98(r1) (GhidraScript)  
INFO  FindInstructionScalar.java> 82217b20 stfs f13,0x98(r31) (GhidraScript)  
INFO  FindInstructionScalar.java> 8221a488 lwz r11,0x98(r11) (GhidraScript)  
INFO  FindInstructionScalar.java> 8221a558 lwz r11,0x98(r11) (GhidraScript)  
INFO  FindInstructionScalar.java> 8221a628 lwz r11,0x98(r11) (GhidraScript)  
INFO  FindInstructionScalar.java> 8221a6f8 lwz r11,0x98(r11) (GhidraScript)  
INFO  FindInstructionScalar.java> 8221a898 lwz r11,0x98(r11) (GhidraScript)  
INFO  FindInstructionScalar.java> 8221b1c4 stfs f31,0x98(r30) (GhidraScript)  
INFO  FindInstructionScalar.java> 8221b3a4 stfs f0,0x98(r30) (GhidraScript)  
INFO  FindInstructionScalar.java> 8221b494 stfs f0,0x98(r30) (GhidraScript)  
INFO  FindInstructionScalar.java> 8221b588 stfs f0,0x98(r29) (GhidraScript)  
INFO  FindInstructionScalar.java> 8221b6a8 stfs f0,0x98(r29) (GhidraScript)  
INFO  FindInstructionScalar.java> 82220cd4 lwz r11,0x98(r11) (GhidraScript)  
INFO  FindInstructionScalar.java> 822219bc stfs f0,0x98(r11) (GhidraScript)  
INFO  FindInstructionScalar.java> 82222908 lwz r11,0x98(r11) (GhidraScript)  
INFO  FindInstructionScalar.java> 82222d9c lwz r11,0x98(r10) (GhidraScript)  
INFO  FindInstructionScalar.java> 82222dd4 lwz r11,0x98(r11) (GhidraScript)  
INFO  FindInstructionScalar.java> 82226c6c stw r11,0x98(r1) (GhidraScript)  
INFO  FindInstructionScalar.java> 82226e58 stw r11,0x98(r1) (GhidraScript)  
INFO  FindInstructionScalar.java> 82227764 lwz r11,0x98(r31) (GhidraScript)  
INFO  FindInstructionScalar.java> 82235be0 stw r11,0x98(r1) (GhidraScript)  
INFO  FindInstructionScalar.java> 82236130 subi r12,r1,0x98 (GhidraScript)  
INFO  FindInstructionScalar.java> 82236d18 stfs f31,0x98(r1) (GhidraScript)  
INFO  FindInstructionScalar.java> 8223c24c stw r3,0x98(r1) (GhidraScript)  
INFO  FindInstructionScalar.java> 8223ca10 stw r10,0x98(r1) (GhidraScript)  
INFO  FindInstructionScalar.java> 8223cc70 stw r9,0x98(r1) (GhidraScript)  
INFO  FindInstructionScalar.java> 8223e010 stfs f31,0x98(r1) (GhidraScript)  
INFO  FindInstructionScalar.java> 8223e068 stfs f0,0x98(r1) (GhidraScript)  
INFO  FindInstructionScalar.java> 82241d28 stfs f30,0x98(r1) (GhidraScript)  
INFO  FindInstructionScalar.java> 82241d94 addi r4,r1,0x98 (GhidraScript)  
INFO  FindInstructionScalar.java> 8224222c lfs f0,0x98(r1) (GhidraScript)  
INFO  FindInstructionScalar.java> 822431a4 std r10,0x98(r1) (GhidraScript)  
INFO  FindInstructionScalar.java> 822431a8 lfd f0,0x98(r1) (GhidraScript)  
INFO  FindInstructionScalar.java> 82246054 lfs f10,0x98(r1) (GhidraScript)  
INFO  FindInstructionScalar.java> 822478c8 stfs f13,0x98(r1) (GhidraScript)  
INFO  FindInstructionScalar.java> 82247988 stfs f9,0x98(r1) (GhidraScript)  
INFO  FindInstructionScalar.java> 82247a2c stfs f0,0x98(r1) (GhidraScript)  
INFO  FindInstructionScalar.java> 82247ad0 stfs f0,0x98(r1) (GhidraScript)  
INFO  FindInstructionScalar.java> 82247bbc stfs f9,0x98(r1) (GhidraScript)  
INFO  FindInstructionScalar.java> 82247c78 stfs f9,0x98(r1) (GhidraScript)  
INFO  FindInstructionScalar.java> 82247d4c stfs f9,0x98(r1) (GhidraScript)  
INFO  FindInstructionScalar.java> 82247e18 stfs f9,0x98(r1) (GhidraScript)  
INFO  FindInstructionScalar.java> 82249898 addi r3,r1,0x98 (GhidraScript)  
INFO  FindInstructionScalar.java> 8224a6d0 subi r12,r1,0x98 (GhidraScript)  
INFO  FindInstructionScalar.java> 8224a980 stfs f29,0x98(r1) (GhidraScript)  
INFO  FindInstructionScalar.java> 8224a994 addi r9,r1,0x98 (GhidraScript)  
INFO  FindInstructionScalar.java> 8224ab64 addi r5,r1,0x98 (GhidraScript)  
INFO  FindInstructionScalar.java> 8224ab90 stfs f12,0x98(r1) (GhidraScript)  
INFO  FindInstructionScalar.java> 8224c3ec lwz r11,0x98(r1) (GhidraScript)  
INFO  FindInstructionScalar.java> 8224c5d0 subi r12,r1,0x98 (GhidraScript)  
INFO  FindInstructionScalar.java> 8224da5c lfs f0,0x98(r11) (GhidraScript)  
INFO  FindInstructionScalar.java> 8224e9a8 lfs f12,0x98(r1) (GhidraScript)  
INFO  FindInstructionScalar.java> 82250adc lwz r11,0x98(r11) (GhidraScript)  
INFO  FindInstructionScalar.java> 8225314c lwz r11,0x98(r11) (GhidraScript)  
INFO  FindInstructionScalar.java> 82256ec8 stfs f0,0x98(r1) (GhidraScript)  
INFO  FindInstructionScalar.java> 82259850 stw r10,0x98(r11) (GhidraScript)  
INFO  FindInstructionScalar.java> 8226b608 lwz r11,0x98(r11) (GhidraScript)  
INFO  FindInstructionScalar.java> 82270e84 lwz r11,0x98(r11) (GhidraScript)  
INFO  FindInstructionScalar.java> 82275ea0 lwz r11,0x98(r11) (GhidraScript)  
INFO  FindInstructionScalar.java> 822761a4 stw r11,0x98(r3) (GhidraScript)  
INFO  FindInstructionScalar.java> 8227661c addi r28,r31,0x98 (GhidraScript)  
INFO  FindInstructionScalar.java> 82276a28 stw r8,0x98(r31) (GhidraScript)  
INFO  FindInstructionScalar.java> 82276b7c stw r7,0x98(r31) (GhidraScript)  
INFO  FindInstructionScalar.java> 8227cd3c stfs f31,0x98(r1) (GhidraScript)  
INFO  FindInstructionScalar.java> 8227cd94 ld r5,0x98(r1) (GhidraScript)  
INFO  FindInstructionScalar.java> 8227fd54 stfs f30,0x98(r1) (GhidraScript)  
INFO  FindInstructionScalar.java> 8228137c ld r25,0x98(r1) (GhidraScript)  
INFO  FindInstructionScalar.java> 82281654 ld r26,0x98(r1) (GhidraScript)  
INFO  FindInstructionScalar.java> 8228296c lfs f13,0x98(r1) (GhidraScript)  
INFO  FindInstructionScalar.java> 82282974 stfs f0,0x98(r1) (GhidraScript)  
INFO  FindInstructionScalar.java> 8228299c ld r28,0x98(r1) (GhidraScript)  
INFO  FindInstructionScalar.java> 82284898 stw r27,0x98(r1) (GhidraScript)  
INFO  FindInstructionScalar.java> 82285730 stfs f0,0x98(r3) (GhidraScript)  
INFO  FindInstructionScalar.java> 8228587c stfs f31,0x98(r31) (GhidraScript)  
INFO  FindInstructionScalar.java> 822863d4 lfs f13,0x98(r30) (GhidraScript)  
INFO  FindInstructionScalar.java> 822863e0 stfs f13,0x98(r30) (GhidraScript)  
INFO  FindInstructionScalar.java> 8228e3b8 subi r12,r1,0x98 (GhidraScript)  
INFO  FindInstructionScalar.java> 8228e828 stw r30,0x98(r31) (GhidraScript)  
INFO  FindInstructionScalar.java> 82291ccc stw r11,0x98(r1) (GhidraScript)  
INFO  FindInstructionScalar.java> 822a9598 subi r12,r1,0x98 (GhidraScript)  
INFO  FindInstructionScalar.java> 822ade1c stw r10,0x98(r11) (GhidraScript)  
INFO  FindInstructionScalar.java> 822ade2c stw r10,0x98(r11) (GhidraScript)  
INFO  FindInstructionScalar.java> 822af12c stw r29,0x98(r31) (GhidraScript)  
INFO  FindInstructionScalar.java> 822afba8 lwz r11,0x98(r11) (GhidraScript)  
INFO  FindInstructionScalar.java> 822b2830 lwz r11,0x98(r11) (GhidraScript)  
INFO  FindInstructionScalar.java> 822b91c4 stw r10,0x98(r1) (GhidraScript)  
INFO  FindInstructionScalar.java> 822bcfd8 stfs f0,0x98(r1) (GhidraScript)  
INFO  FindInstructionScalar.java> 822bcfe8 ld r8,0x98(r1) (GhidraScript)  
INFO  FindInstructionScalar.java> 822bd884 addi r29,r31,0x98 (GhidraScript)  
INFO  FindInstructionScalar.java> 822bdd2c addi r28,r29,0x98 (GhidraScript)  
INFO  FindInstructionScalar.java> 822be510 stfs f0,0x98(r31) (GhidraScript)  
INFO  FindInstructionScalar.java> 822be52c stfs f0,0x98(r31) (GhidraScript)  
INFO  FindInstructionScalar.java> 822bf148 stfs f0,0x98(r31) (GhidraScript)  
INFO  FindInstructionScalar.java> 822bf1b8 stfs f12,0x98(r31) (GhidraScript)  
INFO  FindInstructionScalar.java> 822bfbd4 stb r25,0x98(r31) (GhidraScript)  
INFO  FindInstructionScalar.java> 822bfe2c stb r26,0x98(r31) (GhidraScript)  
INFO  FindInstructionScalar.java> 822c0a04 stfs f0,0x98(r31) (GhidraScript)  
INFO  FindInstructionScalar.java> 822c0a34 lfs f0,0x98(r31) (GhidraScript)  
INFO  FindInstructionScalar.java> 822c0d94 lwz r11,0x98(r11) (GhidraScript)  
INFO  FindInstructionScalar.java> 822c0e3c lwz r11,0x98(r11) (GhidraScript)  
INFO  FindInstructionScalar.java> 822c16cc lfs f10,0x98(r31) (GhidraScript)  
INFO  FindInstructionScalar.java> 822c1bb8 stb r29,0x98(r31) (GhidraScript)  
INFO  FindInstructionScalar.java> 822c1f98 stfs f31,0x98(r31) (GhidraScript)  
INFO  FindInstructionScalar.java> 822c28a0 stfs f0,0x98(r31) (GhidraScript)  
INFO  FindInstructionScalar.java> 822c2a04 stfs f0,0x98(r31) (GhidraScript)  
INFO  FindInstructionScalar.java> 822c2a24 stfs f13,0x98(r31) (GhidraScript)  
INFO  FindInstructionScalar.java> 822c3a74 lwz r10,0x98(r11) (GhidraScript)  
INFO  FindInstructionScalar.java> 822c8178 std r10,0x98(r1) (GhidraScript)  
INFO  FindInstructionScalar.java> 822c8180 lfd f9,0x98(r1) (GhidraScript)  
INFO  FindInstructionScalar.java> 822ca74c lwz r10,0x98(r1) (GhidraScript)  
INFO  FindInstructionScalar.java> 822cb4b0 stfs f0,0x98(r3) (GhidraScript)  
INFO  FindInstructionScalar.java> 822cb6a4 stfs f0,0x98(r3) (GhidraScript)  
INFO  FindInstructionScalar.java> 822d5f68 lfs f10,0x98(r1) (GhidraScript)  
INFO  FindInstructionScalar.java> 822d7e84 lfs f0,0x98(r1) (GhidraScript)  
INFO  FindInstructionScalar.java> 822d7e8c stfs f0,0x98(r1) (GhidraScript)  
INFO  FindInstructionScalar.java> 822d8368 lfs f0,0x98(r1) (GhidraScript)  
INFO  FindInstructionScalar.java> 822d8370 stfs f0,0x98(r1) (GhidraScript)  
INFO  FindInstructionScalar.java> 822d8d30 subi r12,r1,0x98 (GhidraScript)  
INFO  FindInstructionScalar.java> 822d8f10 stfs f0,0x98(r3) (GhidraScript)  
INFO  FindInstructionScalar.java> 822d9580 addi r3,r31,0x98 (GhidraScript)  
INFO  FindInstructionScalar.java> 822d978c stfs f0,0x98(r31) (GhidraScript)  
INFO  FindInstructionScalar.java> 822da490 addi r4,r31,0x98 (GhidraScript)  
INFO  FindInstructionScalar.java> 822da4cc lfs f13,0x98(r31) (GhidraScript)  
INFO  FindInstructionScalar.java> 822da4d8 stfs f0,0x98(r31) (GhidraScript)  
INFO  FindInstructionScalar.java> 822dffd4 std r11,0x98(r1) (GhidraScript)  
INFO  FindInstructionScalar.java> 822dffd8 lfd f0,0x98(r1) (GhidraScript)  
INFO  FindInstructionScalar.java> 822e04a8 std r11,0x98(r1) (GhidraScript)  
INFO  FindInstructionScalar.java> 822e04ac lfd f0,0x98(r1) (GhidraScript)  
INFO  FindInstructionScalar.java> 822e060c stw r11,0x98(r1) (GhidraScript)  
INFO  FindInstructionScalar.java> 822e376c stw r7,0x98(r1) (GhidraScript)  
INFO  FindInstructionScalar.java> 822e5f4c li r5,0x98 (GhidraScript)  
INFO  FindInstructionScalar.java> 822f2d94 addi r4,r30,0x98 (GhidraScript)  
INFO  FindInstructionScalar.java> 822f7774 stfs f9,0x98(r1) (GhidraScript)  
INFO  FindInstructionScalar.java> 822f78c4 stfs f0,0x98(r1) (GhidraScript)  
INFO  FindInstructionScalar.java> 822fd280 stfs f12,0x98(r1) (GhidraScript)  
INFO  FindInstructionScalar.java> 82301334 lfs f13,0x98(r11) (GhidraScript)  
INFO  FindInstructionScalar.java> 82301fe8 stfs f0,0x98(r1) (GhidraScript)  
INFO  FindInstructionScalar.java> 8230206c ld r5,0x98(r1) (GhidraScript)  
INFO  FindInstructionScalar.java> 82303268 ld r6,0x98(r1) (GhidraScript)  
INFO  FindInstructionScalar.java> 82303298 ld r6,0x98(r1) (GhidraScript)  
INFO  FindInstructionScalar.java> 82303e24 stw r11,0x98(r1) (GhidraScript)  
INFO  FindInstructionScalar.java> 823043c4 stfs f27,0x98(r1) (GhidraScript)  
INFO  FindInstructionScalar.java> 823071b4 lfs f31,0x98(r31) (GhidraScript)  
INFO  FindInstructionScalar.java> 8230ac7c stfs f13,0x98(r1) (GhidraScript)  
INFO  FindInstructionScalar.java> 8231374c stfs f0,0x98(r1) (GhidraScript)  
INFO  FindInstructionScalar.java> 82313ad0 stfs f31,0x98(r1) (GhidraScript)  
INFO  FindInstructionScalar.java> 82314604 stfs f31,0x98(r1) (GhidraScript)  
INFO  FindInstructionScalar.java> 823194b0 ld r6,0x98(r1) (GhidraScript)  
INFO  FindInstructionScalar.java> 8231b000 stfs f0,0x98(r1) (GhidraScript)  
INFO  FindInstructionScalar.java> 8231c9e4 addi r3,r31,0x98 (GhidraScript)  
INFO  FindInstructionScalar.java> 8231cb90 addi r3,r30,0x98 (GhidraScript)  
INFO  FindInstructionScalar.java> 82329494 stfs f31,0x98(r1) (GhidraScript)  
INFO  FindInstructionScalar.java> 82329678 ld r8,0x98(r1) (GhidraScript)  
INFO  FindInstructionScalar.java> 8232bba4 stfs f0,0x98(r31) (GhidraScript)  
INFO  FindInstructionScalar.java> 8232c39c stfs f0,0x98(r31) (GhidraScript)  
INFO  FindInstructionScalar.java> 8232c924 lfs f0,0x98(r31) (GhidraScript)  
INFO  FindInstructionScalar.java> 8232c930 stfs f0,0x98(r31) (GhidraScript)  
INFO  FindInstructionScalar.java> 8232cad8 lfs f13,0x98(r31) (GhidraScript)  
INFO  FindInstructionScalar.java> 8232d208 lfs f13,0x98(r31) (GhidraScript)  
INFO  FindInstructionScalar.java> 8232d738 lwz r11,0x98(r11) (GhidraScript)  
INFO  FindInstructionScalar.java> 8232ecb4 stfs f0,0x98(r1) (GhidraScript)  
INFO  FindInstructionScalar.java> 8232f530 stfs f31,0x98(r1) (GhidraScript)  
INFO  FindInstructionScalar.java> 82330890 stfs f31,0x98(r1) (GhidraScript)  
INFO  FindInstructionScalar.java> 8233090c lfs f0,0x98(r31) (GhidraScript)  
INFO  FindInstructionScalar.java> 82332040 stfs f27,0x98(r1) (GhidraScript)  
INFO  FindInstructionScalar.java> 823379a4 stfs f13,0x98(r1) (GhidraScript)  
INFO  FindInstructionScalar.java> 8233e104 addi r3,r3,0x98 (GhidraScript)  
INFO  FindInstructionScalar.java> 8233e45c addi r30,r31,0x98 (GhidraScript)  
INFO  FindInstructionScalar.java> 823402d8 std r11,0x98(r31) (GhidraScript)  
INFO  FindInstructionScalar.java> 82343ac0 stfs f4,0x98(r1) (GhidraScript)  
INFO  FindInstructionScalar.java> 82347d74 addi r3,r1,0x98 (GhidraScript)  
INFO  FindInstructionScalar.java> 82349ec0 lwz r3,0x98(r31) (GhidraScript)  
INFO  FindInstructionScalar.java> 8234a0a4 lwz r3,0x98(r31) (GhidraScript)  
INFO  FindInstructionScalar.java> 8234a210 stw r11,0x98(r31) (GhidraScript)  
INFO  FindInstructionScalar.java> 82354284 stw r10,0x98(r31) (GhidraScript)  
INFO  FindInstructionScalar.java> 823542d4 stw r10,0x98(r31) (GhidraScript)  
INFO  FindInstructionScalar.java> 8235816c addi r3,r11,0x98 (GhidraScript)  
INFO  FindInstructionScalar.java> 82365248 addi r3,r10,0x98 (GhidraScript)  
INFO  FindInstructionScalar.java> 82365780 addi r3,r11,0x98 (GhidraScript)  
INFO  FindInstructionScalar.java> 823677e4 addi r31,r28,0x98 (GhidraScript)  
INFO  FindInstructionScalar.java> 8236bac0 lwz r3,0x98(r3) (GhidraScript)  
INFO  FindInstructionScalar.java> 8236bdd4 addi r3,r31,0x98 (GhidraScript)  
INFO  FindInstructionScalar.java> 82373504 lwz r3,0x98(r1) (GhidraScript)  
INFO  FindInstructionScalar.java> 823742ac stb r11,0x98(r1) (GhidraScript)  
INFO  FindInstructionScalar.java> 82376d4c stb r30,0x98(r1) (GhidraScript)  
INFO  FindInstructionScalar.java> 82378154 addi r3,r31,0x98 (GhidraScript)  
INFO  FindInstructionScalar.java> 82379db8 stfs f13,0x98(r31) (GhidraScript)  
INFO  FindInstructionScalar.java> 82379f10 addi r3,r1,0x98 (GhidraScript)  
INFO  FindInstructionScalar.java> 82379f18 addi r4,r1,0x98 (GhidraScript)  
INFO  FindInstructionScalar.java> 8237bd24 lwz r4,0x98(r31) (GhidraScript)  
INFO  FindInstructionScalar.java> 82382840 std r6,0x98(r1) (GhidraScript)  
INFO  FindInstructionScalar.java> 8238319c lwz r10,0x98(r11) (GhidraScript)  
INFO  FindInstructionScalar.java> 82385f30 addi r10,r31,0x98 (GhidraScript)  
INFO  FindInstructionScalar.java> 823910b0 subi r11,r1,0x98 (GhidraScript)  
INFO  FindInstructionScalar.java> 82391138 subi r11,r1,0x98 (GhidraScript)  
INFO  FindInstructionScalar.java> 82391160 subi r9,r1,0x98 (GhidraScript)  
INFO  FindInstructionScalar.java> 8239118c subi r7,r1,0x98 (GhidraScript)  
INFO  FindInstructionScalar.java> 823911e0 subi r9,r1,0x98 (GhidraScript)  
INFO  FindInstructionScalar.java> 82391240 subi r9,r1,0x98 (GhidraScript)  
INFO  FindInstructionScalar.java> 82391284 subi r11,r1,0x98 (GhidraScript)  
INFO  FindInstructionScalar.java> 823912b4 subi r9,r1,0x98 (GhidraScript)  
INFO  FindInstructionScalar.java> 823912d8 subi r8,r1,0x98 (GhidraScript)  
INFO  FindInstructionScalar.java> 8239136c subi r28,r1,0x98 (GhidraScript)  
INFO  FindInstructionScalar.java> 823913a0 subi r11,r1,0x98 (GhidraScript)  
INFO  FindInstructionScalar.java> 823913c8 subi r9,r1,0x98 (GhidraScript)  
INFO  FindInstructionScalar.java> 823913f4 subi r7,r1,0x98 (GhidraScript)  
INFO  FindInstructionScalar.java> 82391448 subi r9,r1,0x98 (GhidraScript)  
INFO  FindInstructionScalar.java> 823914ac subi r9,r1,0x98 (GhidraScript)  
INFO  FindInstructionScalar.java> 823914e0 subi r10,r1,0x98 (GhidraScript)  
INFO  FindInstructionScalar.java> 8239158c subi r11,r1,0x98 (GhidraScript)  
INFO  FindInstructionScalar.java> 823915bc subi r9,r1,0x98 (GhidraScript)  
INFO  FindInstructionScalar.java> 82391688 subi r10,r1,0x98 (GhidraScript)  
INFO  FindInstructionScalar.java> 82391850 subi r11,r1,0x98 (GhidraScript)  
INFO  FindInstructionScalar.java> 82391878 subi r9,r1,0x98 (GhidraScript)  
INFO  FindInstructionScalar.java> 823918a4 subi r7,r1,0x98 (GhidraScript)  
INFO  FindInstructionScalar.java> 823918f8 subi r9,r1,0x98 (GhidraScript)  
INFO  FindInstructionScalar.java> 82391958 subi r9,r1,0x98 (GhidraScript)  
INFO  FindInstructionScalar.java> 8239199c subi r11,r1,0x98 (GhidraScript)  
INFO  FindInstructionScalar.java> 823919cc subi r9,r1,0x98 (GhidraScript)  
INFO  FindInstructionScalar.java> 823919f0 subi r8,r1,0x98 (GhidraScript)  
INFO  FindInstructionScalar.java> 82391a84 subi r28,r1,0x98 (GhidraScript)  
INFO  FindInstructionScalar.java> 82391ab8 subi r11,r1,0x98 (GhidraScript)  
INFO  FindInstructionScalar.java> 82391ae0 subi r9,r1,0x98 (GhidraScript)  
INFO  FindInstructionScalar.java> 82391b0c subi r7,r1,0x98 (GhidraScript)  
INFO  FindInstructionScalar.java> 82391b60 subi r9,r1,0x98 (GhidraScript)  
INFO  FindInstructionScalar.java> 82391bc4 subi r9,r1,0x98 (GhidraScript)  
INFO  FindInstructionScalar.java> 82391bf8 subi r10,r1,0x98 (GhidraScript)  
INFO  FindInstructionScalar.java> 82391ca4 subi r11,r1,0x98 (GhidraScript)  
INFO  FindInstructionScalar.java> 82391cd4 subi r9,r1,0x98 (GhidraScript)  
INFO  FindInstructionScalar.java> 82391da0 subi r10,r1,0x98 (GhidraScript)  
INFO  FindInstructionScalar.java> 82392dbc ld r16,0x98(r4) (GhidraScript)  
INFO  FindInstructionScalar.java> 82393624 addi r3,r1,0x98 (GhidraScript)  
INFO  FindInstructionScalar.java> 82393e10 addi r3,r1,0x98 (GhidraScript)  
INFO  FindInstructionScalar.java> 823969f8 stw r3,0x98(r31) (GhidraScript)  
INFO  FindInstructionScalar.java> 8239a2b8 lwz r3,0x98(r1) (GhidraScript)  
INFO  FindInstructionScalar.java> 8239bc30 lbz r11,0x98(r1) (GhidraScript)  
INFO  FindInstructionScalar.java> 8239c980 ld r11,0x98(r1) (GhidraScript)  
INFO  FindInstructionScalar.java> 823b3120 stfs f0,0x98(r1) (GhidraScript)  
INFO  FindInstructionScalar.java> 823b4b50 stw r22,0x98(r1) (GhidraScript)  
INFO  FindInstructionScalar.java> 823b4d44 lwz r11,0x98(r1) (GhidraScript)  
INFO  FindInstructionScalar.java> 823b5190 stw r10,0x98(r1) (GhidraScript)  
INFO  FindInstructionScalar.java> 823b5b80 lwz r19,0x98(r1) (GhidraScript)  
INFO  FindInstructionScalar.java> 823b6248 stw r10,0x98(r1) (GhidraScript)  
INFO  FindInstructionScalar.java> 823bae78 stw r11,0x98(r31) (GhidraScript)  
INFO  FindInstructionScalar.java> 823baf14 stw r11,0x98(r31) (GhidraScript)  
INFO  FindInstructionScalar.java> 823c0b24 subi r12,r1,0x98 (GhidraScript)  
INFO  FindInstructionScalar.java> 823d4714 ld r13,0x98(r7) (GhidraScript)  
INFO  FindInstructionScalar.java> 823d4a14 std r13,0x98(r3) (GhidraScript)  
INFO  FindInstructionScalar.java> 823dd11c std r8,0x98(r1) (GhidraScript)  
INFO  FindInstructionScalar.java> 823dd13c lfd f10,0x98(r1) (GhidraScript)  
INFO  REPORT: Save succeeded for processed file: /default.xex (HeadlessAnalyzer)  
