openjdk version "21.0.11" 2026-04-21
OpenJDK Runtime Environment (build 21.0.11+10-1-26.04.2-Ubuntu)
OpenJDK 64-Bit Server VM (build 21.0.11+10-1-26.04.2-Ubuntu, mixed mode)
INFO  Using log config file: jar:file:/fastdata/lavaulta/auto-re-agent/.tools/ghidra_12.1.2_PUBLIC/Ghidra/Framework/Generic/lib/Generic.jar!/generic.log4j.xml (LoggingInitialization)  
INFO  Using log file: /home/lavaulta/.config/ghidra/ghidra_12.1.2_PUBLIC/application.log (LoggingInitialization)  
INFO  Loading user preferences: /home/lavaulta/.config/ghidra/ghidra_12.1.2_PUBLIC/preferences (Preferences)  
INFO  Searching for classes... (ClassSearcher)  
INFO  Ignoring class 'xexloaderwv.XEXLoaderWVLoader' from '/fastdata/lavaulta/auto-re-agent/.tools/ghidra_12.1.2_PUBLIC/Ghidra/Extensions/XEXLoaderWV/lib/XEXLoaderWV.jar'. Already found at '/fastdata/lavaulta/auto-re-agent/.tools/ghidra_12.1.2_PUBLIC/Ghidra/patch/XEXLoaderWV-java21.jar'. (ClassSearcher)  
INFO  Class search complete (1496 ms) (ClassSearcher)  
INFO  Initializing SSL Context (DefaultSSLContextInitializer)  
INFO  Initializing Random Number Generator... (SecureRandomFactory)  
INFO  Random Number Generator initialization complete: NativePRNGNonBlocking (SecureRandomFactory)  
INFO  Trust manager disabled, cacerts have not been set (DefaultTrustManagerFactory)  
INFO  Headless startup complete (3093 ms) (AnalyzeHeadless)  
INFO  Class searcher loaded 59 extension points (20 false positives) (ClassSearcher)  
INFO  HEADLESS Script Paths:
    /fastdata/lavaulta/auto-re-agent/.tools/ghidra_12.1.2_PUBLIC/Ghidra/Features/MicrosoftCodeAnalyzer/ghidra_scripts
    /fastdata/lavaulta/auto-re-agent/.tools/ghidra_12.1.2_PUBLIC/Ghidra/Features/PDB/ghidra_scripts
    /fastdata/lavaulta/auto-re-agent/.tools/ghidra_12.1.2_PUBLIC/Ghidra/Processors/8051/ghidra_scripts
    /fastdata/lavaulta/auto-re-agent/.tools/ghidra_12.1.2_PUBLIC/Ghidra/Features/Base/ghidra_scripts
    /fastdata/lavaulta/auto-re-agent/workspaces/ace-combat-6/scripts
    /fastdata/lavaulta/auto-re-agent/.tools/ghidra_12.1.2_PUBLIC/Ghidra/Features/FileFormats/ghidra_scripts
    /fastdata/lavaulta/auto-re-agent/.tools/ghidra_12.1.2_PUBLIC/Ghidra/Features/GnuDemangler/ghidra_scripts
    /fastdata/lavaulta/auto-re-agent/.tools/ghidra_12.1.2_PUBLIC/Ghidra/Extensions/ghidra-emotionengine-reloaded/ghidra_scripts
    /fastdata/lavaulta/auto-re-agent/.tools/ghidra_12.1.2_PUBLIC/Ghidra/Features/Decompiler/ghidra_scripts
    /fastdata/lavaulta/auto-re-agent/.tools/ghidra_12.1.2_PUBLIC/Ghidra/Features/FunctionID/ghidra_scripts
    /fastdata/lavaulta/auto-re-agent/.tools/ghidra_12.1.2_PUBLIC/Ghidra/Features/DecompilerDependent/ghidra_scripts
    /fastdata/lavaulta/auto-re-agent/.tools/ghidra_12.1.2_PUBLIC/Ghidra/Processors/DATA/ghidra_scripts
    /fastdata/lavaulta/auto-re-agent/.tools/ghidra_12.1.2_PUBLIC/Ghidra/Debug/Debugger-rmi-trace/ghidra_scripts
    /fastdata/lavaulta/auto-re-agent/.tools/ghidra_12.1.2_PUBLIC/Ghidra/Features/SwiftDemangler/ghidra_scripts
    /fastdata/lavaulta/auto-re-agent/.tools/ghidra_12.1.2_PUBLIC/Ghidra/Debug/Debugger/ghidra_scripts
    /fastdata/lavaulta/auto-re-agent/.tools/ghidra_12.1.2_PUBLIC/Ghidra/Processors/PIC/ghidra_scripts
    /fastdata/lavaulta/auto-re-agent/.tools/ghidra_12.1.2_PUBLIC/Ghidra/Extensions/XEXLoaderWV/ghidra_scripts
    /fastdata/lavaulta/auto-re-agent/.tools/ghidra_12.1.2_PUBLIC/Ghidra/Features/WildcardAssembler/ghidra_scripts
    /fastdata/lavaulta/auto-re-agent/.tools/ghidra_12.1.2_PUBLIC/Ghidra/Features/PyGhidra/ghidra_scripts
    /fastdata/lavaulta/auto-re-agent/.tools/ghidra_12.1.2_PUBLIC/Ghidra/Features/BSim/ghidra_scripts
    /fastdata/lavaulta/auto-re-agent/.tools/ghidra_12.1.2_PUBLIC/Ghidra/Features/VersionTracking/ghidra_scripts
    /fastdata/lavaulta/auto-re-agent/.tools/ghidra_12.1.2_PUBLIC/Ghidra/Features/BytePatterns/ghidra_scripts
    /fastdata/lavaulta/auto-re-agent/.tools/ghidra_12.1.2_PUBLIC/Ghidra/Processors/Atmel/ghidra_scripts
    /fastdata/lavaulta/auto-re-agent/.tools/ghidra_12.1.2_PUBLIC/Ghidra/Features/SystemEmulation/ghidra_scripts
    /fastdata/lavaulta/auto-re-agent/.tools/ghidra_12.1.2_PUBLIC/Ghidra/Processors/JVM/ghidra_scripts (HeadlessAnalyzer)  
INFO  HEADLESS: execution starts (HeadlessAnalyzer)  
INFO  Opening existing project: /fastdata/lavaulta/auto-re-agent/workspaces/ace-combat-6/ghidra-projects/ace-combat-6-corrected (HeadlessAnalyzer)  
INFO  Opening project: /fastdata/lavaulta/auto-re-agent/workspaces/ace-combat-6/ghidra-projects/ace-combat-6-corrected (HeadlessProject)  
INFO  REPORT: Processing project file: /default.xex (HeadlessAnalyzer)  
INFO  REPORT: Execute script: FindInstructionScalar.java '0x16'  (HeadlessAnalyzer)  
INFO  SCRIPT: /fastdata/lavaulta/auto-re-agent/workspaces/ace-combat-6/scripts/FindInstructionScalar.java (HeadlessAnalyzer)  
INFO  FindInstructionScalar.java> 82093990 rlwinm r11,r11,0x9,0x0,0x16 (GhidraScript)  
INFO  FindInstructionScalar.java> 82093cf0 li r28,0x16 (GhidraScript)  
INFO  FindInstructionScalar.java> 82093e40 addis r3,r11,0x16 (GhidraScript)  
INFO  FindInstructionScalar.java> 82099d78 addis r3,r11,0x16 (GhidraScript)  
INFO  FindInstructionScalar.java> 8209ba8c rlwinm r11,r11,0x0,0x16,0x16 (GhidraScript)  
INFO  FindInstructionScalar.java> 8209c130 addis r30,r11,0x16 (GhidraScript)  
INFO  FindInstructionScalar.java> 820a1fbc li r4,0x16 (GhidraScript)  
INFO  FindInstructionScalar.java> 820a9aa0 rlwinm r11,r30,0x0,0x16,0x16 (GhidraScript)  
INFO  FindInstructionScalar.java> 820ae620 addis r7,r3,0x16 (GhidraScript)  
INFO  FindInstructionScalar.java> 820ae62c addis r11,r3,0x16 (GhidraScript)  
INFO  FindInstructionScalar.java> 820ae874 addis r30,r31,0x16 (GhidraScript)  
INFO  FindInstructionScalar.java> 820badd4 twi r0,0x16 (GhidraScript)  
INFO  FindInstructionScalar.java> 820bd238 lhz r8,0x16(r8) (GhidraScript)  
INFO  FindInstructionScalar.java> 820bfe6c lhz r9,0x16(r9) (GhidraScript)  
INFO  FindInstructionScalar.java> 820c209c lhz r9,0x16(r9) (GhidraScript)  
INFO  FindInstructionScalar.java> 820c26b8 lhz r8,0x16(r8) (GhidraScript)  
INFO  FindInstructionScalar.java> 820c34e8 lhz r11,0x16(r11) (GhidraScript)  
INFO  FindInstructionScalar.java> 820c3bac lhz r9,0x16(r9) (GhidraScript)  
INFO  FindInstructionScalar.java> 820c4648 lhz r10,0x16(r10) (GhidraScript)  
INFO  FindInstructionScalar.java> 820c4a28 lhz r11,0x16(r11) (GhidraScript)  
INFO  FindInstructionScalar.java> 820c58b4 lhz r11,0x16(r11) (GhidraScript)  
INFO  FindInstructionScalar.java> 820ca744 lhz r10,0x16(r10) (GhidraScript)  
INFO  FindInstructionScalar.java> 820cbf0c lhz r9,0x16(r9) (GhidraScript)  
INFO  FindInstructionScalar.java> 820cd55c lhz r9,0x16(r9) (GhidraScript)  
INFO  FindInstructionScalar.java> 820d1750 lhz r9,0x16(r11) (GhidraScript)  
INFO  FindInstructionScalar.java> 820d17e8 lhz r9,0x16(r11) (GhidraScript)  
INFO  FindInstructionScalar.java> 820d3eb8 lhz r9,0x16(r11) (GhidraScript)  
INFO  FindInstructionScalar.java> 820dcbec twi r0,0x16 (GhidraScript)  
INFO  FindInstructionScalar.java> 820dcc00 twi r0,0x16 (GhidraScript)  
INFO  FindInstructionScalar.java> 820dcf30 twi r0,0x16 (GhidraScript)  
INFO  FindInstructionScalar.java> 820ddcbc twi r0,0x16 (GhidraScript)  
INFO  FindInstructionScalar.java> 820dddf8 twi r0,0x16 (GhidraScript)  
INFO  FindInstructionScalar.java> 820dddfc twi r0,0x16 (GhidraScript)  
INFO  FindInstructionScalar.java> 820dde38 twi r0,0x16 (GhidraScript)  
INFO  FindInstructionScalar.java> 820dde60 twi r0,0x16 (GhidraScript)  
INFO  FindInstructionScalar.java> 820dde64 twi r0,0x16 (GhidraScript)  
INFO  FindInstructionScalar.java> 820ddea0 twi r0,0x16 (GhidraScript)  
INFO  FindInstructionScalar.java> 820ddec8 twi r0,0x16 (GhidraScript)  
INFO  FindInstructionScalar.java> 820ddecc twi r0,0x16 (GhidraScript)  
INFO  FindInstructionScalar.java> 820ddf08 twi r0,0x16 (GhidraScript)  
INFO  FindInstructionScalar.java> 820de488 twi r0,0x16 (GhidraScript)  
INFO  FindInstructionScalar.java> 820de48c twi r0,0x16 (GhidraScript)  
INFO  FindInstructionScalar.java> 820de4c8 twi r0,0x16 (GhidraScript)  
INFO  FindInstructionScalar.java> 820de598 twi r0,0x16 (GhidraScript)  
INFO  FindInstructionScalar.java> 820de59c twi r0,0x16 (GhidraScript)  
INFO  FindInstructionScalar.java> 820de5d8 twi r0,0x16 (GhidraScript)  
INFO  FindInstructionScalar.java> 820de628 twi r0,0x16 (GhidraScript)  
INFO  FindInstructionScalar.java> 820de62c twi r0,0x16 (GhidraScript)  
INFO  FindInstructionScalar.java> 820de7b8 twi r0,0x16 (GhidraScript)  
INFO  FindInstructionScalar.java> 820de7bc twi r0,0x16 (GhidraScript)  
INFO  FindInstructionScalar.java> 820decfc twi r0,0x16 (GhidraScript)  
INFO  FindInstructionScalar.java> 820ded00 twi r0,0x16 (GhidraScript)  
INFO  FindInstructionScalar.java> 820dee00 twi r0,0x16 (GhidraScript)  
INFO  FindInstructionScalar.java> 820dee9c twi r0,0x16 (GhidraScript)  
INFO  FindInstructionScalar.java> 820df608 twi r0,0x16 (GhidraScript)  
INFO  FindInstructionScalar.java> 820df724 twi r0,0x16 (GhidraScript)  
INFO  FindInstructionScalar.java> 820df728 twi r0,0x16 (GhidraScript)  
INFO  FindInstructionScalar.java> 820df920 twi r0,0x16 (GhidraScript)  
INFO  FindInstructionScalar.java> 820df924 twi r0,0x16 (GhidraScript)  
INFO  FindInstructionScalar.java> 820df960 twi r0,0x16 (GhidraScript)  
INFO  FindInstructionScalar.java> 820dfa78 twi r0,0x16 (GhidraScript)  
INFO  FindInstructionScalar.java> 820dfa7c twi r0,0x16 (GhidraScript)  
INFO  FindInstructionScalar.java> 820dff7c twi r0,0x16 (GhidraScript)  
INFO  FindInstructionScalar.java> 820dff80 twi r0,0x16 (GhidraScript)  
INFO  FindInstructionScalar.java> 820dffbc twi r0,0x16 (GhidraScript)  
INFO  FindInstructionScalar.java> 820dffe4 twi r0,0x16 (GhidraScript)  
INFO  FindInstructionScalar.java> 820dffe8 twi r0,0x16 (GhidraScript)  
INFO  FindInstructionScalar.java> 820e0024 twi r0,0x16 (GhidraScript)  
INFO  FindInstructionScalar.java> 820e018c twi r0,0x16 (GhidraScript)  
INFO  FindInstructionScalar.java> 820e0190 twi r0,0x16 (GhidraScript)  
INFO  FindInstructionScalar.java> 820e01cc twi r0,0x16 (GhidraScript)  
INFO  FindInstructionScalar.java> 820e01f4 twi r0,0x16 (GhidraScript)  
INFO  FindInstructionScalar.java> 820e01f8 twi r0,0x16 (GhidraScript)  
INFO  FindInstructionScalar.java> 820e0234 twi r0,0x16 (GhidraScript)  
INFO  FindInstructionScalar.java> 820e052c twi r0,0x16 (GhidraScript)  
INFO  FindInstructionScalar.java> 820e0530 twi r0,0x16 (GhidraScript)  
INFO  FindInstructionScalar.java> 820e056c twi r0,0x16 (GhidraScript)  
INFO  FindInstructionScalar.java> 820e0658 twi r0,0x16 (GhidraScript)  
INFO  FindInstructionScalar.java> 820e065c twi r0,0x16 (GhidraScript)  
INFO  FindInstructionScalar.java> 820e0698 twi r0,0x16 (GhidraScript)  
INFO  FindInstructionScalar.java> 820e0704 twi r0,0x16 (GhidraScript)  
INFO  FindInstructionScalar.java> 820e0708 twi r0,0x16 (GhidraScript)  
INFO  FindInstructionScalar.java> 820e0744 twi r0,0x16 (GhidraScript)  
INFO  FindInstructionScalar.java> 820e0b68 twi r0,0x16 (GhidraScript)  
INFO  FindInstructionScalar.java> 820e0ba4 twi r0,0x16 (GhidraScript)  
INFO  FindInstructionScalar.java> 820e0cd4 twi r0,0x16 (GhidraScript)  
INFO  FindInstructionScalar.java> 820e0de0 twi r0,0x16 (GhidraScript)  
INFO  FindInstructionScalar.java> 820e0de4 twi r0,0x16 (GhidraScript)  
INFO  FindInstructionScalar.java> 820e0e20 twi r0,0x16 (GhidraScript)  
INFO  FindInstructionScalar.java> 820e1578 twi r0,0x16 (GhidraScript)  
INFO  FindInstructionScalar.java> 820e15a0 twi r0,0x16 (GhidraScript)  
INFO  FindInstructionScalar.java> 820e15a4 twi r0,0x16 (GhidraScript)  
INFO  FindInstructionScalar.java> 820e15e0 twi r0,0x16 (GhidraScript)  
INFO  FindInstructionScalar.java> 820e1f8c twi r0,0x16 (GhidraScript)  
INFO  FindInstructionScalar.java> 820e1f90 twi r0,0x16 (GhidraScript)  
INFO  FindInstructionScalar.java> 820e1fc8 twi r0,0x16 (GhidraScript)  
INFO  FindInstructionScalar.java> 820e2880 twi r0,0x16 (GhidraScript)  
INFO  FindInstructionScalar.java> 820e2b20 twi r0,0x16 (GhidraScript)  
INFO  FindInstructionScalar.java> 820e2b24 twi r0,0x16 (GhidraScript)  
INFO  FindInstructionScalar.java> 820e2b60 twi r0,0x16 (GhidraScript)  
INFO  FindInstructionScalar.java> 820e2b84 twi r0,0x16 (GhidraScript)  
INFO  FindInstructionScalar.java> 820e2b88 twi r0,0x16 (GhidraScript)  
INFO  FindInstructionScalar.java> 820e2d88 twi r0,0x16 (GhidraScript)  
INFO  FindInstructionScalar.java> 820e2db0 twi r0,0x16 (GhidraScript)  
INFO  FindInstructionScalar.java> 820e2db4 twi r0,0x16 (GhidraScript)  
INFO  FindInstructionScalar.java> 820e2df0 twi r0,0x16 (GhidraScript)  
INFO  FindInstructionScalar.java> 820e2f70 twi r0,0x16 (GhidraScript)  
INFO  FindInstructionScalar.java> 820e2f98 twi r0,0x16 (GhidraScript)  
INFO  FindInstructionScalar.java> 820e2f9c twi r0,0x16 (GhidraScript)  
INFO  FindInstructionScalar.java> 820e2fd8 twi r0,0x16 (GhidraScript)  
INFO  FindInstructionScalar.java> 820e3150 twi r0,0x16 (GhidraScript)  
INFO  FindInstructionScalar.java> 820e318c twi r0,0x16 (GhidraScript)  
INFO  FindInstructionScalar.java> 820e31dc twi r0,0x16 (GhidraScript)  
INFO  FindInstructionScalar.java> 820e320c twi r0,0x16 (GhidraScript)  
INFO  FindInstructionScalar.java> 820e323c twi r0,0x16 (GhidraScript)  
INFO  FindInstructionScalar.java> 820e326c twi r0,0x16 (GhidraScript)  
INFO  FindInstructionScalar.java> 820e329c twi r0,0x16 (GhidraScript)  
INFO  FindInstructionScalar.java> 820e3724 twi r0,0x16 (GhidraScript)  
INFO  FindInstructionScalar.java> 820e3728 twi r0,0x16 (GhidraScript)  
INFO  FindInstructionScalar.java> 820e3df4 twi r0,0x16 (GhidraScript)  
INFO  FindInstructionScalar.java> 820e3df8 twi r0,0x16 (GhidraScript)  
INFO  FindInstructionScalar.java> 820e3f34 twi r0,0x16 (GhidraScript)  
INFO  FindInstructionScalar.java> 820e4134 twi r0,0x16 (GhidraScript)  
INFO  FindInstructionScalar.java> 820e42f4 twi r0,0x16 (GhidraScript)  
INFO  FindInstructionScalar.java> 820e430c twi r0,0x16 (GhidraScript)  
INFO  FindInstructionScalar.java> 820e4330 twi r0,0x16 (GhidraScript)  
INFO  FindInstructionScalar.java> 820e436c twi r0,0x16 (GhidraScript)  
INFO  FindInstructionScalar.java> 820e4380 twi r0,0x16 (GhidraScript)  
INFO  FindInstructionScalar.java> 820e4390 twi r0,0x16 (GhidraScript)  
INFO  FindInstructionScalar.java> 820e43c0 twi r0,0x16 (GhidraScript)  
INFO  FindInstructionScalar.java> 820e4820 twi r0,0x16 (GhidraScript)  
INFO  FindInstructionScalar.java> 820e483c twi r0,0x16 (GhidraScript)  
INFO  FindInstructionScalar.java> 820e4854 twi r0,0x16 (GhidraScript)  
INFO  FindInstructionScalar.java> 820e4858 twi r0,0x16 (GhidraScript)  
INFO  FindInstructionScalar.java> 820e48fc twi r0,0x16 (GhidraScript)  
INFO  FindInstructionScalar.java> 820e4914 twi r0,0x16 (GhidraScript)  
INFO  FindInstructionScalar.java> 820e4c38 twi r0,0x16 (GhidraScript)  
INFO  FindInstructionScalar.java> 820e4ec0 twi r0,0x16 (GhidraScript)  
INFO  FindInstructionScalar.java> 820e4ec4 twi r0,0x16 (GhidraScript)  
INFO  FindInstructionScalar.java> 820e4f00 twi r0,0x16 (GhidraScript)  
INFO  FindInstructionScalar.java> 820e4f28 twi r0,0x16 (GhidraScript)  
INFO  FindInstructionScalar.java> 820e4f2c twi r0,0x16 (GhidraScript)  
INFO  FindInstructionScalar.java> 820e4f68 twi r0,0x16 (GhidraScript)  
INFO  FindInstructionScalar.java> 820e5360 twi r0,0x16 (GhidraScript)  
INFO  FindInstructionScalar.java> 820e5364 twi r0,0x16 (GhidraScript)  
INFO  FindInstructionScalar.java> 820e54d8 twi r0,0x16 (GhidraScript)  
INFO  FindInstructionScalar.java> 820e54dc twi r0,0x16 (GhidraScript)  
INFO  FindInstructionScalar.java> 820e599c twi r0,0x16 (GhidraScript)  
INFO  FindInstructionScalar.java> 820e59c0 twi r0,0x16 (GhidraScript)  
INFO  FindInstructionScalar.java> 820e59c4 twi r0,0x16 (GhidraScript)  
INFO  FindInstructionScalar.java> 820e5a1c twi r0,0x16 (GhidraScript)  
INFO  FindInstructionScalar.java> 820e5a20 twi r0,0x16 (GhidraScript)  
INFO  FindInstructionScalar.java> 820e5a6c twi r0,0x16 (GhidraScript)  
INFO  FindInstructionScalar.java> 820e5b68 twi r0,0x16 (GhidraScript)  
INFO  FindInstructionScalar.java> 820e5b84 twi r0,0x16 (GhidraScript)  
INFO  FindInstructionScalar.java> 820e5fa4 twi r0,0x16 (GhidraScript)  
INFO  FindInstructionScalar.java> 820e5fbc twi r0,0x16 (GhidraScript)  
INFO  FindInstructionScalar.java> 820e6040 twi r0,0x16 (GhidraScript)  
INFO  FindInstructionScalar.java> 820e60bc twi r0,0x16 (GhidraScript)  
INFO  FindInstructionScalar.java> 820e6174 twi r0,0x16 (GhidraScript)  
INFO  FindInstructionScalar.java> 820e6238 twi r0,0x16 (GhidraScript)  
INFO  FindInstructionScalar.java> 820e66bc twi r0,0x16 (GhidraScript)  
INFO  FindInstructionScalar.java> 820e66cc twi r0,0x16 (GhidraScript)  
INFO  FindInstructionScalar.java> 820e6f20 twi r0,0x16 (GhidraScript)  
INFO  FindInstructionScalar.java> 820e6f4c twi r0,0x16 (GhidraScript)  
INFO  FindInstructionScalar.java> 820e6f64 twi r0,0x16 (GhidraScript)  
INFO  FindInstructionScalar.java> 820e7428 twi r0,0x16 (GhidraScript)  
INFO  FindInstructionScalar.java> 820e7454 twi r0,0x16 (GhidraScript)  
INFO  FindInstructionScalar.java> 820e7500 twi r0,0x16 (GhidraScript)  
INFO  FindInstructionScalar.java> 820e7510 twi r0,0x16 (GhidraScript)  
INFO  FindInstructionScalar.java> 820e753c twi r0,0x16 (GhidraScript)  
INFO  FindInstructionScalar.java> 820e7540 twi r0,0x16 (GhidraScript)  
INFO  FindInstructionScalar.java> 820e760c twi r0,0x16 (GhidraScript)  
INFO  FindInstructionScalar.java> 820e7638 twi r0,0x16 (GhidraScript)  
INFO  FindInstructionScalar.java> 820e763c twi r0,0x16 (GhidraScript)  
INFO  FindInstructionScalar.java> 820e7760 twi r0,0x16 (GhidraScript)  
INFO  FindInstructionScalar.java> 820e77c8 twi r0,0x16 (GhidraScript)  
INFO  FindInstructionScalar.java> 820e77dc twi r0,0x16 (GhidraScript)  
INFO  FindInstructionScalar.java> 820e7928 twi r0,0x16 (GhidraScript)  
INFO  FindInstructionScalar.java> 820e7940 twi r0,0x16 (GhidraScript)  
INFO  FindInstructionScalar.java> 820e7950 twi r0,0x16 (GhidraScript)  
INFO  FindInstructionScalar.java> 820e7b44 twi r0,0x16 (GhidraScript)  
INFO  FindInstructionScalar.java> 820e7bdc twi r0,0x16 (GhidraScript)  
INFO  FindInstructionScalar.java> 820e7bf0 twi r0,0x16 (GhidraScript)  
INFO  FindInstructionScalar.java> 820e7c00 twi r0,0x16 (GhidraScript)  
INFO  FindInstructionScalar.java> 820e7c2c twi r0,0x16 (GhidraScript)  
INFO  FindInstructionScalar.java> 820e7d34 twi r0,0x16 (GhidraScript)  
INFO  FindInstructionScalar.java> 820e7d64 twi r0,0x16 (GhidraScript)  
INFO  FindInstructionScalar.java> 820e7d74 twi r0,0x16 (GhidraScript)  
INFO  FindInstructionScalar.java> 820e7f90 twi r0,0x16 (GhidraScript)  
INFO  FindInstructionScalar.java> 820e7fa4 twi r0,0x16 (GhidraScript)  
INFO  FindInstructionScalar.java> 820e7fb4 twi r0,0x16 (GhidraScript)  
INFO  FindInstructionScalar.java> 820e804c twi r0,0x16 (GhidraScript)  
INFO  FindInstructionScalar.java> 820e8060 twi r0,0x16 (GhidraScript)  
INFO  FindInstructionScalar.java> 820e8070 twi r0,0x16 (GhidraScript)  
INFO  FindInstructionScalar.java> 820e8850 li r11,0x16 (GhidraScript)  
INFO  FindInstructionScalar.java> 820e8ebc li r11,0x16 (GhidraScript)  
INFO  FindInstructionScalar.java> 820e94cc twi r0,0x16 (GhidraScript)  
INFO  FindInstructionScalar.java> 820e94e8 twi r0,0x16 (GhidraScript)  
INFO  FindInstructionScalar.java> 820e950c twi r0,0x16 (GhidraScript)  
INFO  FindInstructionScalar.java> 820e957c twi r0,0x16 (GhidraScript)  
INFO  FindInstructionScalar.java> 820e9590 twi r0,0x16 (GhidraScript)  
INFO  FindInstructionScalar.java> 820e95a8 twi r0,0x16 (GhidraScript)  
INFO  FindInstructionScalar.java> 820e95c0 twi r0,0x16 (GhidraScript)  
INFO  FindInstructionScalar.java> 820e95dc twi r0,0x16 (GhidraScript)  
INFO  FindInstructionScalar.java> 820e95f8 twi r0,0x16 (GhidraScript)  
INFO  FindInstructionScalar.java> 820e9610 twi r0,0x16 (GhidraScript)  
INFO  FindInstructionScalar.java> 820ea474 twi r0,0x16 (GhidraScript)  
INFO  FindInstructionScalar.java> 820ea674 twi r0,0x16 (GhidraScript)  
INFO  FindInstructionScalar.java> 820ea76c twi r0,0x16 (GhidraScript)  
INFO  FindInstructionScalar.java> 820ea9d0 twi r0,0x16 (GhidraScript)  
INFO  FindInstructionScalar.java> 820ea9e4 twi r0,0x16 (GhidraScript)  
INFO  FindInstructionScalar.java> 820eaa10 twi r0,0x16 (GhidraScript)  
INFO  FindInstructionScalar.java> 820eabb4 twi r0,0x16 (GhidraScript)  
INFO  FindInstructionScalar.java> 820eac58 twi r0,0x16 (GhidraScript)  
INFO  FindInstructionScalar.java> 820eac6c twi r0,0x16 (GhidraScript)  
INFO  FindInstructionScalar.java> 820eac9c twi r0,0x16 (GhidraScript)  
INFO  FindInstructionScalar.java> 820eacb0 twi r0,0x16 (GhidraScript)  
INFO  FindInstructionScalar.java> 820eada0 twi r0,0x16 (GhidraScript)  
INFO  FindInstructionScalar.java> 820eada4 twi r0,0x16 (GhidraScript)  
INFO  FindInstructionScalar.java> 820eaee0 twi r0,0x16 (GhidraScript)  
INFO  FindInstructionScalar.java> 820ebdb8 twi r0,0x16 (GhidraScript)  
INFO  FindInstructionScalar.java> 820ebdd4 twi r0,0x16 (GhidraScript)  
INFO  FindInstructionScalar.java> 820ebdec twi r0,0x16 (GhidraScript)  
INFO  FindInstructionScalar.java> 820ebdf0 twi r0,0x16 (GhidraScript)  
INFO  FindInstructionScalar.java> 820ebe1c twi r0,0x16 (GhidraScript)  
INFO  FindInstructionScalar.java> 820ebe34 twi r0,0x16 (GhidraScript)  
INFO  FindInstructionScalar.java> 820ebe38 twi r0,0x16 (GhidraScript)  
INFO  FindInstructionScalar.java> 820ebe64 twi r0,0x16 (GhidraScript)  
INFO  FindInstructionScalar.java> 820ebe7c twi r0,0x16 (GhidraScript)  
INFO  FindInstructionScalar.java> 820ebefc twi r0,0x16 (GhidraScript)  
INFO  FindInstructionScalar.java> 820ec040 twi r0,0x16 (GhidraScript)  
INFO  FindInstructionScalar.java> 820ec044 twi r0,0x16 (GhidraScript)  
INFO  FindInstructionScalar.java> 820ec984 twi r0,0x16 (GhidraScript)  
INFO  FindInstructionScalar.java> 820ecc0c twi r0,0x16 (GhidraScript)  
INFO  FindInstructionScalar.java> 820ecc24 twi r0,0x16 (GhidraScript)  
INFO  FindInstructionScalar.java> 820ecc60 twi r0,0x16 (GhidraScript)  
INFO  FindInstructionScalar.java> 820ecc94 twi r0,0x16 (GhidraScript)  
INFO  FindInstructionScalar.java> 820eccd0 twi r0,0x16 (GhidraScript)  
INFO  FindInstructionScalar.java> 820ece84 twi r0,0x16 (GhidraScript)  
INFO  FindInstructionScalar.java> 820ece98 twi r0,0x16 (GhidraScript)  
INFO  FindInstructionScalar.java> 820eda44 twi r0,0x16 (GhidraScript)  
INFO  FindInstructionScalar.java> 820edadc twi r0,0x16 (GhidraScript)  
INFO  FindInstructionScalar.java> 820edaec twi r0,0x16 (GhidraScript)  
INFO  FindInstructionScalar.java> 820edc24 twi r0,0x16 (GhidraScript)  
INFO  FindInstructionScalar.java> 820edc34 twi r0,0x16 (GhidraScript)  
INFO  FindInstructionScalar.java> 820edce8 twi r0,0x16 (GhidraScript)  
INFO  FindInstructionScalar.java> 820f19b4 twi r0,0x16 (GhidraScript)  
INFO  FindInstructionScalar.java> 820f19c8 twi r0,0x16 (GhidraScript)  
INFO  FindInstructionScalar.java> 820f1ab4 twi r0,0x16 (GhidraScript)  
INFO  FindInstructionScalar.java> 820f1af8 twi r0,0x16 (GhidraScript)  
INFO  FindInstructionScalar.java> 820f1b0c twi r0,0x16 (GhidraScript)  
INFO  FindInstructionScalar.java> 820f1b40 twi r0,0x16 (GhidraScript)  
INFO  FindInstructionScalar.java> 820f1f48 twi r0,0x16 (GhidraScript)  
INFO  FindInstructionScalar.java> 820f1f8c twi r0,0x16 (GhidraScript)  
INFO  FindInstructionScalar.java> 820f1fa0 twi r0,0x16 (GhidraScript)  
INFO  FindInstructionScalar.java> 820f2d0c twi r0,0x16 (GhidraScript)  
INFO  FindInstructionScalar.java> 820f2ee0 twi r0,0x16 (GhidraScript)  
INFO  FindInstructionScalar.java> 820f2f08 twi r0,0x16 (GhidraScript)  
INFO  FindInstructionScalar.java> 820f2f48 twi r0,0x16 (GhidraScript)  
INFO  FindInstructionScalar.java> 820f38cc twi r0,0x16 (GhidraScript)  
INFO  FindInstructionScalar.java> 820f42ec twi r0,0x16 (GhidraScript)  
INFO  FindInstructionScalar.java> 820f4334 twi r0,0x16 (GhidraScript)  
INFO  FindInstructionScalar.java> 820f4338 twi r0,0x16 (GhidraScript)  
INFO  FindInstructionScalar.java> 820f436c twi r0,0x16 (GhidraScript)  
INFO  FindInstructionScalar.java> 820f437c twi r0,0x16 (GhidraScript)  
INFO  FindInstructionScalar.java> 820f4d64 twi r0,0x16 (GhidraScript)  
INFO  FindInstructionScalar.java> 820f4d78 twi r0,0x16 (GhidraScript)  
INFO  FindInstructionScalar.java> 820f6238 twi r0,0x16 (GhidraScript)  
INFO  FindInstructionScalar.java> 820f629c twi r0,0x16 (GhidraScript)  
INFO  FindInstructionScalar.java> 820f6870 twi r0,0x16 (GhidraScript)  
INFO  FindInstructionScalar.java> 820f6880 twi r0,0x16 (GhidraScript)  
INFO  FindInstructionScalar.java> 820f6ea4 twi r0,0x16 (GhidraScript)  
INFO  FindInstructionScalar.java> 820f82fc twi r0,0x16 (GhidraScript)  
INFO  FindInstructionScalar.java> 820f8310 twi r0,0x16 (GhidraScript)  
INFO  FindInstructionScalar.java> 820f840c twi r0,0x16 (GhidraScript)  
INFO  FindInstructionScalar.java> 820f8434 twi r0,0x16 (GhidraScript)  
INFO  FindInstructionScalar.java> 820f859c twi r0,0x16 (GhidraScript)  
INFO  FindInstructionScalar.java> 820f85c4 twi r0,0x16 (GhidraScript)  
INFO  FindInstructionScalar.java> 820f88f4 twi r0,0x16 (GhidraScript)  
INFO  FindInstructionScalar.java> 820f88f8 twi r0,0x16 (GhidraScript)  
INFO  FindInstructionScalar.java> 820f8930 twi r0,0x16 (GhidraScript)  
INFO  FindInstructionScalar.java> 820f8998 twi r0,0x16 (GhidraScript)  
INFO  FindInstructionScalar.java> 820f899c twi r0,0x16 (GhidraScript)  
INFO  FindInstructionScalar.java> 820f89fc twi r0,0x16 (GhidraScript)  
INFO  FindInstructionScalar.java> 820f8adc twi r0,0x16 (GhidraScript)  
INFO  FindInstructionScalar.java> 820f8ae0 twi r0,0x16 (GhidraScript)  
INFO  FindInstructionScalar.java> 820f8b18 twi r0,0x16 (GhidraScript)  
INFO  FindInstructionScalar.java> 820f8b7c twi r0,0x16 (GhidraScript)  
INFO  FindInstructionScalar.java> 820f8b80 twi r0,0x16 (GhidraScript)  
INFO  FindInstructionScalar.java> 820f8be8 twi r0,0x16 (GhidraScript)  
INFO  FindInstructionScalar.java> 820f8d80 twi r0,0x16 (GhidraScript)  
INFO  FindInstructionScalar.java> 820f8d84 twi r0,0x16 (GhidraScript)  
INFO  FindInstructionScalar.java> 820f8e50 twi r0,0x16 (GhidraScript)  
INFO  FindInstructionScalar.java> 820f8f4c twi r0,0x16 (GhidraScript)  
INFO  FindInstructionScalar.java> 820f8f60 twi r0,0x16 (GhidraScript)  
INFO  FindInstructionScalar.java> 820f8f70 twi r0,0x16 (GhidraScript)  
INFO  FindInstructionScalar.java> 820f8f90 twi r0,0x16 (GhidraScript)  
INFO  FindInstructionScalar.java> 820f9200 twi r0,0x16 (GhidraScript)  
INFO  FindInstructionScalar.java> 820f9214 twi r0,0x16 (GhidraScript)  
INFO  FindInstructionScalar.java> 820fbcac lbz r10,0x16(r28) (GhidraScript)  
INFO  FindInstructionScalar.java> 820ff9b0 rlwinm r11,r11,0x9,0x0,0x16 (GhidraScript)  
INFO  FindInstructionScalar.java> 82100b0c rlwimi r10,r11,0x16,0x5,0x9 (GhidraScript)  
INFO  FindInstructionScalar.java> 821056cc rlwinm r11,r11,0x9,0x0,0x16 (GhidraScript)  
INFO  FindInstructionScalar.java> 821063c8 rlwinm r11,r11,0x9,0x0,0x16 (GhidraScript)  
INFO  FindInstructionScalar.java> 8210913c rlwinm r11,r11,0x9,0x0,0x16 (GhidraScript)  
INFO  FindInstructionScalar.java> 8210ce90 rlwinm r11,r11,0x9,0x0,0x16 (GhidraScript)  
INFO  FindInstructionScalar.java> 82110100 rlwinm r11,r11,0x0,0x16,0x12 (GhidraScript)  
INFO  FindInstructionScalar.java> 821204ec ori r3,r3,0x16 (GhidraScript)  
INFO  FindInstructionScalar.java> 82125498 lfs f1,0x16(r31) (GhidraScript)  
INFO  FindInstructionScalar.java> 821254b8 lfs f1,0x16(r31) (GhidraScript)  
INFO  FindInstructionScalar.java> 8212562c lfs f1,0x16(r31) (GhidraScript)  
INFO  FindInstructionScalar.java> 821256c0 lfs f1,0x16(r31) (GhidraScript)  
INFO  FindInstructionScalar.java> 8213b890 rlwinm r11,r11,0x0,0x16,0x14 (GhidraScript)  
INFO  FindInstructionScalar.java> 8213ec70 addis r4,r11,0x16 (GhidraScript)  
INFO  FindInstructionScalar.java> 821442c4 addis r3,r11,0x16 (GhidraScript)  
INFO  FindInstructionScalar.java> 82144388 addis r3,r11,0x16 (GhidraScript)  
INFO  FindInstructionScalar.java> 821455b4 lwz r29,0x16(r11) (GhidraScript)  
INFO  FindInstructionScalar.java> 821455d4 lwz r30,0x16(r11) (GhidraScript)  
INFO  FindInstructionScalar.java> 8214a908 addis r3,r11,0x16 (GhidraScript)  
INFO  FindInstructionScalar.java> 82153c14 rlwinm r11,r11,0x0,0x16,0x16 (GhidraScript)  
INFO  FindInstructionScalar.java> 82157ca4 rlwinm r8,r11,0x9,0x0,0x16 (GhidraScript)  
INFO  FindInstructionScalar.java> 82157cb4 rlwinm r7,r7,0x9,0x0,0x16 (GhidraScript)  
INFO  FindInstructionScalar.java> 8215d900 addis r27,r11,0x16 (GhidraScript)  
INFO  FindInstructionScalar.java> 8215f0e8 li r4,0x16 (GhidraScript)  
INFO  FindInstructionScalar.java> 8215ff34 rlwimi r10,r9,0x16,0x9,0x9 (GhidraScript)  
INFO  FindInstructionScalar.java> 8216177c cmpwi cr6,r10,0x16 (GhidraScript)  
INFO  FindInstructionScalar.java> 821617b8 cmpwi cr6,r10,0x16 (GhidraScript)  
INFO  FindInstructionScalar.java> 821617f4 cmpwi cr6,r10,0x16 (GhidraScript)  
INFO  FindInstructionScalar.java> 82161830 cmpwi cr6,r10,0x16 (GhidraScript)  
INFO  FindInstructionScalar.java> 82161e50 rlwimi r9,r8,0x16,0x9,0x9 (GhidraScript)  
INFO  FindInstructionScalar.java> 82162470 li r11,0x16 (GhidraScript)  
INFO  FindInstructionScalar.java> 821630a4 rlwimi r10,r9,0x16,0x9,0x9 (GhidraScript)  
INFO  FindInstructionScalar.java> 821635dc rlwimi r10,r9,0x16,0x9,0x9 (GhidraScript)  
INFO  FindInstructionScalar.java> 821638e0 rlwimi r9,r8,0x16,0x9,0x9 (GhidraScript)  
INFO  FindInstructionScalar.java> 82164fc0 rlwimi r10,r9,0x16,0x9,0x9 (GhidraScript)  
INFO  FindInstructionScalar.java> 821656cc rlwimi r10,r9,0x16,0x9,0x9 (GhidraScript)  
INFO  FindInstructionScalar.java> 82165834 li r11,0x16 (GhidraScript)  
INFO  FindInstructionScalar.java> 82165acc lhz r10,0x16(r11) (GhidraScript)  
INFO  FindInstructionScalar.java> 82165e5c rlwimi r10,r9,0x16,0x9,0x9 (GhidraScript)  
INFO  FindInstructionScalar.java> 82165f28 rlwimi r9,r8,0x16,0x9,0x9 (GhidraScript)  
INFO  FindInstructionScalar.java> 82166558 rlwimi r10,r8,0x16,0x7,0x9 (GhidraScript)  
INFO  FindInstructionScalar.java> 82166570 rlwinm r8,r10,0x0,0x16,0x11 (GhidraScript)  
INFO  FindInstructionScalar.java> 8216ce58 lbz r11,0x16(r28) (GhidraScript)  
INFO  FindInstructionScalar.java> 8216ced4 lbz r11,0x16(r28) (GhidraScript)  
INFO  FindInstructionScalar.java> 8216cfb0 lbz r11,0x16(r28) (GhidraScript)  
INFO  FindInstructionScalar.java> 8216ed7c rlwinm r11,r11,0x9,0x0,0x16 (GhidraScript)  
INFO  FindInstructionScalar.java> 8217fea0 lwz r10,0x16(r30) (GhidraScript)  
INFO  FindInstructionScalar.java> 8217fef8 stw r10,0x16(r30) (GhidraScript)  
INFO  FindInstructionScalar.java> 82180f40 lwz r11,0x16(r7) (GhidraScript)  
INFO  FindInstructionScalar.java> 8218103c lwz r10,0x16(r3) (GhidraScript)  
INFO  FindInstructionScalar.java> 82181170 lwz r10,0x16(r3) (GhidraScript)  
INFO  FindInstructionScalar.java> 82185744 lwz r8,0x16(r9) (GhidraScript)  
INFO  FindInstructionScalar.java> 82187a90 addi r30,r25,0x16 (GhidraScript)  
INFO  FindInstructionScalar.java> 8218a51c addis r3,r10,0x16 (GhidraScript)  
INFO  FindInstructionScalar.java> 8218ac00 addis r3,r10,0x16 (GhidraScript)  
INFO  FindInstructionScalar.java> 8218f930 addis r26,r11,0x16 (GhidraScript)  
INFO  FindInstructionScalar.java> 8218fcbc addis r3,r11,0x16 (GhidraScript)  
INFO  FindInstructionScalar.java> 821960e0 addis r3,r11,0x16 (GhidraScript)  
INFO  FindInstructionScalar.java> 8219641c li r11,0x16 (GhidraScript)  
INFO  FindInstructionScalar.java> 821a0304 rlwinm r11,r11,0x0,0x16,0x16 (GhidraScript)  
INFO  FindInstructionScalar.java> 821a09a8 addis r30,r11,0x16 (GhidraScript)  
INFO  FindInstructionScalar.java> 821a3dec rlwinm r11,r11,0x0,0x16,0x16 (GhidraScript)  
INFO  FindInstructionScalar.java> 821a4494 addis r30,r11,0x16 (GhidraScript)  
INFO  FindInstructionScalar.java> 821a843c addis r3,r3,0x16 (GhidraScript)  
INFO  FindInstructionScalar.java> 821aa088 li r11,0x16 (GhidraScript)  
INFO  FindInstructionScalar.java> 821aa1b8 li r11,0x16 (GhidraScript)  
INFO  FindInstructionScalar.java> 821aa760 addis r3,r11,0x16 (GhidraScript)  
INFO  FindInstructionScalar.java> 821aad90 addis r3,r29,0x16 (GhidraScript)  
INFO  FindInstructionScalar.java> 821ac80c addis r3,r11,0x16 (GhidraScript)  
INFO  FindInstructionScalar.java> 821ad768 li r11,0x16 (GhidraScript)  
INFO  FindInstructionScalar.java> 821adda0 addis r3,r11,0x16 (GhidraScript)  
INFO  FindInstructionScalar.java> 821ae7fc rlwinm r10,r11,0x0,0x18,0x16 (GhidraScript)  
INFO  FindInstructionScalar.java> 821b072c li r11,0x16 (GhidraScript)  
INFO  FindInstructionScalar.java> 821b08a4 cmpwi cr6,r11,0x16 (GhidraScript)  
INFO  FindInstructionScalar.java> 821b0b70 li r11,0x16 (GhidraScript)  
INFO  FindInstructionScalar.java> 821b17d4 addis r3,r11,0x16 (GhidraScript)  
INFO  FindInstructionScalar.java> 821b2bd4 addis r31,r11,0x16 (GhidraScript)  
INFO  FindInstructionScalar.java> 821b51cc addis r3,r11,0x16 (GhidraScript)  
INFO  FindInstructionScalar.java> 821b559c addis r3,r11,0x16 (GhidraScript)  
INFO  FindInstructionScalar.java> 821b6670 addis r3,r11,0x16 (GhidraScript)  
INFO  FindInstructionScalar.java> 821b7ad8 addis r3,r11,0x16 (GhidraScript)  
INFO  FindInstructionScalar.java> 821bac00 addis r3,r11,0x16 (GhidraScript)  
INFO  FindInstructionScalar.java> 821bad78 addis r3,r11,0x16 (GhidraScript)  
INFO  FindInstructionScalar.java> 821bcabc addis r29,r30,0x16 (GhidraScript)  
INFO  FindInstructionScalar.java> 821bcaf8 addis r11,r30,0x16 (GhidraScript)  
INFO  FindInstructionScalar.java> 821bcb1c addis r10,r30,0x16 (GhidraScript)  
INFO  FindInstructionScalar.java> 821bcb24 addis r3,r30,0x16 (GhidraScript)  
INFO  FindInstructionScalar.java> 821bcb9c addis r3,r30,0x16 (GhidraScript)  
INFO  FindInstructionScalar.java> 821bcd58 addis r3,r31,0x16 (GhidraScript)  
INFO  FindInstructionScalar.java> 821bcd68 addis r3,r31,0x16 (GhidraScript)  
INFO  FindInstructionScalar.java> 821bcd74 addis r30,r31,0x16 (GhidraScript)  
INFO  FindInstructionScalar.java> 821bcdac addis r10,r31,0x16 (GhidraScript)  
INFO  FindInstructionScalar.java> 821bd934 addis r31,r30,0x16 (GhidraScript)  
INFO  FindInstructionScalar.java> 821bd938 addis r4,r30,0x16 (GhidraScript)  
INFO  FindInstructionScalar.java> 821be534 cmpwi cr6,r10,0x16 (GhidraScript)  
INFO  FindInstructionScalar.java> 821be5d4 rlwinm r9,r9,0x0,0x16,0x14 (GhidraScript)  
INFO  FindInstructionScalar.java> 821beb2c addis r28,r11,0x16 (GhidraScript)  
INFO  FindInstructionScalar.java> 821c61d8 li r31,0x16 (GhidraScript)  
INFO  FindInstructionScalar.java> 821ce1ac rlwinm r29,r10,0x0,0x16,0x16 (GhidraScript)  
INFO  FindInstructionScalar.java> 821ce5d0 rlwinm r9,r10,0x0,0x16,0x16 (GhidraScript)  
INFO  FindInstructionScalar.java> 821d9024 li r4,0x16 (GhidraScript)  
INFO  FindInstructionScalar.java> 821dfb3c rlwinm r7,r9,0x16,0x1f,0x1f (GhidraScript)  
INFO  FindInstructionScalar.java> 821e0190 rlwimi r8,r11,0x6,0x16,0x19 (GhidraScript)  
INFO  FindInstructionScalar.java> 821e03a4 rlwimi r9,r5,0x16,0x5,0x9 (GhidraScript)  
INFO  FindInstructionScalar.java> 821e3328 rlwinm r10,r10,0xa,0x16,0x1f (GhidraScript)  
INFO  FindInstructionScalar.java> 821e3b00 rlwinm. r11,r11,0x0,0x16,0x19 (GhidraScript)  
INFO  FindInstructionScalar.java> 821e3d84 rlwinm r9,r9,0x0,0x15,0x16 (GhidraScript)  
INFO  FindInstructionScalar.java> 821e3f2c rlwinm. r11,r24,0x0,0x16,0x16 (GhidraScript)  
INFO  FindInstructionScalar.java> 821e3f54 rlwimi r10,r30,0x9,0x15,0x16 (GhidraScript)  
INFO  FindInstructionScalar.java> 821e3fb0 rlwinm r9,r9,0x16,0x0,0x9 (GhidraScript)  
INFO  FindInstructionScalar.java> 821e40c8 rlwimi r7,r30,0x6,0x16,0x19 (GhidraScript)  
INFO  FindInstructionScalar.java> 821e4134 cmplwi cr6,r24,0x16 (GhidraScript)  
INFO  FindInstructionScalar.java> 821e42b8 subi r11,r24,0x16 (GhidraScript)  
INFO  FindInstructionScalar.java> 821e42f8 rlwinm r10,r28,0x0,0x15,0x16 (GhidraScript)  
INFO  FindInstructionScalar.java> 821e4328 rlwimi r11,r8,0x4,0x16,0x1b (GhidraScript)  
INFO  FindInstructionScalar.java> 821e54f8 rldicl r12,r12,0x0,0x16 (GhidraScript)  
INFO  FindInstructionScalar.java> 821e5510 rldicr r4,r11,0x16,0x14 (GhidraScript)  
INFO  FindInstructionScalar.java> 821e6420 cmplwi cr6,r11,0x16 (GhidraScript)  
INFO  FindInstructionScalar.java> 821e6534 rlwinm. r24,r25,0x0,0x16,0x16 (GhidraScript)  
INFO  FindInstructionScalar.java> 821e66d4 rldicl r12,r12,0x0,0x16 (GhidraScript)  
INFO  FindInstructionScalar.java> 821e66ec rldicr r4,r11,0x16,0x14 (GhidraScript)  
INFO  FindInstructionScalar.java> 821e76ec rlwinm r10,r10,0x0,0x15,0x16 (GhidraScript)  
INFO  FindInstructionScalar.java> 821ed214 rlwinm r25,r10,0x9,0x0,0x16 (GhidraScript)  
INFO  FindInstructionScalar.java> 821ed478 rlwinm r9,r9,0x9,0x0,0x16 (GhidraScript)  
INFO  FindInstructionScalar.java> 821ee0b8 rlwinm r10,r10,0x0,0x16,0x1d (GhidraScript)  
INFO  FindInstructionScalar.java> 821ee15c rlwinm r9,r9,0x0,0x0,0x16 (GhidraScript)  
INFO  FindInstructionScalar.java> 821ee4bc rlwinm r11,r11,0x0,0x0,0x16 (GhidraScript)  
INFO  FindInstructionScalar.java> 821ee528 rlwinm r29,r11,0x9,0x0,0x16 (GhidraScript)  
INFO  FindInstructionScalar.java> 821efcac rlwinm r8,r10,0x16,0x1a,0x1c (GhidraScript)  
INFO  FindInstructionScalar.java> 821efd28 rlwinm r31,r8,0x0,0x16,0x18 (GhidraScript)  
INFO  FindInstructionScalar.java> 821efd34 rlwinm r9,r8,0x0,0x16,0x18 (GhidraScript)  
INFO  FindInstructionScalar.java> 821efd6c rlwinm r10,r10,0x0,0x16,0x17 (GhidraScript)  
INFO  FindInstructionScalar.java> 821efe8c rlwimi r9,r10,0x0,0x1a,0x16 (GhidraScript)  
INFO  FindInstructionScalar.java> 821f3184 twi r0,0x16 (GhidraScript)  
INFO  FindInstructionScalar.java> 821f39e8 rlwimi r8,r10,0x19,0x16,0x1d (GhidraScript)  
INFO  FindInstructionScalar.java> 821f6504 rlwinm r5,r5,0x0,0x16,0x1f (GhidraScript)  
INFO  FindInstructionScalar.java> 821f65dc rlwinm r11,r11,0x9,0xc,0x16 (GhidraScript)  
INFO  FindInstructionScalar.java> 821f6650 rlwinm r11,r11,0x9,0xd,0x16 (GhidraScript)  
INFO  FindInstructionScalar.java> 821f6660 rlwinm r11,r11,0x9,0xd,0x16 (GhidraScript)  
INFO  FindInstructionScalar.java> 821f66b0 rlwinm r11,r11,0x9,0xd,0x16 (GhidraScript)  
INFO  FindInstructionScalar.java> 821fe5b8 rlwimi r9,r11,0x4,0x14,0x16 (GhidraScript)  
INFO  FindInstructionScalar.java> 821ff0c0 rlwinm. r10,r30,0x0,0x16,0x16 (GhidraScript)  
INFO  FindInstructionScalar.java> 821ff168 rlwinm. r11,r29,0x0,0x16,0x16 (GhidraScript)  
INFO  FindInstructionScalar.java> 821ff5b0 cmplwi cr6,r11,0x16 (GhidraScript)  
INFO  FindInstructionScalar.java> 821ffe64 rlwinm r9,r11,0x0,0x0,0x16 (GhidraScript)  
INFO  FindInstructionScalar.java> 821fffe8 rlwinm r9,r11,0x0,0x0,0x16 (GhidraScript)  
INFO  FindInstructionScalar.java> 82200b44 rlwinm. r11,r31,0x0,0x16,0x16 (GhidraScript)  
INFO  FindInstructionScalar.java> 8220cd04 rlwinm r4,r11,0x16,0x1f,0x1f (GhidraScript)  
INFO  FindInstructionScalar.java> 8220d0f4 rlwinm r10,r31,0x16,0x1f,0x1f (GhidraScript)  
INFO  FindInstructionScalar.java> 8220d33c rlwinm r9,r10,0x16,0x1f,0x1f (GhidraScript)  
INFO  FindInstructionScalar.java> 8220d6a0 lhz r11,0x16(r6) (GhidraScript)  
INFO  FindInstructionScalar.java> 8220d6e8 sth r11,0x16(r6) (GhidraScript)  
INFO  FindInstructionScalar.java> 8220d738 rlwinm r10,r11,0x0,0x16,0x16 (GhidraScript)  
INFO  FindInstructionScalar.java> 8220e48c addi r11,r30,0x16 (GhidraScript)  
INFO  FindInstructionScalar.java> 82211cdc rlwinm r6,r9,0x2,0x16,0x1d (GhidraScript)  
INFO  FindInstructionScalar.java> 82214200 rlwinm r11,r11,0x2,0x16,0x1d (GhidraScript)  
INFO  FindInstructionScalar.java> 822142f0 rlwinm r3,r3,0xa,0x16,0x1d (GhidraScript)  
INFO  FindInstructionScalar.java> 82215db0 rlwinm r11,r11,0x0,0x16,0x16 (GhidraScript)  
INFO  FindInstructionScalar.java> 822164ec rlwinm r11,r11,0x0,0x16,0x16 (GhidraScript)  
INFO  FindInstructionScalar.java> 8221b008 rlwinm r11,r11,0x9,0x0,0x16 (GhidraScript)  
INFO  FindInstructionScalar.java> 82221ee8 rlwinm r11,r11,0x9,0x0,0x16 (GhidraScript)  
INFO  FindInstructionScalar.java> 82221f68 rlwinm r11,r11,0x9,0x0,0x16 (GhidraScript)  
INFO  FindInstructionScalar.java> 82221fe8 rlwinm r11,r11,0x9,0x0,0x16 (GhidraScript)  
INFO  FindInstructionScalar.java> 82222068 rlwinm r11,r11,0x9,0x0,0x16 (GhidraScript)  
INFO  FindInstructionScalar.java> 822220e8 rlwinm r11,r11,0x9,0x0,0x16 (GhidraScript)  
INFO  FindInstructionScalar.java> 82222188 rlwinm r11,r11,0x9,0x0,0x16 (GhidraScript)  
INFO  FindInstructionScalar.java> 82222208 rlwinm r11,r11,0x9,0x0,0x16 (GhidraScript)  
INFO  FindInstructionScalar.java> 82222280 rlwinm r11,r11,0x9,0x0,0x16 (GhidraScript)  
INFO  FindInstructionScalar.java> 82222378 rlwinm r11,r11,0x9,0x0,0x16 (GhidraScript)  
INFO  FindInstructionScalar.java> 822223f8 rlwinm r11,r11,0x9,0x0,0x16 (GhidraScript)  
INFO  FindInstructionScalar.java> 822249c8 rlwinm r11,r11,0x9,0x0,0x16 (GhidraScript)  
INFO  FindInstructionScalar.java> 82224a48 rlwinm r11,r11,0x9,0x0,0x16 (GhidraScript)  
INFO  FindInstructionScalar.java> 82224ac8 rlwinm r11,r11,0x9,0x0,0x16 (GhidraScript)  
INFO  FindInstructionScalar.java> 82224b48 rlwinm r11,r11,0x9,0x0,0x16 (GhidraScript)  
INFO  FindInstructionScalar.java> 82224bc8 rlwinm r11,r11,0x9,0x0,0x16 (GhidraScript)  
INFO  FindInstructionScalar.java> 82224c48 rlwinm r11,r11,0x9,0x0,0x16 (GhidraScript)  
INFO  FindInstructionScalar.java> 82224cd0 rlwinm r11,r11,0x9,0x0,0x16 (GhidraScript)  
INFO  FindInstructionScalar.java> 82224d50 rlwinm r11,r11,0x9,0x0,0x16 (GhidraScript)  
INFO  FindInstructionScalar.java> 82224dd0 rlwinm r11,r11,0x9,0x0,0x16 (GhidraScript)  
INFO  FindInstructionScalar.java> 82224e50 rlwinm r11,r11,0x9,0x0,0x16 (GhidraScript)  
INFO  FindInstructionScalar.java> 82224ed0 rlwinm r11,r11,0x9,0x0,0x16 (GhidraScript)  
INFO  FindInstructionScalar.java> 82224f50 rlwinm r11,r11,0x9,0x0,0x16 (GhidraScript)  
INFO  FindInstructionScalar.java> 82225048 rlwinm r11,r11,0x9,0x0,0x16 (GhidraScript)  
INFO  FindInstructionScalar.java> 82225230 rlwinm r11,r11,0x9,0x0,0x16 (GhidraScript)  
INFO  FindInstructionScalar.java> 8222ccd4 rlwinm r11,r11,0x0,0x16,0x16 (GhidraScript)  
INFO  FindInstructionScalar.java> 8222cce8 rlwinm r11,r11,0x0,0x16,0x16 (GhidraScript)  
INFO  FindInstructionScalar.java> 822381e8 li r9,0x16 (GhidraScript)  
INFO  FindInstructionScalar.java> 8223939c stb r11,0x16(r3) (GhidraScript)  
INFO  FindInstructionScalar.java> 8223dad0 li r11,0x16 (GhidraScript)  
INFO  FindInstructionScalar.java> 82241eb4 rlwinm r11,r11,0x0,0x16,0x16 (GhidraScript)  
INFO  FindInstructionScalar.java> 82242990 rlwinm r11,r11,0x0,0x16,0x16 (GhidraScript)  
INFO  FindInstructionScalar.java> 822490a0 rlwinm r11,r11,0x0,0x16,0x16 (GhidraScript)  
INFO  FindInstructionScalar.java> 82250304 sth r10,0x16(r11) (GhidraScript)  
INFO  FindInstructionScalar.java> 8225037c li r9,0x16 (GhidraScript)  
INFO  FindInstructionScalar.java> 822506a0 sth r7,0x16(r3) (GhidraScript)  
INFO  FindInstructionScalar.java> 82251218 stb r11,0x16(r31) (GhidraScript)  
INFO  FindInstructionScalar.java> 82255358 rlwinm r11,r11,0x0,0x16,0x16 (GhidraScript)  
INFO  FindInstructionScalar.java> 8225c764 li r4,0x16 (GhidraScript)  
INFO  FindInstructionScalar.java> 8226a8e4 lhz r9,0x16(r31) (GhidraScript)  
INFO  FindInstructionScalar.java> 82270e5c rlwinm r11,r22,0x0,0x16,0x16 (GhidraScript)  
INFO  FindInstructionScalar.java> 82270ee8 lhz r10,0x16(r10) (GhidraScript)  
INFO  FindInstructionScalar.java> 82271b78 rlwinm r11,r11,0x0,0x16,0x16 (GhidraScript)  
INFO  FindInstructionScalar.java> 8228c2b4 lhz r6,0x16(r11) (GhidraScript)  
INFO  FindInstructionScalar.java> 822979a8 stb r10,0x16(r11) (GhidraScript)  
INFO  FindInstructionScalar.java> 82297a94 lbz r10,0x16(r28) (GhidraScript)  
INFO  FindInstructionScalar.java> 82297d2c lbz r11,0x16(r8) (GhidraScript)  
INFO  FindInstructionScalar.java> 8229adc8 rlwinm r10,r11,0x0,0x14,0x16 (GhidraScript)  
INFO  FindInstructionScalar.java> 8229aec0 rlwinm r11,r11,0x0,0x14,0x16 (GhidraScript)  
INFO  FindInstructionScalar.java> 8229e884 rlwinm r10,r11,0x0,0x16,0x16 (GhidraScript)  
INFO  FindInstructionScalar.java> 822a0a9c rlwinm r10,r11,0x0,0x16,0x17 (GhidraScript)  
INFO  FindInstructionScalar.java> 822a0aa8 rlwinm r11,r11,0x0,0x16,0x16 (GhidraScript)  
INFO  FindInstructionScalar.java> 822a2728 rlwinm r11,r10,0x16,0x1f,0x1f (GhidraScript)  
INFO  FindInstructionScalar.java> 822a5094 rlwinm r7,r7,0x0,0x16,0x14 (GhidraScript)  
INFO  FindInstructionScalar.java> 822b2b08 rlwinm r11,r11,0x9,0x0,0x16 (GhidraScript)  
INFO  FindInstructionScalar.java> 822b2b94 rlwinm r11,r11,0x9,0x0,0x16 (GhidraScript)  
INFO  FindInstructionScalar.java> 822b2c08 rlwinm r11,r11,0x9,0x0,0x16 (GhidraScript)  
INFO  FindInstructionScalar.java> 822b2c70 rlwinm r11,r11,0x9,0x0,0x16 (GhidraScript)  
INFO  FindInstructionScalar.java> 822b2cd0 rlwinm r11,r11,0x9,0x0,0x16 (GhidraScript)  
INFO  FindInstructionScalar.java> 822b2d18 rlwinm r6,r11,0x9,0x0,0x16 (GhidraScript)  
INFO  FindInstructionScalar.java> 822b2d40 rlwinm r11,r11,0x9,0x0,0x16 (GhidraScript)  
INFO  FindInstructionScalar.java> 822b2de4 rlwinm r11,r11,0x9,0x0,0x16 (GhidraScript)  
INFO  FindInstructionScalar.java> 822ce6e0 sth r4,0x16(r3) (GhidraScript)  
INFO  FindInstructionScalar.java> 822cfc14 addi r11,r27,0x16 (GhidraScript)  
INFO  FindInstructionScalar.java> 8231b9cc lhz r6,0x16(r11) (GhidraScript)  
INFO  FindInstructionScalar.java> 82320778 li r4,0x16 (GhidraScript)  
INFO  FindInstructionScalar.java> 82320e60 li r29,0x16 (GhidraScript)  
INFO  FindInstructionScalar.java> 823212b8 li r29,0x16 (GhidraScript)  
INFO  FindInstructionScalar.java> 823214bc li r26,0x16 (GhidraScript)  
INFO  FindInstructionScalar.java> 82321920 li r30,0x16 (GhidraScript)  
INFO  FindInstructionScalar.java> 82321940 li r30,0x16 (GhidraScript)  
INFO  FindInstructionScalar.java> 82321c60 li r30,0x16 (GhidraScript)  
INFO  FindInstructionScalar.java> 82321e10 li r30,0x16 (GhidraScript)  
INFO  FindInstructionScalar.java> 82321e34 li r30,0x16 (GhidraScript)  
INFO  FindInstructionScalar.java> 82322110 li r4,0x16 (GhidraScript)  
INFO  FindInstructionScalar.java> 823223d8 li r4,0x16 (GhidraScript)  
INFO  FindInstructionScalar.java> 82322af0 li r4,0x16 (GhidraScript)  
INFO  FindInstructionScalar.java> 82322ea0 li r4,0x16 (GhidraScript)  
INFO  FindInstructionScalar.java> 82322f58 li r4,0x16 (GhidraScript)  
INFO  FindInstructionScalar.java> 82322f80 li r4,0x16 (GhidraScript)  
INFO  FindInstructionScalar.java> 82322fa8 li r4,0x16 (GhidraScript)  
INFO  FindInstructionScalar.java> 82324300 rlwinm r11,r11,0x0,0x16,0x16 (GhidraScript)  
INFO  FindInstructionScalar.java> 8233b598 rlwinm r9,r9,0x0,0x16,0x12 (GhidraScript)  
INFO  FindInstructionScalar.java> 8233d890 lbz r10,0x16(r10) (GhidraScript)  
INFO  FindInstructionScalar.java> 8233d8c8 lbz r8,0x16(r8) (GhidraScript)  
INFO  FindInstructionScalar.java> 8233d8f4 lbz r10,0x16(r10) (GhidraScript)  
INFO  FindInstructionScalar.java> 8233f56c twi r0,0x16 (GhidraScript)  
INFO  FindInstructionScalar.java> 8233f580 twi r0,0x16 (GhidraScript)  
INFO  FindInstructionScalar.java> 82342a40 rlwinm r6,r7,0x16,0x0,0x9 (GhidraScript)  
INFO  FindInstructionScalar.java> 82342a44 rlwinm r7,r7,0x16,0xa,0x1f (GhidraScript)  
INFO  FindInstructionScalar.java> 82342b0c rlwinm r6,r7,0x16,0x0,0x9 (GhidraScript)  
INFO  FindInstructionScalar.java> 82342b10 rlwinm r7,r7,0x16,0xa,0x1f (GhidraScript)  
INFO  FindInstructionScalar.java> 82342bc0 rlwinm r6,r7,0x16,0x0,0x9 (GhidraScript)  
INFO  FindInstructionScalar.java> 82342bc4 rlwinm r7,r7,0x16,0xa,0x1f (GhidraScript)  
INFO  FindInstructionScalar.java> 82342c8c rlwinm r6,r7,0x16,0x0,0x9 (GhidraScript)  
INFO  FindInstructionScalar.java> 82342c90 rlwinm r7,r7,0x16,0xa,0x1f (GhidraScript)  
INFO  FindInstructionScalar.java> 82342ce8 rlwinm r9,r9,0x9,0x0,0x16 (GhidraScript)  
INFO  FindInstructionScalar.java> 82342d98 rlwinm r9,r9,0x9,0x0,0x16 (GhidraScript)  
INFO  FindInstructionScalar.java> 82342e50 rlwinm r9,r9,0x9,0x0,0x16 (GhidraScript)  
INFO  FindInstructionScalar.java> 82342f04 rlwinm r9,r9,0x9,0x0,0x16 (GhidraScript)  
INFO  FindInstructionScalar.java> 8234323c rlwinm r6,r8,0xa,0x16,0x1f (GhidraScript)  
INFO  FindInstructionScalar.java> 823432e0 rlwinm r6,r8,0xa,0x16,0x1f (GhidraScript)  
INFO  FindInstructionScalar.java> 82343380 rlwinm r6,r8,0xa,0x16,0x1f (GhidraScript)  
INFO  FindInstructionScalar.java> 82343424 rlwinm r6,r8,0xa,0x16,0x1f (GhidraScript)  
INFO  FindInstructionScalar.java> 8234b024 twi r0,0x16 (GhidraScript)  
INFO  FindInstructionScalar.java> 8234b0bc twi r0,0x16 (GhidraScript)  
INFO  FindInstructionScalar.java> 8234bd18 twi r0,0x16 (GhidraScript)  
INFO  FindInstructionScalar.java> 8234bd28 twi r0,0x16 (GhidraScript)  
INFO  FindInstructionScalar.java> 8234bf04 twi r0,0x16 (GhidraScript)  
INFO  FindInstructionScalar.java> 8234bf3c twi r0,0x16 (GhidraScript)  
INFO  FindInstructionScalar.java> 8234bff0 twi r0,0x16 (GhidraScript)  
INFO  FindInstructionScalar.java> 8234c158 twi r0,0x16 (GhidraScript)  
INFO  FindInstructionScalar.java> 8234c168 twi r0,0x16 (GhidraScript)  
INFO  FindInstructionScalar.java> 8234e8e4 rlwinm. r10,r9,0x0,0x16,0x16 (GhidraScript)  
INFO  FindInstructionScalar.java> 8234e968 lhz r11,0x16(r3) (GhidraScript)  
INFO  FindInstructionScalar.java> 8234fbd8 rlwinm r10,r10,0x0,0x16,0x12 (GhidraScript)  
INFO  FindInstructionScalar.java> 82351160 rlwinm r11,r30,0x0,0x16,0x17 (GhidraScript)  
INFO  FindInstructionScalar.java> 82351220 rlwinm r11,r10,0x0,0x16,0x17 (GhidraScript)  
INFO  FindInstructionScalar.java> 8235b36c cmpwi cr6,r11,0x16 (GhidraScript)  
INFO  FindInstructionScalar.java> 8235b500 cmpwi cr6,r11,0x16 (GhidraScript)  
INFO  FindInstructionScalar.java> 8235ba40 cmpwi cr6,r11,0x16 (GhidraScript)  
INFO  FindInstructionScalar.java> 8235bd88 cmpwi cr6,r11,0x16 (GhidraScript)  
INFO  FindInstructionScalar.java> 8235bf2c cmpwi cr6,r11,0x16 (GhidraScript)  
INFO  FindInstructionScalar.java> 8235c2c0 cmpwi cr6,r11,0x16 (GhidraScript)  
INFO  FindInstructionScalar.java> 8235cc80 cmpwi cr6,r11,0x16 (GhidraScript)  
INFO  FindInstructionScalar.java> 8235cca0 li r3,0x16 (GhidraScript)  
INFO  FindInstructionScalar.java> 8235cd78 cmpwi cr6,r11,0x16 (GhidraScript)  
INFO  FindInstructionScalar.java> 8235d604 cmpwi cr6,r11,0x16 (GhidraScript)  
INFO  FindInstructionScalar.java> 8235d8d0 cmpwi cr6,r3,0x16 (GhidraScript)  
INFO  FindInstructionScalar.java> 8235e280 rlwinm r31,r8,0x16,0xa,0x1f (GhidraScript)  
INFO  FindInstructionScalar.java> 8235e284 rlwinm r8,r8,0x0,0x16,0x1f (GhidraScript)  
INFO  FindInstructionScalar.java> 8235eb10 cmpwi cr6,r3,0x16 (GhidraScript)  
INFO  FindInstructionScalar.java> 8235eb80 cmpwi cr6,r3,0x16 (GhidraScript)  
INFO  FindInstructionScalar.java> 8235ed6c cmpwi cr6,r3,0x16 (GhidraScript)  
INFO  FindInstructionScalar.java> 8235edf8 cmpwi cr6,r3,0x16 (GhidraScript)  
INFO  FindInstructionScalar.java> 8235f2e4 cmpwi cr6,r3,0x16 (GhidraScript)  
INFO  FindInstructionScalar.java> 8235f65c cmpwi cr6,r3,0x16 (GhidraScript)  
INFO  FindInstructionScalar.java> 8235f6b0 cmpwi cr6,r3,0x16 (GhidraScript)  
INFO  FindInstructionScalar.java> 8235fb04 cmpwi cr6,r3,0x16 (GhidraScript)  
INFO  FindInstructionScalar.java> 8235fd68 cmpwi cr6,r3,0x16 (GhidraScript)  
INFO  FindInstructionScalar.java> 823603ac cmpwi cr6,r3,0x16 (GhidraScript)  
INFO  FindInstructionScalar.java> 823603d0 li r3,0x16 (GhidraScript)  
INFO  FindInstructionScalar.java> 82360410 cmpwi cr6,r3,0x16 (GhidraScript)  
INFO  FindInstructionScalar.java> 8236052c cmpwi cr6,r3,0x16 (GhidraScript)  
INFO  FindInstructionScalar.java> 82360f0c cmpwi cr6,r3,0x16 (GhidraScript)  
INFO  FindInstructionScalar.java> 82361bd0 cmpwi cr6,r3,0x16 (GhidraScript)  
INFO  FindInstructionScalar.java> 82361c40 cmpwi cr6,r3,0x16 (GhidraScript)  
INFO  FindInstructionScalar.java> 82361e30 cmpwi cr6,r3,0x16 (GhidraScript)  
INFO  FindInstructionScalar.java> 82361ec0 cmpwi cr6,r3,0x16 (GhidraScript)  
INFO  FindInstructionScalar.java> 823623b0 cmpwi cr6,r3,0x16 (GhidraScript)  
INFO  FindInstructionScalar.java> 82362728 cmpwi cr6,r3,0x16 (GhidraScript)  
INFO  FindInstructionScalar.java> 8236277c cmpwi cr6,r3,0x16 (GhidraScript)  
INFO  FindInstructionScalar.java> 82362e3c cmpwi cr6,r3,0x16 (GhidraScript)  
INFO  FindInstructionScalar.java> 82363488 cmpwi cr6,r3,0x16 (GhidraScript)  
INFO  FindInstructionScalar.java> 823634ac li r3,0x16 (GhidraScript)  
INFO  FindInstructionScalar.java> 823634ec cmpwi cr6,r3,0x16 (GhidraScript)  
INFO  FindInstructionScalar.java> 82363610 cmpwi cr6,r3,0x16 (GhidraScript)  
INFO  FindInstructionScalar.java> 82363d1c cmpwi cr6,r3,0x16 (GhidraScript)  
INFO  FindInstructionScalar.java> 82364004 cmpwi cr6,r3,0x16 (GhidraScript)  
INFO  FindInstructionScalar.java> 823668f8 rlwinm. r11,r30,0x0,0x16,0x16 (GhidraScript)  
INFO  FindInstructionScalar.java> 8236d2c8 addi r10,r3,0x16 (GhidraScript)  
INFO  FindInstructionScalar.java> 8236f538 ori r3,r3,0x16 (GhidraScript)  
INFO  FindInstructionScalar.java> 82384524 li r3,0x16 (GhidraScript)  
INFO  FindInstructionScalar.java> 82385900 li r10,0x16 (GhidraScript)  
INFO  FindInstructionScalar.java> 82385920 li r3,0x16 (GhidraScript)  
INFO  FindInstructionScalar.java> 82385abc li r10,0x16 (GhidraScript)  
INFO  FindInstructionScalar.java> 82385cf8 li r3,0x16 (GhidraScript)  
INFO  FindInstructionScalar.java> 823860fc li r3,0x16 (GhidraScript)  
INFO  FindInstructionScalar.java> 82386288 li r31,0x16 (GhidraScript)  
INFO  FindInstructionScalar.java> 8238748c li r10,0x16 (GhidraScript)  
INFO  FindInstructionScalar.java> 82387ae8 li r10,0x16 (GhidraScript)  
INFO  FindInstructionScalar.java> 82387cdc li r3,0x16 (GhidraScript)  
INFO  FindInstructionScalar.java> 82387db8 li r10,0x16 (GhidraScript)  
INFO  FindInstructionScalar.java> 823895f4 li r10,0x16 (GhidraScript)  
INFO  FindInstructionScalar.java> 8238a680 twi r0,0x16 (GhidraScript)  
INFO  FindInstructionScalar.java> 8238b448 rlwinm. r10,r27,0x0,0x16,0x16 (GhidraScript)  
INFO  FindInstructionScalar.java> 8238b7e8 rlwinm r10,r10,0x0,0x18,0x16 (GhidraScript)  
INFO  FindInstructionScalar.java> 8238c090 rlwinm. r10,r25,0x0,0x16,0x16 (GhidraScript)  
INFO  FindInstructionScalar.java> 8238c5e8 li r10,0x16 (GhidraScript)  
INFO  FindInstructionScalar.java> 8238c61c li r31,0x16 (GhidraScript)  
INFO  FindInstructionScalar.java> 8238c89c li r3,0x16 (GhidraScript)  
INFO  FindInstructionScalar.java> 8238e32c li r10,0x16 (GhidraScript)  
INFO  FindInstructionScalar.java> 8238e9f8 li r10,0x16 (GhidraScript)  
INFO  FindInstructionScalar.java> 823900c8 li r10,0x16 (GhidraScript)  
INFO  FindInstructionScalar.java> 82390e5c li r3,0x16 (GhidraScript)  
INFO  FindInstructionScalar.java> 823924f4 li r3,0x16 (GhidraScript)  
INFO  FindInstructionScalar.java> 823971c4 rlwinm. r11,r3,0x0,0x15,0x16 (GhidraScript)  
INFO  FindInstructionScalar.java> 82397d98 rlwimi r11,r3,0x6,0x16,0x19 (GhidraScript)  
INFO  FindInstructionScalar.java> 82397d9c rlwinm r11,r11,0x0,0x16,0x1f (GhidraScript)  
INFO  FindInstructionScalar.java> 823a4510 rlwinm r8,r10,0x2,0x16,0x1d (GhidraScript)  
INFO  FindInstructionScalar.java> 823a6d34 li r6,0x16 (GhidraScript)  
INFO  FindInstructionScalar.java> 823a6d90 li r6,0x16 (GhidraScript)  
INFO  FindInstructionScalar.java> 823aaff4 rlwimi r9,r10,0x19,0x15,0x16 (GhidraScript)  
INFO  FindInstructionScalar.java> 823ab374 rlwimi r11,r3,0x9,0x14,0x16 (GhidraScript)  
INFO  FindInstructionScalar.java> 823ae4e0 cmpwi cr6,r3,0x16 (GhidraScript)  
INFO  FindInstructionScalar.java> 823b4408 rlwinm r26,r28,0x2,0x16,0x1d (GhidraScript)  
INFO  FindInstructionScalar.java> 823b4420 rlwinm r23,r23,0x2,0x16,0x1d (GhidraScript)  
INFO  FindInstructionScalar.java> 823b4428 rlwinm r22,r22,0x2,0x16,0x1d (GhidraScript)  
INFO  FindInstructionScalar.java> 823b443c rlwinm r21,r6,0x2,0x16,0x1d (GhidraScript)  
INFO  FindInstructionScalar.java> 823b4444 rlwinm r26,r26,0x2,0x16,0x1d (GhidraScript)  
INFO  FindInstructionScalar.java> 823b445c rlwinm r22,r31,0x2,0x16,0x1d (GhidraScript)  
INFO  FindInstructionScalar.java> 823b4464 rlwinm r23,r23,0x2,0x16,0x1d (GhidraScript)  
INFO  FindInstructionScalar.java> 823b4484 rlwinm r26,r26,0x2,0x16,0x1d (GhidraScript)  
INFO  FindInstructionScalar.java> 823b4544 rlwinm r28,r8,0x2,0x16,0x1d (GhidraScript)  
INFO  FindInstructionScalar.java> 823b455c rlwinm r27,r27,0x2,0x16,0x1d (GhidraScript)  
INFO  FindInstructionScalar.java> 823b4630 rlwinm r7,r28,0x2,0x16,0x1d (GhidraScript)  
INFO  FindInstructionScalar.java> 823b4648 rlwinm r25,r25,0x2,0x16,0x1d (GhidraScript)  
INFO  FindInstructionScalar.java> 823b4650 rlwinm r23,r23,0x2,0x16,0x1d (GhidraScript)  
INFO  FindInstructionScalar.java> 823b4664 rlwinm r22,r31,0x2,0x16,0x1d (GhidraScript)  
INFO  FindInstructionScalar.java> 823b466c rlwinm r7,r7,0x2,0x16,0x1d (GhidraScript)  
INFO  FindInstructionScalar.java> 823b4684 rlwinm r23,r6,0x2,0x16,0x1d (GhidraScript)  
INFO  FindInstructionScalar.java> 823b4688 rlwinm r25,r25,0x2,0x16,0x1d (GhidraScript)  
INFO  FindInstructionScalar.java> 823b46a4 rlwinm r7,r7,0x2,0x16,0x1d (GhidraScript)  
INFO  FindInstructionScalar.java> 823b4768 rlwinm r30,r8,0x2,0x16,0x1d (GhidraScript)  
INFO  FindInstructionScalar.java> 823b4780 rlwinm r29,r29,0x2,0x16,0x1d (GhidraScript)  
INFO  FindInstructionScalar.java> 823b5a1c rlwinm r19,r19,0x0,0x16,0x1f (GhidraScript)  
INFO  FindInstructionScalar.java> 823b5a40 rlwinm r19,r19,0x0,0x16,0x1f (GhidraScript)  
INFO  FindInstructionScalar.java> 823b5c6c rlwinm r19,r19,0x0,0x16,0x1f (GhidraScript)  
INFO  FindInstructionScalar.java> 823b5cd0 rlwinm r19,r19,0x0,0x16,0x1f (GhidraScript)  
INFO  FindInstructionScalar.java> 823daee0 lbz r11,0x16(r27) (GhidraScript)  
INFO  FindInstructionScalar.java> 823e2544 lhz r7,0x16(r10) (GhidraScript)  
INFO  REPORT: Save succeeded for processed file: /default.xex (HeadlessAnalyzer)  
