openjdk version "21.0.11" 2026-04-21
OpenJDK Runtime Environment (build 21.0.11+10-1-26.04.2-Ubuntu)
OpenJDK 64-Bit Server VM (build 21.0.11+10-1-26.04.2-Ubuntu, mixed mode)
INFO  Using log config file: jar:file:/fastdata/lavaulta/auto-re-agent/.tools/ghidra_12.1.2_PUBLIC/Ghidra/Framework/Generic/lib/Generic.jar!/generic.log4j.xml (LoggingInitialization)  
INFO  Using log file: /home/lavaulta/.config/ghidra/ghidra_12.1.2_PUBLIC/application.log (LoggingInitialization)  
INFO  Loading user preferences: /home/lavaulta/.config/ghidra/ghidra_12.1.2_PUBLIC/preferences (Preferences)  
INFO  Searching for classes... (ClassSearcher)  
INFO  Ignoring class 'xexloaderwv.XEXLoaderWVLoader' from '/fastdata/lavaulta/auto-re-agent/.tools/ghidra_12.1.2_PUBLIC/Ghidra/Extensions/XEXLoaderWV/lib/XEXLoaderWV.jar'. Already found at '/fastdata/lavaulta/auto-re-agent/.tools/ghidra_12.1.2_PUBLIC/Ghidra/patch/XEXLoaderWV-java21.jar'. (ClassSearcher)  
INFO  Class search complete (1511 ms) (ClassSearcher)  
INFO  Initializing SSL Context (DefaultSSLContextInitializer)  
INFO  Initializing Random Number Generator... (SecureRandomFactory)  
INFO  Random Number Generator initialization complete: NativePRNGNonBlocking (SecureRandomFactory)  
INFO  Trust manager disabled, cacerts have not been set (DefaultTrustManagerFactory)  
INFO  Headless startup complete (3052 ms) (AnalyzeHeadless)  
INFO  Class searcher loaded 59 extension points (20 false positives) (ClassSearcher)  
INFO  HEADLESS Script Paths:
    /fastdata/lavaulta/auto-re-agent/.tools/ghidra_12.1.2_PUBLIC/Ghidra/Features/MicrosoftCodeAnalyzer/ghidra_scripts
    /fastdata/lavaulta/auto-re-agent/.tools/ghidra_12.1.2_PUBLIC/Ghidra/Features/PDB/ghidra_scripts
    /fastdata/lavaulta/auto-re-agent/.tools/ghidra_12.1.2_PUBLIC/Ghidra/Processors/8051/ghidra_scripts
    /fastdata/lavaulta/auto-re-agent/.tools/ghidra_12.1.2_PUBLIC/Ghidra/Features/Base/ghidra_scripts
    /fastdata/lavaulta/auto-re-agent/workspaces/ace-combat-6/scripts
    /fastdata/lavaulta/auto-re-agent/.tools/ghidra_12.1.2_PUBLIC/Ghidra/Features/FileFormats/ghidra_scripts
    /fastdata/lavaulta/auto-re-agent/.tools/ghidra_12.1.2_PUBLIC/Ghidra/Features/GnuDemangler/ghidra_scripts
    /fastdata/lavaulta/auto-re-agent/.tools/ghidra_12.1.2_PUBLIC/Ghidra/Extensions/ghidra-emotionengine-reloaded/ghidra_scripts
    /fastdata/lavaulta/auto-re-agent/.tools/ghidra_12.1.2_PUBLIC/Ghidra/Features/Decompiler/ghidra_scripts
    /fastdata/lavaulta/auto-re-agent/.tools/ghidra_12.1.2_PUBLIC/Ghidra/Features/FunctionID/ghidra_scripts
    /fastdata/lavaulta/auto-re-agent/.tools/ghidra_12.1.2_PUBLIC/Ghidra/Features/DecompilerDependent/ghidra_scripts
    /fastdata/lavaulta/auto-re-agent/.tools/ghidra_12.1.2_PUBLIC/Ghidra/Processors/DATA/ghidra_scripts
    /fastdata/lavaulta/auto-re-agent/.tools/ghidra_12.1.2_PUBLIC/Ghidra/Debug/Debugger-rmi-trace/ghidra_scripts
    /fastdata/lavaulta/auto-re-agent/.tools/ghidra_12.1.2_PUBLIC/Ghidra/Features/SwiftDemangler/ghidra_scripts
    /fastdata/lavaulta/auto-re-agent/.tools/ghidra_12.1.2_PUBLIC/Ghidra/Debug/Debugger/ghidra_scripts
    /fastdata/lavaulta/auto-re-agent/.tools/ghidra_12.1.2_PUBLIC/Ghidra/Processors/PIC/ghidra_scripts
    /fastdata/lavaulta/auto-re-agent/.tools/ghidra_12.1.2_PUBLIC/Ghidra/Extensions/XEXLoaderWV/ghidra_scripts
    /fastdata/lavaulta/auto-re-agent/.tools/ghidra_12.1.2_PUBLIC/Ghidra/Features/WildcardAssembler/ghidra_scripts
    /fastdata/lavaulta/auto-re-agent/.tools/ghidra_12.1.2_PUBLIC/Ghidra/Features/PyGhidra/ghidra_scripts
    /fastdata/lavaulta/auto-re-agent/.tools/ghidra_12.1.2_PUBLIC/Ghidra/Features/BSim/ghidra_scripts
    /fastdata/lavaulta/auto-re-agent/.tools/ghidra_12.1.2_PUBLIC/Ghidra/Features/VersionTracking/ghidra_scripts
    /fastdata/lavaulta/auto-re-agent/.tools/ghidra_12.1.2_PUBLIC/Ghidra/Features/BytePatterns/ghidra_scripts
    /fastdata/lavaulta/auto-re-agent/.tools/ghidra_12.1.2_PUBLIC/Ghidra/Processors/Atmel/ghidra_scripts
    /fastdata/lavaulta/auto-re-agent/.tools/ghidra_12.1.2_PUBLIC/Ghidra/Features/SystemEmulation/ghidra_scripts
    /fastdata/lavaulta/auto-re-agent/.tools/ghidra_12.1.2_PUBLIC/Ghidra/Processors/JVM/ghidra_scripts (HeadlessAnalyzer)  
INFO  HEADLESS: execution starts (HeadlessAnalyzer)  
INFO  Opening existing project: /fastdata/lavaulta/auto-re-agent/workspaces/ace-combat-6/ghidra-projects/ace-combat-6-corrected (HeadlessAnalyzer)  
INFO  Opening project: /fastdata/lavaulta/auto-re-agent/workspaces/ace-combat-6/ghidra-projects/ace-combat-6-corrected (HeadlessProject)  
INFO  REPORT: Processing project file: /default.xex (HeadlessAnalyzer)  
INFO  REPORT: Execute script: FindInstructionScalar.java '0x17'  (HeadlessAnalyzer)  
INFO  SCRIPT: /fastdata/lavaulta/auto-re-agent/workspaces/ace-combat-6/scripts/FindInstructionScalar.java (HeadlessAnalyzer)  
INFO  FindInstructionScalar.java> 82093eac rlwimi r10,r9,0x8,0x0,0x17 (GhidraScript)  
INFO  FindInstructionScalar.java> 82093ebc rlwimi r9,r10,0x8,0x0,0x17 (GhidraScript)  
INFO  FindInstructionScalar.java> 82093ed0 rlwimi r9,r10,0x8,0x0,0x17 (GhidraScript)  
INFO  FindInstructionScalar.java> 82093f38 rlwimi r9,r8,0x8,0x0,0x17 (GhidraScript)  
INFO  FindInstructionScalar.java> 82093f48 rlwimi r8,r9,0x8,0x0,0x17 (GhidraScript)  
INFO  FindInstructionScalar.java> 82093f58 rlwimi r9,r8,0x8,0x0,0x17 (GhidraScript)  
INFO  FindInstructionScalar.java> 82093fb8 rlwimi r8,r9,0x8,0x0,0x17 (GhidraScript)  
INFO  FindInstructionScalar.java> 82093fc8 rlwimi r9,r8,0x8,0x0,0x17 (GhidraScript)  
INFO  FindInstructionScalar.java> 82093fdc rlwimi r9,r8,0x8,0x0,0x17 (GhidraScript)  
INFO  FindInstructionScalar.java> 8209403c rlwimi r10,r9,0x8,0x0,0x17 (GhidraScript)  
INFO  FindInstructionScalar.java> 8209404c rlwimi r9,r10,0x8,0x0,0x17 (GhidraScript)  
INFO  FindInstructionScalar.java> 82094060 rlwimi r9,r10,0x8,0x0,0x17 (GhidraScript)  
INFO  FindInstructionScalar.java> 820940b0 rlwimi r9,r8,0x8,0x0,0x17 (GhidraScript)  
INFO  FindInstructionScalar.java> 820940d8 rlwimi r8,r9,0x8,0x0,0x17 (GhidraScript)  
INFO  FindInstructionScalar.java> 820940e8 rlwimi r9,r8,0x8,0x0,0x17 (GhidraScript)  
INFO  FindInstructionScalar.java> 82094148 rlwimi r9,r8,0x8,0x0,0x17 (GhidraScript)  
INFO  FindInstructionScalar.java> 82094158 rlwimi r8,r9,0x8,0x0,0x17 (GhidraScript)  
INFO  FindInstructionScalar.java> 82094168 rlwimi r9,r8,0x8,0x0,0x17 (GhidraScript)  
INFO  FindInstructionScalar.java> 820941c8 rlwimi r10,r9,0x8,0x0,0x17 (GhidraScript)  
INFO  FindInstructionScalar.java> 820941d8 rlwimi r9,r10,0x8,0x0,0x17 (GhidraScript)  
INFO  FindInstructionScalar.java> 820941ec rlwimi r9,r10,0x8,0x0,0x17 (GhidraScript)  
INFO  FindInstructionScalar.java> 82094254 rlwimi r9,r8,0x8,0x0,0x17 (GhidraScript)  
INFO  FindInstructionScalar.java> 82094264 rlwimi r8,r9,0x8,0x0,0x17 (GhidraScript)  
INFO  FindInstructionScalar.java> 82094274 rlwimi r9,r8,0x8,0x0,0x17 (GhidraScript)  
INFO  FindInstructionScalar.java> 820942d4 rlwimi r9,r8,0x8,0x0,0x17 (GhidraScript)  
INFO  FindInstructionScalar.java> 820942e4 rlwimi r8,r9,0x8,0x0,0x17 (GhidraScript)  
INFO  FindInstructionScalar.java> 820942f4 rlwimi r9,r8,0x8,0x0,0x17 (GhidraScript)  
INFO  FindInstructionScalar.java> 8209434c rlwimi r9,r8,0x8,0x0,0x17 (GhidraScript)  
INFO  FindInstructionScalar.java> 82094364 rlwimi r8,r9,0x8,0x0,0x17 (GhidraScript)  
INFO  FindInstructionScalar.java> 82094374 rlwimi r9,r8,0x8,0x0,0x17 (GhidraScript)  
INFO  FindInstructionScalar.java> 820943d4 rlwimi r9,r8,0x8,0x0,0x17 (GhidraScript)  
INFO  FindInstructionScalar.java> 820943e4 rlwimi r8,r9,0x8,0x0,0x17 (GhidraScript)  
INFO  FindInstructionScalar.java> 820943f4 rlwimi r9,r8,0x8,0x0,0x17 (GhidraScript)  
INFO  FindInstructionScalar.java> 82094444 rlwimi r9,r8,0x8,0x0,0x17 (GhidraScript)  
INFO  FindInstructionScalar.java> 82094454 rlwimi r8,r9,0x8,0x0,0x17 (GhidraScript)  
INFO  FindInstructionScalar.java> 82094474 rlwimi r9,r8,0x8,0x0,0x17 (GhidraScript)  
INFO  FindInstructionScalar.java> 820944d4 rlwimi r10,r9,0x8,0x0,0x17 (GhidraScript)  
INFO  FindInstructionScalar.java> 820944e4 rlwimi r9,r10,0x8,0x0,0x17 (GhidraScript)  
INFO  FindInstructionScalar.java> 820944f8 rlwimi r9,r10,0x8,0x0,0x17 (GhidraScript)  
INFO  FindInstructionScalar.java> 82094560 rlwimi r9,r8,0x8,0x0,0x17 (GhidraScript)  
INFO  FindInstructionScalar.java> 82094570 rlwimi r8,r9,0x8,0x0,0x17 (GhidraScript)  
INFO  FindInstructionScalar.java> 8209457c rlwimi r9,r8,0x8,0x0,0x17 (GhidraScript)  
INFO  FindInstructionScalar.java> 820945e0 rlwimi r9,r8,0x8,0x0,0x17 (GhidraScript)  
INFO  FindInstructionScalar.java> 820945f0 rlwimi r8,r9,0x8,0x0,0x17 (GhidraScript)  
INFO  FindInstructionScalar.java> 82094600 rlwimi r9,r8,0x8,0x0,0x17 (GhidraScript)  
INFO  FindInstructionScalar.java> 82094660 rlwimi r9,r8,0x8,0x0,0x17 (GhidraScript)  
INFO  FindInstructionScalar.java> 82094670 rlwimi r8,r9,0x8,0x0,0x17 (GhidraScript)  
INFO  FindInstructionScalar.java> 8209467c rlwimi r9,r8,0x8,0x0,0x17 (GhidraScript)  
INFO  FindInstructionScalar.java> 820947a8 rlwimi r10,r9,0x8,0x0,0x17 (GhidraScript)  
INFO  FindInstructionScalar.java> 820947b8 rlwimi r9,r10,0x8,0x0,0x17 (GhidraScript)  
INFO  FindInstructionScalar.java> 820947cc rlwimi r9,r10,0x8,0x0,0x17 (GhidraScript)  
INFO  FindInstructionScalar.java> 82094834 rlwimi r9,r8,0x8,0x0,0x17 (GhidraScript)  
INFO  FindInstructionScalar.java> 82094840 rlwimi r8,r9,0x8,0x0,0x17 (GhidraScript)  
INFO  FindInstructionScalar.java> 82094854 rlwimi r9,r8,0x8,0x0,0x17 (GhidraScript)  
INFO  FindInstructionScalar.java> 820948b4 rlwimi r9,r8,0x8,0x0,0x17 (GhidraScript)  
INFO  FindInstructionScalar.java> 820948c4 rlwimi r8,r9,0x8,0x0,0x17 (GhidraScript)  
INFO  FindInstructionScalar.java> 820948d4 rlwimi r9,r8,0x8,0x0,0x17 (GhidraScript)  
INFO  FindInstructionScalar.java> 82094934 rlwimi r9,r8,0x8,0x0,0x17 (GhidraScript)  
INFO  FindInstructionScalar.java> 82094944 rlwimi r8,r9,0x8,0x0,0x17 (GhidraScript)  
INFO  FindInstructionScalar.java> 82094954 rlwimi r9,r8,0x8,0x0,0x17 (GhidraScript)  
INFO  FindInstructionScalar.java> 820949b4 rlwimi r8,r9,0x8,0x0,0x17 (GhidraScript)  
INFO  FindInstructionScalar.java> 820949c4 rlwimi r9,r8,0x8,0x0,0x17 (GhidraScript)  
INFO  FindInstructionScalar.java> 820949d8 rlwimi r9,r8,0x8,0x0,0x17 (GhidraScript)  
INFO  FindInstructionScalar.java> 82094a38 rlwimi r9,r8,0x8,0x0,0x17 (GhidraScript)  
INFO  FindInstructionScalar.java> 82094a48 rlwimi r8,r9,0x8,0x0,0x17 (GhidraScript)  
INFO  FindInstructionScalar.java> 82094a58 rlwimi r9,r8,0x8,0x0,0x17 (GhidraScript)  
INFO  FindInstructionScalar.java> 82094aac rlwimi r9,r8,0x8,0x0,0x17 (GhidraScript)  
INFO  FindInstructionScalar.java> 82094ac8 rlwimi r8,r9,0x8,0x0,0x17 (GhidraScript)  
INFO  FindInstructionScalar.java> 82094ad8 rlwimi r9,r8,0x8,0x0,0x17 (GhidraScript)  
INFO  FindInstructionScalar.java> 82094b38 rlwimi r9,r8,0x8,0x0,0x17 (GhidraScript)  
INFO  FindInstructionScalar.java> 82094b48 rlwimi r8,r9,0x8,0x0,0x17 (GhidraScript)  
INFO  FindInstructionScalar.java> 82094b58 rlwimi r9,r8,0x8,0x0,0x17 (GhidraScript)  
INFO  FindInstructionScalar.java> 82094bb8 rlwimi r9,r8,0x8,0x0,0x17 (GhidraScript)  
INFO  FindInstructionScalar.java> 82094bc8 rlwimi r8,r9,0x8,0x0,0x17 (GhidraScript)  
INFO  FindInstructionScalar.java> 82094bd4 rlwimi r9,r8,0x8,0x0,0x17 (GhidraScript)  
INFO  FindInstructionScalar.java> 82094c38 rlwimi r9,r8,0x8,0x0,0x17 (GhidraScript)  
INFO  FindInstructionScalar.java> 82094c48 rlwimi r8,r9,0x8,0x0,0x17 (GhidraScript)  
INFO  FindInstructionScalar.java> 82094c58 rlwimi r9,r8,0x8,0x0,0x17 (GhidraScript)  
INFO  FindInstructionScalar.java> 82094cb8 rlwimi r9,r8,0x8,0x0,0x17 (GhidraScript)  
INFO  FindInstructionScalar.java> 82094cc8 rlwimi r8,r9,0x8,0x0,0x17 (GhidraScript)  
INFO  FindInstructionScalar.java> 82094cd8 rlwimi r9,r8,0x8,0x0,0x17 (GhidraScript)  
INFO  FindInstructionScalar.java> 82094d38 rlwimi r9,r8,0x8,0x0,0x17 (GhidraScript)  
INFO  FindInstructionScalar.java> 82094d48 rlwimi r8,r9,0x8,0x0,0x17 (GhidraScript)  
INFO  FindInstructionScalar.java> 82094d58 rlwimi r9,r8,0x8,0x0,0x17 (GhidraScript)  
INFO  FindInstructionScalar.java> 82094db8 rlwimi r9,r8,0x8,0x0,0x17 (GhidraScript)  
INFO  FindInstructionScalar.java> 82094dc8 rlwimi r8,r9,0x8,0x0,0x17 (GhidraScript)  
INFO  FindInstructionScalar.java> 82094dd8 rlwimi r9,r8,0x8,0x0,0x17 (GhidraScript)  
INFO  FindInstructionScalar.java> 82094e28 rlwimi r9,r8,0x8,0x0,0x17 (GhidraScript)  
INFO  FindInstructionScalar.java> 82094e38 rlwimi r8,r9,0x8,0x0,0x17 (GhidraScript)  
INFO  FindInstructionScalar.java> 82094e58 rlwimi r9,r8,0x8,0x0,0x17 (GhidraScript)  
INFO  FindInstructionScalar.java> 82094eb8 rlwimi r9,r8,0x8,0x0,0x17 (GhidraScript)  
INFO  FindInstructionScalar.java> 82094ec8 rlwimi r8,r9,0x8,0x0,0x17 (GhidraScript)  
INFO  FindInstructionScalar.java> 82094ed8 rlwimi r9,r8,0x8,0x0,0x17 (GhidraScript)  
INFO  FindInstructionScalar.java> 82094f38 rlwimi r9,r8,0x8,0x0,0x17 (GhidraScript)  
INFO  FindInstructionScalar.java> 82094f48 rlwimi r8,r9,0x8,0x0,0x17 (GhidraScript)  
INFO  FindInstructionScalar.java> 82094f54 rlwimi r9,r8,0x8,0x0,0x17 (GhidraScript)  
INFO  FindInstructionScalar.java> 82094fb8 rlwimi r9,r8,0x8,0x0,0x17 (GhidraScript)  
INFO  FindInstructionScalar.java> 82094fc8 rlwimi r8,r9,0x8,0x0,0x17 (GhidraScript)  
INFO  FindInstructionScalar.java> 82094fd8 rlwimi r9,r8,0x8,0x0,0x17 (GhidraScript)  
INFO  FindInstructionScalar.java> 82095038 rlwimi r9,r8,0x8,0x0,0x17 (GhidraScript)  
INFO  FindInstructionScalar.java> 82095048 rlwimi r8,r9,0x8,0x0,0x17 (GhidraScript)  
INFO  FindInstructionScalar.java> 82095058 rlwimi r9,r8,0x8,0x0,0x17 (GhidraScript)  
INFO  FindInstructionScalar.java> 820950a0 rlwimi r9,r8,0x8,0x0,0x17 (GhidraScript)  
INFO  FindInstructionScalar.java> 820950c8 rlwimi r8,r9,0x8,0x0,0x17 (GhidraScript)  
INFO  FindInstructionScalar.java> 820950d8 rlwimi r9,r8,0x8,0x0,0x17 (GhidraScript)  
INFO  FindInstructionScalar.java> 82095138 rlwimi r9,r8,0x8,0x0,0x17 (GhidraScript)  
INFO  FindInstructionScalar.java> 82095148 rlwimi r8,r9,0x8,0x0,0x17 (GhidraScript)  
INFO  FindInstructionScalar.java> 82095158 rlwimi r9,r8,0x8,0x0,0x17 (GhidraScript)  
INFO  FindInstructionScalar.java> 820951b8 rlwimi r10,r9,0x8,0x0,0x17 (GhidraScript)  
INFO  FindInstructionScalar.java> 820951c4 rlwimi r9,r10,0x8,0x0,0x17 (GhidraScript)  
INFO  FindInstructionScalar.java> 820951dc rlwimi r9,r10,0x8,0x0,0x17 (GhidraScript)  
INFO  FindInstructionScalar.java> 82095244 rlwimi r9,r8,0x8,0x0,0x17 (GhidraScript)  
INFO  FindInstructionScalar.java> 82095254 rlwimi r8,r9,0x8,0x0,0x17 (GhidraScript)  
INFO  FindInstructionScalar.java> 82095264 rlwimi r9,r8,0x8,0x0,0x17 (GhidraScript)  
INFO  FindInstructionScalar.java> 820952c4 rlwimi r9,r8,0x8,0x0,0x17 (GhidraScript)  
INFO  FindInstructionScalar.java> 820952d4 rlwimi r8,r9,0x8,0x0,0x17 (GhidraScript)  
INFO  FindInstructionScalar.java> 820952e4 rlwimi r9,r8,0x8,0x0,0x17 (GhidraScript)  
INFO  FindInstructionScalar.java> 82095344 rlwimi r10,r9,0x8,0x0,0x17 (GhidraScript)  
INFO  FindInstructionScalar.java> 82095354 rlwimi r9,r10,0x8,0x0,0x17 (GhidraScript)  
INFO  FindInstructionScalar.java> 82095368 rlwimi r9,r10,0x8,0x0,0x17 (GhidraScript)  
INFO  FindInstructionScalar.java> 820953d0 rlwimi r9,r8,0x8,0x0,0x17 (GhidraScript)  
INFO  FindInstructionScalar.java> 820953e0 rlwimi r8,r9,0x8,0x0,0x17 (GhidraScript)  
INFO  FindInstructionScalar.java> 820953f0 rlwimi r9,r8,0x8,0x0,0x17 (GhidraScript)  
INFO  FindInstructionScalar.java> 82095440 rlwimi r9,r8,0x8,0x0,0x17 (GhidraScript)  
INFO  FindInstructionScalar.java> 8209545c rlwimi r8,r9,0x8,0x0,0x17 (GhidraScript)  
INFO  FindInstructionScalar.java> 82095470 rlwimi r9,r8,0x8,0x0,0x17 (GhidraScript)  
INFO  FindInstructionScalar.java> 820954d0 rlwimi r9,r8,0x8,0x0,0x17 (GhidraScript)  
INFO  FindInstructionScalar.java> 820954e0 rlwimi r8,r9,0x8,0x0,0x17 (GhidraScript)  
INFO  FindInstructionScalar.java> 820954f0 rlwimi r9,r8,0x8,0x0,0x17 (GhidraScript)  
INFO  FindInstructionScalar.java> 82095550 rlwimi r10,r9,0x8,0x0,0x17 (GhidraScript)  
INFO  FindInstructionScalar.java> 82095560 rlwimi r9,r10,0x8,0x0,0x17 (GhidraScript)  
INFO  FindInstructionScalar.java> 82095574 rlwimi r9,r10,0x8,0x0,0x17 (GhidraScript)  
INFO  FindInstructionScalar.java> 820955dc rlwimi r9,r8,0x8,0x0,0x17 (GhidraScript)  
INFO  FindInstructionScalar.java> 820955ec rlwimi r8,r9,0x8,0x0,0x17 (GhidraScript)  
INFO  FindInstructionScalar.java> 820955fc rlwimi r9,r8,0x8,0x0,0x17 (GhidraScript)  
INFO  FindInstructionScalar.java> 8209565c rlwimi r9,r8,0x8,0x0,0x17 (GhidraScript)  
INFO  FindInstructionScalar.java> 8209566c rlwimi r8,r9,0x8,0x0,0x17 (GhidraScript)  
INFO  FindInstructionScalar.java> 8209567c rlwimi r9,r8,0x8,0x0,0x17 (GhidraScript)  
INFO  FindInstructionScalar.java> 820956cc rlwimi r9,r7,0x8,0x0,0x17 (GhidraScript)  
INFO  FindInstructionScalar.java> 820956ec rlwimi r8,r9,0x8,0x0,0x17 (GhidraScript)  
INFO  FindInstructionScalar.java> 820956fc rlwimi r9,r8,0x8,0x0,0x17 (GhidraScript)  
INFO  FindInstructionScalar.java> 8209575c rlwimi r9,r8,0x8,0x0,0x17 (GhidraScript)  
INFO  FindInstructionScalar.java> 8209576c rlwimi r8,r9,0x8,0x0,0x17 (GhidraScript)  
INFO  FindInstructionScalar.java> 82095778 rlwimi r9,r8,0x8,0x0,0x17 (GhidraScript)  
INFO  FindInstructionScalar.java> 820957e4 rlwimi r9,r8,0x8,0x0,0x17 (GhidraScript)  
INFO  FindInstructionScalar.java> 820957f0 rlwimi r8,r9,0x8,0x0,0x17 (GhidraScript)  
INFO  FindInstructionScalar.java> 82095804 rlwimi r9,r8,0x8,0x0,0x17 (GhidraScript)  
INFO  FindInstructionScalar.java> 82095864 rlwimi r9,r8,0x8,0x0,0x17 (GhidraScript)  
INFO  FindInstructionScalar.java> 82095874 rlwimi r8,r9,0x8,0x0,0x17 (GhidraScript)  
INFO  FindInstructionScalar.java> 82095884 rlwimi r9,r8,0x8,0x0,0x17 (GhidraScript)  
INFO  FindInstructionScalar.java> 820958e4 rlwimi r11,r9,0x8,0x0,0x17 (GhidraScript)  
INFO  FindInstructionScalar.java> 820958f4 rlwimi r9,r11,0x8,0x0,0x17 (GhidraScript)  
INFO  FindInstructionScalar.java> 82095900 rlwimi r11,r9,0x8,0x0,0x17 (GhidraScript)  
INFO  FindInstructionScalar.java> 820970d0 li r10,0x17 (GhidraScript)  
INFO  FindInstructionScalar.java> 8209735c li r9,0x17 (GhidraScript)  
INFO  FindInstructionScalar.java> 820974f4 li r10,0x17 (GhidraScript)  
INFO  FindInstructionScalar.java> 8209c0a0 rlwinm r11,r11,0x0,0x17,0x17 (GhidraScript)  
INFO  FindInstructionScalar.java> 820a9a60 rlwinm r11,r30,0x0,0x17,0x17 (GhidraScript)  
INFO  FindInstructionScalar.java> 820ad95c stb r27,0x17(r28) (GhidraScript)  
INFO  FindInstructionScalar.java> 820bb218 rlwinm r10,r10,0x0,0x1b,0x17 (GhidraScript)  
INFO  FindInstructionScalar.java> 820c13bc lbz r9,0x17(r9) (GhidraScript)  
INFO  FindInstructionScalar.java> 820d1e04 ori r4,r4,0x17 (GhidraScript)  
INFO  FindInstructionScalar.java> 820e8868 li r11,0x17 (GhidraScript)  
INFO  FindInstructionScalar.java> 820e8ed8 li r11,0x17 (GhidraScript)  
INFO  FindInstructionScalar.java> 820fbca4 lbz r11,0x17(r28) (GhidraScript)  
INFO  FindInstructionScalar.java> 820ff52c rlwinm r9,r8,0x17,0x9,0x1f (GhidraScript)  
INFO  FindInstructionScalar.java> 820ffbcc rlwinm r6,r9,0x0,0x17,0x1f (GhidraScript)  
INFO  FindInstructionScalar.java> 820ffc14 rlwinm r6,r9,0x0,0x17,0x1f (GhidraScript)  
INFO  FindInstructionScalar.java> 820ffc5c rlwinm r6,r9,0x0,0x17,0x1f (GhidraScript)  
INFO  FindInstructionScalar.java> 820ffc9c rlwinm r6,r9,0x0,0x17,0x1f (GhidraScript)  
INFO  FindInstructionScalar.java> 820ffd20 rlwinm r6,r9,0x0,0x17,0x1f (GhidraScript)  
INFO  FindInstructionScalar.java> 82108874 rlwimi r6,r8,0x8,0x10,0x17 (GhidraScript)  
INFO  FindInstructionScalar.java> 82108884 rlwimi r8,r6,0x8,0x0,0x17 (GhidraScript)  
INFO  FindInstructionScalar.java> 8210928c rlwinm r4,r31,0x10,0x17,0x1f (GhidraScript)  
INFO  FindInstructionScalar.java> 82109578 rlwinm r4,r31,0x10,0x17,0x1f (GhidraScript)  
INFO  FindInstructionScalar.java> 82109780 rlwinm r4,r31,0x10,0x17,0x1f (GhidraScript)  
INFO  FindInstructionScalar.java> 8214d3b4 rlwimi r11,r10,0x8,0x0,0x17 (GhidraScript)  
INFO  FindInstructionScalar.java> 8215a6b8 rlwinm r11,r11,0x8,0x0,0x17 (GhidraScript)  
INFO  FindInstructionScalar.java> 8215a6c4 rlwinm r11,r11,0x8,0x0,0x17 (GhidraScript)  
INFO  FindInstructionScalar.java> 8215a6d0 rlwinm r11,r11,0x8,0x0,0x17 (GhidraScript)  
INFO  FindInstructionScalar.java> 8215e4d4 stb r27,0x17(r29) (GhidraScript)  
INFO  FindInstructionScalar.java> 8215ff1c rlwimi r10,r9,0x17,0x7,0x8 (GhidraScript)  
INFO  FindInstructionScalar.java> 8216308c rlwimi r10,r9,0x17,0x7,0x8 (GhidraScript)  
INFO  FindInstructionScalar.java> 821635c4 rlwimi r10,r9,0x17,0x7,0x8 (GhidraScript)  
INFO  FindInstructionScalar.java> 821647f8 rlwimi r11,r10,0x8,0x12,0x17 (GhidraScript)  
INFO  FindInstructionScalar.java> 82164e80 li r4,0x17 (GhidraScript)  
INFO  FindInstructionScalar.java> 821656b4 rlwimi r10,r9,0x17,0x7,0x8 (GhidraScript)  
INFO  FindInstructionScalar.java> 82165e44 rlwimi r10,r9,0x17,0x7,0x8 (GhidraScript)  
INFO  FindInstructionScalar.java> 82165f10 rlwimi r9,r8,0x17,0x7,0x8 (GhidraScript)  
INFO  FindInstructionScalar.java> 8216c910 lbz r11,0x17(r27) (GhidraScript)  
INFO  FindInstructionScalar.java> 8216e7e8 stb r22,0x17(r31) (GhidraScript)  
INFO  FindInstructionScalar.java> 8216e878 stb r26,0x17(r31) (GhidraScript)  
INFO  FindInstructionScalar.java> 82174328 sradi r11,r11,0x17 (GhidraScript)  
INFO  FindInstructionScalar.java> 8219645c li r11,0x17 (GhidraScript)  
INFO  FindInstructionScalar.java> 8219cf38 li r10,0x17 (GhidraScript)  
INFO  FindInstructionScalar.java> 821a0918 rlwinm r11,r11,0x0,0x17,0x17 (GhidraScript)  
INFO  FindInstructionScalar.java> 821a4400 rlwinm r11,r11,0x0,0x17,0x17 (GhidraScript)  
INFO  FindInstructionScalar.java> 821aa300 li r11,0x17 (GhidraScript)  
INFO  FindInstructionScalar.java> 821ab970 li r11,0x17 (GhidraScript)  
INFO  FindInstructionScalar.java> 821ac064 li r11,0x17 (GhidraScript)  
INFO  FindInstructionScalar.java> 821ae2ec li r10,0x17 (GhidraScript)  
INFO  FindInstructionScalar.java> 821ae598 cmpwi cr6,r11,0x17 (GhidraScript)  
INFO  FindInstructionScalar.java> 821aea18 li r4,0x17 (GhidraScript)  
INFO  FindInstructionScalar.java> 821ba6dc rlwinm r11,r11,0x0,0x17,0x1a (GhidraScript)  
INFO  FindInstructionScalar.java> 821be554 cmpwi cr6,r10,0x17 (GhidraScript)  
INFO  FindInstructionScalar.java> 821c62b0 li r9,0x17 (GhidraScript)  
INFO  FindInstructionScalar.java> 821c82f4 li r26,0x17 (GhidraScript)  
INFO  FindInstructionScalar.java> 821c9460 cmpwi cr6,r11,0x17 (GhidraScript)  
INFO  FindInstructionScalar.java> 821ce1c4 rlwinm r30,r10,0x0,0x17,0x17 (GhidraScript)  
INFO  FindInstructionScalar.java> 821ce890 rlwinm r10,r10,0x0,0x17,0x17 (GhidraScript)  
INFO  FindInstructionScalar.java> 821d90d4 li r4,0x17 (GhidraScript)  
INFO  FindInstructionScalar.java> 821dd878 rlwimi r11,r10,0xa,0x17,0x17 (GhidraScript)  
INFO  FindInstructionScalar.java> 821de3f0 rlwimi r10,r4,0x8,0x13,0x17 (GhidraScript)  
INFO  FindInstructionScalar.java> 821de7f4 rlwimi r11,r10,0x8,0x0,0x17 (GhidraScript)  
INFO  FindInstructionScalar.java> 821de804 rlwimi r10,r11,0x8,0x0,0x17 (GhidraScript)  
INFO  FindInstructionScalar.java> 821de810 rlwimi r3,r10,0x8,0x0,0x17 (GhidraScript)  
INFO  FindInstructionScalar.java> 821dea14 rlwimi r11,r4,0x8,0x15,0x17 (GhidraScript)  
INFO  FindInstructionScalar.java> 821deb14 rlwimi r11,r4,0x17,0x6,0x8 (GhidraScript)  
INFO  FindInstructionScalar.java> 821dffc8 rlwimi r9,r8,0x5,0x17,0x1a (GhidraScript)  
INFO  FindInstructionScalar.java> 821e13c8 rlwimi r7,r10,0x8,0x11,0x17 (GhidraScript)  
INFO  FindInstructionScalar.java> 821e1780 rlwinm r10,r10,0x8,0x0,0x17 (GhidraScript)  
INFO  FindInstructionScalar.java> 821e17d8 rlwinm r10,r10,0x8,0x0,0x17 (GhidraScript)  
INFO  FindInstructionScalar.java> 821e2374 rlwimi r11,r10,0x8,0x17,0x17 (GhidraScript)  
INFO  FindInstructionScalar.java> 821e2378 rlwinm r29,r11,0x0,0x17,0x1f (GhidraScript)  
INFO  FindInstructionScalar.java> 821e237c rlwinm r29,r29,0x0,0x1a,0x17 (GhidraScript)  
INFO  FindInstructionScalar.java> 821e279c rlwimi r11,r10,0x8,0x17,0x17 (GhidraScript)  
INFO  FindInstructionScalar.java> 821e27a0 rlwinm r27,r11,0x0,0x17,0x1f (GhidraScript)  
INFO  FindInstructionScalar.java> 821e27a4 rlwinm r27,r27,0x0,0x1a,0x17 (GhidraScript)  
INFO  FindInstructionScalar.java> 821e2bac rlwimi r10,r11,0x8,0x17,0x17 (GhidraScript)  
INFO  FindInstructionScalar.java> 821e2bb4 rlwinm r26,r10,0x0,0x17,0x1f (GhidraScript)  
INFO  FindInstructionScalar.java> 821e2bc4 rlwinm r26,r26,0x0,0x1a,0x17 (GhidraScript)  
INFO  FindInstructionScalar.java> 821e32d0 rlwinm. r10,r11,0x17,0x1e,0x1f (GhidraScript)  
INFO  FindInstructionScalar.java> 821e39e4 rlwinm r20,r16,0x17,0x1e,0x1f (GhidraScript)  
INFO  FindInstructionScalar.java> 821e3b58 rlwinm r11,r28,0xa,0x17,0x1f (GhidraScript)  
INFO  FindInstructionScalar.java> 821e3be4 rlwinm r11,r27,0x17,0x1e,0x1e (GhidraScript)  
INFO  FindInstructionScalar.java> 821e4054 rlwimi r27,r21,0x3,0x17,0x1c (GhidraScript)  
INFO  FindInstructionScalar.java> 821e413c cmplwi cr6,r24,0x17 (GhidraScript)  
INFO  FindInstructionScalar.java> 821e4f64 rlwimi r11,r28,0x10,0x0,0x17 (GhidraScript)  
INFO  FindInstructionScalar.java> 821e5c20 rlwinm. r11,r11,0x0,0x14,0x17 (GhidraScript)  
INFO  FindInstructionScalar.java> 821e5c5c rlwinm r11,r10,0x8,0x0,0x17 (GhidraScript)  
INFO  FindInstructionScalar.java> 821e5c84 rlwinm r11,r10,0x9,0x17,0x1f (GhidraScript)  
INFO  FindInstructionScalar.java> 821e5ccc rlwimi r11,r10,0x8,0x0,0x17 (GhidraScript)  
INFO  FindInstructionScalar.java> 821e6240 rlwinm r23,r11,0x17,0x1e,0x1f (GhidraScript)  
INFO  FindInstructionScalar.java> 821e6428 cmplwi cr6,r11,0x17 (GhidraScript)  
INFO  FindInstructionScalar.java> 821e6490 rlwimi r6,r4,0x8,0x17,0x17 (GhidraScript)  
INFO  FindInstructionScalar.java> 821e6550 rlwinm. r11,r25,0x0,0x17,0x17 (GhidraScript)  
INFO  FindInstructionScalar.java> 821e749c rlwinm r10,r10,0x0,0x14,0x17 (GhidraScript)  
INFO  FindInstructionScalar.java> 821e768c rlwinm r10,r10,0x17,0x1e,0x1f (GhidraScript)  
INFO  FindInstructionScalar.java> 821ea6ec rlwinm r11,r11,0x0,0x0,0x17 (GhidraScript)  
INFO  FindInstructionScalar.java> 821ea704 rlwinm r11,r11,0x0,0x0,0x17 (GhidraScript)  
INFO  FindInstructionScalar.java> 821ea748 rlwinm r11,r11,0x0,0x0,0x17 (GhidraScript)  
INFO  FindInstructionScalar.java> 821ea758 rlwinm r11,r11,0x0,0x0,0x17 (GhidraScript)  
INFO  FindInstructionScalar.java> 821ea768 rlwinm r11,r11,0x0,0x0,0x17 (GhidraScript)  
INFO  FindInstructionScalar.java> 821ea77c rlwinm r11,r11,0x0,0x0,0x17 (GhidraScript)  
INFO  FindInstructionScalar.java> 821ea78c rlwinm r11,r11,0x0,0x0,0x17 (GhidraScript)  
INFO  FindInstructionScalar.java> 821ea7a0 rlwinm r11,r11,0x0,0x0,0x17 (GhidraScript)  
INFO  FindInstructionScalar.java> 821ea7dc rlwinm r11,r11,0x0,0x0,0x17 (GhidraScript)  
INFO  FindInstructionScalar.java> 821ea7ec rlwinm r11,r11,0x0,0x0,0x17 (GhidraScript)  
INFO  FindInstructionScalar.java> 821ea814 rlwinm r11,r11,0x0,0x0,0x17 (GhidraScript)  
INFO  FindInstructionScalar.java> 821ea82c rlwinm r11,r11,0x0,0x0,0x17 (GhidraScript)  
INFO  FindInstructionScalar.java> 821ea848 rlwinm r11,r11,0x0,0x0,0x17 (GhidraScript)  
INFO  FindInstructionScalar.java> 821ea858 rlwinm r11,r11,0x0,0x0,0x17 (GhidraScript)  
INFO  FindInstructionScalar.java> 821ea870 rlwinm r11,r11,0x0,0x0,0x17 (GhidraScript)  
INFO  FindInstructionScalar.java> 821ea884 rlwinm r11,r11,0x0,0x0,0x17 (GhidraScript)  
INFO  FindInstructionScalar.java> 821ea89c rlwinm r11,r11,0x0,0x0,0x17 (GhidraScript)  
INFO  FindInstructionScalar.java> 821ea8c0 rlwinm r11,r11,0x0,0x0,0x17 (GhidraScript)  
INFO  FindInstructionScalar.java> 821ea8ec rlwinm r11,r11,0x0,0x0,0x17 (GhidraScript)  
INFO  FindInstructionScalar.java> 821ea900 rlwinm r11,r11,0x0,0x0,0x17 (GhidraScript)  
INFO  FindInstructionScalar.java> 821ea910 rlwinm r11,r11,0x0,0x0,0x17 (GhidraScript)  
INFO  FindInstructionScalar.java> 821ea920 rlwinm r11,r11,0x0,0x0,0x17 (GhidraScript)  
INFO  FindInstructionScalar.java> 821ea940 rlwinm r11,r11,0x0,0x0,0x17 (GhidraScript)  
INFO  FindInstructionScalar.java> 821ea958 rlwinm r11,r11,0x0,0x0,0x17 (GhidraScript)  
INFO  FindInstructionScalar.java> 821ea9a4 rlwinm r11,r11,0x0,0x0,0x17 (GhidraScript)  
INFO  FindInstructionScalar.java> 821ea9b4 rlwinm r11,r11,0x0,0x0,0x17 (GhidraScript)  
INFO  FindInstructionScalar.java> 821ea9c8 rlwinm r11,r11,0x0,0x0,0x17 (GhidraScript)  
INFO  FindInstructionScalar.java> 821ea9dc rlwinm r11,r11,0x0,0x0,0x17 (GhidraScript)  
INFO  FindInstructionScalar.java> 821ea9f8 rlwinm r11,r11,0x0,0x0,0x17 (GhidraScript)  
INFO  FindInstructionScalar.java> 821eaa08 rlwinm r11,r11,0x0,0x0,0x17 (GhidraScript)  
INFO  FindInstructionScalar.java> 821eaa58 rlwinm r11,r11,0x0,0x0,0x17 (GhidraScript)  
INFO  FindInstructionScalar.java> 821eaa70 rlwinm r11,r11,0x0,0x0,0x17 (GhidraScript)  
INFO  FindInstructionScalar.java> 821eaa84 rlwinm r11,r11,0x0,0x0,0x17 (GhidraScript)  
INFO  FindInstructionScalar.java> 821eaa98 rlwinm r11,r11,0x0,0x0,0x17 (GhidraScript)  
INFO  FindInstructionScalar.java> 821eaab0 rlwinm r11,r11,0x0,0x0,0x17 (GhidraScript)  
INFO  FindInstructionScalar.java> 821eaac0 rlwinm r11,r11,0x0,0x0,0x17 (GhidraScript)  
INFO  FindInstructionScalar.java> 821eaad8 rlwinm r11,r11,0x0,0x0,0x17 (GhidraScript)  
INFO  FindInstructionScalar.java> 821eaaec rlwinm r11,r11,0x0,0x0,0x17 (GhidraScript)  
INFO  FindInstructionScalar.java> 821eab00 rlwinm r11,r11,0x0,0x0,0x17 (GhidraScript)  
INFO  FindInstructionScalar.java> 821eab44 rlwinm r11,r11,0x0,0x0,0x17 (GhidraScript)  
INFO  FindInstructionScalar.java> 821eab58 rlwinm r11,r11,0x0,0x0,0x17 (GhidraScript)  
INFO  FindInstructionScalar.java> 821eab68 rlwinm r11,r11,0x0,0x0,0x17 (GhidraScript)  
INFO  FindInstructionScalar.java> 821eab78 rlwinm r11,r11,0x0,0x0,0x17 (GhidraScript)  
INFO  FindInstructionScalar.java> 821eab88 rlwinm r11,r11,0x0,0x0,0x17 (GhidraScript)  
INFO  FindInstructionScalar.java> 821eab98 rlwinm r11,r11,0x0,0x0,0x17 (GhidraScript)  
INFO  FindInstructionScalar.java> 821eabbc rlwinm r11,r11,0x0,0x0,0x17 (GhidraScript)  
INFO  FindInstructionScalar.java> 821eac08 li r8,0x17 (GhidraScript)  
INFO  FindInstructionScalar.java> 821ed200 rlwinm r11,r10,0x17,0x9,0x1f (GhidraScript)  
INFO  FindInstructionScalar.java> 821ee538 rlwinm r11,r11,0x17,0x9,0x1f (GhidraScript)  
INFO  FindInstructionScalar.java> 821efd6c rlwinm r10,r10,0x0,0x16,0x17 (GhidraScript)  
INFO  FindInstructionScalar.java> 821efd9c rlwinm r5,r5,0x6,0x1,0x17 (GhidraScript)  
INFO  FindInstructionScalar.java> 821efec4 rlwimi r11,r9,0x0,0x17,0x13 (GhidraScript)  
INFO  FindInstructionScalar.java> 821f0404 rlwinm. r11,r11,0x0,0x14,0x17 (GhidraScript)  
INFO  FindInstructionScalar.java> 821f3544 rlwinm r8,r10,0x8,0x0,0x17 (GhidraScript)  
INFO  FindInstructionScalar.java> 821f3640 rlwinm r10,r9,0x3,0x17,0x17 (GhidraScript)  
INFO  FindInstructionScalar.java> 821f64f0 rlwimi r6,r22,0x8,0x14,0x17 (GhidraScript)  
INFO  FindInstructionScalar.java> 821f80d0 rlwinm r11,r3,0x0,0x10,0x17 (GhidraScript)  
INFO  FindInstructionScalar.java> 821f931c rlwinm r11,r11,0x0,0x10,0x17 (GhidraScript)  
INFO  FindInstructionScalar.java> 821fca78 ori r30,r30,0x17 (GhidraScript)  
INFO  FindInstructionScalar.java> 821fdc00 ori r11,r11,0x17 (GhidraScript)  
INFO  FindInstructionScalar.java> 821fe5a4 rlwinm r10,r23,0x0,0x17,0x13 (GhidraScript)  
INFO  FindInstructionScalar.java> 821fe768 ori r11,r11,0x17 (GhidraScript)  
INFO  FindInstructionScalar.java> 821ff5b8 cmplwi cr6,r11,0x17 (GhidraScript)  
INFO  FindInstructionScalar.java> 82200b14 rlwinm. r11,r31,0x0,0x14,0x17 (GhidraScript)  
INFO  FindInstructionScalar.java> 82202b88 rlwimi r10,r11,0x8,0x10,0x17 (GhidraScript)  
INFO  FindInstructionScalar.java> 82202c90 rlwimi r11,r9,0x8,0x10,0x17 (GhidraScript)  
INFO  FindInstructionScalar.java> 82202d10 rlwimi r11,r9,0x18,0x10,0x17 (GhidraScript)  
INFO  FindInstructionScalar.java> 82202dac rlwimi r8,r10,0x18,0x10,0x17 (GhidraScript)  
INFO  FindInstructionScalar.java> 82202db0 rlwimi r7,r9,0x18,0x10,0x17 (GhidraScript)  
INFO  FindInstructionScalar.java> 82209fe8 rlwinm r11,r11,0x8,0x0,0x17 (GhidraScript)  
INFO  FindInstructionScalar.java> 8220cd1c rlwinm r4,r11,0x17,0x1f,0x1f (GhidraScript)  
INFO  FindInstructionScalar.java> 8220cf84 rlwinm r9,r28,0x0,0x17,0x1b (GhidraScript)  
INFO  FindInstructionScalar.java> 8220d10c rlwinm r10,r31,0x17,0x1f,0x1f (GhidraScript)  
INFO  FindInstructionScalar.java> 8220d354 rlwinm r9,r10,0x17,0x1f,0x1f (GhidraScript)  
INFO  FindInstructionScalar.java> 8220d748 rlwinm r9,r9,0x0,0x17,0x17 (GhidraScript)  
INFO  FindInstructionScalar.java> 8221045c srawi r11,r11,0x17 (GhidraScript)  
INFO  FindInstructionScalar.java> 82214f74 rlwinm r10,r3,0x8,0x0,0x17 (GhidraScript)  
INFO  FindInstructionScalar.java> 822393a0 stb r11,0x17(r3) (GhidraScript)  
INFO  FindInstructionScalar.java> 8223c67c rlwimi r30,r25,0x8,0x0,0x17 (GhidraScript)  
INFO  FindInstructionScalar.java> 8223c680 rlwimi r28,r30,0x8,0x0,0x17 (GhidraScript)  
INFO  FindInstructionScalar.java> 8223c6a8 rlwimi r11,r28,0x8,0x0,0x17 (GhidraScript)  
INFO  FindInstructionScalar.java> 8223daec li r10,0x17 (GhidraScript)  
INFO  FindInstructionScalar.java> 82241ed8 rlwinm r11,r11,0x0,0x17,0x17 (GhidraScript)  
INFO  FindInstructionScalar.java> 822429b4 rlwinm r11,r11,0x0,0x17,0x17 (GhidraScript)  
INFO  FindInstructionScalar.java> 82244be0 rlwinm r11,r11,0x8,0x0,0x17 (GhidraScript)  
INFO  FindInstructionScalar.java> 82255320 rlwinm r11,r11,0x0,0x17,0x17 (GhidraScript)  
INFO  FindInstructionScalar.java> 8225cc34 li r4,0x17 (GhidraScript)  
INFO  FindInstructionScalar.java> 8226c74c rlwinm r11,r11,0x0,0x17,0x17 (GhidraScript)  
INFO  FindInstructionScalar.java> 8226f4ac rlwinm r9,r9,0x0,0x17,0x15 (GhidraScript)  
INFO  FindInstructionScalar.java> 8227131c rlwinm r11,r22,0x0,0x17,0x17 (GhidraScript)  
INFO  FindInstructionScalar.java> 822716d0 rlwinm r11,r11,0x0,0x17,0x17 (GhidraScript)  
INFO  FindInstructionScalar.java> 82297688 rlwinm r11,r11,0x0,0x19,0x17 (GhidraScript)  
INFO  FindInstructionScalar.java> 822979ac stb r10,0x17(r11) (GhidraScript)  
INFO  FindInstructionScalar.java> 82297aa0 lbz r11,0x17(r28) (GhidraScript)  
INFO  FindInstructionScalar.java> 82297c70 rlwinm r11,r11,0x0,0x17,0x18 (GhidraScript)  
INFO  FindInstructionScalar.java> 8229cb3c rlwinm r11,r11,0x0,0x19,0x17 (GhidraScript)  
INFO  FindInstructionScalar.java> 8229cbd8 rlwinm r10,r10,0x0,0x17,0x15 (GhidraScript)  
INFO  FindInstructionScalar.java> 8229ded0 rlwinm r10,r10,0x0,0x17,0x15 (GhidraScript)  
INFO  FindInstructionScalar.java> 8229e894 rlwinm r11,r11,0x0,0x17,0x15 (GhidraScript)  
INFO  FindInstructionScalar.java> 822a0a9c rlwinm r10,r11,0x0,0x16,0x17 (GhidraScript)  
INFO  FindInstructionScalar.java> 822a266c rlwinm r11,r10,0x17,0x1f,0x1f (GhidraScript)  
INFO  FindInstructionScalar.java> 822a26b0 rlwinm r11,r10,0x17,0x1f,0x1f (GhidraScript)  
INFO  FindInstructionScalar.java> 822b2e74 cmpwi cr6,r11,0x17 (GhidraScript)  
INFO  FindInstructionScalar.java> 822b5748 cmpwi cr6,r11,0x17 (GhidraScript)  
INFO  FindInstructionScalar.java> 822b8b10 cmpwi cr6,r11,0x17 (GhidraScript)  
INFO  FindInstructionScalar.java> 822ce5fc rlwinm r11,r11,0x8,0x0,0x17 (GhidraScript)  
INFO  FindInstructionScalar.java> 822ce63c rlwinm r11,r11,0x8,0x0,0x17 (GhidraScript)  
INFO  FindInstructionScalar.java> 822d09d4 rlwinm r7,r10,0x17,0x11,0x1f (GhidraScript)  
INFO  FindInstructionScalar.java> 822e95e8 li r10,0x17 (GhidraScript)  
INFO  FindInstructionScalar.java> 822ef0c4 rlwinm r11,r11,0x0,0x17,0x17 (GhidraScript)  
INFO  FindInstructionScalar.java> 822f5c90 li r11,0x17 (GhidraScript)  
INFO  FindInstructionScalar.java> 822f5ed4 rlwinm r9,r28,0x8,0x0,0x17 (GhidraScript)  
INFO  FindInstructionScalar.java> 822f5efc rlwinm r10,r28,0x8,0x0,0x17 (GhidraScript)  
INFO  FindInstructionScalar.java> 822f6960 rlwinm r9,r27,0x8,0x0,0x17 (GhidraScript)  
INFO  FindInstructionScalar.java> 82307168 rlwinm r11,r11,0x0,0x19,0x17 (GhidraScript)  
INFO  FindInstructionScalar.java> 8230a8e4 rlwinm r11,r11,0x0,0x17,0x17 (GhidraScript)  
INFO  FindInstructionScalar.java> 82320754 li r4,0x17 (GhidraScript)  
INFO  FindInstructionScalar.java> 82320c4c rlwinm r11,r11,0x8,0x0,0x17 (GhidraScript)  
INFO  FindInstructionScalar.java> 823210a0 li r29,0x17 (GhidraScript)  
INFO  FindInstructionScalar.java> 82321998 li r30,0x17 (GhidraScript)  
INFO  FindInstructionScalar.java> 823219b8 li r30,0x17 (GhidraScript)  
INFO  FindInstructionScalar.java> 82321e80 li r30,0x17 (GhidraScript)  
INFO  FindInstructionScalar.java> 8233d904 lbz r9,0x17(r10) (GhidraScript)  
INFO  FindInstructionScalar.java> 8233d938 lbz r8,0x17(r8) (GhidraScript)  
INFO  FindInstructionScalar.java> 8233d964 lbz r11,0x17(r3) (GhidraScript)  
INFO  FindInstructionScalar.java> 8234296c rlwinm r7,r7,0x8,0x0,0x17 (GhidraScript)  
INFO  FindInstructionScalar.java> 82342974 rlwinm r7,r7,0x8,0x0,0x17 (GhidraScript)  
INFO  FindInstructionScalar.java> 82342ce4 rlwinm r6,r9,0x9,0x17,0x1f (GhidraScript)  
INFO  FindInstructionScalar.java> 82342d94 rlwinm r6,r9,0x9,0x17,0x1f (GhidraScript)  
INFO  FindInstructionScalar.java> 82342e4c rlwinm r6,r9,0x9,0x17,0x1f (GhidraScript)  
INFO  FindInstructionScalar.java> 82342f00 rlwinm r6,r9,0x9,0x17,0x1f (GhidraScript)  
INFO  FindInstructionScalar.java> 82343004 rlwinm r7,r9,0x17,0x0,0x8 (GhidraScript)  
INFO  FindInstructionScalar.java> 82343008 rlwinm r9,r9,0x17,0x9,0x1f (GhidraScript)  
INFO  FindInstructionScalar.java> 823430a4 rlwinm r6,r9,0x17,0x0,0x8 (GhidraScript)  
INFO  FindInstructionScalar.java> 823430a8 rlwinm r9,r9,0x17,0x9,0x1f (GhidraScript)  
INFO  FindInstructionScalar.java> 82343144 rlwinm r22,r9,0x17,0x0,0x8 (GhidraScript)  
INFO  FindInstructionScalar.java> 82343148 rlwinm r9,r9,0x17,0x9,0x1f (GhidraScript)  
INFO  FindInstructionScalar.java> 823431e8 rlwinm r6,r9,0x17,0x0,0x8 (GhidraScript)  
INFO  FindInstructionScalar.java> 823431ec rlwinm r9,r9,0x17,0x9,0x1f (GhidraScript)  
INFO  FindInstructionScalar.java> 8234d664 rlwinm r11,r4,0x0,0x14,0x17 (GhidraScript)  
INFO  FindInstructionScalar.java> 8234d6e0 rlwinm r11,r4,0x0,0x14,0x17 (GhidraScript)  
INFO  FindInstructionScalar.java> 8234d714 rlwinm r11,r4,0x0,0x14,0x17 (GhidraScript)  
INFO  FindInstructionScalar.java> 8234d750 rlwinm r11,r4,0x0,0x14,0x17 (GhidraScript)  
INFO  FindInstructionScalar.java> 8234e71c rlwinm r3,r11,0x17,0x1f,0x1f (GhidraScript)  
INFO  FindInstructionScalar.java> 82351158 rlwimi r30,r11,0x8,0x17,0x17 (GhidraScript)  
INFO  FindInstructionScalar.java> 82351160 rlwinm r11,r30,0x0,0x16,0x17 (GhidraScript)  
INFO  FindInstructionScalar.java> 82351218 rlwimi r10,r11,0x8,0x17,0x17 (GhidraScript)  
INFO  FindInstructionScalar.java> 82351220 rlwinm r11,r10,0x0,0x16,0x17 (GhidraScript)  
INFO  FindInstructionScalar.java> 82356f54 stfs f13,0x17(r10) (GhidraScript)  
INFO  FindInstructionScalar.java> 8235714c stfs f13,0x17(r10) (GhidraScript)  
INFO  FindInstructionScalar.java> 82357a24 stfs f13,0x17(r10) (GhidraScript)  
INFO  FindInstructionScalar.java> 8235b508 cmpwi cr6,r11,0x17 (GhidraScript)  
INFO  FindInstructionScalar.java> 8235bf34 cmpwi cr6,r11,0x17 (GhidraScript)  
INFO  FindInstructionScalar.java> 8235cd80 cmpwi cr6,r11,0x17 (GhidraScript)  
INFO  FindInstructionScalar.java> 8235d60c cmpwi cr6,r11,0x17 (GhidraScript)  
INFO  FindInstructionScalar.java> 8235e264 rlwimi r31,r8,0x6,0x17,0x19 (GhidraScript)  
INFO  FindInstructionScalar.java> 8235e26c rlwinm r31,r31,0x0,0x17,0x1f (GhidraScript)  
INFO  FindInstructionScalar.java> 8235ee00 cmpwi cr6,r3,0x17 (GhidraScript)  
INFO  FindInstructionScalar.java> 8235f6b8 cmpwi cr6,r3,0x17 (GhidraScript)  
INFO  FindInstructionScalar.java> 82360418 cmpwi cr6,r3,0x17 (GhidraScript)  
INFO  FindInstructionScalar.java> 82361ec8 cmpwi cr6,r3,0x17 (GhidraScript)  
INFO  FindInstructionScalar.java> 82362784 cmpwi cr6,r3,0x17 (GhidraScript)  
INFO  FindInstructionScalar.java> 823634f4 cmpwi cr6,r3,0x17 (GhidraScript)  
INFO  FindInstructionScalar.java> 82363d24 cmpwi cr6,r3,0x17 (GhidraScript)  
INFO  FindInstructionScalar.java> 82365cc0 rlwinm. r11,r22,0x0,0x17,0x17 (GhidraScript)  
INFO  FindInstructionScalar.java> 823668dc rlwinm. r11,r30,0x0,0x17,0x17 (GhidraScript)  
INFO  FindInstructionScalar.java> 82367db8 rlwinm. r9,r11,0x0,0x17,0x19 (GhidraScript)  
INFO  FindInstructionScalar.java> 8236f450 ori r3,r3,0x17 (GhidraScript)  
INFO  FindInstructionScalar.java> 82384b18 rlwinm. r11,r11,0x0,0x17,0x17 (GhidraScript)  
INFO  FindInstructionScalar.java> 8238558c rlwinm r9,r31,0x1,0x17,0x1e (GhidraScript)  
INFO  FindInstructionScalar.java> 82385674 rlwinm r11,r31,0x1,0x17,0x1e (GhidraScript)  
INFO  FindInstructionScalar.java> 823869a4 rlwimi r7,r8,0x8,0x10,0x17 (GhidraScript)  
INFO  FindInstructionScalar.java> 82386a78 rlwimi r7,r8,0x8,0x10,0x17 (GhidraScript)  
INFO  FindInstructionScalar.java> 82386bf4 rlwimi r4,r4,0x8,0x10,0x17 (GhidraScript)  
INFO  FindInstructionScalar.java> 823873e8 rlwimi r7,r8,0x8,0x10,0x17 (GhidraScript)  
INFO  FindInstructionScalar.java> 8238a424 rlwinm. r11,r27,0x0,0x17,0x17 (GhidraScript)  
INFO  FindInstructionScalar.java> 8238a744 cmpwi cr6,r11,0x17 (GhidraScript)  
INFO  FindInstructionScalar.java> 8238a74c cmplwi cr6,r11,0x17 (GhidraScript)  
INFO  FindInstructionScalar.java> 8238b498 rlwinm. r11,r27,0x0,0x17,0x17 (GhidraScript)  
INFO  FindInstructionScalar.java> 8238c0d8 rlwinm. r11,r25,0x0,0x17,0x17 (GhidraScript)  
INFO  FindInstructionScalar.java> 8238d85c rlwimi r9,r10,0x17,0x2,0x2 (GhidraScript)  
INFO  FindInstructionScalar.java> 8238da64 rlwinm r11,r11,0x0,0x19,0x17 (GhidraScript)  
INFO  FindInstructionScalar.java> 82390f1c rlwinm r10,r3,0x1,0x17,0x1e (GhidraScript)  
INFO  FindInstructionScalar.java> 8239356c rlwinm r9,r10,0x9,0x17,0x1e (GhidraScript)  
INFO  FindInstructionScalar.java> 8239559c rlwinm. r11,r22,0x0,0x17,0x1f (GhidraScript)  
INFO  FindInstructionScalar.java> 823955a4 li r3,0x17 (GhidraScript)  
INFO  FindInstructionScalar.java> 82396a7c rlwinm r9,r9,0x8,0x0,0x17 (GhidraScript)  
INFO  FindInstructionScalar.java> 82396d00 rlwinm r11,r11,0x8,0x0,0x17 (GhidraScript)  
INFO  FindInstructionScalar.java> 82396d18 rlwinm r11,r9,0x8,0x0,0x17 (GhidraScript)  
INFO  FindInstructionScalar.java> 82396d34 rlwinm r9,r9,0x8,0x0,0x17 (GhidraScript)  
INFO  FindInstructionScalar.java> 82397338 rlwimi r8,r9,0x5,0x17,0x1a (GhidraScript)  
INFO  FindInstructionScalar.java> 82397344 rlwinm r8,r8,0x0,0x17,0x1f (GhidraScript)  
INFO  FindInstructionScalar.java> 82397470 rlwinm r9,r9,0x8,0x0,0x17 (GhidraScript)  
INFO  FindInstructionScalar.java> 823a5714 rlwinm r6,r6,0x0,0x10,0x17 (GhidraScript)  
INFO  FindInstructionScalar.java> 823a5720 rlwinm r9,r9,0x0,0x10,0x17 (GhidraScript)  
INFO  FindInstructionScalar.java> 823a572c rlwinm r6,r5,0x0,0x10,0x17 (GhidraScript)  
INFO  FindInstructionScalar.java> 823a5740 rlwinm r6,r31,0x0,0x10,0x17 (GhidraScript)  
INFO  FindInstructionScalar.java> 823ab110 rlwimi r11,r28,0x8,0x12,0x17 (GhidraScript)  
INFO  FindInstructionScalar.java> 823ab128 rlwimi r11,r27,0x8,0x12,0x17 (GhidraScript)  
INFO  FindInstructionScalar.java> 823ab360 rlwimi r10,r11,0x6,0x17,0x19 (GhidraScript)  
INFO  FindInstructionScalar.java> 823b3b08 rlwinm r11,r7,0x0,0x17,0x1f (GhidraScript)  
INFO  FindInstructionScalar.java> 823b3b70 rlwinm r7,r7,0x2,0x17,0x1d (GhidraScript)  
INFO  FindInstructionScalar.java> 823b3b78 rlwinm r5,r5,0x2,0x17,0x1d (GhidraScript)  
INFO  FindInstructionScalar.java> 823b3b80 rlwinm r31,r10,0x2,0x17,0x1d (GhidraScript)  
INFO  FindInstructionScalar.java> 823b3ba8 rlwinm r7,r7,0x2,0x17,0x1d (GhidraScript)  
INFO  FindInstructionScalar.java> 823b3bac rlwinm r30,r30,0x2,0x17,0x1d (GhidraScript)  
INFO  FindInstructionScalar.java> 823b3bb0 rlwinm r29,r29,0x2,0x17,0x1d (GhidraScript)  
INFO  FindInstructionScalar.java> 823b3bd8 rlwinm r5,r5,0x2,0x17,0x1d (GhidraScript)  
INFO  FindInstructionScalar.java> 823b3c10 rlwinm r7,r7,0x2,0x17,0x1d (GhidraScript)  
INFO  FindInstructionScalar.java> 823b3c88 rlwinm r6,r7,0x2,0x17,0x1d (GhidraScript)  
INFO  FindInstructionScalar.java> 823b3ca0 rlwinm r5,r5,0x2,0x17,0x1d (GhidraScript)  
INFO  FindInstructionScalar.java> 823b3ca8 rlwinm r31,r31,0x2,0x17,0x1d (GhidraScript)  
INFO  FindInstructionScalar.java> 823b3cb4 rlwinm r6,r9,0x2,0x17,0x1d (GhidraScript)  
INFO  FindInstructionScalar.java> 823b3cd0 rlwinm r30,r30,0x2,0x17,0x1d (GhidraScript)  
INFO  FindInstructionScalar.java> 823b3cd4 rlwinm r29,r29,0x2,0x17,0x1d (GhidraScript)  
INFO  FindInstructionScalar.java> 823b3d00 rlwinm r5,r5,0x2,0x17,0x1d (GhidraScript)  
INFO  FindInstructionScalar.java> 823b3d24 rlwinm r6,r6,0x2,0x17,0x1d (GhidraScript)  
INFO  FindInstructionScalar.java> 823b42a4 rlwinm r11,r7,0x0,0x17,0x1f (GhidraScript)  
INFO  FindInstructionScalar.java> 823b54e4 rlwinm r20,r20,0x0,0x17,0x1f (GhidraScript)  
INFO  FindInstructionScalar.java> 823b5510 rlwinm r20,r20,0x0,0x17,0x1f (GhidraScript)  
INFO  FindInstructionScalar.java> 823b553c rlwinm r19,r19,0x0,0x17,0x1f (GhidraScript)  
INFO  FindInstructionScalar.java> 823b5568 rlwinm r19,r19,0x0,0x17,0x1f (GhidraScript)  
INFO  FindInstructionScalar.java> 823b56fc rlwinm r19,r19,0x0,0x17,0x1f (GhidraScript)  
INFO  FindInstructionScalar.java> 823b5720 rlwinm r19,r19,0x0,0x17,0x1f (GhidraScript)  
INFO  FindInstructionScalar.java> 823b5754 rlwinm r19,r17,0x0,0x17,0x1f (GhidraScript)  
INFO  FindInstructionScalar.java> 823b5778 rlwinm r19,r19,0x0,0x17,0x1f (GhidraScript)  
INFO  FindInstructionScalar.java> 823b85d0 rlwinm r9,r11,0x8,0x0,0x17 (GhidraScript)  
INFO  FindInstructionScalar.java> 823b8610 rlwinm r10,r10,0x8,0x13,0x17 (GhidraScript)  
INFO  FindInstructionScalar.java> 823b8718 rlwinm r7,r8,0x8,0x0,0x17 (GhidraScript)  
INFO  FindInstructionScalar.java> 823b87b8 rlwinm r9,r9,0x8,0x13,0x17 (GhidraScript)  
INFO  FindInstructionScalar.java> 823b8824 rlwinm r11,r10,0x8,0x0,0x17 (GhidraScript)  
INFO  FindInstructionScalar.java> 823b8f54 rlwinm r10,r10,0x12,0x13,0x17 (GhidraScript)  
INFO  FindInstructionScalar.java> 823bbab8 rlwinm r6,r6,0x17,0x9,0x1f (GhidraScript)  
INFO  FindInstructionScalar.java> 823cd230 rlwimi r4,r7,0x8,0x10,0x17 (GhidraScript)  
INFO  FindInstructionScalar.java> 823cd258 rlwimi r7,r9,0x8,0x10,0x17 (GhidraScript)  
INFO  FindInstructionScalar.java> 823ce850 rlwimi r30,r8,0x8,0x10,0x17 (GhidraScript)  
INFO  FindInstructionScalar.java> 823ce9a8 rlwimi r7,r10,0x8,0x10,0x17 (GhidraScript)  
INFO  FindInstructionScalar.java> 823ceadc rlwimi r7,r8,0x8,0x10,0x17 (GhidraScript)  
INFO  FindInstructionScalar.java> 823ceb0c rlwimi r7,r8,0x8,0x10,0x17 (GhidraScript)  
INFO  FindInstructionScalar.java> 823cec3c rlwimi r7,r8,0x8,0x10,0x17 (GhidraScript)  
INFO  FindInstructionScalar.java> 823cec68 rlwimi r7,r8,0x8,0x10,0x17 (GhidraScript)  
INFO  FindInstructionScalar.java> 823cec94 rlwimi r7,r8,0x8,0x10,0x17 (GhidraScript)  
INFO  FindInstructionScalar.java> 823cecc4 rlwimi r7,r8,0x8,0x10,0x17 (GhidraScript)  
INFO  FindInstructionScalar.java> 823cedfc rlwimi r7,r8,0x8,0x10,0x17 (GhidraScript)  
INFO  FindInstructionScalar.java> 823cee28 rlwimi r7,r8,0x8,0x10,0x17 (GhidraScript)  
INFO  FindInstructionScalar.java> 823cee54 rlwimi r7,r8,0x8,0x10,0x17 (GhidraScript)  
INFO  FindInstructionScalar.java> 823cee80 rlwimi r7,r8,0x8,0x10,0x17 (GhidraScript)  
INFO  FindInstructionScalar.java> 823ceeac rlwimi r7,r8,0x8,0x10,0x17 (GhidraScript)  
INFO  FindInstructionScalar.java> 823ceedc rlwimi r7,r8,0x8,0x10,0x17 (GhidraScript)  
INFO  FindInstructionScalar.java> 823d1124 rlwimi r8,r9,0x8,0x10,0x17 (GhidraScript)  
INFO  FindInstructionScalar.java> 823d1188 rlwimi r28,r7,0x8,0x10,0x17 (GhidraScript)  
INFO  FindInstructionScalar.java> 823d129c rlwimi r7,r10,0x8,0x10,0x17 (GhidraScript)  
INFO  FindInstructionScalar.java> 823d16f8 rlwimi r6,r11,0x8,0x10,0x17 (GhidraScript)  
INFO  FindInstructionScalar.java> 823d17e8 rlwimi r4,r5,0x8,0x10,0x17 (GhidraScript)  
INFO  FindInstructionScalar.java> 823d1830 rlwimi r6,r7,0x8,0x10,0x17 (GhidraScript)  
INFO  FindInstructionScalar.java> 823d1874 rlwimi r6,r7,0x8,0x10,0x17 (GhidraScript)  
INFO  FindInstructionScalar.java> 823d18b8 rlwimi r6,r7,0x8,0x10,0x17 (GhidraScript)  
INFO  FindInstructionScalar.java> 823d1900 rlwimi r6,r7,0x8,0x10,0x17 (GhidraScript)  
INFO  FindInstructionScalar.java> 823d19ec rlwimi r6,r11,0x8,0x10,0x17 (GhidraScript)  
INFO  FindInstructionScalar.java> 823d1ae8 rlwimi r4,r5,0x8,0x10,0x17 (GhidraScript)  
INFO  FindInstructionScalar.java> 823d1b30 rlwimi r6,r7,0x8,0x10,0x17 (GhidraScript)  
INFO  FindInstructionScalar.java> 823d1b74 rlwimi r6,r7,0x8,0x10,0x17 (GhidraScript)  
INFO  FindInstructionScalar.java> 823d1bb8 rlwimi r6,r7,0x8,0x10,0x17 (GhidraScript)  
INFO  FindInstructionScalar.java> 823d1bfc rlwimi r6,r7,0x8,0x10,0x17 (GhidraScript)  
INFO  FindInstructionScalar.java> 823d1c40 rlwimi r6,r7,0x8,0x10,0x17 (GhidraScript)  
INFO  FindInstructionScalar.java> 823d1c88 rlwimi r6,r7,0x8,0x10,0x17 (GhidraScript)  
INFO  FindInstructionScalar.java> 823d1d74 rlwimi r6,r11,0x8,0x10,0x17 (GhidraScript)  
INFO  FindInstructionScalar.java> 823daeec lbz r11,0x17(r27) (GhidraScript)  
INFO  FindInstructionScalar.java> 823daf0c rlwinm r10,r10,0x8,0x0,0x17 (GhidraScript)  
INFO  FindInstructionScalar.java> 823dd184 rlwinm r27,r11,0x0,0x0,0x17 (GhidraScript)  
INFO  FindInstructionScalar.java> 823e0b60 rlwinm r10,r26,0x8,0x0,0x17 (GhidraScript)  
INFO  FindInstructionScalar.java> 823e239c rlwimi r7,r28,0x8,0x0,0x17 (GhidraScript)  
INFO  FindInstructionScalar.java> 823e23bc rlwimi r7,r28,0x8,0x0,0x17 (GhidraScript)  
INFO  FindInstructionScalar.java> 823e23dc rlwimi r7,r28,0x8,0x0,0x17 (GhidraScript)  
INFO  FindInstructionScalar.java> 823e23fc rlwimi r7,r28,0x8,0x0,0x17 (GhidraScript)  
INFO  FindInstructionScalar.java> 823e2420 rlwimi r7,r8,0x8,0x0,0x17 (GhidraScript)  
INFO  FindInstructionScalar.java> 823e2444 rlwimi r7,r28,0x8,0x0,0x17 (GhidraScript)  
INFO  FindInstructionScalar.java> 823e2464 rlwimi r7,r28,0x8,0x0,0x17 (GhidraScript)  
INFO  FindInstructionScalar.java> 823e2484 rlwimi r7,r28,0x8,0x0,0x17 (GhidraScript)  
INFO  FindInstructionScalar.java> 823e24a8 rlwimi r7,r28,0x8,0x0,0x17 (GhidraScript)  
INFO  FindInstructionScalar.java> 823e24c8 rlwimi r7,r28,0x8,0x0,0x17 (GhidraScript)  
INFO  FindInstructionScalar.java> 823e24f0 rlwimi r7,r28,0x8,0x0,0x17 (GhidraScript)  
INFO  FindInstructionScalar.java> 823e2510 rlwimi r7,r28,0x8,0x0,0x17 (GhidraScript)  
INFO  FindInstructionScalar.java> 823e2534 rlwimi r7,r8,0x8,0x0,0x17 (GhidraScript)  
INFO  FindInstructionScalar.java> 823e2558 rlwimi r7,r28,0x8,0x0,0x17 (GhidraScript)  
INFO  FindInstructionScalar.java> 823e2578 rlwimi r7,r28,0x8,0x0,0x17 (GhidraScript)  
INFO  FindInstructionScalar.java> 823e259c rlwimi r7,r28,0x8,0x0,0x17 (GhidraScript)  
INFO  FindInstructionScalar.java> 823e2660 rlwinm r11,r11,0x8,0x0,0x17 (GhidraScript)  
INFO  FindInstructionScalar.java> 823e2c3c rlwinm r28,r28,0x8,0x0,0x17 (GhidraScript)  
INFO  FindInstructionScalar.java> 823e2c44 rlwinm r28,r28,0x8,0x0,0x17 (GhidraScript)  
INFO  FindInstructionScalar.java> 823e2c64 rlwinm r28,r28,0x8,0x0,0x17 (GhidraScript)  
INFO  FindInstructionScalar.java> 823e2c74 rlwinm r28,r28,0x8,0x0,0x17 (GhidraScript)  
INFO  FindInstructionScalar.java> 823e2c8c rlwinm r15,r15,0x8,0x0,0x17 (GhidraScript)  
INFO  FindInstructionScalar.java> 823e2c94 rlwinm r28,r6,0x8,0x0,0x17 (GhidraScript)  
INFO  FindInstructionScalar.java> 823e2ca8 rlwinm r5,r5,0x8,0x0,0x17 (GhidraScript)  
INFO  FindInstructionScalar.java> 823e2ccc rlwinm r5,r5,0x8,0x0,0x17 (GhidraScript)  
INFO  FindInstructionScalar.java> 823e2d00 rlwimi r7,r5,0x8,0x0,0x17 (GhidraScript)  
INFO  FindInstructionScalar.java> 823e2d20 rlwimi r7,r5,0x8,0x0,0x17 (GhidraScript)  
INFO  FindInstructionScalar.java> 823e2d40 rlwimi r7,r5,0x8,0x0,0x17 (GhidraScript)  
INFO  FindInstructionScalar.java> 823e2d68 rlwimi r7,r5,0x8,0x0,0x17 (GhidraScript)  
INFO  FindInstructionScalar.java> 823e2d90 rlwimi r7,r5,0x8,0x0,0x17 (GhidraScript)  
INFO  FindInstructionScalar.java> 823e2db0 rlwimi r7,r5,0x8,0x0,0x17 (GhidraScript)  
INFO  FindInstructionScalar.java> 823e2dd0 rlwimi r7,r5,0x8,0x0,0x17 (GhidraScript)  
INFO  FindInstructionScalar.java> 823e2df8 rlwimi r7,r5,0x8,0x0,0x17 (GhidraScript)  
INFO  FindInstructionScalar.java> 823e2e1c rlwimi r7,r5,0x8,0x0,0x17 (GhidraScript)  
INFO  FindInstructionScalar.java> 823e2e40 rlwimi r7,r5,0x8,0x0,0x17 (GhidraScript)  
INFO  FindInstructionScalar.java> 823e2e64 rlwimi r7,r5,0x8,0x0,0x17 (GhidraScript)  
INFO  FindInstructionScalar.java> 823e2e8c rlwimi r7,r5,0x8,0x0,0x17 (GhidraScript)  
INFO  FindInstructionScalar.java> 823e2eb4 rlwimi r7,r5,0x8,0x0,0x17 (GhidraScript)  
INFO  FindInstructionScalar.java> 823e2ed4 rlwimi r7,r5,0x8,0x0,0x17 (GhidraScript)  
INFO  FindInstructionScalar.java> 823e2ef4 rlwimi r7,r5,0x8,0x0,0x17 (GhidraScript)  
INFO  FindInstructionScalar.java> 823e2f1c rlwimi r7,r5,0x8,0x0,0x17 (GhidraScript)  
INFO  FindInstructionScalar.java> 823e57e4 rlwinm r31,r8,0x8,0x0,0x17 (GhidraScript)  
INFO  FindInstructionScalar.java> 823e57ec rlwinm r4,r3,0x8,0x0,0x17 (GhidraScript)  
INFO  FindInstructionScalar.java> 823e57f0 rlwinm r30,r7,0x8,0x0,0x17 (GhidraScript)  
INFO  FindInstructionScalar.java> 823e5800 rlwinm r3,r5,0x8,0x0,0x17 (GhidraScript)  
INFO  REPORT: Save succeeded for processed file: /default.xex (HeadlessAnalyzer)  
