openjdk version "21.0.11" 2026-04-21
OpenJDK Runtime Environment (build 21.0.11+10-1-26.04.2-Ubuntu)
OpenJDK 64-Bit Server VM (build 21.0.11+10-1-26.04.2-Ubuntu, mixed mode)
INFO  Using log config file: jar:file:/fastdata/lavaulta/auto-re-agent/.tools/ghidra_12.1.2_PUBLIC/Ghidra/Framework/Generic/lib/Generic.jar!/generic.log4j.xml (LoggingInitialization)  
INFO  Using log file: /home/lavaulta/.config/ghidra/ghidra_12.1.2_PUBLIC/application.log (LoggingInitialization)  
INFO  Loading user preferences: /home/lavaulta/.config/ghidra/ghidra_12.1.2_PUBLIC/preferences (Preferences)  
INFO  Searching for classes... (ClassSearcher)  
INFO  Ignoring class 'xexloaderwv.XEXLoaderWVLoader' from '/fastdata/lavaulta/auto-re-agent/.tools/ghidra_12.1.2_PUBLIC/Ghidra/Extensions/XEXLoaderWV/lib/XEXLoaderWV.jar'. Already found at '/fastdata/lavaulta/auto-re-agent/.tools/ghidra_12.1.2_PUBLIC/Ghidra/patch/XEXLoaderWV-java21.jar'. (ClassSearcher)  
INFO  Class search complete (1762 ms) (ClassSearcher)  
INFO  Initializing SSL Context (DefaultSSLContextInitializer)  
INFO  Initializing Random Number Generator... (SecureRandomFactory)  
INFO  Random Number Generator initialization complete: NativePRNGNonBlocking (SecureRandomFactory)  
INFO  Trust manager disabled, cacerts have not been set (DefaultTrustManagerFactory)  
INFO  Headless startup complete (3480 ms) (AnalyzeHeadless)  
INFO  Class searcher loaded 59 extension points (20 false positives) (ClassSearcher)  
INFO  HEADLESS Script Paths:
    /fastdata/lavaulta/auto-re-agent/.tools/ghidra_12.1.2_PUBLIC/Ghidra/Features/MicrosoftCodeAnalyzer/ghidra_scripts
    /fastdata/lavaulta/auto-re-agent/.tools/ghidra_12.1.2_PUBLIC/Ghidra/Features/PDB/ghidra_scripts
    /fastdata/lavaulta/auto-re-agent/.tools/ghidra_12.1.2_PUBLIC/Ghidra/Processors/8051/ghidra_scripts
    /fastdata/lavaulta/auto-re-agent/.tools/ghidra_12.1.2_PUBLIC/Ghidra/Features/Base/ghidra_scripts
    /fastdata/lavaulta/auto-re-agent/workspaces/ace-combat-6/scripts
    /fastdata/lavaulta/auto-re-agent/.tools/ghidra_12.1.2_PUBLIC/Ghidra/Features/FileFormats/ghidra_scripts
    /fastdata/lavaulta/auto-re-agent/.tools/ghidra_12.1.2_PUBLIC/Ghidra/Features/GnuDemangler/ghidra_scripts
    /fastdata/lavaulta/auto-re-agent/.tools/ghidra_12.1.2_PUBLIC/Ghidra/Extensions/ghidra-emotionengine-reloaded/ghidra_scripts
    /fastdata/lavaulta/auto-re-agent/.tools/ghidra_12.1.2_PUBLIC/Ghidra/Features/Decompiler/ghidra_scripts
    /fastdata/lavaulta/auto-re-agent/.tools/ghidra_12.1.2_PUBLIC/Ghidra/Features/FunctionID/ghidra_scripts
    /fastdata/lavaulta/auto-re-agent/.tools/ghidra_12.1.2_PUBLIC/Ghidra/Features/DecompilerDependent/ghidra_scripts
    /fastdata/lavaulta/auto-re-agent/.tools/ghidra_12.1.2_PUBLIC/Ghidra/Processors/DATA/ghidra_scripts
    /fastdata/lavaulta/auto-re-agent/.tools/ghidra_12.1.2_PUBLIC/Ghidra/Debug/Debugger-rmi-trace/ghidra_scripts
    /fastdata/lavaulta/auto-re-agent/.tools/ghidra_12.1.2_PUBLIC/Ghidra/Features/SwiftDemangler/ghidra_scripts
    /fastdata/lavaulta/auto-re-agent/.tools/ghidra_12.1.2_PUBLIC/Ghidra/Debug/Debugger/ghidra_scripts
    /fastdata/lavaulta/auto-re-agent/.tools/ghidra_12.1.2_PUBLIC/Ghidra/Processors/PIC/ghidra_scripts
    /fastdata/lavaulta/auto-re-agent/.tools/ghidra_12.1.2_PUBLIC/Ghidra/Extensions/XEXLoaderWV/ghidra_scripts
    /fastdata/lavaulta/auto-re-agent/.tools/ghidra_12.1.2_PUBLIC/Ghidra/Features/WildcardAssembler/ghidra_scripts
    /fastdata/lavaulta/auto-re-agent/.tools/ghidra_12.1.2_PUBLIC/Ghidra/Features/PyGhidra/ghidra_scripts
    /fastdata/lavaulta/auto-re-agent/.tools/ghidra_12.1.2_PUBLIC/Ghidra/Features/BSim/ghidra_scripts
    /fastdata/lavaulta/auto-re-agent/.tools/ghidra_12.1.2_PUBLIC/Ghidra/Features/VersionTracking/ghidra_scripts
    /fastdata/lavaulta/auto-re-agent/.tools/ghidra_12.1.2_PUBLIC/Ghidra/Features/BytePatterns/ghidra_scripts
    /fastdata/lavaulta/auto-re-agent/.tools/ghidra_12.1.2_PUBLIC/Ghidra/Processors/Atmel/ghidra_scripts
    /fastdata/lavaulta/auto-re-agent/.tools/ghidra_12.1.2_PUBLIC/Ghidra/Features/SystemEmulation/ghidra_scripts
    /fastdata/lavaulta/auto-re-agent/.tools/ghidra_12.1.2_PUBLIC/Ghidra/Processors/JVM/ghidra_scripts (HeadlessAnalyzer)  
INFO  HEADLESS: execution starts (HeadlessAnalyzer)  
INFO  Opening existing project: /fastdata/lavaulta/auto-re-agent/workspaces/ace-combat-6/ghidra-projects/ace-combat-6-corrected (HeadlessAnalyzer)  
INFO  Opening project: /fastdata/lavaulta/auto-re-agent/workspaces/ace-combat-6/ghidra-projects/ace-combat-6-corrected (HeadlessProject)  
INFO  REPORT: Processing project file: /default.xex (HeadlessAnalyzer)  
INFO  REPORT: Execute script: DumpU32Range.java '0x82065620' '0x820656a0'  (HeadlessAnalyzer)  
INFO  SCRIPT: /fastdata/lavaulta/auto-re-agent/workspaces/ace-combat-6/scripts/DumpU32Range.java (HeadlessAnalyzer)  
INFO  DumpU32Range.java> 82065620 0x822ddbe8 (GhidraScript)  
INFO  DumpU32Range.java> 82065624 0x822ddbe8 (GhidraScript)  
INFO  DumpU32Range.java> 82065628 0x821a5360 (GhidraScript)  
INFO  DumpU32Range.java> 8206562c 0x00000000 (GhidraScript)  
INFO  DumpU32Range.java> 82065630 0x82077720 (GhidraScript)  
INFO  DumpU32Range.java> 82065634 0x821bcda8 (GhidraScript)  
INFO  DumpU32Range.java> 82065638 0x821d10c0 (GhidraScript)  
INFO  DumpU32Range.java> 8206563c 0x821d10c8 (GhidraScript)  
INFO  DumpU32Range.java> 82065640 0x821b5960 (GhidraScript)  
INFO  DumpU32Range.java> 82065644 0x821b5a48 (GhidraScript)  
INFO  DumpU32Range.java> 82065648 0x821b5bd8 (GhidraScript)  
INFO  DumpU32Range.java> 8206564c 0x821b7948 (GhidraScript)  
INFO  DumpU32Range.java> 82065650 0x821b7958 (GhidraScript)  
INFO  DumpU32Range.java> 82065654 0x8218d2a0 (GhidraScript)  
INFO  DumpU32Range.java> 82065658 0x8218d2c8 (GhidraScript)  
INFO  DumpU32Range.java> 8206565c 0x8218d2f0 (GhidraScript)  
INFO  DumpU32Range.java> 82065660 0x821b59c0 (GhidraScript)  
INFO  DumpU32Range.java> 82065664 0x821b5c00 (GhidraScript)  
INFO  DumpU32Range.java> 82065668 0x8218d348 (GhidraScript)  
INFO  DumpU32Range.java> 8206566c 0x8218d360 (GhidraScript)  
INFO  DumpU32Range.java> 82065670 0x8218d480 (GhidraScript)  
INFO  DumpU32Range.java> 82065674 0x821b5cf0 (GhidraScript)  
INFO  DumpU32Range.java> 82065678 0x821b5d40 (GhidraScript)  
INFO  DumpU32Range.java> 8206567c 0x821b5cd8 (GhidraScript)  
INFO  DumpU32Range.java> 82065680 0x8207770c (GhidraScript)  
INFO  DumpU32Range.java> 82065684 0x821b5dd8 (GhidraScript)  
INFO  DumpU32Range.java> 82065688 0x822ddbe8 (GhidraScript)  
INFO  DumpU32Range.java> 8206568c 0x822ddbe8 (GhidraScript)  
INFO  DumpU32Range.java> 82065690 0x822ddbe8 (GhidraScript)  
INFO  DumpU32Range.java> 82065694 0x822ddbe8 (GhidraScript)  
INFO  DumpU32Range.java> 82065698 0x822ddbe8 (GhidraScript)  
INFO  DumpU32Range.java> 8206569c 0x822ddbe8 (GhidraScript)  
INFO  REPORT: Save succeeded for processed file: /default.xex (HeadlessAnalyzer)  
