openjdk version "21.0.11" 2026-04-21
OpenJDK Runtime Environment (build 21.0.11+10-1-26.04.2-Ubuntu)
OpenJDK 64-Bit Server VM (build 21.0.11+10-1-26.04.2-Ubuntu, mixed mode)
INFO  Using log config file: jar:file:/fastdata/lavaulta/auto-re-agent/.tools/ghidra_12.1.2_PUBLIC/Ghidra/Framework/Generic/lib/Generic.jar!/generic.log4j.xml (LoggingInitialization)  
INFO  Using log file: /home/lavaulta/.config/ghidra/ghidra_12.1.2_PUBLIC/application.log (LoggingInitialization)  
INFO  Loading user preferences: /home/lavaulta/.config/ghidra/ghidra_12.1.2_PUBLIC/preferences (Preferences)  
INFO  Searching for classes... (ClassSearcher)  
INFO  Ignoring class 'xexloaderwv.XEXLoaderWVLoader' from '/fastdata/lavaulta/auto-re-agent/.tools/ghidra_12.1.2_PUBLIC/Ghidra/Extensions/XEXLoaderWV/lib/XEXLoaderWV.jar'. Already found at '/fastdata/lavaulta/auto-re-agent/.tools/ghidra_12.1.2_PUBLIC/Ghidra/patch/XEXLoaderWV-java21.jar'. (ClassSearcher)  
INFO  Class search complete (1582 ms) (ClassSearcher)  
INFO  Initializing SSL Context (DefaultSSLContextInitializer)  
INFO  Initializing Random Number Generator... (SecureRandomFactory)  
INFO  Random Number Generator initialization complete: NativePRNGNonBlocking (SecureRandomFactory)  
INFO  Trust manager disabled, cacerts have not been set (DefaultTrustManagerFactory)  
INFO  Headless startup complete (3189 ms) (AnalyzeHeadless)  
INFO  Class searcher loaded 59 extension points (20 false positives) (ClassSearcher)  
INFO  HEADLESS Script Paths:
    /fastdata/lavaulta/auto-re-agent/.tools/ghidra_12.1.2_PUBLIC/Ghidra/Features/MicrosoftCodeAnalyzer/ghidra_scripts
    /fastdata/lavaulta/auto-re-agent/.tools/ghidra_12.1.2_PUBLIC/Ghidra/Features/PDB/ghidra_scripts
    /fastdata/lavaulta/auto-re-agent/.tools/ghidra_12.1.2_PUBLIC/Ghidra/Processors/8051/ghidra_scripts
    /fastdata/lavaulta/auto-re-agent/.tools/ghidra_12.1.2_PUBLIC/Ghidra/Features/Base/ghidra_scripts
    /fastdata/lavaulta/auto-re-agent/workspaces/ace-combat-6/scripts
    /fastdata/lavaulta/auto-re-agent/.tools/ghidra_12.1.2_PUBLIC/Ghidra/Features/FileFormats/ghidra_scripts
    /fastdata/lavaulta/auto-re-agent/.tools/ghidra_12.1.2_PUBLIC/Ghidra/Features/GnuDemangler/ghidra_scripts
    /fastdata/lavaulta/auto-re-agent/.tools/ghidra_12.1.2_PUBLIC/Ghidra/Extensions/ghidra-emotionengine-reloaded/ghidra_scripts
    /fastdata/lavaulta/auto-re-agent/.tools/ghidra_12.1.2_PUBLIC/Ghidra/Features/Decompiler/ghidra_scripts
    /fastdata/lavaulta/auto-re-agent/.tools/ghidra_12.1.2_PUBLIC/Ghidra/Features/FunctionID/ghidra_scripts
    /fastdata/lavaulta/auto-re-agent/.tools/ghidra_12.1.2_PUBLIC/Ghidra/Features/DecompilerDependent/ghidra_scripts
    /fastdata/lavaulta/auto-re-agent/.tools/ghidra_12.1.2_PUBLIC/Ghidra/Processors/DATA/ghidra_scripts
    /fastdata/lavaulta/auto-re-agent/.tools/ghidra_12.1.2_PUBLIC/Ghidra/Debug/Debugger-rmi-trace/ghidra_scripts
    /fastdata/lavaulta/auto-re-agent/.tools/ghidra_12.1.2_PUBLIC/Ghidra/Features/SwiftDemangler/ghidra_scripts
    /fastdata/lavaulta/auto-re-agent/.tools/ghidra_12.1.2_PUBLIC/Ghidra/Debug/Debugger/ghidra_scripts
    /fastdata/lavaulta/auto-re-agent/.tools/ghidra_12.1.2_PUBLIC/Ghidra/Processors/PIC/ghidra_scripts
    /fastdata/lavaulta/auto-re-agent/.tools/ghidra_12.1.2_PUBLIC/Ghidra/Extensions/XEXLoaderWV/ghidra_scripts
    /fastdata/lavaulta/auto-re-agent/.tools/ghidra_12.1.2_PUBLIC/Ghidra/Features/WildcardAssembler/ghidra_scripts
    /fastdata/lavaulta/auto-re-agent/.tools/ghidra_12.1.2_PUBLIC/Ghidra/Features/PyGhidra/ghidra_scripts
    /fastdata/lavaulta/auto-re-agent/.tools/ghidra_12.1.2_PUBLIC/Ghidra/Features/BSim/ghidra_scripts
    /fastdata/lavaulta/auto-re-agent/.tools/ghidra_12.1.2_PUBLIC/Ghidra/Features/VersionTracking/ghidra_scripts
    /fastdata/lavaulta/auto-re-agent/.tools/ghidra_12.1.2_PUBLIC/Ghidra/Features/BytePatterns/ghidra_scripts
    /fastdata/lavaulta/auto-re-agent/.tools/ghidra_12.1.2_PUBLIC/Ghidra/Processors/Atmel/ghidra_scripts
    /fastdata/lavaulta/auto-re-agent/.tools/ghidra_12.1.2_PUBLIC/Ghidra/Features/SystemEmulation/ghidra_scripts
    /fastdata/lavaulta/auto-re-agent/.tools/ghidra_12.1.2_PUBLIC/Ghidra/Processors/JVM/ghidra_scripts (HeadlessAnalyzer)  
INFO  HEADLESS: execution starts (HeadlessAnalyzer)  
INFO  Opening existing project: /fastdata/lavaulta/auto-re-agent/workspaces/ace-combat-6/ghidra-projects/ace-combat-6-corrected (HeadlessAnalyzer)  
INFO  Opening project: /fastdata/lavaulta/auto-re-agent/workspaces/ace-combat-6/ghidra-projects/ace-combat-6-corrected (HeadlessProject)  
INFO  REPORT: Processing project file: /default.xex (HeadlessAnalyzer)  
INFO  REPORT: Execute script: DumpRange.java '0x821d7e90' '0x821d8520'  (HeadlessAnalyzer)  
INFO  SCRIPT: /fastdata/lavaulta/auto-re-agent/workspaces/ace-combat-6/scripts/DumpRange.java (HeadlessAnalyzer)  
INFO  DumpRange.java> 821d7e90 addi r1,r1,0x2f0 (GhidraScript)  
INFO  DumpRange.java> 821d7e94 b 0x82386540 (GhidraScript)  
INFO  DumpRange.java> 821d7e98 li r11,0xd (GhidraScript)  
INFO  DumpRange.java> 821d7e9c stw r11,0x8(r31) (GhidraScript)  
INFO  DumpRange.java> 821d7ea0 addi r1,r1,0x2f0 (GhidraScript)  
INFO  DumpRange.java> 821d7ea4 b 0x82386540 (GhidraScript)  
INFO  DumpRange.java> 821d7ea8 bl 0x821f8660 (GhidraScript)  
INFO  DumpRange.java> 821d7eac or r11,r3,r3 (GhidraScript)  
INFO  DumpRange.java> 821d7eb0 or r3,r28,r28 (GhidraScript)  
INFO  DumpRange.java> 821d7eb4 stw r11,0x8(r31) (GhidraScript)  
INFO  DumpRange.java> 821d7eb8 bl 0x821f7d98 (GhidraScript)  
INFO  DumpRange.java> 821d7ebc addi r1,r1,0x2f0 (GhidraScript)  
INFO  DumpRange.java> 821d7ec0 b 0x82386540 (GhidraScript)  
INFO  DumpRange.java> 821d7ec4 <not-disassembled> (GhidraScript)  
INFO  DumpRange.java> 821d7ec8 li r3,0x3c (GhidraScript)  
INFO  DumpRange.java> 821d7ecc blr (GhidraScript)  
INFO  DumpRange.java> 821d7ed0 or r3,r4,r4 (GhidraScript)  
INFO  DumpRange.java> 821d7ed4 b 0x82336188 (GhidraScript)  
INFO  DumpRange.java> 821d7ed8 b 0x82335c10 (GhidraScript)  
INFO  DumpRange.java> 821d7edc <not-disassembled> (GhidraScript)  
INFO  DumpRange.java> 821d7ee0 mfspr r12,LR (GhidraScript)  
INFO  DumpRange.java> 821d7ee4 stw r12,-0x8(r1) (GhidraScript)  
INFO  DumpRange.java> 821d7ee8 std r31,-0x10(r1) (GhidraScript)  
INFO  DumpRange.java> 821d7eec stwu r1,-0x60(r1) (GhidraScript)  
INFO  DumpRange.java> 821d7ef0 lis r11,-0x7dfa (GhidraScript)  
INFO  DumpRange.java> 821d7ef4 or r31,r3,r3 (GhidraScript)  
INFO  DumpRange.java> 821d7ef8 addi r11,r11,0x7d9c (GhidraScript)  
INFO  DumpRange.java> 821d7efc rlwinm r10,r4,0x0,0x1f,0x1f (GhidraScript)  
INFO  DumpRange.java> 821d7f00 cmplwi cr6,r10,0x0 (GhidraScript)  
INFO  DumpRange.java> 821d7f04 stw r11,0x0(r31) (GhidraScript)  
INFO  DumpRange.java> 821d7f08 beq cr6,0x821d7f14 (GhidraScript)  
INFO  DumpRange.java> 821d7f0c bl 0x82383670 (GhidraScript)  
INFO  DumpRange.java> 821d7f10 or r3,r31,r31 (GhidraScript)  
INFO  DumpRange.java> 821d7f14 addi r1,r1,0x60 (GhidraScript)  
INFO  DumpRange.java> 821d7f18 lwz r12,-0x8(r1) (GhidraScript)  
INFO  DumpRange.java> 821d7f1c mtspr LR,r12 (GhidraScript)  
INFO  DumpRange.java> 821d7f20 ld r31,-0x10(r1) (GhidraScript)  
INFO  DumpRange.java> 821d7f24 blr (GhidraScript)  
INFO  DumpRange.java> 821d7f28 lis r11,-0x7d6c (GhidraScript)  
INFO  DumpRange.java> 821d7f2c stw r3,-0x45b4(r11) (GhidraScript)  
INFO  DumpRange.java> 821d7f30 blr (GhidraScript)  
INFO  DumpRange.java> 821d7f34 <not-disassembled> (GhidraScript)  
INFO  DumpRange.java> 821d7f38 mfspr r12,LR (GhidraScript)  
INFO  DumpRange.java> 821d7f3c bl 0x823864fc (GhidraScript)  
INFO  DumpRange.java> 821d7f40 stwu r1,-0x80(r1) (GhidraScript)  
INFO  DumpRange.java> 821d7f44 lis r11,-0x7d62 (GhidraScript)  
INFO  DumpRange.java> 821d7f48 or r30,r4,r4 (GhidraScript)  
INFO  DumpRange.java> 821d7f4c addi r31,r11,0x6250 (GhidraScript)  
INFO  DumpRange.java> 821d7f50 or r29,r5,r5 (GhidraScript)  
INFO  DumpRange.java> 821d7f54 addi r3,r31,0x20c (GhidraScript)  
INFO  DumpRange.java> 821d7f58 bl 0x823da07c (GhidraScript)  
INFO  DumpRange.java> 821d7f5c lwz r11,0x204(r31) (GhidraScript)  
INFO  DumpRange.java> 821d7f60 stw r30,0x50(r1) (GhidraScript)  
INFO  DumpRange.java> 821d7f64 addi r3,r31,0x20c (GhidraScript)  
INFO  DumpRange.java> 821d7f68 stw r29,0x54(r1) (GhidraScript)  
INFO  DumpRange.java> 821d7f6c rlwinm r11,r11,0x3,0x0,0x1c (GhidraScript)  
INFO  DumpRange.java> 821d7f70 ld r10,0x50(r1) (GhidraScript)  
INFO  DumpRange.java> 821d7f74 stdx r10,r11,r31 (GhidraScript)  
INFO  DumpRange.java> 821d7f78 lwz r11,0x204(r31) (GhidraScript)  
INFO  DumpRange.java> 821d7f7c addi r10,r11,0x1 (GhidraScript)  
INFO  DumpRange.java> 821d7f80 lwz r11,0x208(r31) (GhidraScript)  
INFO  DumpRange.java> 821d7f84 addi r11,r11,0x1 (GhidraScript)  
INFO  DumpRange.java> 821d7f88 stw r11,0x208(r31) (GhidraScript)  
INFO  DumpRange.java> 821d7f8c rlwinm r11,r10,0x0,0x1a,0x1f (GhidraScript)  
INFO  DumpRange.java> 821d7f90 stw r11,0x204(r31) (GhidraScript)  
INFO  DumpRange.java> 821d7f94 bl 0x823da08c (GhidraScript)  
INFO  DumpRange.java> 821d7f98 li r6,0x0 (GhidraScript)  
INFO  DumpRange.java> 821d7f9c li r5,0x0 (GhidraScript)  
INFO  DumpRange.java> 821d7fa0 addi r4,r31,0x238 (GhidraScript)  
INFO  DumpRange.java> 821d7fa4 li r3,0x4 (GhidraScript)  
INFO  DumpRange.java> 821d7fa8 bl 0x821f8f48 (GhidraScript)  
INFO  DumpRange.java> 821d7fac cmplwi cr6,r3,0x102 (GhidraScript)  
INFO  DumpRange.java> 821d7fb0 beq cr6,0x821d7fd0 (GhidraScript)  
INFO  DumpRange.java> 821d7fb4 rlwinm r30,r3,0x2,0x0,0x1d (GhidraScript)  
INFO  DumpRange.java> 821d7fb8 addi r11,r31,0x238 (GhidraScript)  
INFO  DumpRange.java> 821d7fbc lwzx r3,r30,r11 (GhidraScript)  
INFO  DumpRange.java> 821d7fc0 bl 0x821f77d0 (GhidraScript)  
INFO  DumpRange.java> 821d7fc4 addi r11,r31,0x248 (GhidraScript)  
INFO  DumpRange.java> 821d7fc8 lwzx r3,r30,r11 (GhidraScript)  
INFO  DumpRange.java> 821d7fcc bl 0x821f76f0 (GhidraScript)  
INFO  DumpRange.java> 821d7fd0 addi r1,r1,0x80 (GhidraScript)  
INFO  DumpRange.java> 821d7fd4 b 0x8238654c (GhidraScript)  
INFO  DumpRange.java> 821d7fd8 mfspr r12,LR (GhidraScript)  
INFO  DumpRange.java> 821d7fdc stw r12,-0x8(r1) (GhidraScript)  
INFO  DumpRange.java> 821d7fe0 std r31,-0x10(r1) (GhidraScript)  
INFO  DumpRange.java> 821d7fe4 stwu r1,-0x60(r1) (GhidraScript)  
INFO  DumpRange.java> 821d7fe8 lis r11,-0x7d62 (GhidraScript)  
INFO  DumpRange.java> 821d7fec addi r31,r11,0x6250 (GhidraScript)  
INFO  DumpRange.java> 821d7ff0 lwz r3,0x248(r31) (GhidraScript)  
INFO  DumpRange.java> 821d7ff4 bl 0x821f76f0 (GhidraScript)  
INFO  DumpRange.java> 821d7ff8 li r6,-0x1 (GhidraScript)  
INFO  DumpRange.java> 821d7ffc li r5,0x1 (GhidraScript)  
INFO  DumpRange.java> 821d8000 addi r4,r31,0x238 (GhidraScript)  
INFO  DumpRange.java> 821d8004 li r3,0x4 (GhidraScript)  
INFO  DumpRange.java> 821d8008 bl 0x821f8f48 (GhidraScript)  
INFO  DumpRange.java> 821d800c lwz r3,0x238(r31) (GhidraScript)  
INFO  DumpRange.java> 821d8010 bl 0x821f77d0 (GhidraScript)  
INFO  DumpRange.java> 821d8014 addi r1,r1,0x60 (GhidraScript)  
INFO  DumpRange.java> 821d8018 lwz r12,-0x8(r1) (GhidraScript)  
INFO  DumpRange.java> 821d801c mtspr LR,r12 (GhidraScript)  
INFO  DumpRange.java> 821d8020 ld r31,-0x10(r1) (GhidraScript)  
INFO  DumpRange.java> 821d8024 blr (GhidraScript)  
INFO  DumpRange.java> 821d8028 mfspr r12,LR (GhidraScript)  
INFO  DumpRange.java> 821d802c bl 0x823864f4 (GhidraScript)  
INFO  DumpRange.java> 821d8030 stwu r1,-0x80(r1) (GhidraScript)  
INFO  DumpRange.java> 821d8034 lis r11,-0x7d62 (GhidraScript)  
INFO  DumpRange.java> 821d8038 mulli r10,r4,0x98 (GhidraScript)  
INFO  DumpRange.java> 821d803c addi r11,r11,0x64a8 (GhidraScript)  
INFO  DumpRange.java> 821d8040 or r28,r5,r5 (GhidraScript)  
INFO  DumpRange.java> 821d8044 or r27,r6,r6 (GhidraScript)  
INFO  DumpRange.java> 821d8048 add r11,r10,r11 (GhidraScript)  
INFO  DumpRange.java> 821d804c subi r31,r11,0x98 (GhidraScript)  
INFO  DumpRange.java> 821d8050 addi r30,r31,0x10 (GhidraScript)  
INFO  DumpRange.java> 821d8054 or r3,r30,r30 (GhidraScript)  
INFO  DumpRange.java> 821d8058 bl 0x823da07c (GhidraScript)  
INFO  DumpRange.java> 821d805c addi r11,r31,0x2c (GhidraScript)  
INFO  DumpRange.java> 821d8060 lwz r29,0xc(r31) (GhidraScript)  
INFO  DumpRange.java> 821d8064 rlwinm r9,r29,0x0,0x10,0x1f (GhidraScript)  
INFO  DumpRange.java> 821d8068 lwz r10,0x64(r11) (GhidraScript)  
INFO  DumpRange.java> 821d806c rlwinm r8,r10,0x1,0x0,0x1e (GhidraScript)  
INFO  DumpRange.java> 821d8070 add r10,r10,r8 (GhidraScript)  
INFO  DumpRange.java> 821d8074 rlwinm r10,r10,0x2,0x0,0x1d (GhidraScript)  
INFO  DumpRange.java> 821d8078 add r10,r10,r11 (GhidraScript)  
INFO  DumpRange.java> 821d807c stw r28,0x0(r10) (GhidraScript)  
INFO  DumpRange.java> 821d8080 stw r27,0x4(r10) (GhidraScript)  
INFO  DumpRange.java> 821d8084 stw r9,0x8(r10) (GhidraScript)  
INFO  DumpRange.java> 821d8088 lwz r9,0x64(r11) (GhidraScript)  
INFO  DumpRange.java> 821d808c lwz r10,0x68(r11) (GhidraScript)  
INFO  DumpRange.java> 821d8090 addi r9,r9,0x1 (GhidraScript)  
INFO  DumpRange.java> 821d8094 addi r10,r10,0x1 (GhidraScript)  
INFO  DumpRange.java> 821d8098 rlwinm r9,r9,0x0,0x1d,0x1f (GhidraScript)  
INFO  DumpRange.java> 821d809c stw r10,0x68(r11) (GhidraScript)  
INFO  DumpRange.java> 821d80a0 stw r9,0x64(r11) (GhidraScript)  
INFO  DumpRange.java> 821d80a4 lwz r11,0xc(r31) (GhidraScript)  
INFO  DumpRange.java> 821d80a8 lwz r3,0x4(r31) (GhidraScript)  
INFO  DumpRange.java> 821d80ac addi r11,r11,0x1 (GhidraScript)  
INFO  DumpRange.java> 821d80b0 sth r11,0xe(r31) (GhidraScript)  
INFO  DumpRange.java> 821d80b4 bl 0x821f76f0 (GhidraScript)  
INFO  DumpRange.java> 821d80b8 or r3,r30,r30 (GhidraScript)  
INFO  DumpRange.java> 821d80bc bl 0x823da08c (GhidraScript)  
INFO  DumpRange.java> 821d80c0 or r3,r29,r29 (GhidraScript)  
INFO  DumpRange.java> 821d80c4 addi r1,r1,0x80 (GhidraScript)  
INFO  DumpRange.java> 821d80c8 b 0x82386544 (GhidraScript)  
INFO  DumpRange.java> 821d80cc <not-disassembled> (GhidraScript)  
INFO  DumpRange.java> 821d80d0 lis r11,-0x7d62 (GhidraScript)  
INFO  DumpRange.java> 821d80d4 addi r3,r11,0x64a8 (GhidraScript)  
INFO  DumpRange.java> 821d80d8 b 0x821d8398 (GhidraScript)  
INFO  DumpRange.java> 821d80dc <not-disassembled> (GhidraScript)  
INFO  DumpRange.java> 821d80e0 mfspr r12,LR (GhidraScript)  
INFO  DumpRange.java> 821d80e4 bl 0x823864f0 (GhidraScript)  
INFO  DumpRange.java> 821d80e8 stwu r1,-0x90(r1) (GhidraScript)  
INFO  DumpRange.java> 821d80ec lis r11,-0x7d62 (GhidraScript)  
INFO  DumpRange.java> 821d80f0 lis r4,0x0 (GhidraScript)  
INFO  DumpRange.java> 821d80f4 addi r28,r11,0x6250 (GhidraScript)  
INFO  DumpRange.java> 821d80f8 li r11,0x0 (GhidraScript)  
INFO  DumpRange.java> 821d80fc ori r4,r4,0xff00 (GhidraScript)  
INFO  DumpRange.java> 821d8100 addi r3,r28,0x20c (GhidraScript)  
INFO  DumpRange.java> 821d8104 stw r11,0x200(r28) (GhidraScript)  
INFO  DumpRange.java> 821d8108 stw r11,0x204(r28) (GhidraScript)  
INFO  DumpRange.java> 821d810c stw r11,0x208(r28) (GhidraScript)  
INFO  DumpRange.java> 821d8110 bl 0x823da0bc (GhidraScript)  
INFO  DumpRange.java> 821d8114 lis r11,-0x7dfb (GhidraScript)  
INFO  DumpRange.java> 821d8118 li r27,0x0 (GhidraScript)  
INFO  DumpRange.java> 821d811c li r31,0x0 (GhidraScript)  
INFO  DumpRange.java> 821d8120 addi r26,r11,0x42a8 (GhidraScript)  
INFO  DumpRange.java> 821d8124 lis r11,-0x7de3 (GhidraScript)  
INFO  DumpRange.java> 821d8128 li r8,0x0 (GhidraScript)  
INFO  DumpRange.java> 821d812c li r7,0x4 (GhidraScript)  
INFO  DumpRange.java> 821d8130 or r6,r27,r27 (GhidraScript)  
INFO  DumpRange.java> 821d8134 addi r5,r11,0x4bd0 (GhidraScript)  
INFO  DumpRange.java> 821d8138 li r4,0x0 (GhidraScript)  
INFO  DumpRange.java> 821d813c li r3,0x0 (GhidraScript)  
INFO  DumpRange.java> 821d8140 bl 0x821f8f90 (GhidraScript)  
INFO  DumpRange.java> 821d8144 addi r11,r28,0x238 (GhidraScript)  
INFO  DumpRange.java> 821d8148 or r30,r3,r3 (GhidraScript)  
INFO  DumpRange.java> 821d814c add r29,r31,r11 (GhidraScript)  
INFO  DumpRange.java> 821d8150 li r6,0x0 (GhidraScript)  
INFO  DumpRange.java> 821d8154 li r5,0x1 (GhidraScript)  
INFO  DumpRange.java> 821d8158 li r4,0x1 (GhidraScript)  
INFO  DumpRange.java> 821d815c li r3,0x0 (GhidraScript)  
INFO  DumpRange.java> 821d8160 stw r30,-0x10(r29) (GhidraScript)  
INFO  DumpRange.java> 821d8164 bl 0x821f7730 (GhidraScript)  
INFO  DumpRange.java> 821d8168 or r11,r3,r3 (GhidraScript)  
INFO  DumpRange.java> 821d816c li r6,0x0 (GhidraScript)  
INFO  DumpRange.java> 821d8170 li r5,0x0 (GhidraScript)  
INFO  DumpRange.java> 821d8174 li r4,0x1 (GhidraScript)  
INFO  DumpRange.java> 821d8178 li r3,0x0 (GhidraScript)  
INFO  DumpRange.java> 821d817c stw r11,0x0(r29) (GhidraScript)  
INFO  DumpRange.java> 821d8180 bl 0x821f7730 (GhidraScript)  
INFO  DumpRange.java> 821d8184 or r11,r3,r3 (GhidraScript)  
INFO  DumpRange.java> 821d8188 li r4,0x1 (GhidraScript)  
INFO  DumpRange.java> 821d818c or r3,r30,r30 (GhidraScript)  
INFO  DumpRange.java> 821d8190 stw r11,0x10(r29) (GhidraScript)  
INFO  DumpRange.java> 821d8194 bl 0x821f7360 (GhidraScript)  
INFO  DumpRange.java> 821d8198 or r3,r30,r30 (GhidraScript)  
INFO  DumpRange.java> 821d819c lwzx r4,r31,r26 (GhidraScript)  
INFO  DumpRange.java> 821d81a0 bl 0x821f74f0 (GhidraScript)  
INFO  DumpRange.java> 821d81a4 or r3,r30,r30 (GhidraScript)  
INFO  DumpRange.java> 821d81a8 bl 0x821f8f50 (GhidraScript)  
INFO  DumpRange.java> 821d81ac addi r31,r31,0x4 (GhidraScript)  
INFO  DumpRange.java> 821d81b0 addi r27,r27,0x1 (GhidraScript)  
INFO  DumpRange.java> 821d81b4 cmplwi cr6,r31,0x10 (GhidraScript)  
INFO  DumpRange.java> 821d81b8 blt cr6,0x821d8124 (GhidraScript)  
INFO  DumpRange.java> 821d81bc lwz r3,0x238(r28) (GhidraScript)  
INFO  DumpRange.java> 821d81c0 bl 0x821f77d0 (GhidraScript)  
INFO  DumpRange.java> 821d81c4 or r3,r28,r28 (GhidraScript)  
INFO  DumpRange.java> 821d81c8 addi r1,r1,0x90 (GhidraScript)  
INFO  DumpRange.java> 821d81cc b 0x82386540 (GhidraScript)  
INFO  DumpRange.java> 821d81d0 mfspr r12,LR (GhidraScript)  
INFO  DumpRange.java> 821d81d4 bl 0x823864f8 (GhidraScript)  
INFO  DumpRange.java> 821d81d8 stwu r1,-0x80(r1) (GhidraScript)  
INFO  DumpRange.java> 821d81dc lis r11,-0x7d62 (GhidraScript)  
INFO  DumpRange.java> 821d81e0 rlwinm r9,r3,0x2,0x0,0x1d (GhidraScript)  
INFO  DumpRange.java> 821d81e4 addi r31,r11,0x6250 (GhidraScript)  
INFO  DumpRange.java> 821d81e8 rlwinm r11,r3,0x2,0x0,0x1d (GhidraScript)  
INFO  DumpRange.java> 821d81ec addi r10,r31,0x248 (GhidraScript)  
INFO  DumpRange.java> 821d81f0 addi r8,r31,0x238 (GhidraScript)  
INFO  DumpRange.java> 821d81f4 li r28,-0x1 (GhidraScript)  
INFO  DumpRange.java> 821d81f8 lwzx r30,r11,r10 (GhidraScript)  
INFO  DumpRange.java> 821d81fc lwzx r29,r9,r8 (GhidraScript)  
INFO  DumpRange.java> 821d8200 or r4,r28,r28 (GhidraScript)  
INFO  DumpRange.java> 821d8204 or r3,r30,r30 (GhidraScript)  
INFO  DumpRange.java> 821d8208 bl 0x821f76e8 (GhidraScript)  
INFO  DumpRange.java> 821d820c or r3,r30,r30 (GhidraScript)  
INFO  DumpRange.java> 821d8210 bl 0x821f77d0 (GhidraScript)  
INFO  DumpRange.java> 821d8214 addi r3,r31,0x20c (GhidraScript)  
INFO  DumpRange.java> 821d8218 bl 0x823da07c (GhidraScript)  
INFO  DumpRange.java> 821d821c lwz r10,0x208(r31) (GhidraScript)  
INFO  DumpRange.java> 821d8220 cmplwi cr6,r10,0x0 (GhidraScript)  
INFO  DumpRange.java> 821d8224 beq cr6,0x821d8270 (GhidraScript)  
INFO  DumpRange.java> 821d8228 lwz r11,0x200(r31) (GhidraScript)  
INFO  DumpRange.java> 821d822c addi r3,r31,0x20c (GhidraScript)  
INFO  DumpRange.java> 821d8230 rlwinm r9,r11,0x3,0x0,0x1c (GhidraScript)  
INFO  DumpRange.java> 821d8234 addi r8,r11,0x1 (GhidraScript)  
INFO  DumpRange.java> 821d8238 ldx r11,r9,r31 (GhidraScript)  
INFO  DumpRange.java> 821d823c std r11,0x50(r1) (GhidraScript)  
INFO  DumpRange.java> 821d8240 subi r11,r10,0x1 (GhidraScript)  
INFO  DumpRange.java> 821d8244 stw r11,0x208(r31) (GhidraScript)  
INFO  DumpRange.java> 821d8248 rlwinm r11,r8,0x0,0x1a,0x1f (GhidraScript)  
INFO  DumpRange.java> 821d824c stw r11,0x200(r31) (GhidraScript)  
INFO  DumpRange.java> 821d8250 bl 0x823da08c (GhidraScript)  
INFO  DumpRange.java> 821d8254 lwz r3,0x50(r1) (GhidraScript)  
INFO  DumpRange.java> 821d8258 lwz r4,0x54(r1) (GhidraScript)  
INFO  DumpRange.java> 821d825c lwz r11,0x0(r3) (GhidraScript)  
INFO  DumpRange.java> 821d8260 lwz r11,0x4(r11) (GhidraScript)  
INFO  DumpRange.java> 821d8264 mtspr CTR,r11 (GhidraScript)  
INFO  DumpRange.java> 821d8268 bctrl (GhidraScript)  
INFO  DumpRange.java> 821d826c b 0x821d8214 (GhidraScript)  
INFO  DumpRange.java> 821d8270 or r3,r29,r29 (GhidraScript)  
INFO  DumpRange.java> 821d8274 bl 0x821f76f0 (GhidraScript)  
INFO  DumpRange.java> 821d8278 addi r3,r31,0x20c (GhidraScript)  
INFO  DumpRange.java> 821d827c bl 0x823da08c (GhidraScript)  
INFO  DumpRange.java> 821d8280 b 0x821d8200 (GhidraScript)  
INFO  DumpRange.java> 821d8284 <not-disassembled> (GhidraScript)  
INFO  DumpRange.java> 821d8288 mfspr r12,LR (GhidraScript)  
INFO  DumpRange.java> 821d828c bl 0x823864f0 (GhidraScript)  
INFO  DumpRange.java> 821d8290 stwu r1,-0x90(r1) (GhidraScript)  
INFO  DumpRange.java> 821d8294 lis r11,-0x7d62 (GhidraScript)  
INFO  DumpRange.java> 821d8298 li r26,0x0 (GhidraScript)  
INFO  DumpRange.java> 821d829c addi r31,r11,0x64a8 (GhidraScript)  
INFO  DumpRange.java> 821d82a0 or r11,r26,r26 (GhidraScript)  
INFO  DumpRange.java> 821d82a4 or r27,r26,r26 (GhidraScript)  
INFO  DumpRange.java> 821d82a8 addi r30,r31,0x4 (GhidraScript)  
INFO  DumpRange.java> 821d82ac li r28,0x4 (GhidraScript)  
INFO  DumpRange.java> 821d82b0 stw r11,0x8c(r31) (GhidraScript)  
INFO  DumpRange.java> 821d82b4 stw r11,0x90(r31) (GhidraScript)  
INFO  DumpRange.java> 821d82b8 stw r11,0x94(r31) (GhidraScript)  
INFO  DumpRange.java> 821d82bc stw r11,0x124(r31) (GhidraScript)  
INFO  DumpRange.java> 821d82c0 stw r11,0x128(r31) (GhidraScript)  
INFO  DumpRange.java> 821d82c4 stw r11,0x12c(r31) (GhidraScript)  
INFO  DumpRange.java> 821d82c8 stw r11,0x1bc(r31) (GhidraScript)  
INFO  DumpRange.java> 821d82cc stw r11,0x1c0(r31) (GhidraScript)  
INFO  DumpRange.java> 821d82d0 stw r11,0x1c4(r31) (GhidraScript)  
INFO  DumpRange.java> 821d82d4 stw r11,0x254(r31) (GhidraScript)  
INFO  DumpRange.java> 821d82d8 stw r11,0x258(r31) (GhidraScript)  
INFO  DumpRange.java> 821d82dc stw r11,0x25c(r31) (GhidraScript)  
INFO  DumpRange.java> 821d82e0 lis r4,0x0 (GhidraScript)  
INFO  DumpRange.java> 821d82e4 addi r3,r30,0xc (GhidraScript)  
INFO  DumpRange.java> 821d82e8 ori r4,r4,0xff00 (GhidraScript)  
INFO  DumpRange.java> 821d82ec bl 0x823da0bc (GhidraScript)  
INFO  DumpRange.java> 821d82f0 lis r11,-0x7de3 (GhidraScript)  
INFO  DumpRange.java> 821d82f4 li r8,0x0 (GhidraScript)  
INFO  DumpRange.java> 821d82f8 li r7,0x4 (GhidraScript)  
INFO  DumpRange.java> 821d82fc or r6,r27,r27 (GhidraScript)  
INFO  DumpRange.java> 821d8300 addi r5,r11,0x4ed0 (GhidraScript)  
INFO  DumpRange.java> 821d8304 li r4,0x0 (GhidraScript)  
INFO  DumpRange.java> 821d8308 li r3,0x0 (GhidraScript)  
INFO  DumpRange.java> 821d830c bl 0x821f8f90 (GhidraScript)  
INFO  DumpRange.java> 821d8310 or r29,r3,r3 (GhidraScript)  
INFO  DumpRange.java> 821d8314 li r6,0x0 (GhidraScript)  
INFO  DumpRange.java> 821d8318 li r5,0x0 (GhidraScript)  
INFO  DumpRange.java> 821d831c li r4,0x1 (GhidraScript)  
INFO  DumpRange.java> 821d8320 li r3,0x0 (GhidraScript)  
INFO  DumpRange.java> 821d8324 stw r29,-0x4(r30) (GhidraScript)  
INFO  DumpRange.java> 821d8328 bl 0x821f7730 (GhidraScript)  
INFO  DumpRange.java> 821d832c or r11,r3,r3 (GhidraScript)  
INFO  DumpRange.java> 821d8330 li r6,0x0 (GhidraScript)  
INFO  DumpRange.java> 821d8334 li r5,0x0 (GhidraScript)  
INFO  DumpRange.java> 821d8338 li r4,0x1 (GhidraScript)  
INFO  DumpRange.java> 821d833c li r3,0x0 (GhidraScript)  
INFO  DumpRange.java> 821d8340 stw r11,0x0(r30) (GhidraScript)  
INFO  DumpRange.java> 821d8344 bl 0x821f7730 (GhidraScript)  
INFO  DumpRange.java> 821d8348 or r11,r3,r3 (GhidraScript)  
INFO  DumpRange.java> 821d834c addi r27,r27,0x1 (GhidraScript)  
INFO  DumpRange.java> 821d8350 sth r26,0xa(r30) (GhidraScript)  
INFO  DumpRange.java> 821d8354 li r4,0x0 (GhidraScript)  
INFO  DumpRange.java> 821d8358 or r3,r29,r29 (GhidraScript)  
INFO  DumpRange.java> 821d835c stw r11,0x4(r30) (GhidraScript)  
INFO  DumpRange.java> 821d8360 sth r27,0x8(r30) (GhidraScript)  
INFO  DumpRange.java> 821d8364 bl 0x821f7360 (GhidraScript)  
INFO  DumpRange.java> 821d8368 or r4,r27,r27 (GhidraScript)  
INFO  DumpRange.java> 821d836c or r3,r29,r29 (GhidraScript)  
INFO  DumpRange.java> 821d8370 bl 0x821f74f0 (GhidraScript)  
INFO  DumpRange.java> 821d8374 or r3,r29,r29 (GhidraScript)  
INFO  DumpRange.java> 821d8378 bl 0x821f8f50 (GhidraScript)  
INFO  DumpRange.java> 821d837c subi r28,r28,0x1 (GhidraScript)  
INFO  DumpRange.java> 821d8380 addi r30,r30,0x98 (GhidraScript)  
INFO  DumpRange.java> 821d8384 cmplwi cr6,r28,0x0 (GhidraScript)  
INFO  DumpRange.java> 821d8388 bne cr6,0x821d82e0 (GhidraScript)  
INFO  DumpRange.java> 821d838c or r3,r31,r31 (GhidraScript)  
INFO  DumpRange.java> 821d8390 addi r1,r1,0x90 (GhidraScript)  
INFO  DumpRange.java> 821d8394 b 0x82386540 (GhidraScript)  
INFO  DumpRange.java> 821d8398 mfspr r12,LR (GhidraScript)  
INFO  DumpRange.java> 821d839c bl 0x823864f8 (GhidraScript)  
INFO  DumpRange.java> 821d83a0 stwu r1,-0x80(r1) (GhidraScript)  
INFO  DumpRange.java> 821d83a4 rlwinm r10,r4,0x10,0x10,0x1f (GhidraScript)  
INFO  DumpRange.java> 821d83a8 lis r11,-0x7d62 (GhidraScript)  
INFO  DumpRange.java> 821d83ac mulli r10,r10,0x98 (GhidraScript)  
INFO  DumpRange.java> 821d83b0 addi r11,r11,0x64a8 (GhidraScript)  
INFO  DumpRange.java> 821d83b4 rlwinm r9,r6,0x0,0x18,0x1f (GhidraScript)  
INFO  DumpRange.java> 821d83b8 rlwinm r28,r4,0x0,0x10,0x1f (GhidraScript)  
INFO  DumpRange.java> 821d83bc add r11,r10,r11 (GhidraScript)  
INFO  DumpRange.java> 821d83c0 cmplwi cr6,r9,0x1 (GhidraScript)  
INFO  DumpRange.java> 821d83c4 subi r29,r11,0x98 (GhidraScript)  
INFO  DumpRange.java> 821d83c8 bne cr6,0x821d8450 (GhidraScript)  
INFO  DumpRange.java> 821d83cc addi r31,r29,0x2c (GhidraScript)  
INFO  DumpRange.java> 821d83d0 addi r30,r29,0x10 (GhidraScript)  
INFO  DumpRange.java> 821d83d4 or r3,r30,r30 (GhidraScript)  
INFO  DumpRange.java> 821d83d8 bl 0x823da07c (GhidraScript)  
INFO  DumpRange.java> 821d83dc lwz r8,0x68(r31) (GhidraScript)  
INFO  DumpRange.java> 821d83e0 li r9,0x0 (GhidraScript)  
INFO  DumpRange.java> 821d83e4 cmplw cr6,r9,r8 (GhidraScript)  
INFO  DumpRange.java> 821d83e8 bge cr6,0x821d843c (GhidraScript)  
INFO  DumpRange.java> 821d83ec lwz r11,0x60(r31) (GhidraScript)  
INFO  DumpRange.java> 821d83f0 add r11,r11,r9 (GhidraScript)  
INFO  DumpRange.java> 821d83f4 rlwinm r11,r11,0x0,0x1d,0x1f (GhidraScript)  
INFO  DumpRange.java> 821d83f8 rlwinm r10,r11,0x1,0x0,0x1e (GhidraScript)  
INFO  DumpRange.java> 821d83fc add r11,r11,r10 (GhidraScript)  
INFO  DumpRange.java> 821d8400 rlwinm r11,r11,0x2,0x0,0x1d (GhidraScript)  
INFO  DumpRange.java> 821d8404 add r11,r11,r31 (GhidraScript)  
INFO  DumpRange.java> 821d8408 cmplwi cr6,r11,0x0 (GhidraScript)  
INFO  DumpRange.java> 821d840c beq cr6,0x821d843c (GhidraScript)  
INFO  DumpRange.java> 821d8410 lwz r11,0x8(r11) (GhidraScript)  
INFO  DumpRange.java> 821d8414 cmplw cr6,r11,r28 (GhidraScript)  
INFO  DumpRange.java> 821d8418 beq cr6,0x821d8424 (GhidraScript)  
INFO  DumpRange.java> 821d841c addi r9,r9,0x1 (GhidraScript)  
INFO  DumpRange.java> 821d8420 b 0x821d83e4 (GhidraScript)  
INFO  DumpRange.java> 821d8424 or r3,r30,r30 (GhidraScript)  
INFO  DumpRange.java> 821d8428 bl 0x823da08c (GhidraScript)  
INFO  DumpRange.java> 821d842c li r4,0x1 (GhidraScript)  
INFO  DumpRange.java> 821d8430 lwz r3,0x8(r29) (GhidraScript)  
INFO  DumpRange.java> 821d8434 bl 0x821f76e8 (GhidraScript)  
INFO  DumpRange.java> 821d8438 b 0x821d83d4 (GhidraScript)  
INFO  DumpRange.java> 821d843c or r3,r30,r30 (GhidraScript)  
INFO  DumpRange.java> 821d8440 bl 0x823da08c (GhidraScript)  
INFO  DumpRange.java> 821d8444 li r3,0x1 (GhidraScript)  
INFO  DumpRange.java> 821d8448 addi r1,r1,0x80 (GhidraScript)  
INFO  DumpRange.java> 821d844c b 0x82386548 (GhidraScript)  
INFO  DumpRange.java> 821d8450 addi r31,r29,0x10 (GhidraScript)  
INFO  DumpRange.java> 821d8454 or r3,r31,r31 (GhidraScript)  
INFO  DumpRange.java> 821d8458 bl 0x823da07c (GhidraScript)  
INFO  DumpRange.java> 821d845c addi r10,r29,0x2c (GhidraScript)  
INFO  DumpRange.java> 821d8460 li r8,0x0 (GhidraScript)  
INFO  DumpRange.java> 821d8464 lwz r7,0x68(r10) (GhidraScript)  
INFO  DumpRange.java> 821d8468 cmplw cr6,r8,r7 (GhidraScript)  
INFO  DumpRange.java> 821d846c bge cr6,0x821d84a8 (GhidraScript)  
INFO  DumpRange.java> 821d8470 lwz r11,0x60(r10) (GhidraScript)  
INFO  DumpRange.java> 821d8474 add r11,r11,r8 (GhidraScript)  
INFO  DumpRange.java> 821d8478 rlwinm r11,r11,0x0,0x1d,0x1f (GhidraScript)  
INFO  DumpRange.java> 821d847c rlwinm r9,r11,0x1,0x0,0x1e (GhidraScript)  
INFO  DumpRange.java> 821d8480 add r11,r11,r9 (GhidraScript)  
INFO  DumpRange.java> 821d8484 rlwinm r11,r11,0x2,0x0,0x1d (GhidraScript)  
INFO  DumpRange.java> 821d8488 add r11,r11,r10 (GhidraScript)  
INFO  DumpRange.java> 821d848c cmplwi cr6,r11,0x0 (GhidraScript)  
INFO  DumpRange.java> 821d8490 beq cr6,0x821d84a8 (GhidraScript)  
INFO  DumpRange.java> 821d8494 lwz r11,0x8(r11) (GhidraScript)  
INFO  DumpRange.java> 821d8498 cmplw cr6,r11,r28 (GhidraScript)  
INFO  DumpRange.java> 821d849c beq cr6,0x821d84bc (GhidraScript)  
INFO  DumpRange.java> 821d84a0 addi r8,r8,0x1 (GhidraScript)  
INFO  DumpRange.java> 821d84a4 b 0x821d8468 (GhidraScript)  
INFO  DumpRange.java> 821d84a8 or r3,r31,r31 (GhidraScript)  
INFO  DumpRange.java> 821d84ac bl 0x823da08c (GhidraScript)  
INFO  DumpRange.java> 821d84b0 li r3,0x1 (GhidraScript)  
INFO  DumpRange.java> 821d84b4 addi r1,r1,0x80 (GhidraScript)  
INFO  DumpRange.java> 821d84b8 b 0x82386548 (GhidraScript)  
INFO  DumpRange.java> 821d84bc or r3,r31,r31 (GhidraScript)  
INFO  DumpRange.java> 821d84c0 bl 0x823da08c (GhidraScript)  
INFO  DumpRange.java> 821d84c4 li r3,0x0 (GhidraScript)  
INFO  DumpRange.java> 821d84c8 addi r1,r1,0x80 (GhidraScript)  
INFO  DumpRange.java> 821d84cc b 0x82386548 (GhidraScript)  
INFO  DumpRange.java> 821d84d0 mfspr r12,LR (GhidraScript)  
INFO  DumpRange.java> 821d84d4 bl 0x823864f4 (GhidraScript)  
INFO  DumpRange.java> 821d84d8 stwu r1,-0x80(r1) (GhidraScript)  
INFO  DumpRange.java> 821d84dc lis r11,-0x7d62 (GhidraScript)  
INFO  DumpRange.java> 821d84e0 mulli r10,r3,0x98 (GhidraScript)  
INFO  DumpRange.java> 821d84e4 addi r11,r11,0x64a8 (GhidraScript)  
INFO  DumpRange.java> 821d84e8 li r29,0x0 (GhidraScript)  
INFO  DumpRange.java> 821d84ec li r27,-0x1 (GhidraScript)  
INFO  DumpRange.java> 821d84f0 add r30,r10,r11 (GhidraScript)  
INFO  DumpRange.java> 821d84f4 addi r28,r30,0x10 (GhidraScript)  
INFO  DumpRange.java> 821d84f8 cmplwi cr6,r29,0x0 (GhidraScript)  
INFO  DumpRange.java> 821d84fc beq cr6,0x821d85a8 (GhidraScript)  
INFO  DumpRange.java> 821d8500 lwz r11,0x0(r29) (GhidraScript)  
INFO  DumpRange.java> 821d8504 addi r31,r30,0x2c (GhidraScript)  
INFO  DumpRange.java> 821d8508 or r3,r29,r29 (GhidraScript)  
INFO  DumpRange.java> 821d850c lwz r9,0x4(r11) (GhidraScript)  
INFO  DumpRange.java> 821d8510 lwz r11,0x60(r31) (GhidraScript)  
INFO  DumpRange.java> 821d8514 rlwinm r10,r11,0x1,0x0,0x1e (GhidraScript)  
INFO  DumpRange.java> 821d8518 add r11,r11,r10 (GhidraScript)  
INFO  DumpRange.java> 821d851c rlwinm r11,r11,0x2,0x0,0x1d (GhidraScript)  
INFO  REPORT: Save succeeded for processed file: /default.xex (HeadlessAnalyzer)  
