[2026-07-30 13:15:29.434] [info] [core] [t3716749] ac6recomp starting
[2026-07-30 13:15:29.434] [info] [core] [t3716749]   Game directory: /fastdata/lavaulta/auto-re-agent/.tools/ac6-recomp-reference/out/build/linux-amd64-runtime-localdev/assets
[2026-07-30 13:15:29.434] [info] [core] [t3716749]   User data:      /home/lavaulta/.local/share/ac6recomp
[2026-07-30 13:15:29.434] [info] [core] [t3716749] Ac6recompApp::OnPreSetup
[2026-07-30 13:15:29.434] [info] [core] [t3716749] Ac6recompApp: selected Vulkan graphics backend
[2026-07-30 13:15:29.440] [debug] [sys] [t3716749] Installed MMIO handler for physical address translation
[2026-07-30 13:15:29.440] [info] [sys] [t3716749] FunctionDispatcher initialized
[2026-07-30 13:15:29.440] [info] [core] [t3716749] SDL: Using version 3.5.0
[2026-07-30 13:15:29.440] [info] [core] [t3716749] MnK input driver initialized
[2026-07-30 13:15:29.440] [info] [sys] [t3716749] Input system initialized
[2026-07-30 13:15:29.440] [debug] [sys] [t3716749] Added handle:F8000004 for N3rex6system7XObjectE
[2026-07-30 13:15:29.441] [debug] [sys] [t3716749] Added handle:F8000008 for N3rex6system7XObjectE
[2026-07-30 13:15:29.443] [debug] [apu] [t3716749] XMA: Registered MMIO handlers at 0x7FEA0000-0x7FEAFFFF
[2026-07-30 13:15:29.445] [debug] [sys] [t3716749] Added handle:F800000C for N3rex6system7XObjectE
[2026-07-30 13:15:29.445] [debug] [sys] [t3716749] XThreadF800000C (1) Stack: 70010000-70030000
[2026-07-30 13:15:29.445] [info] [apu] [t3716758] AudioRuntime worker started: backend=sdl scheduling=queue-depth-driven low_water=1 target=2 max=8 startup_spacing_ms=4 startup_max_lead_frames=2
[2026-07-30 13:15:29.445] [info] [apu] [t3716749] AudioSystem setup complete: runtime=AudioRuntime backend=sdl trace_telemetry=false trace_verbose=false mute=false
[2026-07-30 13:15:29.446] [info] [sys] [t3716749] Audio system initialized
[2026-07-30 13:15:29.446] [info] [sys] [t3716749]   Mounted /fastdata/lavaulta/auto-re-agent/.tools/ac6-recomp-reference/out/build/linux-amd64-runtime-localdev/assets at \Device\Harddisk0\Partition1
[2026-07-30 13:15:29.446] [debug] [fs] [t3716749] Registered symbolic link: game: => \Device\Harddisk0\Partition1
[2026-07-30 13:15:29.446] [debug] [fs] [t3716749] Registered symbolic link: d: => \Device\Harddisk0\Partition1
[2026-07-30 13:15:29.446] [debug] [sys] [t3716749]   Registered symbolic links: game:, d:
[2026-07-30 13:15:29.446] [debug] [sys] [t3716749]   Registered NullDevice for \Device\Harddisk0\{{Partition0,Cache0,Cache1}}
[2026-07-30 13:15:29.531] [info] [core] [t3716749] Vulkan instance API version 1.4.341. Enabled layers and extensions:
[2026-07-30 13:15:29.531] [info] [core] [t3716749] * VK_KHR_surface
[2026-07-30 13:15:29.531] [info] [core] [t3716749] * VK_KHR_xcb_surface
[2026-07-30 13:15:29.531] [info] [core] [t3716749] * VK_EXT_debug_utils
[2026-07-30 13:15:29.531] [info] [core] [t3716749] * VK_KHR_portability_enumeration
[2026-07-30 13:15:29.532] [info] [gpu] [t3716749] Vulkan Info ({ General }, ID 0: Loader Message): linux_read_sorted_physical_devices: (object 0: Instance 0x5b87883d22e0)
[2026-07-30 13:15:29.532] [info] [gpu] [t3716749] Vulkan Info ({ General }, ID 0: Loader Message):      Original order: (object 0: Instance 0x5b87883d22e0)
[2026-07-30 13:15:29.533] [info] [gpu] [t3716749] Vulkan Info ({ General }, ID 0: Loader Message):            [0] NVIDIA RTX PRO 4000 Blackwell (object 0: Instance 0x5b87883d22e0)
[2026-07-30 13:15:29.533] [info] [gpu] [t3716749] Vulkan Info ({ General }, ID 0: Loader Message):            [1] llvmpipe (LLVM 21.1.8, 256 bits) (object 0: Instance 0x5b87883d22e0)
[2026-07-30 13:15:29.533] [info] [gpu] [t3716749] Vulkan Info ({ General }, ID 0: Loader Message):      Sorted order: (object 0: Instance 0x5b87883d22e0)
[2026-07-30 13:15:29.533] [info] [gpu] [t3716749] Vulkan Info ({ General }, ID 0: Loader Message):            [0] NVIDIA RTX PRO 4000 Blackwell   (object 0: Instance 0x5b87883d22e0)
[2026-07-30 13:15:29.533] [info] [gpu] [t3716749] Vulkan Info ({ General }, ID 0: Loader Message):            [1] llvmpipe (LLVM 21.1.8, 256 bits)   (object 0: Instance 0x5b87883d22e0)
[2026-07-30 13:15:29.533] [info] [gpu] [t3716749] Vulkan Info ({ General }, ID 0: Loader Message): linux_read_sorted_physical_devices: (object 0: Instance 0x5b87883d22e0)
[2026-07-30 13:15:29.533] [info] [gpu] [t3716749] Vulkan Info ({ General }, ID 0: Loader Message):      Original order: (object 0: Instance 0x5b87883d22e0)
[2026-07-30 13:15:29.533] [info] [gpu] [t3716749] Vulkan Info ({ General }, ID 0: Loader Message):            [0] NVIDIA RTX PRO 4000 Blackwell (object 0: Instance 0x5b87883d22e0)
[2026-07-30 13:15:29.533] [info] [gpu] [t3716749] Vulkan Info ({ General }, ID 0: Loader Message):            [1] llvmpipe (LLVM 21.1.8, 256 bits) (object 0: Instance 0x5b87883d22e0)
[2026-07-30 13:15:29.533] [info] [gpu] [t3716749] Vulkan Info ({ General }, ID 0: Loader Message):      Sorted order: (object 0: Instance 0x5b87883d22e0)
[2026-07-30 13:15:29.533] [info] [gpu] [t3716749] Vulkan Info ({ General }, ID 0: Loader Message):            [0] NVIDIA RTX PRO 4000 Blackwell   (object 0: Instance 0x5b87883d22e0)
[2026-07-30 13:15:29.533] [info] [gpu] [t3716749] Vulkan Info ({ General }, ID 0: Loader Message):            [1] llvmpipe (LLVM 21.1.8, 256 bits)   (object 0: Instance 0x5b87883d22e0)
[2026-07-30 13:15:29.533] [debug] [gpu] [t3716749] Vulkan Verbose ({ General }, ID 0: Loader Message): Copying old device 0 into new device 0 (object 0: Instance 0x5b87883d22e0)
[2026-07-30 13:15:29.533] [debug] [gpu] [t3716749] Vulkan Verbose ({ General }, ID 0: Loader Message): Copying old device 1 into new device 1 (object 0: Instance 0x5b87883d22e0)
[2026-07-30 13:15:29.533] [info] [gpu] [t3716749] Vulkan Info ({ General }, ID 0: Loader Message): linux_read_sorted_physical_devices: (object 0: Instance 0x5b87883d22e0)
[2026-07-30 13:15:29.533] [info] [gpu] [t3716749] Vulkan Info ({ General }, ID 0: Loader Message):      Original order: (object 0: Instance 0x5b87883d22e0)
[2026-07-30 13:15:29.533] [info] [gpu] [t3716749] Vulkan Info ({ General }, ID 0: Loader Message):            [0] NVIDIA RTX PRO 4000 Blackwell (object 0: Instance 0x5b87883d22e0)
[2026-07-30 13:15:29.533] [info] [gpu] [t3716749] Vulkan Info ({ General }, ID 0: Loader Message):            [1] llvmpipe (LLVM 21.1.8, 256 bits) (object 0: Instance 0x5b87883d22e0)
[2026-07-30 13:15:29.533] [info] [gpu] [t3716749] Vulkan Info ({ General }, ID 0: Loader Message):      Sorted order: (object 0: Instance 0x5b87883d22e0)
[2026-07-30 13:15:29.533] [info] [gpu] [t3716749] Vulkan Info ({ General }, ID 0: Loader Message):            [0] NVIDIA RTX PRO 4000 Blackwell   (object 0: Instance 0x5b87883d22e0)
[2026-07-30 13:15:29.533] [info] [gpu] [t3716749] Vulkan Info ({ General }, ID 0: Loader Message):            [1] llvmpipe (LLVM 21.1.8, 256 bits)   (object 0: Instance 0x5b87883d22e0)
[2026-07-30 13:15:29.533] [debug] [gpu] [t3716749] Vulkan Verbose ({ General }, ID 0: Loader Message): Copying old device 0 into new device 0 (object 0: Instance 0x5b87883d22e0)
[2026-07-30 13:15:29.533] [debug] [gpu] [t3716749] Vulkan Verbose ({ General }, ID 0: Loader Message): Copying old device 1 into new device 1 (object 0: Instance 0x5b87883d22e0)
[2026-07-30 13:15:29.533] [info] [gpu] [t3716749] Vulkan Info ({ General }, ID 0: Loader Message): linux_read_sorted_physical_devices: (object 0: Instance 0x5b87883d22e0)
[2026-07-30 13:15:29.533] [info] [gpu] [t3716749] Vulkan Info ({ General }, ID 0: Loader Message):      Original order: (object 0: Instance 0x5b87883d22e0)
[2026-07-30 13:15:29.533] [info] [gpu] [t3716749] Vulkan Info ({ General }, ID 0: Loader Message):            [0] NVIDIA RTX PRO 4000 Blackwell (object 0: Instance 0x5b87883d22e0)
[2026-07-30 13:15:29.533] [info] [gpu] [t3716749] Vulkan Info ({ General }, ID 0: Loader Message):            [1] llvmpipe (LLVM 21.1.8, 256 bits) (object 0: Instance 0x5b87883d22e0)
[2026-07-30 13:15:29.533] [info] [gpu] [t3716749] Vulkan Info ({ General }, ID 0: Loader Message):      Sorted order: (object 0: Instance 0x5b87883d22e0)
[2026-07-30 13:15:29.533] [info] [gpu] [t3716749] Vulkan Info ({ General }, ID 0: Loader Message):            [0] NVIDIA RTX PRO 4000 Blackwell   (object 0: Instance 0x5b87883d22e0)
[2026-07-30 13:15:29.533] [info] [gpu] [t3716749] Vulkan Info ({ General }, ID 0: Loader Message):            [1] llvmpipe (LLVM 21.1.8, 256 bits)   (object 0: Instance 0x5b87883d22e0)
[2026-07-30 13:15:29.533] [debug] [gpu] [t3716749] Vulkan Verbose ({ General }, ID 0: Loader Message): Copying old device 0 into new device 0 (object 0: Instance 0x5b87883d22e0)
[2026-07-30 13:15:29.533] [debug] [gpu] [t3716749] Vulkan Verbose ({ General }, ID 0: Loader Message): Copying old device 1 into new device 1 (object 0: Instance 0x5b87883d22e0)
[2026-07-30 13:15:29.533] [info] [gpu] [t3716749] Vulkan Info ({ General }, ID 0: Loader Message): Removing driver /usr/lib/x86_64-linux-gnu/libvulkan_asahi.so due to not having any physical devices (object 0: Instance 0x5b87883d22e0)
[2026-07-30 13:15:29.534] [info] [gpu] [t3716749] Vulkan Info ({ General }, ID 0: Loader Message): Removing driver /usr/lib/x86_64-linux-gnu/libvulkan_gfxstream.so due to not having any physical devices (object 0: Instance 0x5b87883d22e0)
[2026-07-30 13:15:29.534] [info] [gpu] [t3716749] Vulkan Info ({ General }, ID 0: Loader Message): Removing driver /usr/lib/x86_64-linux-gnu/libvulkan_intel_hasvk.so due to not having any physical devices (object 0: Instance 0x5b87883d22e0)
[2026-07-30 13:15:29.534] [info] [gpu] [t3716749] Vulkan Info ({ General }, ID 0: Loader Message): Removing driver /usr/lib/x86_64-linux-gnu/libvulkan_nouveau.so due to not having any physical devices (object 0: Instance 0x5b87883d22e0)
[2026-07-30 13:15:29.534] [info] [gpu] [t3716749] Vulkan Info ({ General }, ID 0: Loader Message): Removing driver /usr/lib/x86_64-linux-gnu/libvulkan_intel.so due to not having any physical devices (object 0: Instance 0x5b87883d22e0)
[2026-07-30 13:15:29.534] [info] [gpu] [t3716749] Vulkan Info ({ General }, ID 0: Loader Message): Removing driver /usr/lib/x86_64-linux-gnu/libvulkan_radeon.so due to not having any physical devices (object 0: Instance 0x5b87883d22e0)
[2026-07-30 13:15:29.534] [info] [gpu] [t3716749] Vulkan Info ({ General }, ID 0: Loader Message): Removing driver /usr/lib/x86_64-linux-gnu/libvulkan_virtio.so due to not having any physical devices (object 0: Instance 0x5b87883d22e0)
[2026-07-30 13:15:29.534] [warning] [core] [t3716749] Available Vulkan physical devices (use the 'vulkan_device' configuration variable to force a specific device):
[2026-07-30 13:15:29.534] [warning] [core] [t3716749] * 0: NVIDIA RTX PRO 4000 Blackwell
[2026-07-30 13:15:29.534] [warning] [core] [t3716749] * 1: llvmpipe (LLVM 21.1.8, 256 bits)
[2026-07-30 13:15:29.534] [info] [core] [t3716749] Vulkan device 'NVIDIA RTX PRO 4000 Blackwell': API 1.4.329, vendor 0x10DE, device 0x2C34, driver version 0x94D50000
[2026-07-30 13:15:29.534] [info] [core] [t3716749] Enabled Vulkan device extensions:
[2026-07-30 13:15:29.534] [info] [core] [t3716749] * VK_KHR_swapchain
[2026-07-30 13:15:29.534] [info] [core] [t3716749] * VK_EXT_custom_border_color
[2026-07-30 13:15:29.534] [info] [core] [t3716749] * VK_EXT_fragment_shader_interlock
[2026-07-30 13:15:29.534] [info] [core] [t3716749] * VK_EXT_memory_budget
[2026-07-30 13:15:29.534] [info] [core] [t3716749] * VK_EXT_non_seamless_cube_map
[2026-07-30 13:15:29.534] [info] [core] [t3716749] * VK_EXT_robustness2
[2026-07-30 13:15:29.534] [info] [core] [t3716749] Vulkan device properties and enabled features:
[2026-07-30 13:15:29.534] [info] [core] [t3716749] * driverID: NvidiaProprietary
[2026-07-30 13:15:29.534] [info] [core] [t3716749] * driverName: NVIDIA
[2026-07-30 13:15:29.534] [info] [core] [t3716749] * driverInfo: 595.84
[2026-07-30 13:15:29.534] [info] [core] [t3716749] * conformanceVersion: 1.4.3.3
[2026-07-30 13:15:29.534] [info] [core] [t3716749] * maxImageDimension2D: 32768
[2026-07-30 13:15:29.534] [info] [core] [t3716749] * maxImageDimension3D: 16384
[2026-07-30 13:15:29.534] [info] [core] [t3716749] * maxImageDimensionCube: 32768
[2026-07-30 13:15:29.534] [info] [core] [t3716749] * maxImageArrayLayers: 2048
[2026-07-30 13:15:29.534] [info] [core] [t3716749] * maxStorageBufferRange: 4294967295
[2026-07-30 13:15:29.534] [info] [core] [t3716749] * maxSamplerAllocationCount: 4000
[2026-07-30 13:15:29.534] [info] [core] [t3716749] * maxPerStageDescriptorSamplers: 1048576
[2026-07-30 13:15:29.534] [info] [core] [t3716749] * maxPerStageDescriptorStorageBuffers: 1048576
[2026-07-30 13:15:29.534] [info] [core] [t3716749] * maxPerStageDescriptorSampledImages: 1048576
[2026-07-30 13:15:29.534] [info] [core] [t3716749] * maxPerStageResources: 4294967295
[2026-07-30 13:15:29.534] [info] [core] [t3716749] * maxVertexOutputComponents: 128
[2026-07-30 13:15:29.534] [info] [core] [t3716749] * maxTessellationEvaluationOutputComponents: 128
[2026-07-30 13:15:29.534] [info] [core] [t3716749] * maxGeometryInputComponents: 128
[2026-07-30 13:15:29.534] [info] [core] [t3716749] * maxGeometryOutputComponents: 128
[2026-07-30 13:15:29.534] [info] [core] [t3716749] * maxFragmentInputComponents: 128
[2026-07-30 13:15:29.534] [info] [core] [t3716749] * maxFragmentCombinedOutputResources: 4294967295
[2026-07-30 13:15:29.534] [info] [core] [t3716749] * maxSamplerAnisotropy: 16
[2026-07-30 13:15:29.534] [info] [core] [t3716749] * maxViewportDimensions[0]: 32768
[2026-07-30 13:15:29.534] [info] [core] [t3716749] * maxViewportDimensions[1]: 32768
[2026-07-30 13:15:29.534] [info] [core] [t3716749] * minUniformBufferOffsetAlignment: 64
[2026-07-30 13:15:29.534] [info] [core] [t3716749] * minStorageBufferOffsetAlignment: 16
[2026-07-30 13:15:29.534] [info] [core] [t3716749] * maxFramebufferWidth: 32768
[2026-07-30 13:15:29.534] [info] [core] [t3716749] * maxFramebufferHeight: 32768
[2026-07-30 13:15:29.534] [info] [core] [t3716749] * framebufferColorSampleCounts: { 1 | 2 | 4 | 8 }
[2026-07-30 13:15:29.534] [info] [core] [t3716749] * framebufferDepthSampleCounts: { 1 | 2 | 4 | 8 }
[2026-07-30 13:15:29.534] [info] [core] [t3716749] * framebufferStencilSampleCounts: { 1 | 2 | 4 | 8 | 16 }
[2026-07-30 13:15:29.534] [info] [core] [t3716749] * framebufferNoAttachmentsSampleCounts: { 1 | 2 | 4 | 8 | 16 }
[2026-07-30 13:15:29.534] [info] [core] [t3716749] * sampledImageColorSampleCounts: { 1 | 2 | 4 | 8 }
[2026-07-30 13:15:29.534] [info] [core] [t3716749] * sampledImageIntegerSampleCounts: { 1 | 2 | 4 | 8 }
[2026-07-30 13:15:29.534] [info] [core] [t3716749] * sampledImageDepthSampleCounts: { 1 | 2 | 4 | 8 }
[2026-07-30 13:15:29.534] [info] [core] [t3716749] * sampledImageStencilSampleCounts: { 1 | 2 | 4 | 8 | 16 }
[2026-07-30 13:15:29.534] [info] [core] [t3716749] * standardSampleLocations: 1
[2026-07-30 13:15:29.534] [info] [core] [t3716749] * optimalBufferCopyOffsetAlignment: 1
[2026-07-30 13:15:29.534] [info] [core] [t3716749] * optimalBufferCopyRowPitchAlignment: 1
[2026-07-30 13:15:29.534] [info] [core] [t3716749] * nonCoherentAtomSize: 64
[2026-07-30 13:15:29.534] [info] [core] [t3716749] * robustBufferAccess
[2026-07-30 13:15:29.534] [info] [core] [t3716749] * fullDrawIndexUint32
[2026-07-30 13:15:29.534] [info] [core] [t3716749] * independentBlend
[2026-07-30 13:15:29.534] [info] [core] [t3716749] * geometryShader
[2026-07-30 13:15:29.534] [info] [core] [t3716749] * tessellationShader
[2026-07-30 13:15:29.534] [info] [core] [t3716749] * sampleRateShading
[2026-07-30 13:15:29.534] [info] [core] [t3716749] * depthClamp
[2026-07-30 13:15:29.534] [info] [core] [t3716749] * fillModeNonSolid
[2026-07-30 13:15:29.534] [info] [core] [t3716749] * samplerAnisotropy
[2026-07-30 13:15:29.534] [info] [core] [t3716749] * occlusionQueryPrecise
[2026-07-30 13:15:29.534] [info] [core] [t3716749] * vertexPipelineStoresAndAtomics
[2026-07-30 13:15:29.534] [info] [core] [t3716749] * fragmentStoresAndAtomics
[2026-07-30 13:15:29.534] [info] [core] [t3716749] * shaderClipDistance
[2026-07-30 13:15:29.534] [info] [core] [t3716749] * shaderCullDistance
[2026-07-30 13:15:29.534] [info] [core] [t3716749] * sparseBinding
[2026-07-30 13:15:29.534] [info] [core] [t3716749] * sparseResidencyBuffer
[2026-07-30 13:15:29.534] [info] [core] [t3716749] * samplerMirrorClampToEdge
[2026-07-30 13:15:29.534] [info] [core] [t3716749] * uniformBufferStandardLayout
[2026-07-30 13:15:29.534] [info] [core] [t3716749] * scalarBlockLayout
[2026-07-30 13:15:29.534] [info] [core] [t3716749] * shaderDemoteToHelperInvocation
[2026-07-30 13:15:29.534] [info] [core] [t3716749] * dynamicRendering
[2026-07-30 13:15:29.534] [info] [core] [t3716749] * constantAlphaColorBlendFactors
[2026-07-30 13:15:29.534] [info] [core] [t3716749] * imageViewFormatReinterpretation
[2026-07-30 13:15:29.534] [info] [core] [t3716749] * imageViewFormatSwizzle
[2026-07-30 13:15:29.534] [info] [core] [t3716749] * pointPolygons
[2026-07-30 13:15:29.534] [info] [core] [t3716749] * separateStencilMaskRef
[2026-07-30 13:15:29.534] [info] [core] [t3716749] * shaderSampleRateInterpolationFunctions
[2026-07-30 13:15:29.534] [info] [core] [t3716749] * shaderSignedZeroInfNanPreserveFloat32: 1
[2026-07-30 13:15:29.534] [info] [core] [t3716749] * shaderDenormFlushToZeroFloat32: 0
[2026-07-30 13:15:29.534] [info] [core] [t3716749] * shaderRoundingModeRTEFloat32: 1
[2026-07-30 13:15:29.534] [info] [core] [t3716749] * fragmentShaderSampleInterlock
[2026-07-30 13:15:29.534] [info] [core] [t3716749] * fragmentShaderPixelInterlock
[2026-07-30 13:15:29.534] [info] [core] [t3716749] * nonSeamlessCubeMap
[2026-07-30 13:15:29.535] [info] [core] [t3716749] * customBorderColors
[2026-07-30 13:15:29.535] [info] [core] [t3716749] * customBorderColorWithoutFormat
[2026-07-30 13:15:29.535] [info] [core] [t3716749] * maxCustomBorderColorSamplers: 4000
[2026-07-30 13:15:29.535] [info] [core] [t3716749] * nullDescriptor
[2026-07-30 13:15:29.535] [info] [gpu] [t3716749] Vulkan Info ({ General }, ID 0: Loader Message): Failed to find vkGetDeviceProcAddr in layer "/usr/lib/x86_64-linux-gnu/libVkLayer_MESA_device_select.so" (object 0: Instance 0x5b87883d22e0)
[2026-07-30 13:15:29.535] [info] [gpu] [t3716749] Vulkan Info ({ General }, ID 0: Loader Message): vkCreateDevice layer callstack setup to: (object 0: Instance 0x5b87883d22e0)
[2026-07-30 13:15:29.535] [info] [gpu] [t3716749] Vulkan Info ({ General }, ID 0: Loader Message):    <Application> (object 0: Instance 0x5b87883d22e0)
[2026-07-30 13:15:29.535] [info] [gpu] [t3716749] Vulkan Info ({ General }, ID 0: Loader Message):      || (object 0: Instance 0x5b87883d22e0)
[2026-07-30 13:15:29.535] [info] [gpu] [t3716749] Vulkan Info ({ General }, ID 0: Loader Message):    <Loader> (object 0: Instance 0x5b87883d22e0)
[2026-07-30 13:15:29.535] [info] [gpu] [t3716749] Vulkan Info ({ General }, ID 0: Loader Message):      || (object 0: Instance 0x5b87883d22e0)
[2026-07-30 13:15:29.535] [info] [gpu] [t3716749] Vulkan Info ({ General }, ID 0: Loader Message):    <Device> (object 0: Instance 0x5b87883d22e0)
[2026-07-30 13:15:29.535] [info] [gpu] [t3716749] Vulkan Info ({ General }, ID 0: Loader Message):        Using "NVIDIA RTX PRO 4000 Blackwell" with driver: "/usr/lib/x86_64-linux-gnu/libGLX_nvidia.so.595.84" (object 0: Instance 0x5b87883d22e0)
[2026-07-30 13:15:29.727] [debug] [sys] [t3716749] Added handle:F8000010 for N3rex6system7XObjectE
[2026-07-30 13:15:29.728] [debug] [sys] [t3716749] XThreadF8000010 (2) Stack: 70050000-70070000
[2026-07-30 13:15:29.728] [info] [sys] [t3716764] XThread::Execute thid 2 (handle=F8000010, 'GPU Commands (F8000010)', native=1A5FF6C0, <host>)
[2026-07-30 13:15:29.728] [debug] [sys] [t3716749] Added handle:F8000014 for N3rex6system7XObjectE
[2026-07-30 13:15:29.728] [debug] [sys] [t3716749] XThreadF8000014 (3) Stack: 70090000-700B0000
[2026-07-30 13:15:29.729] [info] [sys] [t3716749] GPU system initialized (presentation=true)
[2026-07-30 13:15:29.729] [info] [sys] [t3716749] Runtime initialized successfully
[2026-07-30 13:15:29.729] [debug] [sys] [t3716749] Initializing function table at 82AA0000, size 006CFFF0 for code 82090000-823E7FF8 (+00010000 thunk reserve)
[2026-07-30 13:15:29.729] [info] [sys] [t3716765] XThread::Execute thid 3 (handle=F8000014, 'GPU VSync (F8000014)', native=195FE6C0, <host>)
[2026-07-30 13:15:29.735] [info] [core] [t3716749] Function table initialized for module: code=82090000-823E7FF8, image=82000000-82AA0000
[2026-07-30 13:15:29.741] [debug] [sys] [t3716749] Registered 23797 recompiled functions
[2026-07-30 13:15:29.741] [debug] [sys] [t3716749] Runtime setup for recompiled code complete (code: 82090000-823E7FF8)
[2026-07-30 13:15:29.741] [info] [sys] [t3716749] Loading XEX image: game:\default.xex
[2026-07-30 13:15:29.741] [debug] [sys] [t3716749] Added handle:F8000018 for N3rex6system7XObjectE
[2026-07-30 13:15:29.799] [debug] [core] [t3716749] created symbols for import library xam with 88 imports
[2026-07-30 13:15:29.799] [debug] [core] [t3716749] Patched variable import xboxkrnl:0x158 (XboxKrnlVersion) -> 0x30009000
[2026-07-30 13:15:29.799] [debug] [core] [t3716749] Patched variable import xboxkrnl:0x1c0 (VdGpuClockInMHz) -> 0xffcac000
[2026-07-30 13:15:29.799] [debug] [core] [t3716749] Patched variable import xboxkrnl:0x1c1 (VdHSIOCalibrationLock) -> 0xffcab000
[2026-07-30 13:15:29.799] [debug] [core] [t3716749] Patched variable import xboxkrnl:0x1be (VdGlobalDevice) -> 0xffcae000
[2026-07-30 13:15:29.799] [debug] [core] [t3716749] Patched variable import xboxkrnl:0x266 (KeCertMonitorData) -> 0x30003000
[2026-07-30 13:15:29.799] [debug] [core] [t3716749] Patched variable import xboxkrnl:0x193 (XexExecutableModuleHandle) -> 0x30006000
[2026-07-30 13:15:29.799] [debug] [core] [t3716749] Patched variable import xboxkrnl:0x1ae (ExLoadedCommandLine) -> 0x30008000
[2026-07-30 13:15:29.800] [debug] [core] [t3716749] Patched variable import xboxkrnl:0x59 (KeDebugMonitorData) -> 0x30002000
[2026-07-30 13:15:29.800] [debug] [core] [t3716749] Patched variable import xboxkrnl:0x1b (ExThreadObjectType) -> 0x30000000
[2026-07-30 13:15:29.800] [debug] [core] [t3716749] Patched variable import xboxkrnl:0xad (KeTimeStampBundle) -> 0x3000a000
[2026-07-30 13:15:29.800] [debug] [core] [t3716749] created symbols for import library xboxkrnl with 163 imports
[2026-07-30 13:15:29.800] [debug] [sys] [t3716749] Added handle:F800001C for N3rex6system7XObjectE
[2026-07-30 13:15:29.801] [debug] [sys] [t3716749] XThreadF800001C (4) Stack: 700D0000-700F0000
[2026-07-30 13:15:29.801] [debug] [sys] [t3716749]   XEX image loaded successfully
[2026-07-30 13:15:29.801] [info] [sys] [t3716766] XThread::Execute thid 4 (handle=F800001C, 'Kernel Dispatch (F800001C)', native=FBFFF6C0, <host>)
[2026-07-30 13:15:29.802] [info] [krnl] [t3716749] rexcrt_heap: added segment guest=0x20000000-0x30000000 size=256MB
[2026-07-30 13:15:29.802] [info] [krnl] [t3716749] rexcrt_heap: initialized with 1 segment(s), capacity=255MB
[2026-07-30 13:15:29.802] [info] [core] [t3716749] Ac6recompApp::OnPostSetup
[2026-07-30 13:15:29.802] [info] [core] [t3716749] Ac6recompApp: Native frame boundary callback registered
[2026-07-30 13:15:29.843] [info] [gpu] [t3716764] VulkanTextureCache: Format k_Cr_Y1_Cb_Y0_REP (unsigned) is supported via a fallback format (using the Vulkan format 37 instead of the preferred 1000156000)
[2026-07-30 13:15:29.843] [info] [gpu] [t3716764] VulkanTextureCache: Format k_Y1_Cr_Y0_Cb_REP (unsigned) is supported via a fallback format (using the Vulkan format 37 instead of the preferred 1000156001)
[2026-07-30 13:15:29.857] [warning] [core] [t3716749] SDL GameControllerDB: file 'gamecontrollerdb.txt' does not exist.
[2026-07-30 13:15:29.857] [info] [core] [t3716749] SDL input driver initialized successfully
[2026-07-30 13:15:29.909] [info] [core] [t3716749] Ac6recompApp::OnCreateDialogs
[2026-07-30 13:15:29.997] [info] [core] [t3716749] VulkanPresenter: Created 1920x1080 swapchain with format 44, color space 0, presentation mode 0
[2026-07-30 13:15:30.031] [info] [sys] [t3716749] KernelState: Launching module...
[2026-07-30 13:15:30.031] [debug] [sys] [t3716749] Added handle:F8000020 for N3rex6system7XObjectE
[2026-07-30 13:15:30.031] [debug] [sys] [t3716749] XThreadF8000020 (5) Stack: 70110000-70150000
[2026-07-30 13:15:30.032] [debug] [sys] [t3716749]   Module launched on thread ''
[2026-07-30 13:15:30.032] [debug] [sys] [t3716795] Execute thid 5 (handle=F8000020, 'Main XThread (F8000020)', native=93FFF6C0)
[2026-07-30 13:15:30.032] [info] [core] [t3716749] Shader disk cache: initializing for title 4E4D07D1 at /fastdata/lavaulta/auto-re-agent/.tools/ac6-recomp-reference/cache
[2026-07-30 13:15:30.032] [debug] [sys] [t3716795] XThread::Execute - Calling function at 821F5E90
[2026-07-30 13:15:30.035] [info] [gpu] [t3716764] Creating graphics pipeline state with VS 0A6D1DD7767FDF27, PS 2E372EA28CC404B7
[2026-07-30 13:15:30.036] [info] [gpu] [t3716764] Created 1 graphics pipelines from Vulkan storage (1 requested)
[2026-07-30 13:15:30.037] [debug] [sys] [t3716795] Added handle:F8000024 for N3rex6system7XObjectE
[2026-07-30 13:15:30.037] [debug] [sys] [t3716795] Added handle:F8000028 for N3rex6system7XObjectE
[2026-07-30 13:15:30.038] [debug] [sys] [t3716795] XThreadF8000028 (6) Stack: 70170000-701B0000
[2026-07-30 13:15:30.038] [debug] [sys] [t3716795] Added handle:F800002C for N3rex6system7XObjectE
[2026-07-30 13:15:30.038] [debug] [sys] [t3716795] Added handle:F8000030 for N3rex6system7XObjectE
[2026-07-30 13:15:30.038] [debug] [sys] [t3716795] Added handle:F8000034 for N3rex6system7XObjectE
[2026-07-30 13:15:30.038] [debug] [sys] [t3716798] Execute thid 6 (handle=F8000028, 'XThread92FFE6C0 (F8000028)', native=92FFE6C0)
[2026-07-30 13:15:30.038] [debug] [sys] [t3716798] XThread::Execute - Calling function at 821F7FC8
[2026-07-30 13:15:30.039] [debug] [sys] [t3716795] XThreadF8000034 (7) Stack: 701D0000-70210000
[2026-07-30 13:15:30.039] [debug] [sys] [t3716795] Added handle:F8000038 for N3rex6system7XObjectE
[2026-07-30 13:15:30.039] [debug] [sys] [t3716795] Added handle:F800003C for N3rex6system7XObjectE
[2026-07-30 13:15:30.039] [debug] [sys] [t3716795] Added handle:F8000040 for N3rex6system7XObjectE
[2026-07-30 13:15:30.039] [debug] [sys] [t3716799] Execute thid 7 (handle=F8000034, 'XThread91FFD6C0 (F8000034)', native=91FFD6C0)
[2026-07-30 13:15:30.039] [debug] [sys] [t3716799] XThread::Execute - Calling function at 821F7FC8
[2026-07-30 13:15:30.040] [debug] [sys] [t3716795] XThreadF8000040 (8) Stack: 70230000-70270000
[2026-07-30 13:15:30.040] [debug] [sys] [t3716795] Added handle:F8000044 for N3rex6system7XObjectE
[2026-07-30 13:15:30.040] [debug] [sys] [t3716795] Added handle:F8000048 for N3rex6system7XObjectE
[2026-07-30 13:15:30.040] [debug] [sys] [t3716795] Added handle:F800004C for N3rex6system7XObjectE
[2026-07-30 13:15:30.040] [debug] [sys] [t3716800] Execute thid 8 (handle=F8000040, 'XThread7FFFF6C0 (F8000040)', native=7FFFF6C0)
[2026-07-30 13:15:30.040] [debug] [sys] [t3716800] XThread::Execute - Calling function at 821F7FC8
[2026-07-30 13:15:30.041] [debug] [sys] [t3716795] XThreadF800004C (9) Stack: 70290000-702D0000
[2026-07-30 13:15:30.041] [debug] [sys] [t3716795] Added handle:F8000050 for N3rex6system7XObjectE
[2026-07-30 13:15:30.041] [debug] [sys] [t3716795] Added handle:F8000054 for N3rex6system7XObjectE
[2026-07-30 13:15:30.041] [debug] [sys] [t3716795] Added handle:F8000058 for N3rex6system7XObjectE
[2026-07-30 13:15:30.041] [debug] [sys] [t3716801] Execute thid 9 (handle=F800004C, 'XThread7EFFE6C0 (F800004C)', native=7EFFE6C0)
[2026-07-30 13:15:30.041] [debug] [sys] [t3716801] XThread::Execute - Calling function at 821F7FC8
[2026-07-30 13:15:30.042] [debug] [sys] [t3716795] XThreadF8000058 (A) Stack: 702F0000-70330000
[2026-07-30 13:15:30.042] [debug] [sys] [t3716795] Added handle:F800005C for N3rex6system7XObjectE
[2026-07-30 13:15:30.042] [debug] [sys] [t3716795] Added handle:F8000060 for N3rex6system7XObjectE
[2026-07-30 13:15:30.042] [debug] [sys] [t3716795] Added handle:F8000064 for N3rex6system7XObjectE
[2026-07-30 13:15:30.042] [debug] [sys] [t3716802] Execute thid 10 (handle=F8000058, 'XThread7DFFD6C0 (F8000058)', native=7DFFD6C0)
[2026-07-30 13:15:30.043] [debug] [sys] [t3716802] XThread::Execute - Calling function at 821F7FC8
[2026-07-30 13:15:30.043] [debug] [sys] [t3716795] XThreadF8000064 (B) Stack: 70350000-70390000
[2026-07-30 13:15:30.043] [debug] [sys] [t3716795] Added handle:F8000068 for N3rex6system7XObjectE
[2026-07-30 13:15:30.043] [debug] [sys] [t3716795] Added handle:F800006C for N3rex6system7XObjectE
[2026-07-30 13:15:30.044] [debug] [sys] [t3716795] Added handle:F8000070 for N3rex6system7XObjectE
[2026-07-30 13:15:30.044] [debug] [sys] [t3716803] Execute thid 11 (handle=F8000064, 'XThread6BFFF6C0 (F8000064)', native=6BFFF6C0)
[2026-07-30 13:15:30.044] [debug] [sys] [t3716803] XThread::Execute - Calling function at 821F7FC8
[2026-07-30 13:15:30.044] [debug] [sys] [t3716795] XThreadF8000070 (C) Stack: 703B0000-703F0000
[2026-07-30 13:15:30.044] [debug] [sys] [t3716795] Added handle:F8000074 for N3rex6system7XObjectE
[2026-07-30 13:15:30.044] [debug] [sys] [t3716795] Added handle:F8000078 for N3rex6system7XObjectE
[2026-07-30 13:15:30.045] [debug] [sys] [t3716795] Added handle:F800007C for N3rex6system7XObjectE
[2026-07-30 13:15:30.045] [debug] [sys] [t3716804] Execute thid 12 (handle=F8000070, 'XThread6AFFE6C0 (F8000070)', native=6AFFE6C0)
[2026-07-30 13:15:30.045] [debug] [sys] [t3716804] XThread::Execute - Calling function at 821F7FC8
[2026-07-30 13:15:30.045] [debug] [sys] [t3716795] XThreadF800007C (D) Stack: 70410000-70450000
[2026-07-30 13:15:30.045] [debug] [sys] [t3716795] Added handle:F8000080 for N3rex6system7XObjectE
[2026-07-30 13:15:30.045] [debug] [sys] [t3716795] Added handle:F8000084 for N3rex6system7XObjectE
[2026-07-30 13:15:30.046] [debug] [sys] [t3716805] Execute thid 13 (handle=F800007C, 'XThread69FFD6C0 (F800007C)', native=69FFD6C0)
[2026-07-30 13:15:30.046] [debug] [sys] [t3716805] XThread::Execute - Calling function at 821F7FC8
[2026-07-30 13:15:30.047] [debug] [sys] [t3716795] Added handle:F8000088 for N3rex6system7XObjectE
[2026-07-30 13:15:30.047] [debug] [sys] [t3716795] Added handle:F800008C for N3rex6system7XObjectE
[2026-07-30 13:15:30.047] [debug] [sys] [t3716795] Added handle:F8000090 for N3rex6system7XObjectE
[2026-07-30 13:15:30.047] [debug] [sys] [t3716795] Added handle:F8000094 for N3rex6system7XObjectE
[2026-07-30 13:15:30.047] [debug] [sys] [t3716795] Added handle:F8000098 for N3rex6system7XObjectE
[2026-07-30 13:15:30.048] [debug] [sys] [t3716795] XThreadF8000098 (E) Stack: 70470000-704B0000
[2026-07-30 13:15:30.048] [debug] [sys] [t3716795] Added handle:F800009C for N3rex6system7XObjectE
[2026-07-30 13:15:30.048] [debug] [sys] [t3716806] Execute thid 14 (handle=F8000098, 'XThread5BFFF6C0 (F8000098)', native=5BFFF6C0)
[2026-07-30 13:15:30.048] [debug] [sys] [t3716795] Added handle:F80000A0 for N3rex6system7XObjectE
[2026-07-30 13:15:30.048] [debug] [sys] [t3716806] XThread::Execute - Calling function at 821F7FC8
[2026-07-30 13:15:30.049] [debug] [sys] [t3716795] XThreadF80000A0 (F) Stack: 704D0000-70510000
[2026-07-30 13:15:30.049] [debug] [sys] [t3716795] Added handle:F80000A4 for N3rex6system7XObjectE
[2026-07-30 13:15:30.049] [debug] [sys] [t3716795] Added handle:F80000A8 for N3rex6system7XObjectE
[2026-07-30 13:15:30.049] [debug] [sys] [t3716807] Execute thid 15 (handle=F80000A0, 'XThread5AFFE6C0 (F80000A0)', native=5AFFE6C0)
[2026-07-30 13:15:30.049] [debug] [sys] [t3716807] XThread::Execute - Calling function at 821F7FC8
[2026-07-30 13:15:30.049] [debug] [sys] [t3716795] Added handle:F80000AC for N3rex6system7XObjectE
[2026-07-30 13:15:30.049] [debug] [sys] [t3716795] XThreadF80000AC (10) Stack: 70530000-70570000
[2026-07-30 13:15:30.050] [debug] [sys] [t3716795] Added handle:F80000B0 for N3rex6system7XObjectE
[2026-07-30 13:15:30.050] [debug] [sys] [t3716808] Execute thid 16 (handle=F80000AC, 'XThread59FFD6C0 (F80000AC)', native=59FFD6C0)
[2026-07-30 13:15:30.050] [debug] [sys] [t3716795] Added handle:F80000B4 for N3rex6system7XObjectE
[2026-07-30 13:15:30.050] [debug] [sys] [t3716795] Added handle:F80000B8 for N3rex6system7XObjectE
[2026-07-30 13:15:30.050] [debug] [sys] [t3716808] XThread::Execute - Calling function at 821F7FC8
[2026-07-30 13:15:30.050] [debug] [sys] [t3716795] XThreadF80000B8 (11) Stack: 70590000-705A0000
[2026-07-30 13:15:30.051] [debug] [sys] [t3716795] Added handle:F80000BC for N3rex6system7XObjectE
[2026-07-30 13:15:30.051] [debug] [sys] [t3716809] Execute thid 17 (handle=F80000B8, 'XThread4BFFF6C0 (F80000B8)', native=4BFFF6C0)
[2026-07-30 13:15:30.051] [debug] [sys] [t3716809] XThread::Execute - Calling function at 821F7FC8
[2026-07-30 13:15:30.051] [debug] [sys] [t3716795] XThreadF80000BC (12) Stack: 705C0000-705D0000
[2026-07-30 13:15:30.051] [debug] [sys] [t3716795] Added handle:F80000C0 for N3rex6system7XObjectE
[2026-07-30 13:15:30.051] [debug] [sys] [t3716811] Execute thid 18 (handle=F80000BC, 'XThread4AFFE6C0 (F80000BC)', native=4AFFE6C0)
[2026-07-30 13:15:30.052] [debug] [sys] [t3716811] XThread::Execute - Calling function at 821F7FC8
[2026-07-30 13:15:30.052] [debug] [sys] [t3716795] XThreadF80000C0 (13) Stack: 705F0000-70600000
[2026-07-30 13:15:30.052] [debug] [sys] [t3716813] Execute thid 19 (handle=F80000C0, 'XThread49FFD6C0 (F80000C0)', native=49FFD6C0)
[2026-07-30 13:15:30.052] [debug] [sys] [t3716813] XThread::Execute - Calling function at 821F7FC8
[2026-07-30 13:15:30.052] [info] [gpu] [t3716795] SetInterruptCallback(821E63B0, 40001A00)
[2026-07-30 13:15:30.053] [debug] [sys] [t3716795] Added handle:F80000C4 for N3rex6system7XObjectE
[2026-07-30 13:15:30.054] [debug] [sys] [t3716795] XThreadF80000C4 (14) Stack: 70620000-70630000
[2026-07-30 13:15:30.054] [debug] [sys] [t3716795] Added handle:F80000C8 for N3rex6system7XObjectE
[2026-07-30 13:15:30.054] [debug] [sys] [t3716816] Execute thid 20 (handle=F80000C4, 'XThread3BFFF6C0 (F80000C4)', native=3BFFF6C0)
[2026-07-30 13:15:30.054] [debug] [sys] [t3716816] XThread::Execute - Calling function at 821F7FC8
[2026-07-30 13:15:30.054] [debug] [sys] [t3716816] Added handle:F80000CC for N3rex6system7XObjectE
[2026-07-30 13:15:30.055] [debug] [sys] [t3716795] XThreadF80000C8 (15) Stack: 70650000-70660000
[2026-07-30 13:15:30.055] [debug] [sys] [t3716817] Execute thid 21 (handle=F80000C8, 'XThread3AFFE6C0 (F80000C8)', native=3AFFE6C0)
[2026-07-30 13:15:30.055] [debug] [sys] [t3716817] XThread::Execute - Calling function at 821F7FC8
[2026-07-30 13:15:30.055] [debug] [sys] [t3716817] Added handle:F80000D0 for N3rex6system7XObjectE
[2026-07-30 13:15:30.060] [debug] [sys] [t3716795] Added handle:F80000D4 for N3rex6system7XObjectE
[2026-07-30 13:15:30.060] [debug] [sys] [t3716795] Added handle:F80000D8 for N3rex6system7XObjectE
[2026-07-30 13:15:30.061] [debug] [sys] [t3716795] XThreadF80000D8 (16) Stack: 70680000-70690000
[2026-07-30 13:15:30.061] [debug] [sys] [t3716795] Added handle:F80000DC for N3rex6system7XObjectE
[2026-07-30 13:15:30.061] [debug] [sys] [t3716820] Execute thid 22 (handle=F80000D8, 'XThread39FFD6C0 (F80000D8)', native=39FFD6C0)
[2026-07-30 13:15:30.061] [debug] [sys] [t3716820] XThread::Execute - Calling function at 821F7FC8
[2026-07-30 13:15:30.061] [debug] [sys] [t3716795] Removed handle:F80000DC for N3rex6system10XSemaphoreE
[2026-07-30 13:15:30.061] [info] [core] [t3716795] [AC6-VBLANK] pacing -> 60Hz guest vblank
[2026-07-30 13:15:30.066] [debug] [gpu] [t3716764] Created a 640x1024 4xMSAA color render target with guest format 0 at EDRAM base 0
[2026-07-30 13:15:30.066] [debug] [gpu] [t3716764] Created a 640x1024 4xMSAA depth render target with guest format 1 at EDRAM base 720
[2026-07-30 13:15:30.138] [debug] [gpu] [t3716764] XELOG_GPU PRESENT: swap_texture_view=0x75abfd808840 packet_size=1280x720 src_size=1280x720 src_unscaled=1280x720 guest_output_size=1280x720 format=6
[2026-07-30 13:15:30.410] [debug] [sys] [t3716795] Added handle:F80000DC for N3rex6system7XObjectE
[2026-07-30 13:15:30.411] [info] [krnl] [t3716820] [AC6 PAC] NtCreateFile caller=821F4D30 path=game:\DATA.TBL access=0x80100080 attrs=0x80 share=0x1 disp=0x1 options=0x60
[2026-07-30 13:15:30.411] [debug] [sys] [t3716820] Added handle:F80000E0 for N3rex6system7XObjectE
[2026-07-30 13:15:30.411] [debug] [sys] [t3716795] Removed handle:F80000DC for N3rex6system10XSemaphoreE
[2026-07-30 13:15:30.411] [debug] [sys] [t3716795] Added handle:F80000DC for N3rex6system7XObjectE
[2026-07-30 13:15:30.411] [debug] [sys] [t3716795] Removed handle:F80000DC for N3rex6system10XSemaphoreE
[2026-07-30 13:15:30.411] [debug] [sys] [t3716795] Added handle:F80000DC for N3rex6system7XObjectE
[2026-07-30 13:15:30.411] [debug] [sys] [t3716820] Removed handle:F80000E0 for N3rex6system5XFileE
[2026-07-30 13:15:30.411] [debug] [sys] [t3716795] Removed handle:F80000DC for N3rex6system10XSemaphoreE
[2026-07-30 13:15:30.411] [debug] [sys] [t3716795] Added handle:F80000DC for N3rex6system7XObjectE
[2026-07-30 13:15:30.411] [info] [krnl] [t3716820] [AC6 PAC] NtCreateFile caller=821F4D30 path=game:\DATA.TBL access=0x80100080 attrs=0x80 share=0x1 disp=0x1 options=0x60
[2026-07-30 13:15:30.411] [debug] [sys] [t3716820] Added handle:F80000E0 for N3rex6system7XObjectE
[2026-07-30 13:15:30.411] [debug] [sys] [t3716795] Removed handle:F80000DC for N3rex6system10XSemaphoreE
[2026-07-30 13:15:30.411] [debug] [sys] [t3716795] Added handle:F80000DC for N3rex6system7XObjectE
[2026-07-30 13:15:30.411] [debug] [sys] [t3716795] Removed handle:F80000DC for N3rex6system10XSemaphoreE
[2026-07-30 13:15:30.411] [debug] [sys] [t3716795] Added handle:F80000DC for N3rex6system7XObjectE
[2026-07-30 13:15:30.411] [info] [krnl] [t3716820] [AC6 PAC] NtReadFile request caller=821F4F2C thid=22 path=DATA.TBL handle=0xf80000e0 len=0x39e8 offset=-1 sync=true
[2026-07-30 13:15:30.411] [info] [krnl] [t3716820] [AC6 PAC] NtReadFile result caller=821F4F2C path=DATA.TBL status=0x0 bytes_read=0x39e8 iosb_status=0x0 iosb_info=0x39e8
[2026-07-30 13:15:30.411] [debug] [sys] [t3716795] Removed handle:F80000DC for N3rex6system10XSemaphoreE
[2026-07-30 13:15:30.411] [debug] [sys] [t3716795] Added handle:F80000DC for N3rex6system7XObjectE
[2026-07-30 13:15:30.411] [debug] [sys] [t3716820] Removed handle:F80000E0 for N3rex6system5XFileE
[2026-07-30 13:15:30.411] [debug] [sys] [t3716795] Removed handle:F80000DC for N3rex6system10XSemaphoreE
[2026-07-30 13:15:30.411] [info] [krnl] [t3716795] [AC6 PAC] NtCreateFile caller=821F4D30 path=game:\DATA00.PAC access=0x80100080 attrs=0x0 share=0x1 disp=0x1 options=0x48
[2026-07-30 13:15:30.411] [debug] [sys] [t3716795] Added handle:F80000DC for N3rex6system7XObjectE
[2026-07-30 13:15:30.411] [info] [krnl] [t3716795] [AC6 PAC] NtCreateFile caller=821F4D30 path=game:\DATA01.PAC access=0x80100080 attrs=0x0 share=0x1 disp=0x1 options=0x48
[2026-07-30 13:15:30.412] [debug] [sys] [t3716795] Added handle:F80000E0 for N3rex6system7XObjectE
[2026-07-30 13:15:30.412] [debug] [sys] [t3716795] Added handle:F80000E4 for N3rex6system7XObjectE
[2026-07-30 13:15:30.412] [info] [krnl] [t3716795] [AC6 PAC] NtReadFile request caller=821F4EB4 thid=5 path=DATA00.PAC handle=0xf80000dc len=0x40000 offset=3407872 sync=false
[2026-07-30 13:15:30.412] [info] [krnl] [t3716795] [AC6 PAC] NtReadFile result caller=821F4EB4 path=DATA00.PAC status=0x103 bytes_read=0x40000 iosb_status=0x0 iosb_info=0x40000
[2026-07-30 13:15:30.412] [debug] [sys] [t3716795] Removed handle:F80000E4 for N3rex6system6XEventE
[2026-07-30 13:15:30.412] [debug] [sys] [t3716795] Added handle:F80000E4 for N3rex6system7XObjectE
[2026-07-30 13:15:30.412] [info] [krnl] [t3716795] [AC6 PAC] NtReadFile request caller=821F4EB4 thid=5 path=DATA00.PAC handle=0xf80000dc len=0x40000 offset=3670016 sync=false
[2026-07-30 13:15:30.412] [info] [krnl] [t3716795] [AC6 PAC] NtReadFile result caller=821F4EB4 path=DATA00.PAC status=0x103 bytes_read=0x40000 iosb_status=0x0 iosb_info=0x40000
[2026-07-30 13:15:30.412] [debug] [sys] [t3716795] Removed handle:F80000E4 for N3rex6system6XEventE
[2026-07-30 13:15:30.412] [debug] [sys] [t3716795] Added handle:F80000E4 for N3rex6system7XObjectE
[2026-07-30 13:15:30.412] [info] [krnl] [t3716795] [AC6 PAC] NtReadFile request caller=821F4EB4 thid=5 path=DATA00.PAC handle=0xf80000dc len=0x40000 offset=3932160 sync=false
[2026-07-30 13:15:30.412] [info] [krnl] [t3716795] [AC6 PAC] NtReadFile result caller=821F4EB4 path=DATA00.PAC status=0x103 bytes_read=0x40000 iosb_status=0x0 iosb_info=0x40000
[2026-07-30 13:15:30.412] [debug] [sys] [t3716795] Removed handle:F80000E4 for N3rex6system6XEventE
[2026-07-30 13:15:30.412] [debug] [sys] [t3716795] Added handle:F80000E4 for N3rex6system7XObjectE
[2026-07-30 13:15:30.412] [info] [krnl] [t3716795] [AC6 PAC] NtReadFile request caller=821F4EB4 thid=5 path=DATA00.PAC handle=0xf80000dc len=0x40000 offset=4194304 sync=false
[2026-07-30 13:15:30.413] [info] [krnl] [t3716795] [AC6 PAC] NtReadFile result caller=821F4EB4 path=DATA00.PAC status=0x103 bytes_read=0x40000 iosb_status=0x0 iosb_info=0x40000
[2026-07-30 13:15:30.413] [debug] [sys] [t3716795] Removed handle:F80000E4 for N3rex6system6XEventE
[2026-07-30 13:15:30.413] [debug] [sys] [t3716795] Added handle:F80000E4 for N3rex6system7XObjectE
[2026-07-30 13:15:30.413] [info] [krnl] [t3716795] [AC6 PAC] NtReadFile request caller=821F4EB4 thid=5 path=DATA00.PAC handle=0xf80000dc len=0x40000 offset=4456448 sync=false
[2026-07-30 13:15:30.413] [info] [krnl] [t3716795] [AC6 PAC] NtReadFile result caller=821F4EB4 path=DATA00.PAC status=0x103 bytes_read=0x40000 iosb_status=0x0 iosb_info=0x40000
[2026-07-30 13:15:30.413] [debug] [sys] [t3716795] Removed handle:F80000E4 for N3rex6system6XEventE
[2026-07-30 13:15:30.413] [debug] [sys] [t3716795] Added handle:F80000E4 for N3rex6system7XObjectE
[2026-07-30 13:15:30.413] [info] [krnl] [t3716795] [AC6 PAC] NtReadFile request caller=821F4EB4 thid=5 path=DATA00.PAC handle=0xf80000dc len=0x40000 offset=4718592 sync=false
[2026-07-30 13:15:30.413] [info] [krnl] [t3716795] [AC6 PAC] NtReadFile result caller=821F4EB4 path=DATA00.PAC status=0x103 bytes_read=0x40000 iosb_status=0x0 iosb_info=0x40000
[2026-07-30 13:15:30.413] [debug] [sys] [t3716795] Removed handle:F80000E4 for N3rex6system6XEventE
[2026-07-30 13:15:30.413] [debug] [sys] [t3716795] Added handle:F80000E4 for N3rex6system7XObjectE
[2026-07-30 13:15:30.413] [info] [krnl] [t3716795] [AC6 PAC] NtReadFile request caller=821F4EB4 thid=5 path=DATA00.PAC handle=0xf80000dc len=0x40000 offset=4980736 sync=false
[2026-07-30 13:15:30.413] [info] [krnl] [t3716795] [AC6 PAC] NtReadFile result caller=821F4EB4 path=DATA00.PAC status=0x103 bytes_read=0x40000 iosb_status=0x0 iosb_info=0x40000
[2026-07-30 13:15:30.413] [debug] [sys] [t3716795] Removed handle:F80000E4 for N3rex6system6XEventE
[2026-07-30 13:15:30.413] [debug] [sys] [t3716795] Added handle:F80000E4 for N3rex6system7XObjectE
[2026-07-30 13:15:30.413] [info] [krnl] [t3716795] [AC6 PAC] NtReadFile request caller=821F4EB4 thid=5 path=DATA00.PAC handle=0xf80000dc len=0x40000 offset=5242880 sync=false
[2026-07-30 13:15:30.413] [info] [krnl] [t3716795] [AC6 PAC] NtReadFile result caller=821F4EB4 path=DATA00.PAC status=0x103 bytes_read=0x40000 iosb_status=0x0 iosb_info=0x40000
[2026-07-30 13:15:30.413] [debug] [sys] [t3716795] Removed handle:F80000E4 for N3rex6system6XEventE
[2026-07-30 13:15:30.413] [debug] [sys] [t3716795] Added handle:F80000E4 for N3rex6system7XObjectE
[2026-07-30 13:15:30.414] [info] [krnl] [t3716795] [AC6 PAC] NtReadFile request caller=821F4EB4 thid=5 path=DATA00.PAC handle=0xf80000dc len=0x40000 offset=5505024 sync=false
[2026-07-30 13:15:30.414] [info] [krnl] [t3716795] [AC6 PAC] NtReadFile result caller=821F4EB4 path=DATA00.PAC status=0x103 bytes_read=0x40000 iosb_status=0x0 iosb_info=0x40000
[2026-07-30 13:15:30.414] [debug] [sys] [t3716795] Removed handle:F80000E4 for N3rex6system6XEventE
[2026-07-30 13:15:30.414] [debug] [sys] [t3716795] Added handle:F80000E4 for N3rex6system7XObjectE
[2026-07-30 13:15:30.414] [info] [krnl] [t3716795] [AC6 PAC] NtReadFile request caller=821F4EB4 thid=5 path=DATA00.PAC handle=0xf80000dc len=0x40000 offset=5767168 sync=false
[2026-07-30 13:15:30.414] [info] [krnl] [t3716795] [AC6 PAC] NtReadFile result caller=821F4EB4 path=DATA00.PAC status=0x103 bytes_read=0x40000 iosb_status=0x0 iosb_info=0x40000
[2026-07-30 13:15:30.414] [debug] [sys] [t3716795] Removed handle:F80000E4 for N3rex6system6XEventE
[2026-07-30 13:15:30.414] [debug] [sys] [t3716795] Added handle:F80000E4 for N3rex6system7XObjectE
[2026-07-30 13:15:30.414] [info] [krnl] [t3716795] [AC6 PAC] NtReadFile request caller=821F4EB4 thid=5 path=DATA00.PAC handle=0xf80000dc len=0x40000 offset=6029312 sync=false
[2026-07-30 13:15:30.414] [info] [krnl] [t3716795] [AC6 PAC] NtReadFile result caller=821F4EB4 path=DATA00.PAC status=0x103 bytes_read=0x40000 iosb_status=0x0 iosb_info=0x40000
[2026-07-30 13:15:30.414] [debug] [sys] [t3716795] Removed handle:F80000E4 for N3rex6system6XEventE
[2026-07-30 13:15:30.414] [debug] [sys] [t3716795] Added handle:F80000E4 for N3rex6system7XObjectE
[2026-07-30 13:15:30.414] [info] [krnl] [t3716795] [AC6 PAC] NtReadFile request caller=821F4EB4 thid=5 path=DATA00.PAC handle=0xf80000dc len=0x40000 offset=6291456 sync=false
[2026-07-30 13:15:30.414] [info] [krnl] [t3716795] [AC6 PAC] NtReadFile result caller=821F4EB4 path=DATA00.PAC status=0x103 bytes_read=0x40000 iosb_status=0x0 iosb_info=0x40000
[2026-07-30 13:15:30.414] [debug] [sys] [t3716795] Removed handle:F80000E4 for N3rex6system6XEventE
[2026-07-30 13:15:30.414] [debug] [sys] [t3716795] Added handle:F80000E4 for N3rex6system7XObjectE
[2026-07-30 13:15:30.415] [info] [krnl] [t3716795] [AC6 PAC] NtReadFile request caller=821F4EB4 thid=5 path=DATA00.PAC handle=0xf80000dc len=0x40000 offset=6553600 sync=false
[2026-07-30 13:15:30.415] [info] [krnl] [t3716795] [AC6 PAC] NtReadFile result caller=821F4EB4 path=DATA00.PAC status=0x103 bytes_read=0x40000 iosb_status=0x0 iosb_info=0x40000
[2026-07-30 13:15:30.415] [debug] [sys] [t3716795] Removed handle:F80000E4 for N3rex6system6XEventE
[2026-07-30 13:15:30.415] [debug] [sys] [t3716795] Added handle:F80000E4 for N3rex6system7XObjectE
[2026-07-30 13:15:30.415] [info] [krnl] [t3716795] [AC6 PAC] NtReadFile request caller=821F4EB4 thid=5 path=DATA00.PAC handle=0xf80000dc len=0x40000 offset=6815744 sync=false
[2026-07-30 13:15:30.415] [info] [krnl] [t3716795] [AC6 PAC] NtReadFile result caller=821F4EB4 path=DATA00.PAC status=0x103 bytes_read=0x40000 iosb_status=0x0 iosb_info=0x40000
[2026-07-30 13:15:30.415] [debug] [sys] [t3716795] Removed handle:F80000E4 for N3rex6system6XEventE
[2026-07-30 13:15:30.415] [debug] [sys] [t3716795] Added handle:F80000E4 for N3rex6system7XObjectE
[2026-07-30 13:15:30.415] [info] [krnl] [t3716795] [AC6 PAC] NtReadFile request caller=821F4EB4 thid=5 path=DATA00.PAC handle=0xf80000dc len=0x40000 offset=7077888 sync=false
[2026-07-30 13:15:30.415] [info] [krnl] [t3716795] [AC6 PAC] NtReadFile result caller=821F4EB4 path=DATA00.PAC status=0x103 bytes_read=0x40000 iosb_status=0x0 iosb_info=0x40000
[2026-07-30 13:15:30.415] [debug] [sys] [t3716795] Removed handle:F80000E4 for N3rex6system6XEventE
[2026-07-30 13:15:30.415] [debug] [sys] [t3716795] Added handle:F80000E4 for N3rex6system7XObjectE
[2026-07-30 13:15:30.415] [info] [krnl] [t3716795] [AC6 PAC] NtReadFile request caller=821F4EB4 thid=5 path=DATA00.PAC handle=0xf80000dc len=0x40000 offset=7340032 sync=false
[2026-07-30 13:15:30.415] [info] [krnl] [t3716795] [AC6 PAC] NtReadFile result caller=821F4EB4 path=DATA00.PAC status=0x103 bytes_read=0x40000 iosb_status=0x0 iosb_info=0x40000
[2026-07-30 13:15:30.415] [debug] [sys] [t3716795] Removed handle:F80000E4 for N3rex6system6XEventE
[2026-07-30 13:15:30.415] [debug] [sys] [t3716795] Added handle:F80000E4 for N3rex6system7XObjectE
[2026-07-30 13:15:30.415] [info] [krnl] [t3716795] [AC6 PAC] NtReadFile request caller=821F4EB4 thid=5 path=DATA00.PAC handle=0xf80000dc len=0x40000 offset=7602176 sync=false
[2026-07-30 13:15:30.416] [info] [krnl] [t3716795] [AC6 PAC] NtReadFile result caller=821F4EB4 path=DATA00.PAC status=0x103 bytes_read=0x40000 iosb_status=0x0 iosb_info=0x40000
[2026-07-30 13:15:30.416] [debug] [sys] [t3716795] Removed handle:F80000E4 for N3rex6system6XEventE
[2026-07-30 13:15:30.416] [debug] [sys] [t3716795] Added handle:F80000E4 for N3rex6system7XObjectE
[2026-07-30 13:15:30.416] [info] [krnl] [t3716795] [AC6 PAC] NtReadFile request caller=821F4EB4 thid=5 path=DATA00.PAC handle=0xf80000dc len=0x40000 offset=7864320 sync=false
[2026-07-30 13:15:30.416] [info] [krnl] [t3716795] [AC6 PAC] NtReadFile result caller=821F4EB4 path=DATA00.PAC status=0x103 bytes_read=0x40000 iosb_status=0x0 iosb_info=0x40000
[2026-07-30 13:15:30.416] [debug] [sys] [t3716795] Removed handle:F80000E4 for N3rex6system6XEventE
[2026-07-30 13:15:30.416] [debug] [sys] [t3716795] Added handle:F80000E4 for N3rex6system7XObjectE
[2026-07-30 13:15:30.416] [info] [krnl] [t3716795] [AC6 PAC] NtReadFile request caller=821F4EB4 thid=5 path=DATA00.PAC handle=0xf80000dc len=0x40000 offset=8126464 sync=false
[2026-07-30 13:15:30.416] [info] [krnl] [t3716795] [AC6 PAC] NtReadFile result caller=821F4EB4 path=DATA00.PAC status=0x103 bytes_read=0x40000 iosb_status=0x0 iosb_info=0x40000
[2026-07-30 13:15:30.416] [debug] [sys] [t3716795] Removed handle:F80000E4 for N3rex6system6XEventE
[2026-07-30 13:15:30.416] [debug] [sys] [t3716795] Added handle:F80000E4 for N3rex6system7XObjectE
[2026-07-30 13:15:30.416] [info] [krnl] [t3716795] [AC6 PAC] NtReadFile request caller=821F4EB4 thid=5 path=DATA00.PAC handle=0xf80000dc len=0x40000 offset=8388608 sync=false
[2026-07-30 13:15:30.416] [info] [krnl] [t3716795] [AC6 PAC] NtReadFile result caller=821F4EB4 path=DATA00.PAC status=0x103 bytes_read=0x40000 iosb_status=0x0 iosb_info=0x40000
[2026-07-30 13:15:30.416] [debug] [sys] [t3716795] Removed handle:F80000E4 for N3rex6system6XEventE
[2026-07-30 13:15:30.416] [debug] [sys] [t3716795] Added handle:F80000E4 for N3rex6system7XObjectE
[2026-07-30 13:15:30.416] [info] [krnl] [t3716795] [AC6 PAC] NtReadFile request caller=821F4EB4 thid=5 path=DATA00.PAC handle=0xf80000dc len=0x40000 offset=8650752 sync=false
[2026-07-30 13:15:30.416] [info] [krnl] [t3716795] [AC6 PAC] NtReadFile result caller=821F4EB4 path=DATA00.PAC status=0x103 bytes_read=0x40000 iosb_status=0x0 iosb_info=0x40000
[2026-07-30 13:15:30.416] [debug] [sys] [t3716795] Removed handle:F80000E4 for N3rex6system6XEventE
[2026-07-30 13:15:30.416] [debug] [sys] [t3716795] Added handle:F80000E4 for N3rex6system7XObjectE
[2026-07-30 13:15:30.417] [info] [krnl] [t3716795] [AC6 PAC] NtReadFile request caller=821F4EB4 thid=5 path=DATA00.PAC handle=0xf80000dc len=0x40000 offset=8912896 sync=false
[2026-07-30 13:15:30.417] [info] [krnl] [t3716795] [AC6 PAC] NtReadFile result caller=821F4EB4 path=DATA00.PAC status=0x103 bytes_read=0x40000 iosb_status=0x0 iosb_info=0x40000
[2026-07-30 13:15:30.417] [debug] [sys] [t3716795] Removed handle:F80000E4 for N3rex6system6XEventE
[2026-07-30 13:15:30.417] [debug] [sys] [t3716795] Added handle:F80000E4 for N3rex6system7XObjectE
[2026-07-30 13:15:30.417] [info] [krnl] [t3716795] [AC6 PAC] NtReadFile request caller=821F4EB4 thid=5 path=DATA00.PAC handle=0xf80000dc len=0x40000 offset=9175040 sync=false
[2026-07-30 13:15:30.417] [info] [krnl] [t3716795] [AC6 PAC] NtReadFile result caller=821F4EB4 path=DATA00.PAC status=0x103 bytes_read=0x40000 iosb_status=0x0 iosb_info=0x40000
[2026-07-30 13:15:30.417] [debug] [sys] [t3716795] Removed handle:F80000E4 for N3rex6system6XEventE
[2026-07-30 13:15:30.417] [debug] [sys] [t3716795] Added handle:F80000E4 for N3rex6system7XObjectE
[2026-07-30 13:15:30.417] [info] [krnl] [t3716795] [AC6 PAC] NtReadFile request caller=821F4EB4 thid=5 path=DATA00.PAC handle=0xf80000dc len=0x40000 offset=9437184 sync=false
[2026-07-30 13:15:30.417] [info] [krnl] [t3716795] [AC6 PAC] NtReadFile result caller=821F4EB4 path=DATA00.PAC status=0x103 bytes_read=0x40000 iosb_status=0x0 iosb_info=0x40000
[2026-07-30 13:15:30.417] [debug] [sys] [t3716795] Removed handle:F80000E4 for N3rex6system6XEventE
[2026-07-30 13:15:30.417] [debug] [sys] [t3716795] Added handle:F80000E4 for N3rex6system7XObjectE
[2026-07-30 13:15:30.417] [info] [krnl] [t3716795] [AC6 PAC] NtReadFile request caller=821F4EB4 thid=5 path=DATA00.PAC handle=0xf80000dc len=0x40000 offset=9699328 sync=false
[2026-07-30 13:15:30.417] [info] [krnl] [t3716795] [AC6 PAC] NtReadFile result caller=821F4EB4 path=DATA00.PAC status=0x103 bytes_read=0x40000 iosb_status=0x0 iosb_info=0x40000
[2026-07-30 13:15:30.417] [debug] [sys] [t3716795] Removed handle:F80000E4 for N3rex6system6XEventE
[2026-07-30 13:15:30.417] [debug] [sys] [t3716795] Added handle:F80000E4 for N3rex6system7XObjectE
[2026-07-30 13:15:30.417] [info] [krnl] [t3716795] [AC6 PAC] NtReadFile request caller=821F4EB4 thid=5 path=DATA00.PAC handle=0xf80000dc len=0x40000 offset=9961472 sync=false
[2026-07-30 13:15:30.418] [info] [krnl] [t3716795] [AC6 PAC] NtReadFile result caller=821F4EB4 path=DATA00.PAC status=0x103 bytes_read=0x40000 iosb_status=0x0 iosb_info=0x40000
[2026-07-30 13:15:30.418] [debug] [sys] [t3716795] Removed handle:F80000E4 for N3rex6system6XEventE
[2026-07-30 13:15:30.418] [debug] [sys] [t3716795] Added handle:F80000E4 for N3rex6system7XObjectE
[2026-07-30 13:15:30.418] [info] [krnl] [t3716795] [AC6 PAC] NtReadFile request caller=821F4EB4 thid=5 path=DATA00.PAC handle=0xf80000dc len=0x40000 offset=10223616 sync=false
[2026-07-30 13:15:30.418] [info] [krnl] [t3716795] [AC6 PAC] NtReadFile result caller=821F4EB4 path=DATA00.PAC status=0x103 bytes_read=0x40000 iosb_status=0x0 iosb_info=0x40000
[2026-07-30 13:15:30.418] [debug] [sys] [t3716795] Removed handle:F80000E4 for N3rex6system6XEventE
[2026-07-30 13:15:30.418] [debug] [sys] [t3716795] Added handle:F80000E4 for N3rex6system7XObjectE
[2026-07-30 13:15:30.418] [info] [krnl] [t3716795] [AC6 PAC] NtReadFile request caller=821F4EB4 thid=5 path=DATA00.PAC handle=0xf80000dc len=0x40000 offset=10485760 sync=false
[2026-07-30 13:15:30.418] [info] [krnl] [t3716795] [AC6 PAC] NtReadFile result caller=821F4EB4 path=DATA00.PAC status=0x103 bytes_read=0x40000 iosb_status=0x0 iosb_info=0x40000
[2026-07-30 13:15:30.418] [debug] [sys] [t3716795] Removed handle:F80000E4 for N3rex6system6XEventE
[2026-07-30 13:15:30.418] [debug] [sys] [t3716795] Added handle:F80000E4 for N3rex6system7XObjectE
[2026-07-30 13:15:30.418] [info] [krnl] [t3716795] [AC6 PAC] NtReadFile request caller=821F4EB4 thid=5 path=DATA00.PAC handle=0xf80000dc len=0x40000 offset=10747904 sync=false
[2026-07-30 13:15:30.418] [info] [krnl] [t3716795] [AC6 PAC] NtReadFile result caller=821F4EB4 path=DATA00.PAC status=0x103 bytes_read=0x40000 iosb_status=0x0 iosb_info=0x40000
[2026-07-30 13:15:30.418] [debug] [sys] [t3716795] Removed handle:F80000E4 for N3rex6system6XEventE
[2026-07-30 13:15:30.418] [debug] [sys] [t3716795] Added handle:F80000E4 for N3rex6system7XObjectE
[2026-07-30 13:15:30.418] [info] [krnl] [t3716795] [AC6 PAC] NtReadFile request caller=821F4EB4 thid=5 path=DATA00.PAC handle=0xf80000dc len=0x40000 offset=11010048 sync=false
[2026-07-30 13:15:30.419] [info] [krnl] [t3716795] [AC6 PAC] NtReadFile result caller=821F4EB4 path=DATA00.PAC status=0x103 bytes_read=0x40000 iosb_status=0x0 iosb_info=0x40000
[2026-07-30 13:15:30.419] [debug] [sys] [t3716795] Removed handle:F80000E4 for N3rex6system6XEventE
[2026-07-30 13:15:30.419] [debug] [sys] [t3716795] Added handle:F80000E4 for N3rex6system7XObjectE
[2026-07-30 13:15:30.419] [info] [krnl] [t3716795] [AC6 PAC] NtReadFile request caller=821F4EB4 thid=5 path=DATA00.PAC handle=0xf80000dc len=0x40000 offset=11272192 sync=false
[2026-07-30 13:15:30.419] [info] [krnl] [t3716795] [AC6 PAC] NtReadFile result caller=821F4EB4 path=DATA00.PAC status=0x103 bytes_read=0x40000 iosb_status=0x0 iosb_info=0x40000
[2026-07-30 13:15:30.419] [debug] [sys] [t3716795] Removed handle:F80000E4 for N3rex6system6XEventE
[2026-07-30 13:15:30.419] [debug] [sys] [t3716795] Added handle:F80000E4 for N3rex6system7XObjectE
[2026-07-30 13:15:30.419] [info] [krnl] [t3716795] [AC6 PAC] NtReadFile request caller=821F4EB4 thid=5 path=DATA00.PAC handle=0xf80000dc len=0x40000 offset=11534336 sync=false
[2026-07-30 13:15:30.419] [info] [krnl] [t3716795] [AC6 PAC] NtReadFile result caller=821F4EB4 path=DATA00.PAC status=0x103 bytes_read=0x40000 iosb_status=0x0 iosb_info=0x40000
[2026-07-30 13:15:30.419] [debug] [sys] [t3716795] Removed handle:F80000E4 for N3rex6system6XEventE
[2026-07-30 13:15:30.419] [debug] [sys] [t3716795] Added handle:F80000E4 for N3rex6system7XObjectE
[2026-07-30 13:15:30.419] [info] [krnl] [t3716795] [AC6 PAC] NtReadFile request caller=821F4EB4 thid=5 path=DATA00.PAC handle=0xf80000dc len=0x40000 offset=11796480 sync=false
[2026-07-30 13:15:30.419] [info] [krnl] [t3716795] [AC6 PAC] NtReadFile result caller=821F4EB4 path=DATA00.PAC status=0x103 bytes_read=0x40000 iosb_status=0x0 iosb_info=0x40000
[2026-07-30 13:15:30.419] [debug] [sys] [t3716795] Removed handle:F80000E4 for N3rex6system6XEventE
[2026-07-30 13:15:30.419] [debug] [sys] [t3716795] Added handle:F80000E4 for N3rex6system7XObjectE
[2026-07-30 13:15:30.419] [info] [krnl] [t3716795] [AC6 PAC] NtReadFile request caller=821F4EB4 thid=5 path=DATA00.PAC handle=0xf80000dc len=0x40000 offset=12058624 sync=false
[2026-07-30 13:15:30.420] [info] [krnl] [t3716795] [AC6 PAC] NtReadFile result caller=821F4EB4 path=DATA00.PAC status=0x103 bytes_read=0x40000 iosb_status=0x0 iosb_info=0x40000
[2026-07-30 13:15:30.420] [debug] [sys] [t3716795] Removed handle:F80000E4 for N3rex6system6XEventE
[2026-07-30 13:15:30.420] [debug] [sys] [t3716795] Added handle:F80000E4 for N3rex6system7XObjectE
[2026-07-30 13:15:30.420] [info] [krnl] [t3716795] [AC6 PAC] NtReadFile request caller=821F4EB4 thid=5 path=DATA00.PAC handle=0xf80000dc len=0x40000 offset=12320768 sync=false
[2026-07-30 13:15:30.420] [info] [krnl] [t3716795] [AC6 PAC] NtReadFile result caller=821F4EB4 path=DATA00.PAC status=0x103 bytes_read=0x40000 iosb_status=0x0 iosb_info=0x40000
[2026-07-30 13:15:30.420] [debug] [sys] [t3716795] Removed handle:F80000E4 for N3rex6system6XEventE
[2026-07-30 13:15:30.420] [debug] [sys] [t3716795] Added handle:F80000E4 for N3rex6system7XObjectE
[2026-07-30 13:15:30.420] [info] [krnl] [t3716795] [AC6 PAC] NtReadFile request caller=821F4EB4 thid=5 path=DATA00.PAC handle=0xf80000dc len=0x40000 offset=12582912 sync=false
[2026-07-30 13:15:30.420] [info] [krnl] [t3716795] [AC6 PAC] NtReadFile result caller=821F4EB4 path=DATA00.PAC status=0x103 bytes_read=0x40000 iosb_status=0x0 iosb_info=0x40000
[2026-07-30 13:15:30.420] [debug] [sys] [t3716795] Removed handle:F80000E4 for N3rex6system6XEventE
[2026-07-30 13:15:30.420] [debug] [sys] [t3716795] Added handle:F80000E4 for N3rex6system7XObjectE
[2026-07-30 13:15:30.420] [info] [krnl] [t3716795] [AC6 PAC] NtReadFile request caller=821F4EB4 thid=5 path=DATA00.PAC handle=0xf80000dc len=0x40000 offset=12845056 sync=false
[2026-07-30 13:15:30.420] [info] [krnl] [t3716795] [AC6 PAC] NtReadFile result caller=821F4EB4 path=DATA00.PAC status=0x103 bytes_read=0x40000 iosb_status=0x0 iosb_info=0x40000
[2026-07-30 13:15:30.420] [debug] [sys] [t3716795] Removed handle:F80000E4 for N3rex6system6XEventE
[2026-07-30 13:15:30.420] [debug] [sys] [t3716795] Added handle:F80000E4 for N3rex6system7XObjectE
[2026-07-30 13:15:30.420] [info] [krnl] [t3716795] [AC6 PAC] NtReadFile request caller=821F4EB4 thid=5 path=DATA00.PAC handle=0xf80000dc len=0x40000 offset=13107200 sync=false
[2026-07-30 13:15:30.421] [info] [krnl] [t3716795] [AC6 PAC] NtReadFile result caller=821F4EB4 path=DATA00.PAC status=0x103 bytes_read=0x40000 iosb_status=0x0 iosb_info=0x40000
[2026-07-30 13:15:30.421] [debug] [sys] [t3716795] Removed handle:F80000E4 for N3rex6system6XEventE
[2026-07-30 13:15:30.421] [debug] [sys] [t3716795] Added handle:F80000E4 for N3rex6system7XObjectE
[2026-07-30 13:15:30.421] [info] [krnl] [t3716795] [AC6 PAC] NtReadFile request caller=821F4EB4 thid=5 path=DATA00.PAC handle=0xf80000dc len=0x40000 offset=13369344 sync=false
[2026-07-30 13:15:30.421] [info] [krnl] [t3716795] [AC6 PAC] NtReadFile result caller=821F4EB4 path=DATA00.PAC status=0x103 bytes_read=0x40000 iosb_status=0x0 iosb_info=0x40000
[2026-07-30 13:15:30.421] [debug] [sys] [t3716795] Removed handle:F80000E4 for N3rex6system6XEventE
[2026-07-30 13:15:30.421] [debug] [sys] [t3716795] Added handle:F80000E4 for N3rex6system7XObjectE
[2026-07-30 13:15:30.421] [info] [krnl] [t3716795] [AC6 PAC] NtReadFile request caller=821F4EB4 thid=5 path=DATA00.PAC handle=0xf80000dc len=0x40000 offset=13631488 sync=false
[2026-07-30 13:15:30.421] [info] [krnl] [t3716795] [AC6 PAC] NtReadFile result caller=821F4EB4 path=DATA00.PAC status=0x103 bytes_read=0x40000 iosb_status=0x0 iosb_info=0x40000
[2026-07-30 13:15:30.421] [debug] [sys] [t3716795] Removed handle:F80000E4 for N3rex6system6XEventE
[2026-07-30 13:15:30.421] [debug] [sys] [t3716795] Added handle:F80000E4 for N3rex6system7XObjectE
[2026-07-30 13:15:30.421] [info] [krnl] [t3716795] [AC6 PAC] NtReadFile request caller=821F4EB4 thid=5 path=DATA00.PAC handle=0xf80000dc len=0x20000 offset=13893632 sync=false
[2026-07-30 13:15:30.421] [info] [krnl] [t3716795] [AC6 PAC] NtReadFile result caller=821F4EB4 path=DATA00.PAC status=0x103 bytes_read=0x20000 iosb_status=0x0 iosb_info=0x20000
[2026-07-30 13:15:30.421] [debug] [sys] [t3716795] Removed handle:F80000E4 for N3rex6system6XEventE
[2026-07-30 13:15:30.629] [debug] [sys] [t3716795] Added handle:F80000E4 for N3rex6system7XObjectE
[2026-07-30 13:15:30.629] [debug] [sys] [t3716795] Added handle:F80000E8 for N3rex6system7XObjectE
[2026-07-30 13:15:30.630] [debug] [sys] [t3716795] XThreadF80000E8 (17) Stack: 706B0000-706F0000
[2026-07-30 13:15:30.630] [debug] [sys] [t3716919] Execute thid 23 (handle=F80000E8, 'XThread2887D6C0 (F80000E8)', native=2887D6C0)
[2026-07-30 13:15:30.630] [debug] [krnl] [t3716795] XAudioRegisterRenderDriverClient called callback_ptr=7014F830 driver_ptr=40022554
[2026-07-30 13:15:30.630] [debug] [sys] [t3716919] XThread::Execute - Calling function at 823B41D8
[2026-07-30 13:15:30.630] [debug] [sys] [t3716919] Added handle:F80000EC for N3rex6system7XObjectE
[2026-07-30 13:15:30.657] [info] [apu] [t3716795] SdlAudioDriver initialized: client=0 channels=2 freq=48000
[2026-07-30 13:15:30.657] [debug] [sys] [t3716758] Added handle:F80000F0 for N3rex6system7XObjectE
[2026-07-30 13:15:30.657] [debug] [sys] [t3716758] Added handle:F80000F4 for N3rex6system7XObjectE
[2026-07-30 13:15:30.657] [debug] [krnl] [t3716758] XAudioSubmitRenderDriverFrame: driver=41550000 samples=40020380
[2026-07-30 13:15:30.660] [debug] [sys] [t3716795] Added handle:F80000F8 for N3rex6system7XObjectE
[2026-07-30 13:15:30.661] [debug] [sys] [t3716795] XThreadF80000F8 (18) Stack: 70710000-70750000
[2026-07-30 13:15:30.661] [debug] [sys] [t3716795] Added handle:F80000FC for N3rex6system7XObjectE
[2026-07-30 13:15:30.662] [debug] [sys] [t3716795] XThreadF80000FC (19) Stack: 70770000-707B0000
[2026-07-30 13:15:30.662] [debug] [sys] [t3716795] Added handle:F8000100 for N3rex6system7XObjectE
[2026-07-30 13:15:30.663] [debug] [sys] [t3716795] XThreadF8000100 (1A) Stack: 707D0000-70810000
[2026-07-30 13:15:30.663] [debug] [sys] [t3716940] Execute thid 25 (handle=F80000FC, 'XThread2687B6C0 (F80000FC)', native=2687B6C0)
[2026-07-30 13:15:30.663] [debug] [sys] [t3716938] Execute thid 24 (handle=F80000F8, 'XThread2787C6C0 (F80000F8)', native=2787C6C0)
[2026-07-30 13:15:30.663] [debug] [sys] [t3716942] Execute thid 26 (handle=F8000100, 'XThread2587A6C0 (F8000100)', native=2587A6C0)
[2026-07-30 13:15:30.663] [debug] [sys] [t3716940] XThread::Execute - Calling function at 821F7FC8
[2026-07-30 13:15:30.663] [debug] [sys] [t3716938] XThread::Execute - Calling function at 821F7FC8
[2026-07-30 13:15:30.663] [debug] [sys] [t3716940] Added handle:F8000104 for N3rex6system7XObjectE
[2026-07-30 13:15:30.663] [debug] [sys] [t3716942] XThread::Execute - Calling function at 821F7FC8
[2026-07-30 13:15:30.663] [debug] [sys] [t3716940] Added handle:F8000108 for N3rex6system7XObjectE
[2026-07-30 13:15:30.663] [debug] [sys] [t3716940] Added handle:F800010C for N3rex6system7XObjectE
[2026-07-30 13:15:30.663] [debug] [sys] [t3716940] Added handle:F8000110 for N3rex6system7XObjectE
[2026-07-30 13:15:30.663] [debug] [sys] [t3716940] Added handle:F8000114 for N3rex6system7XObjectE
[2026-07-30 13:15:30.663] [debug] [sys] [t3716940] Added handle:F8000118 for N3rex6system7XObjectE
[2026-07-30 13:15:30.663] [debug] [sys] [t3716940] Added handle:F800011C for N3rex6system7XObjectE
[2026-07-30 13:15:30.663] [debug] [sys] [t3716940] Added handle:F8000120 for N3rex6system7XObjectE
[2026-07-30 13:15:30.663] [debug] [krnl] [t3716758] XAudioSubmitRenderDriverFrame: driver=41550000 samples=40020380
[2026-07-30 13:15:30.682] [debug] [krnl] [t3716758] XAudioSubmitRenderDriverFrame: driver=41550000 samples=40020380
[2026-07-30 13:15:30.683] [debug] [krnl] [t3716758] XAudioSubmitRenderDriverFrame: driver=41550000 samples=40020380
[2026-07-30 13:15:30.685] [debug] [krnl] [t3716758] XAudioSubmitRenderDriverFrame: driver=41550000 samples=40020380
[2026-07-30 13:15:30.703] [debug] [krnl] [t3716758] XAudioSubmitRenderDriverFrame: driver=41550000 samples=40020380
[2026-07-30 13:15:30.705] [debug] [krnl] [t3716758] XAudioSubmitRenderDriverFrame: driver=41550000 samples=40020380
[2026-07-30 13:15:30.706] [debug] [krnl] [t3716758] XAudioSubmitRenderDriverFrame: driver=41550000 samples=40020380
[2026-07-30 13:15:30.725] [debug] [krnl] [t3716758] XAudioSubmitRenderDriverFrame: driver=41550000 samples=40020380
[2026-07-30 13:15:30.726] [debug] [krnl] [t3716758] XAudioSubmitRenderDriverFrame: driver=41550000 samples=40020380
[2026-07-30 13:15:30.762] [debug] [sys] [t3716795] Added handle:F8000124 for N3rex6system7XObjectE
[2026-07-30 13:15:30.763] [debug] [sys] [t3716795] Added handle:F8000128 for N3rex6system7XObjectE
[2026-07-30 13:15:30.763] [debug] [sys] [t3716795] Added handle:F800012C for N3rex6system7XObjectE
[2026-07-30 13:15:30.763] [debug] [krnl] [t3716795] XamNotifyCreateListener(mask=0x0000000000000005, is_system=0, max_version=2) -> handle=F800012C
[2026-07-30 13:15:30.763] [debug] [sys] [t3716795] Added handle:F8000130 for N3rex6system7XObjectE
[2026-07-30 13:15:30.763] [debug] [sys] [t3716795] XThreadF8000130 (1B) Stack: 70830000-70840000
[2026-07-30 13:15:30.764] [debug] [sys] [t3716986] Execute thid 27 (handle=F8000130, 'XThreadFFFFF6C0 (F8000130)', native=FFFFF6C0)
[2026-07-30 13:15:30.764] [debug] [sys] [t3716986] XThread::Execute - Calling function at 821F7FC8
[2026-07-30 13:15:30.764] [debug] [sys] [t3716986] Added handle:F8000134 for N3rex6system7XObjectE
[2026-07-30 13:15:30.764] [debug] [sys] [t3716795] Added handle:F8000138 for N3rex6system7XObjectE
[2026-07-30 13:15:30.764] [debug] [krnl] [t3716795] XamNotifyCreateListener(mask=0x0000000000000001, is_system=0, max_version=2) -> handle=F8000138
[2026-07-30 13:15:30.764] [debug] [sys] [t3716803] Added handle:F800013C for N3rex6system7XObjectE
[2026-07-30 13:15:30.764] [debug] [sys] [t3716803] Added handle:F8000140 for N3rex6system7XObjectE
[2026-07-30 13:15:30.765] [info] [krnl] [t3716803] [AC6 PAC] NtReadFile request caller=821F4EB4 thid=11 path=DATA00.PAC handle=0xf80000dc len=0x40000 offset=15171584 sync=false
[2026-07-30 13:15:30.765] [info] [krnl] [t3716803] [AC6 PAC] NtReadFile result caller=821F4EB4 path=DATA00.PAC status=0x103 bytes_read=0x40000 iosb_status=0x0 iosb_info=0x40000
[2026-07-30 13:15:30.765] [debug] [sys] [t3716803] Removed handle:F8000140 for N3rex6system6XEventE
[2026-07-30 13:15:30.765] [debug] [sys] [t3716803] Added handle:F8000140 for N3rex6system7XObjectE
[2026-07-30 13:15:30.765] [info] [krnl] [t3716803] [AC6 PAC] NtReadFile request caller=821F4EB4 thid=11 path=DATA00.PAC handle=0xf80000dc len=0x10000 offset=15433728 sync=false
[2026-07-30 13:15:30.765] [info] [krnl] [t3716803] [AC6 PAC] NtReadFile result caller=821F4EB4 path=DATA00.PAC status=0x103 bytes_read=0x10000 iosb_status=0x0 iosb_info=0x10000
[2026-07-30 13:15:30.765] [debug] [sys] [t3716803] Removed handle:F8000140 for N3rex6system6XEventE
[2026-07-30 13:15:30.775] [debug] [krnl] [t3716986] XNotifyGetNext(F800012C, 00000000) -> id=0x9, param=1
[2026-07-30 13:15:30.784] [debug] [krnl] [t3716986] XNotifyGetNext(F800012C, 00000000) -> id=0x9, param=0
[2026-07-30 13:15:30.794] [debug] [krnl] [t3716986] XNotifyGetNext(F800012C, 00000000) -> id=0xa, param=1
[2026-07-30 13:15:30.804] [debug] [krnl] [t3716986] XNotifyGetNext(F800012C, 00000000) -> id=0xa, param=1
[2026-07-30 13:15:30.815] [debug] [krnl] [t3716986] XNotifyGetNext(F800012C, 00000000) -> id=0x12, param=0
[2026-07-30 13:15:30.824] [debug] [krnl] [t3716986] XNotifyGetNext(F800012C, 00000000) -> id=0x12, param=0
[2026-07-30 13:15:30.827] [debug] [sys] [t3716795] Added handle:F8000140 for N3rex6system7XObjectE
[2026-07-30 13:15:30.827] [info] [krnl] [t3716795] [AC6 PAC] NtReadFile request caller=821F4EB4 thid=5 path=DATA00.PAC handle=0xf80000dc len=0x40000 offset=2054782976 sync=false
[2026-07-30 13:15:30.827] [info] [krnl] [t3716795] [AC6 PAC] NtReadFile result caller=821F4EB4 path=DATA00.PAC status=0x103 bytes_read=0x40000 iosb_status=0x0 iosb_info=0x40000
[2026-07-30 13:15:30.827] [debug] [sys] [t3716795] Removed handle:F8000140 for N3rex6system6XEventE
[2026-07-30 13:15:30.827] [debug] [sys] [t3716795] Added handle:F8000140 for N3rex6system7XObjectE
[2026-07-30 13:15:30.827] [info] [krnl] [t3716795] [AC6 PAC] NtReadFile request caller=821F4EB4 thid=5 path=DATA00.PAC handle=0xf80000dc len=0x40000 offset=2055045120 sync=false
[2026-07-30 13:15:30.827] [info] [krnl] [t3716795] [AC6 PAC] NtReadFile result caller=821F4EB4 path=DATA00.PAC status=0x103 bytes_read=0x40000 iosb_status=0x0 iosb_info=0x40000
[2026-07-30 13:15:30.827] [debug] [sys] [t3716795] Removed handle:F8000140 for N3rex6system6XEventE
[2026-07-30 13:15:30.827] [debug] [sys] [t3716795] Added handle:F8000140 for N3rex6system7XObjectE
[2026-07-30 13:15:30.827] [info] [krnl] [t3716795] [AC6 PAC] NtReadFile request caller=821F4EB4 thid=5 path=DATA00.PAC handle=0xf80000dc len=0x40000 offset=2055307264 sync=false
[2026-07-30 13:15:30.828] [info] [krnl] [t3716795] [AC6 PAC] NtReadFile result caller=821F4EB4 path=DATA00.PAC status=0x103 bytes_read=0x40000 iosb_status=0x0 iosb_info=0x40000
[2026-07-30 13:15:30.828] [debug] [sys] [t3716795] Removed handle:F8000140 for N3rex6system6XEventE
[2026-07-30 13:15:30.828] [debug] [sys] [t3716795] Added handle:F8000140 for N3rex6system7XObjectE
[2026-07-30 13:15:30.828] [info] [krnl] [t3716795] [AC6 PAC] NtReadFile request caller=821F4EB4 thid=5 path=DATA00.PAC handle=0xf80000dc len=0x34800 offset=2055569408 sync=false
[2026-07-30 13:15:30.828] [info] [krnl] [t3716795] [AC6 PAC] NtReadFile result caller=821F4EB4 path=DATA00.PAC status=0x103 bytes_read=0x34800 iosb_status=0x0 iosb_info=0x34800
[2026-07-30 13:15:30.828] [debug] [sys] [t3716795] Removed handle:F8000140 for N3rex6system6XEventE
[2026-07-30 13:15:30.834] [debug] [krnl] [t3716986] XNotifyGetNext(F800012C, 00000000) -> id=0x13, param=0
[2026-07-30 13:15:30.844] [debug] [krnl] [t3716986] XNotifyGetNext(F800012C, 00000000) -> id=0x13, param=0
[2026-07-30 13:15:31.251] [debug] [sys] [t3716795] Added handle:F8000140 for N3rex6system7XObjectE
[2026-07-30 13:15:31.251] [debug] [sys] [t3716795] Added handle:F8000144 for N3rex6system7XObjectE
[2026-07-30 13:15:31.252] [debug] [sys] [t3716795] XThreadF8000144 (1C) Stack: 70860000-708A0000
[2026-07-30 13:15:31.252] [debug] [sys] [t3717219] Execute thid 28 (handle=F8000144, 'XThreadFEFFE6C0 (F8000144)', native=FEFFE6C0)
[2026-07-30 13:15:31.252] [debug] [sys] [t3717219] XThread::Execute - Calling function at 821F7FC8
[2026-07-30 13:15:31.252] [debug] [sys] [t3716795] Added handle:F8000148 for N3rex6system7XObjectE
[2026-07-30 13:15:31.252] [debug] [krnl] [t3716795] XamNotifyCreateListener(mask=0x000000000000006f, is_system=0, max_version=2) -> handle=F8000148
[2026-07-30 13:15:31.281] [debug] [gpu] [t3716764] XELOG_GPU PRESENT: swap_texture_view=0x75abfd808840 packet_size=1280x720 src_size=1280x720 src_unscaled=1280x720 guest_output_size=1280x720 format=6
[2026-07-30 13:15:31.281] [debug] [sys] [t3716795] Added handle:F800014C for N3rex6system7XObjectE
[2026-07-30 13:15:31.282] [info] [krnl] [t3716795] [AC6 PAC] NtReadFile request caller=821F4EB4 thid=5 path=DATA00.PAC handle=0xf80000dc len=0x40000 offset=0 sync=false
[2026-07-30 13:15:31.282] [debug] [gpu] [t3716764] Created a 80x8192 1xMSAA color render target with guest format 14 at EDRAM base 0
[2026-07-30 13:15:31.282] [info] [krnl] [t3716795] [AC6 PAC] NtReadFile result caller=821F4EB4 path=DATA00.PAC status=0x103 bytes_read=0x40000 iosb_status=0x0 iosb_info=0x40000
[2026-07-30 13:15:31.282] [debug] [sys] [t3716795] Removed handle:F800014C for N3rex6system6XEventE
[2026-07-30 13:15:31.282] [debug] [sys] [t3716795] Added handle:F800014C for N3rex6system7XObjectE
[2026-07-30 13:15:31.282] [info] [krnl] [t3716795] [AC6 PAC] NtReadFile request caller=821F4EB4 thid=5 path=DATA00.PAC handle=0xf80000dc len=0x40000 offset=262144 sync=false
[2026-07-30 13:15:31.282] [info] [krnl] [t3716795] [AC6 PAC] NtReadFile result caller=821F4EB4 path=DATA00.PAC status=0x103 bytes_read=0x40000 iosb_status=0x0 iosb_info=0x40000
[2026-07-30 13:15:31.282] [debug] [sys] [t3716795] Removed handle:F800014C for N3rex6system6XEventE
[2026-07-30 13:15:31.282] [debug] [sys] [t3716795] Added handle:F800014C for N3rex6system7XObjectE
[2026-07-30 13:15:31.282] [info] [krnl] [t3716795] [AC6 PAC] NtReadFile request caller=821F4EB4 thid=5 path=DATA00.PAC handle=0xf80000dc len=0x40000 offset=524288 sync=false
[2026-07-30 13:15:31.282] [info] [krnl] [t3716795] [AC6 PAC] NtReadFile result caller=821F4EB4 path=DATA00.PAC status=0x103 bytes_read=0x40000 iosb_status=0x0 iosb_info=0x40000
[2026-07-30 13:15:31.282] [debug] [sys] [t3716795] Removed handle:F800014C for N3rex6system6XEventE
[2026-07-30 13:15:31.282] [debug] [sys] [t3716795] Added handle:F800014C for N3rex6system7XObjectE
[2026-07-30 13:15:31.282] [info] [krnl] [t3716795] [AC6 PAC] NtReadFile request caller=821F4EB4 thid=5 path=DATA00.PAC handle=0xf80000dc len=0x40000 offset=786432 sync=false
[2026-07-30 13:15:31.283] [info] [krnl] [t3716795] [AC6 PAC] NtReadFile result caller=821F4EB4 path=DATA00.PAC status=0x103 bytes_read=0x40000 iosb_status=0x0 iosb_info=0x40000
[2026-07-30 13:15:31.283] [debug] [sys] [t3716795] Removed handle:F800014C for N3rex6system6XEventE
[2026-07-30 13:15:31.283] [debug] [sys] [t3716795] Added handle:F800014C for N3rex6system7XObjectE
[2026-07-30 13:15:31.283] [info] [krnl] [t3716795] [AC6 PAC] NtReadFile request caller=821F4EB4 thid=5 path=DATA00.PAC handle=0xf80000dc len=0x40000 offset=1048576 sync=false
[2026-07-30 13:15:31.283] [info] [krnl] [t3716795] [AC6 PAC] NtReadFile result caller=821F4EB4 path=DATA00.PAC status=0x103 bytes_read=0x40000 iosb_status=0x0 iosb_info=0x40000
[2026-07-30 13:15:31.283] [debug] [sys] [t3716795] Removed handle:F800014C for N3rex6system6XEventE
[2026-07-30 13:15:31.283] [debug] [sys] [t3716795] Added handle:F800014C for N3rex6system7XObjectE
[2026-07-30 13:15:31.283] [info] [krnl] [t3716795] [AC6 PAC] NtReadFile request caller=821F4EB4 thid=5 path=DATA00.PAC handle=0xf80000dc len=0x40000 offset=1310720 sync=false
[2026-07-30 13:15:31.283] [info] [krnl] [t3716795] [AC6 PAC] NtReadFile result caller=821F4EB4 path=DATA00.PAC status=0x103 bytes_read=0x40000 iosb_status=0x0 iosb_info=0x40000
[2026-07-30 13:15:31.283] [debug] [sys] [t3716795] Removed handle:F800014C for N3rex6system6XEventE
[2026-07-30 13:15:31.283] [debug] [sys] [t3716795] Added handle:F800014C for N3rex6system7XObjectE
[2026-07-30 13:15:31.283] [info] [krnl] [t3716795] [AC6 PAC] NtReadFile request caller=821F4EB4 thid=5 path=DATA00.PAC handle=0xf80000dc len=0x40000 offset=1572864 sync=false
[2026-07-30 13:15:31.283] [info] [krnl] [t3716795] [AC6 PAC] NtReadFile result caller=821F4EB4 path=DATA00.PAC status=0x103 bytes_read=0x40000 iosb_status=0x0 iosb_info=0x40000
[2026-07-30 13:15:31.283] [debug] [sys] [t3716795] Removed handle:F800014C for N3rex6system6XEventE
[2026-07-30 13:15:31.283] [debug] [sys] [t3716795] Added handle:F800014C for N3rex6system7XObjectE
[2026-07-30 13:15:31.283] [info] [krnl] [t3716795] [AC6 PAC] NtReadFile request caller=821F4EB4 thid=5 path=DATA00.PAC handle=0xf80000dc len=0x40000 offset=1835008 sync=false
[2026-07-30 13:15:31.284] [info] [krnl] [t3716795] [AC6 PAC] NtReadFile result caller=821F4EB4 path=DATA00.PAC status=0x103 bytes_read=0x40000 iosb_status=0x0 iosb_info=0x40000
[2026-07-30 13:15:31.284] [debug] [sys] [t3716795] Removed handle:F800014C for N3rex6system6XEventE
[2026-07-30 13:15:31.284] [debug] [sys] [t3716795] Added handle:F800014C for N3rex6system7XObjectE
[2026-07-30 13:15:31.284] [info] [krnl] [t3716795] [AC6 PAC] NtReadFile request caller=821F4EB4 thid=5 path=DATA00.PAC handle=0xf80000dc len=0x40000 offset=2097152 sync=false
[2026-07-30 13:15:31.284] [info] [krnl] [t3716795] [AC6 PAC] NtReadFile result caller=821F4EB4 path=DATA00.PAC status=0x103 bytes_read=0x40000 iosb_status=0x0 iosb_info=0x40000
[2026-07-30 13:15:31.284] [debug] [sys] [t3716795] Removed handle:F800014C for N3rex6system6XEventE
[2026-07-30 13:15:31.284] [debug] [sys] [t3716795] Added handle:F800014C for N3rex6system7XObjectE
[2026-07-30 13:15:31.284] [info] [krnl] [t3716795] [AC6 PAC] NtReadFile request caller=821F4EB4 thid=5 path=DATA00.PAC handle=0xf80000dc len=0x40000 offset=2359296 sync=false
[2026-07-30 13:15:31.284] [info] [krnl] [t3716795] [AC6 PAC] NtReadFile result caller=821F4EB4 path=DATA00.PAC status=0x103 bytes_read=0x40000 iosb_status=0x0 iosb_info=0x40000
[2026-07-30 13:15:31.284] [debug] [sys] [t3716795] Removed handle:F800014C for N3rex6system6XEventE
[2026-07-30 13:15:31.284] [debug] [sys] [t3716795] Added handle:F800014C for N3rex6system7XObjectE
[2026-07-30 13:15:31.284] [info] [krnl] [t3716795] [AC6 PAC] NtReadFile request caller=821F4EB4 thid=5 path=DATA00.PAC handle=0xf80000dc len=0x40000 offset=2621440 sync=false
[2026-07-30 13:15:31.284] [info] [krnl] [t3716795] [AC6 PAC] NtReadFile result caller=821F4EB4 path=DATA00.PAC status=0x103 bytes_read=0x40000 iosb_status=0x0 iosb_info=0x40000
[2026-07-30 13:15:31.284] [debug] [sys] [t3716795] Removed handle:F800014C for N3rex6system6XEventE
[2026-07-30 13:15:31.284] [debug] [sys] [t3716795] Added handle:F800014C for N3rex6system7XObjectE
[2026-07-30 13:15:31.284] [info] [krnl] [t3716795] [AC6 PAC] NtReadFile request caller=821F4EB4 thid=5 path=DATA00.PAC handle=0xf80000dc len=0x40000 offset=2883584 sync=false
[2026-07-30 13:15:31.284] [info] [krnl] [t3716795] [AC6 PAC] NtReadFile result caller=821F4EB4 path=DATA00.PAC status=0x103 bytes_read=0x40000 iosb_status=0x0 iosb_info=0x40000
[2026-07-30 13:15:31.284] [debug] [sys] [t3716795] Removed handle:F800014C for N3rex6system6XEventE
[2026-07-30 13:15:31.284] [debug] [sys] [t3716795] Added handle:F800014C for N3rex6system7XObjectE
[2026-07-30 13:15:31.285] [info] [krnl] [t3716795] [AC6 PAC] NtReadFile request caller=821F4EB4 thid=5 path=DATA00.PAC handle=0xf80000dc len=0x3c000 offset=3145728 sync=false
[2026-07-30 13:15:31.285] [info] [krnl] [t3716795] [AC6 PAC] NtReadFile result caller=821F4EB4 path=DATA00.PAC status=0x103 bytes_read=0x3c000 iosb_status=0x0 iosb_info=0x3c000
[2026-07-30 13:15:31.285] [debug] [sys] [t3716795] Removed handle:F800014C for N3rex6system6XEventE
[2026-07-30 13:15:31.285] [info] [gpu] [t3716764] Creating graphics pipeline state with VS 0A6D1DD7767FDF27
[2026-07-30 13:15:31.286] [info] [gpu] [t3716767] Creating graphics pipeline state with VS 0A6D1DD7767FDF27, PS 2E372EA28CC404B7
[2026-07-30 13:15:31.296] [warning] [gpu] [t3716764] Skipping Vulkan frame presentation due to async placeholder draw usage in this frame
[2026-07-30 13:15:31.446] [debug] [gpu] [t3716764] XELOG_GPU PRESENT: swap_texture_view=0x75abfd808840 packet_size=1280x720 src_size=1280x720 src_unscaled=1280x720 guest_output_size=1280x720 format=6
[2026-07-30 13:15:31.512] [debug] [sys] [t3716803] Added handle:F800014C for N3rex6system7XObjectE
[2026-07-30 13:15:31.512] [info] [krnl] [t3716803] [AC6 PAC] NtReadFile request caller=821F4EB4 thid=11 path=DATA00.PAC handle=0xf80000dc len=0x40000 offset=2069266432 sync=false
[2026-07-30 13:15:31.512] [info] [krnl] [t3716803] [AC6 PAC] NtReadFile result caller=821F4EB4 path=DATA00.PAC status=0x103 bytes_read=0x40000 iosb_status=0x0 iosb_info=0x40000
[2026-07-30 13:15:31.512] [debug] [sys] [t3716803] Removed handle:F800014C for N3rex6system6XEventE
[2026-07-30 13:15:31.512] [debug] [sys] [t3716803] Added handle:F800014C for N3rex6system7XObjectE
[2026-07-30 13:15:31.512] [info] [krnl] [t3716803] [AC6 PAC] NtReadFile request caller=821F4EB4 thid=11 path=DATA00.PAC handle=0xf80000dc len=0x40000 offset=2069528576 sync=false
[2026-07-30 13:15:31.513] [info] [krnl] [t3716803] [AC6 PAC] NtReadFile result caller=821F4EB4 path=DATA00.PAC status=0x103 bytes_read=0x40000 iosb_status=0x0 iosb_info=0x40000
[2026-07-30 13:15:31.513] [debug] [sys] [t3716803] Removed handle:F800014C for N3rex6system6XEventE
[2026-07-30 13:15:31.513] [debug] [sys] [t3716803] Added handle:F800014C for N3rex6system7XObjectE
[2026-07-30 13:15:31.513] [info] [krnl] [t3716803] [AC6 PAC] NtReadFile request caller=821F4EB4 thid=11 path=DATA00.PAC handle=0xf80000dc len=0x40000 offset=2069790720 sync=false
[2026-07-30 13:15:31.513] [info] [krnl] [t3716803] [AC6 PAC] NtReadFile result caller=821F4EB4 path=DATA00.PAC status=0x103 bytes_read=0x40000 iosb_status=0x0 iosb_info=0x40000
[2026-07-30 13:15:31.513] [debug] [sys] [t3716803] Removed handle:F800014C for N3rex6system6XEventE
[2026-07-30 13:15:31.513] [debug] [sys] [t3716803] Added handle:F800014C for N3rex6system7XObjectE
[2026-07-30 13:15:31.513] [info] [krnl] [t3716803] [AC6 PAC] NtReadFile request caller=821F4EB4 thid=11 path=DATA00.PAC handle=0xf80000dc len=0x9800 offset=2070052864 sync=false
[2026-07-30 13:15:31.513] [info] [krnl] [t3716803] [AC6 PAC] NtReadFile result caller=821F4EB4 path=DATA00.PAC status=0x103 bytes_read=0x9800 iosb_status=0x0 iosb_info=0x9800
[2026-07-30 13:15:31.513] [debug] [sys] [t3716803] Removed handle:F800014C for N3rex6system6XEventE
[2026-07-30 13:15:32.209] [debug] [apu] [t3716758] AudioRuntime periodic: client=0 queued=3 target=3 low_water=2 submitted=218 consumed=288 queued_played=215 underruns=0 callbacks=218 tic=73728 synthetic_tic=55808 submitted_tic=55808 startup_cap_tic=768 startup_inflight=3 callback_throttles=4 callback_empty=0 last_callback_frames=1 last_callback_us=1212 peak=3 drift_ms=-21.3
[2026-07-30 13:15:34.769] [debug] [apu] [t3716758] AudioRuntime periodic: client=0 queued=3 target=3 low_water=2 submitted=578 consumed=768 queued_played=575 underruns=0 callbacks=578 tic=196608 synthetic_tic=147968 submitted_tic=147968 startup_cap_tic=768 startup_inflight=3 callback_throttles=4 callback_empty=0 last_callback_frames=1 last_callback_us=1226 peak=3 drift_ms=-21.3
[2026-07-30 13:15:35.046] [info] [gpu] [t3716765] [frame-loop] vblank=300 eop=12 other_source=0 no_handler=19 guest_swap_requests=4 host_swap_presents=3 pacing_notifications=0
[2026-07-30 13:15:37.334] [debug] [apu] [t3716758] AudioRuntime periodic: client=0 queued=3 target=3 low_water=2 submitted=938 consumed=1248 queued_played=935 underruns=0 callbacks=938 tic=319488 synthetic_tic=240128 submitted_tic=240128 startup_cap_tic=768 startup_inflight=3 callback_throttles=4 callback_empty=0 last_callback_frames=1 last_callback_us=1231 peak=3 drift_ms=-21.3
[2026-07-30 13:15:39.894] [debug] [apu] [t3716758] AudioRuntime periodic: client=0 queued=3 target=3 low_water=2 submitted=1298 consumed=1728 queued_played=1295 underruns=0 callbacks=1298 tic=442368 synthetic_tic=332288 submitted_tic=332288 startup_cap_tic=768 startup_inflight=3 callback_throttles=4 callback_empty=0 last_callback_frames=1 last_callback_us=1211 peak=3 drift_ms=-21.3
[2026-07-30 13:15:40.046] [info] [gpu] [t3716765] [frame-loop] vblank=600 eop=12 other_source=0 no_handler=19 guest_swap_requests=4 host_swap_presents=3 pacing_notifications=0
[2026-07-30 13:15:42.513] [debug] [apu] [t3716758] AudioRuntime periodic: client=0 queued=3 target=3 low_water=2 submitted=1667 consumed=2220 queued_played=1664 underruns=0 callbacks=1667 tic=568320 synthetic_tic=426752 submitted_tic=426752 startup_cap_tic=768 startup_inflight=3 callback_throttles=4 callback_empty=0 last_callback_frames=1 last_callback_us=1258 peak=3 drift_ms=-21.3
[2026-07-30 13:15:45.047] [info] [gpu] [t3716765] [frame-loop] vblank=900 eop=12 other_source=0 no_handler=19 guest_swap_requests=4 host_swap_presents=3 pacing_notifications=0
[2026-07-30 13:15:45.159] [debug] [apu] [t3716758] AudioRuntime periodic: client=0 queued=3 target=3 low_water=2 submitted=2039 consumed=2716 queued_played=2036 underruns=0 callbacks=2039 tic=695296 synthetic_tic=521984 submitted_tic=521984 startup_cap_tic=768 startup_inflight=3 callback_throttles=4 callback_empty=0 last_callback_frames=1 last_callback_us=1260 peak=3 drift_ms=-21.3
[2026-07-30 13:15:47.730] [debug] [apu] [t3716758] AudioRuntime periodic: client=0 queued=3 target=3 low_water=2 submitted=2402 consumed=3200 queued_played=2399 underruns=0 callbacks=2402 tic=819200 synthetic_tic=614912 submitted_tic=614912 startup_cap_tic=768 startup_inflight=3 callback_throttles=4 callback_empty=0 last_callback_frames=1 last_callback_us=1288 peak=3 drift_ms=-21.3
[2026-07-30 13:15:50.047] [info] [gpu] [t3716765] [frame-loop] vblank=1200 eop=12 other_source=0 no_handler=19 guest_swap_requests=4 host_swap_presents=3 pacing_notifications=0
[2026-07-30 13:15:50.290] [debug] [apu] [t3716758] AudioRuntime periodic: client=0 queued=3 target=3 low_water=2 submitted=2762 consumed=3680 queued_played=2759 underruns=0 callbacks=2762 tic=942080 synthetic_tic=707072 submitted_tic=707072 startup_cap_tic=768 startup_inflight=3 callback_throttles=4 callback_empty=0 last_callback_frames=1 last_callback_us=1217 peak=3 drift_ms=-21.4
[2026-07-30 13:15:52.855] [debug] [apu] [t3716758] AudioRuntime periodic: client=0 queued=3 target=3 low_water=2 submitted=3122 consumed=4160 queued_played=3119 underruns=0 callbacks=3122 tic=1064960 synthetic_tic=799232 submitted_tic=799232 startup_cap_tic=768 startup_inflight=3 callback_throttles=4 callback_empty=0 last_callback_frames=1 last_callback_us=1344 peak=3 drift_ms=-21.3
[2026-07-30 13:15:55.047] [info] [gpu] [t3716765] [frame-loop] vblank=1500 eop=12 other_source=0 no_handler=19 guest_swap_requests=4 host_swap_presents=3 pacing_notifications=0
[2026-07-30 13:15:55.420] [debug] [apu] [t3716758] AudioRuntime periodic: client=0 queued=3 target=3 low_water=2 submitted=3482 consumed=4640 queued_played=3479 underruns=0 callbacks=3482 tic=1187840 synthetic_tic=891392 submitted_tic=891392 startup_cap_tic=768 startup_inflight=3 callback_throttles=4 callback_empty=0 last_callback_frames=1 last_callback_us=1215 peak=3 drift_ms=-21.4
[2026-07-30 13:15:57.980] [debug] [apu] [t3716758] AudioRuntime periodic: client=0 queued=3 target=3 low_water=2 submitted=3842 consumed=5120 queued_played=3839 underruns=0 callbacks=3842 tic=1310720 synthetic_tic=983552 submitted_tic=983552 startup_cap_tic=768 startup_inflight=3 callback_throttles=4 callback_empty=0 last_callback_frames=1 last_callback_us=1280 peak=3 drift_ms=-21.3
[2026-07-30 13:16:00.048] [info] [gpu] [t3716765] [frame-loop] vblank=1800 eop=12 other_source=0 no_handler=19 guest_swap_requests=4 host_swap_presents=3 pacing_notifications=0
[2026-07-30 13:16:00.578] [debug] [apu] [t3716758] AudioRuntime periodic: client=0 queued=3 target=3 low_water=2 submitted=4208 consumed=5608 queued_played=4205 underruns=0 callbacks=4208 tic=1435648 synthetic_tic=1077248 submitted_tic=1077248 startup_cap_tic=768 startup_inflight=3 callback_throttles=4 callback_empty=0 last_callback_frames=1 last_callback_us=1240 peak=3 drift_ms=-21.3
[2026-07-30 13:16:03.176] [debug] [apu] [t3716758] AudioRuntime periodic: client=0 queued=3 target=3 low_water=2 submitted=4574 consumed=6096 queued_played=4571 underruns=0 callbacks=4574 tic=1560576 synthetic_tic=1170944 submitted_tic=1170944 startup_cap_tic=768 startup_inflight=3 callback_throttles=4 callback_empty=0 last_callback_frames=1 last_callback_us=1221 peak=3 drift_ms=-21.3
[2026-07-30 13:16:05.047] [info] [gpu] [t3716765] [frame-loop] vblank=2100 eop=12 other_source=0 no_handler=19 guest_swap_requests=4 host_swap_presents=3 pacing_notifications=0
[2026-07-30 13:16:05.735] [debug] [apu] [t3716758] AudioRuntime periodic: client=0 queued=3 target=3 low_water=2 submitted=4934 consumed=6576 queued_played=4931 underruns=0 callbacks=4934 tic=1683456 synthetic_tic=1263104 submitted_tic=1263104 startup_cap_tic=768 startup_inflight=3 callback_throttles=4 callback_empty=0 last_callback_frames=1 last_callback_us=1236 peak=3 drift_ms=-21.3
[2026-07-30 13:16:08.296] [debug] [apu] [t3716758] AudioRuntime periodic: client=0 queued=3 target=3 low_water=2 submitted=5294 consumed=7056 queued_played=5291 underruns=0 callbacks=5294 tic=1806336 synthetic_tic=1355264 submitted_tic=1355264 startup_cap_tic=768 startup_inflight=3 callback_throttles=4 callback_empty=0 last_callback_frames=1 last_callback_us=1417 peak=3 drift_ms=-21.3
[2026-07-30 13:16:10.047] [info] [gpu] [t3716765] [frame-loop] vblank=2400 eop=12 other_source=0 no_handler=19 guest_swap_requests=4 host_swap_presents=3 pacing_notifications=0
[2026-07-30 13:16:10.855] [debug] [apu] [t3716758] AudioRuntime periodic: client=0 queued=3 target=3 low_water=2 submitted=5654 consumed=7536 queued_played=5651 underruns=0 callbacks=5654 tic=1929216 synthetic_tic=1447424 submitted_tic=1447424 startup_cap_tic=768 startup_inflight=3 callback_throttles=4 callback_empty=0 last_callback_frames=1 last_callback_us=1378 peak=3 drift_ms=-21.3
[2026-07-30 13:16:13.415] [debug] [apu] [t3716758] AudioRuntime periodic: client=0 queued=3 target=3 low_water=2 submitted=6014 consumed=8016 queued_played=6011 underruns=0 callbacks=6014 tic=2052096 synthetic_tic=1539584 submitted_tic=1539584 startup_cap_tic=768 startup_inflight=3 callback_throttles=4 callback_empty=0 last_callback_frames=1 last_callback_us=1224 peak=3 drift_ms=-21.3
[2026-07-30 13:16:15.048] [info] [gpu] [t3716765] [frame-loop] vblank=2700 eop=12 other_source=0 no_handler=19 guest_swap_requests=4 host_swap_presents=3 pacing_notifications=0
[2026-07-30 13:16:15.980] [debug] [apu] [t3716758] AudioRuntime periodic: client=0 queued=3 target=3 low_water=2 submitted=6374 consumed=8496 queued_played=6371 underruns=0 callbacks=6374 tic=2174976 synthetic_tic=1631744 submitted_tic=1631744 startup_cap_tic=768 startup_inflight=3 callback_throttles=4 callback_empty=0 last_callback_frames=1 last_callback_us=1262 peak=3 drift_ms=-21.3
[2026-07-30 13:16:18.615] [debug] [apu] [t3716758] AudioRuntime periodic: client=0 queued=3 target=3 low_water=2 submitted=6743 consumed=8988 queued_played=6740 underruns=0 callbacks=6743 tic=2300928 synthetic_tic=1726208 submitted_tic=1726208 startup_cap_tic=768 startup_inflight=3 callback_throttles=4 callback_empty=0 last_callback_frames=1 last_callback_us=1479 peak=3 drift_ms=-21.3
[2026-07-30 13:16:20.049] [info] [gpu] [t3716765] [frame-loop] vblank=3000 eop=12 other_source=0 no_handler=19 guest_swap_requests=4 host_swap_presents=3 pacing_notifications=0
[2026-07-30 13:16:21.175] [debug] [apu] [t3716758] AudioRuntime periodic: client=0 queued=3 target=3 low_water=2 submitted=7103 consumed=9468 queued_played=7100 underruns=0 callbacks=7103 tic=2423808 synthetic_tic=1818368 submitted_tic=1818368 startup_cap_tic=768 startup_inflight=3 callback_throttles=4 callback_empty=0 last_callback_frames=1 last_callback_us=1242 peak=3 drift_ms=-21.3
[2026-07-30 13:16:23.735] [debug] [apu] [t3716758] AudioRuntime periodic: client=0 queued=3 target=3 low_water=2 submitted=7463 consumed=9948 queued_played=7460 underruns=0 callbacks=7463 tic=2546688 synthetic_tic=1910528 submitted_tic=1910528 startup_cap_tic=768 startup_inflight=3 callback_throttles=4 callback_empty=0 last_callback_frames=1 last_callback_us=1277 peak=3 drift_ms=-21.3
[2026-07-30 13:16:25.048] [info] [gpu] [t3716765] [frame-loop] vblank=3300 eop=12 other_source=0 no_handler=19 guest_swap_requests=4 host_swap_presents=3 pacing_notifications=0
[2026-07-30 13:16:26.295] [debug] [apu] [t3716758] AudioRuntime periodic: client=0 queued=3 target=3 low_water=2 submitted=7823 consumed=10428 queued_played=7820 underruns=0 callbacks=7823 tic=2669568 synthetic_tic=2002688 submitted_tic=2002688 startup_cap_tic=768 startup_inflight=3 callback_throttles=4 callback_empty=0 last_callback_frames=1 last_callback_us=1216 peak=3 drift_ms=-21.3
[2026-07-30 13:16:28.855] [debug] [apu] [t3716758] AudioRuntime periodic: client=0 queued=3 target=3 low_water=2 submitted=8183 consumed=10908 queued_played=8180 underruns=0 callbacks=8183 tic=2792448 synthetic_tic=2094848 submitted_tic=2094848 startup_cap_tic=768 startup_inflight=3 callback_throttles=4 callback_empty=0 last_callback_frames=1 last_callback_us=1298 peak=3 drift_ms=-21.3
[2026-07-30 13:16:30.049] [info] [gpu] [t3716765] [frame-loop] vblank=3600 eop=12 other_source=0 no_handler=19 guest_swap_requests=4 host_swap_presents=3 pacing_notifications=0
[2026-07-30 13:16:31.414] [debug] [apu] [t3716758] AudioRuntime periodic: client=0 queued=3 target=3 low_water=2 submitted=8543 consumed=11388 queued_played=8540 underruns=0 callbacks=8543 tic=2915328 synthetic_tic=2187008 submitted_tic=2187008 startup_cap_tic=768 startup_inflight=3 callback_throttles=4 callback_empty=0 last_callback_frames=1 last_callback_us=1335 peak=3 drift_ms=-21.3
[2026-07-30 13:16:33.981] [debug] [apu] [t3716758] AudioRuntime periodic: client=0 queued=3 target=3 low_water=2 submitted=8906 consumed=11872 queued_played=8903 underruns=0 callbacks=8906 tic=3039232 synthetic_tic=2279936 submitted_tic=2279936 startup_cap_tic=768 startup_inflight=3 callback_throttles=4 callback_empty=0 last_callback_frames=1 last_callback_us=1210 peak=3 drift_ms=-21.3
[2026-07-30 13:16:35.049] [info] [gpu] [t3716765] [frame-loop] vblank=3900 eop=12 other_source=0 no_handler=19 guest_swap_requests=4 host_swap_presents=3 pacing_notifications=0
[2026-07-30 13:16:36.605] [debug] [apu] [t3716758] AudioRuntime periodic: client=0 queued=3 target=3 low_water=2 submitted=9275 consumed=12364 queued_played=9272 underruns=0 callbacks=9275 tic=3165184 synthetic_tic=2374400 submitted_tic=2374400 startup_cap_tic=768 startup_inflight=3 callback_throttles=4 callback_empty=0 last_callback_frames=1 last_callback_us=1303 peak=3 drift_ms=-21.3
[2026-07-30 13:16:39.222] [debug] [apu] [t3716758] AudioRuntime periodic: client=0 queued=3 target=3 low_water=2 submitted=9641 consumed=12852 queued_played=9638 underruns=0 callbacks=9641 tic=3290112 synthetic_tic=2468096 submitted_tic=2468096 startup_cap_tic=768 startup_inflight=3 callback_throttles=4 callback_empty=0 last_callback_frames=1 last_callback_us=1263 peak=3 drift_ms=-21.3
[2026-07-30 13:16:40.050] [info] [gpu] [t3716765] [frame-loop] vblank=4200 eop=12 other_source=0 no_handler=19 guest_swap_requests=4 host_swap_presents=3 pacing_notifications=0
[2026-07-30 13:16:41.799] [debug] [apu] [t3716758] AudioRuntime periodic: client=0 queued=3 target=3 low_water=2 submitted=10004 consumed=13336 queued_played=10001 underruns=0 callbacks=10004 tic=3414016 synthetic_tic=2561024 submitted_tic=2561024 startup_cap_tic=768 startup_inflight=3 callback_throttles=4 callback_empty=0 last_callback_frames=1 last_callback_us=1299 peak=3 drift_ms=-21.3
[2026-07-30 13:16:44.359] [debug] [apu] [t3716758] AudioRuntime periodic: client=0 queued=3 target=3 low_water=2 submitted=10364 consumed=13816 queued_played=10361 underruns=0 callbacks=10364 tic=3536896 synthetic_tic=2653184 submitted_tic=2653184 startup_cap_tic=768 startup_inflight=3 callback_throttles=4 callback_empty=0 last_callback_frames=1 last_callback_us=1260 peak=3 drift_ms=-21.3
[2026-07-30 13:16:45.050] [info] [gpu] [t3716765] [frame-loop] vblank=4500 eop=12 other_source=0 no_handler=19 guest_swap_requests=4 host_swap_presents=3 pacing_notifications=0
[2026-07-30 13:16:46.919] [debug] [apu] [t3716758] AudioRuntime periodic: client=0 queued=3 target=3 low_water=2 submitted=10724 consumed=14296 queued_played=10721 underruns=0 callbacks=10724 tic=3659776 synthetic_tic=2745344 submitted_tic=2745344 startup_cap_tic=768 startup_inflight=3 callback_throttles=4 callback_empty=0 last_callback_frames=1 last_callback_us=1251 peak=3 drift_ms=-21.3
[2026-07-30 13:16:49.479] [debug] [apu] [t3716758] AudioRuntime periodic: client=0 queued=3 target=3 low_water=2 submitted=11084 consumed=14776 queued_played=11081 underruns=0 callbacks=11084 tic=3782656 synthetic_tic=2837504 submitted_tic=2837504 startup_cap_tic=768 startup_inflight=3 callback_throttles=4 callback_empty=0 last_callback_frames=1 last_callback_us=1252 peak=3 drift_ms=-21.3
[2026-07-30 13:16:50.050] [info] [gpu] [t3716765] [frame-loop] vblank=4800 eop=12 other_source=0 no_handler=19 guest_swap_requests=4 host_swap_presents=3 pacing_notifications=0
[2026-07-30 13:16:52.052] [debug] [apu] [t3716758] AudioRuntime periodic: client=0 queued=3 target=3 low_water=2 submitted=11447 consumed=15260 queued_played=11444 underruns=0 callbacks=11447 tic=3906560 synthetic_tic=2930432 submitted_tic=2930432 startup_cap_tic=768 startup_inflight=3 callback_throttles=4 callback_empty=0 last_callback_frames=1 last_callback_us=1306 peak=3 drift_ms=-20.5
[2026-07-30 13:16:54.642] [debug] [apu] [t3716758] AudioRuntime periodic: client=0 queued=3 target=3 low_water=2 submitted=11810 consumed=15744 queued_played=11807 underruns=0 callbacks=11810 tic=4030464 synthetic_tic=3023360 submitted_tic=3023360 startup_cap_tic=768 startup_inflight=3 callback_throttles=4 callback_empty=0 last_callback_frames=1 last_callback_us=1374 peak=3 drift_ms=-21.3
[2026-07-30 13:16:55.050] [info] [gpu] [t3716765] [frame-loop] vblank=5100 eop=12 other_source=0 no_handler=19 guest_swap_requests=4 host_swap_presents=3 pacing_notifications=0
[2026-07-30 13:16:57.213] [debug] [apu] [t3716758] AudioRuntime periodic: client=0 queued=3 target=3 low_water=2 submitted=12173 consumed=16228 queued_played=12170 underruns=0 callbacks=12173 tic=4154368 synthetic_tic=3116288 submitted_tic=3116288 startup_cap_tic=768 startup_inflight=3 callback_throttles=4 callback_empty=0 last_callback_frames=1 last_callback_us=1231 peak=3 drift_ms=-21.3
[2026-07-30 13:16:59.773] [debug] [apu] [t3716758] AudioRuntime periodic: client=0 queued=3 target=3 low_water=2 submitted=12533 consumed=16708 queued_played=12530 underruns=0 callbacks=12533 tic=4277248 synthetic_tic=3208448 submitted_tic=3208448 startup_cap_tic=768 startup_inflight=3 callback_throttles=4 callback_empty=0 last_callback_frames=1 last_callback_us=1235 peak=3 drift_ms=-21.3
[2026-07-30 13:17:00.051] [info] [gpu] [t3716765] [frame-loop] vblank=5400 eop=12 other_source=0 no_handler=19 guest_swap_requests=4 host_swap_presents=3 pacing_notifications=0
