schema=ac6-ghidra-import-journal/v1
timestamp=2026-08-14T15:00:47+02:00
target_id=ac6-pal-default-xex
project_path=ghidra-projects/ace-combat-6
program=default.xex
xex_sha256=acc302c1599c7a2fd38bd5a7de395b418a157d7001b6f986ab7113f45711bcde
data_tbl_sha256=82700410d305dc2d24e24d378ce5b9b63f240ac208842d7620b608fac15d50f5
ghidra_version=12.1.2
java_version=21.0.11
loader=XEX Loader by Warranty Voider
language=PowerPC:BE:64:Xenon
compiler_spec=default
image_base=0x82000000
entry_point=0x821F5E90
text_range=0x82090000..0x823D772B
pdata_range=0x82079E00..0x82089FAF
loader_pdata_functions=8246
canonical_function_count=10708
canonical_boundary_sha256=fa3cf70e8acf811b2d273544f954078dcbf9577cf65f223af53ec1b29e59c40f
previous_a2alt_function_count=10645
previous_a2alt_boundary_sha256=5e7119fa582656e17432d84bb202e03f54c15052cde2920b93115a173f6284f1
verification=read-only analyzeHeadless -process default.xex -noanalysis plus ExportOracleFunctionBoundaries.java
result=canonical project now Xenon; A2ALT-32addr moved to historical-a2alt-20260814; no corpus merge
nonfatal_loader_warnings=Invalid PNG data at 0x8201FDCC,0x8203D4B0
bridge_export_status=not-qualified; export all interrupted after repeated pcode warning at 0x82073E3C; ignored exports are not evidence
